=== Continuous Aggregator Node ===
Initializing for continuous operation...
Target smart meters: 10
Aggregation interval: 15 minutes
SEAL context initialized
Loaded certificate: aggregator-001
Requesting public keys from KDC...
[2025-11-24 09:11:59] NETWORK ERROR: Failed to connect to 127.0.0.1:8444: Connection refused
Error: Failed to connect to KDC at 127.0.0.1:8444
Error: Failed to send key request to KDC
Failed to obtain keys from KDC, falling back to file keys
Loaded keys from fallback files
✓ Continuous aggregator ready
Starting continuous aggregator operation...
Press Ctrl+C to stop gracefully
Aggregation thread started
Analytics thread started

=== Aggregator Status ===
Current time: 2025-11-24 09:12:29
Connected meters: 10
Next aggregation in: 15 minutes
Data points collected: 0 hours
=========================

=== Aggregator Status ===
Current time: 2025-11-24 09:12:59
Connected meters: 10
Next aggregation in: 14 minutes
Data points collected: 0 hours
=========================

=== Aggregator Status ===
Current time: 2025-11-24 09:13:29
Connected meters: 10
Next aggregation in: 14 minutes
Data points collected: 0 hours
=========================

=== Aggregator Status ===
Current time: 2025-11-24 09:13:59
Connected meters: 10
Next aggregation in: 13 minutes
Data points collected: 0 hours
=========================

=== Aggregator Status ===
Current time: 2025-11-24 09:14:29
Connected meters: 10
Next aggregation in: 13 minutes
Data points collected: 0 hours
=========================

=== Aggregator Status ===
Current time: 2025-11-24 09:14:59
Connected meters: 10
Next aggregation in: 12 minutes
Data points collected: 0 hours
=========================

=== Aggregator Status ===
Current time: 2025-11-24 09:15:29
Connected meters: 10
Next aggregation in: 12 minutes
Data points collected: 0 hours
=========================

=== Aggregator Status ===
Current time: 2025-11-24 09:15:59
Connected meters: 10
Next aggregation in: 11 minutes
Data points collected: 0 hours
=========================

=== Aggregator Status ===
Current time: 2025-11-24 09:16:29
Connected meters: 10
Next aggregation in: 11 minutes
Data points collected: 0 hours
=========================

=== Aggregator Status ===
Current time: 2025-11-24 09:16:59
Connected meters: 10
Next aggregation in: 10 minutes
Data points collected: 0 hours
=========================

=== Aggregator Status ===
Current time: 2025-11-24 09:17:29
Connected meters: 10
Next aggregation in: 10 minutes
Data points collected: 0 hours
=========================

=== Aggregator Status ===
Current time: 2025-11-24 09:17:59
Connected meters: 10
Next aggregation in: 9 minutes
Data points collected: 0 hours
=========================

=== Aggregator Status ===
Current time: 2025-11-24 09:18:29
Connected meters: 10
Next aggregation in: 9 minutes
Data points collected: 0 hours
=========================

=== Aggregator Status ===
Current time: 2025-11-24 09:18:59
Connected meters: 10
Next aggregation in: 8 minutes
Data points collected: 0 hours
=========================

=== Aggregator Status ===
Current time: 2025-11-24 09:19:29
Connected meters: 10
Next aggregation in: 8 minutes
Data points collected: 0 hours
=========================

=== Aggregator Status ===
Current time: 2025-11-24 09:19:59
Connected meters: 10
Next aggregation in: 7 minutes
Data points collected: 0 hours
=========================

=== Aggregator Status ===
Current time: 2025-11-24 09:20:29
Connected meters: 10
Next aggregation in: 7 minutes
Data points collected: 0 hours
=========================

=== Aggregator Status ===
Current time: 2025-11-24 09:20:59
Connected meters: 10
Next aggregation in: 6 minutes
Data points collected: 0 hours
=========================

=== Aggregator Status ===
Current time: 2025-11-24 09:21:29
Connected meters: 10
Next aggregation in: 6 minutes
Data points collected: 0 hours
=========================

=== Aggregator Status ===
Current time: 2025-11-24 09:21:59
Connected meters: 10
Next aggregation in: 5 minutes
Data points collected: 0 hours
=========================

=== Aggregator Status ===
Current time: 2025-11-24 09:22:29
Connected meters: 10
Next aggregation in: 5 minutes
Data points collected: 0 hours
=========================

=== Aggregator Status ===
Current time: 2025-11-24 09:22:59
Connected meters: 10
Next aggregation in: 4 minutes
Data points collected: 0 hours
=========================

=== Aggregator Status ===
Current time: 2025-11-24 09:23:29
Connected meters: 10
Next aggregation in: 4 minutes
Data points collected: 0 hours
=========================

=== Aggregator Status ===
Current time: 2025-11-24 09:23:59
Connected meters: 10
Next aggregation in: 3 minutes
Data points collected: 0 hours
=========================

=== Aggregator Status ===
Current time: 2025-11-24 09:24:29
Connected meters: 10
Next aggregation in: 3 minutes
Data points collected: 0 hours
=========================

=== Aggregator Status ===
Current time: 2025-11-24 09:24:59
Connected meters: 10
Next aggregation in: 2 minutes
Data points collected: 0 hours
=========================

=== Aggregator Status ===
Current time: 2025-11-24 09:25:29
Connected meters: 10
Next aggregation in: 2 minutes
Data points collected: 0 hours
=========================

=== Aggregator Status ===
Current time: 2025-11-24 09:25:59
Connected meters: 10
Next aggregation in: 1 minutes
Data points collected: 0 hours
=========================

=== Aggregator Status ===
Current time: 2025-11-24 09:26:29
Connected meters: 10
Next aggregation in: 1 minutes
Data points collected: 0 hours
=========================

========================================
Starting aggregation cycle at 2025-11-24 09:26:59
========================================
[2025-11-24 09:26:59] NETWORK INFO: Connected to server 127.0.0.1:9001
[2025-11-24 09:26:59] NETWORK INFO: Connected to server 127.0.0.1:9006
[2025-11-24 09:26:59] NETWORK INFO: Connected to server 127.0.0.1:9003
[2025-11-24 09:26:59] NETWORK INFO: Connected to server 127.0.0.1:9004
[2025-11-24 09:26:59] NETWORK INFO: Connected to server 127.0.0.1:9009
[2025-11-24 09:26:59] NETWORK INFO: Connected to server 127.0.0.1:9005
[2025-11-24 09:26:59] NETWORK INFO: Connected to server 127.0.0.1:9008
[2025-11-24 09:26:59] NETWORK INFO: Connected to server 127.0.0.1:9010
[2025-11-24 09:26:59] NETWORK INFO: Connected to server 127.0.0.1:9002
[2025-11-24 09:26:59] NETWORK INFO: Connected to server 127.0.0.1:9007

=== Aggregator Status ===
Current time: 2025-11-24 09:26:59
Connected meters: 10
Next aggregation in: 0 minutes
Data points collected: 0 hours
=========================
[2025-11-24 09:26:59] NETWORK INFO: Client authentication successful
[2025-11-24 09:26:59] NETWORK INFO: Client authentication successful
[2025-11-24 09:26:59] NETWORK INFO: Client authentication successful
[2025-11-24 09:26:59] NETWORK INFO: Client authentication successful
✓ Collected 334321 bytes from Smart Meter 3
✓ Collected 334471 bytes from Smart Meter 9
✓ Collected 334293 bytes from Smart Meter 4
[2025-11-24 09:26:59] NETWORK INFO: Client authentication successful
[2025-11-24 09:26:59] NETWORK INFO: Client authentication successful
[2025-11-24 09:26:59] NETWORK INFO: Client authentication successful
✓ Collected 334409 bytes from Smart Meter 1
✓ Collected 334419 bytes from Smart Meter 7
[2025-11-24 09:26:59] NETWORK INFO: Client authentication successful
✓ Collected 334070 bytes from Smart Meter 5
✓ Collected 334441 bytes from Smart Meter 6
[2025-11-24 09:26:59] NETWORK INFO: Client authentication successful
✓ Collected 334356 bytes from Smart Meter 2
[2025-11-24 09:26:59] NETWORK INFO: Client authentication successful
✓ Collected 334413 bytes from Smart Meter 8
✓ Collected 334254 bytes from Smart Meter 10
Data collection complete: 10/10 meters
Performing homomorphic aggregation on 10 ciphertexts...
✓ Homomorphic aggregation complete
[2025-11-24 09:26:59] NETWORK INFO: Connected to server 127.0.0.1:8443
[2025-11-24 09:26:59] NETWORK INFO: Client authentication successful
✓ Sent aggregated data to control center
Aggregation cycle completed in 0 seconds
Next cycle in 15 minutes

=== Aggregator Status ===
Current time: 2025-11-24 09:27:29
Connected meters: 10
Next aggregation in: 15 minutes
Data points collected: 1 hours
=========================

=== Aggregator Status ===
Current time: 2025-11-24 09:27:59
Connected meters: 10
Next aggregation in: 14 minutes
Data points collected: 1 hours
=========================

=== Aggregator Status ===
Current time: 2025-11-24 09:28:29
Connected meters: 10
Next aggregation in: 14 minutes
Data points collected: 1 hours
=========================

=== Aggregator Status ===
Current time: 2025-11-24 09:28:59
Connected meters: 10
Next aggregation in: 13 minutes
Data points collected: 1 hours
=========================
