=== Continuous Smart Meter Server 443 ===
Initializing for continuous operation...
SEAL context initialized
Loaded certificate: smart-meter-443
Requesting public keys from KDC...
[2025-12-10 08:04:13] NETWORK ERROR: Failed to connect to 127.0.0.1:8444: Connection refused
Error: Failed to connect to KDC at 127.0.0.1:8444
Error: Failed to send key request to KDC
Failed to obtain keys from KDC, falling back to file keys
Loaded keys from fallback files
Cryptographic components initialized
[2025-12-10 08:04:13] NETWORK INFO: Server socket created and listening on port 9443
✓ Smart meter server ready on port 9443
Data transmission interval: 20 seconds (15x accelerated - simulates 5min)
✓ Performance metrics CSV files initialized in performance_data/
Starting continuous smart meter operation...
Press Ctrl+C to stop gracefully
Data generation thread started
Network server thread started on port 9443
[2025-12-10 08:04:33] Meter 443: Generated 3.870 kWh (encrypted: 334086 bytes, 7.767 ms)
[2025-12-10 08:04:39] NETWORK INFO: Server authentication successful for node: aggregator-001
✓ Aggregator connected: aggregator-001 from 127.0.0.1
✓ Sent 334086 bytes to aggregator-001 (2.66ms)
Session completed with aggregator-001
[2025-12-10 08:04:53] Meter 443: Generated 1.283 kWh (encrypted: 334103 bytes, 5.921 ms)
[2025-12-10 08:05:13] Meter 443: Generated 6.333 kWh (encrypted: 333876 bytes, 5.676 ms)
[2025-12-10 08:05:33] Meter 443: Generated 5.720 kWh (encrypted: 334312 bytes, 4.931 ms)
[2025-12-10 08:05:44] NETWORK INFO: Server authentication successful for node: aggregator-001
✓ Aggregator connected: aggregator-001 from 127.0.0.1
✓ Sent 334312 bytes to aggregator-001 (0.38ms)
Session completed with aggregator-001
[2025-12-10 08:05:53] Meter 443: Generated 6.222 kWh (encrypted: 334404 bytes, 7.120 ms)
[2025-12-10 08:06:13] Meter 443: Generated 4.625 kWh (encrypted: 334387 bytes, 4.882 ms)
[2025-12-10 08:06:33] Meter 443: Generated 1.424 kWh (encrypted: 334294 bytes, 5.346 ms)
[2025-12-10 08:06:50] NETWORK INFO: Server authentication successful for node: aggregator-001
✓ Aggregator connected: aggregator-001 from 127.0.0.1
✓ Sent 334294 bytes to aggregator-001 (2.05ms)
Session completed with aggregator-001
[2025-12-10 08:06:53] Meter 443: Generated 5.481 kWh (encrypted: 334441 bytes, 5.107 ms)
[2025-12-10 08:07:13] Meter 443: Generated 3.938 kWh (encrypted: 334501 bytes, 4.969 ms)
[2025-12-10 08:07:33] Meter 443: Generated 0.798 kWh (encrypted: 334093 bytes, 5.156 ms)
[2025-12-10 08:07:53] Meter 443: Generated 3.579 kWh (encrypted: 334391 bytes, 5.041 ms)
[2025-12-10 08:07:56] NETWORK INFO: Server authentication successful for node: aggregator-001
✓ Aggregator connected: aggregator-001 from 127.0.0.1
✓ Sent 334391 bytes to aggregator-001 (1.40ms)
Session completed with aggregator-001
[2025-12-10 08:08:13] Meter 443: Generated 3.905 kWh (encrypted: 334144 bytes, 5.234 ms)
[2025-12-10 08:08:33] Meter 443: Generated 6.826 kWh (encrypted: 334381 bytes, 14.401 ms)
[2025-12-10 08:08:53] Meter 443: Generated 5.384 kWh (encrypted: 334516 bytes, 6.992 ms)
[2025-12-10 08:09:01] NETWORK INFO: Server authentication successful for node: aggregator-001
✓ Aggregator connected: aggregator-001 from 127.0.0.1
✓ Sent 334516 bytes to aggregator-001 (0.34ms)
Session completed with aggregator-001
[2025-12-10 08:09:13] Meter 443: Generated 6.455 kWh (encrypted: 334491 bytes, 6.476 ms)
[2025-12-10 08:09:33] Meter 443: Generated 6.577 kWh (encrypted: 334149 bytes, 6.823 ms)
[2025-12-10 08:09:53] Meter 443: Generated 6.322 kWh (encrypted: 334395 bytes, 5.056 ms)
[2025-12-10 08:10:06] NETWORK INFO: Server authentication successful for node: aggregator-001
✓ Aggregator connected: aggregator-001 from 127.0.0.1
✓ Sent 334395 bytes to aggregator-001 (5.88ms)
Session completed with aggregator-001
[2025-12-10 08:10:13] Meter 443: Generated 4.974 kWh (encrypted: 334352 bytes, 5.644 ms)
[2025-12-10 08:10:33] Meter 443: Generated 3.654 kWh (encrypted: 334326 bytes, 11.641 ms)
[2025-12-10 08:10:53] Meter 443: Generated 7.407 kWh (encrypted: 334149 bytes, 6.859 ms)
[2025-12-10 08:11:12] NETWORK INFO: Server authentication successful for node: aggregator-001
✓ Aggregator connected: aggregator-001 from 127.0.0.1
✓ Sent 334149 bytes to aggregator-001 (0.38ms)
Session completed with aggregator-001
[2025-12-10 08:11:13] Meter 443: Generated 3.663 kWh (encrypted: 334117 bytes, 6.621 ms)
[2025-12-10 08:11:33] Meter 443: Generated 4.742 kWh (encrypted: 334178 bytes, 5.255 ms)
[2025-12-10 08:11:53] Meter 443: Generated 6.192 kWh (encrypted: 333312 bytes, 6.350 ms)
[2025-12-10 08:12:13] Meter 443: Generated 5.711 kWh (encrypted: 334154 bytes, 6.549 ms)
[2025-12-10 08:12:17] NETWORK INFO: Server authentication successful for node: aggregator-001
✓ Aggregator connected: aggregator-001 from 127.0.0.1
✓ Sent 334154 bytes to aggregator-001 (0.36ms)
Session completed with aggregator-001
[2025-12-10 08:12:33] Meter 443: Generated 0.855 kWh (encrypted: 334173 bytes, 7.526 ms)

Received shutdown signal. Gracefully shutting down smart meter...
Network server thread stopped
Data generation thread stopped
Smart meter 443 shutdown complete
