=== Continuous Smart Meter Server 396 ===
Initializing for continuous operation...
SEAL context initialized
Loaded certificate: smart-meter-396
Requesting public keys from KDC...
[2025-12-10 08:03:14] NETWORK ERROR: Failed to connect to 127.0.0.1:8444: Connection refused
Error: Failed to connect to KDC at 127.0.0.1:8444
Error: Failed to send key request to KDC
Failed to obtain keys from KDC, falling back to file keys
Loaded keys from fallback files
Cryptographic components initialized
[2025-12-10 08:03:14] NETWORK INFO: Server socket created and listening on port 9396
✓ Smart meter server ready on port 9396
Data transmission interval: 20 seconds (15x accelerated - simulates 5min)
✓ Performance metrics CSV files initialized in performance_data/
Starting continuous smart meter operation...
Press Ctrl+C to stop gracefully
Data generation thread started
Network server thread started on port 9396
[2025-12-10 08:03:34] Meter 396: Generated 2.159 kWh (encrypted: 334436 bytes, 4.989 ms)
[2025-12-10 08:03:36] NETWORK INFO: Server authentication successful for node: aggregator-001
✓ Aggregator connected: aggregator-001 from 127.0.0.1
✓ Sent 334436 bytes to aggregator-001 (0.71ms)
Session completed with aggregator-001
[2025-12-10 08:03:54] Meter 396: Generated 2.240 kWh (encrypted: 334302 bytes, 4.715 ms)
[2025-12-10 08:04:14] Meter 396: Generated 2.676 kWh (encrypted: 334101 bytes, 4.578 ms)
[2025-12-10 08:04:34] Meter 396: Generated 1.632 kWh (encrypted: 334484 bytes, 4.371 ms)
[2025-12-10 08:04:39] NETWORK INFO: Server authentication successful for node: aggregator-001
✓ Aggregator connected: aggregator-001 from 127.0.0.1
✓ Sent 334484 bytes to aggregator-001 (0.39ms)
Session completed with aggregator-001
[2025-12-10 08:04:54] Meter 396: Generated 6.614 kWh (encrypted: 334358 bytes, 4.328 ms)
[2025-12-10 08:05:14] Meter 396: Generated 2.249 kWh (encrypted: 333274 bytes, 4.275 ms)
[2025-12-10 08:05:34] Meter 396: Generated 3.620 kWh (encrypted: 334435 bytes, 4.669 ms)
[2025-12-10 08:05:44] NETWORK INFO: Server authentication successful for node: aggregator-001
✓ Aggregator connected: aggregator-001 from 127.0.0.1
✓ Sent 334435 bytes to aggregator-001 (0.35ms)
Session completed with aggregator-001
[2025-12-10 08:05:54] Meter 396: Generated 6.691 kWh (encrypted: 334320 bytes, 4.408 ms)
[2025-12-10 08:06:14] Meter 396: Generated 1.709 kWh (encrypted: 334446 bytes, 4.374 ms)
[2025-12-10 08:06:34] Meter 396: Generated 7.302 kWh (encrypted: 334160 bytes, 4.419 ms)
[2025-12-10 08:06:50] NETWORK INFO: Server authentication successful for node: aggregator-001
✓ Aggregator connected: aggregator-001 from 127.0.0.1
✓ Sent 334160 bytes to aggregator-001 (0.40ms)
Session completed with aggregator-001
[2025-12-10 08:06:54] Meter 396: Generated 0.998 kWh (encrypted: 334529 bytes, 5.113 ms)
[2025-12-10 08:07:14] Meter 396: Generated 2.419 kWh (encrypted: 334307 bytes, 7.306 ms)
[2025-12-10 08:07:34] Meter 396: Generated 7.282 kWh (encrypted: 334208 bytes, 4.393 ms)
[2025-12-10 08:07:54] Meter 396: Generated 1.235 kWh (encrypted: 334111 bytes, 4.400 ms)
[2025-12-10 08:07:56] NETWORK INFO: Server authentication successful for node: aggregator-001
✓ Aggregator connected: aggregator-001 from 127.0.0.1
✓ Sent 334111 bytes to aggregator-001 (0.37ms)
Session completed with aggregator-001
[2025-12-10 08:08:14] Meter 396: Generated 2.314 kWh (encrypted: 334364 bytes, 6.432 ms)
[2025-12-10 08:08:34] Meter 396: Generated 6.601 kWh (encrypted: 334391 bytes, 6.654 ms)
[2025-12-10 08:08:54] Meter 396: Generated 3.385 kWh (encrypted: 334342 bytes, 4.268 ms)
[2025-12-10 08:09:01] NETWORK INFO: Server authentication successful for node: aggregator-001
✓ Aggregator connected: aggregator-001 from 127.0.0.1
✓ Sent 334342 bytes to aggregator-001 (6.66ms)
Session completed with aggregator-001
[2025-12-10 08:09:14] Meter 396: Generated 4.292 kWh (encrypted: 334190 bytes, 5.230 ms)
[2025-12-10 08:09:34] Meter 396: Generated 5.960 kWh (encrypted: 334175 bytes, 7.334 ms)
[2025-12-10 08:09:54] Meter 396: Generated 6.807 kWh (encrypted: 334565 bytes, 6.332 ms)
[2025-12-10 08:10:06] NETWORK INFO: Server authentication successful for node: aggregator-001
✓ Aggregator connected: aggregator-001 from 127.0.0.1
✓ Sent 334565 bytes to aggregator-001 (4.27ms)
Session completed with aggregator-001
[2025-12-10 08:10:14] Meter 396: Generated 4.038 kWh (encrypted: 334243 bytes, 6.758 ms)
[2025-12-10 08:10:34] Meter 396: Generated 2.746 kWh (encrypted: 334344 bytes, 6.733 ms)
[2025-12-10 08:10:54] Meter 396: Generated 5.162 kWh (encrypted: 334183 bytes, 7.919 ms)
[2025-12-10 08:11:12] NETWORK INFO: Server authentication successful for node: aggregator-001
✓ Aggregator connected: aggregator-001 from 127.0.0.1
✓ Sent 334183 bytes to aggregator-001 (16.95ms)
Session completed with aggregator-001
[2025-12-10 08:11:14] Meter 396: Generated 1.592 kWh (encrypted: 334197 bytes, 6.958 ms)
[2025-12-10 08:11:34] Meter 396: Generated 4.931 kWh (encrypted: 334136 bytes, 4.506 ms)
[2025-12-10 08:11:54] Meter 396: Generated 4.562 kWh (encrypted: 334110 bytes, 6.699 ms)
[2025-12-10 08:12:14] Meter 396: Generated 0.955 kWh (encrypted: 334080 bytes, 6.455 ms)
[2025-12-10 08:12:17] NETWORK INFO: Server authentication successful for node: aggregator-001
✓ Aggregator connected: aggregator-001 from 127.0.0.1
✓ Sent 334080 bytes to aggregator-001 (0.39ms)
Session completed with aggregator-001
[2025-12-10 08:12:34] Meter 396: Generated 6.878 kWh (encrypted: 334405 bytes, 5.522 ms)

Received shutdown signal. Gracefully shutting down smart meter...
Network server thread stopped
Data generation thread stopped
Smart meter 396 shutdown complete
