=== Continuous Smart Meter Server 169 ===
Initializing for continuous operation...
SEAL context initialized
Loaded certificate: smart-meter-169
Requesting public keys from KDC...
[2025-12-10 07:58:32] NETWORK ERROR: Failed to connect to 127.0.0.1:8444: Connection refused
Error: Failed to connect to KDC at 127.0.0.1:8444
Error: Failed to send key request to KDC
Failed to obtain keys from KDC, falling back to file keys
Loaded keys from fallback files
Cryptographic components initialized
[2025-12-10 07:58:32] NETWORK INFO: Server socket created and listening on port 9169
✓ Smart meter server ready on port 9169
Data transmission interval: 20 seconds (15x accelerated - simulates 5min)
✓ Performance metrics CSV files initialized in performance_data/
Starting continuous smart meter operation...
Press Ctrl+C to stop gracefully
Data generation thread started
Network server thread started on port 9169
[2025-12-10 07:58:52] Meter 169: Generated 7.093 kWh (encrypted: 334414 bytes, 5.024 ms)
[2025-12-10 07:59:12] Meter 169: Generated 1.586 kWh (encrypted: 334302 bytes, 4.588 ms)
[2025-12-10 07:59:26] NETWORK INFO: Server authentication successful for node: aggregator-001
✓ Aggregator connected: aggregator-001 from 127.0.0.1
✓ Sent 334302 bytes to aggregator-001 (20.92ms)
Session completed with aggregator-001
[2025-12-10 07:59:32] Meter 169: Generated 2.251 kWh (encrypted: 334322 bytes, 5.068 ms)
[2025-12-10 07:59:52] Meter 169: Generated 6.953 kWh (encrypted: 334359 bytes, 5.058 ms)
[2025-12-10 08:00:12] Meter 169: Generated 1.322 kWh (encrypted: 334286 bytes, 5.502 ms)
[2025-12-10 08:00:28] NETWORK INFO: Server authentication successful for node: aggregator-001
✓ Aggregator connected: aggregator-001 from 127.0.0.1
✓ Sent 334286 bytes to aggregator-001 (0.34ms)
Session completed with aggregator-001
[2025-12-10 08:00:32] Meter 169: Generated 6.267 kWh (encrypted: 334327 bytes, 4.813 ms)
[2025-12-10 08:00:52] Meter 169: Generated 7.126 kWh (encrypted: 334434 bytes, 4.664 ms)
[2025-12-10 08:01:12] Meter 169: Generated 3.032 kWh (encrypted: 334134 bytes, 4.524 ms)
[2025-12-10 08:01:31] NETWORK INFO: Server authentication successful for node: aggregator-001
✓ Aggregator connected: aggregator-001 from 127.0.0.1
✓ Sent 334134 bytes to aggregator-001 (0.35ms)
Session completed with aggregator-001
[2025-12-10 08:01:32] Meter 169: Generated 6.831 kWh (encrypted: 334109 bytes, 4.592 ms)
[2025-12-10 08:01:52] Meter 169: Generated 2.612 kWh (encrypted: 334128 bytes, 4.684 ms)
[2025-12-10 08:02:12] Meter 169: Generated 1.158 kWh (encrypted: 334355 bytes, 4.683 ms)
[2025-12-10 08:02:32] Meter 169: Generated 6.060 kWh (encrypted: 334349 bytes, 4.554 ms)
[2025-12-10 08:02:33] NETWORK INFO: Server authentication successful for node: aggregator-001
✓ Aggregator connected: aggregator-001 from 127.0.0.1
✓ Sent 334349 bytes to aggregator-001 (0.35ms)
Session completed with aggregator-001
[2025-12-10 08:02:52] Meter 169: Generated 0.812 kWh (encrypted: 334158 bytes, 4.514 ms)
[2025-12-10 08:03:12] Meter 169: Generated 3.432 kWh (encrypted: 334394 bytes, 4.861 ms)
[2025-12-10 08:03:32] Meter 169: Generated 6.843 kWh (encrypted: 333975 bytes, 4.908 ms)
[2025-12-10 08:03:36] NETWORK INFO: Server authentication successful for node: aggregator-001
✓ Aggregator connected: aggregator-001 from 127.0.0.1
✓ Sent 333975 bytes to aggregator-001 (0.38ms)
Session completed with aggregator-001
[2025-12-10 08:03:52] Meter 169: Generated 4.511 kWh (encrypted: 334297 bytes, 5.598 ms)
[2025-12-10 08:04:12] Meter 169: Generated 6.894 kWh (encrypted: 334308 bytes, 5.025 ms)
[2025-12-10 08:04:32] Meter 169: Generated 2.228 kWh (encrypted: 334065 bytes, 4.581 ms)
[2025-12-10 08:04:39] NETWORK INFO: Server authentication successful for node: aggregator-001
✓ Aggregator connected: aggregator-001 from 127.0.0.1
✓ Sent 334065 bytes to aggregator-001 (39.52ms)
Session completed with aggregator-001
[2025-12-10 08:04:52] Meter 169: Generated 5.875 kWh (encrypted: 334287 bytes, 5.452 ms)
[2025-12-10 08:05:12] Meter 169: Generated 1.731 kWh (encrypted: 334462 bytes, 4.473 ms)
[2025-12-10 08:05:32] Meter 169: Generated 1.476 kWh (encrypted: 334304 bytes, 6.711 ms)
[2025-12-10 08:05:44] NETWORK INFO: Server authentication successful for node: aggregator-001
✓ Aggregator connected: aggregator-001 from 127.0.0.1
✓ Sent 334304 bytes to aggregator-001 (13.56ms)
Session completed with aggregator-001
[2025-12-10 08:05:52] Meter 169: Generated 0.871 kWh (encrypted: 334363 bytes, 4.643 ms)
[2025-12-10 08:06:12] Meter 169: Generated 5.401 kWh (encrypted: 334411 bytes, 13.122 ms)
[2025-12-10 08:06:32] Meter 169: Generated 7.428 kWh (encrypted: 334233 bytes, 4.886 ms)
[2025-12-10 08:06:50] NETWORK INFO: Server authentication successful for node: aggregator-001
✓ Aggregator connected: aggregator-001 from 127.0.0.1
✓ Sent 334233 bytes to aggregator-001 (23.11ms)
Session completed with aggregator-001
[2025-12-10 08:06:52] Meter 169: Generated 5.911 kWh (encrypted: 334443 bytes, 4.664 ms)
[2025-12-10 08:07:12] Meter 169: Generated 7.603 kWh (encrypted: 334194 bytes, 5.226 ms)
[2025-12-10 08:07:32] Meter 169: Generated 2.392 kWh (encrypted: 334409 bytes, 5.100 ms)
[2025-12-10 08:07:52] Meter 169: Generated 3.523 kWh (encrypted: 334336 bytes, 5.146 ms)
[2025-12-10 08:07:56] NETWORK INFO: Server authentication successful for node: aggregator-001
✓ Aggregator connected: aggregator-001 from 127.0.0.1
✓ Sent 334336 bytes to aggregator-001 (0.42ms)
Session completed with aggregator-001
[2025-12-10 08:08:12] Meter 169: Generated 6.355 kWh (encrypted: 334105 bytes, 5.267 ms)
[2025-12-10 08:08:32] Meter 169: Generated 4.910 kWh (encrypted: 334458 bytes, 5.993 ms)
[2025-12-10 08:08:52] Meter 169: Generated 3.645 kWh (encrypted: 334035 bytes, 5.490 ms)
[2025-12-10 08:09:01] NETWORK INFO: Server authentication successful for node: aggregator-001
✓ Aggregator connected: aggregator-001 from 127.0.0.1
✓ Sent 334035 bytes to aggregator-001 (0.64ms)
Session completed with aggregator-001
[2025-12-10 08:09:12] Meter 169: Generated 3.890 kWh (encrypted: 334224 bytes, 4.369 ms)
[2025-12-10 08:09:32] Meter 169: Generated 5.142 kWh (encrypted: 334264 bytes, 5.119 ms)
[2025-12-10 08:09:52] Meter 169: Generated 7.132 kWh (encrypted: 333291 bytes, 5.913 ms)
[2025-12-10 08:10:06] NETWORK INFO: Server authentication successful for node: aggregator-001
✓ Aggregator connected: aggregator-001 from 127.0.0.1
✓ Sent 333291 bytes to aggregator-001 (0.39ms)
Session completed with aggregator-001
[2025-12-10 08:10:12] Meter 169: Generated 4.675 kWh (encrypted: 334333 bytes, 9.795 ms)
[2025-12-10 08:10:32] Meter 169: Generated 6.592 kWh (encrypted: 334393 bytes, 4.614 ms)
[2025-12-10 08:10:52] Meter 169: Generated 4.253 kWh (encrypted: 334051 bytes, 5.080 ms)
[2025-12-10 08:11:12] NETWORK INFO: Server authentication successful for node: aggregator-001
✓ Aggregator connected: aggregator-001 from 127.0.0.1
✓ Sent 334051 bytes to aggregator-001 (13.22ms)
Session completed with aggregator-001
[2025-12-10 08:11:12] Meter 169: Generated 5.602 kWh (encrypted: 334164 bytes, 4.640 ms)
[2025-12-10 08:11:32] Meter 169: Generated 3.679 kWh (encrypted: 334324 bytes, 6.011 ms)
[2025-12-10 08:11:52] Meter 169: Generated 4.872 kWh (encrypted: 334226 bytes, 4.435 ms)
[2025-12-10 08:12:12] Meter 169: Generated 2.832 kWh (encrypted: 334094 bytes, 4.542 ms)
[2025-12-10 08:12:17] NETWORK INFO: Server authentication successful for node: aggregator-001
✓ Aggregator connected: aggregator-001 from 127.0.0.1
✓ Sent 334094 bytes to aggregator-001 (0.36ms)
Session completed with aggregator-001
[2025-12-10 08:12:32] Meter 169: Generated 5.114 kWh (encrypted: 334318 bytes, 4.550 ms)

Received shutdown signal. Gracefully shutting down smart meter...
Network server thread stopped
Data generation thread stopped
Smart meter 169 shutdown complete
