=== Continuous Smart Meter Server 198 ===
Initializing for continuous operation...
SEAL context initialized
Loaded certificate: smart-meter-198
Requesting public keys from KDC...
[2025-12-10 07:59:08] NETWORK ERROR: Failed to connect to 127.0.0.1:8444: Connection refused
Error: Failed to connect to KDC at 127.0.0.1:8444
Error: Failed to send key request to KDC
Failed to obtain keys from KDC, falling back to file keys
Loaded keys from fallback files
Cryptographic components initialized
[2025-12-10 07:59:08] NETWORK INFO: Server socket created and listening on port 9198
✓ Smart meter server ready on port 9198
Data transmission interval: 20 seconds (15x accelerated - simulates 5min)
✓ Performance metrics CSV files initialized in performance_data/
Starting continuous smart meter operation...
Press Ctrl+C to stop gracefully
Data generation thread started
Network server thread started on port 9198
[2025-12-10 07:59:26] NETWORK INFO: Server authentication successful for node: aggregator-001
✓ Aggregator connected: aggregator-001 from 127.0.0.1
[2025-12-10 07:59:28] Meter 198: Generated 3.957 kWh (encrypted: 334531 bytes, 6.558 ms)
✓ Sent 334531 bytes to aggregator-001 (1.01ms)
Session completed with aggregator-001
[2025-12-10 07:59:48] Meter 198: Generated 4.212 kWh (encrypted: 334450 bytes, 4.546 ms)
[2025-12-10 08:00:08] Meter 198: Generated 2.553 kWh (encrypted: 334368 bytes, 4.945 ms)
[2025-12-10 08:00:28] Meter 198: Generated 5.342 kWh (encrypted: 334408 bytes, 6.522 ms)
[2025-12-10 08:00:28] NETWORK INFO: Server authentication successful for node: aggregator-001
✓ Aggregator connected: aggregator-001 from 127.0.0.1
✓ Sent 334408 bytes to aggregator-001 (0.36ms)
Session completed with aggregator-001
[2025-12-10 08:00:48] Meter 198: Generated 3.569 kWh (encrypted: 334160 bytes, 6.950 ms)
[2025-12-10 08:01:08] Meter 198: Generated 6.132 kWh (encrypted: 334431 bytes, 6.775 ms)
[2025-12-10 08:01:28] Meter 198: Generated 5.314 kWh (encrypted: 334383 bytes, 4.659 ms)
[2025-12-10 08:01:31] NETWORK INFO: Server authentication successful for node: aggregator-001
✓ Aggregator connected: aggregator-001 from 127.0.0.1
✓ Sent 334383 bytes to aggregator-001 (0.38ms)
Session completed with aggregator-001
[2025-12-10 08:01:48] Meter 198: Generated 5.401 kWh (encrypted: 334515 bytes, 4.861 ms)
[2025-12-10 08:02:08] Meter 198: Generated 1.503 kWh (encrypted: 334466 bytes, 4.498 ms)
[2025-12-10 08:02:28] Meter 198: Generated 5.323 kWh (encrypted: 334374 bytes, 6.370 ms)
[2025-12-10 08:02:33] NETWORK INFO: Server authentication successful for node: aggregator-001
✓ Aggregator connected: aggregator-001 from 127.0.0.1
✓ Sent 334374 bytes to aggregator-001 (0.38ms)
Session completed with aggregator-001
[2025-12-10 08:02:48] Meter 198: Generated 1.529 kWh (encrypted: 334111 bytes, 5.681 ms)
[2025-12-10 08:03:08] Meter 198: Generated 3.526 kWh (encrypted: 333978 bytes, 4.984 ms)
[2025-12-10 08:03:28] Meter 198: Generated 2.316 kWh (encrypted: 334349 bytes, 6.692 ms)
[2025-12-10 08:03:36] NETWORK INFO: Server authentication successful for node: aggregator-001
✓ Aggregator connected: aggregator-001 from 127.0.0.1
✓ Sent 334349 bytes to aggregator-001 (8.72ms)
Session completed with aggregator-001
[2025-12-10 08:03:48] Meter 198: Generated 3.380 kWh (encrypted: 334448 bytes, 4.982 ms)
[2025-12-10 08:04:08] Meter 198: Generated 3.489 kWh (encrypted: 334418 bytes, 5.761 ms)
[2025-12-10 08:04:28] Meter 198: Generated 6.253 kWh (encrypted: 334291 bytes, 4.855 ms)
[2025-12-10 08:04:39] NETWORK INFO: Server authentication successful for node: aggregator-001
✓ Aggregator connected: aggregator-001 from 127.0.0.1
✓ Sent 334291 bytes to aggregator-001 (29.05ms)
Session completed with aggregator-001
[2025-12-10 08:04:48] Meter 198: Generated 4.781 kWh (encrypted: 334405 bytes, 4.584 ms)
[2025-12-10 08:05:08] Meter 198: Generated 2.934 kWh (encrypted: 334439 bytes, 5.103 ms)
[2025-12-10 08:05:28] Meter 198: Generated 2.254 kWh (encrypted: 334352 bytes, 6.541 ms)
[2025-12-10 08:05:44] NETWORK INFO: Server authentication successful for node: aggregator-001
✓ Aggregator connected: aggregator-001 from 127.0.0.1
✓ Sent 334352 bytes to aggregator-001 (0.36ms)
Session completed with aggregator-001
[2025-12-10 08:05:48] Meter 198: Generated 6.756 kWh (encrypted: 334363 bytes, 4.474 ms)
[2025-12-10 08:06:08] Meter 198: Generated 6.778 kWh (encrypted: 334527 bytes, 4.605 ms)
[2025-12-10 08:06:28] Meter 198: Generated 7.407 kWh (encrypted: 334043 bytes, 6.562 ms)
[2025-12-10 08:06:48] Meter 198: Generated 5.468 kWh (encrypted: 334407 bytes, 4.544 ms)
[2025-12-10 08:06:50] NETWORK INFO: Server authentication successful for node: aggregator-001
✓ Aggregator connected: aggregator-001 from 127.0.0.1
✓ Sent 334407 bytes to aggregator-001 (2.58ms)
Session completed with aggregator-001
[2025-12-10 08:07:08] Meter 198: Generated 6.812 kWh (encrypted: 334368 bytes, 6.416 ms)
[2025-12-10 08:07:28] Meter 198: Generated 5.703 kWh (encrypted: 334223 bytes, 6.593 ms)
[2025-12-10 08:07:48] Meter 198: Generated 3.879 kWh (encrypted: 334063 bytes, 4.532 ms)
[2025-12-10 08:07:56] NETWORK INFO: Server authentication successful for node: aggregator-001
✓ Aggregator connected: aggregator-001 from 127.0.0.1
✓ Sent 334063 bytes to aggregator-001 (0.34ms)
Session completed with aggregator-001
[2025-12-10 08:08:08] Meter 198: Generated 2.573 kWh (encrypted: 334271 bytes, 4.569 ms)
[2025-12-10 08:08:28] Meter 198: Generated 4.865 kWh (encrypted: 333340 bytes, 4.547 ms)
[2025-12-10 08:08:48] Meter 198: Generated 6.575 kWh (encrypted: 334293 bytes, 4.711 ms)
[2025-12-10 08:09:01] NETWORK INFO: Server authentication successful for node: aggregator-001
✓ Aggregator connected: aggregator-001 from 127.0.0.1
✓ Sent 334293 bytes to aggregator-001 (16.33ms)
Session completed with aggregator-001
[2025-12-10 08:09:08] Meter 198: Generated 2.911 kWh (encrypted: 334344 bytes, 6.726 ms)
[2025-12-10 08:09:28] Meter 198: Generated 0.881 kWh (encrypted: 334263 bytes, 4.524 ms)
[2025-12-10 08:09:48] Meter 198: Generated 4.832 kWh (encrypted: 334138 bytes, 4.491 ms)
[2025-12-10 08:10:06] NETWORK INFO: Server authentication successful for node: aggregator-001
✓ Aggregator connected: aggregator-001 from 127.0.0.1
✓ Sent 334138 bytes to aggregator-001 (0.42ms)
Session completed with aggregator-001
[2025-12-10 08:10:08] Meter 198: Generated 7.428 kWh (encrypted: 334358 bytes, 6.701 ms)
[2025-12-10 08:10:28] Meter 198: Generated 3.131 kWh (encrypted: 334498 bytes, 7.092 ms)
[2025-12-10 08:10:48] Meter 198: Generated 7.198 kWh (encrypted: 334020 bytes, 4.523 ms)
[2025-12-10 08:11:08] Meter 198: Generated 5.839 kWh (encrypted: 334104 bytes, 4.904 ms)
[2025-12-10 08:11:12] NETWORK INFO: Server authentication successful for node: aggregator-001
✓ Aggregator connected: aggregator-001 from 127.0.0.1
✓ Sent 334104 bytes to aggregator-001 (0.37ms)
Session completed with aggregator-001
[2025-12-10 08:11:28] Meter 198: Generated 5.561 kWh (encrypted: 334309 bytes, 6.437 ms)
[2025-12-10 08:11:48] Meter 198: Generated 3.269 kWh (encrypted: 334121 bytes, 4.438 ms)
[2025-12-10 08:12:08] Meter 198: Generated 4.102 kWh (encrypted: 334353 bytes, 5.770 ms)
[2025-12-10 08:12:17] NETWORK INFO: Server authentication successful for node: aggregator-001
✓ Aggregator connected: aggregator-001 from 127.0.0.1
✓ Sent 334353 bytes to aggregator-001 (0.42ms)
Session completed with aggregator-001
[2025-12-10 08:12:28] Meter 198: Generated 6.588 kWh (encrypted: 334328 bytes, 5.839 ms)

Received shutdown signal. Gracefully shutting down smart meter...
Network server thread stopped
Data generation thread stopped
Smart meter 198 shutdown complete
