=== Continuous Smart Meter Server 303 ===
Initializing for continuous operation...
SEAL context initialized
Loaded certificate: smart-meter-303
Requesting public keys from KDC...
[2025-12-10 08:01:17] NETWORK ERROR: Failed to connect to 127.0.0.1:8444: Connection refused
Error: Failed to connect to KDC at 127.0.0.1:8444
Error: Failed to send key request to KDC
Failed to obtain keys from KDC, falling back to file keys
Loaded keys from fallback files
Cryptographic components initialized
[2025-12-10 08:01:17] NETWORK INFO: Server socket created and listening on port 9303
✓ Smart meter server ready on port 9303
Data transmission interval: 20 seconds (15x accelerated - simulates 5min)
✓ Performance metrics CSV files initialized in performance_data/
Starting continuous smart meter operation...
Press Ctrl+C to stop gracefully
Data generation thread started
Network server thread started on port 9303
[2025-12-10 08:01:31] NETWORK INFO: Server authentication successful for node: aggregator-001
✓ Aggregator connected: aggregator-001 from 127.0.0.1
[2025-12-10 08:01:37] Meter 303: Generated 5.710 kWh (encrypted: 334250 bytes, 5.061 ms)
✓ Sent 334250 bytes to aggregator-001 (0.73ms)
Session completed with aggregator-001
[2025-12-10 08:01:57] Meter 303: Generated 2.322 kWh (encrypted: 334331 bytes, 4.332 ms)
[2025-12-10 08:02:17] Meter 303: Generated 1.175 kWh (encrypted: 334426 bytes, 4.515 ms)
[2025-12-10 08:02:33] NETWORK INFO: Server authentication successful for node: aggregator-001
✓ Aggregator connected: aggregator-001 from 127.0.0.1
✓ Sent 334426 bytes to aggregator-001 (0.38ms)
Session completed with aggregator-001
[2025-12-10 08:02:37] Meter 303: Generated 3.248 kWh (encrypted: 334376 bytes, 6.926 ms)
[2025-12-10 08:02:57] Meter 303: Generated 4.628 kWh (encrypted: 334219 bytes, 6.474 ms)
[2025-12-10 08:03:17] Meter 303: Generated 3.513 kWh (encrypted: 334349 bytes, 6.528 ms)
[2025-12-10 08:03:36] NETWORK INFO: Server authentication successful for node: aggregator-001
✓ Aggregator connected: aggregator-001 from 127.0.0.1
✓ Sent 334349 bytes to aggregator-001 (0.42ms)
Session completed with aggregator-001
[2025-12-10 08:03:37] Meter 303: Generated 2.138 kWh (encrypted: 334235 bytes, 4.597 ms)
[2025-12-10 08:03:57] Meter 303: Generated 0.745 kWh (encrypted: 334452 bytes, 4.707 ms)
[2025-12-10 08:04:17] Meter 303: Generated 4.072 kWh (encrypted: 334405 bytes, 4.936 ms)
[2025-12-10 08:04:37] Meter 303: Generated 3.303 kWh (encrypted: 334087 bytes, 4.873 ms)
[2025-12-10 08:04:39] NETWORK INFO: Server authentication successful for node: aggregator-001
✓ Aggregator connected: aggregator-001 from 127.0.0.1
✓ Sent 334087 bytes to aggregator-001 (15.94ms)
Session completed with aggregator-001
[2025-12-10 08:04:58] Meter 303: Generated 3.792 kWh (encrypted: 334203 bytes, 5.029 ms)
[2025-12-10 08:05:18] Meter 303: Generated 5.314 kWh (encrypted: 334513 bytes, 5.067 ms)
[2025-12-10 08:05:38] Meter 303: Generated 4.575 kWh (encrypted: 334081 bytes, 4.550 ms)
[2025-12-10 08:05:44] NETWORK INFO: Server authentication successful for node: aggregator-001
✓ Aggregator connected: aggregator-001 from 127.0.0.1
✓ Sent 334081 bytes to aggregator-001 (0.37ms)
Session completed with aggregator-001
[2025-12-10 08:05:58] Meter 303: Generated 6.314 kWh (encrypted: 334293 bytes, 6.372 ms)
[2025-12-10 08:06:18] Meter 303: Generated 5.429 kWh (encrypted: 334410 bytes, 5.186 ms)
[2025-12-10 08:06:38] Meter 303: Generated 6.875 kWh (encrypted: 334395 bytes, 4.711 ms)
[2025-12-10 08:06:50] NETWORK INFO: Server authentication successful for node: aggregator-001
✓ Aggregator connected: aggregator-001 from 127.0.0.1
✓ Sent 334395 bytes to aggregator-001 (3.10ms)
Session completed with aggregator-001
[2025-12-10 08:06:58] Meter 303: Generated 2.560 kWh (encrypted: 334298 bytes, 6.561 ms)
[2025-12-10 08:07:18] Meter 303: Generated 5.291 kWh (encrypted: 334176 bytes, 6.379 ms)
[2025-12-10 08:07:38] Meter 303: Generated 2.006 kWh (encrypted: 334267 bytes, 4.528 ms)
[2025-12-10 08:07:56] NETWORK INFO: Server authentication successful for node: aggregator-001
✓ Aggregator connected: aggregator-001 from 127.0.0.1
✓ Sent 334267 bytes to aggregator-001 (0.35ms)
Session completed with aggregator-001
[2025-12-10 08:07:58] Meter 303: Generated 2.262 kWh (encrypted: 334387 bytes, 5.801 ms)
[2025-12-10 08:08:18] Meter 303: Generated 2.539 kWh (encrypted: 334448 bytes, 6.604 ms)
[2025-12-10 08:08:38] Meter 303: Generated 4.128 kWh (encrypted: 334443 bytes, 4.573 ms)
[2025-12-10 08:08:58] Meter 303: Generated 3.081 kWh (encrypted: 334443 bytes, 6.413 ms)
[2025-12-10 08:09:01] NETWORK INFO: Server authentication successful for node: aggregator-001
✓ Aggregator connected: aggregator-001 from 127.0.0.1
✓ Sent 334443 bytes to aggregator-001 (0.38ms)
Session completed with aggregator-001
[2025-12-10 08:09:18] Meter 303: Generated 3.724 kWh (encrypted: 334506 bytes, 6.762 ms)
[2025-12-10 08:09:38] Meter 303: Generated 4.642 kWh (encrypted: 334352 bytes, 4.795 ms)
[2025-12-10 08:09:58] Meter 303: Generated 3.390 kWh (encrypted: 334480 bytes, 6.558 ms)
[2025-12-10 08:10:06] NETWORK INFO: Server authentication successful for node: aggregator-001
✓ Aggregator connected: aggregator-001 from 127.0.0.1
✓ Sent 334480 bytes to aggregator-001 (0.36ms)
Session completed with aggregator-001
[2025-12-10 08:10:18] Meter 303: Generated 1.189 kWh (encrypted: 334155 bytes, 4.701 ms)
[2025-12-10 08:10:38] Meter 303: Generated 5.250 kWh (encrypted: 334174 bytes, 5.079 ms)
[2025-12-10 08:10:58] Meter 303: Generated 2.339 kWh (encrypted: 334452 bytes, 4.627 ms)
[2025-12-10 08:11:12] NETWORK INFO: Server authentication successful for node: aggregator-001
✓ Aggregator connected: aggregator-001 from 127.0.0.1
✓ Sent 334452 bytes to aggregator-001 (4.02ms)
Session completed with aggregator-001
[2025-12-10 08:11:18] Meter 303: Generated 5.086 kWh (encrypted: 334374 bytes, 4.757 ms)
[2025-12-10 08:11:38] Meter 303: Generated 1.339 kWh (encrypted: 334367 bytes, 5.111 ms)
[2025-12-10 08:11:58] Meter 303: Generated 4.805 kWh (encrypted: 334387 bytes, 4.625 ms)
[2025-12-10 08:12:17] NETWORK INFO: Server authentication successful for node: aggregator-001
✓ Aggregator connected: aggregator-001 from 127.0.0.1
✓ Sent 334387 bytes to aggregator-001 (0.36ms)
Session completed with aggregator-001
[2025-12-10 08:12:18] Meter 303: Generated 2.244 kWh (encrypted: 334356 bytes, 6.239 ms)

Received shutdown signal. Gracefully shutting down smart meter...
Network server thread stopped
Data generation thread stopped
Smart meter 303 shutdown complete
