=== Continuous Smart Meter Server 38 ===
Initializing for continuous operation...
SEAL context initialized
Loaded certificate: smart-meter-038
Requesting public keys from KDC...
[2025-12-10 07:55:52] NETWORK ERROR: Failed to connect to 127.0.0.1:8444: Connection refused
Error: Failed to connect to KDC at 127.0.0.1:8444
Error: Failed to send key request to KDC
Failed to obtain keys from KDC, falling back to file keys
Loaded keys from fallback files
Cryptographic components initialized
[2025-12-10 07:55:52] NETWORK INFO: Server socket created and listening on port 9038
✓ Smart meter server ready on port 9038
Data transmission interval: 20 seconds (15x accelerated - simulates 5min)
✓ Performance metrics CSV files initialized in performance_data/
Starting continuous smart meter operation...
Press Ctrl+C to stop gracefully
Data generation thread started
Network server thread started on port 9038
[2025-12-10 07:56:05] NETWORK INFO: Server authentication successful for node: aggregator-001
✓ Aggregator connected: aggregator-001 from 127.0.0.1
[2025-12-10 07:56:12] Meter 38: Generated 1.638 kWh (encrypted: 334151 bytes, 4.904 ms)
✓ Sent 334151 bytes to aggregator-001 (0.71ms)
Session completed with aggregator-001
[2025-12-10 07:56:32] Meter 38: Generated 3.281 kWh (encrypted: 334280 bytes, 4.241 ms)
[2025-12-10 07:56:52] Meter 38: Generated 3.022 kWh (encrypted: 334239 bytes, 4.262 ms)
[2025-12-10 07:57:12] Meter 38: Generated 3.264 kWh (encrypted: 334406 bytes, 4.302 ms)
[2025-12-10 07:57:15] NETWORK INFO: Server authentication successful for node: aggregator-001
✓ Aggregator connected: aggregator-001 from 127.0.0.1
✓ Sent 334406 bytes to aggregator-001 (0.59ms)
Session completed with aggregator-001
[2025-12-10 07:57:32] Meter 38: Generated 4.527 kWh (encrypted: 334296 bytes, 4.259 ms)
[2025-12-10 07:57:52] Meter 38: Generated 3.025 kWh (encrypted: 334391 bytes, 4.774 ms)
[2025-12-10 07:58:12] Meter 38: Generated 5.160 kWh (encrypted: 334321 bytes, 4.485 ms)
[2025-12-10 07:58:25] NETWORK INFO: Server authentication successful for node: aggregator-001
✓ Aggregator connected: aggregator-001 from 127.0.0.1
✓ Sent 334321 bytes to aggregator-001 (0.52ms)
Session completed with aggregator-001
[2025-12-10 07:58:32] Meter 38: Generated 5.372 kWh (encrypted: 334074 bytes, 5.103 ms)
[2025-12-10 07:58:52] Meter 38: Generated 6.685 kWh (encrypted: 334394 bytes, 4.562 ms)
[2025-12-10 07:59:12] Meter 38: Generated 2.335 kWh (encrypted: 334387 bytes, 6.391 ms)
[2025-12-10 07:59:26] NETWORK INFO: Server authentication successful for node: aggregator-001
✓ Aggregator connected: aggregator-001 from 127.0.0.1
✓ Sent 334387 bytes to aggregator-001 (0.37ms)
Session completed with aggregator-001
[2025-12-10 07:59:32] Meter 38: Generated 4.212 kWh (encrypted: 334444 bytes, 4.780 ms)
[2025-12-10 07:59:52] Meter 38: Generated 1.925 kWh (encrypted: 334259 bytes, 4.557 ms)
[2025-12-10 08:00:12] Meter 38: Generated 3.839 kWh (encrypted: 334329 bytes, 4.708 ms)
[2025-12-10 08:00:28] NETWORK INFO: Server authentication successful for node: aggregator-001
✓ Aggregator connected: aggregator-001 from 127.0.0.1
✓ Sent 334329 bytes to aggregator-001 (0.45ms)
Session completed with aggregator-001
[2025-12-10 08:00:32] Meter 38: Generated 2.326 kWh (encrypted: 334295 bytes, 6.614 ms)
[2025-12-10 08:00:52] Meter 38: Generated 2.633 kWh (encrypted: 334386 bytes, 4.863 ms)
[2025-12-10 08:01:12] Meter 38: Generated 4.853 kWh (encrypted: 334477 bytes, 4.502 ms)
[2025-12-10 08:01:31] NETWORK INFO: Server authentication successful for node: aggregator-001
✓ Aggregator connected: aggregator-001 from 127.0.0.1
✓ Sent 334477 bytes to aggregator-001 (0.38ms)
Session completed with aggregator-001
[2025-12-10 08:01:32] Meter 38: Generated 2.998 kWh (encrypted: 334307 bytes, 6.976 ms)
[2025-12-10 08:01:52] Meter 38: Generated 3.295 kWh (encrypted: 334278 bytes, 6.617 ms)
[2025-12-10 08:02:12] Meter 38: Generated 2.251 kWh (encrypted: 334327 bytes, 5.044 ms)
[2025-12-10 08:02:32] Meter 38: Generated 4.983 kWh (encrypted: 334514 bytes, 4.924 ms)
[2025-12-10 08:02:33] NETWORK INFO: Server authentication successful for node: aggregator-001
✓ Aggregator connected: aggregator-001 from 127.0.0.1
✓ Sent 334514 bytes to aggregator-001 (0.34ms)
Session completed with aggregator-001
[2025-12-10 08:02:52] Meter 38: Generated 6.295 kWh (encrypted: 334459 bytes, 4.763 ms)
[2025-12-10 08:03:12] Meter 38: Generated 4.798 kWh (encrypted: 334480 bytes, 4.876 ms)
[2025-12-10 08:03:32] Meter 38: Generated 5.353 kWh (encrypted: 334476 bytes, 4.656 ms)
[2025-12-10 08:03:36] NETWORK INFO: Server authentication successful for node: aggregator-001
✓ Aggregator connected: aggregator-001 from 127.0.0.1
✓ Sent 334476 bytes to aggregator-001 (0.41ms)
Session completed with aggregator-001
[2025-12-10 08:03:52] Meter 38: Generated 5.854 kWh (encrypted: 334400 bytes, 4.910 ms)
[2025-12-10 08:04:12] Meter 38: Generated 4.319 kWh (encrypted: 334405 bytes, 5.822 ms)
[2025-12-10 08:04:32] Meter 38: Generated 4.312 kWh (encrypted: 334461 bytes, 5.008 ms)
[2025-12-10 08:04:39] NETWORK INFO: Server authentication successful for node: aggregator-001
✓ Aggregator connected: aggregator-001 from 127.0.0.1
✓ Sent 334461 bytes to aggregator-001 (0.36ms)
Session completed with aggregator-001
[2025-12-10 08:04:52] Meter 38: Generated 4.392 kWh (encrypted: 334364 bytes, 4.654 ms)
[2025-12-10 08:05:12] Meter 38: Generated 1.444 kWh (encrypted: 333899 bytes, 4.615 ms)
[2025-12-10 08:05:32] Meter 38: Generated 5.090 kWh (encrypted: 334166 bytes, 4.306 ms)
[2025-12-10 08:05:44] NETWORK INFO: Server authentication successful for node: aggregator-001
✓ Aggregator connected: aggregator-001 from 127.0.0.1
✓ Sent 334166 bytes to aggregator-001 (0.38ms)
Session completed with aggregator-001
[2025-12-10 08:05:52] Meter 38: Generated 1.073 kWh (encrypted: 334305 bytes, 4.677 ms)
[2025-12-10 08:06:12] Meter 38: Generated 3.959 kWh (encrypted: 334291 bytes, 4.708 ms)
[2025-12-10 08:06:32] Meter 38: Generated 7.192 kWh (encrypted: 334458 bytes, 5.092 ms)
[2025-12-10 08:06:50] NETWORK INFO: Server authentication successful for node: aggregator-001
✓ Aggregator connected: aggregator-001 from 127.0.0.1
✓ Sent 334458 bytes to aggregator-001 (0.39ms)
Session completed with aggregator-001
[2025-12-10 08:06:52] Meter 38: Generated 1.930 kWh (encrypted: 334119 bytes, 4.499 ms)
[2025-12-10 08:07:12] Meter 38: Generated 1.152 kWh (encrypted: 334260 bytes, 5.164 ms)
[2025-12-10 08:07:32] Meter 38: Generated 5.644 kWh (encrypted: 334333 bytes, 6.588 ms)
[2025-12-10 08:07:52] Meter 38: Generated 0.952 kWh (encrypted: 334324 bytes, 4.976 ms)
[2025-12-10 08:07:55] NETWORK INFO: Server authentication successful for node: aggregator-001
✓ Aggregator connected: aggregator-001 from 127.0.0.1
✓ Sent 334324 bytes to aggregator-001 (6.37ms)
Session completed with aggregator-001
[2025-12-10 08:08:12] Meter 38: Generated 3.582 kWh (encrypted: 334281 bytes, 6.598 ms)
[2025-12-10 08:08:32] Meter 38: Generated 0.781 kWh (encrypted: 334329 bytes, 6.724 ms)
[2025-12-10 08:08:53] Meter 38: Generated 6.504 kWh (encrypted: 334126 bytes, 7.116 ms)
[2025-12-10 08:09:01] NETWORK INFO: Server authentication successful for node: aggregator-001
✓ Aggregator connected: aggregator-001 from 127.0.0.1
✓ Sent 334126 bytes to aggregator-001 (0.86ms)
Session completed with aggregator-001
[2025-12-10 08:09:13] Meter 38: Generated 3.922 kWh (encrypted: 334150 bytes, 6.667 ms)
[2025-12-10 08:09:33] Meter 38: Generated 3.771 kWh (encrypted: 334478 bytes, 5.330 ms)
[2025-12-10 08:09:53] Meter 38: Generated 5.178 kWh (encrypted: 334441 bytes, 5.008 ms)
[2025-12-10 08:10:06] NETWORK INFO: Server authentication successful for node: aggregator-001
✓ Aggregator connected: aggregator-001 from 127.0.0.1
✓ Sent 334441 bytes to aggregator-001 (0.41ms)
Session completed with aggregator-001
[2025-12-10 08:10:13] Meter 38: Generated 2.842 kWh (encrypted: 334480 bytes, 8.395 ms)
[2025-12-10 08:10:33] Meter 38: Generated 3.942 kWh (encrypted: 334138 bytes, 5.324 ms)
[2025-12-10 08:10:53] Meter 38: Generated 6.120 kWh (encrypted: 334417 bytes, 4.297 ms)
[2025-12-10 08:11:12] NETWORK INFO: Server authentication successful for node: aggregator-001
✓ Aggregator connected: aggregator-001 from 127.0.0.1
✓ Sent 334417 bytes to aggregator-001 (2.36ms)
Session completed with aggregator-001
[2025-12-10 08:11:13] Meter 38: Generated 2.798 kWh (encrypted: 334177 bytes, 9.657 ms)
[2025-12-10 08:11:33] Meter 38: Generated 6.599 kWh (encrypted: 334429 bytes, 6.133 ms)
[2025-12-10 08:11:53] Meter 38: Generated 3.647 kWh (encrypted: 334159 bytes, 4.952 ms)
[2025-12-10 08:12:13] Meter 38: Generated 1.779 kWh (encrypted: 334194 bytes, 5.511 ms)
[2025-12-10 08:12:17] NETWORK INFO: Server authentication successful for node: aggregator-001
✓ Aggregator connected: aggregator-001 from 127.0.0.1
✓ Sent 334194 bytes to aggregator-001 (0.35ms)
Session completed with aggregator-001
[2025-12-10 08:12:33] Meter 38: Generated 5.911 kWh (encrypted: 334430 bytes, 6.596 ms)

Received shutdown signal. Gracefully shutting down smart meter...
Network server thread stopped
Data generation thread stopped
Smart meter 38 shutdown complete
