=== Continuous Smart Meter Server 231 ===
Initializing for continuous operation...
SEAL context initialized
Loaded certificate: smart-meter-231
Requesting public keys from KDC...
[2025-12-10 07:59:48] NETWORK ERROR: Failed to connect to 127.0.0.1:8444: Connection refused
Error: Failed to connect to KDC at 127.0.0.1:8444
Error: Failed to send key request to KDC
Failed to obtain keys from KDC, falling back to file keys
Loaded keys from fallback files
Cryptographic components initialized
[2025-12-10 07:59:48] NETWORK INFO: Server socket created and listening on port 9231
✓ Smart meter server ready on port 9231
Data transmission interval: 20 seconds (15x accelerated - simulates 5min)
✓ Performance metrics CSV files initialized in performance_data/
Starting continuous smart meter operation...
Press Ctrl+C to stop gracefully
Data generation thread started
Network server thread started on port 9231
[2025-12-10 08:00:08] Meter 231: Generated 1.397 kWh (encrypted: 334192 bytes, 5.729 ms)
[2025-12-10 08:00:28] Meter 231: Generated 1.735 kWh (encrypted: 334341 bytes, 4.849 ms)
[2025-12-10 08:00:28] NETWORK INFO: Server authentication successful for node: aggregator-001
✓ Aggregator connected: aggregator-001 from 127.0.0.1
✓ Sent 334341 bytes to aggregator-001 (0.68ms)
Session completed with aggregator-001
[2025-12-10 08:00:48] Meter 231: Generated 6.127 kWh (encrypted: 334455 bytes, 4.823 ms)
[2025-12-10 08:01:08] Meter 231: Generated 3.805 kWh (encrypted: 334374 bytes, 5.206 ms)
[2025-12-10 08:01:28] Meter 231: Generated 3.616 kWh (encrypted: 334180 bytes, 4.660 ms)
[2025-12-10 08:01:31] NETWORK INFO: Server authentication successful for node: aggregator-001
✓ Aggregator connected: aggregator-001 from 127.0.0.1
✓ Sent 334180 bytes to aggregator-001 (0.35ms)
Session completed with aggregator-001
[2025-12-10 08:01:48] Meter 231: Generated 3.368 kWh (encrypted: 334295 bytes, 4.671 ms)
[2025-12-10 08:02:08] Meter 231: Generated 1.512 kWh (encrypted: 334223 bytes, 4.618 ms)
[2025-12-10 08:02:28] Meter 231: Generated 3.280 kWh (encrypted: 334124 bytes, 4.818 ms)
[2025-12-10 08:02:33] NETWORK INFO: Server authentication successful for node: aggregator-001
✓ Aggregator connected: aggregator-001 from 127.0.0.1
✓ Sent 334124 bytes to aggregator-001 (6.74ms)
Session completed with aggregator-001
[2025-12-10 08:02:48] Meter 231: Generated 2.113 kWh (encrypted: 334390 bytes, 5.986 ms)
[2025-12-10 08:03:08] Meter 231: Generated 7.219 kWh (encrypted: 334268 bytes, 4.398 ms)
[2025-12-10 08:03:28] Meter 231: Generated 5.033 kWh (encrypted: 334310 bytes, 4.477 ms)
[2025-12-10 08:03:36] NETWORK INFO: Server authentication successful for node: aggregator-001
✓ Aggregator connected: aggregator-001 from 127.0.0.1
✓ Sent 334310 bytes to aggregator-001 (0.36ms)
Session completed with aggregator-001
[2025-12-10 08:03:48] Meter 231: Generated 4.772 kWh (encrypted: 334381 bytes, 4.733 ms)
[2025-12-10 08:04:08] Meter 231: Generated 6.001 kWh (encrypted: 334436 bytes, 5.193 ms)
[2025-12-10 08:04:28] Meter 231: Generated 7.215 kWh (encrypted: 334361 bytes, 4.502 ms)
[2025-12-10 08:04:40] NETWORK INFO: Server authentication successful for node: aggregator-001
✓ Aggregator connected: aggregator-001 from 127.0.0.1
✓ Sent 334361 bytes to aggregator-001 (0.37ms)
Session completed with aggregator-001
[2025-12-10 08:04:48] Meter 231: Generated 5.163 kWh (encrypted: 334299 bytes, 4.587 ms)
[2025-12-10 08:05:08] Meter 231: Generated 1.514 kWh (encrypted: 334351 bytes, 4.505 ms)
[2025-12-10 08:05:28] Meter 231: Generated 2.399 kWh (encrypted: 334187 bytes, 4.477 ms)
[2025-12-10 08:05:44] NETWORK INFO: Server authentication successful for node: aggregator-001
✓ Aggregator connected: aggregator-001 from 127.0.0.1
✓ Sent 334187 bytes to aggregator-001 (0.39ms)
Session completed with aggregator-001
[2025-12-10 08:05:48] Meter 231: Generated 4.344 kWh (encrypted: 334169 bytes, 4.520 ms)
[2025-12-10 08:06:08] Meter 231: Generated 2.650 kWh (encrypted: 334415 bytes, 4.888 ms)
[2025-12-10 08:06:28] Meter 231: Generated 4.841 kWh (encrypted: 333989 bytes, 4.386 ms)
[2025-12-10 08:06:48] Meter 231: Generated 4.811 kWh (encrypted: 334282 bytes, 4.932 ms)
[2025-12-10 08:06:50] NETWORK INFO: Server authentication successful for node: aggregator-001
✓ Aggregator connected: aggregator-001 from 127.0.0.1
✓ Sent 334282 bytes to aggregator-001 (0.36ms)
Session completed with aggregator-001
[2025-12-10 08:07:08] Meter 231: Generated 2.418 kWh (encrypted: 334338 bytes, 4.985 ms)
[2025-12-10 08:07:28] Meter 231: Generated 1.572 kWh (encrypted: 334436 bytes, 4.603 ms)
[2025-12-10 08:07:48] Meter 231: Generated 4.583 kWh (encrypted: 334328 bytes, 5.769 ms)
[2025-12-10 08:07:56] NETWORK INFO: Server authentication successful for node: aggregator-001
✓ Aggregator connected: aggregator-001 from 127.0.0.1
✓ Sent 334328 bytes to aggregator-001 (0.36ms)
Session completed with aggregator-001
[2025-12-10 08:08:08] Meter 231: Generated 7.115 kWh (encrypted: 334344 bytes, 5.341 ms)
[2025-12-10 08:08:28] Meter 231: Generated 6.395 kWh (encrypted: 334143 bytes, 5.560 ms)
[2025-12-10 08:08:48] Meter 231: Generated 4.455 kWh (encrypted: 334376 bytes, 4.364 ms)
[2025-12-10 08:09:01] NETWORK INFO: Server authentication successful for node: aggregator-001
✓ Aggregator connected: aggregator-001 from 127.0.0.1
✓ Sent 334376 bytes to aggregator-001 (0.70ms)
Session completed with aggregator-001
[2025-12-10 08:09:08] Meter 231: Generated 5.430 kWh (encrypted: 334465 bytes, 4.536 ms)
[2025-12-10 08:09:28] Meter 231: Generated 3.199 kWh (encrypted: 334427 bytes, 5.297 ms)
[2025-12-10 08:09:48] Meter 231: Generated 5.654 kWh (encrypted: 334345 bytes, 5.417 ms)
[2025-12-10 08:10:06] NETWORK INFO: Server authentication successful for node: aggregator-001
✓ Aggregator connected: aggregator-001 from 127.0.0.1
✓ Sent 334345 bytes to aggregator-001 (0.41ms)
Session completed with aggregator-001
[2025-12-10 08:10:08] Meter 231: Generated 6.378 kWh (encrypted: 334414 bytes, 11.375 ms)
[2025-12-10 08:10:29] Meter 231: Generated 1.547 kWh (encrypted: 334210 bytes, 4.749 ms)
[2025-12-10 08:10:49] Meter 231: Generated 2.399 kWh (encrypted: 334105 bytes, 4.983 ms)
[2025-12-10 08:11:09] Meter 231: Generated 7.351 kWh (encrypted: 334202 bytes, 5.268 ms)
[2025-12-10 08:11:12] NETWORK INFO: Server authentication successful for node: aggregator-001
✓ Aggregator connected: aggregator-001 from 127.0.0.1
✓ Sent 334202 bytes to aggregator-001 (0.34ms)
Session completed with aggregator-001
[2025-12-10 08:11:29] Meter 231: Generated 1.830 kWh (encrypted: 334372 bytes, 4.769 ms)
[2025-12-10 08:11:49] Meter 231: Generated 0.987 kWh (encrypted: 334405 bytes, 4.839 ms)
[2025-12-10 08:12:09] Meter 231: Generated 7.331 kWh (encrypted: 334176 bytes, 6.620 ms)
[2025-12-10 08:12:17] NETWORK INFO: Server authentication successful for node: aggregator-001
✓ Aggregator connected: aggregator-001 from 127.0.0.1
✓ Sent 334176 bytes to aggregator-001 (0.36ms)
Session completed with aggregator-001
[2025-12-10 08:12:29] Meter 231: Generated 4.940 kWh (encrypted: 334316 bytes, 8.265 ms)

Received shutdown signal. Gracefully shutting down smart meter...
Network server thread stopped
Data generation thread stopped
Smart meter 231 shutdown complete
