=== Continuous Smart Meter Server 423 ===
Initializing for continuous operation...
SEAL context initialized
Loaded certificate: smart-meter-423
Requesting public keys from KDC...
[2025-12-10 08:03:48] NETWORK ERROR: Failed to connect to 127.0.0.1:8444: Connection refused
Error: Failed to connect to KDC at 127.0.0.1:8444
Error: Failed to send key request to KDC
Failed to obtain keys from KDC, falling back to file keys
Loaded keys from fallback files
Cryptographic components initialized
[2025-12-10 08:03:48] NETWORK INFO: Server socket created and listening on port 9423
✓ Smart meter server ready on port 9423
Data transmission interval: 20 seconds (15x accelerated - simulates 5min)
✓ Performance metrics CSV files initialized in performance_data/
Starting continuous smart meter operation...
Press Ctrl+C to stop gracefully
Data generation thread started
Network server thread started on port 9423
[2025-12-10 08:04:08] Meter 423: Generated 5.216 kWh (encrypted: 334277 bytes, 6.415 ms)
[2025-12-10 08:04:28] Meter 423: Generated 6.760 kWh (encrypted: 334213 bytes, 6.795 ms)
[2025-12-10 08:04:40] NETWORK INFO: Server authentication successful for node: aggregator-001
✓ Aggregator connected: aggregator-001 from 127.0.0.1
✓ Sent 334213 bytes to aggregator-001 (0.75ms)
Session completed with aggregator-001
[2025-12-10 08:04:48] Meter 423: Generated 4.334 kWh (encrypted: 334330 bytes, 5.001 ms)
[2025-12-10 08:05:08] Meter 423: Generated 5.211 kWh (encrypted: 333259 bytes, 5.408 ms)
[2025-12-10 08:05:28] Meter 423: Generated 5.716 kWh (encrypted: 334151 bytes, 5.951 ms)
[2025-12-10 08:05:44] NETWORK INFO: Server authentication successful for node: aggregator-001
✓ Aggregator connected: aggregator-001 from 127.0.0.1
✓ Sent 334151 bytes to aggregator-001 (70.46ms)
Session completed with aggregator-001
[2025-12-10 08:05:48] Meter 423: Generated 7.432 kWh (encrypted: 334142 bytes, 4.981 ms)
[2025-12-10 08:06:08] Meter 423: Generated 2.578 kWh (encrypted: 334326 bytes, 4.811 ms)
[2025-12-10 08:06:28] Meter 423: Generated 2.833 kWh (encrypted: 334374 bytes, 6.215 ms)
[2025-12-10 08:06:48] Meter 423: Generated 3.180 kWh (encrypted: 334443 bytes, 6.353 ms)
[2025-12-10 08:06:50] NETWORK INFO: Server authentication successful for node: aggregator-001
✓ Aggregator connected: aggregator-001 from 127.0.0.1
✓ Sent 334443 bytes to aggregator-001 (40.63ms)
Session completed with aggregator-001
[2025-12-10 08:07:08] Meter 423: Generated 4.362 kWh (encrypted: 334315 bytes, 4.648 ms)
[2025-12-10 08:07:28] Meter 423: Generated 6.910 kWh (encrypted: 334188 bytes, 10.046 ms)
[2025-12-10 08:07:48] Meter 423: Generated 3.901 kWh (encrypted: 334411 bytes, 4.597 ms)
[2025-12-10 08:07:56] NETWORK INFO: Server authentication successful for node: aggregator-001
✓ Aggregator connected: aggregator-001 from 127.0.0.1
✓ Sent 334411 bytes to aggregator-001 (0.35ms)
Session completed with aggregator-001
[2025-12-10 08:08:08] Meter 423: Generated 5.187 kWh (encrypted: 334460 bytes, 4.788 ms)
[2025-12-10 08:08:28] Meter 423: Generated 6.119 kWh (encrypted: 334482 bytes, 4.879 ms)
[2025-12-10 08:08:48] Meter 423: Generated 3.148 kWh (encrypted: 334361 bytes, 4.624 ms)
[2025-12-10 08:09:01] NETWORK INFO: Server authentication successful for node: aggregator-001
✓ Aggregator connected: aggregator-001 from 127.0.0.1
✓ Sent 334361 bytes to aggregator-001 (0.36ms)
Session completed with aggregator-001
[2025-12-10 08:09:08] Meter 423: Generated 2.344 kWh (encrypted: 334458 bytes, 7.750 ms)
[2025-12-10 08:09:28] Meter 423: Generated 6.451 kWh (encrypted: 334212 bytes, 5.153 ms)
[2025-12-10 08:09:48] Meter 423: Generated 4.291 kWh (encrypted: 334416 bytes, 4.780 ms)
[2025-12-10 08:10:06] NETWORK INFO: Server authentication successful for node: aggregator-001
✓ Aggregator connected: aggregator-001 from 127.0.0.1
✓ Sent 334416 bytes to aggregator-001 (38.27ms)
Session completed with aggregator-001
[2025-12-10 08:10:08] Meter 423: Generated 7.215 kWh (encrypted: 334429 bytes, 6.462 ms)
[2025-12-10 08:10:28] Meter 423: Generated 6.860 kWh (encrypted: 334154 bytes, 6.507 ms)
[2025-12-10 08:10:48] Meter 423: Generated 4.935 kWh (encrypted: 333944 bytes, 4.806 ms)
[2025-12-10 08:11:08] Meter 423: Generated 3.393 kWh (encrypted: 334309 bytes, 5.753 ms)
[2025-12-10 08:11:12] NETWORK INFO: Server authentication successful for node: aggregator-001
✓ Aggregator connected: aggregator-001 from 127.0.0.1
✓ Sent 334309 bytes to aggregator-001 (0.34ms)
Session completed with aggregator-001
[2025-12-10 08:11:28] Meter 423: Generated 5.078 kWh (encrypted: 334408 bytes, 4.330 ms)
[2025-12-10 08:11:48] Meter 423: Generated 2.504 kWh (encrypted: 334456 bytes, 4.783 ms)
[2025-12-10 08:12:08] Meter 423: Generated 4.209 kWh (encrypted: 334231 bytes, 5.430 ms)
[2025-12-10 08:12:17] NETWORK INFO: Server authentication successful for node: aggregator-001
✓ Aggregator connected: aggregator-001 from 127.0.0.1
✓ Sent 334231 bytes to aggregator-001 (4.96ms)
Session completed with aggregator-001
[2025-12-10 08:12:28] Meter 423: Generated 3.694 kWh (encrypted: 333972 bytes, 6.494 ms)

Received shutdown signal. Gracefully shutting down smart meter...
Network server thread stopped
Data generation thread stopped
Smart meter 423 shutdown complete
