=== Continuous Smart Meter Server 186 ===
Initializing for continuous operation...
SEAL context initialized
Loaded certificate: smart-meter-186
Requesting public keys from KDC...
[2025-12-10 07:58:53] NETWORK ERROR: Failed to connect to 127.0.0.1:8444: Connection refused
Error: Failed to connect to KDC at 127.0.0.1:8444
Error: Failed to send key request to KDC
Failed to obtain keys from KDC, falling back to file keys
Loaded keys from fallback files
Cryptographic components initialized
[2025-12-10 07:58:53] NETWORK INFO: Server socket created and listening on port 9186
✓ Smart meter server ready on port 9186
Data transmission interval: 20 seconds (15x accelerated - simulates 5min)
✓ Performance metrics CSV files initialized in performance_data/
Starting continuous smart meter operation...
Press Ctrl+C to stop gracefully
Data generation thread started
Network server thread started on port 9186
[2025-12-10 07:59:13] Meter 186: Generated 3.264 kWh (encrypted: 334281 bytes, 5.074 ms)
[2025-12-10 07:59:26] NETWORK INFO: Server authentication successful for node: aggregator-001
✓ Aggregator connected: aggregator-001 from 127.0.0.1
✓ Sent 334281 bytes to aggregator-001 (0.70ms)
Session completed with aggregator-001
[2025-12-10 07:59:33] Meter 186: Generated 5.404 kWh (encrypted: 334204 bytes, 4.584 ms)
[2025-12-10 07:59:53] Meter 186: Generated 6.513 kWh (encrypted: 334489 bytes, 4.452 ms)
[2025-12-10 08:00:13] Meter 186: Generated 6.786 kWh (encrypted: 334216 bytes, 4.826 ms)
[2025-12-10 08:00:28] NETWORK INFO: Server authentication successful for node: aggregator-001
✓ Aggregator connected: aggregator-001 from 127.0.0.1
✓ Sent 334216 bytes to aggregator-001 (0.39ms)
Session completed with aggregator-001
[2025-12-10 08:00:33] Meter 186: Generated 2.765 kWh (encrypted: 334385 bytes, 5.473 ms)
[2025-12-10 08:00:53] Meter 186: Generated 1.112 kWh (encrypted: 334131 bytes, 4.458 ms)
[2025-12-10 08:01:13] Meter 186: Generated 2.135 kWh (encrypted: 334245 bytes, 4.972 ms)
[2025-12-10 08:01:31] NETWORK INFO: Server authentication successful for node: aggregator-001
✓ Aggregator connected: aggregator-001 from 127.0.0.1
✓ Sent 334245 bytes to aggregator-001 (10.01ms)
Session completed with aggregator-001
[2025-12-10 08:01:33] Meter 186: Generated 7.284 kWh (encrypted: 333976 bytes, 5.236 ms)
[2025-12-10 08:01:53] Meter 186: Generated 7.377 kWh (encrypted: 334396 bytes, 5.290 ms)
[2025-12-10 08:02:13] Meter 186: Generated 5.380 kWh (encrypted: 334425 bytes, 5.444 ms)
[2025-12-10 08:02:33] Meter 186: Generated 1.971 kWh (encrypted: 334380 bytes, 5.681 ms)
[2025-12-10 08:02:33] NETWORK INFO: Server authentication successful for node: aggregator-001
✓ Aggregator connected: aggregator-001 from 127.0.0.1
✓ Sent 334380 bytes to aggregator-001 (0.36ms)
Session completed with aggregator-001
[2025-12-10 08:02:53] Meter 186: Generated 3.338 kWh (encrypted: 333849 bytes, 5.206 ms)
[2025-12-10 08:03:13] Meter 186: Generated 7.061 kWh (encrypted: 334382 bytes, 5.707 ms)
[2025-12-10 08:03:33] Meter 186: Generated 3.043 kWh (encrypted: 334482 bytes, 6.920 ms)
[2025-12-10 08:03:36] NETWORK INFO: Server authentication successful for node: aggregator-001
✓ Aggregator connected: aggregator-001 from 127.0.0.1
✓ Sent 334482 bytes to aggregator-001 (2.13ms)
Session completed with aggregator-001
[2025-12-10 08:03:53] Meter 186: Generated 1.776 kWh (encrypted: 334163 bytes, 5.769 ms)
[2025-12-10 08:04:13] Meter 186: Generated 1.019 kWh (encrypted: 334438 bytes, 7.914 ms)
[2025-12-10 08:04:33] Meter 186: Generated 5.746 kWh (encrypted: 334216 bytes, 15.726 ms)
[2025-12-10 08:04:39] NETWORK INFO: Server authentication successful for node: aggregator-001
✓ Aggregator connected: aggregator-001 from 127.0.0.1
✓ Sent 334216 bytes to aggregator-001 (0.36ms)
Session completed with aggregator-001
[2025-12-10 08:04:53] Meter 186: Generated 3.622 kWh (encrypted: 334291 bytes, 5.391 ms)
[2025-12-10 08:05:13] Meter 186: Generated 5.292 kWh (encrypted: 334208 bytes, 6.521 ms)
[2025-12-10 08:05:33] Meter 186: Generated 7.141 kWh (encrypted: 334353 bytes, 4.556 ms)
[2025-12-10 08:05:44] NETWORK INFO: Server authentication successful for node: aggregator-001
✓ Aggregator connected: aggregator-001 from 127.0.0.1
✓ Sent 334353 bytes to aggregator-001 (0.42ms)
Session completed with aggregator-001
[2025-12-10 08:05:53] Meter 186: Generated 1.326 kWh (encrypted: 334015 bytes, 13.141 ms)
[2025-12-10 08:06:13] Meter 186: Generated 2.734 kWh (encrypted: 334468 bytes, 4.460 ms)
[2025-12-10 08:06:33] Meter 186: Generated 5.340 kWh (encrypted: 334487 bytes, 4.367 ms)
[2025-12-10 08:06:50] NETWORK INFO: Server authentication successful for node: aggregator-001
✓ Aggregator connected: aggregator-001 from 127.0.0.1
✓ Sent 334487 bytes to aggregator-001 (0.37ms)
Session completed with aggregator-001
[2025-12-10 08:06:53] Meter 186: Generated 6.187 kWh (encrypted: 334066 bytes, 4.646 ms)
[2025-12-10 08:07:13] Meter 186: Generated 1.982 kWh (encrypted: 334142 bytes, 6.233 ms)
[2025-12-10 08:07:33] Meter 186: Generated 7.187 kWh (encrypted: 334307 bytes, 4.548 ms)
[2025-12-10 08:07:53] Meter 186: Generated 4.468 kWh (encrypted: 334148 bytes, 5.198 ms)
[2025-12-10 08:07:56] NETWORK INFO: Server authentication successful for node: aggregator-001
✓ Aggregator connected: aggregator-001 from 127.0.0.1
✓ Sent 334148 bytes to aggregator-001 (0.35ms)
Session completed with aggregator-001
[2025-12-10 08:08:13] Meter 186: Generated 6.751 kWh (encrypted: 334420 bytes, 4.613 ms)
[2025-12-10 08:08:33] Meter 186: Generated 7.228 kWh (encrypted: 334301 bytes, 6.482 ms)
[2025-12-10 08:08:53] Meter 186: Generated 4.422 kWh (encrypted: 334407 bytes, 4.891 ms)
[2025-12-10 08:09:01] NETWORK INFO: Server authentication successful for node: aggregator-001
✓ Aggregator connected: aggregator-001 from 127.0.0.1
✓ Sent 334407 bytes to aggregator-001 (0.37ms)
Session completed with aggregator-001
[2025-12-10 08:09:13] Meter 186: Generated 2.798 kWh (encrypted: 334377 bytes, 5.042 ms)
[2025-12-10 08:09:33] Meter 186: Generated 4.739 kWh (encrypted: 334439 bytes, 7.992 ms)
[2025-12-10 08:09:53] Meter 186: Generated 7.419 kWh (encrypted: 334430 bytes, 6.802 ms)
[2025-12-10 08:10:06] NETWORK INFO: Server authentication successful for node: aggregator-001
✓ Aggregator connected: aggregator-001 from 127.0.0.1
✓ Sent 334430 bytes to aggregator-001 (0.33ms)
Session completed with aggregator-001
[2025-12-10 08:10:13] Meter 186: Generated 6.924 kWh (encrypted: 334514 bytes, 4.734 ms)
[2025-12-10 08:10:33] Meter 186: Generated 5.189 kWh (encrypted: 334330 bytes, 8.979 ms)
[2025-12-10 08:10:53] Meter 186: Generated 3.225 kWh (encrypted: 334172 bytes, 5.122 ms)
[2025-12-10 08:11:12] NETWORK INFO: Server authentication successful for node: aggregator-001
✓ Aggregator connected: aggregator-001 from 127.0.0.1
✓ Sent 334172 bytes to aggregator-001 (0.41ms)
Session completed with aggregator-001
[2025-12-10 08:11:13] Meter 186: Generated 7.219 kWh (encrypted: 334370 bytes, 6.040 ms)
[2025-12-10 08:11:33] Meter 186: Generated 6.042 kWh (encrypted: 334218 bytes, 4.688 ms)
[2025-12-10 08:11:53] Meter 186: Generated 0.786 kWh (encrypted: 334442 bytes, 4.573 ms)
[2025-12-10 08:12:13] Meter 186: Generated 0.981 kWh (encrypted: 334108 bytes, 6.594 ms)
[2025-12-10 08:12:17] NETWORK INFO: Server authentication successful for node: aggregator-001
✓ Aggregator connected: aggregator-001 from 127.0.0.1
✓ Sent 334108 bytes to aggregator-001 (0.70ms)
Session completed with aggregator-001
[2025-12-10 08:12:33] Meter 186: Generated 2.364 kWh (encrypted: 334508 bytes, 4.610 ms)

Received shutdown signal. Gracefully shutting down smart meter...
Network server thread stopped
Data generation thread stopped
Smart meter 186 shutdown complete
