=== Continuous Smart Meter Server 306 ===
Initializing for continuous operation...
SEAL context initialized
Loaded certificate: smart-meter-306
Requesting public keys from KDC...
[2025-12-10 08:01:21] NETWORK ERROR: Failed to connect to 127.0.0.1:8444: Connection refused
Error: Failed to connect to KDC at 127.0.0.1:8444
Error: Failed to send key request to KDC
Failed to obtain keys from KDC, falling back to file keys
Loaded keys from fallback files
Cryptographic components initialized
[2025-12-10 08:01:21] NETWORK INFO: Server socket created and listening on port 9306
✓ Smart meter server ready on port 9306
Data transmission interval: 20 seconds (15x accelerated - simulates 5min)
✓ Performance metrics CSV files initialized in performance_data/
Starting continuous smart meter operation...
Press Ctrl+C to stop gracefully
Data generation thread started
Network server thread started on port 9306
[2025-12-10 08:01:31] NETWORK INFO: Server authentication successful for node: aggregator-001
✓ Aggregator connected: aggregator-001 from 127.0.0.1
[2025-12-10 08:01:41] Meter 306: Generated 3.101 kWh (encrypted: 334447 bytes, 6.135 ms)
✓ Sent 334447 bytes to aggregator-001 (0.89ms)
Session completed with aggregator-001
[2025-12-10 08:02:01] Meter 306: Generated 6.900 kWh (encrypted: 334400 bytes, 4.686 ms)
[2025-12-10 08:02:21] Meter 306: Generated 6.176 kWh (encrypted: 334386 bytes, 4.576 ms)
[2025-12-10 08:02:33] NETWORK INFO: Server authentication successful for node: aggregator-001
✓ Aggregator connected: aggregator-001 from 127.0.0.1
✓ Sent 334386 bytes to aggregator-001 (0.36ms)
Session completed with aggregator-001
[2025-12-10 08:02:41] Meter 306: Generated 2.232 kWh (encrypted: 334496 bytes, 4.284 ms)
[2025-12-10 08:03:01] Meter 306: Generated 3.252 kWh (encrypted: 334256 bytes, 4.310 ms)
[2025-12-10 08:03:21] Meter 306: Generated 7.029 kWh (encrypted: 334344 bytes, 6.016 ms)
[2025-12-10 08:03:36] NETWORK INFO: Server authentication successful for node: aggregator-001
✓ Aggregator connected: aggregator-001 from 127.0.0.1
✓ Sent 334344 bytes to aggregator-001 (3.73ms)
Session completed with aggregator-001
[2025-12-10 08:03:41] Meter 306: Generated 4.303 kWh (encrypted: 334325 bytes, 4.353 ms)
[2025-12-10 08:04:01] Meter 306: Generated 3.030 kWh (encrypted: 334334 bytes, 4.324 ms)
[2025-12-10 08:04:21] Meter 306: Generated 3.665 kWh (encrypted: 333968 bytes, 4.615 ms)
[2025-12-10 08:04:39] NETWORK INFO: Server authentication successful for node: aggregator-001
✓ Aggregator connected: aggregator-001 from 127.0.0.1
✓ Sent 333968 bytes to aggregator-001 (51.53ms)
Session completed with aggregator-001
[2025-12-10 08:04:41] Meter 306: Generated 1.091 kWh (encrypted: 334126 bytes, 6.541 ms)
[2025-12-10 08:05:01] Meter 306: Generated 4.310 kWh (encrypted: 334428 bytes, 4.335 ms)
[2025-12-10 08:05:21] Meter 306: Generated 2.377 kWh (encrypted: 334176 bytes, 4.450 ms)
[2025-12-10 08:05:41] Meter 306: Generated 6.922 kWh (encrypted: 334152 bytes, 4.779 ms)
[2025-12-10 08:05:44] NETWORK INFO: Server authentication successful for node: aggregator-001
✓ Aggregator connected: aggregator-001 from 127.0.0.1
✓ Sent 334152 bytes to aggregator-001 (21.45ms)
Session completed with aggregator-001
[2025-12-10 08:06:01] Meter 306: Generated 0.775 kWh (encrypted: 334248 bytes, 6.486 ms)
[2025-12-10 08:06:21] Meter 306: Generated 2.216 kWh (encrypted: 334209 bytes, 6.408 ms)
[2025-12-10 08:06:41] Meter 306: Generated 1.086 kWh (encrypted: 333315 bytes, 4.518 ms)
[2025-12-10 08:06:50] NETWORK INFO: Server authentication successful for node: aggregator-001
✓ Aggregator connected: aggregator-001 from 127.0.0.1
✓ Sent 333315 bytes to aggregator-001 (0.37ms)
Session completed with aggregator-001
[2025-12-10 08:07:01] Meter 306: Generated 6.872 kWh (encrypted: 334426 bytes, 6.356 ms)
[2025-12-10 08:07:21] Meter 306: Generated 2.437 kWh (encrypted: 334079 bytes, 6.443 ms)
[2025-12-10 08:07:41] Meter 306: Generated 4.654 kWh (encrypted: 334111 bytes, 4.356 ms)
[2025-12-10 08:07:56] NETWORK INFO: Server authentication successful for node: aggregator-001
✓ Aggregator connected: aggregator-001 from 127.0.0.1
✓ Sent 334111 bytes to aggregator-001 (2.98ms)
Session completed with aggregator-001
[2025-12-10 08:08:01] Meter 306: Generated 4.444 kWh (encrypted: 334337 bytes, 6.379 ms)
[2025-12-10 08:08:21] Meter 306: Generated 7.240 kWh (encrypted: 334420 bytes, 6.545 ms)
[2025-12-10 08:08:41] Meter 306: Generated 6.384 kWh (encrypted: 334562 bytes, 5.728 ms)
[2025-12-10 08:09:01] NETWORK INFO: Server authentication successful for node: aggregator-001
✓ Aggregator connected: aggregator-001 from 127.0.0.1
✓ Sent 334562 bytes to aggregator-001 (0.72ms)
Session completed with aggregator-001
[2025-12-10 08:09:01] Meter 306: Generated 0.778 kWh (encrypted: 334399 bytes, 6.870 ms)
[2025-12-10 08:09:21] Meter 306: Generated 1.313 kWh (encrypted: 333974 bytes, 6.582 ms)
[2025-12-10 08:09:41] Meter 306: Generated 5.942 kWh (encrypted: 334440 bytes, 4.545 ms)
[2025-12-10 08:10:01] Meter 306: Generated 4.215 kWh (encrypted: 334199 bytes, 4.451 ms)
[2025-12-10 08:10:06] NETWORK INFO: Server authentication successful for node: aggregator-001
✓ Aggregator connected: aggregator-001 from 127.0.0.1
✓ Sent 334199 bytes to aggregator-001 (0.42ms)
Session completed with aggregator-001
[2025-12-10 08:10:21] Meter 306: Generated 1.966 kWh (encrypted: 334307 bytes, 6.444 ms)
[2025-12-10 08:10:41] Meter 306: Generated 5.352 kWh (encrypted: 334410 bytes, 4.933 ms)
[2025-12-10 08:11:01] Meter 306: Generated 6.883 kWh (encrypted: 334449 bytes, 24.186 ms)
[2025-12-10 08:11:12] NETWORK INFO: Server authentication successful for node: aggregator-001
✓ Aggregator connected: aggregator-001 from 127.0.0.1
✓ Sent 334449 bytes to aggregator-001 (0.38ms)
Session completed with aggregator-001
[2025-12-10 08:11:21] Meter 306: Generated 1.321 kWh (encrypted: 334119 bytes, 6.686 ms)
[2025-12-10 08:11:41] Meter 306: Generated 5.637 kWh (encrypted: 334146 bytes, 4.545 ms)
[2025-12-10 08:12:01] Meter 306: Generated 6.899 kWh (encrypted: 334463 bytes, 4.541 ms)
[2025-12-10 08:12:17] NETWORK INFO: Server authentication successful for node: aggregator-001
✓ Aggregator connected: aggregator-001 from 127.0.0.1
✓ Sent 334463 bytes to aggregator-001 (0.40ms)
Session completed with aggregator-001
[2025-12-10 08:12:21] Meter 306: Generated 5.552 kWh (encrypted: 334407 bytes, 4.761 ms)

Received shutdown signal. Gracefully shutting down smart meter...
Network server thread stopped
Data generation thread stopped
Smart meter 306 shutdown complete
