=== Continuous Smart Meter Server 205 ===
Initializing for continuous operation...
SEAL context initialized
Loaded certificate: smart-meter-205
Requesting public keys from KDC...
[2025-12-10 07:59:16] NETWORK ERROR: Failed to connect to 127.0.0.1:8444: Connection refused
Error: Failed to connect to KDC at 127.0.0.1:8444
Error: Failed to send key request to KDC
Failed to obtain keys from KDC, falling back to file keys
Loaded keys from fallback files
Cryptographic components initialized
[2025-12-10 07:59:16] NETWORK INFO: Server socket created and listening on port 9205
✓ Smart meter server ready on port 9205
Data transmission interval: 20 seconds (15x accelerated - simulates 5min)
✓ Performance metrics CSV files initialized in performance_data/
Starting continuous smart meter operation...
Press Ctrl+C to stop gracefully
Data generation thread started
Network server thread started on port 9205
[2025-12-10 07:59:26] NETWORK INFO: Server authentication successful for node: aggregator-001
✓ Aggregator connected: aggregator-001 from 127.0.0.1
[2025-12-10 07:59:36] Meter 205: Generated 2.066 kWh (encrypted: 334412 bytes, 4.894 ms)
✓ Sent 334412 bytes to aggregator-001 (0.69ms)
Session completed with aggregator-001
[2025-12-10 07:59:56] Meter 205: Generated 2.161 kWh (encrypted: 334188 bytes, 4.758 ms)
[2025-12-10 08:00:16] Meter 205: Generated 3.219 kWh (encrypted: 334359 bytes, 4.307 ms)
[2025-12-10 08:00:28] NETWORK INFO: Server authentication successful for node: aggregator-001
✓ Aggregator connected: aggregator-001 from 127.0.0.1
✓ Sent 334359 bytes to aggregator-001 (0.42ms)
Session completed with aggregator-001
[2025-12-10 08:00:36] Meter 205: Generated 3.318 kWh (encrypted: 334083 bytes, 4.758 ms)
[2025-12-10 08:00:56] Meter 205: Generated 1.623 kWh (encrypted: 334184 bytes, 4.310 ms)
[2025-12-10 08:01:16] Meter 205: Generated 7.097 kWh (encrypted: 334417 bytes, 4.476 ms)
[2025-12-10 08:01:31] NETWORK INFO: Server authentication successful for node: aggregator-001
✓ Aggregator connected: aggregator-001 from 127.0.0.1
✓ Sent 334417 bytes to aggregator-001 (6.71ms)
Session completed with aggregator-001
[2025-12-10 08:01:36] Meter 205: Generated 4.548 kWh (encrypted: 334451 bytes, 4.699 ms)
[2025-12-10 08:01:56] Meter 205: Generated 5.008 kWh (encrypted: 334377 bytes, 4.278 ms)
[2025-12-10 08:02:16] Meter 205: Generated 1.886 kWh (encrypted: 334354 bytes, 6.214 ms)
[2025-12-10 08:02:33] NETWORK INFO: Server authentication successful for node: aggregator-001
✓ Aggregator connected: aggregator-001 from 127.0.0.1
✓ Sent 334354 bytes to aggregator-001 (0.39ms)
Session completed with aggregator-001
[2025-12-10 08:02:36] Meter 205: Generated 4.879 kWh (encrypted: 334326 bytes, 6.478 ms)
[2025-12-10 08:02:56] Meter 205: Generated 3.621 kWh (encrypted: 334321 bytes, 4.370 ms)
[2025-12-10 08:03:16] Meter 205: Generated 3.211 kWh (encrypted: 334305 bytes, 4.313 ms)
[2025-12-10 08:03:36] NETWORK INFO: Server authentication successful for node: aggregator-001
✓ Aggregator connected: aggregator-001 from 127.0.0.1
✓ Sent 334305 bytes to aggregator-001 (5.21ms)
Session completed with aggregator-001
[2025-12-10 08:03:36] Meter 205: Generated 3.811 kWh (encrypted: 334537 bytes, 22.847 ms)
[2025-12-10 08:03:56] Meter 205: Generated 3.561 kWh (encrypted: 334261 bytes, 4.503 ms)
[2025-12-10 08:04:16] Meter 205: Generated 6.959 kWh (encrypted: 334427 bytes, 4.536 ms)
[2025-12-10 08:04:36] Meter 205: Generated 6.363 kWh (encrypted: 334406 bytes, 4.347 ms)
[2025-12-10 08:04:39] NETWORK INFO: Server authentication successful for node: aggregator-001
✓ Aggregator connected: aggregator-001 from 127.0.0.1
✓ Sent 334406 bytes to aggregator-001 (20.92ms)
Session completed with aggregator-001
[2025-12-10 08:04:56] Meter 205: Generated 1.914 kWh (encrypted: 334375 bytes, 6.184 ms)
[2025-12-10 08:05:16] Meter 205: Generated 1.090 kWh (encrypted: 334418 bytes, 4.754 ms)
[2025-12-10 08:05:36] Meter 205: Generated 5.886 kWh (encrypted: 334521 bytes, 4.728 ms)
[2025-12-10 08:05:44] NETWORK INFO: Server authentication successful for node: aggregator-001
✓ Aggregator connected: aggregator-001 from 127.0.0.1
✓ Sent 334521 bytes to aggregator-001 (0.36ms)
Session completed with aggregator-001
[2025-12-10 08:05:56] Meter 205: Generated 5.859 kWh (encrypted: 334311 bytes, 4.547 ms)
[2025-12-10 08:06:16] Meter 205: Generated 3.234 kWh (encrypted: 334372 bytes, 5.562 ms)
[2025-12-10 08:06:36] Meter 205: Generated 5.113 kWh (encrypted: 334177 bytes, 5.206 ms)
[2025-12-10 08:06:50] NETWORK INFO: Server authentication successful for node: aggregator-001
✓ Aggregator connected: aggregator-001 from 127.0.0.1
✓ Sent 334177 bytes to aggregator-001 (6.28ms)
Session completed with aggregator-001
[2025-12-10 08:06:56] Meter 205: Generated 5.887 kWh (encrypted: 333331 bytes, 4.927 ms)
[2025-12-10 08:07:16] Meter 205: Generated 7.335 kWh (encrypted: 334251 bytes, 4.566 ms)
[2025-12-10 08:07:36] Meter 205: Generated 6.490 kWh (encrypted: 334192 bytes, 5.888 ms)
[2025-12-10 08:07:56] NETWORK INFO: Server authentication successful for node: aggregator-001
✓ Aggregator connected: aggregator-001 from 127.0.0.1
✓ Sent 334192 bytes to aggregator-001 (0.35ms)
Session completed with aggregator-001
[2025-12-10 08:07:56] Meter 205: Generated 2.100 kWh (encrypted: 334166 bytes, 7.251 ms)
[2025-12-10 08:08:16] Meter 205: Generated 6.239 kWh (encrypted: 333340 bytes, 7.296 ms)
[2025-12-10 08:08:36] Meter 205: Generated 3.405 kWh (encrypted: 334131 bytes, 7.485 ms)
[2025-12-10 08:08:56] Meter 205: Generated 3.136 kWh (encrypted: 334492 bytes, 9.305 ms)
[2025-12-10 08:09:01] NETWORK INFO: Server authentication successful for node: aggregator-001
✓ Aggregator connected: aggregator-001 from 127.0.0.1
✓ Sent 334492 bytes to aggregator-001 (0.38ms)
Session completed with aggregator-001
[2025-12-10 08:09:17] Meter 205: Generated 3.913 kWh (encrypted: 334486 bytes, 9.220 ms)
[2025-12-10 08:09:37] Meter 205: Generated 4.028 kWh (encrypted: 334538 bytes, 4.801 ms)
[2025-12-10 08:09:57] Meter 205: Generated 3.181 kWh (encrypted: 334256 bytes, 4.819 ms)
[2025-12-10 08:10:06] NETWORK INFO: Server authentication successful for node: aggregator-001
✓ Aggregator connected: aggregator-001 from 127.0.0.1
✓ Sent 334256 bytes to aggregator-001 (23.48ms)
Session completed with aggregator-001
[2025-12-10 08:10:17] Meter 205: Generated 5.628 kWh (encrypted: 334429 bytes, 6.409 ms)
[2025-12-10 08:10:37] Meter 205: Generated 4.468 kWh (encrypted: 334422 bytes, 4.314 ms)
[2025-12-10 08:10:57] Meter 205: Generated 4.088 kWh (encrypted: 334152 bytes, 8.300 ms)
[2025-12-10 08:11:12] NETWORK INFO: Server authentication successful for node: aggregator-001
✓ Aggregator connected: aggregator-001 from 127.0.0.1
✓ Sent 334152 bytes to aggregator-001 (1.02ms)
Session completed with aggregator-001
[2025-12-10 08:11:17] Meter 205: Generated 1.569 kWh (encrypted: 334344 bytes, 6.765 ms)
[2025-12-10 08:11:37] Meter 205: Generated 6.832 kWh (encrypted: 333301 bytes, 5.747 ms)
[2025-12-10 08:11:57] Meter 205: Generated 7.183 kWh (encrypted: 334410 bytes, 7.039 ms)
[2025-12-10 08:12:17] Meter 205: Generated 4.529 kWh (encrypted: 334340 bytes, 6.510 ms)
[2025-12-10 08:12:17] NETWORK INFO: Server authentication successful for node: aggregator-001
✓ Aggregator connected: aggregator-001 from 127.0.0.1
✓ Sent 334340 bytes to aggregator-001 (0.42ms)
Session completed with aggregator-001

Received shutdown signal. Gracefully shutting down smart meter...
Network server thread stopped
Data generation thread stopped
Smart meter 205 shutdown complete
