=== Continuous Smart Meter Server 430 ===
Initializing for continuous operation...
SEAL context initialized
Loaded certificate: smart-meter-430
Requesting public keys from KDC...
[2025-12-10 08:03:56] NETWORK ERROR: Failed to connect to 127.0.0.1:8444: Connection refused
Error: Failed to connect to KDC at 127.0.0.1:8444
Error: Failed to send key request to KDC
Failed to obtain keys from KDC, falling back to file keys
Loaded keys from fallback files
Cryptographic components initialized
[2025-12-10 08:03:56] NETWORK INFO: Server socket created and listening on port 9430
✓ Smart meter server ready on port 9430
Data transmission interval: 20 seconds (15x accelerated - simulates 5min)
✓ Performance metrics CSV files initialized in performance_data/
Starting continuous smart meter operation...
Press Ctrl+C to stop gracefully
Data generation thread started
Network server thread started on port 9430
[2025-12-10 08:04:16] Meter 430: Generated 1.096 kWh (encrypted: 334069 bytes, 5.259 ms)
[2025-12-10 08:04:36] Meter 430: Generated 5.813 kWh (encrypted: 334459 bytes, 4.503 ms)
[2025-12-10 08:04:40] NETWORK INFO: Server authentication successful for node: aggregator-001
✓ Aggregator connected: aggregator-001 from 127.0.0.1
✓ Sent 334459 bytes to aggregator-001 (0.68ms)
Session completed with aggregator-001
[2025-12-10 08:04:56] Meter 430: Generated 2.451 kWh (encrypted: 334300 bytes, 4.690 ms)
[2025-12-10 08:05:17] Meter 430: Generated 3.644 kWh (encrypted: 334291 bytes, 4.640 ms)
[2025-12-10 08:05:37] Meter 430: Generated 5.062 kWh (encrypted: 334460 bytes, 4.687 ms)
[2025-12-10 08:05:44] NETWORK INFO: Server authentication successful for node: aggregator-001
✓ Aggregator connected: aggregator-001 from 127.0.0.1
✓ Sent 334460 bytes to aggregator-001 (0.31ms)
Session completed with aggregator-001
[2025-12-10 08:05:57] Meter 430: Generated 3.908 kWh (encrypted: 334354 bytes, 6.284 ms)
[2025-12-10 08:06:17] Meter 430: Generated 7.166 kWh (encrypted: 334211 bytes, 4.990 ms)
[2025-12-10 08:06:37] Meter 430: Generated 4.074 kWh (encrypted: 334158 bytes, 4.710 ms)
[2025-12-10 08:06:50] NETWORK INFO: Server authentication successful for node: aggregator-001
✓ Aggregator connected: aggregator-001 from 127.0.0.1
✓ Sent 334158 bytes to aggregator-001 (0.34ms)
Session completed with aggregator-001
[2025-12-10 08:06:57] Meter 430: Generated 1.830 kWh (encrypted: 334290 bytes, 5.806 ms)
[2025-12-10 08:07:17] Meter 430: Generated 1.537 kWh (encrypted: 334451 bytes, 5.421 ms)
[2025-12-10 08:07:37] Meter 430: Generated 6.133 kWh (encrypted: 334378 bytes, 7.634 ms)
[2025-12-10 08:07:56] NETWORK INFO: Server authentication successful for node: aggregator-001
✓ Aggregator connected: aggregator-001 from 127.0.0.1
✓ Sent 334378 bytes to aggregator-001 (3.82ms)
Session completed with aggregator-001
[2025-12-10 08:07:57] Meter 430: Generated 5.156 kWh (encrypted: 334179 bytes, 6.574 ms)
[2025-12-10 08:08:17] Meter 430: Generated 4.800 kWh (encrypted: 333778 bytes, 5.202 ms)
[2025-12-10 08:08:37] Meter 430: Generated 7.432 kWh (encrypted: 334350 bytes, 4.511 ms)
[2025-12-10 08:08:57] Meter 430: Generated 3.653 kWh (encrypted: 334247 bytes, 6.241 ms)
[2025-12-10 08:09:01] NETWORK INFO: Server authentication successful for node: aggregator-001
✓ Aggregator connected: aggregator-001 from 127.0.0.1
✓ Sent 334247 bytes to aggregator-001 (0.34ms)
Session completed with aggregator-001
[2025-12-10 08:09:17] Meter 430: Generated 2.770 kWh (encrypted: 334189 bytes, 4.813 ms)
[2025-12-10 08:09:37] Meter 430: Generated 2.112 kWh (encrypted: 334429 bytes, 4.842 ms)
[2025-12-10 08:09:57] Meter 430: Generated 0.996 kWh (encrypted: 334164 bytes, 5.053 ms)
[2025-12-10 08:10:06] NETWORK INFO: Server authentication successful for node: aggregator-001
✓ Aggregator connected: aggregator-001 from 127.0.0.1
✓ Sent 334164 bytes to aggregator-001 (0.42ms)
Session completed with aggregator-001
[2025-12-10 08:10:17] Meter 430: Generated 1.962 kWh (encrypted: 334465 bytes, 5.100 ms)
[2025-12-10 08:10:37] Meter 430: Generated 1.345 kWh (encrypted: 334203 bytes, 5.168 ms)
[2025-12-10 08:10:57] Meter 430: Generated 1.875 kWh (encrypted: 334067 bytes, 5.076 ms)
[2025-12-10 08:11:12] NETWORK INFO: Server authentication successful for node: aggregator-001
✓ Aggregator connected: aggregator-001 from 127.0.0.1
✓ Sent 334067 bytes to aggregator-001 (2.50ms)
Session completed with aggregator-001
[2025-12-10 08:11:17] Meter 430: Generated 2.210 kWh (encrypted: 334345 bytes, 7.365 ms)
[2025-12-10 08:11:37] Meter 430: Generated 4.438 kWh (encrypted: 334418 bytes, 4.714 ms)
[2025-12-10 08:11:57] Meter 430: Generated 6.413 kWh (encrypted: 334436 bytes, 4.983 ms)
[2025-12-10 08:12:17] Meter 430: Generated 4.135 kWh (encrypted: 334406 bytes, 7.594 ms)
[2025-12-10 08:12:17] NETWORK INFO: Server authentication successful for node: aggregator-001
✓ Aggregator connected: aggregator-001 from 127.0.0.1
✓ Sent 334406 bytes to aggregator-001 (1.82ms)
Session completed with aggregator-001

Received shutdown signal. Gracefully shutting down smart meter...
Network server thread stopped
Data generation thread stopped
Smart meter 430 shutdown complete
