=== Continuous Smart Meter Server 494 ===
Initializing for continuous operation...
SEAL context initialized
Loaded certificate: smart-meter-494
Requesting public keys from KDC...
[2025-12-10 08:05:17] NETWORK ERROR: Failed to connect to 127.0.0.1:8444: Connection refused
Error: Failed to connect to KDC at 127.0.0.1:8444
Error: Failed to send key request to KDC
Failed to obtain keys from KDC, falling back to file keys
Loaded keys from fallback files
Cryptographic components initialized
[2025-12-10 08:05:17] NETWORK INFO: Server socket created and listening on port 9494
✓ Smart meter server ready on port 9494
Data transmission interval: 20 seconds (15x accelerated - simulates 5min)
✓ Performance metrics CSV files initialized in performance_data/
Starting continuous smart meter operation...
Press Ctrl+C to stop gracefully
Data generation thread started
Network server thread started on port 9494
[2025-12-10 08:05:37] Meter 494: Generated 5.787 kWh (encrypted: 334158 bytes, 4.840 ms)
[2025-12-10 08:05:44] NETWORK INFO: Server authentication successful for node: aggregator-001
✓ Aggregator connected: aggregator-001 from 127.0.0.1
✓ Sent 334158 bytes to aggregator-001 (2.72ms)
Session completed with aggregator-001
[2025-12-10 08:05:57] Meter 494: Generated 1.453 kWh (encrypted: 334403 bytes, 6.567 ms)
[2025-12-10 08:06:17] Meter 494: Generated 0.846 kWh (encrypted: 334164 bytes, 6.392 ms)
[2025-12-10 08:06:37] Meter 494: Generated 3.075 kWh (encrypted: 334271 bytes, 4.815 ms)
[2025-12-10 08:06:50] NETWORK INFO: Server authentication successful for node: aggregator-001
✓ Aggregator connected: aggregator-001 from 127.0.0.1
✓ Sent 334271 bytes to aggregator-001 (0.86ms)
Session completed with aggregator-001
[2025-12-10 08:06:57] Meter 494: Generated 2.239 kWh (encrypted: 334421 bytes, 4.673 ms)
[2025-12-10 08:07:17] Meter 494: Generated 7.300 kWh (encrypted: 334152 bytes, 6.550 ms)
[2025-12-10 08:07:37] Meter 494: Generated 6.440 kWh (encrypted: 334346 bytes, 5.677 ms)
[2025-12-10 08:07:56] NETWORK INFO: Server authentication successful for node: aggregator-001
✓ Aggregator connected: aggregator-001 from 127.0.0.1
✓ Sent 334346 bytes to aggregator-001 (1.31ms)
Session completed with aggregator-001
[2025-12-10 08:07:57] Meter 494: Generated 5.360 kWh (encrypted: 334402 bytes, 4.562 ms)
[2025-12-10 08:08:17] Meter 494: Generated 5.360 kWh (encrypted: 334189 bytes, 6.566 ms)
[2025-12-10 08:08:37] Meter 494: Generated 0.931 kWh (encrypted: 334311 bytes, 4.562 ms)
[2025-12-10 08:08:57] Meter 494: Generated 0.862 kWh (encrypted: 334268 bytes, 6.491 ms)
[2025-12-10 08:09:01] NETWORK INFO: Server authentication successful for node: aggregator-001
✓ Aggregator connected: aggregator-001 from 127.0.0.1
✓ Sent 334268 bytes to aggregator-001 (0.35ms)
Session completed with aggregator-001
[2025-12-10 08:09:18] Meter 494: Generated 7.296 kWh (encrypted: 334263 bytes, 6.879 ms)
[2025-12-10 08:09:38] Meter 494: Generated 3.922 kWh (encrypted: 334369 bytes, 13.655 ms)
[2025-12-10 08:09:58] Meter 494: Generated 4.797 kWh (encrypted: 334310 bytes, 4.436 ms)
[2025-12-10 08:10:06] NETWORK INFO: Server authentication successful for node: aggregator-001
✓ Aggregator connected: aggregator-001 from 127.0.0.1
✓ Sent 334310 bytes to aggregator-001 (22.36ms)
Session completed with aggregator-001
[2025-12-10 08:10:18] Meter 494: Generated 2.629 kWh (encrypted: 334370 bytes, 12.790 ms)
[2025-12-10 08:10:38] Meter 494: Generated 4.283 kWh (encrypted: 334484 bytes, 5.847 ms)
[2025-12-10 08:10:58] Meter 494: Generated 1.861 kWh (encrypted: 334413 bytes, 6.069 ms)
[2025-12-10 08:11:12] NETWORK INFO: Server authentication successful for node: aggregator-001
✓ Aggregator connected: aggregator-001 from 127.0.0.1
✓ Sent 334413 bytes to aggregator-001 (0.36ms)
Session completed with aggregator-001
[2025-12-10 08:11:18] Meter 494: Generated 0.992 kWh (encrypted: 334238 bytes, 5.069 ms)
[2025-12-10 08:11:38] Meter 494: Generated 7.026 kWh (encrypted: 334373 bytes, 7.336 ms)
[2025-12-10 08:11:58] Meter 494: Generated 3.088 kWh (encrypted: 334522 bytes, 4.840 ms)
[2025-12-10 08:12:17] NETWORK INFO: Server authentication successful for node: aggregator-001
✓ Aggregator connected: aggregator-001 from 127.0.0.1
✓ Sent 334522 bytes to aggregator-001 (0.42ms)
Session completed with aggregator-001
[2025-12-10 08:12:18] Meter 494: Generated 7.540 kWh (encrypted: 334403 bytes, 6.904 ms)

Received shutdown signal. Gracefully shutting down smart meter...
Network server thread stopped
Data generation thread stopped
Smart meter 494 shutdown complete
