=== Continuous Smart Meter Server 268 ===
Initializing for continuous operation...
SEAL context initialized
Loaded certificate: smart-meter-268
Requesting public keys from KDC...
[2025-12-10 08:00:34] NETWORK ERROR: Failed to connect to 127.0.0.1:8444: Connection refused
Error: Failed to connect to KDC at 127.0.0.1:8444
Error: Failed to send key request to KDC
Failed to obtain keys from KDC, falling back to file keys
Loaded keys from fallback files
Cryptographic components initialized
[2025-12-10 08:00:34] NETWORK INFO: Server socket created and listening on port 9268
✓ Smart meter server ready on port 9268
Data transmission interval: 20 seconds (15x accelerated - simulates 5min)
✓ Performance metrics CSV files initialized in performance_data/
Starting continuous smart meter operation...
Press Ctrl+C to stop gracefully
Data generation thread started
Network server thread started on port 9268
[2025-12-10 08:00:54] Meter 268: Generated 7.178 kWh (encrypted: 334529 bytes, 5.618 ms)
[2025-12-10 08:01:14] Meter 268: Generated 2.689 kWh (encrypted: 334421 bytes, 5.173 ms)
[2025-12-10 08:01:31] NETWORK INFO: Server authentication successful for node: aggregator-001
✓ Aggregator connected: aggregator-001 from 127.0.0.1
✓ Sent 334421 bytes to aggregator-001 (6.46ms)
Session completed with aggregator-001
[2025-12-10 08:01:34] Meter 268: Generated 4.392 kWh (encrypted: 334293 bytes, 5.220 ms)
[2025-12-10 08:01:54] Meter 268: Generated 2.754 kWh (encrypted: 334122 bytes, 7.404 ms)
[2025-12-10 08:02:14] Meter 268: Generated 4.995 kWh (encrypted: 334385 bytes, 4.633 ms)
[2025-12-10 08:02:33] NETWORK INFO: Server authentication successful for node: aggregator-001
✓ Aggregator connected: aggregator-001 from 127.0.0.1
✓ Sent 334385 bytes to aggregator-001 (0.34ms)
Session completed with aggregator-001
[2025-12-10 08:02:34] Meter 268: Generated 5.329 kWh (encrypted: 333941 bytes, 6.165 ms)
[2025-12-10 08:02:54] Meter 268: Generated 4.980 kWh (encrypted: 334270 bytes, 6.336 ms)
[2025-12-10 08:03:14] Meter 268: Generated 4.611 kWh (encrypted: 334384 bytes, 4.523 ms)
[2025-12-10 08:03:34] Meter 268: Generated 6.686 kWh (encrypted: 334003 bytes, 4.392 ms)
[2025-12-10 08:03:36] NETWORK INFO: Server authentication successful for node: aggregator-001
✓ Aggregator connected: aggregator-001 from 127.0.0.1
✓ Sent 334003 bytes to aggregator-001 (0.38ms)
Session completed with aggregator-001
[2025-12-10 08:03:54] Meter 268: Generated 3.899 kWh (encrypted: 334339 bytes, 4.763 ms)
[2025-12-10 08:04:14] Meter 268: Generated 6.915 kWh (encrypted: 334189 bytes, 8.576 ms)
[2025-12-10 08:04:34] Meter 268: Generated 5.049 kWh (encrypted: 334188 bytes, 4.567 ms)
[2025-12-10 08:04:39] NETWORK INFO: Server authentication successful for node: aggregator-001
✓ Aggregator connected: aggregator-001 from 127.0.0.1
✓ Sent 334188 bytes to aggregator-001 (0.39ms)
Session completed with aggregator-001
[2025-12-10 08:04:54] Meter 268: Generated 6.606 kWh (encrypted: 334266 bytes, 4.708 ms)
[2025-12-10 08:05:14] Meter 268: Generated 4.028 kWh (encrypted: 334173 bytes, 4.358 ms)
[2025-12-10 08:05:34] Meter 268: Generated 3.084 kWh (encrypted: 334466 bytes, 4.732 ms)
[2025-12-10 08:05:44] NETWORK INFO: Server authentication successful for node: aggregator-001
✓ Aggregator connected: aggregator-001 from 127.0.0.1
✓ Sent 334466 bytes to aggregator-001 (0.39ms)
Session completed with aggregator-001
[2025-12-10 08:05:54] Meter 268: Generated 7.107 kWh (encrypted: 334114 bytes, 5.205 ms)
[2025-12-10 08:06:14] Meter 268: Generated 5.519 kWh (encrypted: 334472 bytes, 7.800 ms)
[2025-12-10 08:06:34] Meter 268: Generated 1.159 kWh (encrypted: 334332 bytes, 8.345 ms)
[2025-12-10 08:06:50] NETWORK INFO: Server authentication successful for node: aggregator-001
✓ Aggregator connected: aggregator-001 from 127.0.0.1
✓ Sent 334332 bytes to aggregator-001 (0.39ms)
Session completed with aggregator-001
[2025-12-10 08:06:54] Meter 268: Generated 2.027 kWh (encrypted: 334453 bytes, 4.655 ms)
[2025-12-10 08:07:14] Meter 268: Generated 6.815 kWh (encrypted: 334226 bytes, 9.808 ms)
[2025-12-10 08:07:34] Meter 268: Generated 1.118 kWh (encrypted: 334232 bytes, 7.143 ms)
[2025-12-10 08:07:54] Meter 268: Generated 2.613 kWh (encrypted: 334088 bytes, 7.116 ms)
[2025-12-10 08:07:56] NETWORK INFO: Server authentication successful for node: aggregator-001
✓ Aggregator connected: aggregator-001 from 127.0.0.1
✓ Sent 334088 bytes to aggregator-001 (14.97ms)
Session completed with aggregator-001
[2025-12-10 08:08:14] Meter 268: Generated 0.969 kWh (encrypted: 334103 bytes, 8.348 ms)
[2025-12-10 08:08:34] Meter 268: Generated 4.876 kWh (encrypted: 334332 bytes, 5.852 ms)
[2025-12-10 08:08:54] Meter 268: Generated 6.403 kWh (encrypted: 334439 bytes, 6.409 ms)
[2025-12-10 08:09:01] NETWORK INFO: Server authentication successful for node: aggregator-001
✓ Aggregator connected: aggregator-001 from 127.0.0.1
✓ Sent 334439 bytes to aggregator-001 (0.52ms)
Session completed with aggregator-001
[2025-12-10 08:09:14] Meter 268: Generated 0.971 kWh (encrypted: 334176 bytes, 6.637 ms)
[2025-12-10 08:09:34] Meter 268: Generated 4.266 kWh (encrypted: 333974 bytes, 6.225 ms)
[2025-12-10 08:09:54] Meter 268: Generated 2.532 kWh (encrypted: 334286 bytes, 4.837 ms)
[2025-12-10 08:10:06] NETWORK INFO: Server authentication successful for node: aggregator-001
✓ Aggregator connected: aggregator-001 from 127.0.0.1
✓ Sent 334286 bytes to aggregator-001 (0.40ms)
Session completed with aggregator-001
[2025-12-10 08:10:14] Meter 268: Generated 7.189 kWh (encrypted: 334159 bytes, 7.151 ms)
[2025-12-10 08:10:34] Meter 268: Generated 5.161 kWh (encrypted: 334128 bytes, 4.931 ms)
[2025-12-10 08:10:54] Meter 268: Generated 3.372 kWh (encrypted: 334406 bytes, 4.775 ms)
[2025-12-10 08:11:12] NETWORK INFO: Server authentication successful for node: aggregator-001
✓ Aggregator connected: aggregator-001 from 127.0.0.1
✓ Sent 334406 bytes to aggregator-001 (0.37ms)
Session completed with aggregator-001
[2025-12-10 08:11:14] Meter 268: Generated 4.190 kWh (encrypted: 334427 bytes, 6.663 ms)
[2025-12-10 08:11:34] Meter 268: Generated 2.434 kWh (encrypted: 334400 bytes, 4.540 ms)
[2025-12-10 08:11:54] Meter 268: Generated 6.017 kWh (encrypted: 334422 bytes, 12.615 ms)
[2025-12-10 08:12:14] Meter 268: Generated 1.626 kWh (encrypted: 333758 bytes, 6.779 ms)
[2025-12-10 08:12:17] NETWORK INFO: Server authentication successful for node: aggregator-001
✓ Aggregator connected: aggregator-001 from 127.0.0.1
✓ Sent 333758 bytes to aggregator-001 (0.36ms)
Session completed with aggregator-001
[2025-12-10 08:12:34] Meter 268: Generated 4.356 kWh (encrypted: 333919 bytes, 5.143 ms)

Received shutdown signal. Gracefully shutting down smart meter...
Network server thread stopped
Data generation thread stopped
Smart meter 268 shutdown complete
