=== Continuous Smart Meter Server 466 ===
Initializing for continuous operation...
SEAL context initialized
Loaded certificate: smart-meter-466
Requesting public keys from KDC...
[2025-12-10 08:04:42] NETWORK ERROR: Failed to connect to 127.0.0.1:8444: Connection refused
Error: Failed to connect to KDC at 127.0.0.1:8444
Error: Failed to send key request to KDC
Failed to obtain keys from KDC, falling back to file keys
Loaded keys from fallback files
Cryptographic components initialized
[2025-12-10 08:04:42] NETWORK INFO: Server socket created and listening on port 9466
✓ Smart meter server ready on port 9466
Data transmission interval: 20 seconds (15x accelerated - simulates 5min)
✓ Performance metrics CSV files initialized in performance_data/
Starting continuous smart meter operation...
Press Ctrl+C to stop gracefully
Data generation thread started
Network server thread started on port 9466
[2025-12-10 08:05:02] Meter 466: Generated 3.318 kWh (encrypted: 334414 bytes, 5.058 ms)
[2025-12-10 08:05:22] Meter 466: Generated 4.297 kWh (encrypted: 334494 bytes, 4.634 ms)
[2025-12-10 08:05:42] Meter 466: Generated 6.831 kWh (encrypted: 334430 bytes, 5.972 ms)
[2025-12-10 08:05:44] NETWORK INFO: Server authentication successful for node: aggregator-001
✓ Aggregator connected: aggregator-001 from 127.0.0.1
✓ Sent 334430 bytes to aggregator-001 (0.77ms)
Session completed with aggregator-001
[2025-12-10 08:06:02] Meter 466: Generated 6.196 kWh (encrypted: 334350 bytes, 4.749 ms)
[2025-12-10 08:06:22] Meter 466: Generated 7.335 kWh (encrypted: 334214 bytes, 6.766 ms)
[2025-12-10 08:06:42] Meter 466: Generated 1.655 kWh (encrypted: 334378 bytes, 4.676 ms)
[2025-12-10 08:06:50] NETWORK INFO: Server authentication successful for node: aggregator-001
✓ Aggregator connected: aggregator-001 from 127.0.0.1
✓ Sent 334378 bytes to aggregator-001 (0.39ms)
Session completed with aggregator-001
[2025-12-10 08:07:02] Meter 466: Generated 3.663 kWh (encrypted: 334413 bytes, 4.585 ms)
[2025-12-10 08:07:22] Meter 466: Generated 5.280 kWh (encrypted: 334229 bytes, 4.690 ms)
[2025-12-10 08:07:42] Meter 466: Generated 4.215 kWh (encrypted: 334325 bytes, 4.662 ms)
[2025-12-10 08:07:56] NETWORK INFO: Server authentication successful for node: aggregator-001
✓ Aggregator connected: aggregator-001 from 127.0.0.1
✓ Sent 334325 bytes to aggregator-001 (0.42ms)
Session completed with aggregator-001
[2025-12-10 08:08:02] Meter 466: Generated 5.335 kWh (encrypted: 334112 bytes, 5.747 ms)
[2025-12-10 08:08:22] Meter 466: Generated 2.996 kWh (encrypted: 334416 bytes, 4.811 ms)
[2025-12-10 08:08:42] Meter 466: Generated 6.715 kWh (encrypted: 334196 bytes, 4.530 ms)
[2025-12-10 08:09:01] NETWORK INFO: Server authentication successful for node: aggregator-001
✓ Aggregator connected: aggregator-001 from 127.0.0.1
✓ Sent 334196 bytes to aggregator-001 (2.35ms)
Session completed with aggregator-001
[2025-12-10 08:09:02] Meter 466: Generated 1.500 kWh (encrypted: 333917 bytes, 7.110 ms)
[2025-12-10 08:09:22] Meter 466: Generated 1.465 kWh (encrypted: 334424 bytes, 4.353 ms)
[2025-12-10 08:09:42] Meter 466: Generated 4.491 kWh (encrypted: 334169 bytes, 6.372 ms)
[2025-12-10 08:10:02] Meter 466: Generated 7.127 kWh (encrypted: 334272 bytes, 9.520 ms)
[2025-12-10 08:10:06] NETWORK INFO: Server authentication successful for node: aggregator-001
✓ Aggregator connected: aggregator-001 from 127.0.0.1
✓ Sent 334272 bytes to aggregator-001 (0.38ms)
Session completed with aggregator-001
[2025-12-10 08:10:22] Meter 466: Generated 6.794 kWh (encrypted: 334429 bytes, 5.531 ms)
[2025-12-10 08:10:42] Meter 466: Generated 3.229 kWh (encrypted: 334440 bytes, 4.708 ms)
[2025-12-10 08:11:02] Meter 466: Generated 7.341 kWh (encrypted: 334432 bytes, 4.496 ms)
[2025-12-10 08:11:12] NETWORK INFO: Server authentication successful for node: aggregator-001
✓ Aggregator connected: aggregator-001 from 127.0.0.1
✓ Sent 334432 bytes to aggregator-001 (0.40ms)
Session completed with aggregator-001
[2025-12-10 08:11:22] Meter 466: Generated 3.810 kWh (encrypted: 334236 bytes, 4.564 ms)
[2025-12-10 08:11:42] Meter 466: Generated 2.870 kWh (encrypted: 334345 bytes, 4.553 ms)
[2025-12-10 08:12:02] Meter 466: Generated 1.292 kWh (encrypted: 334471 bytes, 4.863 ms)
[2025-12-10 08:12:17] NETWORK INFO: Server authentication successful for node: aggregator-001
✓ Aggregator connected: aggregator-001 from 127.0.0.1
✓ Sent 334471 bytes to aggregator-001 (0.35ms)
Session completed with aggregator-001
[2025-12-10 08:12:22] Meter 466: Generated 3.930 kWh (encrypted: 334392 bytes, 4.849 ms)

Received shutdown signal. Gracefully shutting down smart meter...
Network server thread stopped
Data generation thread stopped
Smart meter 466 shutdown complete
