=== Continuous Smart Meter Server 171 ===
Initializing for continuous operation...
SEAL context initialized
Loaded certificate: smart-meter-171
Requesting public keys from KDC...
[2025-12-10 07:58:34] NETWORK ERROR: Failed to connect to 127.0.0.1:8444: Connection refused
Error: Failed to connect to KDC at 127.0.0.1:8444
Error: Failed to send key request to KDC
Failed to obtain keys from KDC, falling back to file keys
Loaded keys from fallback files
Cryptographic components initialized
[2025-12-10 07:58:34] NETWORK INFO: Server socket created and listening on port 9171
✓ Smart meter server ready on port 9171
Data transmission interval: 20 seconds (15x accelerated - simulates 5min)
✓ Performance metrics CSV files initialized in performance_data/
Starting continuous smart meter operation...
Press Ctrl+C to stop gracefully
Data generation thread started
Network server thread started on port 9171
[2025-12-10 07:58:54] Meter 171: Generated 1.043 kWh (encrypted: 333934 bytes, 5.029 ms)
[2025-12-10 07:59:14] Meter 171: Generated 5.485 kWh (encrypted: 334485 bytes, 4.818 ms)
[2025-12-10 07:59:26] NETWORK INFO: Server authentication successful for node: aggregator-001
✓ Aggregator connected: aggregator-001 from 127.0.0.1
✓ Sent 334485 bytes to aggregator-001 (14.73ms)
Session completed with aggregator-001
[2025-12-10 07:59:34] Meter 171: Generated 6.388 kWh (encrypted: 334403 bytes, 4.657 ms)
[2025-12-10 07:59:54] Meter 171: Generated 7.135 kWh (encrypted: 334255 bytes, 4.621 ms)
[2025-12-10 08:00:14] Meter 171: Generated 1.608 kWh (encrypted: 334398 bytes, 4.881 ms)
[2025-12-10 08:00:28] NETWORK INFO: Server authentication successful for node: aggregator-001
✓ Aggregator connected: aggregator-001 from 127.0.0.1
✓ Sent 334398 bytes to aggregator-001 (0.40ms)
Session completed with aggregator-001
[2025-12-10 08:00:34] Meter 171: Generated 1.164 kWh (encrypted: 334103 bytes, 6.452 ms)
[2025-12-10 08:00:54] Meter 171: Generated 2.479 kWh (encrypted: 334358 bytes, 4.625 ms)
[2025-12-10 08:01:14] Meter 171: Generated 5.238 kWh (encrypted: 334321 bytes, 4.548 ms)
[2025-12-10 08:01:31] NETWORK INFO: Server authentication successful for node: aggregator-001
✓ Aggregator connected: aggregator-001 from 127.0.0.1
✓ Sent 334321 bytes to aggregator-001 (0.38ms)
Session completed with aggregator-001
[2025-12-10 08:01:34] Meter 171: Generated 0.944 kWh (encrypted: 333360 bytes, 4.567 ms)
[2025-12-10 08:01:55] Meter 171: Generated 6.716 kWh (encrypted: 334376 bytes, 4.357 ms)
[2025-12-10 08:02:15] Meter 171: Generated 5.390 kWh (encrypted: 334460 bytes, 4.836 ms)
[2025-12-10 08:02:33] NETWORK INFO: Server authentication successful for node: aggregator-001
✓ Aggregator connected: aggregator-001 from 127.0.0.1
✓ Sent 334460 bytes to aggregator-001 (0.40ms)
Session completed with aggregator-001
[2025-12-10 08:02:35] Meter 171: Generated 2.729 kWh (encrypted: 334258 bytes, 5.043 ms)
[2025-12-10 08:02:55] Meter 171: Generated 2.650 kWh (encrypted: 334409 bytes, 5.036 ms)
[2025-12-10 08:03:15] Meter 171: Generated 6.752 kWh (encrypted: 334060 bytes, 6.066 ms)
[2025-12-10 08:03:35] Meter 171: Generated 1.990 kWh (encrypted: 334195 bytes, 6.605 ms)
[2025-12-10 08:03:36] NETWORK INFO: Server authentication successful for node: aggregator-001
✓ Aggregator connected: aggregator-001 from 127.0.0.1
✓ Sent 334195 bytes to aggregator-001 (5.34ms)
Session completed with aggregator-001
[2025-12-10 08:03:55] Meter 171: Generated 6.199 kWh (encrypted: 334065 bytes, 4.874 ms)
[2025-12-10 08:04:15] Meter 171: Generated 6.026 kWh (encrypted: 334385 bytes, 4.952 ms)
[2025-12-10 08:04:35] Meter 171: Generated 7.008 kWh (encrypted: 334096 bytes, 6.610 ms)
[2025-12-10 08:04:39] NETWORK INFO: Server authentication successful for node: aggregator-001
✓ Aggregator connected: aggregator-001 from 127.0.0.1
✓ Sent 334096 bytes to aggregator-001 (0.38ms)
Session completed with aggregator-001
[2025-12-10 08:04:55] Meter 171: Generated 1.512 kWh (encrypted: 334440 bytes, 4.743 ms)
[2025-12-10 08:05:15] Meter 171: Generated 5.696 kWh (encrypted: 334194 bytes, 5.036 ms)
[2025-12-10 08:05:35] Meter 171: Generated 3.222 kWh (encrypted: 334330 bytes, 5.549 ms)
[2025-12-10 08:05:44] NETWORK INFO: Server authentication successful for node: aggregator-001
✓ Aggregator connected: aggregator-001 from 127.0.0.1
✓ Sent 334330 bytes to aggregator-001 (0.49ms)
Session completed with aggregator-001
[2025-12-10 08:05:55] Meter 171: Generated 6.418 kWh (encrypted: 334520 bytes, 4.486 ms)
[2025-12-10 08:06:15] Meter 171: Generated 5.972 kWh (encrypted: 334071 bytes, 4.652 ms)
[2025-12-10 08:06:35] Meter 171: Generated 6.490 kWh (encrypted: 334406 bytes, 5.969 ms)
[2025-12-10 08:06:50] NETWORK INFO: Server authentication successful for node: aggregator-001
✓ Aggregator connected: aggregator-001 from 127.0.0.1
✓ Sent 334406 bytes to aggregator-001 (0.35ms)
Session completed with aggregator-001
[2025-12-10 08:06:55] Meter 171: Generated 7.122 kWh (encrypted: 334202 bytes, 4.625 ms)
[2025-12-10 08:07:15] Meter 171: Generated 2.734 kWh (encrypted: 334470 bytes, 4.326 ms)
[2025-12-10 08:07:35] Meter 171: Generated 5.675 kWh (encrypted: 334278 bytes, 19.423 ms)
[2025-12-10 08:07:55] Meter 171: Generated 5.392 kWh (encrypted: 334243 bytes, 4.457 ms)
[2025-12-10 08:07:56] NETWORK INFO: Server authentication successful for node: aggregator-001
✓ Aggregator connected: aggregator-001 from 127.0.0.1
✓ Sent 334243 bytes to aggregator-001 (0.41ms)
Session completed with aggregator-001
[2025-12-10 08:08:15] Meter 171: Generated 7.223 kWh (encrypted: 334192 bytes, 6.484 ms)
[2025-12-10 08:08:35] Meter 171: Generated 2.983 kWh (encrypted: 334160 bytes, 4.967 ms)
[2025-12-10 08:08:55] Meter 171: Generated 3.341 kWh (encrypted: 333809 bytes, 5.241 ms)
[2025-12-10 08:09:01] NETWORK INFO: Server authentication successful for node: aggregator-001
✓ Aggregator connected: aggregator-001 from 127.0.0.1
✓ Sent 333809 bytes to aggregator-001 (12.52ms)
Session completed with aggregator-001
[2025-12-10 08:09:15] Meter 171: Generated 5.309 kWh (encrypted: 334474 bytes, 4.833 ms)
[2025-12-10 08:09:35] Meter 171: Generated 1.324 kWh (encrypted: 334407 bytes, 4.559 ms)
[2025-12-10 08:09:55] Meter 171: Generated 2.197 kWh (encrypted: 334393 bytes, 5.255 ms)
[2025-12-10 08:10:06] NETWORK INFO: Server authentication successful for node: aggregator-001
✓ Aggregator connected: aggregator-001 from 127.0.0.1
✓ Sent 334393 bytes to aggregator-001 (0.36ms)
Session completed with aggregator-001
[2025-12-10 08:10:15] Meter 171: Generated 3.506 kWh (encrypted: 334445 bytes, 6.409 ms)
[2025-12-10 08:10:35] Meter 171: Generated 7.430 kWh (encrypted: 334491 bytes, 6.434 ms)
[2025-12-10 08:10:55] Meter 171: Generated 7.277 kWh (encrypted: 334455 bytes, 5.255 ms)
[2025-12-10 08:11:12] NETWORK INFO: Server authentication successful for node: aggregator-001
✓ Aggregator connected: aggregator-001 from 127.0.0.1
✓ Sent 334455 bytes to aggregator-001 (0.36ms)
Session completed with aggregator-001
[2025-12-10 08:11:15] Meter 171: Generated 5.006 kWh (encrypted: 334355 bytes, 6.563 ms)
[2025-12-10 08:11:35] Meter 171: Generated 5.521 kWh (encrypted: 334383 bytes, 6.643 ms)
[2025-12-10 08:11:55] Meter 171: Generated 1.221 kWh (encrypted: 334359 bytes, 5.926 ms)
[2025-12-10 08:12:15] Meter 171: Generated 5.939 kWh (encrypted: 334302 bytes, 5.711 ms)
[2025-12-10 08:12:17] NETWORK INFO: Server authentication successful for node: aggregator-001
✓ Aggregator connected: aggregator-001 from 127.0.0.1
✓ Sent 334302 bytes to aggregator-001 (5.67ms)
Session completed with aggregator-001

Received shutdown signal. Gracefully shutting down smart meter...
Network server thread stopped
Data generation thread stopped
Smart meter 171 shutdown complete
