=== Continuous Smart Meter Server 129 ===
Initializing for continuous operation...
SEAL context initialized
Loaded certificate: smart-meter-129
Requesting public keys from KDC...
[2025-12-10 07:57:43] NETWORK ERROR: Failed to connect to 127.0.0.1:8444: Connection refused
Error: Failed to connect to KDC at 127.0.0.1:8444
Error: Failed to send key request to KDC
Failed to obtain keys from KDC, falling back to file keys
Loaded keys from fallback files
Cryptographic components initialized
[2025-12-10 07:57:43] NETWORK INFO: Server socket created and listening on port 9129
✓ Smart meter server ready on port 9129
Data transmission interval: 20 seconds (15x accelerated - simulates 5min)
✓ Performance metrics CSV files initialized in performance_data/
Starting continuous smart meter operation...
Press Ctrl+C to stop gracefully
Data generation thread started
Network server thread started on port 9129
[2025-12-10 07:58:03] Meter 129: Generated 4.590 kWh (encrypted: 334411 bytes, 5.024 ms)
[2025-12-10 07:58:23] Meter 129: Generated 1.068 kWh (encrypted: 334253 bytes, 4.532 ms)
[2025-12-10 07:58:25] NETWORK INFO: Server authentication successful for node: aggregator-001
✓ Aggregator connected: aggregator-001 from 127.0.0.1
✓ Sent 334253 bytes to aggregator-001 (1.40ms)
Session completed with aggregator-001
[2025-12-10 07:58:43] Meter 129: Generated 6.378 kWh (encrypted: 334382 bytes, 4.677 ms)
[2025-12-10 07:59:03] Meter 129: Generated 6.860 kWh (encrypted: 334317 bytes, 4.485 ms)
[2025-12-10 07:59:23] Meter 129: Generated 4.905 kWh (encrypted: 333796 bytes, 4.744 ms)
[2025-12-10 07:59:26] NETWORK INFO: Server authentication successful for node: aggregator-001
✓ Aggregator connected: aggregator-001 from 127.0.0.1
✓ Sent 333796 bytes to aggregator-001 (0.35ms)
Session completed with aggregator-001
[2025-12-10 07:59:43] Meter 129: Generated 3.240 kWh (encrypted: 334200 bytes, 6.821 ms)
[2025-12-10 08:00:03] Meter 129: Generated 6.490 kWh (encrypted: 334309 bytes, 6.508 ms)
[2025-12-10 08:00:23] Meter 129: Generated 7.030 kWh (encrypted: 334481 bytes, 6.350 ms)
[2025-12-10 08:00:28] NETWORK INFO: Server authentication successful for node: aggregator-001
✓ Aggregator connected: aggregator-001 from 127.0.0.1
✓ Sent 334481 bytes to aggregator-001 (0.41ms)
Session completed with aggregator-001
[2025-12-10 08:00:43] Meter 129: Generated 7.335 kWh (encrypted: 334370 bytes, 6.364 ms)
[2025-12-10 08:01:03] Meter 129: Generated 5.992 kWh (encrypted: 334088 bytes, 4.735 ms)
[2025-12-10 08:01:23] Meter 129: Generated 3.580 kWh (encrypted: 334369 bytes, 5.561 ms)
[2025-12-10 08:01:31] NETWORK INFO: Server authentication successful for node: aggregator-001
✓ Aggregator connected: aggregator-001 from 127.0.0.1
✓ Sent 334369 bytes to aggregator-001 (0.35ms)
Session completed with aggregator-001
[2025-12-10 08:01:43] Meter 129: Generated 1.571 kWh (encrypted: 334321 bytes, 4.318 ms)
[2025-12-10 08:02:03] Meter 129: Generated 2.954 kWh (encrypted: 334283 bytes, 4.719 ms)
[2025-12-10 08:02:23] Meter 129: Generated 6.679 kWh (encrypted: 334354 bytes, 4.818 ms)
[2025-12-10 08:02:33] NETWORK INFO: Server authentication successful for node: aggregator-001
✓ Aggregator connected: aggregator-001 from 127.0.0.1
✓ Sent 334354 bytes to aggregator-001 (0.38ms)
Session completed with aggregator-001
[2025-12-10 08:02:43] Meter 129: Generated 7.372 kWh (encrypted: 334179 bytes, 4.529 ms)
[2025-12-10 08:03:03] Meter 129: Generated 1.796 kWh (encrypted: 334298 bytes, 6.494 ms)
[2025-12-10 08:03:23] Meter 129: Generated 0.859 kWh (encrypted: 334251 bytes, 5.506 ms)
[2025-12-10 08:03:36] NETWORK INFO: Server authentication successful for node: aggregator-001
✓ Aggregator connected: aggregator-001 from 127.0.0.1
✓ Sent 334251 bytes to aggregator-001 (5.49ms)
Session completed with aggregator-001
[2025-12-10 08:03:43] Meter 129: Generated 6.136 kWh (encrypted: 333890 bytes, 6.571 ms)
[2025-12-10 08:04:03] Meter 129: Generated 1.185 kWh (encrypted: 334374 bytes, 5.004 ms)
[2025-12-10 08:04:23] Meter 129: Generated 4.565 kWh (encrypted: 334429 bytes, 6.720 ms)
[2025-12-10 08:04:39] NETWORK INFO: Server authentication successful for node: aggregator-001
✓ Aggregator connected: aggregator-001 from 127.0.0.1
✓ Sent 334429 bytes to aggregator-001 (4.68ms)
Session completed with aggregator-001
[2025-12-10 08:04:43] Meter 129: Generated 5.844 kWh (encrypted: 334235 bytes, 12.806 ms)
[2025-12-10 08:05:03] Meter 129: Generated 4.561 kWh (encrypted: 334307 bytes, 7.261 ms)
[2025-12-10 08:05:23] Meter 129: Generated 7.388 kWh (encrypted: 334151 bytes, 6.452 ms)
[2025-12-10 08:05:43] Meter 129: Generated 5.163 kWh (encrypted: 334406 bytes, 5.530 ms)
[2025-12-10 08:05:44] NETWORK INFO: Server authentication successful for node: aggregator-001
✓ Aggregator connected: aggregator-001 from 127.0.0.1
✓ Sent 334406 bytes to aggregator-001 (0.37ms)
Session completed with aggregator-001
[2025-12-10 08:06:03] Meter 129: Generated 4.516 kWh (encrypted: 334379 bytes, 6.465 ms)
[2025-12-10 08:06:23] Meter 129: Generated 2.085 kWh (encrypted: 334196 bytes, 10.347 ms)
[2025-12-10 08:06:43] Meter 129: Generated 4.867 kWh (encrypted: 334335 bytes, 5.357 ms)
[2025-12-10 08:06:50] NETWORK INFO: Server authentication successful for node: aggregator-001
✓ Aggregator connected: aggregator-001 from 127.0.0.1
✓ Sent 334335 bytes to aggregator-001 (26.30ms)
Session completed with aggregator-001
[2025-12-10 08:07:03] Meter 129: Generated 6.302 kWh (encrypted: 334138 bytes, 5.105 ms)
[2025-12-10 08:07:23] Meter 129: Generated 1.613 kWh (encrypted: 334388 bytes, 6.502 ms)
[2025-12-10 08:07:43] Meter 129: Generated 2.277 kWh (encrypted: 334375 bytes, 4.912 ms)
[2025-12-10 08:07:56] NETWORK INFO: Server authentication successful for node: aggregator-001
✓ Aggregator connected: aggregator-001 from 127.0.0.1
✓ Sent 334375 bytes to aggregator-001 (0.36ms)
Session completed with aggregator-001
[2025-12-10 08:08:03] Meter 129: Generated 1.733 kWh (encrypted: 334473 bytes, 7.464 ms)
[2025-12-10 08:08:23] Meter 129: Generated 5.771 kWh (encrypted: 334434 bytes, 5.549 ms)
[2025-12-10 08:08:43] Meter 129: Generated 5.955 kWh (encrypted: 334465 bytes, 4.392 ms)
[2025-12-10 08:09:01] NETWORK INFO: Server authentication successful for node: aggregator-001
✓ Aggregator connected: aggregator-001 from 127.0.0.1
✓ Sent 334465 bytes to aggregator-001 (2.98ms)
Session completed with aggregator-001
[2025-12-10 08:09:03] Meter 129: Generated 1.679 kWh (encrypted: 334312 bytes, 4.495 ms)
[2025-12-10 08:09:23] Meter 129: Generated 3.252 kWh (encrypted: 334087 bytes, 6.536 ms)
[2025-12-10 08:09:43] Meter 129: Generated 6.095 kWh (encrypted: 334281 bytes, 7.491 ms)
[2025-12-10 08:10:03] Meter 129: Generated 6.743 kWh (encrypted: 334167 bytes, 7.573 ms)
[2025-12-10 08:10:06] NETWORK INFO: Server authentication successful for node: aggregator-001
✓ Aggregator connected: aggregator-001 from 127.0.0.1
✓ Sent 334167 bytes to aggregator-001 (0.37ms)
Session completed with aggregator-001
[2025-12-10 08:10:23] Meter 129: Generated 4.992 kWh (encrypted: 334173 bytes, 5.087 ms)
[2025-12-10 08:10:43] Meter 129: Generated 2.913 kWh (encrypted: 334447 bytes, 5.673 ms)
[2025-12-10 08:11:03] Meter 129: Generated 4.134 kWh (encrypted: 334161 bytes, 4.813 ms)
[2025-12-10 08:11:12] NETWORK INFO: Server authentication successful for node: aggregator-001
✓ Aggregator connected: aggregator-001 from 127.0.0.1
✓ Sent 334161 bytes to aggregator-001 (19.50ms)
Session completed with aggregator-001
[2025-12-10 08:11:23] Meter 129: Generated 6.112 kWh (encrypted: 334440 bytes, 4.787 ms)
[2025-12-10 08:11:43] Meter 129: Generated 5.239 kWh (encrypted: 334313 bytes, 4.634 ms)
[2025-12-10 08:12:03] Meter 129: Generated 4.065 kWh (encrypted: 334360 bytes, 5.770 ms)
[2025-12-10 08:12:17] NETWORK INFO: Server authentication successful for node: aggregator-001
✓ Aggregator connected: aggregator-001 from 127.0.0.1
✓ Sent 334360 bytes to aggregator-001 (0.38ms)
Session completed with aggregator-001
[2025-12-10 08:12:23] Meter 129: Generated 1.799 kWh (encrypted: 334523 bytes, 4.440 ms)

Received shutdown signal. Gracefully shutting down smart meter...
Network server thread stopped
Data generation thread stopped
Smart meter 129 shutdown complete
