=== Continuous Smart Meter Server 446 ===
Initializing for continuous operation...
SEAL context initialized
Loaded certificate: smart-meter-446
Requesting public keys from KDC...
[2025-12-10 08:04:17] NETWORK ERROR: Failed to connect to 127.0.0.1:8444: Connection refused
Error: Failed to connect to KDC at 127.0.0.1:8444
Error: Failed to send key request to KDC
Failed to obtain keys from KDC, falling back to file keys
Loaded keys from fallback files
Cryptographic components initialized
[2025-12-10 08:04:17] NETWORK INFO: Server socket created and listening on port 9446
✓ Smart meter server ready on port 9446
Data transmission interval: 20 seconds (15x accelerated - simulates 5min)
✓ Performance metrics CSV files initialized in performance_data/
Starting continuous smart meter operation...
Press Ctrl+C to stop gracefully
Data generation thread started
Network server thread started on port 9446
[2025-12-10 08:04:37] Meter 446: Generated 0.931 kWh (encrypted: 334246 bytes, 6.044 ms)
[2025-12-10 08:04:40] NETWORK INFO: Server authentication successful for node: aggregator-001
✓ Aggregator connected: aggregator-001 from 127.0.0.1
✓ Sent 334246 bytes to aggregator-001 (0.74ms)
Session completed with aggregator-001
[2025-12-10 08:04:57] Meter 446: Generated 5.221 kWh (encrypted: 334342 bytes, 4.588 ms)
[2025-12-10 08:05:17] Meter 446: Generated 1.014 kWh (encrypted: 334312 bytes, 5.016 ms)
[2025-12-10 08:05:37] Meter 446: Generated 4.169 kWh (encrypted: 334313 bytes, 5.925 ms)
[2025-12-10 08:05:44] NETWORK INFO: Server authentication successful for node: aggregator-001
✓ Aggregator connected: aggregator-001 from 127.0.0.1
✓ Sent 334313 bytes to aggregator-001 (0.37ms)
Session completed with aggregator-001
[2025-12-10 08:05:57] Meter 446: Generated 5.595 kWh (encrypted: 334500 bytes, 6.358 ms)
[2025-12-10 08:06:17] Meter 446: Generated 5.276 kWh (encrypted: 334316 bytes, 6.416 ms)
[2025-12-10 08:06:37] Meter 446: Generated 7.096 kWh (encrypted: 334388 bytes, 4.480 ms)
[2025-12-10 08:06:50] NETWORK INFO: Server authentication successful for node: aggregator-001
✓ Aggregator connected: aggregator-001 from 127.0.0.1
✓ Sent 334388 bytes to aggregator-001 (1.41ms)
Session completed with aggregator-001
[2025-12-10 08:06:57] Meter 446: Generated 2.816 kWh (encrypted: 334365 bytes, 9.797 ms)
[2025-12-10 08:07:17] Meter 446: Generated 4.529 kWh (encrypted: 334462 bytes, 7.109 ms)
[2025-12-10 08:07:37] Meter 446: Generated 2.541 kWh (encrypted: 334132 bytes, 4.370 ms)
[2025-12-10 08:07:56] NETWORK INFO: Server authentication successful for node: aggregator-001
✓ Aggregator connected: aggregator-001 from 127.0.0.1
✓ Sent 334132 bytes to aggregator-001 (3.71ms)
Session completed with aggregator-001
[2025-12-10 08:07:57] Meter 446: Generated 0.674 kWh (encrypted: 334333 bytes, 4.751 ms)
[2025-12-10 08:08:17] Meter 446: Generated 6.683 kWh (encrypted: 334357 bytes, 25.307 ms)
[2025-12-10 08:08:37] Meter 446: Generated 5.031 kWh (encrypted: 334364 bytes, 4.354 ms)
[2025-12-10 08:08:57] Meter 446: Generated 4.360 kWh (encrypted: 333964 bytes, 6.598 ms)
[2025-12-10 08:09:01] NETWORK INFO: Server authentication successful for node: aggregator-001
✓ Aggregator connected: aggregator-001 from 127.0.0.1
✓ Sent 333964 bytes to aggregator-001 (0.34ms)
Session completed with aggregator-001
[2025-12-10 08:09:17] Meter 446: Generated 2.596 kWh (encrypted: 334453 bytes, 4.968 ms)
[2025-12-10 08:09:37] Meter 446: Generated 1.251 kWh (encrypted: 334433 bytes, 6.135 ms)
[2025-12-10 08:09:57] Meter 446: Generated 6.198 kWh (encrypted: 334495 bytes, 4.652 ms)
[2025-12-10 08:10:06] NETWORK INFO: Server authentication successful for node: aggregator-001
✓ Aggregator connected: aggregator-001 from 127.0.0.1
✓ Sent 334495 bytes to aggregator-001 (0.57ms)
Session completed with aggregator-001
[2025-12-10 08:10:17] Meter 446: Generated 2.784 kWh (encrypted: 333781 bytes, 6.116 ms)
[2025-12-10 08:10:37] Meter 446: Generated 4.141 kWh (encrypted: 334176 bytes, 5.078 ms)
[2025-12-10 08:10:57] Meter 446: Generated 7.215 kWh (encrypted: 334448 bytes, 4.465 ms)
[2025-12-10 08:11:12] NETWORK INFO: Server authentication successful for node: aggregator-001
✓ Aggregator connected: aggregator-001 from 127.0.0.1
✓ Sent 334448 bytes to aggregator-001 (0.42ms)
Session completed with aggregator-001
[2025-12-10 08:11:17] Meter 446: Generated 3.848 kWh (encrypted: 334282 bytes, 16.765 ms)
[2025-12-10 08:11:37] Meter 446: Generated 1.578 kWh (encrypted: 334264 bytes, 7.671 ms)
[2025-12-10 08:11:57] Meter 446: Generated 4.794 kWh (encrypted: 334256 bytes, 7.892 ms)
[2025-12-10 08:12:17] Meter 446: Generated 1.115 kWh (encrypted: 334425 bytes, 6.546 ms)
[2025-12-10 08:12:17] NETWORK INFO: Server authentication successful for node: aggregator-001
✓ Aggregator connected: aggregator-001 from 127.0.0.1
✓ Sent 334425 bytes to aggregator-001 (0.34ms)
Session completed with aggregator-001

Received shutdown signal. Gracefully shutting down smart meter...
Network server thread stopped
Data generation thread stopped
Smart meter 446 shutdown complete
