=== Continuous Smart Meter Server 265 ===
Initializing for continuous operation...
SEAL context initialized
Loaded certificate: smart-meter-265
Requesting public keys from KDC...
[2025-12-10 08:00:30] NETWORK ERROR: Failed to connect to 127.0.0.1:8444: Connection refused
Error: Failed to connect to KDC at 127.0.0.1:8444
Error: Failed to send key request to KDC
Failed to obtain keys from KDC, falling back to file keys
Loaded keys from fallback files
Cryptographic components initialized
[2025-12-10 08:00:30] NETWORK INFO: Server socket created and listening on port 9265
✓ Smart meter server ready on port 9265
Data transmission interval: 20 seconds (15x accelerated - simulates 5min)
✓ Performance metrics CSV files initialized in performance_data/
Starting continuous smart meter operation...
Press Ctrl+C to stop gracefully
Data generation thread started
Network server thread started on port 9265
[2025-12-10 08:00:50] Meter 265: Generated 4.908 kWh (encrypted: 334137 bytes, 5.443 ms)
[2025-12-10 08:01:10] Meter 265: Generated 3.356 kWh (encrypted: 334410 bytes, 4.595 ms)
[2025-12-10 08:01:30] Meter 265: Generated 3.487 kWh (encrypted: 334258 bytes, 4.497 ms)
[2025-12-10 08:01:31] NETWORK INFO: Server authentication successful for node: aggregator-001
✓ Aggregator connected: aggregator-001 from 127.0.0.1
✓ Sent 334258 bytes to aggregator-001 (50.99ms)
Session completed with aggregator-001
[2025-12-10 08:01:50] Meter 265: Generated 2.791 kWh (encrypted: 334433 bytes, 4.696 ms)
[2025-12-10 08:02:10] Meter 265: Generated 5.018 kWh (encrypted: 334088 bytes, 4.613 ms)
[2025-12-10 08:02:30] Meter 265: Generated 4.306 kWh (encrypted: 334400 bytes, 5.657 ms)
[2025-12-10 08:02:33] NETWORK INFO: Server authentication successful for node: aggregator-001
✓ Aggregator connected: aggregator-001 from 127.0.0.1
✓ Sent 334400 bytes to aggregator-001 (0.36ms)
Session completed with aggregator-001
[2025-12-10 08:02:50] Meter 265: Generated 0.992 kWh (encrypted: 334193 bytes, 6.155 ms)
[2025-12-10 08:03:10] Meter 265: Generated 2.654 kWh (encrypted: 334310 bytes, 4.853 ms)
[2025-12-10 08:03:30] Meter 265: Generated 6.948 kWh (encrypted: 334322 bytes, 4.463 ms)
[2025-12-10 08:03:36] NETWORK INFO: Server authentication successful for node: aggregator-001
✓ Aggregator connected: aggregator-001 from 127.0.0.1
✓ Sent 334322 bytes to aggregator-001 (0.38ms)
Session completed with aggregator-001
[2025-12-10 08:03:50] Meter 265: Generated 0.946 kWh (encrypted: 334118 bytes, 4.736 ms)
[2025-12-10 08:04:10] Meter 265: Generated 3.958 kWh (encrypted: 334186 bytes, 4.482 ms)
[2025-12-10 08:04:30] Meter 265: Generated 1.454 kWh (encrypted: 334267 bytes, 6.493 ms)
[2025-12-10 08:04:40] NETWORK INFO: Server authentication successful for node: aggregator-001
✓ Aggregator connected: aggregator-001 from 127.0.0.1
✓ Sent 334267 bytes to aggregator-001 (1.19ms)
Session completed with aggregator-001
[2025-12-10 08:04:50] Meter 265: Generated 1.921 kWh (encrypted: 334370 bytes, 4.663 ms)
[2025-12-10 08:05:10] Meter 265: Generated 5.496 kWh (encrypted: 334327 bytes, 4.803 ms)
[2025-12-10 08:05:30] Meter 265: Generated 6.156 kWh (encrypted: 334163 bytes, 4.797 ms)
[2025-12-10 08:05:44] NETWORK INFO: Server authentication successful for node: aggregator-001
✓ Aggregator connected: aggregator-001 from 127.0.0.1
✓ Sent 334163 bytes to aggregator-001 (8.27ms)
Session completed with aggregator-001
[2025-12-10 08:05:50] Meter 265: Generated 2.691 kWh (encrypted: 334277 bytes, 4.779 ms)
[2025-12-10 08:06:10] Meter 265: Generated 4.320 kWh (encrypted: 334139 bytes, 6.874 ms)
[2025-12-10 08:06:30] Meter 265: Generated 1.678 kWh (encrypted: 334358 bytes, 4.847 ms)
[2025-12-10 08:06:50] NETWORK INFO: Server authentication successful for node: aggregator-001
✓ Aggregator connected: aggregator-001 from 127.0.0.1
✓ Sent 334358 bytes to aggregator-001 (3.44ms)
Session completed with aggregator-001
[2025-12-10 08:06:50] Meter 265: Generated 4.114 kWh (encrypted: 334170 bytes, 6.880 ms)
[2025-12-10 08:07:10] Meter 265: Generated 1.561 kWh (encrypted: 334505 bytes, 4.407 ms)
[2025-12-10 08:07:30] Meter 265: Generated 1.921 kWh (encrypted: 334288 bytes, 4.604 ms)
[2025-12-10 08:07:50] Meter 265: Generated 5.238 kWh (encrypted: 334166 bytes, 4.588 ms)
[2025-12-10 08:07:56] NETWORK INFO: Server authentication successful for node: aggregator-001
✓ Aggregator connected: aggregator-001 from 127.0.0.1
✓ Sent 334166 bytes to aggregator-001 (0.39ms)
Session completed with aggregator-001
[2025-12-10 08:08:10] Meter 265: Generated 3.187 kWh (encrypted: 334368 bytes, 6.681 ms)
[2025-12-10 08:08:30] Meter 265: Generated 4.026 kWh (encrypted: 334449 bytes, 4.622 ms)
[2025-12-10 08:08:50] Meter 265: Generated 4.478 kWh (encrypted: 334351 bytes, 6.801 ms)
[2025-12-10 08:09:01] NETWORK INFO: Server authentication successful for node: aggregator-001
✓ Aggregator connected: aggregator-001 from 127.0.0.1
✓ Sent 334351 bytes to aggregator-001 (0.38ms)
Session completed with aggregator-001
[2025-12-10 08:09:10] Meter 265: Generated 5.184 kWh (encrypted: 334159 bytes, 4.465 ms)
[2025-12-10 08:09:31] Meter 265: Generated 1.856 kWh (encrypted: 334228 bytes, 12.157 ms)
[2025-12-10 08:09:51] Meter 265: Generated 3.751 kWh (encrypted: 334254 bytes, 6.637 ms)
[2025-12-10 08:10:06] NETWORK INFO: Server authentication successful for node: aggregator-001
✓ Aggregator connected: aggregator-001 from 127.0.0.1
✓ Sent 334254 bytes to aggregator-001 (17.69ms)
Session completed with aggregator-001
[2025-12-10 08:10:11] Meter 265: Generated 5.620 kWh (encrypted: 334124 bytes, 5.377 ms)
[2025-12-10 08:10:31] Meter 265: Generated 7.271 kWh (encrypted: 334265 bytes, 4.879 ms)
[2025-12-10 08:10:51] Meter 265: Generated 2.898 kWh (encrypted: 334183 bytes, 4.424 ms)
[2025-12-10 08:11:11] Meter 265: Generated 4.687 kWh (encrypted: 334352 bytes, 6.974 ms)
[2025-12-10 08:11:12] NETWORK INFO: Server authentication successful for node: aggregator-001
✓ Aggregator connected: aggregator-001 from 127.0.0.1
✓ Sent 334352 bytes to aggregator-001 (0.35ms)
Session completed with aggregator-001
[2025-12-10 08:11:31] Meter 265: Generated 3.853 kWh (encrypted: 334332 bytes, 7.038 ms)
[2025-12-10 08:11:51] Meter 265: Generated 3.431 kWh (encrypted: 334371 bytes, 4.629 ms)
[2025-12-10 08:12:11] Meter 265: Generated 5.396 kWh (encrypted: 334409 bytes, 21.116 ms)
[2025-12-10 08:12:17] NETWORK INFO: Server authentication successful for node: aggregator-001
✓ Aggregator connected: aggregator-001 from 127.0.0.1
✓ Sent 334409 bytes to aggregator-001 (0.36ms)
Session completed with aggregator-001
[2025-12-10 08:12:31] Meter 265: Generated 5.625 kWh (encrypted: 334421 bytes, 4.773 ms)

Received shutdown signal. Gracefully shutting down smart meter...
Network server thread stopped
Data generation thread stopped
Smart meter 265 shutdown complete
