=== Continuous Smart Meter Server 194 ===
Initializing for continuous operation...
SEAL context initialized
Loaded certificate: smart-meter-194
Requesting public keys from KDC...
[2025-12-10 07:59:03] NETWORK ERROR: Failed to connect to 127.0.0.1:8444: Connection refused
Error: Failed to connect to KDC at 127.0.0.1:8444
Error: Failed to send key request to KDC
Failed to obtain keys from KDC, falling back to file keys
Loaded keys from fallback files
Cryptographic components initialized
[2025-12-10 07:59:03] NETWORK INFO: Server socket created and listening on port 9194
✓ Smart meter server ready on port 9194
Data transmission interval: 20 seconds (15x accelerated - simulates 5min)
✓ Performance metrics CSV files initialized in performance_data/
Starting continuous smart meter operation...
Press Ctrl+C to stop gracefully
Data generation thread started
Network server thread started on port 9194
[2025-12-10 07:59:23] Meter 194: Generated 2.823 kWh (encrypted: 334445 bytes, 7.530 ms)
[2025-12-10 07:59:26] NETWORK INFO: Server authentication successful for node: aggregator-001
✓ Aggregator connected: aggregator-001 from 127.0.0.1
✓ Sent 334445 bytes to aggregator-001 (4.99ms)
Session completed with aggregator-001
[2025-12-10 07:59:43] Meter 194: Generated 2.206 kWh (encrypted: 334418 bytes, 4.477 ms)
[2025-12-10 08:00:03] Meter 194: Generated 4.468 kWh (encrypted: 334446 bytes, 5.077 ms)
[2025-12-10 08:00:23] Meter 194: Generated 5.679 kWh (encrypted: 334289 bytes, 5.045 ms)
[2025-12-10 08:00:28] NETWORK INFO: Server authentication successful for node: aggregator-001
✓ Aggregator connected: aggregator-001 from 127.0.0.1
✓ Sent 334289 bytes to aggregator-001 (0.46ms)
Session completed with aggregator-001
[2025-12-10 08:00:43] Meter 194: Generated 6.684 kWh (encrypted: 334258 bytes, 5.358 ms)
[2025-12-10 08:01:03] Meter 194: Generated 5.709 kWh (encrypted: 334317 bytes, 4.783 ms)
[2025-12-10 08:01:23] Meter 194: Generated 1.883 kWh (encrypted: 334283 bytes, 4.846 ms)
[2025-12-10 08:01:31] NETWORK INFO: Server authentication successful for node: aggregator-001
✓ Aggregator connected: aggregator-001 from 127.0.0.1
✓ Sent 334283 bytes to aggregator-001 (0.41ms)
Session completed with aggregator-001
[2025-12-10 08:01:43] Meter 194: Generated 4.353 kWh (encrypted: 334478 bytes, 5.448 ms)
[2025-12-10 08:02:03] Meter 194: Generated 1.289 kWh (encrypted: 334450 bytes, 5.516 ms)
[2025-12-10 08:02:23] Meter 194: Generated 0.979 kWh (encrypted: 334243 bytes, 5.976 ms)
[2025-12-10 08:02:33] NETWORK INFO: Server authentication successful for node: aggregator-001
✓ Aggregator connected: aggregator-001 from 127.0.0.1
✓ Sent 334243 bytes to aggregator-001 (0.47ms)
Session completed with aggregator-001
[2025-12-10 08:02:43] Meter 194: Generated 7.082 kWh (encrypted: 334311 bytes, 5.551 ms)
[2025-12-10 08:03:03] Meter 194: Generated 4.465 kWh (encrypted: 334366 bytes, 5.011 ms)
[2025-12-10 08:03:23] Meter 194: Generated 5.383 kWh (encrypted: 334389 bytes, 5.219 ms)
[2025-12-10 08:03:36] NETWORK INFO: Server authentication successful for node: aggregator-001
✓ Aggregator connected: aggregator-001 from 127.0.0.1
✓ Sent 334389 bytes to aggregator-001 (3.12ms)
Session completed with aggregator-001
[2025-12-10 08:03:43] Meter 194: Generated 5.758 kWh (encrypted: 334441 bytes, 4.488 ms)
[2025-12-10 08:04:03] Meter 194: Generated 5.629 kWh (encrypted: 334217 bytes, 5.006 ms)
[2025-12-10 08:04:23] Meter 194: Generated 0.700 kWh (encrypted: 334131 bytes, 5.868 ms)
[2025-12-10 08:04:39] NETWORK INFO: Server authentication successful for node: aggregator-001
✓ Aggregator connected: aggregator-001 from 127.0.0.1
✓ Sent 334131 bytes to aggregator-001 (0.39ms)
Session completed with aggregator-001
[2025-12-10 08:04:43] Meter 194: Generated 3.341 kWh (encrypted: 334328 bytes, 4.652 ms)
[2025-12-10 08:05:03] Meter 194: Generated 1.165 kWh (encrypted: 334170 bytes, 5.555 ms)
[2025-12-10 08:05:23] Meter 194: Generated 7.232 kWh (encrypted: 334335 bytes, 4.718 ms)
[2025-12-10 08:05:43] Meter 194: Generated 4.811 kWh (encrypted: 334336 bytes, 5.468 ms)
[2025-12-10 08:05:44] NETWORK INFO: Server authentication successful for node: aggregator-001
✓ Aggregator connected: aggregator-001 from 127.0.0.1
✓ Sent 334336 bytes to aggregator-001 (0.36ms)
Session completed with aggregator-001
[2025-12-10 08:06:03] Meter 194: Generated 1.915 kWh (encrypted: 334221 bytes, 6.499 ms)
[2025-12-10 08:06:23] Meter 194: Generated 2.348 kWh (encrypted: 334462 bytes, 6.620 ms)
[2025-12-10 08:06:43] Meter 194: Generated 4.482 kWh (encrypted: 334199 bytes, 4.510 ms)
[2025-12-10 08:06:50] NETWORK INFO: Server authentication successful for node: aggregator-001
✓ Aggregator connected: aggregator-001 from 127.0.0.1
✓ Sent 334199 bytes to aggregator-001 (2.49ms)
Session completed with aggregator-001
[2025-12-10 08:07:03] Meter 194: Generated 6.721 kWh (encrypted: 334394 bytes, 6.500 ms)
[2025-12-10 08:07:23] Meter 194: Generated 5.671 kWh (encrypted: 334293 bytes, 6.527 ms)
[2025-12-10 08:07:43] Meter 194: Generated 4.116 kWh (encrypted: 334117 bytes, 4.318 ms)
[2025-12-10 08:07:56] NETWORK INFO: Server authentication successful for node: aggregator-001
✓ Aggregator connected: aggregator-001 from 127.0.0.1
✓ Sent 334117 bytes to aggregator-001 (0.37ms)
Session completed with aggregator-001
[2025-12-10 08:08:03] Meter 194: Generated 5.607 kWh (encrypted: 334450 bytes, 6.352 ms)
[2025-12-10 08:08:23] Meter 194: Generated 4.591 kWh (encrypted: 334107 bytes, 5.642 ms)
[2025-12-10 08:08:43] Meter 194: Generated 6.840 kWh (encrypted: 334005 bytes, 4.338 ms)
[2025-12-10 08:09:01] NETWORK INFO: Server authentication successful for node: aggregator-001
✓ Aggregator connected: aggregator-001 from 127.0.0.1
✓ Sent 334005 bytes to aggregator-001 (13.85ms)
Session completed with aggregator-001
[2025-12-10 08:09:03] Meter 194: Generated 1.013 kWh (encrypted: 334312 bytes, 6.486 ms)
[2025-12-10 08:09:23] Meter 194: Generated 3.067 kWh (encrypted: 334150 bytes, 5.135 ms)
[2025-12-10 08:09:43] Meter 194: Generated 4.773 kWh (encrypted: 334403 bytes, 4.742 ms)
[2025-12-10 08:10:03] Meter 194: Generated 4.234 kWh (encrypted: 334498 bytes, 4.918 ms)
[2025-12-10 08:10:06] NETWORK INFO: Server authentication successful for node: aggregator-001
✓ Aggregator connected: aggregator-001 from 127.0.0.1
✓ Sent 334498 bytes to aggregator-001 (0.38ms)
Session completed with aggregator-001
[2025-12-10 08:10:23] Meter 194: Generated 2.913 kWh (encrypted: 334420 bytes, 4.559 ms)
[2025-12-10 08:10:43] Meter 194: Generated 3.120 kWh (encrypted: 334268 bytes, 4.776 ms)
[2025-12-10 08:11:03] Meter 194: Generated 5.181 kWh (encrypted: 334113 bytes, 4.949 ms)
[2025-12-10 08:11:12] NETWORK INFO: Server authentication successful for node: aggregator-001
✓ Aggregator connected: aggregator-001 from 127.0.0.1
✓ Sent 334113 bytes to aggregator-001 (0.44ms)
Session completed with aggregator-001
[2025-12-10 08:11:23] Meter 194: Generated 0.900 kWh (encrypted: 333678 bytes, 4.798 ms)
[2025-12-10 08:11:43] Meter 194: Generated 3.860 kWh (encrypted: 334377 bytes, 4.669 ms)
[2025-12-10 08:12:03] Meter 194: Generated 1.324 kWh (encrypted: 334279 bytes, 9.238 ms)
[2025-12-10 08:12:17] NETWORK INFO: Server authentication successful for node: aggregator-001
✓ Aggregator connected: aggregator-001 from 127.0.0.1
✓ Sent 334279 bytes to aggregator-001 (2.62ms)
Session completed with aggregator-001
[2025-12-10 08:12:23] Meter 194: Generated 5.497 kWh (encrypted: 334371 bytes, 7.653 ms)

Received shutdown signal. Gracefully shutting down smart meter...
Network server thread stopped
Data generation thread stopped
Smart meter 194 shutdown complete
