=== Continuous Smart Meter Server 189 ===
Initializing for continuous operation...
SEAL context initialized
Loaded certificate: smart-meter-189
Requesting public keys from KDC...
[2025-12-10 07:58:57] NETWORK ERROR: Failed to connect to 127.0.0.1:8444: Connection refused
Error: Failed to connect to KDC at 127.0.0.1:8444
Error: Failed to send key request to KDC
Failed to obtain keys from KDC, falling back to file keys
Loaded keys from fallback files
Cryptographic components initialized
[2025-12-10 07:58:57] NETWORK INFO: Server socket created and listening on port 9189
✓ Smart meter server ready on port 9189
Data transmission interval: 20 seconds (15x accelerated - simulates 5min)
✓ Performance metrics CSV files initialized in performance_data/
Starting continuous smart meter operation...
Press Ctrl+C to stop gracefully
Data generation thread started
Network server thread started on port 9189
[2025-12-10 07:59:17] Meter 189: Generated 2.019 kWh (encrypted: 334145 bytes, 5.333 ms)
[2025-12-10 07:59:26] NETWORK INFO: Server authentication successful for node: aggregator-001
✓ Aggregator connected: aggregator-001 from 127.0.0.1
✓ Sent 334145 bytes to aggregator-001 (0.70ms)
Session completed with aggregator-001
[2025-12-10 07:59:37] Meter 189: Generated 3.117 kWh (encrypted: 334489 bytes, 4.753 ms)
[2025-12-10 07:59:57] Meter 189: Generated 4.264 kWh (encrypted: 334198 bytes, 4.662 ms)
[2025-12-10 08:00:17] Meter 189: Generated 3.380 kWh (encrypted: 334300 bytes, 4.864 ms)
[2025-12-10 08:00:28] NETWORK INFO: Server authentication successful for node: aggregator-001
✓ Aggregator connected: aggregator-001 from 127.0.0.1
✓ Sent 334300 bytes to aggregator-001 (0.44ms)
Session completed with aggregator-001
[2025-12-10 08:00:37] Meter 189: Generated 5.725 kWh (encrypted: 334391 bytes, 5.383 ms)
[2025-12-10 08:00:57] Meter 189: Generated 5.326 kWh (encrypted: 334320 bytes, 5.049 ms)
[2025-12-10 08:01:17] Meter 189: Generated 7.079 kWh (encrypted: 334400 bytes, 5.587 ms)
[2025-12-10 08:01:31] NETWORK INFO: Server authentication successful for node: aggregator-001
✓ Aggregator connected: aggregator-001 from 127.0.0.1
✓ Sent 334400 bytes to aggregator-001 (8.79ms)
Session completed with aggregator-001
[2025-12-10 08:01:37] Meter 189: Generated 6.363 kWh (encrypted: 334470 bytes, 4.612 ms)
[2025-12-10 08:01:57] Meter 189: Generated 6.875 kWh (encrypted: 334287 bytes, 4.555 ms)
[2025-12-10 08:02:17] Meter 189: Generated 5.112 kWh (encrypted: 334178 bytes, 5.559 ms)
[2025-12-10 08:02:33] NETWORK INFO: Server authentication successful for node: aggregator-001
✓ Aggregator connected: aggregator-001 from 127.0.0.1
✓ Sent 334178 bytes to aggregator-001 (0.40ms)
Session completed with aggregator-001
[2025-12-10 08:02:37] Meter 189: Generated 1.972 kWh (encrypted: 334387 bytes, 4.726 ms)
[2025-12-10 08:02:57] Meter 189: Generated 1.322 kWh (encrypted: 334419 bytes, 4.709 ms)
[2025-12-10 08:03:17] Meter 189: Generated 5.212 kWh (encrypted: 334459 bytes, 4.832 ms)
[2025-12-10 08:03:36] NETWORK INFO: Server authentication successful for node: aggregator-001
✓ Aggregator connected: aggregator-001 from 127.0.0.1
✓ Sent 334459 bytes to aggregator-001 (6.07ms)
Session completed with aggregator-001
[2025-12-10 08:03:37] Meter 189: Generated 7.298 kWh (encrypted: 334360 bytes, 7.385 ms)
[2025-12-10 08:03:57] Meter 189: Generated 1.481 kWh (encrypted: 334473 bytes, 4.289 ms)
[2025-12-10 08:04:17] Meter 189: Generated 3.086 kWh (encrypted: 334271 bytes, 7.363 ms)
[2025-12-10 08:04:37] Meter 189: Generated 3.612 kWh (encrypted: 334231 bytes, 4.516 ms)
[2025-12-10 08:04:39] NETWORK INFO: Server authentication successful for node: aggregator-001
✓ Aggregator connected: aggregator-001 from 127.0.0.1
✓ Sent 334231 bytes to aggregator-001 (15.25ms)
Session completed with aggregator-001
[2025-12-10 08:04:57] Meter 189: Generated 2.165 kWh (encrypted: 334185 bytes, 4.491 ms)
[2025-12-10 08:05:17] Meter 189: Generated 7.402 kWh (encrypted: 334426 bytes, 6.096 ms)
[2025-12-10 08:05:37] Meter 189: Generated 6.843 kWh (encrypted: 334313 bytes, 7.192 ms)
[2025-12-10 08:05:44] NETWORK INFO: Server authentication successful for node: aggregator-001
✓ Aggregator connected: aggregator-001 from 127.0.0.1
✓ Sent 334313 bytes to aggregator-001 (0.41ms)
Session completed with aggregator-001
[2025-12-10 08:05:57] Meter 189: Generated 1.456 kWh (encrypted: 334238 bytes, 10.608 ms)
[2025-12-10 08:06:17] Meter 189: Generated 2.675 kWh (encrypted: 334247 bytes, 4.846 ms)
[2025-12-10 08:06:37] Meter 189: Generated 0.857 kWh (encrypted: 334326 bytes, 4.684 ms)
[2025-12-10 08:06:50] NETWORK INFO: Server authentication successful for node: aggregator-001
✓ Aggregator connected: aggregator-001 from 127.0.0.1
✓ Sent 334326 bytes to aggregator-001 (0.36ms)
Session completed with aggregator-001
[2025-12-10 08:06:57] Meter 189: Generated 1.250 kWh (encrypted: 334453 bytes, 11.173 ms)
[2025-12-10 08:07:17] Meter 189: Generated 5.083 kWh (encrypted: 334380 bytes, 6.647 ms)
[2025-12-10 08:07:37] Meter 189: Generated 6.105 kWh (encrypted: 334163 bytes, 5.796 ms)
[2025-12-10 08:07:56] NETWORK INFO: Server authentication successful for node: aggregator-001
✓ Aggregator connected: aggregator-001 from 127.0.0.1
✓ Sent 334163 bytes to aggregator-001 (1.21ms)
Session completed with aggregator-001
[2025-12-10 08:07:57] Meter 189: Generated 5.358 kWh (encrypted: 334139 bytes, 6.492 ms)
[2025-12-10 08:08:17] Meter 189: Generated 2.302 kWh (encrypted: 334294 bytes, 6.366 ms)
[2025-12-10 08:08:37] Meter 189: Generated 1.904 kWh (encrypted: 334228 bytes, 6.249 ms)
[2025-12-10 08:08:57] Meter 189: Generated 3.254 kWh (encrypted: 334301 bytes, 4.591 ms)
[2025-12-10 08:09:01] NETWORK INFO: Server authentication successful for node: aggregator-001
✓ Aggregator connected: aggregator-001 from 127.0.0.1
✓ Sent 334301 bytes to aggregator-001 (0.38ms)
Session completed with aggregator-001
[2025-12-10 08:09:17] Meter 189: Generated 6.472 kWh (encrypted: 334418 bytes, 6.450 ms)
[2025-12-10 08:09:37] Meter 189: Generated 6.518 kWh (encrypted: 334073 bytes, 4.595 ms)
[2025-12-10 08:09:57] Meter 189: Generated 2.021 kWh (encrypted: 334445 bytes, 6.560 ms)
[2025-12-10 08:10:06] NETWORK INFO: Server authentication successful for node: aggregator-001
✓ Aggregator connected: aggregator-001 from 127.0.0.1
✓ Sent 334445 bytes to aggregator-001 (0.38ms)
Session completed with aggregator-001
[2025-12-10 08:10:17] Meter 189: Generated 4.168 kWh (encrypted: 334297 bytes, 4.360 ms)
[2025-12-10 08:10:37] Meter 189: Generated 6.517 kWh (encrypted: 334471 bytes, 4.996 ms)
[2025-12-10 08:10:57] Meter 189: Generated 2.290 kWh (encrypted: 334233 bytes, 4.983 ms)
[2025-12-10 08:11:12] NETWORK INFO: Server authentication successful for node: aggregator-001
✓ Aggregator connected: aggregator-001 from 127.0.0.1
✓ Sent 334233 bytes to aggregator-001 (0.38ms)
Session completed with aggregator-001
[2025-12-10 08:11:17] Meter 189: Generated 1.303 kWh (encrypted: 334331 bytes, 15.626 ms)
[2025-12-10 08:11:37] Meter 189: Generated 4.712 kWh (encrypted: 333739 bytes, 8.812 ms)
[2025-12-10 08:11:57] Meter 189: Generated 6.901 kWh (encrypted: 334338 bytes, 4.782 ms)
[2025-12-10 08:12:17] Meter 189: Generated 2.109 kWh (encrypted: 334327 bytes, 33.636 ms)
[2025-12-10 08:12:17] NETWORK INFO: Server authentication successful for node: aggregator-001
✓ Aggregator connected: aggregator-001 from 127.0.0.1
✓ Sent 334327 bytes to aggregator-001 (3.99ms)
Session completed with aggregator-001

Received shutdown signal. Gracefully shutting down smart meter...
Network server thread stopped
Data generation thread stopped
Smart meter 189 shutdown complete
