=== Continuous Smart Meter Server 137 ===
Initializing for continuous operation...
SEAL context initialized
Loaded certificate: smart-meter-137
Requesting public keys from KDC...
[2025-12-10 07:57:53] NETWORK ERROR: Failed to connect to 127.0.0.1:8444: Connection refused
Error: Failed to connect to KDC at 127.0.0.1:8444
Error: Failed to send key request to KDC
Failed to obtain keys from KDC, falling back to file keys
Loaded keys from fallback files
Cryptographic components initialized
[2025-12-10 07:57:53] NETWORK INFO: Server socket created and listening on port 9137
✓ Smart meter server ready on port 9137
Data transmission interval: 20 seconds (15x accelerated - simulates 5min)
✓ Performance metrics CSV files initialized in performance_data/
Starting continuous smart meter operation...
Press Ctrl+C to stop gracefully
Data generation thread started
Network server thread started on port 9137
[2025-12-10 07:58:13] Meter 137: Generated 4.894 kWh (encrypted: 334116 bytes, 4.948 ms)
[2025-12-10 07:58:25] NETWORK INFO: Server authentication successful for node: aggregator-001
✓ Aggregator connected: aggregator-001 from 127.0.0.1
✓ Sent 334116 bytes to aggregator-001 (0.72ms)
Session completed with aggregator-001
[2025-12-10 07:58:33] Meter 137: Generated 3.307 kWh (encrypted: 334116 bytes, 4.518 ms)
[2025-12-10 07:58:53] Meter 137: Generated 2.236 kWh (encrypted: 333318 bytes, 4.636 ms)
[2025-12-10 07:59:13] Meter 137: Generated 1.288 kWh (encrypted: 333862 bytes, 4.618 ms)
[2025-12-10 07:59:27] NETWORK INFO: Server authentication successful for node: aggregator-001
✓ Aggregator connected: aggregator-001 from 127.0.0.1
✓ Sent 333862 bytes to aggregator-001 (1.84ms)
Session completed with aggregator-001
[2025-12-10 07:59:33] Meter 137: Generated 4.112 kWh (encrypted: 334447 bytes, 4.628 ms)
[2025-12-10 07:59:53] Meter 137: Generated 1.470 kWh (encrypted: 334234 bytes, 4.497 ms)
[2025-12-10 08:00:13] Meter 137: Generated 2.954 kWh (encrypted: 334471 bytes, 6.633 ms)
[2025-12-10 08:00:28] NETWORK INFO: Server authentication successful for node: aggregator-001
✓ Aggregator connected: aggregator-001 from 127.0.0.1
✓ Sent 334471 bytes to aggregator-001 (0.42ms)
Session completed with aggregator-001
[2025-12-10 08:00:33] Meter 137: Generated 4.439 kWh (encrypted: 334078 bytes, 5.878 ms)
[2025-12-10 08:00:53] Meter 137: Generated 4.703 kWh (encrypted: 334206 bytes, 6.306 ms)
[2025-12-10 08:01:13] Meter 137: Generated 3.226 kWh (encrypted: 334398 bytes, 5.413 ms)
[2025-12-10 08:01:31] NETWORK INFO: Server authentication successful for node: aggregator-001
✓ Aggregator connected: aggregator-001 from 127.0.0.1
✓ Sent 334398 bytes to aggregator-001 (0.38ms)
Session completed with aggregator-001
[2025-12-10 08:01:33] Meter 137: Generated 2.628 kWh (encrypted: 334466 bytes, 4.816 ms)
[2025-12-10 08:01:53] Meter 137: Generated 0.608 kWh (encrypted: 334149 bytes, 4.715 ms)
[2025-12-10 08:02:13] Meter 137: Generated 0.771 kWh (encrypted: 334429 bytes, 4.799 ms)
[2025-12-10 08:02:33] Meter 137: Generated 5.561 kWh (encrypted: 334301 bytes, 4.484 ms)
[2025-12-10 08:02:33] NETWORK INFO: Server authentication successful for node: aggregator-001
✓ Aggregator connected: aggregator-001 from 127.0.0.1
✓ Sent 334301 bytes to aggregator-001 (0.34ms)
Session completed with aggregator-001
[2025-12-10 08:02:53] Meter 137: Generated 6.366 kWh (encrypted: 334330 bytes, 4.483 ms)
[2025-12-10 08:03:13] Meter 137: Generated 6.168 kWh (encrypted: 334318 bytes, 4.861 ms)
[2025-12-10 08:03:33] Meter 137: Generated 3.676 kWh (encrypted: 334058 bytes, 6.385 ms)
[2025-12-10 08:03:36] NETWORK INFO: Server authentication successful for node: aggregator-001
✓ Aggregator connected: aggregator-001 from 127.0.0.1
✓ Sent 334058 bytes to aggregator-001 (0.39ms)
Session completed with aggregator-001
[2025-12-10 08:03:53] Meter 137: Generated 3.568 kWh (encrypted: 334490 bytes, 4.787 ms)
[2025-12-10 08:04:13] Meter 137: Generated 5.614 kWh (encrypted: 334401 bytes, 5.090 ms)
[2025-12-10 08:04:33] Meter 137: Generated 1.042 kWh (encrypted: 334342 bytes, 14.251 ms)
[2025-12-10 08:04:39] NETWORK INFO: Server authentication successful for node: aggregator-001
✓ Aggregator connected: aggregator-001 from 127.0.0.1
✓ Sent 334342 bytes to aggregator-001 (3.55ms)
Session completed with aggregator-001
[2025-12-10 08:04:53] Meter 137: Generated 7.038 kWh (encrypted: 334448 bytes, 4.741 ms)
[2025-12-10 08:05:13] Meter 137: Generated 1.107 kWh (encrypted: 334336 bytes, 5.626 ms)
[2025-12-10 08:05:33] Meter 137: Generated 2.592 kWh (encrypted: 334374 bytes, 4.482 ms)
[2025-12-10 08:05:44] NETWORK INFO: Server authentication successful for node: aggregator-001
✓ Aggregator connected: aggregator-001 from 127.0.0.1
✓ Sent 334374 bytes to aggregator-001 (6.93ms)
Session completed with aggregator-001
[2025-12-10 08:05:53] Meter 137: Generated 3.281 kWh (encrypted: 334192 bytes, 6.315 ms)
[2025-12-10 08:06:13] Meter 137: Generated 6.580 kWh (encrypted: 334073 bytes, 4.847 ms)
[2025-12-10 08:06:33] Meter 137: Generated 3.635 kWh (encrypted: 334121 bytes, 4.745 ms)
[2025-12-10 08:06:50] NETWORK INFO: Server authentication successful for node: aggregator-001
✓ Aggregator connected: aggregator-001 from 127.0.0.1
✓ Sent 334121 bytes to aggregator-001 (0.39ms)
Session completed with aggregator-001
[2025-12-10 08:06:53] Meter 137: Generated 2.329 kWh (encrypted: 334306 bytes, 4.639 ms)
[2025-12-10 08:07:13] Meter 137: Generated 3.595 kWh (encrypted: 334336 bytes, 6.706 ms)
[2025-12-10 08:07:33] Meter 137: Generated 1.701 kWh (encrypted: 334257 bytes, 4.421 ms)
[2025-12-10 08:07:53] Meter 137: Generated 0.783 kWh (encrypted: 334234 bytes, 4.911 ms)
[2025-12-10 08:07:55] NETWORK INFO: Server authentication successful for node: aggregator-001
✓ Aggregator connected: aggregator-001 from 127.0.0.1
✓ Sent 334234 bytes to aggregator-001 (0.38ms)
Session completed with aggregator-001
[2025-12-10 08:08:13] Meter 137: Generated 3.344 kWh (encrypted: 334409 bytes, 4.420 ms)
[2025-12-10 08:08:33] Meter 137: Generated 4.813 kWh (encrypted: 334325 bytes, 7.241 ms)
[2025-12-10 08:08:53] Meter 137: Generated 7.277 kWh (encrypted: 333647 bytes, 4.804 ms)
[2025-12-10 08:09:01] NETWORK INFO: Server authentication successful for node: aggregator-001
✓ Aggregator connected: aggregator-001 from 127.0.0.1
✓ Sent 333647 bytes to aggregator-001 (0.38ms)
Session completed with aggregator-001
[2025-12-10 08:09:13] Meter 137: Generated 6.057 kWh (encrypted: 334393 bytes, 4.803 ms)
[2025-12-10 08:09:33] Meter 137: Generated 4.152 kWh (encrypted: 334196 bytes, 8.101 ms)
[2025-12-10 08:09:53] Meter 137: Generated 5.698 kWh (encrypted: 334424 bytes, 6.570 ms)
[2025-12-10 08:10:06] NETWORK INFO: Server authentication successful for node: aggregator-001
✓ Aggregator connected: aggregator-001 from 127.0.0.1
✓ Sent 334424 bytes to aggregator-001 (0.37ms)
Session completed with aggregator-001
[2025-12-10 08:10:13] Meter 137: Generated 4.039 kWh (encrypted: 334273 bytes, 4.420 ms)
[2025-12-10 08:10:33] Meter 137: Generated 5.425 kWh (encrypted: 334267 bytes, 6.521 ms)
[2025-12-10 08:10:53] Meter 137: Generated 6.566 kWh (encrypted: 334098 bytes, 4.783 ms)
[2025-12-10 08:11:12] NETWORK INFO: Server authentication successful for node: aggregator-001
✓ Aggregator connected: aggregator-001 from 127.0.0.1
✓ Sent 334098 bytes to aggregator-001 (0.37ms)
Session completed with aggregator-001
[2025-12-10 08:11:13] Meter 137: Generated 6.923 kWh (encrypted: 334188 bytes, 4.920 ms)
[2025-12-10 08:11:33] Meter 137: Generated 2.913 kWh (encrypted: 334303 bytes, 4.795 ms)
[2025-12-10 08:11:53] Meter 137: Generated 5.605 kWh (encrypted: 334445 bytes, 4.522 ms)
[2025-12-10 08:12:13] Meter 137: Generated 5.914 kWh (encrypted: 334351 bytes, 4.976 ms)
[2025-12-10 08:12:17] NETWORK INFO: Server authentication successful for node: aggregator-001
✓ Aggregator connected: aggregator-001 from 127.0.0.1
✓ Sent 334351 bytes to aggregator-001 (3.69ms)
Session completed with aggregator-001
[2025-12-10 08:12:33] Meter 137: Generated 4.962 kWh (encrypted: 334418 bytes, 5.041 ms)

Received shutdown signal. Gracefully shutting down smart meter...
Network server thread stopped
Data generation thread stopped
Smart meter 137 shutdown complete
