=== Continuous Smart Meter Server 127 ===
Initializing for continuous operation...
SEAL context initialized
Loaded certificate: smart-meter-127
Requesting public keys from KDC...
[2025-12-10 07:57:41] NETWORK ERROR: Failed to connect to 127.0.0.1:8444: Connection refused
Error: Failed to connect to KDC at 127.0.0.1:8444
Error: Failed to send key request to KDC
Failed to obtain keys from KDC, falling back to file keys
Loaded keys from fallback files
Cryptographic components initialized
[2025-12-10 07:57:41] NETWORK INFO: Server socket created and listening on port 9127
✓ Smart meter server ready on port 9127
Data transmission interval: 20 seconds (15x accelerated - simulates 5min)
✓ Performance metrics CSV files initialized in performance_data/
Starting continuous smart meter operation...
Press Ctrl+C to stop gracefully
Data generation thread started
Network server thread started on port 9127
[2025-12-10 07:58:01] Meter 127: Generated 4.360 kWh (encrypted: 334373 bytes, 4.977 ms)
[2025-12-10 07:58:21] Meter 127: Generated 1.064 kWh (encrypted: 333987 bytes, 4.523 ms)
[2025-12-10 07:58:25] NETWORK INFO: Server authentication successful for node: aggregator-001
✓ Aggregator connected: aggregator-001 from 127.0.0.1
✓ Sent 333987 bytes to aggregator-001 (4.93ms)
Session completed with aggregator-001
[2025-12-10 07:58:41] Meter 127: Generated 3.030 kWh (encrypted: 334396 bytes, 4.539 ms)
[2025-12-10 07:59:01] Meter 127: Generated 6.376 kWh (encrypted: 334249 bytes, 5.060 ms)
[2025-12-10 07:59:21] Meter 127: Generated 1.529 kWh (encrypted: 333927 bytes, 4.284 ms)
[2025-12-10 07:59:26] NETWORK INFO: Server authentication successful for node: aggregator-001
✓ Aggregator connected: aggregator-001 from 127.0.0.1
✓ Sent 333927 bytes to aggregator-001 (0.46ms)
Session completed with aggregator-001
[2025-12-10 07:59:41] Meter 127: Generated 5.184 kWh (encrypted: 334435 bytes, 4.547 ms)
[2025-12-10 08:00:01] Meter 127: Generated 7.558 kWh (encrypted: 334369 bytes, 4.348 ms)
[2025-12-10 08:00:21] Meter 127: Generated 3.686 kWh (encrypted: 334408 bytes, 4.336 ms)
[2025-12-10 08:00:28] NETWORK INFO: Server authentication successful for node: aggregator-001
✓ Aggregator connected: aggregator-001 from 127.0.0.1
✓ Sent 334408 bytes to aggregator-001 (0.38ms)
Session completed with aggregator-001
[2025-12-10 08:00:41] Meter 127: Generated 2.977 kWh (encrypted: 333422 bytes, 4.441 ms)
[2025-12-10 08:01:01] Meter 127: Generated 5.279 kWh (encrypted: 334164 bytes, 4.684 ms)
[2025-12-10 08:01:21] Meter 127: Generated 5.735 kWh (encrypted: 334369 bytes, 4.753 ms)
[2025-12-10 08:01:31] NETWORK INFO: Server authentication successful for node: aggregator-001
✓ Aggregator connected: aggregator-001 from 127.0.0.1
✓ Sent 334369 bytes to aggregator-001 (0.41ms)
Session completed with aggregator-001
[2025-12-10 08:01:41] Meter 127: Generated 3.900 kWh (encrypted: 334237 bytes, 4.477 ms)
[2025-12-10 08:02:01] Meter 127: Generated 3.181 kWh (encrypted: 334155 bytes, 4.608 ms)
[2025-12-10 08:02:21] Meter 127: Generated 5.708 kWh (encrypted: 334384 bytes, 6.502 ms)
[2025-12-10 08:02:33] NETWORK INFO: Server authentication successful for node: aggregator-001
✓ Aggregator connected: aggregator-001 from 127.0.0.1
✓ Sent 334384 bytes to aggregator-001 (0.40ms)
Session completed with aggregator-001
[2025-12-10 08:02:41] Meter 127: Generated 1.533 kWh (encrypted: 334199 bytes, 4.677 ms)
[2025-12-10 08:03:01] Meter 127: Generated 5.383 kWh (encrypted: 334247 bytes, 6.988 ms)
[2025-12-10 08:03:21] Meter 127: Generated 1.194 kWh (encrypted: 334142 bytes, 4.414 ms)
[2025-12-10 08:03:36] NETWORK INFO: Server authentication successful for node: aggregator-001
✓ Aggregator connected: aggregator-001 from 127.0.0.1
✓ Sent 334142 bytes to aggregator-001 (3.33ms)
Session completed with aggregator-001
[2025-12-10 08:03:41] Meter 127: Generated 7.009 kWh (encrypted: 334491 bytes, 4.659 ms)
[2025-12-10 08:04:01] Meter 127: Generated 6.003 kWh (encrypted: 334275 bytes, 4.667 ms)
[2025-12-10 08:04:21] Meter 127: Generated 4.830 kWh (encrypted: 334292 bytes, 4.524 ms)
[2025-12-10 08:04:39] NETWORK INFO: Server authentication successful for node: aggregator-001
✓ Aggregator connected: aggregator-001 from 127.0.0.1
✓ Sent 334292 bytes to aggregator-001 (0.46ms)
Session completed with aggregator-001
[2025-12-10 08:04:41] Meter 127: Generated 6.896 kWh (encrypted: 334329 bytes, 5.757 ms)
[2025-12-10 08:05:01] Meter 127: Generated 3.708 kWh (encrypted: 334254 bytes, 4.853 ms)
[2025-12-10 08:05:21] Meter 127: Generated 6.535 kWh (encrypted: 334410 bytes, 4.671 ms)
[2025-12-10 08:05:41] Meter 127: Generated 5.402 kWh (encrypted: 334361 bytes, 4.457 ms)
[2025-12-10 08:05:44] NETWORK INFO: Server authentication successful for node: aggregator-001
✓ Aggregator connected: aggregator-001 from 127.0.0.1
✓ Sent 334361 bytes to aggregator-001 (0.36ms)
Session completed with aggregator-001
[2025-12-10 08:06:01] Meter 127: Generated 6.113 kWh (encrypted: 334450 bytes, 6.726 ms)
[2025-12-10 08:06:21] Meter 127: Generated 6.630 kWh (encrypted: 334106 bytes, 4.662 ms)
[2025-12-10 08:06:41] Meter 127: Generated 3.842 kWh (encrypted: 334304 bytes, 4.660 ms)
[2025-12-10 08:06:50] NETWORK INFO: Server authentication successful for node: aggregator-001
✓ Aggregator connected: aggregator-001 from 127.0.0.1
✓ Sent 334304 bytes to aggregator-001 (0.37ms)
Session completed with aggregator-001
[2025-12-10 08:07:01] Meter 127: Generated 1.928 kWh (encrypted: 334173 bytes, 6.727 ms)
[2025-12-10 08:07:21] Meter 127: Generated 7.198 kWh (encrypted: 334138 bytes, 4.483 ms)
[2025-12-10 08:07:41] Meter 127: Generated 5.596 kWh (encrypted: 334469 bytes, 4.505 ms)
[2025-12-10 08:07:56] NETWORK INFO: Server authentication successful for node: aggregator-001
✓ Aggregator connected: aggregator-001 from 127.0.0.1
✓ Sent 334469 bytes to aggregator-001 (0.41ms)
Session completed with aggregator-001
[2025-12-10 08:08:01] Meter 127: Generated 6.781 kWh (encrypted: 334476 bytes, 6.407 ms)
[2025-12-10 08:08:21] Meter 127: Generated 7.368 kWh (encrypted: 334367 bytes, 5.411 ms)
[2025-12-10 08:08:41] Meter 127: Generated 3.485 kWh (encrypted: 334483 bytes, 4.643 ms)
[2025-12-10 08:09:01] NETWORK INFO: Server authentication successful for node: aggregator-001
✓ Aggregator connected: aggregator-001 from 127.0.0.1
✓ Sent 334483 bytes to aggregator-001 (0.40ms)
Session completed with aggregator-001
[2025-12-10 08:09:01] Meter 127: Generated 1.451 kWh (encrypted: 334347 bytes, 18.921 ms)
[2025-12-10 08:09:21] Meter 127: Generated 6.267 kWh (encrypted: 334228 bytes, 10.786 ms)
[2025-12-10 08:09:41] Meter 127: Generated 4.618 kWh (encrypted: 333297 bytes, 4.747 ms)
[2025-12-10 08:10:01] Meter 127: Generated 4.285 kWh (encrypted: 334352 bytes, 6.636 ms)
[2025-12-10 08:10:06] NETWORK INFO: Server authentication successful for node: aggregator-001
✓ Aggregator connected: aggregator-001 from 127.0.0.1
✓ Sent 334352 bytes to aggregator-001 (10.97ms)
Session completed with aggregator-001
[2025-12-10 08:10:21] Meter 127: Generated 7.239 kWh (encrypted: 333389 bytes, 5.455 ms)
[2025-12-10 08:10:41] Meter 127: Generated 5.516 kWh (encrypted: 334378 bytes, 4.623 ms)
[2025-12-10 08:11:01] Meter 127: Generated 3.024 kWh (encrypted: 334300 bytes, 6.982 ms)
[2025-12-10 08:11:12] NETWORK INFO: Server authentication successful for node: aggregator-001
✓ Aggregator connected: aggregator-001 from 127.0.0.1
✓ Sent 334300 bytes to aggregator-001 (0.35ms)
Session completed with aggregator-001
[2025-12-10 08:11:21] Meter 127: Generated 6.594 kWh (encrypted: 334213 bytes, 6.473 ms)
[2025-12-10 08:11:41] Meter 127: Generated 6.714 kWh (encrypted: 334433 bytes, 4.655 ms)
[2025-12-10 08:12:01] Meter 127: Generated 4.893 kWh (encrypted: 334327 bytes, 4.645 ms)
[2025-12-10 08:12:17] NETWORK INFO: Server authentication successful for node: aggregator-001
✓ Aggregator connected: aggregator-001 from 127.0.0.1
✓ Sent 334327 bytes to aggregator-001 (1.86ms)
Session completed with aggregator-001
[2025-12-10 08:12:21] Meter 127: Generated 4.150 kWh (encrypted: 334293 bytes, 6.967 ms)

Received shutdown signal. Gracefully shutting down smart meter...
Network server thread stopped
Data generation thread stopped
Smart meter 127 shutdown complete
