=== Continuous Smart Meter Server 284 ===
Initializing for continuous operation...
SEAL context initialized
Loaded certificate: smart-meter-284
Requesting public keys from KDC...
[2025-12-10 08:00:54] NETWORK ERROR: Failed to connect to 127.0.0.1:8444: Connection refused
Error: Failed to connect to KDC at 127.0.0.1:8444
Error: Failed to send key request to KDC
Failed to obtain keys from KDC, falling back to file keys
Loaded keys from fallback files
Cryptographic components initialized
[2025-12-10 08:00:54] NETWORK INFO: Server socket created and listening on port 9284
✓ Smart meter server ready on port 9284
Data transmission interval: 20 seconds (15x accelerated - simulates 5min)
✓ Performance metrics CSV files initialized in performance_data/
Starting continuous smart meter operation...
Press Ctrl+C to stop gracefully
Data generation thread started
Network server thread started on port 9284
[2025-12-10 08:01:14] Meter 284: Generated 3.388 kWh (encrypted: 334409 bytes, 5.139 ms)
[2025-12-10 08:01:31] NETWORK INFO: Server authentication successful for node: aggregator-001
✓ Aggregator connected: aggregator-001 from 127.0.0.1
✓ Sent 334409 bytes to aggregator-001 (0.72ms)
Session completed with aggregator-001
[2025-12-10 08:01:34] Meter 284: Generated 3.127 kWh (encrypted: 334466 bytes, 5.048 ms)
[2025-12-10 08:01:54] Meter 284: Generated 1.915 kWh (encrypted: 333310 bytes, 4.686 ms)
[2025-12-10 08:02:14] Meter 284: Generated 2.953 kWh (encrypted: 334133 bytes, 4.598 ms)
[2025-12-10 08:02:33] NETWORK INFO: Server authentication successful for node: aggregator-001
✓ Aggregator connected: aggregator-001 from 127.0.0.1
✓ Sent 334133 bytes to aggregator-001 (0.39ms)
Session completed with aggregator-001
[2025-12-10 08:02:34] Meter 284: Generated 4.669 kWh (encrypted: 334210 bytes, 4.669 ms)
[2025-12-10 08:02:54] Meter 284: Generated 7.024 kWh (encrypted: 334195 bytes, 5.737 ms)
[2025-12-10 08:03:14] Meter 284: Generated 4.693 kWh (encrypted: 334452 bytes, 4.508 ms)
[2025-12-10 08:03:34] Meter 284: Generated 5.057 kWh (encrypted: 334315 bytes, 4.520 ms)
[2025-12-10 08:03:36] NETWORK INFO: Server authentication successful for node: aggregator-001
✓ Aggregator connected: aggregator-001 from 127.0.0.1
✓ Sent 334315 bytes to aggregator-001 (0.51ms)
Session completed with aggregator-001
[2025-12-10 08:03:54] Meter 284: Generated 7.461 kWh (encrypted: 334244 bytes, 4.521 ms)
[2025-12-10 08:04:14] Meter 284: Generated 6.626 kWh (encrypted: 334330 bytes, 4.523 ms)
[2025-12-10 08:04:34] Meter 284: Generated 6.203 kWh (encrypted: 334166 bytes, 4.587 ms)
[2025-12-10 08:04:39] NETWORK INFO: Server authentication successful for node: aggregator-001
✓ Aggregator connected: aggregator-001 from 127.0.0.1
✓ Sent 334166 bytes to aggregator-001 (7.86ms)
Session completed with aggregator-001
[2025-12-10 08:04:54] Meter 284: Generated 2.154 kWh (encrypted: 334251 bytes, 4.663 ms)
[2025-12-10 08:05:14] Meter 284: Generated 6.302 kWh (encrypted: 333762 bytes, 6.691 ms)
[2025-12-10 08:05:34] Meter 284: Generated 2.657 kWh (encrypted: 334354 bytes, 5.771 ms)
[2025-12-10 08:05:44] NETWORK INFO: Server authentication successful for node: aggregator-001
✓ Aggregator connected: aggregator-001 from 127.0.0.1
✓ Sent 334354 bytes to aggregator-001 (15.61ms)
Session completed with aggregator-001
[2025-12-10 08:05:54] Meter 284: Generated 2.215 kWh (encrypted: 334280 bytes, 4.431 ms)
[2025-12-10 08:06:14] Meter 284: Generated 3.869 kWh (encrypted: 334283 bytes, 4.798 ms)
[2025-12-10 08:06:34] Meter 284: Generated 7.624 kWh (encrypted: 334331 bytes, 4.461 ms)
[2025-12-10 08:06:50] NETWORK INFO: Server authentication successful for node: aggregator-001
✓ Aggregator connected: aggregator-001 from 127.0.0.1
✓ Sent 334331 bytes to aggregator-001 (0.54ms)
Session completed with aggregator-001
[2025-12-10 08:06:54] Meter 284: Generated 5.739 kWh (encrypted: 334085 bytes, 5.425 ms)
[2025-12-10 08:07:14] Meter 284: Generated 6.947 kWh (encrypted: 334401 bytes, 6.502 ms)
[2025-12-10 08:07:34] Meter 284: Generated 4.107 kWh (encrypted: 334341 bytes, 5.674 ms)
[2025-12-10 08:07:54] Meter 284: Generated 3.768 kWh (encrypted: 334440 bytes, 5.849 ms)
[2025-12-10 08:07:56] NETWORK INFO: Server authentication successful for node: aggregator-001
✓ Aggregator connected: aggregator-001 from 127.0.0.1
✓ Sent 334440 bytes to aggregator-001 (0.37ms)
Session completed with aggregator-001
[2025-12-10 08:08:14] Meter 284: Generated 6.918 kWh (encrypted: 334477 bytes, 4.491 ms)
[2025-12-10 08:08:34] Meter 284: Generated 6.501 kWh (encrypted: 334336 bytes, 4.568 ms)
[2025-12-10 08:08:54] Meter 284: Generated 6.953 kWh (encrypted: 334074 bytes, 4.286 ms)
[2025-12-10 08:09:01] NETWORK INFO: Server authentication successful for node: aggregator-001
✓ Aggregator connected: aggregator-001 from 127.0.0.1
✓ Sent 334074 bytes to aggregator-001 (0.46ms)
Session completed with aggregator-001
[2025-12-10 08:09:14] Meter 284: Generated 6.270 kWh (encrypted: 334325 bytes, 6.561 ms)
[2025-12-10 08:09:34] Meter 284: Generated 3.084 kWh (encrypted: 334060 bytes, 4.792 ms)
[2025-12-10 08:09:54] Meter 284: Generated 2.052 kWh (encrypted: 334332 bytes, 4.974 ms)
[2025-12-10 08:10:06] NETWORK INFO: Server authentication successful for node: aggregator-001
✓ Aggregator connected: aggregator-001 from 127.0.0.1
✓ Sent 334332 bytes to aggregator-001 (0.38ms)
Session completed with aggregator-001
[2025-12-10 08:10:14] Meter 284: Generated 4.283 kWh (encrypted: 334411 bytes, 4.960 ms)
[2025-12-10 08:10:34] Meter 284: Generated 5.392 kWh (encrypted: 334163 bytes, 6.914 ms)
[2025-12-10 08:10:54] Meter 284: Generated 3.374 kWh (encrypted: 334463 bytes, 4.866 ms)
[2025-12-10 08:11:12] NETWORK INFO: Server authentication successful for node: aggregator-001
✓ Aggregator connected: aggregator-001 from 127.0.0.1
✓ Sent 334463 bytes to aggregator-001 (0.38ms)
Session completed with aggregator-001
[2025-12-10 08:11:14] Meter 284: Generated 2.986 kWh (encrypted: 334409 bytes, 8.225 ms)
[2025-12-10 08:11:34] Meter 284: Generated 6.501 kWh (encrypted: 334410 bytes, 4.856 ms)
[2025-12-10 08:11:54] Meter 284: Generated 4.348 kWh (encrypted: 334440 bytes, 4.370 ms)
[2025-12-10 08:12:14] Meter 284: Generated 5.605 kWh (encrypted: 334346 bytes, 4.703 ms)
[2025-12-10 08:12:17] NETWORK INFO: Server authentication successful for node: aggregator-001
✓ Aggregator connected: aggregator-001 from 127.0.0.1
✓ Sent 334346 bytes to aggregator-001 (0.40ms)
Session completed with aggregator-001
[2025-12-10 08:12:34] Meter 284: Generated 6.129 kWh (encrypted: 334021 bytes, 4.745 ms)

Received shutdown signal. Gracefully shutting down smart meter...
Network server thread stopped
Data generation thread stopped
Smart meter 284 shutdown complete
