=== Continuous Smart Meter Server 230 ===
Initializing for continuous operation...
SEAL context initialized
Loaded certificate: smart-meter-230
Requesting public keys from KDC...
[2025-12-10 07:59:47] NETWORK ERROR: Failed to connect to 127.0.0.1:8444: Connection refused
Error: Failed to connect to KDC at 127.0.0.1:8444
Error: Failed to send key request to KDC
Failed to obtain keys from KDC, falling back to file keys
Loaded keys from fallback files
Cryptographic components initialized
[2025-12-10 07:59:47] NETWORK INFO: Server socket created and listening on port 9230
✓ Smart meter server ready on port 9230
Data transmission interval: 20 seconds (15x accelerated - simulates 5min)
✓ Performance metrics CSV files initialized in performance_data/
Starting continuous smart meter operation...
Press Ctrl+C to stop gracefully
Data generation thread started
Network server thread started on port 9230
[2025-12-10 08:00:07] Meter 230: Generated 4.241 kWh (encrypted: 334107 bytes, 7.312 ms)
[2025-12-10 08:00:27] Meter 230: Generated 5.983 kWh (encrypted: 334385 bytes, 5.010 ms)
[2025-12-10 08:00:28] NETWORK INFO: Server authentication successful for node: aggregator-001
✓ Aggregator connected: aggregator-001 from 127.0.0.1
✓ Sent 334385 bytes to aggregator-001 (6.91ms)
Session completed with aggregator-001
[2025-12-10 08:00:47] Meter 230: Generated 4.217 kWh (encrypted: 334194 bytes, 4.554 ms)
[2025-12-10 08:01:07] Meter 230: Generated 5.523 kWh (encrypted: 334244 bytes, 4.683 ms)
[2025-12-10 08:01:27] Meter 230: Generated 4.191 kWh (encrypted: 334411 bytes, 4.728 ms)
[2025-12-10 08:01:31] NETWORK INFO: Server authentication successful for node: aggregator-001
✓ Aggregator connected: aggregator-001 from 127.0.0.1
✓ Sent 334411 bytes to aggregator-001 (22.27ms)
Session completed with aggregator-001
[2025-12-10 08:01:47] Meter 230: Generated 7.130 kWh (encrypted: 334288 bytes, 5.449 ms)
[2025-12-10 08:02:07] Meter 230: Generated 7.227 kWh (encrypted: 334378 bytes, 4.759 ms)
[2025-12-10 08:02:27] Meter 230: Generated 5.299 kWh (encrypted: 334273 bytes, 6.482 ms)
[2025-12-10 08:02:33] NETWORK INFO: Server authentication successful for node: aggregator-001
✓ Aggregator connected: aggregator-001 from 127.0.0.1
✓ Sent 334273 bytes to aggregator-001 (0.35ms)
Session completed with aggregator-001
[2025-12-10 08:02:47] Meter 230: Generated 6.570 kWh (encrypted: 334336 bytes, 4.622 ms)
[2025-12-10 08:03:07] Meter 230: Generated 7.666 kWh (encrypted: 334438 bytes, 4.712 ms)
[2025-12-10 08:03:27] Meter 230: Generated 6.669 kWh (encrypted: 334295 bytes, 4.621 ms)
[2025-12-10 08:03:36] NETWORK INFO: Server authentication successful for node: aggregator-001
✓ Aggregator connected: aggregator-001 from 127.0.0.1
✓ Sent 334295 bytes to aggregator-001 (0.40ms)
Session completed with aggregator-001
[2025-12-10 08:03:47] Meter 230: Generated 2.360 kWh (encrypted: 334498 bytes, 4.376 ms)
[2025-12-10 08:04:07] Meter 230: Generated 5.631 kWh (encrypted: 334335 bytes, 4.438 ms)
[2025-12-10 08:04:27] Meter 230: Generated 7.410 kWh (encrypted: 334317 bytes, 4.578 ms)
[2025-12-10 08:04:39] NETWORK INFO: Server authentication successful for node: aggregator-001
✓ Aggregator connected: aggregator-001 from 127.0.0.1
✓ Sent 334317 bytes to aggregator-001 (0.37ms)
Session completed with aggregator-001
[2025-12-10 08:04:47] Meter 230: Generated 1.216 kWh (encrypted: 334386 bytes, 5.473 ms)
[2025-12-10 08:05:07] Meter 230: Generated 3.872 kWh (encrypted: 333788 bytes, 6.470 ms)
[2025-12-10 08:05:27] Meter 230: Generated 2.473 kWh (encrypted: 334080 bytes, 5.462 ms)
[2025-12-10 08:05:44] NETWORK INFO: Server authentication successful for node: aggregator-001
✓ Aggregator connected: aggregator-001 from 127.0.0.1
✓ Sent 334080 bytes to aggregator-001 (0.30ms)
Session completed with aggregator-001
[2025-12-10 08:05:47] Meter 230: Generated 1.134 kWh (encrypted: 334454 bytes, 5.574 ms)
[2025-12-10 08:06:07] Meter 230: Generated 0.675 kWh (encrypted: 334105 bytes, 7.825 ms)
[2025-12-10 08:06:27] Meter 230: Generated 1.659 kWh (encrypted: 334357 bytes, 6.247 ms)
[2025-12-10 08:06:47] Meter 230: Generated 1.900 kWh (encrypted: 334354 bytes, 5.117 ms)
[2025-12-10 08:06:50] NETWORK INFO: Server authentication successful for node: aggregator-001
✓ Aggregator connected: aggregator-001 from 127.0.0.1
✓ Sent 334354 bytes to aggregator-001 (0.40ms)
Session completed with aggregator-001
[2025-12-10 08:07:07] Meter 230: Generated 6.332 kWh (encrypted: 334354 bytes, 6.784 ms)
[2025-12-10 08:07:27] Meter 230: Generated 4.413 kWh (encrypted: 334365 bytes, 7.259 ms)
[2025-12-10 08:07:47] Meter 230: Generated 3.222 kWh (encrypted: 334500 bytes, 4.763 ms)
[2025-12-10 08:07:56] NETWORK INFO: Server authentication successful for node: aggregator-001
✓ Aggregator connected: aggregator-001 from 127.0.0.1
✓ Sent 334500 bytes to aggregator-001 (0.35ms)
Session completed with aggregator-001
[2025-12-10 08:08:07] Meter 230: Generated 7.061 kWh (encrypted: 334253 bytes, 4.925 ms)
[2025-12-10 08:08:27] Meter 230: Generated 2.280 kWh (encrypted: 334337 bytes, 4.947 ms)
[2025-12-10 08:08:47] Meter 230: Generated 4.505 kWh (encrypted: 334256 bytes, 4.598 ms)
[2025-12-10 08:09:01] NETWORK INFO: Server authentication successful for node: aggregator-001
✓ Aggregator connected: aggregator-001 from 127.0.0.1
✓ Sent 334256 bytes to aggregator-001 (0.35ms)
Session completed with aggregator-001
[2025-12-10 08:09:07] Meter 230: Generated 6.370 kWh (encrypted: 333999 bytes, 4.667 ms)
[2025-12-10 08:09:27] Meter 230: Generated 3.931 kWh (encrypted: 334213 bytes, 4.632 ms)
[2025-12-10 08:09:47] Meter 230: Generated 2.104 kWh (encrypted: 334298 bytes, 6.452 ms)
[2025-12-10 08:10:06] NETWORK INFO: Server authentication successful for node: aggregator-001
✓ Aggregator connected: aggregator-001 from 127.0.0.1
✓ Sent 334298 bytes to aggregator-001 (0.36ms)
Session completed with aggregator-001
[2025-12-10 08:10:07] Meter 230: Generated 7.104 kWh (encrypted: 334276 bytes, 6.473 ms)
[2025-12-10 08:10:27] Meter 230: Generated 4.879 kWh (encrypted: 334377 bytes, 5.534 ms)
[2025-12-10 08:10:47] Meter 230: Generated 7.400 kWh (encrypted: 334373 bytes, 4.575 ms)
[2025-12-10 08:11:07] Meter 230: Generated 5.004 kWh (encrypted: 334070 bytes, 4.869 ms)
[2025-12-10 08:11:12] NETWORK INFO: Server authentication successful for node: aggregator-001
✓ Aggregator connected: aggregator-001 from 127.0.0.1
✓ Sent 334070 bytes to aggregator-001 (0.37ms)
Session completed with aggregator-001
[2025-12-10 08:11:27] Meter 230: Generated 5.213 kWh (encrypted: 334102 bytes, 6.625 ms)
[2025-12-10 08:11:47] Meter 230: Generated 4.088 kWh (encrypted: 334473 bytes, 6.868 ms)
[2025-12-10 08:12:07] Meter 230: Generated 6.536 kWh (encrypted: 334455 bytes, 6.595 ms)
[2025-12-10 08:12:17] NETWORK INFO: Server authentication successful for node: aggregator-001
✓ Aggregator connected: aggregator-001 from 127.0.0.1
✓ Sent 334455 bytes to aggregator-001 (0.42ms)
Session completed with aggregator-001
[2025-12-10 08:12:27] Meter 230: Generated 1.924 kWh (encrypted: 334397 bytes, 7.208 ms)

Received shutdown signal. Gracefully shutting down smart meter...
Network server thread stopped
Data generation thread stopped
Smart meter 230 shutdown complete
