=== Continuous Smart Meter Server 280 ===
Initializing for continuous operation...
SEAL context initialized
Loaded certificate: smart-meter-280
Requesting public keys from KDC...
[2025-12-10 08:00:49] NETWORK ERROR: Failed to connect to 127.0.0.1:8444: Connection refused
Error: Failed to connect to KDC at 127.0.0.1:8444
Error: Failed to send key request to KDC
Failed to obtain keys from KDC, falling back to file keys
Loaded keys from fallback files
Cryptographic components initialized
[2025-12-10 08:00:49] NETWORK INFO: Server socket created and listening on port 9280
✓ Smart meter server ready on port 9280
Data transmission interval: 20 seconds (15x accelerated - simulates 5min)
✓ Performance metrics CSV files initialized in performance_data/
Starting continuous smart meter operation...
Press Ctrl+C to stop gracefully
Data generation thread started
Network server thread started on port 9280
[2025-12-10 08:01:09] Meter 280: Generated 5.938 kWh (encrypted: 334431 bytes, 5.053 ms)
[2025-12-10 08:01:29] Meter 280: Generated 6.788 kWh (encrypted: 334473 bytes, 4.550 ms)
[2025-12-10 08:01:31] NETWORK INFO: Server authentication successful for node: aggregator-001
✓ Aggregator connected: aggregator-001 from 127.0.0.1
✓ Sent 334473 bytes to aggregator-001 (17.73ms)
Session completed with aggregator-001
[2025-12-10 08:01:49] Meter 280: Generated 4.490 kWh (encrypted: 333619 bytes, 6.350 ms)
[2025-12-10 08:02:09] Meter 280: Generated 7.233 kWh (encrypted: 334117 bytes, 4.797 ms)
[2025-12-10 08:02:29] Meter 280: Generated 5.875 kWh (encrypted: 334392 bytes, 4.325 ms)
[2025-12-10 08:02:33] NETWORK INFO: Server authentication successful for node: aggregator-001
✓ Aggregator connected: aggregator-001 from 127.0.0.1
✓ Sent 334392 bytes to aggregator-001 (0.35ms)
Session completed with aggregator-001
[2025-12-10 08:02:49] Meter 280: Generated 1.986 kWh (encrypted: 334475 bytes, 4.360 ms)
[2025-12-10 08:03:09] Meter 280: Generated 2.743 kWh (encrypted: 334361 bytes, 4.754 ms)
[2025-12-10 08:03:29] Meter 280: Generated 7.261 kWh (encrypted: 334130 bytes, 4.289 ms)
[2025-12-10 08:03:36] NETWORK INFO: Server authentication successful for node: aggregator-001
✓ Aggregator connected: aggregator-001 from 127.0.0.1
✓ Sent 334130 bytes to aggregator-001 (0.36ms)
Session completed with aggregator-001
[2025-12-10 08:03:49] Meter 280: Generated 4.111 kWh (encrypted: 334378 bytes, 6.224 ms)
[2025-12-10 08:04:09] Meter 280: Generated 4.571 kWh (encrypted: 334232 bytes, 4.872 ms)
[2025-12-10 08:04:29] Meter 280: Generated 2.436 kWh (encrypted: 334062 bytes, 4.545 ms)
[2025-12-10 08:04:39] NETWORK INFO: Server authentication successful for node: aggregator-001
✓ Aggregator connected: aggregator-001 from 127.0.0.1
✓ Sent 334062 bytes to aggregator-001 (12.36ms)
Session completed with aggregator-001
[2025-12-10 08:04:49] Meter 280: Generated 2.852 kWh (encrypted: 334310 bytes, 4.413 ms)
[2025-12-10 08:05:09] Meter 280: Generated 4.137 kWh (encrypted: 334454 bytes, 4.525 ms)
[2025-12-10 08:05:29] Meter 280: Generated 6.813 kWh (encrypted: 334557 bytes, 4.474 ms)
[2025-12-10 08:05:44] NETWORK INFO: Server authentication successful for node: aggregator-001
✓ Aggregator connected: aggregator-001 from 127.0.0.1
✓ Sent 334557 bytes to aggregator-001 (0.40ms)
Session completed with aggregator-001
[2025-12-10 08:05:49] Meter 280: Generated 4.710 kWh (encrypted: 334373 bytes, 5.538 ms)
[2025-12-10 08:06:09] Meter 280: Generated 2.997 kWh (encrypted: 334258 bytes, 4.386 ms)
[2025-12-10 08:06:29] Meter 280: Generated 4.328 kWh (encrypted: 334124 bytes, 4.536 ms)
[2025-12-10 08:06:49] Meter 280: Generated 1.601 kWh (encrypted: 334459 bytes, 4.556 ms)
[2025-12-10 08:06:50] NETWORK INFO: Server authentication successful for node: aggregator-001
✓ Aggregator connected: aggregator-001 from 127.0.0.1
✓ Sent 334459 bytes to aggregator-001 (0.38ms)
Session completed with aggregator-001
[2025-12-10 08:07:09] Meter 280: Generated 4.839 kWh (encrypted: 334355 bytes, 7.479 ms)
[2025-12-10 08:07:29] Meter 280: Generated 2.402 kWh (encrypted: 334337 bytes, 4.687 ms)
[2025-12-10 08:07:49] Meter 280: Generated 5.973 kWh (encrypted: 334423 bytes, 4.332 ms)
[2025-12-10 08:07:55] NETWORK INFO: Server authentication successful for node: aggregator-001
✓ Aggregator connected: aggregator-001 from 127.0.0.1
✓ Sent 334423 bytes to aggregator-001 (5.46ms)
Session completed with aggregator-001
[2025-12-10 08:08:09] Meter 280: Generated 5.666 kWh (encrypted: 333990 bytes, 7.382 ms)
[2025-12-10 08:08:29] Meter 280: Generated 2.490 kWh (encrypted: 334201 bytes, 5.274 ms)
[2025-12-10 08:08:49] Meter 280: Generated 7.141 kWh (encrypted: 334323 bytes, 5.821 ms)
[2025-12-10 08:09:01] NETWORK INFO: Server authentication successful for node: aggregator-001
✓ Aggregator connected: aggregator-001 from 127.0.0.1
✓ Sent 334323 bytes to aggregator-001 (0.35ms)
Session completed with aggregator-001
[2025-12-10 08:09:09] Meter 280: Generated 4.716 kWh (encrypted: 334260 bytes, 9.371 ms)
[2025-12-10 08:09:29] Meter 280: Generated 0.894 kWh (encrypted: 334405 bytes, 7.278 ms)
[2025-12-10 08:09:49] Meter 280: Generated 6.068 kWh (encrypted: 334434 bytes, 4.979 ms)
[2025-12-10 08:10:06] NETWORK INFO: Server authentication successful for node: aggregator-001
✓ Aggregator connected: aggregator-001 from 127.0.0.1
✓ Sent 334434 bytes to aggregator-001 (6.79ms)
Session completed with aggregator-001
[2025-12-10 08:10:09] Meter 280: Generated 4.721 kWh (encrypted: 334132 bytes, 7.217 ms)
[2025-12-10 08:10:29] Meter 280: Generated 6.577 kWh (encrypted: 334409 bytes, 6.367 ms)
[2025-12-10 08:10:49] Meter 280: Generated 1.361 kWh (encrypted: 334433 bytes, 4.822 ms)
[2025-12-10 08:11:09] Meter 280: Generated 6.321 kWh (encrypted: 334264 bytes, 4.802 ms)
[2025-12-10 08:11:12] NETWORK INFO: Server authentication successful for node: aggregator-001
✓ Aggregator connected: aggregator-001 from 127.0.0.1
✓ Sent 334264 bytes to aggregator-001 (0.40ms)
Session completed with aggregator-001
[2025-12-10 08:11:29] Meter 280: Generated 3.421 kWh (encrypted: 333277 bytes, 5.073 ms)
[2025-12-10 08:11:49] Meter 280: Generated 3.238 kWh (encrypted: 334295 bytes, 4.695 ms)
[2025-12-10 08:12:09] Meter 280: Generated 3.954 kWh (encrypted: 334118 bytes, 6.448 ms)
[2025-12-10 08:12:17] NETWORK INFO: Server authentication successful for node: aggregator-001
✓ Aggregator connected: aggregator-001 from 127.0.0.1
✓ Sent 334118 bytes to aggregator-001 (0.81ms)
Session completed with aggregator-001
[2025-12-10 08:12:29] Meter 280: Generated 0.962 kWh (encrypted: 334220 bytes, 7.560 ms)

Received shutdown signal. Gracefully shutting down smart meter...
Network server thread stopped
Data generation thread stopped
Smart meter 280 shutdown complete
