=== Continuous Smart Meter Server 176 ===
Initializing for continuous operation...
SEAL context initialized
Loaded certificate: smart-meter-176
Requesting public keys from KDC...
[2025-12-10 07:58:41] NETWORK ERROR: Failed to connect to 127.0.0.1:8444: Connection refused
Error: Failed to connect to KDC at 127.0.0.1:8444
Error: Failed to send key request to KDC
Failed to obtain keys from KDC, falling back to file keys
Loaded keys from fallback files
Cryptographic components initialized
[2025-12-10 07:58:41] NETWORK INFO: Server socket created and listening on port 9176
✓ Smart meter server ready on port 9176
Data transmission interval: 20 seconds (15x accelerated - simulates 5min)
✓ Performance metrics CSV files initialized in performance_data/
Starting continuous smart meter operation...
Press Ctrl+C to stop gracefully
Data generation thread started
Network server thread started on port 9176
[2025-12-10 07:59:01] Meter 176: Generated 2.908 kWh (encrypted: 334164 bytes, 7.093 ms)
[2025-12-10 07:59:21] Meter 176: Generated 3.517 kWh (encrypted: 334515 bytes, 4.600 ms)
[2025-12-10 07:59:26] NETWORK INFO: Server authentication successful for node: aggregator-001
✓ Aggregator connected: aggregator-001 from 127.0.0.1
✓ Sent 334515 bytes to aggregator-001 (0.80ms)
Session completed with aggregator-001
[2025-12-10 07:59:41] Meter 176: Generated 6.425 kWh (encrypted: 334157 bytes, 4.535 ms)
[2025-12-10 08:00:01] Meter 176: Generated 5.534 kWh (encrypted: 334475 bytes, 4.836 ms)
[2025-12-10 08:00:21] Meter 176: Generated 6.559 kWh (encrypted: 334310 bytes, 5.068 ms)
[2025-12-10 08:00:28] NETWORK INFO: Server authentication successful for node: aggregator-001
✓ Aggregator connected: aggregator-001 from 127.0.0.1
✓ Sent 334310 bytes to aggregator-001 (0.37ms)
Session completed with aggregator-001
[2025-12-10 08:00:41] Meter 176: Generated 6.778 kWh (encrypted: 334085 bytes, 5.547 ms)
[2025-12-10 08:01:01] Meter 176: Generated 6.996 kWh (encrypted: 334297 bytes, 4.620 ms)
[2025-12-10 08:01:21] Meter 176: Generated 7.107 kWh (encrypted: 334387 bytes, 6.478 ms)
[2025-12-10 08:01:31] NETWORK INFO: Server authentication successful for node: aggregator-001
✓ Aggregator connected: aggregator-001 from 127.0.0.1
✓ Sent 334387 bytes to aggregator-001 (8.21ms)
Session completed with aggregator-001
[2025-12-10 08:01:41] Meter 176: Generated 7.472 kWh (encrypted: 334176 bytes, 4.375 ms)
[2025-12-10 08:02:01] Meter 176: Generated 2.894 kWh (encrypted: 334146 bytes, 4.449 ms)
[2025-12-10 08:02:21] Meter 176: Generated 1.767 kWh (encrypted: 334286 bytes, 4.892 ms)
[2025-12-10 08:02:33] NETWORK INFO: Server authentication successful for node: aggregator-001
✓ Aggregator connected: aggregator-001 from 127.0.0.1
✓ Sent 334286 bytes to aggregator-001 (13.16ms)
Session completed with aggregator-001
[2025-12-10 08:02:41] Meter 176: Generated 2.309 kWh (encrypted: 334252 bytes, 4.828 ms)
[2025-12-10 08:03:01] Meter 176: Generated 5.068 kWh (encrypted: 334445 bytes, 6.604 ms)
[2025-12-10 08:03:21] Meter 176: Generated 2.854 kWh (encrypted: 334449 bytes, 4.332 ms)
[2025-12-10 08:03:36] NETWORK INFO: Server authentication successful for node: aggregator-001
✓ Aggregator connected: aggregator-001 from 127.0.0.1
✓ Sent 334449 bytes to aggregator-001 (0.39ms)
Session completed with aggregator-001
[2025-12-10 08:03:41] Meter 176: Generated 1.539 kWh (encrypted: 334148 bytes, 4.600 ms)
[2025-12-10 08:04:01] Meter 176: Generated 5.098 kWh (encrypted: 334498 bytes, 4.684 ms)
[2025-12-10 08:04:21] Meter 176: Generated 5.948 kWh (encrypted: 334303 bytes, 4.567 ms)
[2025-12-10 08:04:39] NETWORK INFO: Server authentication successful for node: aggregator-001
✓ Aggregator connected: aggregator-001 from 127.0.0.1
✓ Sent 334303 bytes to aggregator-001 (0.39ms)
Session completed with aggregator-001
[2025-12-10 08:04:41] Meter 176: Generated 4.544 kWh (encrypted: 334375 bytes, 4.849 ms)
[2025-12-10 08:05:01] Meter 176: Generated 5.596 kWh (encrypted: 334216 bytes, 4.531 ms)
[2025-12-10 08:05:21] Meter 176: Generated 2.882 kWh (encrypted: 334419 bytes, 4.477 ms)
[2025-12-10 08:05:41] Meter 176: Generated 3.059 kWh (encrypted: 334417 bytes, 4.867 ms)
[2025-12-10 08:05:44] NETWORK INFO: Server authentication successful for node: aggregator-001
✓ Aggregator connected: aggregator-001 from 127.0.0.1
✓ Sent 334417 bytes to aggregator-001 (19.77ms)
Session completed with aggregator-001
[2025-12-10 08:06:01] Meter 176: Generated 3.654 kWh (encrypted: 334119 bytes, 6.469 ms)
[2025-12-10 08:06:21] Meter 176: Generated 2.061 kWh (encrypted: 334480 bytes, 5.950 ms)
[2025-12-10 08:06:41] Meter 176: Generated 3.674 kWh (encrypted: 334012 bytes, 4.765 ms)
[2025-12-10 08:06:50] NETWORK INFO: Server authentication successful for node: aggregator-001
✓ Aggregator connected: aggregator-001 from 127.0.0.1
✓ Sent 334012 bytes to aggregator-001 (0.63ms)
Session completed with aggregator-001
[2025-12-10 08:07:01] Meter 176: Generated 4.347 kWh (encrypted: 334315 bytes, 6.841 ms)
[2025-12-10 08:07:21] Meter 176: Generated 3.154 kWh (encrypted: 334393 bytes, 4.731 ms)
[2025-12-10 08:07:41] Meter 176: Generated 1.493 kWh (encrypted: 334186 bytes, 4.553 ms)
[2025-12-10 08:07:56] NETWORK INFO: Server authentication successful for node: aggregator-001
✓ Aggregator connected: aggregator-001 from 127.0.0.1
✓ Sent 334186 bytes to aggregator-001 (0.41ms)
Session completed with aggregator-001
[2025-12-10 08:08:01] Meter 176: Generated 7.195 kWh (encrypted: 333590 bytes, 4.388 ms)
[2025-12-10 08:08:21] Meter 176: Generated 2.471 kWh (encrypted: 334465 bytes, 5.102 ms)
[2025-12-10 08:08:41] Meter 176: Generated 6.144 kWh (encrypted: 334046 bytes, 4.584 ms)
[2025-12-10 08:09:01] NETWORK INFO: Server authentication successful for node: aggregator-001
✓ Aggregator connected: aggregator-001 from 127.0.0.1
✓ Sent 334046 bytes to aggregator-001 (0.38ms)
Session completed with aggregator-001
[2025-12-10 08:09:01] Meter 176: Generated 2.793 kWh (encrypted: 333322 bytes, 75.024 ms)
[2025-12-10 08:09:21] Meter 176: Generated 3.381 kWh (encrypted: 334391 bytes, 6.748 ms)
[2025-12-10 08:09:41] Meter 176: Generated 0.825 kWh (encrypted: 334486 bytes, 4.379 ms)
[2025-12-10 08:10:01] Meter 176: Generated 2.020 kWh (encrypted: 334313 bytes, 4.327 ms)
[2025-12-10 08:10:06] NETWORK INFO: Server authentication successful for node: aggregator-001
✓ Aggregator connected: aggregator-001 from 127.0.0.1
✓ Sent 334313 bytes to aggregator-001 (0.38ms)
Session completed with aggregator-001
[2025-12-10 08:10:21] Meter 176: Generated 3.088 kWh (encrypted: 334401 bytes, 6.411 ms)
[2025-12-10 08:10:41] Meter 176: Generated 7.318 kWh (encrypted: 334408 bytes, 5.375 ms)
[2025-12-10 08:11:01] Meter 176: Generated 3.882 kWh (encrypted: 334470 bytes, 8.864 ms)
[2025-12-10 08:11:12] NETWORK INFO: Server authentication successful for node: aggregator-001
✓ Aggregator connected: aggregator-001 from 127.0.0.1
✓ Sent 334470 bytes to aggregator-001 (0.38ms)
Session completed with aggregator-001
[2025-12-10 08:11:21] Meter 176: Generated 3.044 kWh (encrypted: 334008 bytes, 11.635 ms)
[2025-12-10 08:11:41] Meter 176: Generated 7.059 kWh (encrypted: 334466 bytes, 4.711 ms)
[2025-12-10 08:12:01] Meter 176: Generated 6.167 kWh (encrypted: 334486 bytes, 5.463 ms)
[2025-12-10 08:12:17] NETWORK INFO: Server authentication successful for node: aggregator-001
✓ Aggregator connected: aggregator-001 from 127.0.0.1
✓ Sent 334486 bytes to aggregator-001 (2.42ms)
Session completed with aggregator-001
[2025-12-10 08:12:21] Meter 176: Generated 4.577 kWh (encrypted: 334120 bytes, 6.469 ms)

Received shutdown signal. Gracefully shutting down smart meter...
Network server thread stopped
Data generation thread stopped
Smart meter 176 shutdown complete
