=== Continuous Smart Meter Server 275 ===
Initializing for continuous operation...
SEAL context initialized
Loaded certificate: smart-meter-275
Requesting public keys from KDC...
[2025-12-10 08:00:43] NETWORK ERROR: Failed to connect to 127.0.0.1:8444: Connection refused
Error: Failed to connect to KDC at 127.0.0.1:8444
Error: Failed to send key request to KDC
Failed to obtain keys from KDC, falling back to file keys
Loaded keys from fallback files
Cryptographic components initialized
[2025-12-10 08:00:43] NETWORK INFO: Server socket created and listening on port 9275
✓ Smart meter server ready on port 9275
Data transmission interval: 20 seconds (15x accelerated - simulates 5min)
✓ Performance metrics CSV files initialized in performance_data/
Starting continuous smart meter operation...
Press Ctrl+C to stop gracefully
Data generation thread started
Network server thread started on port 9275
[2025-12-10 08:01:03] Meter 275: Generated 3.374 kWh (encrypted: 334267 bytes, 5.780 ms)
[2025-12-10 08:01:23] Meter 275: Generated 4.934 kWh (encrypted: 334216 bytes, 4.396 ms)
[2025-12-10 08:01:31] NETWORK INFO: Server authentication successful for node: aggregator-001
✓ Aggregator connected: aggregator-001 from 127.0.0.1
✓ Sent 334216 bytes to aggregator-001 (0.67ms)
Session completed with aggregator-001
[2025-12-10 08:01:43] Meter 275: Generated 6.189 kWh (encrypted: 334504 bytes, 4.830 ms)
[2025-12-10 08:02:03] Meter 275: Generated 6.633 kWh (encrypted: 334463 bytes, 6.151 ms)
[2025-12-10 08:02:23] Meter 275: Generated 7.179 kWh (encrypted: 334440 bytes, 5.063 ms)
[2025-12-10 08:02:33] NETWORK INFO: Server authentication successful for node: aggregator-001
✓ Aggregator connected: aggregator-001 from 127.0.0.1
✓ Sent 334440 bytes to aggregator-001 (0.36ms)
Session completed with aggregator-001
[2025-12-10 08:02:43] Meter 275: Generated 2.444 kWh (encrypted: 334124 bytes, 6.736 ms)
[2025-12-10 08:03:03] Meter 275: Generated 6.238 kWh (encrypted: 334369 bytes, 4.740 ms)
[2025-12-10 08:03:23] Meter 275: Generated 3.325 kWh (encrypted: 334279 bytes, 6.489 ms)
[2025-12-10 08:03:36] NETWORK INFO: Server authentication successful for node: aggregator-001
✓ Aggregator connected: aggregator-001 from 127.0.0.1
✓ Sent 334279 bytes to aggregator-001 (0.35ms)
Session completed with aggregator-001
[2025-12-10 08:03:43] Meter 275: Generated 2.087 kWh (encrypted: 334460 bytes, 4.640 ms)
[2025-12-10 08:04:03] Meter 275: Generated 0.745 kWh (encrypted: 334307 bytes, 5.341 ms)
[2025-12-10 08:04:23] Meter 275: Generated 4.602 kWh (encrypted: 334459 bytes, 5.488 ms)
[2025-12-10 08:04:40] NETWORK INFO: Server authentication successful for node: aggregator-001
✓ Aggregator connected: aggregator-001 from 127.0.0.1
✓ Sent 334459 bytes to aggregator-001 (2.86ms)
Session completed with aggregator-001
[2025-12-10 08:04:43] Meter 275: Generated 4.630 kWh (encrypted: 334319 bytes, 4.652 ms)
[2025-12-10 08:05:03] Meter 275: Generated 0.782 kWh (encrypted: 333689 bytes, 4.899 ms)
[2025-12-10 08:05:23] Meter 275: Generated 6.547 kWh (encrypted: 334437 bytes, 5.113 ms)
[2025-12-10 08:05:43] Meter 275: Generated 6.122 kWh (encrypted: 334340 bytes, 6.570 ms)
[2025-12-10 08:05:44] NETWORK INFO: Server authentication successful for node: aggregator-001
✓ Aggregator connected: aggregator-001 from 127.0.0.1
✓ Sent 334340 bytes to aggregator-001 (0.40ms)
Session completed with aggregator-001
[2025-12-10 08:06:03] Meter 275: Generated 4.431 kWh (encrypted: 334372 bytes, 4.450 ms)
[2025-12-10 08:06:23] Meter 275: Generated 2.204 kWh (encrypted: 334116 bytes, 6.599 ms)
[2025-12-10 08:06:43] Meter 275: Generated 3.218 kWh (encrypted: 333319 bytes, 4.696 ms)
[2025-12-10 08:06:50] NETWORK INFO: Server authentication successful for node: aggregator-001
✓ Aggregator connected: aggregator-001 from 127.0.0.1
✓ Sent 333319 bytes to aggregator-001 (0.38ms)
Session completed with aggregator-001
[2025-12-10 08:07:03] Meter 275: Generated 6.506 kWh (encrypted: 334080 bytes, 7.187 ms)
[2025-12-10 08:07:23] Meter 275: Generated 4.224 kWh (encrypted: 334318 bytes, 4.317 ms)
[2025-12-10 08:07:43] Meter 275: Generated 3.778 kWh (encrypted: 334071 bytes, 4.472 ms)
[2025-12-10 08:07:56] NETWORK INFO: Server authentication successful for node: aggregator-001
✓ Aggregator connected: aggregator-001 from 127.0.0.1
✓ Sent 334071 bytes to aggregator-001 (0.37ms)
Session completed with aggregator-001
[2025-12-10 08:08:03] Meter 275: Generated 1.054 kWh (encrypted: 334295 bytes, 6.560 ms)
[2025-12-10 08:08:23] Meter 275: Generated 4.247 kWh (encrypted: 334121 bytes, 4.599 ms)
[2025-12-10 08:08:43] Meter 275: Generated 5.257 kWh (encrypted: 334371 bytes, 4.262 ms)
[2025-12-10 08:09:01] NETWORK INFO: Server authentication successful for node: aggregator-001
✓ Aggregator connected: aggregator-001 from 127.0.0.1
✓ Sent 334371 bytes to aggregator-001 (2.19ms)
Session completed with aggregator-001
[2025-12-10 08:09:03] Meter 275: Generated 7.033 kWh (encrypted: 333292 bytes, 4.507 ms)
[2025-12-10 08:09:23] Meter 275: Generated 5.521 kWh (encrypted: 334305 bytes, 6.993 ms)
[2025-12-10 08:09:43] Meter 275: Generated 1.999 kWh (encrypted: 333851 bytes, 4.493 ms)
[2025-12-10 08:10:03] Meter 275: Generated 7.209 kWh (encrypted: 334123 bytes, 7.484 ms)
[2025-12-10 08:10:06] NETWORK INFO: Server authentication successful for node: aggregator-001
✓ Aggregator connected: aggregator-001 from 127.0.0.1
✓ Sent 334123 bytes to aggregator-001 (23.66ms)
Session completed with aggregator-001
[2025-12-10 08:10:23] Meter 275: Generated 2.936 kWh (encrypted: 334349 bytes, 6.374 ms)
[2025-12-10 08:10:43] Meter 275: Generated 2.576 kWh (encrypted: 334180 bytes, 5.777 ms)
[2025-12-10 08:11:03] Meter 275: Generated 3.771 kWh (encrypted: 334380 bytes, 4.508 ms)
[2025-12-10 08:11:12] NETWORK INFO: Server authentication successful for node: aggregator-001
✓ Aggregator connected: aggregator-001 from 127.0.0.1
✓ Sent 334380 bytes to aggregator-001 (0.40ms)
Session completed with aggregator-001
[2025-12-10 08:11:23] Meter 275: Generated 6.828 kWh (encrypted: 334353 bytes, 4.368 ms)
[2025-12-10 08:11:43] Meter 275: Generated 5.369 kWh (encrypted: 334119 bytes, 4.732 ms)
[2025-12-10 08:12:03] Meter 275: Generated 1.609 kWh (encrypted: 334447 bytes, 5.433 ms)
[2025-12-10 08:12:17] NETWORK INFO: Server authentication successful for node: aggregator-001
✓ Aggregator connected: aggregator-001 from 127.0.0.1
✓ Sent 334447 bytes to aggregator-001 (0.35ms)
Session completed with aggregator-001
[2025-12-10 08:12:23] Meter 275: Generated 2.431 kWh (encrypted: 334019 bytes, 12.208 ms)

Received shutdown signal. Gracefully shutting down smart meter...
Network server thread stopped
Data generation thread stopped
Smart meter 275 shutdown complete
