=== Continuous Smart Meter Server 246 ===
Initializing for continuous operation...
SEAL context initialized
Loaded certificate: smart-meter-246
Requesting public keys from KDC...
[2025-12-10 08:00:07] NETWORK ERROR: Failed to connect to 127.0.0.1:8444: Connection refused
Error: Failed to connect to KDC at 127.0.0.1:8444
Error: Failed to send key request to KDC
Failed to obtain keys from KDC, falling back to file keys
Loaded keys from fallback files
Cryptographic components initialized
[2025-12-10 08:00:07] NETWORK INFO: Server socket created and listening on port 9246
✓ Smart meter server ready on port 9246
Data transmission interval: 20 seconds (15x accelerated - simulates 5min)
✓ Performance metrics CSV files initialized in performance_data/
Starting continuous smart meter operation...
Press Ctrl+C to stop gracefully
Data generation thread started
Network server thread started on port 9246
[2025-12-10 08:00:27] Meter 246: Generated 1.598 kWh (encrypted: 334399 bytes, 6.161 ms)
[2025-12-10 08:00:28] NETWORK INFO: Server authentication successful for node: aggregator-001
✓ Aggregator connected: aggregator-001 from 127.0.0.1
✓ Sent 334399 bytes to aggregator-001 (0.68ms)
Session completed with aggregator-001
[2025-12-10 08:00:47] Meter 246: Generated 5.659 kWh (encrypted: 334266 bytes, 4.873 ms)
[2025-12-10 08:01:07] Meter 246: Generated 5.326 kWh (encrypted: 334334 bytes, 4.441 ms)
[2025-12-10 08:01:27] Meter 246: Generated 7.089 kWh (encrypted: 334191 bytes, 4.377 ms)
[2025-12-10 08:01:31] NETWORK INFO: Server authentication successful for node: aggregator-001
✓ Aggregator connected: aggregator-001 from 127.0.0.1
✓ Sent 334191 bytes to aggregator-001 (44.70ms)
Session completed with aggregator-001
[2025-12-10 08:01:47] Meter 246: Generated 4.574 kWh (encrypted: 334106 bytes, 4.426 ms)
[2025-12-10 08:02:07] Meter 246: Generated 3.727 kWh (encrypted: 334357 bytes, 4.939 ms)
[2025-12-10 08:02:27] Meter 246: Generated 2.047 kWh (encrypted: 334150 bytes, 4.351 ms)
[2025-12-10 08:02:33] NETWORK INFO: Server authentication successful for node: aggregator-001
✓ Aggregator connected: aggregator-001 from 127.0.0.1
✓ Sent 334150 bytes to aggregator-001 (0.39ms)
Session completed with aggregator-001
[2025-12-10 08:02:47] Meter 246: Generated 3.842 kWh (encrypted: 334359 bytes, 4.961 ms)
[2025-12-10 08:03:07] Meter 246: Generated 6.008 kWh (encrypted: 334280 bytes, 4.528 ms)
[2025-12-10 08:03:27] Meter 246: Generated 5.878 kWh (encrypted: 334271 bytes, 4.808 ms)
[2025-12-10 08:03:36] NETWORK INFO: Server authentication successful for node: aggregator-001
✓ Aggregator connected: aggregator-001 from 127.0.0.1
✓ Sent 334271 bytes to aggregator-001 (0.43ms)
Session completed with aggregator-001
[2025-12-10 08:03:47] Meter 246: Generated 6.293 kWh (encrypted: 334507 bytes, 4.505 ms)
[2025-12-10 08:04:07] Meter 246: Generated 1.220 kWh (encrypted: 334180 bytes, 4.530 ms)
[2025-12-10 08:04:27] Meter 246: Generated 6.903 kWh (encrypted: 334485 bytes, 5.359 ms)
[2025-12-10 08:04:40] NETWORK INFO: Server authentication successful for node: aggregator-001
✓ Aggregator connected: aggregator-001 from 127.0.0.1
✓ Sent 334485 bytes to aggregator-001 (0.41ms)
Session completed with aggregator-001
[2025-12-10 08:04:47] Meter 246: Generated 5.320 kWh (encrypted: 334437 bytes, 5.718 ms)
[2025-12-10 08:05:07] Meter 246: Generated 4.907 kWh (encrypted: 334420 bytes, 4.809 ms)
[2025-12-10 08:05:27] Meter 246: Generated 6.273 kWh (encrypted: 334384 bytes, 4.374 ms)
[2025-12-10 08:05:44] NETWORK INFO: Server authentication successful for node: aggregator-001
✓ Aggregator connected: aggregator-001 from 127.0.0.1
✓ Sent 334384 bytes to aggregator-001 (31.12ms)
Session completed with aggregator-001
[2025-12-10 08:05:47] Meter 246: Generated 6.769 kWh (encrypted: 334512 bytes, 4.418 ms)
[2025-12-10 08:06:07] Meter 246: Generated 6.395 kWh (encrypted: 333264 bytes, 4.389 ms)
[2025-12-10 08:06:27] Meter 246: Generated 6.052 kWh (encrypted: 334434 bytes, 4.814 ms)
[2025-12-10 08:06:47] Meter 246: Generated 6.750 kWh (encrypted: 334417 bytes, 6.065 ms)
[2025-12-10 08:06:50] NETWORK INFO: Server authentication successful for node: aggregator-001
✓ Aggregator connected: aggregator-001 from 127.0.0.1
✓ Sent 334417 bytes to aggregator-001 (0.36ms)
Session completed with aggregator-001
[2025-12-10 08:07:07] Meter 246: Generated 2.840 kWh (encrypted: 334342 bytes, 6.421 ms)
[2025-12-10 08:07:27] Meter 246: Generated 7.052 kWh (encrypted: 334506 bytes, 4.466 ms)
[2025-12-10 08:07:47] Meter 246: Generated 4.923 kWh (encrypted: 334180 bytes, 4.402 ms)
[2025-12-10 08:07:56] NETWORK INFO: Server authentication successful for node: aggregator-001
✓ Aggregator connected: aggregator-001 from 127.0.0.1
✓ Sent 334180 bytes to aggregator-001 (0.36ms)
Session completed with aggregator-001
[2025-12-10 08:08:07] Meter 246: Generated 3.499 kWh (encrypted: 334129 bytes, 4.630 ms)
[2025-12-10 08:08:27] Meter 246: Generated 2.882 kWh (encrypted: 334178 bytes, 4.459 ms)
[2025-12-10 08:08:47] Meter 246: Generated 6.217 kWh (encrypted: 334543 bytes, 7.661 ms)
[2025-12-10 08:09:01] NETWORK INFO: Server authentication successful for node: aggregator-001
✓ Aggregator connected: aggregator-001 from 127.0.0.1
✓ Sent 334543 bytes to aggregator-001 (0.36ms)
Session completed with aggregator-001
[2025-12-10 08:09:07] Meter 246: Generated 2.393 kWh (encrypted: 334196 bytes, 6.480 ms)
[2025-12-10 08:09:27] Meter 246: Generated 5.425 kWh (encrypted: 334290 bytes, 6.473 ms)
[2025-12-10 08:09:47] Meter 246: Generated 4.880 kWh (encrypted: 334425 bytes, 4.978 ms)
[2025-12-10 08:10:06] NETWORK INFO: Server authentication successful for node: aggregator-001
✓ Aggregator connected: aggregator-001 from 127.0.0.1
✓ Sent 334425 bytes to aggregator-001 (0.40ms)
Session completed with aggregator-001
[2025-12-10 08:10:07] Meter 246: Generated 6.796 kWh (encrypted: 334302 bytes, 4.789 ms)
[2025-12-10 08:10:27] Meter 246: Generated 4.898 kWh (encrypted: 334353 bytes, 4.916 ms)
[2025-12-10 08:10:47] Meter 246: Generated 4.055 kWh (encrypted: 334514 bytes, 6.415 ms)
[2025-12-10 08:11:07] Meter 246: Generated 4.362 kWh (encrypted: 334218 bytes, 6.658 ms)
[2025-12-10 08:11:12] NETWORK INFO: Server authentication successful for node: aggregator-001
✓ Aggregator connected: aggregator-001 from 127.0.0.1
✓ Sent 334218 bytes to aggregator-001 (0.34ms)
Session completed with aggregator-001
[2025-12-10 08:11:27] Meter 246: Generated 5.026 kWh (encrypted: 334201 bytes, 7.416 ms)
[2025-12-10 08:11:47] Meter 246: Generated 4.297 kWh (encrypted: 334147 bytes, 7.396 ms)
[2025-12-10 08:12:07] Meter 246: Generated 4.236 kWh (encrypted: 334147 bytes, 11.386 ms)
[2025-12-10 08:12:17] NETWORK INFO: Server authentication successful for node: aggregator-001
✓ Aggregator connected: aggregator-001 from 127.0.0.1
✓ Sent 334147 bytes to aggregator-001 (0.39ms)
Session completed with aggregator-001
[2025-12-10 08:12:27] Meter 246: Generated 4.150 kWh (encrypted: 334315 bytes, 13.858 ms)

Received shutdown signal. Gracefully shutting down smart meter...
Network server thread stopped
Data generation thread stopped
Smart meter 246 shutdown complete
