=== Continuous Smart Meter Server 245 ===
Initializing for continuous operation...
SEAL context initialized
Loaded certificate: smart-meter-245
Requesting public keys from KDC...
[2025-12-10 08:00:05] NETWORK ERROR: Failed to connect to 127.0.0.1:8444: Connection refused
Error: Failed to connect to KDC at 127.0.0.1:8444
Error: Failed to send key request to KDC
Failed to obtain keys from KDC, falling back to file keys
Loaded keys from fallback files
Cryptographic components initialized
[2025-12-10 08:00:05] NETWORK INFO: Server socket created and listening on port 9245
✓ Smart meter server ready on port 9245
Data transmission interval: 20 seconds (15x accelerated - simulates 5min)
✓ Performance metrics CSV files initialized in performance_data/
Starting continuous smart meter operation...
Press Ctrl+C to stop gracefully
Data generation thread started
Network server thread started on port 9245
[2025-12-10 08:00:25] Meter 245: Generated 3.686 kWh (encrypted: 334306 bytes, 6.840 ms)
[2025-12-10 08:00:28] NETWORK INFO: Server authentication successful for node: aggregator-001
✓ Aggregator connected: aggregator-001 from 127.0.0.1
✓ Sent 334306 bytes to aggregator-001 (14.84ms)
Session completed with aggregator-001
[2025-12-10 08:00:46] Meter 245: Generated 1.617 kWh (encrypted: 334388 bytes, 5.239 ms)
[2025-12-10 08:01:06] Meter 245: Generated 5.899 kWh (encrypted: 334189 bytes, 4.364 ms)
[2025-12-10 08:01:26] Meter 245: Generated 7.152 kWh (encrypted: 334243 bytes, 5.695 ms)
[2025-12-10 08:01:31] NETWORK INFO: Server authentication successful for node: aggregator-001
✓ Aggregator connected: aggregator-001 from 127.0.0.1
✓ Sent 334243 bytes to aggregator-001 (0.36ms)
Session completed with aggregator-001
[2025-12-10 08:01:46] Meter 245: Generated 7.257 kWh (encrypted: 334483 bytes, 4.648 ms)
[2025-12-10 08:02:06] Meter 245: Generated 2.668 kWh (encrypted: 334321 bytes, 6.145 ms)
[2025-12-10 08:02:26] Meter 245: Generated 6.675 kWh (encrypted: 333843 bytes, 4.795 ms)
[2025-12-10 08:02:33] NETWORK INFO: Server authentication successful for node: aggregator-001
✓ Aggregator connected: aggregator-001 from 127.0.0.1
✓ Sent 333843 bytes to aggregator-001 (0.39ms)
Session completed with aggregator-001
[2025-12-10 08:02:46] Meter 245: Generated 6.209 kWh (encrypted: 334084 bytes, 4.585 ms)
[2025-12-10 08:03:06] Meter 245: Generated 5.194 kWh (encrypted: 334247 bytes, 13.893 ms)
[2025-12-10 08:03:26] Meter 245: Generated 7.290 kWh (encrypted: 334369 bytes, 7.753 ms)
[2025-12-10 08:03:36] NETWORK INFO: Server authentication successful for node: aggregator-001
✓ Aggregator connected: aggregator-001 from 127.0.0.1
✓ Sent 334369 bytes to aggregator-001 (0.37ms)
Session completed with aggregator-001
[2025-12-10 08:03:46] Meter 245: Generated 6.242 kWh (encrypted: 334408 bytes, 4.687 ms)
[2025-12-10 08:04:06] Meter 245: Generated 7.238 kWh (encrypted: 334187 bytes, 4.648 ms)
[2025-12-10 08:04:26] Meter 245: Generated 1.661 kWh (encrypted: 334431 bytes, 7.089 ms)
[2025-12-10 08:04:39] NETWORK INFO: Server authentication successful for node: aggregator-001
✓ Aggregator connected: aggregator-001 from 127.0.0.1
✓ Sent 334431 bytes to aggregator-001 (4.99ms)
Session completed with aggregator-001
[2025-12-10 08:04:46] Meter 245: Generated 7.348 kWh (encrypted: 334354 bytes, 5.533 ms)
[2025-12-10 08:05:06] Meter 245: Generated 7.406 kWh (encrypted: 334156 bytes, 6.784 ms)
[2025-12-10 08:05:26] Meter 245: Generated 4.559 kWh (encrypted: 334374 bytes, 6.921 ms)
[2025-12-10 08:05:44] NETWORK INFO: Server authentication successful for node: aggregator-001
✓ Aggregator connected: aggregator-001 from 127.0.0.1
✓ Sent 334374 bytes to aggregator-001 (0.36ms)
Session completed with aggregator-001
[2025-12-10 08:05:46] Meter 245: Generated 3.659 kWh (encrypted: 334354 bytes, 7.258 ms)
[2025-12-10 08:06:06] Meter 245: Generated 1.974 kWh (encrypted: 334297 bytes, 4.904 ms)
[2025-12-10 08:06:26] Meter 245: Generated 7.225 kWh (encrypted: 333614 bytes, 9.635 ms)
[2025-12-10 08:06:46] Meter 245: Generated 1.711 kWh (encrypted: 334401 bytes, 6.158 ms)
[2025-12-10 08:06:50] NETWORK INFO: Server authentication successful for node: aggregator-001
✓ Aggregator connected: aggregator-001 from 127.0.0.1
✓ Sent 334401 bytes to aggregator-001 (2.19ms)
Session completed with aggregator-001
[2025-12-10 08:07:06] Meter 245: Generated 5.623 kWh (encrypted: 334167 bytes, 7.890 ms)
[2025-12-10 08:07:26] Meter 245: Generated 5.064 kWh (encrypted: 334143 bytes, 6.626 ms)
[2025-12-10 08:07:46] Meter 245: Generated 3.579 kWh (encrypted: 334470 bytes, 7.285 ms)
[2025-12-10 08:07:56] NETWORK INFO: Server authentication successful for node: aggregator-001
✓ Aggregator connected: aggregator-001 from 127.0.0.1
✓ Sent 334470 bytes to aggregator-001 (9.35ms)
Session completed with aggregator-001
[2025-12-10 08:08:06] Meter 245: Generated 6.345 kWh (encrypted: 334188 bytes, 6.378 ms)
[2025-12-10 08:08:26] Meter 245: Generated 0.728 kWh (encrypted: 334361 bytes, 6.600 ms)
[2025-12-10 08:08:46] Meter 245: Generated 0.760 kWh (encrypted: 334107 bytes, 6.842 ms)
[2025-12-10 08:09:01] NETWORK INFO: Server authentication successful for node: aggregator-001
✓ Aggregator connected: aggregator-001 from 127.0.0.1
✓ Sent 334107 bytes to aggregator-001 (0.35ms)
Session completed with aggregator-001
[2025-12-10 08:09:06] Meter 245: Generated 0.690 kWh (encrypted: 334205 bytes, 13.027 ms)
[2025-12-10 08:09:26] Meter 245: Generated 2.890 kWh (encrypted: 334155 bytes, 12.668 ms)
[2025-12-10 08:09:46] Meter 245: Generated 7.208 kWh (encrypted: 334113 bytes, 8.950 ms)
[2025-12-10 08:10:06] Meter 245: Generated 3.773 kWh (encrypted: 334438 bytes, 5.131 ms)
[2025-12-10 08:10:06] NETWORK INFO: Server authentication successful for node: aggregator-001
✓ Aggregator connected: aggregator-001 from 127.0.0.1
✓ Sent 334438 bytes to aggregator-001 (11.55ms)
Session completed with aggregator-001
[2025-12-10 08:10:26] Meter 245: Generated 1.808 kWh (encrypted: 334319 bytes, 4.352 ms)
[2025-12-10 08:10:46] Meter 245: Generated 2.387 kWh (encrypted: 334447 bytes, 4.382 ms)
[2025-12-10 08:11:06] Meter 245: Generated 1.240 kWh (encrypted: 334272 bytes, 5.752 ms)
[2025-12-10 08:11:12] NETWORK INFO: Server authentication successful for node: aggregator-001
✓ Aggregator connected: aggregator-001 from 127.0.0.1
✓ Sent 334272 bytes to aggregator-001 (0.34ms)
Session completed with aggregator-001
[2025-12-10 08:11:26] Meter 245: Generated 1.527 kWh (encrypted: 334212 bytes, 4.724 ms)
[2025-12-10 08:11:46] Meter 245: Generated 4.811 kWh (encrypted: 334139 bytes, 4.739 ms)
[2025-12-10 08:12:06] Meter 245: Generated 1.578 kWh (encrypted: 334363 bytes, 7.459 ms)
[2025-12-10 08:12:17] NETWORK INFO: Server authentication successful for node: aggregator-001
✓ Aggregator connected: aggregator-001 from 127.0.0.1
✓ Sent 334363 bytes to aggregator-001 (0.39ms)
Session completed with aggregator-001
[2025-12-10 08:12:26] Meter 245: Generated 4.317 kWh (encrypted: 334411 bytes, 4.648 ms)

Received shutdown signal. Gracefully shutting down smart meter...
Network server thread stopped
Data generation thread stopped
Smart meter 245 shutdown complete
