=== Continuous Smart Meter Server 323 ===
Initializing for continuous operation...
SEAL context initialized
Loaded certificate: smart-meter-323
Requesting public keys from KDC...
[2025-12-10 08:01:42] NETWORK ERROR: Failed to connect to 127.0.0.1:8444: Connection refused
Error: Failed to connect to KDC at 127.0.0.1:8444
Error: Failed to send key request to KDC
Failed to obtain keys from KDC, falling back to file keys
Loaded keys from fallback files
Cryptographic components initialized
[2025-12-10 08:01:42] NETWORK INFO: Server socket created and listening on port 9323
✓ Smart meter server ready on port 9323
Data transmission interval: 20 seconds (15x accelerated - simulates 5min)
✓ Performance metrics CSV files initialized in performance_data/
Starting continuous smart meter operation...
Press Ctrl+C to stop gracefully
Data generation thread started
Network server thread started on port 9323
[2025-12-10 08:02:02] Meter 323: Generated 2.043 kWh (encrypted: 334352 bytes, 6.373 ms)
[2025-12-10 08:02:22] Meter 323: Generated 5.888 kWh (encrypted: 334296 bytes, 4.670 ms)
[2025-12-10 08:02:33] NETWORK INFO: Server authentication successful for node: aggregator-001
✓ Aggregator connected: aggregator-001 from 127.0.0.1
✓ Sent 334296 bytes to aggregator-001 (19.16ms)
Session completed with aggregator-001
[2025-12-10 08:02:42] Meter 323: Generated 4.017 kWh (encrypted: 334108 bytes, 4.447 ms)
[2025-12-10 08:03:02] Meter 323: Generated 6.364 kWh (encrypted: 334134 bytes, 4.949 ms)
[2025-12-10 08:03:22] Meter 323: Generated 4.984 kWh (encrypted: 334204 bytes, 9.680 ms)
[2025-12-10 08:03:36] NETWORK INFO: Server authentication successful for node: aggregator-001
✓ Aggregator connected: aggregator-001 from 127.0.0.1
✓ Sent 334204 bytes to aggregator-001 (0.45ms)
Session completed with aggregator-001
[2025-12-10 08:03:42] Meter 323: Generated 6.115 kWh (encrypted: 334075 bytes, 4.304 ms)
[2025-12-10 08:04:02] Meter 323: Generated 4.470 kWh (encrypted: 334190 bytes, 4.451 ms)
[2025-12-10 08:04:22] Meter 323: Generated 1.190 kWh (encrypted: 334218 bytes, 4.956 ms)
[2025-12-10 08:04:39] NETWORK INFO: Server authentication successful for node: aggregator-001
✓ Aggregator connected: aggregator-001 from 127.0.0.1
✓ Sent 334218 bytes to aggregator-001 (0.34ms)
Session completed with aggregator-001
[2025-12-10 08:04:42] Meter 323: Generated 6.236 kWh (encrypted: 334220 bytes, 5.751 ms)
[2025-12-10 08:05:02] Meter 323: Generated 5.555 kWh (encrypted: 334501 bytes, 5.701 ms)
[2025-12-10 08:05:22] Meter 323: Generated 3.631 kWh (encrypted: 334128 bytes, 4.397 ms)
[2025-12-10 08:05:42] Meter 323: Generated 4.303 kWh (encrypted: 334502 bytes, 4.362 ms)
[2025-12-10 08:05:44] NETWORK INFO: Server authentication successful for node: aggregator-001
✓ Aggregator connected: aggregator-001 from 127.0.0.1
✓ Sent 334502 bytes to aggregator-001 (0.38ms)
Session completed with aggregator-001
[2025-12-10 08:06:02] Meter 323: Generated 6.133 kWh (encrypted: 334310 bytes, 4.603 ms)
[2025-12-10 08:06:22] Meter 323: Generated 3.371 kWh (encrypted: 334212 bytes, 5.275 ms)
[2025-12-10 08:06:42] Meter 323: Generated 1.113 kWh (encrypted: 334285 bytes, 6.487 ms)
[2025-12-10 08:06:50] NETWORK INFO: Server authentication successful for node: aggregator-001
✓ Aggregator connected: aggregator-001 from 127.0.0.1
✓ Sent 334285 bytes to aggregator-001 (0.38ms)
Session completed with aggregator-001
[2025-12-10 08:07:02] Meter 323: Generated 3.846 kWh (encrypted: 334344 bytes, 4.627 ms)
[2025-12-10 08:07:22] Meter 323: Generated 7.550 kWh (encrypted: 334354 bytes, 14.521 ms)
[2025-12-10 08:07:42] Meter 323: Generated 5.439 kWh (encrypted: 334154 bytes, 5.051 ms)
[2025-12-10 08:07:56] NETWORK INFO: Server authentication successful for node: aggregator-001
✓ Aggregator connected: aggregator-001 from 127.0.0.1
✓ Sent 334154 bytes to aggregator-001 (0.36ms)
Session completed with aggregator-001
[2025-12-10 08:08:02] Meter 323: Generated 2.259 kWh (encrypted: 334145 bytes, 7.085 ms)
[2025-12-10 08:08:22] Meter 323: Generated 3.691 kWh (encrypted: 334324 bytes, 7.579 ms)
[2025-12-10 08:08:42] Meter 323: Generated 5.034 kWh (encrypted: 334374 bytes, 5.505 ms)
[2025-12-10 08:09:01] NETWORK INFO: Server authentication successful for node: aggregator-001
✓ Aggregator connected: aggregator-001 from 127.0.0.1
✓ Sent 334374 bytes to aggregator-001 (0.40ms)
Session completed with aggregator-001
[2025-12-10 08:09:03] Meter 323: Generated 3.112 kWh (encrypted: 334347 bytes, 6.642 ms)
[2025-12-10 08:09:23] Meter 323: Generated 6.874 kWh (encrypted: 334338 bytes, 5.692 ms)
[2025-12-10 08:09:43] Meter 323: Generated 5.506 kWh (encrypted: 334174 bytes, 7.150 ms)
[2025-12-10 08:10:03] Meter 323: Generated 4.743 kWh (encrypted: 334183 bytes, 6.523 ms)
[2025-12-10 08:10:06] NETWORK INFO: Server authentication successful for node: aggregator-001
✓ Aggregator connected: aggregator-001 from 127.0.0.1
✓ Sent 334183 bytes to aggregator-001 (11.25ms)
Session completed with aggregator-001
[2025-12-10 08:10:23] Meter 323: Generated 6.525 kWh (encrypted: 334447 bytes, 10.923 ms)
[2025-12-10 08:10:43] Meter 323: Generated 7.295 kWh (encrypted: 334458 bytes, 4.659 ms)
[2025-12-10 08:11:03] Meter 323: Generated 1.929 kWh (encrypted: 334241 bytes, 10.696 ms)
[2025-12-10 08:11:12] NETWORK INFO: Server authentication successful for node: aggregator-001
✓ Aggregator connected: aggregator-001 from 127.0.0.1
✓ Sent 334241 bytes to aggregator-001 (0.36ms)
Session completed with aggregator-001
[2025-12-10 08:11:23] Meter 323: Generated 5.590 kWh (encrypted: 334459 bytes, 7.338 ms)
[2025-12-10 08:11:43] Meter 323: Generated 3.290 kWh (encrypted: 334328 bytes, 6.857 ms)
[2025-12-10 08:12:03] Meter 323: Generated 5.325 kWh (encrypted: 334349 bytes, 4.695 ms)
[2025-12-10 08:12:17] NETWORK INFO: Server authentication successful for node: aggregator-001
✓ Aggregator connected: aggregator-001 from 127.0.0.1
✓ Sent 334349 bytes to aggregator-001 (0.35ms)
Session completed with aggregator-001
[2025-12-10 08:12:23] Meter 323: Generated 4.623 kWh (encrypted: 334326 bytes, 7.198 ms)

Received shutdown signal. Gracefully shutting down smart meter...
Network server thread stopped
Data generation thread stopped
Smart meter 323 shutdown complete
