=== Continuous Smart Meter Server 429 ===
Initializing for continuous operation...
SEAL context initialized
Loaded certificate: smart-meter-429
Requesting public keys from KDC...
[2025-12-10 08:03:55] NETWORK ERROR: Failed to connect to 127.0.0.1:8444: Connection refused
Error: Failed to connect to KDC at 127.0.0.1:8444
Error: Failed to send key request to KDC
Failed to obtain keys from KDC, falling back to file keys
Loaded keys from fallback files
Cryptographic components initialized
[2025-12-10 08:03:55] NETWORK INFO: Server socket created and listening on port 9429
✓ Smart meter server ready on port 9429
Data transmission interval: 20 seconds (15x accelerated - simulates 5min)
✓ Performance metrics CSV files initialized in performance_data/
Starting continuous smart meter operation...
Press Ctrl+C to stop gracefully
Data generation thread started
Network server thread started on port 9429
[2025-12-10 08:04:15] Meter 429: Generated 3.261 kWh (encrypted: 334449 bytes, 7.350 ms)
[2025-12-10 08:04:35] Meter 429: Generated 4.185 kWh (encrypted: 334299 bytes, 4.763 ms)
[2025-12-10 08:04:39] NETWORK INFO: Server authentication successful for node: aggregator-001
✓ Aggregator connected: aggregator-001 from 127.0.0.1
✓ Sent 334299 bytes to aggregator-001 (3.92ms)
Session completed with aggregator-001
[2025-12-10 08:04:55] Meter 429: Generated 2.597 kWh (encrypted: 334435 bytes, 4.637 ms)
[2025-12-10 08:05:15] Meter 429: Generated 1.776 kWh (encrypted: 334451 bytes, 4.884 ms)
[2025-12-10 08:05:35] Meter 429: Generated 1.154 kWh (encrypted: 334111 bytes, 4.407 ms)
[2025-12-10 08:05:44] NETWORK INFO: Server authentication successful for node: aggregator-001
✓ Aggregator connected: aggregator-001 from 127.0.0.1
✓ Sent 334111 bytes to aggregator-001 (0.35ms)
Session completed with aggregator-001
[2025-12-10 08:05:55] Meter 429: Generated 6.792 kWh (encrypted: 334202 bytes, 4.472 ms)
[2025-12-10 08:06:15] Meter 429: Generated 1.636 kWh (encrypted: 334384 bytes, 4.330 ms)
[2025-12-10 08:06:35] Meter 429: Generated 0.727 kWh (encrypted: 334469 bytes, 4.395 ms)
[2025-12-10 08:06:50] NETWORK INFO: Server authentication successful for node: aggregator-001
✓ Aggregator connected: aggregator-001 from 127.0.0.1
✓ Sent 334469 bytes to aggregator-001 (0.71ms)
Session completed with aggregator-001
[2025-12-10 08:06:55] Meter 429: Generated 1.113 kWh (encrypted: 334323 bytes, 4.903 ms)
[2025-12-10 08:07:15] Meter 429: Generated 4.127 kWh (encrypted: 334340 bytes, 6.548 ms)
[2025-12-10 08:07:35] Meter 429: Generated 2.456 kWh (encrypted: 334431 bytes, 4.604 ms)
[2025-12-10 08:07:55] Meter 429: Generated 4.028 kWh (encrypted: 334416 bytes, 5.006 ms)
[2025-12-10 08:07:56] NETWORK INFO: Server authentication successful for node: aggregator-001
✓ Aggregator connected: aggregator-001 from 127.0.0.1
✓ Sent 334416 bytes to aggregator-001 (2.90ms)
Session completed with aggregator-001
[2025-12-10 08:08:15] Meter 429: Generated 6.933 kWh (encrypted: 334431 bytes, 6.549 ms)
[2025-12-10 08:08:35] Meter 429: Generated 1.750 kWh (encrypted: 334379 bytes, 4.728 ms)
[2025-12-10 08:08:55] Meter 429: Generated 2.902 kWh (encrypted: 334404 bytes, 4.338 ms)
[2025-12-10 08:09:01] NETWORK INFO: Server authentication successful for node: aggregator-001
✓ Aggregator connected: aggregator-001 from 127.0.0.1
✓ Sent 334404 bytes to aggregator-001 (5.44ms)
Session completed with aggregator-001
[2025-12-10 08:09:15] Meter 429: Generated 1.292 kWh (encrypted: 334372 bytes, 9.705 ms)
[2025-12-10 08:09:35] Meter 429: Generated 3.426 kWh (encrypted: 334215 bytes, 4.847 ms)
[2025-12-10 08:09:55] Meter 429: Generated 1.382 kWh (encrypted: 334346 bytes, 4.356 ms)
[2025-12-10 08:10:06] NETWORK INFO: Server authentication successful for node: aggregator-001
✓ Aggregator connected: aggregator-001 from 127.0.0.1
✓ Sent 334346 bytes to aggregator-001 (0.36ms)
Session completed with aggregator-001
[2025-12-10 08:10:15] Meter 429: Generated 2.000 kWh (encrypted: 334421 bytes, 6.369 ms)
[2025-12-10 08:10:35] Meter 429: Generated 5.692 kWh (encrypted: 334227 bytes, 6.756 ms)
[2025-12-10 08:10:55] Meter 429: Generated 3.360 kWh (encrypted: 334134 bytes, 4.723 ms)
[2025-12-10 08:11:12] NETWORK INFO: Server authentication successful for node: aggregator-001
✓ Aggregator connected: aggregator-001 from 127.0.0.1
✓ Sent 334134 bytes to aggregator-001 (3.09ms)
Session completed with aggregator-001
[2025-12-10 08:11:15] Meter 429: Generated 6.929 kWh (encrypted: 334439 bytes, 5.592 ms)
[2025-12-10 08:11:35] Meter 429: Generated 5.045 kWh (encrypted: 334244 bytes, 7.067 ms)
[2025-12-10 08:11:55] Meter 429: Generated 7.584 kWh (encrypted: 334012 bytes, 5.700 ms)
[2025-12-10 08:12:15] Meter 429: Generated 2.574 kWh (encrypted: 334430 bytes, 6.555 ms)
[2025-12-10 08:12:17] NETWORK INFO: Server authentication successful for node: aggregator-001
✓ Aggregator connected: aggregator-001 from 127.0.0.1
✓ Sent 334430 bytes to aggregator-001 (4.17ms)
Session completed with aggregator-001

Received shutdown signal. Gracefully shutting down smart meter...
Network server thread stopped
Data generation thread stopped
Smart meter 429 shutdown complete
