=== Continuous Smart Meter Server 199 ===
Initializing for continuous operation...
SEAL context initialized
Loaded certificate: smart-meter-199
Requesting public keys from KDC...
[2025-12-10 07:59:09] NETWORK ERROR: Failed to connect to 127.0.0.1:8444: Connection refused
Error: Failed to connect to KDC at 127.0.0.1:8444
Error: Failed to send key request to KDC
Failed to obtain keys from KDC, falling back to file keys
Loaded keys from fallback files
Cryptographic components initialized
[2025-12-10 07:59:09] NETWORK INFO: Server socket created and listening on port 9199
✓ Smart meter server ready on port 9199
Data transmission interval: 20 seconds (15x accelerated - simulates 5min)
✓ Performance metrics CSV files initialized in performance_data/
Starting continuous smart meter operation...
Press Ctrl+C to stop gracefully
Data generation thread started
Network server thread started on port 9199
[2025-12-10 07:59:26] NETWORK INFO: Server authentication successful for node: aggregator-001
✓ Aggregator connected: aggregator-001 from 127.0.0.1
[2025-12-10 07:59:29] Meter 199: Generated 4.393 kWh (encrypted: 334491 bytes, 5.125 ms)
✓ Sent 334491 bytes to aggregator-001 (0.71ms)
Session completed with aggregator-001
[2025-12-10 07:59:49] Meter 199: Generated 7.155 kWh (encrypted: 334319 bytes, 4.553 ms)
[2025-12-10 08:00:09] Meter 199: Generated 3.595 kWh (encrypted: 334246 bytes, 4.346 ms)
[2025-12-10 08:00:28] NETWORK INFO: Server authentication successful for node: aggregator-001
✓ Aggregator connected: aggregator-001 from 127.0.0.1
✓ Sent 334246 bytes to aggregator-001 (0.40ms)
Session completed with aggregator-001
[2025-12-10 08:00:29] Meter 199: Generated 5.591 kWh (encrypted: 334420 bytes, 4.832 ms)
[2025-12-10 08:00:49] Meter 199: Generated 5.948 kWh (encrypted: 333990 bytes, 6.439 ms)
[2025-12-10 08:01:09] Meter 199: Generated 4.172 kWh (encrypted: 334452 bytes, 4.762 ms)
[2025-12-10 08:01:29] Meter 199: Generated 7.241 kWh (encrypted: 334286 bytes, 4.599 ms)
[2025-12-10 08:01:31] NETWORK INFO: Server authentication successful for node: aggregator-001
✓ Aggregator connected: aggregator-001 from 127.0.0.1
✓ Sent 334286 bytes to aggregator-001 (15.28ms)
Session completed with aggregator-001
[2025-12-10 08:01:49] Meter 199: Generated 7.234 kWh (encrypted: 334371 bytes, 6.529 ms)
[2025-12-10 08:02:09] Meter 199: Generated 1.212 kWh (encrypted: 334345 bytes, 4.644 ms)
[2025-12-10 08:02:29] Meter 199: Generated 1.915 kWh (encrypted: 333528 bytes, 4.750 ms)
[2025-12-10 08:02:33] NETWORK INFO: Server authentication successful for node: aggregator-001
✓ Aggregator connected: aggregator-001 from 127.0.0.1
✓ Sent 333528 bytes to aggregator-001 (0.44ms)
Session completed with aggregator-001
[2025-12-10 08:02:49] Meter 199: Generated 4.611 kWh (encrypted: 334363 bytes, 4.580 ms)
[2025-12-10 08:03:09] Meter 199: Generated 3.644 kWh (encrypted: 334266 bytes, 4.537 ms)
[2025-12-10 08:03:29] Meter 199: Generated 7.287 kWh (encrypted: 334272 bytes, 4.526 ms)
[2025-12-10 08:03:36] NETWORK INFO: Server authentication successful for node: aggregator-001
✓ Aggregator connected: aggregator-001 from 127.0.0.1
✓ Sent 334272 bytes to aggregator-001 (0.41ms)
Session completed with aggregator-001
[2025-12-10 08:03:49] Meter 199: Generated 3.639 kWh (encrypted: 334447 bytes, 6.244 ms)
[2025-12-10 08:04:09] Meter 199: Generated 4.666 kWh (encrypted: 334408 bytes, 7.073 ms)
[2025-12-10 08:04:29] Meter 199: Generated 1.587 kWh (encrypted: 334292 bytes, 7.152 ms)
[2025-12-10 08:04:39] NETWORK INFO: Server authentication successful for node: aggregator-001
✓ Aggregator connected: aggregator-001 from 127.0.0.1
✓ Sent 334292 bytes to aggregator-001 (20.24ms)
Session completed with aggregator-001
[2025-12-10 08:04:49] Meter 199: Generated 5.170 kWh (encrypted: 334263 bytes, 4.704 ms)
[2025-12-10 08:05:09] Meter 199: Generated 5.428 kWh (encrypted: 334428 bytes, 4.696 ms)
[2025-12-10 08:05:29] Meter 199: Generated 2.554 kWh (encrypted: 334211 bytes, 4.674 ms)
[2025-12-10 08:05:44] NETWORK INFO: Server authentication successful for node: aggregator-001
✓ Aggregator connected: aggregator-001 from 127.0.0.1
✓ Sent 334211 bytes to aggregator-001 (0.39ms)
Session completed with aggregator-001
[2025-12-10 08:05:49] Meter 199: Generated 6.799 kWh (encrypted: 334021 bytes, 5.293 ms)
[2025-12-10 08:06:09] Meter 199: Generated 3.563 kWh (encrypted: 334471 bytes, 5.931 ms)
[2025-12-10 08:06:29] Meter 199: Generated 3.571 kWh (encrypted: 334481 bytes, 5.858 ms)
[2025-12-10 08:06:49] Meter 199: Generated 3.761 kWh (encrypted: 334117 bytes, 7.667 ms)
[2025-12-10 08:06:50] NETWORK INFO: Server authentication successful for node: aggregator-001
✓ Aggregator connected: aggregator-001 from 127.0.0.1
✓ Sent 334117 bytes to aggregator-001 (0.35ms)
Session completed with aggregator-001
[2025-12-10 08:07:09] Meter 199: Generated 4.738 kWh (encrypted: 334403 bytes, 9.367 ms)
[2025-12-10 08:07:29] Meter 199: Generated 4.836 kWh (encrypted: 334106 bytes, 6.000 ms)
[2025-12-10 08:07:49] Meter 199: Generated 3.483 kWh (encrypted: 334521 bytes, 5.053 ms)
[2025-12-10 08:07:56] NETWORK INFO: Server authentication successful for node: aggregator-001
✓ Aggregator connected: aggregator-001 from 127.0.0.1
✓ Sent 334521 bytes to aggregator-001 (0.35ms)
Session completed with aggregator-001
[2025-12-10 08:08:09] Meter 199: Generated 4.119 kWh (encrypted: 334385 bytes, 6.624 ms)
[2025-12-10 08:08:29] Meter 199: Generated 2.767 kWh (encrypted: 334100 bytes, 6.935 ms)
[2025-12-10 08:08:49] Meter 199: Generated 6.459 kWh (encrypted: 333265 bytes, 6.193 ms)
[2025-12-10 08:09:01] NETWORK INFO: Server authentication successful for node: aggregator-001
✓ Aggregator connected: aggregator-001 from 127.0.0.1
✓ Sent 333265 bytes to aggregator-001 (32.62ms)
Session completed with aggregator-001
[2025-12-10 08:09:09] Meter 199: Generated 1.369 kWh (encrypted: 334452 bytes, 6.440 ms)
[2025-12-10 08:09:29] Meter 199: Generated 6.694 kWh (encrypted: 334124 bytes, 4.778 ms)
[2025-12-10 08:09:49] Meter 199: Generated 6.497 kWh (encrypted: 334212 bytes, 4.835 ms)
[2025-12-10 08:10:06] NETWORK INFO: Server authentication successful for node: aggregator-001
✓ Aggregator connected: aggregator-001 from 127.0.0.1
✓ Sent 334212 bytes to aggregator-001 (0.40ms)
Session completed with aggregator-001
[2025-12-10 08:10:09] Meter 199: Generated 2.847 kWh (encrypted: 334531 bytes, 6.249 ms)
[2025-12-10 08:10:29] Meter 199: Generated 4.613 kWh (encrypted: 334339 bytes, 4.868 ms)
[2025-12-10 08:10:49] Meter 199: Generated 4.278 kWh (encrypted: 334455 bytes, 4.779 ms)
[2025-12-10 08:11:09] Meter 199: Generated 2.225 kWh (encrypted: 334196 bytes, 6.490 ms)
[2025-12-10 08:11:12] NETWORK INFO: Server authentication successful for node: aggregator-001
✓ Aggregator connected: aggregator-001 from 127.0.0.1
✓ Sent 334196 bytes to aggregator-001 (28.46ms)
Session completed with aggregator-001
[2025-12-10 08:11:29] Meter 199: Generated 1.978 kWh (encrypted: 334270 bytes, 4.758 ms)
[2025-12-10 08:11:49] Meter 199: Generated 4.317 kWh (encrypted: 334256 bytes, 4.895 ms)
[2025-12-10 08:12:09] Meter 199: Generated 6.775 kWh (encrypted: 334431 bytes, 7.372 ms)
[2025-12-10 08:12:17] NETWORK INFO: Server authentication successful for node: aggregator-001
✓ Aggregator connected: aggregator-001 from 127.0.0.1
✓ Sent 334431 bytes to aggregator-001 (0.35ms)
Session completed with aggregator-001
[2025-12-10 08:12:29] Meter 199: Generated 6.234 kWh (encrypted: 334403 bytes, 6.147 ms)

Received shutdown signal. Gracefully shutting down smart meter...
Network server thread stopped
Data generation thread stopped
Smart meter 199 shutdown complete
