=== Continuous Smart Meter Server 56 ===
Initializing for continuous operation...
SEAL context initialized
Loaded certificate: smart-meter-056
Requesting public keys from KDC...
[2025-12-10 07:56:14] NETWORK ERROR: Failed to connect to 127.0.0.1:8444: Connection refused
Error: Failed to connect to KDC at 127.0.0.1:8444
Error: Failed to send key request to KDC
Failed to obtain keys from KDC, falling back to file keys
Loaded keys from fallback files
Cryptographic components initialized
[2025-12-10 07:56:14] NETWORK INFO: Server socket created and listening on port 9056
✓ Smart meter server ready on port 9056
Data transmission interval: 20 seconds (15x accelerated - simulates 5min)
✓ Performance metrics CSV files initialized in performance_data/
Starting continuous smart meter operation...
Press Ctrl+C to stop gracefully
Data generation thread started
Network server thread started on port 9056
[2025-12-10 07:56:34] Meter 56: Generated 5.704 kWh (encrypted: 334318 bytes, 4.837 ms)
[2025-12-10 07:56:54] Meter 56: Generated 0.691 kWh (encrypted: 334340 bytes, 4.279 ms)
[2025-12-10 07:57:14] Meter 56: Generated 6.361 kWh (encrypted: 334583 bytes, 4.310 ms)
[2025-12-10 07:57:15] NETWORK INFO: Server authentication successful for node: aggregator-001
✓ Aggregator connected: aggregator-001 from 127.0.0.1
✓ Sent 334583 bytes to aggregator-001 (1.66ms)
Session completed with aggregator-001
[2025-12-10 07:57:34] Meter 56: Generated 0.868 kWh (encrypted: 334253 bytes, 4.276 ms)
[2025-12-10 07:57:54] Meter 56: Generated 0.990 kWh (encrypted: 334396 bytes, 4.329 ms)
[2025-12-10 07:58:14] Meter 56: Generated 4.024 kWh (encrypted: 333842 bytes, 4.305 ms)
[2025-12-10 07:58:25] NETWORK INFO: Server authentication successful for node: aggregator-001
✓ Aggregator connected: aggregator-001 from 127.0.0.1
✓ Sent 333842 bytes to aggregator-001 (0.39ms)
Session completed with aggregator-001
[2025-12-10 07:58:34] Meter 56: Generated 6.421 kWh (encrypted: 334227 bytes, 4.366 ms)
[2025-12-10 07:58:54] Meter 56: Generated 0.854 kWh (encrypted: 334394 bytes, 4.847 ms)
[2025-12-10 07:59:14] Meter 56: Generated 4.769 kWh (encrypted: 334176 bytes, 4.873 ms)
[2025-12-10 07:59:26] NETWORK INFO: Server authentication successful for node: aggregator-001
✓ Aggregator connected: aggregator-001 from 127.0.0.1
✓ Sent 334176 bytes to aggregator-001 (1.02ms)
Session completed with aggregator-001
[2025-12-10 07:59:34] Meter 56: Generated 4.468 kWh (encrypted: 334180 bytes, 4.854 ms)
[2025-12-10 07:59:54] Meter 56: Generated 4.110 kWh (encrypted: 334284 bytes, 6.047 ms)
[2025-12-10 08:00:14] Meter 56: Generated 4.564 kWh (encrypted: 334220 bytes, 11.870 ms)
[2025-12-10 08:00:28] NETWORK INFO: Server authentication successful for node: aggregator-001
✓ Aggregator connected: aggregator-001 from 127.0.0.1
✓ Sent 334220 bytes to aggregator-001 (0.43ms)
Session completed with aggregator-001
[2025-12-10 08:00:34] Meter 56: Generated 3.231 kWh (encrypted: 334275 bytes, 4.466 ms)
[2025-12-10 08:00:54] Meter 56: Generated 1.679 kWh (encrypted: 334487 bytes, 4.616 ms)
[2025-12-10 08:01:14] Meter 56: Generated 5.460 kWh (encrypted: 334320 bytes, 5.389 ms)
[2025-12-10 08:01:31] NETWORK INFO: Server authentication successful for node: aggregator-001
✓ Aggregator connected: aggregator-001 from 127.0.0.1
✓ Sent 334320 bytes to aggregator-001 (0.37ms)
Session completed with aggregator-001
[2025-12-10 08:01:34] Meter 56: Generated 4.976 kWh (encrypted: 333649 bytes, 6.137 ms)
[2025-12-10 08:01:54] Meter 56: Generated 2.353 kWh (encrypted: 334180 bytes, 6.074 ms)
[2025-12-10 08:02:14] Meter 56: Generated 5.239 kWh (encrypted: 334455 bytes, 7.082 ms)
[2025-12-10 08:02:33] NETWORK INFO: Server authentication successful for node: aggregator-001
✓ Aggregator connected: aggregator-001 from 127.0.0.1
✓ Sent 334455 bytes to aggregator-001 (0.37ms)
Session completed with aggregator-001
[2025-12-10 08:02:34] Meter 56: Generated 2.186 kWh (encrypted: 334437 bytes, 5.972 ms)
[2025-12-10 08:02:54] Meter 56: Generated 6.364 kWh (encrypted: 334346 bytes, 7.031 ms)
[2025-12-10 08:03:14] Meter 56: Generated 2.071 kWh (encrypted: 334374 bytes, 6.309 ms)
[2025-12-10 08:03:34] Meter 56: Generated 3.424 kWh (encrypted: 334316 bytes, 4.615 ms)
[2025-12-10 08:03:36] NETWORK INFO: Server authentication successful for node: aggregator-001
✓ Aggregator connected: aggregator-001 from 127.0.0.1
✓ Sent 334316 bytes to aggregator-001 (0.39ms)
Session completed with aggregator-001
[2025-12-10 08:03:54] Meter 56: Generated 1.945 kWh (encrypted: 334291 bytes, 6.683 ms)
[2025-12-10 08:04:14] Meter 56: Generated 4.347 kWh (encrypted: 334181 bytes, 7.176 ms)
[2025-12-10 08:04:34] Meter 56: Generated 5.951 kWh (encrypted: 334131 bytes, 4.546 ms)
[2025-12-10 08:04:39] NETWORK INFO: Server authentication successful for node: aggregator-001
✓ Aggregator connected: aggregator-001 from 127.0.0.1
✓ Sent 334131 bytes to aggregator-001 (0.39ms)
Session completed with aggregator-001
[2025-12-10 08:04:54] Meter 56: Generated 2.525 kWh (encrypted: 334328 bytes, 4.932 ms)
[2025-12-10 08:05:14] Meter 56: Generated 5.088 kWh (encrypted: 333918 bytes, 4.908 ms)
[2025-12-10 08:05:34] Meter 56: Generated 6.039 kWh (encrypted: 334273 bytes, 4.751 ms)
[2025-12-10 08:05:44] NETWORK INFO: Server authentication successful for node: aggregator-001
✓ Aggregator connected: aggregator-001 from 127.0.0.1
✓ Sent 334273 bytes to aggregator-001 (0.36ms)
Session completed with aggregator-001
[2025-12-10 08:05:54] Meter 56: Generated 6.012 kWh (encrypted: 334390 bytes, 4.655 ms)
[2025-12-10 08:06:14] Meter 56: Generated 6.733 kWh (encrypted: 334022 bytes, 5.094 ms)
[2025-12-10 08:06:34] Meter 56: Generated 6.244 kWh (encrypted: 334304 bytes, 5.651 ms)
[2025-12-10 08:06:50] NETWORK INFO: Server authentication successful for node: aggregator-001
✓ Aggregator connected: aggregator-001 from 127.0.0.1
✓ Sent 334304 bytes to aggregator-001 (1.57ms)
Session completed with aggregator-001
[2025-12-10 08:06:54] Meter 56: Generated 5.284 kWh (encrypted: 334414 bytes, 4.900 ms)
[2025-12-10 08:07:14] Meter 56: Generated 6.426 kWh (encrypted: 334270 bytes, 6.469 ms)
[2025-12-10 08:07:34] Meter 56: Generated 3.442 kWh (encrypted: 334207 bytes, 7.103 ms)
[2025-12-10 08:07:54] Meter 56: Generated 5.157 kWh (encrypted: 334317 bytes, 4.349 ms)
[2025-12-10 08:07:56] NETWORK INFO: Server authentication successful for node: aggregator-001
✓ Aggregator connected: aggregator-001 from 127.0.0.1
✓ Sent 334317 bytes to aggregator-001 (0.42ms)
Session completed with aggregator-001
[2025-12-10 08:08:14] Meter 56: Generated 7.211 kWh (encrypted: 334422 bytes, 6.429 ms)
[2025-12-10 08:08:34] Meter 56: Generated 7.137 kWh (encrypted: 334448 bytes, 6.597 ms)
[2025-12-10 08:08:54] Meter 56: Generated 6.337 kWh (encrypted: 334395 bytes, 5.844 ms)
[2025-12-10 08:09:01] NETWORK INFO: Server authentication successful for node: aggregator-001
✓ Aggregator connected: aggregator-001 from 127.0.0.1
✓ Sent 334395 bytes to aggregator-001 (0.37ms)
Session completed with aggregator-001
[2025-12-10 08:09:14] Meter 56: Generated 5.979 kWh (encrypted: 334090 bytes, 4.326 ms)
[2025-12-10 08:09:34] Meter 56: Generated 1.100 kWh (encrypted: 334180 bytes, 5.529 ms)
[2025-12-10 08:09:54] Meter 56: Generated 1.520 kWh (encrypted: 334385 bytes, 5.586 ms)
[2025-12-10 08:10:06] NETWORK INFO: Server authentication successful for node: aggregator-001
✓ Aggregator connected: aggregator-001 from 127.0.0.1
✓ Sent 334385 bytes to aggregator-001 (0.38ms)
Session completed with aggregator-001
[2025-12-10 08:10:14] Meter 56: Generated 1.772 kWh (encrypted: 334147 bytes, 8.819 ms)
[2025-12-10 08:10:34] Meter 56: Generated 1.887 kWh (encrypted: 334179 bytes, 6.889 ms)
[2025-12-10 08:10:54] Meter 56: Generated 0.871 kWh (encrypted: 334396 bytes, 4.570 ms)
[2025-12-10 08:11:12] NETWORK INFO: Server authentication successful for node: aggregator-001
✓ Aggregator connected: aggregator-001 from 127.0.0.1
✓ Sent 334396 bytes to aggregator-001 (18.61ms)
Session completed with aggregator-001
[2025-12-10 08:11:14] Meter 56: Generated 5.099 kWh (encrypted: 334409 bytes, 4.473 ms)
[2025-12-10 08:11:34] Meter 56: Generated 4.539 kWh (encrypted: 334381 bytes, 5.830 ms)
[2025-12-10 08:11:54] Meter 56: Generated 6.764 kWh (encrypted: 334120 bytes, 5.565 ms)
[2025-12-10 08:12:15] Meter 56: Generated 1.578 kWh (encrypted: 334418 bytes, 9.768 ms)
[2025-12-10 08:12:17] NETWORK INFO: Server authentication successful for node: aggregator-001
✓ Aggregator connected: aggregator-001 from 127.0.0.1
✓ Sent 334418 bytes to aggregator-001 (0.36ms)
Session completed with aggregator-001

Received shutdown signal. Gracefully shutting down smart meter...
Network server thread stopped
Data generation thread stopped
Smart meter 56 shutdown complete
