=== Continuous Smart Meter Server 63 ===
Initializing for continuous operation...
SEAL context initialized
Loaded certificate: smart-meter-063
Requesting public keys from KDC...
[2025-12-10 07:56:23] NETWORK ERROR: Failed to connect to 127.0.0.1:8444: Connection refused
Error: Failed to connect to KDC at 127.0.0.1:8444
Error: Failed to send key request to KDC
Failed to obtain keys from KDC, falling back to file keys
Loaded keys from fallback files
Cryptographic components initialized
[2025-12-10 07:56:23] NETWORK INFO: Server socket created and listening on port 9063
✓ Smart meter server ready on port 9063
Data transmission interval: 20 seconds (15x accelerated - simulates 5min)
✓ Performance metrics CSV files initialized in performance_data/
Starting continuous smart meter operation...
Press Ctrl+C to stop gracefully
Data generation thread started
Network server thread started on port 9063
[2025-12-10 07:56:43] Meter 63: Generated 2.540 kWh (encrypted: 334256 bytes, 7.194 ms)
[2025-12-10 07:57:03] Meter 63: Generated 6.802 kWh (encrypted: 334170 bytes, 4.307 ms)
[2025-12-10 07:57:15] NETWORK INFO: Server authentication successful for node: aggregator-001
✓ Aggregator connected: aggregator-001 from 127.0.0.1
✓ Sent 334170 bytes to aggregator-001 (2.89ms)
Session completed with aggregator-001
[2025-12-10 07:57:23] Meter 63: Generated 2.223 kWh (encrypted: 334029 bytes, 4.397 ms)
[2025-12-10 07:57:43] Meter 63: Generated 3.949 kWh (encrypted: 334209 bytes, 4.938 ms)
[2025-12-10 07:58:03] Meter 63: Generated 6.884 kWh (encrypted: 334324 bytes, 6.280 ms)
[2025-12-10 07:58:23] Meter 63: Generated 6.501 kWh (encrypted: 334125 bytes, 5.395 ms)
[2025-12-10 07:58:25] NETWORK INFO: Server authentication successful for node: aggregator-001
✓ Aggregator connected: aggregator-001 from 127.0.0.1
✓ Sent 334125 bytes to aggregator-001 (0.38ms)
Session completed with aggregator-001
[2025-12-10 07:58:43] Meter 63: Generated 3.533 kWh (encrypted: 334453 bytes, 5.718 ms)
[2025-12-10 07:59:03] Meter 63: Generated 5.598 kWh (encrypted: 334331 bytes, 6.662 ms)
[2025-12-10 07:59:23] Meter 63: Generated 3.043 kWh (encrypted: 334511 bytes, 4.958 ms)
[2025-12-10 07:59:26] NETWORK INFO: Server authentication successful for node: aggregator-001
✓ Aggregator connected: aggregator-001 from 127.0.0.1
✓ Sent 334511 bytes to aggregator-001 (4.31ms)
Session completed with aggregator-001
[2025-12-10 07:59:43] Meter 63: Generated 3.132 kWh (encrypted: 334395 bytes, 4.868 ms)
[2025-12-10 08:00:03] Meter 63: Generated 5.035 kWh (encrypted: 333955 bytes, 4.843 ms)
[2025-12-10 08:00:23] Meter 63: Generated 6.779 kWh (encrypted: 334208 bytes, 5.111 ms)
[2025-12-10 08:00:28] NETWORK INFO: Server authentication successful for node: aggregator-001
✓ Aggregator connected: aggregator-001 from 127.0.0.1
✓ Sent 334208 bytes to aggregator-001 (0.36ms)
Session completed with aggregator-001
[2025-12-10 08:00:43] Meter 63: Generated 0.712 kWh (encrypted: 334286 bytes, 6.907 ms)
[2025-12-10 08:01:03] Meter 63: Generated 1.177 kWh (encrypted: 334393 bytes, 4.630 ms)
[2025-12-10 08:01:23] Meter 63: Generated 7.334 kWh (encrypted: 334319 bytes, 5.028 ms)
[2025-12-10 08:01:31] NETWORK INFO: Server authentication successful for node: aggregator-001
✓ Aggregator connected: aggregator-001 from 127.0.0.1
✓ Sent 334319 bytes to aggregator-001 (4.05ms)
Session completed with aggregator-001
[2025-12-10 08:01:43] Meter 63: Generated 0.869 kWh (encrypted: 334358 bytes, 5.391 ms)
[2025-12-10 08:02:03] Meter 63: Generated 2.224 kWh (encrypted: 334473 bytes, 4.644 ms)
[2025-12-10 08:02:23] Meter 63: Generated 1.678 kWh (encrypted: 334120 bytes, 5.518 ms)
[2025-12-10 08:02:33] NETWORK INFO: Server authentication successful for node: aggregator-001
✓ Aggregator connected: aggregator-001 from 127.0.0.1
✓ Sent 334120 bytes to aggregator-001 (0.40ms)
Session completed with aggregator-001
[2025-12-10 08:02:43] Meter 63: Generated 7.206 kWh (encrypted: 333271 bytes, 4.930 ms)
[2025-12-10 08:03:03] Meter 63: Generated 1.721 kWh (encrypted: 334357 bytes, 7.490 ms)
[2025-12-10 08:03:23] Meter 63: Generated 7.017 kWh (encrypted: 334396 bytes, 6.451 ms)
[2025-12-10 08:03:36] NETWORK INFO: Server authentication successful for node: aggregator-001
✓ Aggregator connected: aggregator-001 from 127.0.0.1
✓ Sent 334396 bytes to aggregator-001 (1.08ms)
Session completed with aggregator-001
[2025-12-10 08:03:43] Meter 63: Generated 3.989 kWh (encrypted: 334468 bytes, 6.497 ms)
[2025-12-10 08:04:03] Meter 63: Generated 7.195 kWh (encrypted: 334011 bytes, 5.805 ms)
[2025-12-10 08:04:23] Meter 63: Generated 2.734 kWh (encrypted: 334381 bytes, 4.653 ms)
[2025-12-10 08:04:39] NETWORK INFO: Server authentication successful for node: aggregator-001
✓ Aggregator connected: aggregator-001 from 127.0.0.1
✓ Sent 334381 bytes to aggregator-001 (0.38ms)
Session completed with aggregator-001
[2025-12-10 08:04:43] Meter 63: Generated 6.116 kWh (encrypted: 334429 bytes, 4.721 ms)
[2025-12-10 08:05:03] Meter 63: Generated 5.340 kWh (encrypted: 334305 bytes, 4.851 ms)
[2025-12-10 08:05:23] Meter 63: Generated 5.623 kWh (encrypted: 334166 bytes, 4.432 ms)
[2025-12-10 08:05:43] Meter 63: Generated 4.361 kWh (encrypted: 334466 bytes, 4.436 ms)
[2025-12-10 08:05:44] NETWORK INFO: Server authentication successful for node: aggregator-001
✓ Aggregator connected: aggregator-001 from 127.0.0.1
✓ Sent 334466 bytes to aggregator-001 (7.13ms)
Session completed with aggregator-001
[2025-12-10 08:06:03] Meter 63: Generated 7.041 kWh (encrypted: 334474 bytes, 4.366 ms)
[2025-12-10 08:06:23] Meter 63: Generated 7.406 kWh (encrypted: 334109 bytes, 6.915 ms)
[2025-12-10 08:06:43] Meter 63: Generated 6.811 kWh (encrypted: 334304 bytes, 4.416 ms)
[2025-12-10 08:06:50] NETWORK INFO: Server authentication successful for node: aggregator-001
✓ Aggregator connected: aggregator-001 from 127.0.0.1
✓ Sent 334304 bytes to aggregator-001 (18.96ms)
Session completed with aggregator-001
[2025-12-10 08:07:03] Meter 63: Generated 5.387 kWh (encrypted: 334285 bytes, 6.526 ms)
[2025-12-10 08:07:23] Meter 63: Generated 5.934 kWh (encrypted: 334395 bytes, 5.599 ms)
[2025-12-10 08:07:43] Meter 63: Generated 4.117 kWh (encrypted: 334359 bytes, 5.936 ms)
[2025-12-10 08:07:56] NETWORK INFO: Server authentication successful for node: aggregator-001
✓ Aggregator connected: aggregator-001 from 127.0.0.1
✓ Sent 334359 bytes to aggregator-001 (0.38ms)
Session completed with aggregator-001
[2025-12-10 08:08:03] Meter 63: Generated 0.659 kWh (encrypted: 334385 bytes, 6.380 ms)
[2025-12-10 08:08:23] Meter 63: Generated 4.062 kWh (encrypted: 334349 bytes, 4.427 ms)
[2025-12-10 08:08:43] Meter 63: Generated 3.039 kWh (encrypted: 334435 bytes, 4.509 ms)
[2025-12-10 08:09:01] NETWORK INFO: Server authentication successful for node: aggregator-001
✓ Aggregator connected: aggregator-001 from 127.0.0.1
✓ Sent 334435 bytes to aggregator-001 (0.38ms)
Session completed with aggregator-001
[2025-12-10 08:09:03] Meter 63: Generated 5.118 kWh (encrypted: 334443 bytes, 7.963 ms)
[2025-12-10 08:09:23] Meter 63: Generated 6.551 kWh (encrypted: 334382 bytes, 6.840 ms)
[2025-12-10 08:09:43] Meter 63: Generated 3.597 kWh (encrypted: 334346 bytes, 5.443 ms)
[2025-12-10 08:10:03] Meter 63: Generated 3.653 kWh (encrypted: 334118 bytes, 6.845 ms)
[2025-12-10 08:10:06] NETWORK INFO: Server authentication successful for node: aggregator-001
✓ Aggregator connected: aggregator-001 from 127.0.0.1
✓ Sent 334118 bytes to aggregator-001 (0.39ms)
Session completed with aggregator-001
[2025-12-10 08:10:23] Meter 63: Generated 5.699 kWh (encrypted: 333950 bytes, 4.516 ms)
[2025-12-10 08:10:43] Meter 63: Generated 2.364 kWh (encrypted: 334313 bytes, 5.803 ms)
[2025-12-10 08:11:03] Meter 63: Generated 4.356 kWh (encrypted: 334386 bytes, 6.864 ms)
[2025-12-10 08:11:12] NETWORK INFO: Server authentication successful for node: aggregator-001
✓ Aggregator connected: aggregator-001 from 127.0.0.1
✓ Sent 334386 bytes to aggregator-001 (0.36ms)
Session completed with aggregator-001
[2025-12-10 08:11:23] Meter 63: Generated 4.793 kWh (encrypted: 334447 bytes, 6.996 ms)
[2025-12-10 08:11:43] Meter 63: Generated 1.214 kWh (encrypted: 334285 bytes, 5.456 ms)
[2025-12-10 08:12:03] Meter 63: Generated 3.979 kWh (encrypted: 334115 bytes, 4.666 ms)
[2025-12-10 08:12:17] NETWORK INFO: Server authentication successful for node: aggregator-001
✓ Aggregator connected: aggregator-001 from 127.0.0.1
✓ Sent 334115 bytes to aggregator-001 (0.36ms)
Session completed with aggregator-001
[2025-12-10 08:12:23] Meter 63: Generated 6.411 kWh (encrypted: 334081 bytes, 7.596 ms)

Received shutdown signal. Gracefully shutting down smart meter...
Network server thread stopped
Data generation thread stopped
Smart meter 63 shutdown complete
