=== Continuous Smart Meter Server 488 ===
Initializing for continuous operation...
SEAL context initialized
Loaded certificate: smart-meter-488
Requesting public keys from KDC...
[2025-12-10 08:05:10] NETWORK ERROR: Failed to connect to 127.0.0.1:8444: Connection refused
Error: Failed to connect to KDC at 127.0.0.1:8444
Error: Failed to send key request to KDC
Failed to obtain keys from KDC, falling back to file keys
Loaded keys from fallback files
Cryptographic components initialized
[2025-12-10 08:05:10] NETWORK INFO: Server socket created and listening on port 9488
✓ Smart meter server ready on port 9488
Data transmission interval: 20 seconds (15x accelerated - simulates 5min)
✓ Performance metrics CSV files initialized in performance_data/
Starting continuous smart meter operation...
Press Ctrl+C to stop gracefully
Data generation thread started
Network server thread started on port 9488
[2025-12-10 08:05:30] Meter 488: Generated 7.155 kWh (encrypted: 334101 bytes, 5.582 ms)
[2025-12-10 08:05:44] NETWORK INFO: Server authentication successful for node: aggregator-001
✓ Aggregator connected: aggregator-001 from 127.0.0.1
✓ Sent 334101 bytes to aggregator-001 (0.87ms)
Session completed with aggregator-001
[2025-12-10 08:05:50] Meter 488: Generated 4.735 kWh (encrypted: 334072 bytes, 7.868 ms)
[2025-12-10 08:06:10] Meter 488: Generated 4.965 kWh (encrypted: 334464 bytes, 4.832 ms)
[2025-12-10 08:06:30] Meter 488: Generated 4.539 kWh (encrypted: 334439 bytes, 6.143 ms)
[2025-12-10 08:06:50] Meter 488: Generated 4.250 kWh (encrypted: 334290 bytes, 4.805 ms)
[2025-12-10 08:06:50] NETWORK INFO: Server authentication successful for node: aggregator-001
✓ Aggregator connected: aggregator-001 from 127.0.0.1
✓ Sent 334290 bytes to aggregator-001 (0.35ms)
Session completed with aggregator-001
[2025-12-10 08:07:10] Meter 488: Generated 7.128 kWh (encrypted: 334476 bytes, 6.377 ms)
[2025-12-10 08:07:30] Meter 488: Generated 6.761 kWh (encrypted: 334490 bytes, 5.283 ms)
[2025-12-10 08:07:50] Meter 488: Generated 1.833 kWh (encrypted: 334312 bytes, 4.540 ms)
[2025-12-10 08:07:56] NETWORK INFO: Server authentication successful for node: aggregator-001
✓ Aggregator connected: aggregator-001 from 127.0.0.1
✓ Sent 334312 bytes to aggregator-001 (0.35ms)
Session completed with aggregator-001
[2025-12-10 08:08:10] Meter 488: Generated 5.881 kWh (encrypted: 334354 bytes, 4.546 ms)
[2025-12-10 08:08:30] Meter 488: Generated 2.905 kWh (encrypted: 334276 bytes, 4.856 ms)
[2025-12-10 08:08:50] Meter 488: Generated 3.213 kWh (encrypted: 334463 bytes, 12.709 ms)
[2025-12-10 08:09:01] NETWORK INFO: Server authentication successful for node: aggregator-001
✓ Aggregator connected: aggregator-001 from 127.0.0.1
✓ Sent 334463 bytes to aggregator-001 (0.34ms)
Session completed with aggregator-001
[2025-12-10 08:09:10] Meter 488: Generated 5.094 kWh (encrypted: 334448 bytes, 6.767 ms)
[2025-12-10 08:09:30] Meter 488: Generated 1.181 kWh (encrypted: 334451 bytes, 4.773 ms)
[2025-12-10 08:09:50] Meter 488: Generated 4.087 kWh (encrypted: 334325 bytes, 9.320 ms)
[2025-12-10 08:10:06] NETWORK INFO: Server authentication successful for node: aggregator-001
✓ Aggregator connected: aggregator-001 from 127.0.0.1
✓ Sent 334325 bytes to aggregator-001 (0.36ms)
Session completed with aggregator-001
[2025-12-10 08:10:10] Meter 488: Generated 3.144 kWh (encrypted: 334123 bytes, 8.883 ms)
[2025-12-10 08:10:30] Meter 488: Generated 4.805 kWh (encrypted: 334473 bytes, 4.498 ms)
[2025-12-10 08:10:50] Meter 488: Generated 5.458 kWh (encrypted: 334305 bytes, 5.180 ms)
[2025-12-10 08:11:10] Meter 488: Generated 1.364 kWh (encrypted: 334338 bytes, 6.488 ms)
[2025-12-10 08:11:12] NETWORK INFO: Server authentication successful for node: aggregator-001
✓ Aggregator connected: aggregator-001 from 127.0.0.1
✓ Sent 334338 bytes to aggregator-001 (5.51ms)
Session completed with aggregator-001
[2025-12-10 08:11:30] Meter 488: Generated 6.567 kWh (encrypted: 334362 bytes, 6.494 ms)
[2025-12-10 08:11:50] Meter 488: Generated 4.516 kWh (encrypted: 334183 bytes, 7.637 ms)
[2025-12-10 08:12:10] Meter 488: Generated 2.795 kWh (encrypted: 334327 bytes, 7.074 ms)
[2025-12-10 08:12:17] NETWORK INFO: Server authentication successful for node: aggregator-001
✓ Aggregator connected: aggregator-001 from 127.0.0.1
✓ Sent 334327 bytes to aggregator-001 (12.07ms)
Session completed with aggregator-001
[2025-12-10 08:12:30] Meter 488: Generated 7.144 kWh (encrypted: 334291 bytes, 6.258 ms)

Received shutdown signal. Gracefully shutting down smart meter...
Network server thread stopped
Data generation thread stopped
Smart meter 488 shutdown complete
