=== Continuous Smart Meter Server 254 ===
Initializing for continuous operation...
SEAL context initialized
Loaded certificate: smart-meter-254
Requesting public keys from KDC...
[2025-12-10 08:00:17] NETWORK ERROR: Failed to connect to 127.0.0.1:8444: Connection refused
Error: Failed to connect to KDC at 127.0.0.1:8444
Error: Failed to send key request to KDC
Failed to obtain keys from KDC, falling back to file keys
Loaded keys from fallback files
Cryptographic components initialized
[2025-12-10 08:00:17] NETWORK INFO: Server socket created and listening on port 9254
✓ Smart meter server ready on port 9254
Data transmission interval: 20 seconds (15x accelerated - simulates 5min)
✓ Performance metrics CSV files initialized in performance_data/
Starting continuous smart meter operation...
Press Ctrl+C to stop gracefully
Data generation thread started
Network server thread started on port 9254
[2025-12-10 08:00:28] NETWORK INFO: Server authentication successful for node: aggregator-001
✓ Aggregator connected: aggregator-001 from 127.0.0.1
[2025-12-10 08:00:37] Meter 254: Generated 5.253 kWh (encrypted: 334363 bytes, 5.327 ms)
✓ Sent 334363 bytes to aggregator-001 (0.77ms)
Session completed with aggregator-001
[2025-12-10 08:00:57] Meter 254: Generated 1.571 kWh (encrypted: 334415 bytes, 4.667 ms)
[2025-12-10 08:01:17] Meter 254: Generated 1.372 kWh (encrypted: 334445 bytes, 4.761 ms)
[2025-12-10 08:01:31] NETWORK INFO: Server authentication successful for node: aggregator-001
✓ Aggregator connected: aggregator-001 from 127.0.0.1
✓ Sent 334445 bytes to aggregator-001 (0.37ms)
Session completed with aggregator-001
[2025-12-10 08:01:37] Meter 254: Generated 7.333 kWh (encrypted: 334093 bytes, 4.678 ms)
[2025-12-10 08:01:57] Meter 254: Generated 5.177 kWh (encrypted: 334385 bytes, 4.680 ms)
[2025-12-10 08:02:17] Meter 254: Generated 0.928 kWh (encrypted: 334112 bytes, 4.769 ms)
[2025-12-10 08:02:33] NETWORK INFO: Server authentication successful for node: aggregator-001
✓ Aggregator connected: aggregator-001 from 127.0.0.1
✓ Sent 334112 bytes to aggregator-001 (0.39ms)
Session completed with aggregator-001
[2025-12-10 08:02:37] Meter 254: Generated 3.477 kWh (encrypted: 334162 bytes, 4.708 ms)
[2025-12-10 08:02:57] Meter 254: Generated 6.156 kWh (encrypted: 334091 bytes, 4.434 ms)
[2025-12-10 08:03:17] Meter 254: Generated 1.920 kWh (encrypted: 333876 bytes, 4.978 ms)
[2025-12-10 08:03:36] NETWORK INFO: Server authentication successful for node: aggregator-001
✓ Aggregator connected: aggregator-001 from 127.0.0.1
✓ Sent 333876 bytes to aggregator-001 (0.36ms)
Session completed with aggregator-001
[2025-12-10 08:03:37] Meter 254: Generated 1.604 kWh (encrypted: 334439 bytes, 4.812 ms)
[2025-12-10 08:03:57] Meter 254: Generated 6.392 kWh (encrypted: 333988 bytes, 6.387 ms)
[2025-12-10 08:04:17] Meter 254: Generated 6.107 kWh (encrypted: 334419 bytes, 4.663 ms)
[2025-12-10 08:04:37] Meter 254: Generated 3.815 kWh (encrypted: 334173 bytes, 4.623 ms)
[2025-12-10 08:04:39] NETWORK INFO: Server authentication successful for node: aggregator-001
✓ Aggregator connected: aggregator-001 from 127.0.0.1
✓ Sent 334173 bytes to aggregator-001 (15.82ms)
Session completed with aggregator-001
[2025-12-10 08:04:57] Meter 254: Generated 5.821 kWh (encrypted: 334171 bytes, 4.604 ms)
[2025-12-10 08:05:17] Meter 254: Generated 6.315 kWh (encrypted: 334260 bytes, 12.048 ms)
[2025-12-10 08:05:37] Meter 254: Generated 7.314 kWh (encrypted: 334353 bytes, 4.681 ms)
[2025-12-10 08:05:44] NETWORK INFO: Server authentication successful for node: aggregator-001
✓ Aggregator connected: aggregator-001 from 127.0.0.1
✓ Sent 334353 bytes to aggregator-001 (0.42ms)
Session completed with aggregator-001
[2025-12-10 08:05:57] Meter 254: Generated 5.727 kWh (encrypted: 334438 bytes, 13.418 ms)
[2025-12-10 08:06:17] Meter 254: Generated 4.610 kWh (encrypted: 334114 bytes, 4.728 ms)
[2025-12-10 08:06:37] Meter 254: Generated 5.374 kWh (encrypted: 333955 bytes, 4.733 ms)
[2025-12-10 08:06:50] NETWORK INFO: Server authentication successful for node: aggregator-001
✓ Aggregator connected: aggregator-001 from 127.0.0.1
✓ Sent 333955 bytes to aggregator-001 (0.37ms)
Session completed with aggregator-001
[2025-12-10 08:06:57] Meter 254: Generated 3.511 kWh (encrypted: 334263 bytes, 6.587 ms)
[2025-12-10 08:07:17] Meter 254: Generated 3.262 kWh (encrypted: 334346 bytes, 4.636 ms)
[2025-12-10 08:07:37] Meter 254: Generated 3.574 kWh (encrypted: 334095 bytes, 5.737 ms)
[2025-12-10 08:07:56] NETWORK INFO: Server authentication successful for node: aggregator-001
✓ Aggregator connected: aggregator-001 from 127.0.0.1
✓ Sent 334095 bytes to aggregator-001 (0.39ms)
Session completed with aggregator-001
[2025-12-10 08:07:57] Meter 254: Generated 7.246 kWh (encrypted: 334339 bytes, 4.941 ms)
[2025-12-10 08:08:17] Meter 254: Generated 6.312 kWh (encrypted: 334393 bytes, 4.702 ms)
[2025-12-10 08:08:37] Meter 254: Generated 6.356 kWh (encrypted: 334068 bytes, 4.940 ms)
[2025-12-10 08:08:57] Meter 254: Generated 7.077 kWh (encrypted: 334369 bytes, 4.741 ms)
[2025-12-10 08:09:01] NETWORK INFO: Server authentication successful for node: aggregator-001
✓ Aggregator connected: aggregator-001 from 127.0.0.1
✓ Sent 334369 bytes to aggregator-001 (0.37ms)
Session completed with aggregator-001
[2025-12-10 08:09:17] Meter 254: Generated 4.273 kWh (encrypted: 334555 bytes, 5.927 ms)
[2025-12-10 08:09:37] Meter 254: Generated 5.629 kWh (encrypted: 334301 bytes, 4.646 ms)
[2025-12-10 08:09:57] Meter 254: Generated 4.604 kWh (encrypted: 334184 bytes, 4.342 ms)
[2025-12-10 08:10:06] NETWORK INFO: Server authentication successful for node: aggregator-001
✓ Aggregator connected: aggregator-001 from 127.0.0.1
✓ Sent 334184 bytes to aggregator-001 (0.35ms)
Session completed with aggregator-001
[2025-12-10 08:10:17] Meter 254: Generated 1.807 kWh (encrypted: 334136 bytes, 4.762 ms)
[2025-12-10 08:10:37] Meter 254: Generated 7.368 kWh (encrypted: 334297 bytes, 4.625 ms)
[2025-12-10 08:10:57] Meter 254: Generated 2.101 kWh (encrypted: 334343 bytes, 6.971 ms)
[2025-12-10 08:11:12] NETWORK INFO: Server authentication successful for node: aggregator-001
✓ Aggregator connected: aggregator-001 from 127.0.0.1
✓ Sent 334343 bytes to aggregator-001 (19.43ms)
Session completed with aggregator-001
[2025-12-10 08:11:17] Meter 254: Generated 6.155 kWh (encrypted: 334303 bytes, 6.381 ms)
[2025-12-10 08:11:37] Meter 254: Generated 4.802 kWh (encrypted: 333778 bytes, 6.450 ms)
[2025-12-10 08:11:57] Meter 254: Generated 3.839 kWh (encrypted: 334459 bytes, 4.762 ms)
[2025-12-10 08:12:17] Meter 254: Generated 6.481 kWh (encrypted: 334111 bytes, 23.884 ms)
[2025-12-10 08:12:17] NETWORK INFO: Server authentication successful for node: aggregator-001
✓ Aggregator connected: aggregator-001 from 127.0.0.1
✓ Sent 334111 bytes to aggregator-001 (0.59ms)
Session completed with aggregator-001

Received shutdown signal. Gracefully shutting down smart meter...
Network server thread stopped
Data generation thread stopped
Smart meter 254 shutdown complete
