=== Continuous Smart Meter Server 330 ===
Initializing for continuous operation...
SEAL context initialized
Loaded certificate: smart-meter-330
Requesting public keys from KDC...
[2025-12-10 08:01:51] NETWORK ERROR: Failed to connect to 127.0.0.1:8444: Connection refused
Error: Failed to connect to KDC at 127.0.0.1:8444
Error: Failed to send key request to KDC
Failed to obtain keys from KDC, falling back to file keys
Loaded keys from fallback files
Cryptographic components initialized
[2025-12-10 08:01:51] NETWORK INFO: Server socket created and listening on port 9330
✓ Smart meter server ready on port 9330
Data transmission interval: 20 seconds (15x accelerated - simulates 5min)
✓ Performance metrics CSV files initialized in performance_data/
Starting continuous smart meter operation...
Press Ctrl+C to stop gracefully
Data generation thread started
Network server thread started on port 9330
[2025-12-10 08:02:11] Meter 330: Generated 2.816 kWh (encrypted: 334151 bytes, 6.264 ms)
[2025-12-10 08:02:31] Meter 330: Generated 6.707 kWh (encrypted: 334425 bytes, 4.537 ms)
[2025-12-10 08:02:33] NETWORK INFO: Server authentication successful for node: aggregator-001
✓ Aggregator connected: aggregator-001 from 127.0.0.1
✓ Sent 334425 bytes to aggregator-001 (17.49ms)
Session completed with aggregator-001
[2025-12-10 08:02:51] Meter 330: Generated 2.912 kWh (encrypted: 333966 bytes, 4.530 ms)
[2025-12-10 08:03:11] Meter 330: Generated 5.341 kWh (encrypted: 334449 bytes, 9.545 ms)
[2025-12-10 08:03:31] Meter 330: Generated 5.194 kWh (encrypted: 334383 bytes, 4.314 ms)
[2025-12-10 08:03:36] NETWORK INFO: Server authentication successful for node: aggregator-001
✓ Aggregator connected: aggregator-001 from 127.0.0.1
✓ Sent 334383 bytes to aggregator-001 (0.37ms)
Session completed with aggregator-001
[2025-12-10 08:03:51] Meter 330: Generated 7.169 kWh (encrypted: 334032 bytes, 4.575 ms)
[2025-12-10 08:04:11] Meter 330: Generated 3.813 kWh (encrypted: 334184 bytes, 4.470 ms)
[2025-12-10 08:04:31] Meter 330: Generated 4.608 kWh (encrypted: 334164 bytes, 4.381 ms)
[2025-12-10 08:04:39] NETWORK INFO: Server authentication successful for node: aggregator-001
✓ Aggregator connected: aggregator-001 from 127.0.0.1
✓ Sent 334164 bytes to aggregator-001 (21.08ms)
Session completed with aggregator-001
[2025-12-10 08:04:51] Meter 330: Generated 2.362 kWh (encrypted: 334055 bytes, 4.291 ms)
[2025-12-10 08:05:11] Meter 330: Generated 6.079 kWh (encrypted: 334397 bytes, 4.373 ms)
[2025-12-10 08:05:31] Meter 330: Generated 3.813 kWh (encrypted: 333981 bytes, 4.826 ms)
[2025-12-10 08:05:44] NETWORK INFO: Server authentication successful for node: aggregator-001
✓ Aggregator connected: aggregator-001 from 127.0.0.1
✓ Sent 333981 bytes to aggregator-001 (0.38ms)
Session completed with aggregator-001
[2025-12-10 08:05:51] Meter 330: Generated 2.581 kWh (encrypted: 334231 bytes, 6.048 ms)
[2025-12-10 08:06:11] Meter 330: Generated 5.553 kWh (encrypted: 334301 bytes, 5.421 ms)
[2025-12-10 08:06:31] Meter 330: Generated 1.252 kWh (encrypted: 334392 bytes, 5.349 ms)
[2025-12-10 08:06:50] NETWORK INFO: Server authentication successful for node: aggregator-001
✓ Aggregator connected: aggregator-001 from 127.0.0.1
✓ Sent 334392 bytes to aggregator-001 (1.20ms)
Session completed with aggregator-001
[2025-12-10 08:06:51] Meter 330: Generated 0.808 kWh (encrypted: 334356 bytes, 8.846 ms)
[2025-12-10 08:07:11] Meter 330: Generated 3.433 kWh (encrypted: 334353 bytes, 5.470 ms)
[2025-12-10 08:07:31] Meter 330: Generated 1.146 kWh (encrypted: 334352 bytes, 6.640 ms)
[2025-12-10 08:07:51] Meter 330: Generated 3.073 kWh (encrypted: 334253 bytes, 6.104 ms)
[2025-12-10 08:07:56] NETWORK INFO: Server authentication successful for node: aggregator-001
✓ Aggregator connected: aggregator-001 from 127.0.0.1
✓ Sent 334253 bytes to aggregator-001 (3.57ms)
Session completed with aggregator-001
[2025-12-10 08:08:11] Meter 330: Generated 6.624 kWh (encrypted: 334161 bytes, 6.383 ms)
[2025-12-10 08:08:31] Meter 330: Generated 5.672 kWh (encrypted: 334274 bytes, 4.641 ms)
[2025-12-10 08:08:51] Meter 330: Generated 7.222 kWh (encrypted: 334468 bytes, 4.522 ms)
[2025-12-10 08:09:01] NETWORK INFO: Server authentication successful for node: aggregator-001
✓ Aggregator connected: aggregator-001 from 127.0.0.1
✓ Sent 334468 bytes to aggregator-001 (0.42ms)
Session completed with aggregator-001
[2025-12-10 08:09:11] Meter 330: Generated 0.813 kWh (encrypted: 334051 bytes, 6.021 ms)
[2025-12-10 08:09:31] Meter 330: Generated 6.321 kWh (encrypted: 334391 bytes, 7.082 ms)
[2025-12-10 08:09:51] Meter 330: Generated 4.951 kWh (encrypted: 333551 bytes, 4.317 ms)
[2025-12-10 08:10:06] NETWORK INFO: Server authentication successful for node: aggregator-001
✓ Aggregator connected: aggregator-001 from 127.0.0.1
✓ Sent 333551 bytes to aggregator-001 (9.97ms)
Session completed with aggregator-001
[2025-12-10 08:10:11] Meter 330: Generated 6.027 kWh (encrypted: 334323 bytes, 5.333 ms)
[2025-12-10 08:10:31] Meter 330: Generated 2.980 kWh (encrypted: 334308 bytes, 4.410 ms)
[2025-12-10 08:10:51] Meter 330: Generated 2.672 kWh (encrypted: 333782 bytes, 4.692 ms)
[2025-12-10 08:11:11] Meter 330: Generated 3.799 kWh (encrypted: 334039 bytes, 6.486 ms)
[2025-12-10 08:11:12] NETWORK INFO: Server authentication successful for node: aggregator-001
✓ Aggregator connected: aggregator-001 from 127.0.0.1
✓ Sent 334039 bytes to aggregator-001 (0.37ms)
Session completed with aggregator-001
[2025-12-10 08:11:31] Meter 330: Generated 4.011 kWh (encrypted: 334146 bytes, 5.428 ms)
[2025-12-10 08:11:51] Meter 330: Generated 0.985 kWh (encrypted: 334427 bytes, 4.565 ms)
[2025-12-10 08:12:11] Meter 330: Generated 3.347 kWh (encrypted: 334392 bytes, 5.669 ms)
[2025-12-10 08:12:17] NETWORK INFO: Server authentication successful for node: aggregator-001
✓ Aggregator connected: aggregator-001 from 127.0.0.1
✓ Sent 334392 bytes to aggregator-001 (0.40ms)
Session completed with aggregator-001
[2025-12-10 08:12:31] Meter 330: Generated 5.441 kWh (encrypted: 334391 bytes, 13.844 ms)

Received shutdown signal. Gracefully shutting down smart meter...
Network server thread stopped
Data generation thread stopped
Smart meter 330 shutdown complete
