=== Continuous Smart Meter Server 36 ===
Initializing for continuous operation...
SEAL context initialized
Loaded certificate: smart-meter-036
Requesting public keys from KDC...
[2025-12-10 07:55:50] NETWORK ERROR: Failed to connect to 127.0.0.1:8444: Connection refused
Error: Failed to connect to KDC at 127.0.0.1:8444
Error: Failed to send key request to KDC
Failed to obtain keys from KDC, falling back to file keys
Loaded keys from fallback files
Cryptographic components initialized
[2025-12-10 07:55:50] NETWORK INFO: Server socket created and listening on port 9036
✓ Smart meter server ready on port 9036
Data transmission interval: 20 seconds (15x accelerated - simulates 5min)
✓ Performance metrics CSV files initialized in performance_data/
Starting continuous smart meter operation...
Press Ctrl+C to stop gracefully
Data generation thread started
Network server thread started on port 9036
[2025-12-10 07:56:05] NETWORK INFO: Server authentication successful for node: aggregator-001
✓ Aggregator connected: aggregator-001 from 127.0.0.1
[2025-12-10 07:56:10] Meter 36: Generated 6.222 kWh (encrypted: 334151 bytes, 7.434 ms)
✓ Sent 334151 bytes to aggregator-001 (1.58ms)
Session completed with aggregator-001
[2025-12-10 07:56:30] Meter 36: Generated 6.622 kWh (encrypted: 334521 bytes, 4.287 ms)
[2025-12-10 07:56:50] Meter 36: Generated 7.286 kWh (encrypted: 334437 bytes, 4.272 ms)
[2025-12-10 07:57:10] Meter 36: Generated 6.211 kWh (encrypted: 334125 bytes, 4.247 ms)
[2025-12-10 07:57:15] NETWORK INFO: Server authentication successful for node: aggregator-001
✓ Aggregator connected: aggregator-001 from 127.0.0.1
✓ Sent 334125 bytes to aggregator-001 (0.33ms)
Session completed with aggregator-001
[2025-12-10 07:57:30] Meter 36: Generated 4.879 kWh (encrypted: 334349 bytes, 4.329 ms)
[2025-12-10 07:57:50] Meter 36: Generated 1.496 kWh (encrypted: 333885 bytes, 5.415 ms)
[2025-12-10 07:58:10] Meter 36: Generated 3.658 kWh (encrypted: 334190 bytes, 4.885 ms)
[2025-12-10 07:58:25] NETWORK INFO: Server authentication successful for node: aggregator-001
✓ Aggregator connected: aggregator-001 from 127.0.0.1
✓ Sent 334190 bytes to aggregator-001 (0.34ms)
Session completed with aggregator-001
[2025-12-10 07:58:30] Meter 36: Generated 1.845 kWh (encrypted: 334405 bytes, 4.508 ms)
[2025-12-10 07:58:50] Meter 36: Generated 1.229 kWh (encrypted: 334362 bytes, 4.658 ms)
[2025-12-10 07:59:10] Meter 36: Generated 5.005 kWh (encrypted: 334178 bytes, 4.580 ms)
[2025-12-10 07:59:26] NETWORK INFO: Server authentication successful for node: aggregator-001
✓ Aggregator connected: aggregator-001 from 127.0.0.1
✓ Sent 334178 bytes to aggregator-001 (3.58ms)
Session completed with aggregator-001
[2025-12-10 07:59:30] Meter 36: Generated 4.492 kWh (encrypted: 334453 bytes, 4.363 ms)
[2025-12-10 07:59:50] Meter 36: Generated 6.552 kWh (encrypted: 334367 bytes, 5.569 ms)
[2025-12-10 08:00:10] Meter 36: Generated 1.414 kWh (encrypted: 334381 bytes, 4.801 ms)
[2025-12-10 08:00:28] NETWORK INFO: Server authentication successful for node: aggregator-001
✓ Aggregator connected: aggregator-001 from 127.0.0.1
✓ Sent 334381 bytes to aggregator-001 (0.41ms)
Session completed with aggregator-001
[2025-12-10 08:00:30] Meter 36: Generated 1.166 kWh (encrypted: 334337 bytes, 4.913 ms)
[2025-12-10 08:00:50] Meter 36: Generated 1.172 kWh (encrypted: 334475 bytes, 4.832 ms)
[2025-12-10 08:01:10] Meter 36: Generated 2.862 kWh (encrypted: 334294 bytes, 4.679 ms)
[2025-12-10 08:01:30] Meter 36: Generated 6.728 kWh (encrypted: 334168 bytes, 4.536 ms)
[2025-12-10 08:01:31] NETWORK INFO: Server authentication successful for node: aggregator-001
✓ Aggregator connected: aggregator-001 from 127.0.0.1
✓ Sent 334168 bytes to aggregator-001 (1.12ms)
Session completed with aggregator-001
[2025-12-10 08:01:50] Meter 36: Generated 4.945 kWh (encrypted: 334430 bytes, 4.637 ms)
[2025-12-10 08:02:10] Meter 36: Generated 3.703 kWh (encrypted: 334287 bytes, 4.839 ms)
[2025-12-10 08:02:30] Meter 36: Generated 4.795 kWh (encrypted: 334386 bytes, 4.685 ms)
[2025-12-10 08:02:33] NETWORK INFO: Server authentication successful for node: aggregator-001
✓ Aggregator connected: aggregator-001 from 127.0.0.1
✓ Sent 334386 bytes to aggregator-001 (0.36ms)
Session completed with aggregator-001
[2025-12-10 08:02:50] Meter 36: Generated 7.147 kWh (encrypted: 334396 bytes, 4.830 ms)
[2025-12-10 08:03:10] Meter 36: Generated 5.716 kWh (encrypted: 334265 bytes, 5.986 ms)
[2025-12-10 08:03:30] Meter 36: Generated 5.210 kWh (encrypted: 334148 bytes, 26.583 ms)
[2025-12-10 08:03:36] NETWORK INFO: Server authentication successful for node: aggregator-001
✓ Aggregator connected: aggregator-001 from 127.0.0.1
✓ Sent 334148 bytes to aggregator-001 (0.64ms)
Session completed with aggregator-001
[2025-12-10 08:03:50] Meter 36: Generated 6.177 kWh (encrypted: 334413 bytes, 7.401 ms)
[2025-12-10 08:04:10] Meter 36: Generated 6.178 kWh (encrypted: 334299 bytes, 5.934 ms)
[2025-12-10 08:04:30] Meter 36: Generated 4.548 kWh (encrypted: 334312 bytes, 4.726 ms)
[2025-12-10 08:04:39] NETWORK INFO: Server authentication successful for node: aggregator-001
✓ Aggregator connected: aggregator-001 from 127.0.0.1
✓ Sent 334312 bytes to aggregator-001 (0.46ms)
Session completed with aggregator-001
[2025-12-10 08:04:50] Meter 36: Generated 4.745 kWh (encrypted: 334322 bytes, 4.772 ms)
[2025-12-10 08:05:10] Meter 36: Generated 3.243 kWh (encrypted: 334291 bytes, 4.986 ms)
[2025-12-10 08:05:30] Meter 36: Generated 5.211 kWh (encrypted: 334391 bytes, 5.382 ms)
[2025-12-10 08:05:44] NETWORK INFO: Server authentication successful for node: aggregator-001
✓ Aggregator connected: aggregator-001 from 127.0.0.1
✓ Sent 334391 bytes to aggregator-001 (0.35ms)
Session completed with aggregator-001
[2025-12-10 08:05:50] Meter 36: Generated 2.114 kWh (encrypted: 334279 bytes, 4.656 ms)
[2025-12-10 08:06:10] Meter 36: Generated 3.679 kWh (encrypted: 334352 bytes, 5.193 ms)
[2025-12-10 08:06:30] Meter 36: Generated 7.207 kWh (encrypted: 334367 bytes, 5.238 ms)
[2025-12-10 08:06:50] NETWORK INFO: Server authentication successful for node: aggregator-001
✓ Aggregator connected: aggregator-001 from 127.0.0.1
✓ Sent 334367 bytes to aggregator-001 (0.67ms)
Session completed with aggregator-001
[2025-12-10 08:06:50] Meter 36: Generated 1.018 kWh (encrypted: 334165 bytes, 30.139 ms)
[2025-12-10 08:07:10] Meter 36: Generated 0.972 kWh (encrypted: 334403 bytes, 4.458 ms)
[2025-12-10 08:07:30] Meter 36: Generated 6.210 kWh (encrypted: 334239 bytes, 4.524 ms)
[2025-12-10 08:07:50] Meter 36: Generated 6.407 kWh (encrypted: 334072 bytes, 6.913 ms)
[2025-12-10 08:07:55] NETWORK INFO: Server authentication successful for node: aggregator-001
✓ Aggregator connected: aggregator-001 from 127.0.0.1
✓ Sent 334072 bytes to aggregator-001 (1.57ms)
Session completed with aggregator-001
[2025-12-10 08:08:10] Meter 36: Generated 7.008 kWh (encrypted: 334361 bytes, 4.604 ms)
[2025-12-10 08:08:30] Meter 36: Generated 0.992 kWh (encrypted: 334176 bytes, 4.586 ms)
[2025-12-10 08:08:50] Meter 36: Generated 5.353 kWh (encrypted: 334470 bytes, 29.385 ms)
[2025-12-10 08:09:01] NETWORK INFO: Server authentication successful for node: aggregator-001
✓ Aggregator connected: aggregator-001 from 127.0.0.1
✓ Sent 334470 bytes to aggregator-001 (0.38ms)
Session completed with aggregator-001
[2025-12-10 08:09:10] Meter 36: Generated 6.553 kWh (encrypted: 334138 bytes, 6.597 ms)
[2025-12-10 08:09:30] Meter 36: Generated 1.169 kWh (encrypted: 334442 bytes, 7.115 ms)
[2025-12-10 08:09:50] Meter 36: Generated 3.077 kWh (encrypted: 334081 bytes, 4.449 ms)
[2025-12-10 08:10:06] NETWORK INFO: Server authentication successful for node: aggregator-001
✓ Aggregator connected: aggregator-001 from 127.0.0.1
✓ Sent 334081 bytes to aggregator-001 (0.76ms)
Session completed with aggregator-001
[2025-12-10 08:10:10] Meter 36: Generated 5.133 kWh (encrypted: 334515 bytes, 4.913 ms)
[2025-12-10 08:10:30] Meter 36: Generated 6.574 kWh (encrypted: 333992 bytes, 4.977 ms)
[2025-12-10 08:10:50] Meter 36: Generated 4.035 kWh (encrypted: 334275 bytes, 4.527 ms)
[2025-12-10 08:11:10] Meter 36: Generated 3.108 kWh (encrypted: 334404 bytes, 6.657 ms)
[2025-12-10 08:11:12] NETWORK INFO: Server authentication successful for node: aggregator-001
✓ Aggregator connected: aggregator-001 from 127.0.0.1
✓ Sent 334404 bytes to aggregator-001 (1.07ms)
Session completed with aggregator-001
[2025-12-10 08:11:30] Meter 36: Generated 6.700 kWh (encrypted: 334402 bytes, 4.412 ms)
[2025-12-10 08:11:50] Meter 36: Generated 3.827 kWh (encrypted: 334399 bytes, 4.573 ms)
[2025-12-10 08:12:10] Meter 36: Generated 4.621 kWh (encrypted: 334472 bytes, 6.486 ms)
[2025-12-10 08:12:17] NETWORK INFO: Server authentication successful for node: aggregator-001
✓ Aggregator connected: aggregator-001 from 127.0.0.1
✓ Sent 334472 bytes to aggregator-001 (0.42ms)
Session completed with aggregator-001
[2025-12-10 08:12:30] Meter 36: Generated 2.238 kWh (encrypted: 334196 bytes, 4.657 ms)

Received shutdown signal. Gracefully shutting down smart meter...
Network server thread stopped

Received shutdown signal. Gracefully shutting down smart meter...
Data generation thread stopped
Smart meter 36 shutdown complete
