=== Continuous Smart Meter Server 106 ===
Initializing for continuous operation...
SEAL context initialized
Loaded certificate: smart-meter-106
Requesting public keys from KDC...
[2025-12-10 07:57:15] NETWORK ERROR: Failed to connect to 127.0.0.1:8444: Connection refused
Error: Failed to connect to KDC at 127.0.0.1:8444
Error: Failed to send key request to KDC
Failed to obtain keys from KDC, falling back to file keys
Loaded keys from fallback files
Cryptographic components initialized
[2025-12-10 07:57:15] NETWORK INFO: Server socket created and listening on port 9106
✓ Smart meter server ready on port 9106
Data transmission interval: 20 seconds (15x accelerated - simulates 5min)
✓ Performance metrics CSV files initialized in performance_data/
Starting continuous smart meter operation...
Press Ctrl+C to stop gracefully
Data generation thread started
Network server thread started on port 9106
[2025-12-10 07:57:35] Meter 106: Generated 3.740 kWh (encrypted: 334272 bytes, 6.473 ms)
[2025-12-10 07:57:55] Meter 106: Generated 2.472 kWh (encrypted: 334040 bytes, 5.482 ms)
[2025-12-10 07:58:15] Meter 106: Generated 6.148 kWh (encrypted: 333933 bytes, 4.498 ms)
[2025-12-10 07:58:25] NETWORK INFO: Server authentication successful for node: aggregator-001
✓ Aggregator connected: aggregator-001 from 127.0.0.1
✓ Sent 333933 bytes to aggregator-001 (0.79ms)
Session completed with aggregator-001
[2025-12-10 07:58:35] Meter 106: Generated 3.359 kWh (encrypted: 334443 bytes, 4.552 ms)
[2025-12-10 07:58:55] Meter 106: Generated 6.513 kWh (encrypted: 334374 bytes, 4.514 ms)
[2025-12-10 07:59:15] Meter 106: Generated 2.632 kWh (encrypted: 334205 bytes, 4.583 ms)
[2025-12-10 07:59:26] NETWORK INFO: Server authentication successful for node: aggregator-001
✓ Aggregator connected: aggregator-001 from 127.0.0.1
✓ Sent 334205 bytes to aggregator-001 (7.02ms)
Session completed with aggregator-001
[2025-12-10 07:59:35] Meter 106: Generated 3.924 kWh (encrypted: 334516 bytes, 4.493 ms)
[2025-12-10 07:59:55] Meter 106: Generated 5.710 kWh (encrypted: 334495 bytes, 5.122 ms)
[2025-12-10 08:00:15] Meter 106: Generated 3.557 kWh (encrypted: 334336 bytes, 4.755 ms)
[2025-12-10 08:00:28] NETWORK INFO: Server authentication successful for node: aggregator-001
✓ Aggregator connected: aggregator-001 from 127.0.0.1
✓ Sent 334336 bytes to aggregator-001 (0.36ms)
Session completed with aggregator-001
[2025-12-10 08:00:35] Meter 106: Generated 6.997 kWh (encrypted: 334204 bytes, 4.837 ms)
[2025-12-10 08:00:55] Meter 106: Generated 6.125 kWh (encrypted: 334293 bytes, 4.774 ms)
[2025-12-10 08:01:15] Meter 106: Generated 4.421 kWh (encrypted: 334429 bytes, 4.448 ms)
[2025-12-10 08:01:31] NETWORK INFO: Server authentication successful for node: aggregator-001
✓ Aggregator connected: aggregator-001 from 127.0.0.1
✓ Sent 334429 bytes to aggregator-001 (0.35ms)
Session completed with aggregator-001
[2025-12-10 08:01:35] Meter 106: Generated 5.446 kWh (encrypted: 334324 bytes, 4.682 ms)
[2025-12-10 08:01:55] Meter 106: Generated 6.441 kWh (encrypted: 334251 bytes, 4.318 ms)
[2025-12-10 08:02:15] Meter 106: Generated 6.971 kWh (encrypted: 334416 bytes, 5.208 ms)
[2025-12-10 08:02:33] NETWORK INFO: Server authentication successful for node: aggregator-001
✓ Aggregator connected: aggregator-001 from 127.0.0.1
✓ Sent 334416 bytes to aggregator-001 (0.43ms)
Session completed with aggregator-001
[2025-12-10 08:02:35] Meter 106: Generated 5.749 kWh (encrypted: 334445 bytes, 4.659 ms)
[2025-12-10 08:02:55] Meter 106: Generated 1.423 kWh (encrypted: 334336 bytes, 5.030 ms)
[2025-12-10 08:03:15] Meter 106: Generated 6.532 kWh (encrypted: 334413 bytes, 4.582 ms)
[2025-12-10 08:03:35] Meter 106: Generated 1.681 kWh (encrypted: 334428 bytes, 4.497 ms)
[2025-12-10 08:03:36] NETWORK INFO: Server authentication successful for node: aggregator-001
✓ Aggregator connected: aggregator-001 from 127.0.0.1
✓ Sent 334428 bytes to aggregator-001 (0.36ms)
Session completed with aggregator-001
[2025-12-10 08:03:55] Meter 106: Generated 3.400 kWh (encrypted: 334195 bytes, 4.556 ms)
[2025-12-10 08:04:15] Meter 106: Generated 5.271 kWh (encrypted: 333339 bytes, 4.527 ms)
[2025-12-10 08:04:35] Meter 106: Generated 3.486 kWh (encrypted: 334254 bytes, 4.865 ms)
[2025-12-10 08:04:39] NETWORK INFO: Server authentication successful for node: aggregator-001
✓ Aggregator connected: aggregator-001 from 127.0.0.1
✓ Sent 334254 bytes to aggregator-001 (6.04ms)
Session completed with aggregator-001
[2025-12-10 08:04:55] Meter 106: Generated 7.397 kWh (encrypted: 334145 bytes, 4.646 ms)
[2025-12-10 08:05:15] Meter 106: Generated 6.808 kWh (encrypted: 334461 bytes, 6.649 ms)
[2025-12-10 08:05:35] Meter 106: Generated 6.861 kWh (encrypted: 334266 bytes, 10.845 ms)
[2025-12-10 08:05:44] NETWORK INFO: Server authentication successful for node: aggregator-001
✓ Aggregator connected: aggregator-001 from 127.0.0.1
✓ Sent 334266 bytes to aggregator-001 (10.89ms)
Session completed with aggregator-001
[2025-12-10 08:05:55] Meter 106: Generated 5.422 kWh (encrypted: 334366 bytes, 6.512 ms)
[2025-12-10 08:06:15] Meter 106: Generated 5.996 kWh (encrypted: 333788 bytes, 4.442 ms)
[2025-12-10 08:06:35] Meter 106: Generated 5.996 kWh (encrypted: 334357 bytes, 4.451 ms)
[2025-12-10 08:06:50] NETWORK INFO: Server authentication successful for node: aggregator-001
✓ Aggregator connected: aggregator-001 from 127.0.0.1
✓ Sent 334357 bytes to aggregator-001 (0.37ms)
Session completed with aggregator-001
[2025-12-10 08:06:55] Meter 106: Generated 3.292 kWh (encrypted: 334460 bytes, 4.333 ms)
[2025-12-10 08:07:15] Meter 106: Generated 3.108 kWh (encrypted: 334333 bytes, 6.472 ms)
[2025-12-10 08:07:35] Meter 106: Generated 0.800 kWh (encrypted: 334441 bytes, 4.569 ms)
[2025-12-10 08:07:55] Meter 106: Generated 2.183 kWh (encrypted: 334273 bytes, 4.430 ms)
[2025-12-10 08:07:56] NETWORK INFO: Server authentication successful for node: aggregator-001
✓ Aggregator connected: aggregator-001 from 127.0.0.1
✓ Sent 334273 bytes to aggregator-001 (10.43ms)
Session completed with aggregator-001
[2025-12-10 08:08:15] Meter 106: Generated 2.293 kWh (encrypted: 334092 bytes, 4.660 ms)
[2025-12-10 08:08:35] Meter 106: Generated 7.449 kWh (encrypted: 334428 bytes, 4.410 ms)
[2025-12-10 08:08:55] Meter 106: Generated 1.724 kWh (encrypted: 334334 bytes, 4.868 ms)
[2025-12-10 08:09:01] NETWORK INFO: Server authentication successful for node: aggregator-001
✓ Aggregator connected: aggregator-001 from 127.0.0.1
✓ Sent 334334 bytes to aggregator-001 (1.50ms)
Session completed with aggregator-001
[2025-12-10 08:09:15] Meter 106: Generated 0.862 kWh (encrypted: 334372 bytes, 6.522 ms)
[2025-12-10 08:09:35] Meter 106: Generated 5.785 kWh (encrypted: 334355 bytes, 5.206 ms)
[2025-12-10 08:09:55] Meter 106: Generated 7.040 kWh (encrypted: 334395 bytes, 4.657 ms)
[2025-12-10 08:10:06] NETWORK INFO: Server authentication successful for node: aggregator-001
✓ Aggregator connected: aggregator-001 from 127.0.0.1
✓ Sent 334395 bytes to aggregator-001 (0.40ms)
Session completed with aggregator-001
[2025-12-10 08:10:15] Meter 106: Generated 2.776 kWh (encrypted: 334426 bytes, 4.476 ms)
[2025-12-10 08:10:35] Meter 106: Generated 4.499 kWh (encrypted: 334198 bytes, 5.978 ms)
[2025-12-10 08:10:55] Meter 106: Generated 6.081 kWh (encrypted: 334476 bytes, 4.604 ms)
[2025-12-10 08:11:12] NETWORK INFO: Server authentication successful for node: aggregator-001
✓ Aggregator connected: aggregator-001 from 127.0.0.1
✓ Sent 334476 bytes to aggregator-001 (0.40ms)
Session completed with aggregator-001
[2025-12-10 08:11:15] Meter 106: Generated 3.988 kWh (encrypted: 334410 bytes, 11.235 ms)
[2025-12-10 08:11:35] Meter 106: Generated 3.867 kWh (encrypted: 334395 bytes, 7.114 ms)
[2025-12-10 08:11:55] Meter 106: Generated 4.998 kWh (encrypted: 334256 bytes, 6.782 ms)
[2025-12-10 08:12:15] Meter 106: Generated 4.901 kWh (encrypted: 334338 bytes, 4.711 ms)
[2025-12-10 08:12:17] NETWORK INFO: Server authentication successful for node: aggregator-001
✓ Aggregator connected: aggregator-001 from 127.0.0.1
✓ Sent 334338 bytes to aggregator-001 (0.40ms)
Session completed with aggregator-001

Received shutdown signal. Gracefully shutting down smart meter...
Network server thread stopped
Data generation thread stopped
Smart meter 106 shutdown complete
