=== Continuous Smart Meter Server 98 ===
Initializing for continuous operation...
SEAL context initialized
Loaded certificate: smart-meter-098
Requesting public keys from KDC...
[2025-12-10 07:57:05] NETWORK ERROR: Failed to connect to 127.0.0.1:8444: Connection refused
Error: Failed to connect to KDC at 127.0.0.1:8444
Error: Failed to send key request to KDC
Failed to obtain keys from KDC, falling back to file keys
Loaded keys from fallback files
Cryptographic components initialized
[2025-12-10 07:57:05] NETWORK INFO: Server socket created and listening on port 9098
✓ Smart meter server ready on port 9098
Data transmission interval: 20 seconds (15x accelerated - simulates 5min)
✓ Performance metrics CSV files initialized in performance_data/
Starting continuous smart meter operation...
Press Ctrl+C to stop gracefully
Data generation thread started
Network server thread started on port 9098
[2025-12-10 07:57:15] NETWORK INFO: Server authentication successful for node: aggregator-001
✓ Aggregator connected: aggregator-001 from 127.0.0.1
[2025-12-10 07:57:25] Meter 98: Generated 2.501 kWh (encrypted: 334436 bytes, 4.864 ms)
✓ Sent 334436 bytes to aggregator-001 (0.72ms)
Session completed with aggregator-001
[2025-12-10 07:57:45] Meter 98: Generated 1.766 kWh (encrypted: 334213 bytes, 4.566 ms)
[2025-12-10 07:58:05] Meter 98: Generated 5.780 kWh (encrypted: 334321 bytes, 6.552 ms)
[2025-12-10 07:58:25] NETWORK INFO: Server authentication successful for node: aggregator-001
✓ Aggregator connected: aggregator-001 from 127.0.0.1
✓ Sent 334321 bytes to aggregator-001 (0.37ms)
Session completed with aggregator-001
[2025-12-10 07:58:25] Meter 98: Generated 4.032 kWh (encrypted: 334321 bytes, 4.588 ms)
[2025-12-10 07:58:45] Meter 98: Generated 4.722 kWh (encrypted: 334368 bytes, 4.492 ms)
[2025-12-10 07:59:05] Meter 98: Generated 5.229 kWh (encrypted: 334136 bytes, 4.359 ms)
[2025-12-10 07:59:25] Meter 98: Generated 4.465 kWh (encrypted: 334379 bytes, 4.591 ms)
[2025-12-10 07:59:26] NETWORK INFO: Server authentication successful for node: aggregator-001
✓ Aggregator connected: aggregator-001 from 127.0.0.1
✓ Sent 334379 bytes to aggregator-001 (1.12ms)
Session completed with aggregator-001
[2025-12-10 07:59:45] Meter 98: Generated 4.881 kWh (encrypted: 334455 bytes, 6.435 ms)
[2025-12-10 08:00:05] Meter 98: Generated 4.842 kWh (encrypted: 334211 bytes, 12.704 ms)
[2025-12-10 08:00:25] Meter 98: Generated 4.860 kWh (encrypted: 334491 bytes, 4.671 ms)
[2025-12-10 08:00:28] NETWORK INFO: Server authentication successful for node: aggregator-001
✓ Aggregator connected: aggregator-001 from 127.0.0.1
✓ Sent 334491 bytes to aggregator-001 (0.39ms)
Session completed with aggregator-001
[2025-12-10 08:00:45] Meter 98: Generated 1.533 kWh (encrypted: 334225 bytes, 4.499 ms)
[2025-12-10 08:01:05] Meter 98: Generated 7.193 kWh (encrypted: 334201 bytes, 4.597 ms)
[2025-12-10 08:01:25] Meter 98: Generated 1.328 kWh (encrypted: 334134 bytes, 4.622 ms)
[2025-12-10 08:01:31] NETWORK INFO: Server authentication successful for node: aggregator-001
✓ Aggregator connected: aggregator-001 from 127.0.0.1
✓ Sent 334134 bytes to aggregator-001 (0.34ms)
Session completed with aggregator-001
[2025-12-10 08:01:45] Meter 98: Generated 1.899 kWh (encrypted: 334374 bytes, 4.561 ms)
[2025-12-10 08:02:05] Meter 98: Generated 2.419 kWh (encrypted: 334365 bytes, 4.876 ms)
[2025-12-10 08:02:25] Meter 98: Generated 5.004 kWh (encrypted: 334482 bytes, 5.968 ms)
[2025-12-10 08:02:33] NETWORK INFO: Server authentication successful for node: aggregator-001
✓ Aggregator connected: aggregator-001 from 127.0.0.1
✓ Sent 334482 bytes to aggregator-001 (0.35ms)
Session completed with aggregator-001
[2025-12-10 08:02:45] Meter 98: Generated 6.208 kWh (encrypted: 334468 bytes, 4.907 ms)
[2025-12-10 08:03:05] Meter 98: Generated 2.678 kWh (encrypted: 334338 bytes, 5.734 ms)
[2025-12-10 08:03:25] Meter 98: Generated 1.710 kWh (encrypted: 334073 bytes, 5.272 ms)
[2025-12-10 08:03:36] NETWORK INFO: Server authentication successful for node: aggregator-001
✓ Aggregator connected: aggregator-001 from 127.0.0.1
✓ Sent 334073 bytes to aggregator-001 (0.39ms)
Session completed with aggregator-001
[2025-12-10 08:03:45] Meter 98: Generated 4.134 kWh (encrypted: 334398 bytes, 4.865 ms)
[2025-12-10 08:04:05] Meter 98: Generated 3.908 kWh (encrypted: 334109 bytes, 13.052 ms)
[2025-12-10 08:04:25] Meter 98: Generated 5.514 kWh (encrypted: 334474 bytes, 4.670 ms)
[2025-12-10 08:04:39] NETWORK INFO: Server authentication successful for node: aggregator-001
✓ Aggregator connected: aggregator-001 from 127.0.0.1
✓ Sent 334474 bytes to aggregator-001 (7.85ms)
Session completed with aggregator-001
[2025-12-10 08:04:45] Meter 98: Generated 3.122 kWh (encrypted: 334355 bytes, 4.606 ms)
[2025-12-10 08:05:05] Meter 98: Generated 2.767 kWh (encrypted: 334051 bytes, 4.476 ms)
[2025-12-10 08:05:25] Meter 98: Generated 6.104 kWh (encrypted: 334094 bytes, 4.505 ms)
[2025-12-10 08:05:44] NETWORK INFO: Server authentication successful for node: aggregator-001
✓ Aggregator connected: aggregator-001 from 127.0.0.1
✓ Sent 334094 bytes to aggregator-001 (0.39ms)
Session completed with aggregator-001
[2025-12-10 08:05:45] Meter 98: Generated 1.331 kWh (encrypted: 334349 bytes, 4.624 ms)
[2025-12-10 08:06:05] Meter 98: Generated 0.631 kWh (encrypted: 334288 bytes, 6.572 ms)
[2025-12-10 08:06:25] Meter 98: Generated 3.603 kWh (encrypted: 333684 bytes, 4.477 ms)
[2025-12-10 08:06:45] Meter 98: Generated 5.087 kWh (encrypted: 333686 bytes, 4.303 ms)
[2025-12-10 08:06:50] NETWORK INFO: Server authentication successful for node: aggregator-001
✓ Aggregator connected: aggregator-001 from 127.0.0.1
✓ Sent 333686 bytes to aggregator-001 (0.35ms)
Session completed with aggregator-001
[2025-12-10 08:07:05] Meter 98: Generated 1.087 kWh (encrypted: 334342 bytes, 4.927 ms)
[2025-12-10 08:07:25] Meter 98: Generated 2.876 kWh (encrypted: 334464 bytes, 5.184 ms)
[2025-12-10 08:07:45] Meter 98: Generated 3.633 kWh (encrypted: 334386 bytes, 4.532 ms)
[2025-12-10 08:07:56] NETWORK INFO: Server authentication successful for node: aggregator-001
✓ Aggregator connected: aggregator-001 from 127.0.0.1
✓ Sent 334386 bytes to aggregator-001 (0.39ms)
Session completed with aggregator-001
[2025-12-10 08:08:05] Meter 98: Generated 3.904 kWh (encrypted: 334548 bytes, 4.520 ms)
[2025-12-10 08:08:25] Meter 98: Generated 4.147 kWh (encrypted: 334437 bytes, 4.880 ms)
[2025-12-10 08:08:45] Meter 98: Generated 2.883 kWh (encrypted: 334175 bytes, 6.027 ms)
[2025-12-10 08:09:01] NETWORK INFO: Server authentication successful for node: aggregator-001
✓ Aggregator connected: aggregator-001 from 127.0.0.1
✓ Sent 334175 bytes to aggregator-001 (0.36ms)
Session completed with aggregator-001
[2025-12-10 08:09:05] Meter 98: Generated 7.021 kWh (encrypted: 334234 bytes, 6.496 ms)
[2025-12-10 08:09:25] Meter 98: Generated 5.724 kWh (encrypted: 334520 bytes, 6.462 ms)
[2025-12-10 08:09:45] Meter 98: Generated 3.293 kWh (encrypted: 334430 bytes, 4.962 ms)
[2025-12-10 08:10:05] Meter 98: Generated 2.813 kWh (encrypted: 333887 bytes, 6.431 ms)
[2025-12-10 08:10:06] NETWORK INFO: Server authentication successful for node: aggregator-001
✓ Aggregator connected: aggregator-001 from 127.0.0.1
✓ Sent 333887 bytes to aggregator-001 (0.39ms)
Session completed with aggregator-001
[2025-12-10 08:10:26] Meter 98: Generated 2.688 kWh (encrypted: 334153 bytes, 4.722 ms)
[2025-12-10 08:10:46] Meter 98: Generated 2.240 kWh (encrypted: 334307 bytes, 4.778 ms)
[2025-12-10 08:11:06] Meter 98: Generated 1.629 kWh (encrypted: 334124 bytes, 12.666 ms)
[2025-12-10 08:11:12] NETWORK INFO: Server authentication successful for node: aggregator-001
✓ Aggregator connected: aggregator-001 from 127.0.0.1
✓ Sent 334124 bytes to aggregator-001 (0.38ms)
Session completed with aggregator-001
[2025-12-10 08:11:26] Meter 98: Generated 4.836 kWh (encrypted: 334313 bytes, 5.759 ms)
[2025-12-10 08:11:46] Meter 98: Generated 4.912 kWh (encrypted: 334354 bytes, 4.669 ms)
[2025-12-10 08:12:06] Meter 98: Generated 3.132 kWh (encrypted: 334451 bytes, 4.513 ms)
[2025-12-10 08:12:17] NETWORK INFO: Server authentication successful for node: aggregator-001
✓ Aggregator connected: aggregator-001 from 127.0.0.1
✓ Sent 334451 bytes to aggregator-001 (0.38ms)
Session completed with aggregator-001
[2025-12-10 08:12:26] Meter 98: Generated 4.506 kWh (encrypted: 334440 bytes, 6.459 ms)

Received shutdown signal. Gracefully shutting down smart meter...
Network server thread stopped
Data generation thread stopped
Smart meter 98 shutdown complete
