=== Continuous Smart Meter Server 344 ===
Initializing for continuous operation...
SEAL context initialized
Loaded certificate: smart-meter-344
Requesting public keys from KDC...
[2025-12-10 08:02:08] NETWORK ERROR: Failed to connect to 127.0.0.1:8444: Connection refused
Error: Failed to connect to KDC at 127.0.0.1:8444
Error: Failed to send key request to KDC
Failed to obtain keys from KDC, falling back to file keys
Loaded keys from fallback files
Cryptographic components initialized
[2025-12-10 08:02:08] NETWORK INFO: Server socket created and listening on port 9344
✓ Smart meter server ready on port 9344
Data transmission interval: 20 seconds (15x accelerated - simulates 5min)
✓ Performance metrics CSV files initialized in performance_data/
Starting continuous smart meter operation...
Press Ctrl+C to stop gracefully
Data generation thread started
Network server thread started on port 9344
[2025-12-10 08:02:28] Meter 344: Generated 5.442 kWh (encrypted: 334142 bytes, 5.077 ms)
[2025-12-10 08:02:33] NETWORK INFO: Server authentication successful for node: aggregator-001
✓ Aggregator connected: aggregator-001 from 127.0.0.1
✓ Sent 334142 bytes to aggregator-001 (3.83ms)
Session completed with aggregator-001
[2025-12-10 08:02:48] Meter 344: Generated 6.274 kWh (encrypted: 333738 bytes, 6.040 ms)
[2025-12-10 08:03:08] Meter 344: Generated 4.301 kWh (encrypted: 334511 bytes, 6.157 ms)
[2025-12-10 08:03:28] Meter 344: Generated 1.710 kWh (encrypted: 334216 bytes, 4.545 ms)
[2025-12-10 08:03:36] NETWORK INFO: Server authentication successful for node: aggregator-001
✓ Aggregator connected: aggregator-001 from 127.0.0.1
✓ Sent 334216 bytes to aggregator-001 (0.35ms)
Session completed with aggregator-001
[2025-12-10 08:03:48] Meter 344: Generated 3.431 kWh (encrypted: 334329 bytes, 4.692 ms)
[2025-12-10 08:04:08] Meter 344: Generated 4.031 kWh (encrypted: 334391 bytes, 4.453 ms)
[2025-12-10 08:04:28] Meter 344: Generated 1.800 kWh (encrypted: 334271 bytes, 4.636 ms)
[2025-12-10 08:04:39] NETWORK INFO: Server authentication successful for node: aggregator-001
✓ Aggregator connected: aggregator-001 from 127.0.0.1
✓ Sent 334271 bytes to aggregator-001 (0.36ms)
Session completed with aggregator-001
[2025-12-10 08:04:48] Meter 344: Generated 4.616 kWh (encrypted: 334459 bytes, 6.308 ms)
[2025-12-10 08:05:09] Meter 344: Generated 1.429 kWh (encrypted: 334083 bytes, 4.557 ms)
[2025-12-10 08:05:29] Meter 344: Generated 7.201 kWh (encrypted: 334462 bytes, 4.754 ms)
[2025-12-10 08:05:44] NETWORK INFO: Server authentication successful for node: aggregator-001
✓ Aggregator connected: aggregator-001 from 127.0.0.1
✓ Sent 334462 bytes to aggregator-001 (0.40ms)
Session completed with aggregator-001
[2025-12-10 08:05:49] Meter 344: Generated 1.411 kWh (encrypted: 334415 bytes, 4.767 ms)
[2025-12-10 08:06:09] Meter 344: Generated 2.070 kWh (encrypted: 334175 bytes, 6.595 ms)
[2025-12-10 08:06:29] Meter 344: Generated 3.198 kWh (encrypted: 334155 bytes, 5.922 ms)
[2025-12-10 08:06:49] Meter 344: Generated 7.445 kWh (encrypted: 334169 bytes, 5.852 ms)
[2025-12-10 08:06:50] NETWORK INFO: Server authentication successful for node: aggregator-001
✓ Aggregator connected: aggregator-001 from 127.0.0.1
✓ Sent 334169 bytes to aggregator-001 (24.22ms)
Session completed with aggregator-001
[2025-12-10 08:07:09] Meter 344: Generated 5.691 kWh (encrypted: 333846 bytes, 7.463 ms)
[2025-12-10 08:07:29] Meter 344: Generated 2.340 kWh (encrypted: 334157 bytes, 4.477 ms)
[2025-12-10 08:07:49] Meter 344: Generated 6.456 kWh (encrypted: 334139 bytes, 4.761 ms)
[2025-12-10 08:07:56] NETWORK INFO: Server authentication successful for node: aggregator-001
✓ Aggregator connected: aggregator-001 from 127.0.0.1
✓ Sent 334139 bytes to aggregator-001 (0.52ms)
Session completed with aggregator-001
[2025-12-10 08:08:09] Meter 344: Generated 2.542 kWh (encrypted: 334335 bytes, 7.771 ms)
[2025-12-10 08:08:29] Meter 344: Generated 1.861 kWh (encrypted: 334423 bytes, 4.461 ms)
[2025-12-10 08:08:49] Meter 344: Generated 2.596 kWh (encrypted: 334332 bytes, 7.483 ms)
[2025-12-10 08:09:01] NETWORK INFO: Server authentication successful for node: aggregator-001
✓ Aggregator connected: aggregator-001 from 127.0.0.1
✓ Sent 334332 bytes to aggregator-001 (2.13ms)
Session completed with aggregator-001
[2025-12-10 08:09:09] Meter 344: Generated 3.718 kWh (encrypted: 334308 bytes, 6.280 ms)
[2025-12-10 08:09:29] Meter 344: Generated 7.178 kWh (encrypted: 334484 bytes, 7.476 ms)
[2025-12-10 08:09:49] Meter 344: Generated 7.282 kWh (encrypted: 334372 bytes, 5.379 ms)
[2025-12-10 08:10:06] NETWORK INFO: Server authentication successful for node: aggregator-001
✓ Aggregator connected: aggregator-001 from 127.0.0.1
✓ Sent 334372 bytes to aggregator-001 (0.39ms)
Session completed with aggregator-001
[2025-12-10 08:10:09] Meter 344: Generated 2.982 kWh (encrypted: 334327 bytes, 6.857 ms)
[2025-12-10 08:10:29] Meter 344: Generated 4.110 kWh (encrypted: 334417 bytes, 4.987 ms)
[2025-12-10 08:10:49] Meter 344: Generated 4.362 kWh (encrypted: 334335 bytes, 6.743 ms)
[2025-12-10 08:11:09] Meter 344: Generated 2.499 kWh (encrypted: 334352 bytes, 4.650 ms)
[2025-12-10 08:11:12] NETWORK INFO: Server authentication successful for node: aggregator-001
✓ Aggregator connected: aggregator-001 from 127.0.0.1
✓ Sent 334352 bytes to aggregator-001 (0.38ms)
Session completed with aggregator-001
[2025-12-10 08:11:29] Meter 344: Generated 7.386 kWh (encrypted: 334413 bytes, 4.579 ms)
[2025-12-10 08:11:49] Meter 344: Generated 2.429 kWh (encrypted: 334494 bytes, 4.729 ms)
[2025-12-10 08:12:09] Meter 344: Generated 3.859 kWh (encrypted: 334244 bytes, 6.338 ms)
[2025-12-10 08:12:17] NETWORK INFO: Server authentication successful for node: aggregator-001
✓ Aggregator connected: aggregator-001 from 127.0.0.1
✓ Sent 334244 bytes to aggregator-001 (0.73ms)
Session completed with aggregator-001
[2025-12-10 08:12:29] Meter 344: Generated 3.587 kWh (encrypted: 334407 bytes, 7.185 ms)

Received shutdown signal. Gracefully shutting down smart meter...
Network server thread stopped
Data generation thread stopped
Smart meter 344 shutdown complete
