=== Continuous Smart Meter Server 437 ===
Initializing for continuous operation...
SEAL context initialized
Loaded certificate: smart-meter-437
Requesting public keys from KDC...
[2025-12-10 08:04:05] NETWORK ERROR: Failed to connect to 127.0.0.1:8444: Connection refused
Error: Failed to connect to KDC at 127.0.0.1:8444
Error: Failed to send key request to KDC
Failed to obtain keys from KDC, falling back to file keys
Loaded keys from fallback files
Cryptographic components initialized
[2025-12-10 08:04:05] NETWORK INFO: Server socket created and listening on port 9437
✓ Smart meter server ready on port 9437
Data transmission interval: 20 seconds (15x accelerated - simulates 5min)
✓ Performance metrics CSV files initialized in performance_data/
Starting continuous smart meter operation...
Press Ctrl+C to stop gracefully
Data generation thread started
Network server thread started on port 9437
[2025-12-10 08:04:25] Meter 437: Generated 6.262 kWh (encrypted: 334352 bytes, 5.065 ms)
[2025-12-10 08:04:40] NETWORK INFO: Server authentication successful for node: aggregator-001
✓ Aggregator connected: aggregator-001 from 127.0.0.1
✓ Sent 334352 bytes to aggregator-001 (9.15ms)
Session completed with aggregator-001
[2025-12-10 08:04:45] Meter 437: Generated 4.842 kWh (encrypted: 334402 bytes, 6.991 ms)
[2025-12-10 08:05:05] Meter 437: Generated 6.840 kWh (encrypted: 334376 bytes, 4.455 ms)
[2025-12-10 08:05:25] Meter 437: Generated 2.186 kWh (encrypted: 334135 bytes, 4.663 ms)
[2025-12-10 08:05:44] NETWORK INFO: Server authentication successful for node: aggregator-001
✓ Aggregator connected: aggregator-001 from 127.0.0.1
✓ Sent 334135 bytes to aggregator-001 (0.40ms)
Session completed with aggregator-001
[2025-12-10 08:05:45] Meter 437: Generated 5.665 kWh (encrypted: 334280 bytes, 4.385 ms)
[2025-12-10 08:06:05] Meter 437: Generated 4.043 kWh (encrypted: 334470 bytes, 6.455 ms)
[2025-12-10 08:06:25] Meter 437: Generated 3.341 kWh (encrypted: 334468 bytes, 4.882 ms)
[2025-12-10 08:06:45] Meter 437: Generated 5.837 kWh (encrypted: 334236 bytes, 4.610 ms)
[2025-12-10 08:06:50] NETWORK INFO: Server authentication successful for node: aggregator-001
✓ Aggregator connected: aggregator-001 from 127.0.0.1
✓ Sent 334236 bytes to aggregator-001 (18.19ms)
Session completed with aggregator-001
[2025-12-10 08:07:05] Meter 437: Generated 4.436 kWh (encrypted: 334323 bytes, 6.372 ms)
[2025-12-10 08:07:25] Meter 437: Generated 1.631 kWh (encrypted: 334173 bytes, 6.650 ms)
[2025-12-10 08:07:45] Meter 437: Generated 5.481 kWh (encrypted: 334321 bytes, 4.694 ms)
[2025-12-10 08:07:56] NETWORK INFO: Server authentication successful for node: aggregator-001
✓ Aggregator connected: aggregator-001 from 127.0.0.1
✓ Sent 334321 bytes to aggregator-001 (0.37ms)
Session completed with aggregator-001
[2025-12-10 08:08:05] Meter 437: Generated 7.156 kWh (encrypted: 334399 bytes, 6.433 ms)
[2025-12-10 08:08:25] Meter 437: Generated 6.267 kWh (encrypted: 334476 bytes, 4.984 ms)
[2025-12-10 08:08:45] Meter 437: Generated 0.894 kWh (encrypted: 334362 bytes, 5.770 ms)
[2025-12-10 08:09:01] NETWORK INFO: Server authentication successful for node: aggregator-001
✓ Aggregator connected: aggregator-001 from 127.0.0.1
✓ Sent 334362 bytes to aggregator-001 (0.35ms)
Session completed with aggregator-001
[2025-12-10 08:09:05] Meter 437: Generated 1.602 kWh (encrypted: 334108 bytes, 6.803 ms)
[2025-12-10 08:09:25] Meter 437: Generated 2.694 kWh (encrypted: 334145 bytes, 4.513 ms)
[2025-12-10 08:09:45] Meter 437: Generated 4.967 kWh (encrypted: 334433 bytes, 4.515 ms)
[2025-12-10 08:10:05] Meter 437: Generated 2.167 kWh (encrypted: 334416 bytes, 5.043 ms)
[2025-12-10 08:10:06] NETWORK INFO: Server authentication successful for node: aggregator-001
✓ Aggregator connected: aggregator-001 from 127.0.0.1
✓ Sent 334416 bytes to aggregator-001 (0.38ms)
Session completed with aggregator-001
[2025-12-10 08:10:25] Meter 437: Generated 2.905 kWh (encrypted: 334515 bytes, 5.687 ms)
[2025-12-10 08:10:45] Meter 437: Generated 1.422 kWh (encrypted: 334049 bytes, 4.528 ms)
[2025-12-10 08:11:05] Meter 437: Generated 5.009 kWh (encrypted: 334236 bytes, 4.458 ms)
[2025-12-10 08:11:12] NETWORK INFO: Server authentication successful for node: aggregator-001
✓ Aggregator connected: aggregator-001 from 127.0.0.1
✓ Sent 334236 bytes to aggregator-001 (0.40ms)
Session completed with aggregator-001
[2025-12-10 08:11:25] Meter 437: Generated 1.692 kWh (encrypted: 334110 bytes, 4.617 ms)
[2025-12-10 08:11:45] Meter 437: Generated 6.157 kWh (encrypted: 334426 bytes, 4.404 ms)
[2025-12-10 08:12:05] Meter 437: Generated 5.489 kWh (encrypted: 334333 bytes, 7.236 ms)
[2025-12-10 08:12:17] NETWORK INFO: Server authentication successful for node: aggregator-001
✓ Aggregator connected: aggregator-001 from 127.0.0.1
✓ Sent 334333 bytes to aggregator-001 (0.83ms)
Session completed with aggregator-001
[2025-12-10 08:12:26] Meter 437: Generated 1.715 kWh (encrypted: 334154 bytes, 6.372 ms)

Received shutdown signal. Gracefully shutting down smart meter...
Network server thread stopped
Data generation thread stopped
Smart meter 437 shutdown complete
