=== Continuous Smart Meter Server 37 ===
Initializing for continuous operation...
SEAL context initialized
Loaded certificate: smart-meter-037
Requesting public keys from KDC...
[2025-12-10 07:55:51] NETWORK ERROR: Failed to connect to 127.0.0.1:8444: Connection refused
Error: Failed to connect to KDC at 127.0.0.1:8444
Error: Failed to send key request to KDC
Failed to obtain keys from KDC, falling back to file keys
Loaded keys from fallback files
Cryptographic components initialized
[2025-12-10 07:55:51] NETWORK INFO: Server socket created and listening on port 9037
✓ Smart meter server ready on port 9037
Data transmission interval: 20 seconds (15x accelerated - simulates 5min)
✓ Performance metrics CSV files initialized in performance_data/
Starting continuous smart meter operation...
Press Ctrl+C to stop gracefully
Data generation thread started
Network server thread started on port 9037
[2025-12-10 07:56:05] NETWORK INFO: Server authentication successful for node: aggregator-001
✓ Aggregator connected: aggregator-001 from 127.0.0.1
[2025-12-10 07:56:11] Meter 37: Generated 1.134 kWh (encrypted: 334181 bytes, 4.842 ms)
✓ Sent 334181 bytes to aggregator-001 (0.70ms)
Session completed with aggregator-001
[2025-12-10 07:56:31] Meter 37: Generated 3.248 kWh (encrypted: 334491 bytes, 4.262 ms)
[2025-12-10 07:56:51] Meter 37: Generated 3.341 kWh (encrypted: 334350 bytes, 4.264 ms)
[2025-12-10 07:57:11] Meter 37: Generated 0.959 kWh (encrypted: 334396 bytes, 4.267 ms)
[2025-12-10 07:57:15] NETWORK INFO: Server authentication successful for node: aggregator-001
✓ Aggregator connected: aggregator-001 from 127.0.0.1
✓ Sent 334396 bytes to aggregator-001 (0.35ms)
Session completed with aggregator-001
[2025-12-10 07:57:31] Meter 37: Generated 6.144 kWh (encrypted: 334350 bytes, 4.444 ms)
[2025-12-10 07:57:51] Meter 37: Generated 5.446 kWh (encrypted: 334172 bytes, 4.339 ms)
[2025-12-10 07:58:11] Meter 37: Generated 1.135 kWh (encrypted: 334191 bytes, 4.475 ms)
[2025-12-10 07:58:25] NETWORK INFO: Server authentication successful for node: aggregator-001
✓ Aggregator connected: aggregator-001 from 127.0.0.1
✓ Sent 334191 bytes to aggregator-001 (3.29ms)
Session completed with aggregator-001
[2025-12-10 07:58:31] Meter 37: Generated 6.994 kWh (encrypted: 334460 bytes, 4.554 ms)
[2025-12-10 07:58:51] Meter 37: Generated 1.895 kWh (encrypted: 334186 bytes, 4.510 ms)
[2025-12-10 07:59:11] Meter 37: Generated 1.402 kWh (encrypted: 334243 bytes, 4.349 ms)
[2025-12-10 07:59:26] NETWORK INFO: Server authentication successful for node: aggregator-001
✓ Aggregator connected: aggregator-001 from 127.0.0.1
✓ Sent 334243 bytes to aggregator-001 (0.59ms)
Session completed with aggregator-001
[2025-12-10 07:59:31] Meter 37: Generated 6.719 kWh (encrypted: 334325 bytes, 4.459 ms)
[2025-12-10 07:59:51] Meter 37: Generated 3.515 kWh (encrypted: 334295 bytes, 4.556 ms)
[2025-12-10 08:00:11] Meter 37: Generated 7.046 kWh (encrypted: 334308 bytes, 4.711 ms)
[2025-12-10 08:00:28] NETWORK INFO: Server authentication successful for node: aggregator-001
✓ Aggregator connected: aggregator-001 from 127.0.0.1
✓ Sent 334308 bytes to aggregator-001 (0.41ms)
Session completed with aggregator-001
[2025-12-10 08:00:31] Meter 37: Generated 2.656 kWh (encrypted: 334239 bytes, 4.915 ms)
[2025-12-10 08:00:51] Meter 37: Generated 6.104 kWh (encrypted: 334362 bytes, 4.614 ms)
[2025-12-10 08:01:11] Meter 37: Generated 7.303 kWh (encrypted: 334098 bytes, 5.161 ms)
[2025-12-10 08:01:31] NETWORK INFO: Server authentication successful for node: aggregator-001
✓ Aggregator connected: aggregator-001 from 127.0.0.1
✓ Sent 334098 bytes to aggregator-001 (0.35ms)
Session completed with aggregator-001
[2025-12-10 08:01:31] Meter 37: Generated 6.699 kWh (encrypted: 334372 bytes, 4.594 ms)
[2025-12-10 08:01:51] Meter 37: Generated 4.316 kWh (encrypted: 334301 bytes, 4.403 ms)
[2025-12-10 08:02:11] Meter 37: Generated 3.142 kWh (encrypted: 334198 bytes, 6.701 ms)
[2025-12-10 08:02:31] Meter 37: Generated 2.146 kWh (encrypted: 334407 bytes, 4.484 ms)
[2025-12-10 08:02:33] NETWORK INFO: Server authentication successful for node: aggregator-001
✓ Aggregator connected: aggregator-001 from 127.0.0.1
✓ Sent 334407 bytes to aggregator-001 (7.13ms)
Session completed with aggregator-001
[2025-12-10 08:02:51] Meter 37: Generated 3.862 kWh (encrypted: 334407 bytes, 4.397 ms)
[2025-12-10 08:03:11] Meter 37: Generated 2.570 kWh (encrypted: 334366 bytes, 6.365 ms)
[2025-12-10 08:03:31] Meter 37: Generated 4.537 kWh (encrypted: 334323 bytes, 4.526 ms)
[2025-12-10 08:03:36] NETWORK INFO: Server authentication successful for node: aggregator-001
✓ Aggregator connected: aggregator-001 from 127.0.0.1
✓ Sent 334323 bytes to aggregator-001 (0.39ms)
Session completed with aggregator-001
[2025-12-10 08:03:51] Meter 37: Generated 5.988 kWh (encrypted: 334110 bytes, 4.388 ms)
[2025-12-10 08:04:11] Meter 37: Generated 4.789 kWh (encrypted: 334454 bytes, 4.421 ms)
[2025-12-10 08:04:31] Meter 37: Generated 5.689 kWh (encrypted: 334161 bytes, 4.570 ms)
[2025-12-10 08:04:39] NETWORK INFO: Server authentication successful for node: aggregator-001
✓ Aggregator connected: aggregator-001 from 127.0.0.1
✓ Sent 334161 bytes to aggregator-001 (0.36ms)
Session completed with aggregator-001
[2025-12-10 08:04:51] Meter 37: Generated 1.591 kWh (encrypted: 334193 bytes, 4.568 ms)
[2025-12-10 08:05:11] Meter 37: Generated 6.463 kWh (encrypted: 334414 bytes, 4.395 ms)
[2025-12-10 08:05:31] Meter 37: Generated 3.080 kWh (encrypted: 334076 bytes, 5.900 ms)
[2025-12-10 08:05:44] NETWORK INFO: Server authentication successful for node: aggregator-001
✓ Aggregator connected: aggregator-001 from 127.0.0.1
✓ Sent 334076 bytes to aggregator-001 (0.35ms)
Session completed with aggregator-001
[2025-12-10 08:05:51] Meter 37: Generated 1.179 kWh (encrypted: 334169 bytes, 4.797 ms)
[2025-12-10 08:06:11] Meter 37: Generated 3.091 kWh (encrypted: 334430 bytes, 4.861 ms)
[2025-12-10 08:06:31] Meter 37: Generated 1.253 kWh (encrypted: 334296 bytes, 4.463 ms)
[2025-12-10 08:06:50] NETWORK INFO: Server authentication successful for node: aggregator-001
✓ Aggregator connected: aggregator-001 from 127.0.0.1
✓ Sent 334296 bytes to aggregator-001 (0.41ms)
Session completed with aggregator-001
[2025-12-10 08:06:51] Meter 37: Generated 3.179 kWh (encrypted: 334316 bytes, 5.235 ms)
[2025-12-10 08:07:11] Meter 37: Generated 3.528 kWh (encrypted: 334273 bytes, 4.927 ms)
[2025-12-10 08:07:31] Meter 37: Generated 3.589 kWh (encrypted: 334014 bytes, 5.565 ms)
[2025-12-10 08:07:51] Meter 37: Generated 3.190 kWh (encrypted: 334081 bytes, 5.467 ms)
[2025-12-10 08:07:55] NETWORK INFO: Server authentication successful for node: aggregator-001
✓ Aggregator connected: aggregator-001 from 127.0.0.1
✓ Sent 334081 bytes to aggregator-001 (0.39ms)
Session completed with aggregator-001
[2025-12-10 08:08:11] Meter 37: Generated 1.707 kWh (encrypted: 334328 bytes, 4.805 ms)
[2025-12-10 08:08:31] Meter 37: Generated 7.363 kWh (encrypted: 334401 bytes, 4.603 ms)
[2025-12-10 08:08:51] Meter 37: Generated 1.196 kWh (encrypted: 334360 bytes, 4.798 ms)
[2025-12-10 08:09:01] NETWORK INFO: Server authentication successful for node: aggregator-001
✓ Aggregator connected: aggregator-001 from 127.0.0.1
✓ Sent 334360 bytes to aggregator-001 (0.36ms)
Session completed with aggregator-001
[2025-12-10 08:09:11] Meter 37: Generated 4.821 kWh (encrypted: 334051 bytes, 6.587 ms)
[2025-12-10 08:09:31] Meter 37: Generated 0.699 kWh (encrypted: 334275 bytes, 6.567 ms)
[2025-12-10 08:09:51] Meter 37: Generated 4.694 kWh (encrypted: 334327 bytes, 4.672 ms)
[2025-12-10 08:10:06] NETWORK INFO: Server authentication successful for node: aggregator-001
✓ Aggregator connected: aggregator-001 from 127.0.0.1
✓ Sent 334327 bytes to aggregator-001 (0.39ms)
Session completed with aggregator-001
[2025-12-10 08:10:11] Meter 37: Generated 5.656 kWh (encrypted: 334367 bytes, 4.558 ms)
[2025-12-10 08:10:31] Meter 37: Generated 5.515 kWh (encrypted: 334454 bytes, 6.673 ms)
[2025-12-10 08:10:51] Meter 37: Generated 7.502 kWh (encrypted: 334423 bytes, 4.819 ms)
[2025-12-10 08:11:11] Meter 37: Generated 2.518 kWh (encrypted: 334357 bytes, 6.013 ms)
[2025-12-10 08:11:12] NETWORK INFO: Server authentication successful for node: aggregator-001
✓ Aggregator connected: aggregator-001 from 127.0.0.1
✓ Sent 334357 bytes to aggregator-001 (0.41ms)
Session completed with aggregator-001
[2025-12-10 08:11:31] Meter 37: Generated 7.297 kWh (encrypted: 334201 bytes, 4.833 ms)
[2025-12-10 08:11:51] Meter 37: Generated 5.561 kWh (encrypted: 334417 bytes, 4.612 ms)
[2025-12-10 08:12:11] Meter 37: Generated 1.807 kWh (encrypted: 334362 bytes, 13.297 ms)
[2025-12-10 08:12:17] NETWORK INFO: Server authentication successful for node: aggregator-001
✓ Aggregator connected: aggregator-001 from 127.0.0.1
✓ Sent 334362 bytes to aggregator-001 (0.38ms)
Session completed with aggregator-001
[2025-12-10 08:12:31] Meter 37: Generated 1.365 kWh (encrypted: 334474 bytes, 9.670 ms)

Received shutdown signal. Gracefully shutting down smart meter...
Network server thread stopped
Data generation thread stopped
Smart meter 37 shutdown complete
