=== Continuous Smart Meter Server 5 ===
Initializing for continuous operation...
SEAL context initialized
Loaded certificate: smart-meter-005
Requesting public keys from KDC...
[2025-12-03 07:40:48] NETWORK ERROR: Failed to connect to 127.0.0.1:8444: Connection refused
Error: Failed to connect to KDC at 127.0.0.1:8444
Error: Failed to send key request to KDC
Failed to obtain keys from KDC, falling back to file keys
Loaded keys from fallback files
Cryptographic components initialized
[2025-12-03 07:40:48] NETWORK INFO: Server socket created and listening on port 9005
✓ Smart meter server ready on port 9005
Data transmission interval: 20 seconds (15x accelerated - simulates 5min)
✓ Performance metrics CSV files initialized in performance_data/
Starting continuous smart meter operation...
Press Ctrl+C to stop gracefully
Data generation thread started
Network server thread started on port 9005
[2025-12-03 07:41:08] Meter 5: Generated 7.352 kWh (encrypted: 334484 bytes, 5.037 ms)
[2025-12-03 07:41:28] Meter 5: Generated 1.336 kWh (encrypted: 334403 bytes, 4.377 ms)
[2025-12-03 07:41:41] NETWORK INFO: Server authentication successful for node: aggregator-001
✓ Aggregator connected: aggregator-001 from 127.0.0.1
✓ Sent 334403 bytes to aggregator-001 (0.61ms)
Session completed with aggregator-001
[2025-12-03 07:41:48] Meter 5: Generated 7.119 kWh (encrypted: 334338 bytes, 4.623 ms)
[2025-12-03 07:42:08] Meter 5: Generated 1.984 kWh (encrypted: 334497 bytes, 4.786 ms)
[2025-12-03 07:42:28] Meter 5: Generated 4.613 kWh (encrypted: 334280 bytes, 4.577 ms)
[2025-12-03 07:42:42] NETWORK INFO: Server authentication successful for node: aggregator-001
✓ Aggregator connected: aggregator-001 from 127.0.0.1
✓ Sent 334280 bytes to aggregator-001 (0.61ms)
Session completed with aggregator-001
[2025-12-03 07:42:48] Meter 5: Generated 5.663 kWh (encrypted: 334480 bytes, 4.489 ms)
[2025-12-03 07:43:08] Meter 5: Generated 6.541 kWh (encrypted: 334479 bytes, 4.607 ms)
[2025-12-03 07:43:28] Meter 5: Generated 1.727 kWh (encrypted: 334436 bytes, 4.497 ms)
[2025-12-03 07:43:42] NETWORK INFO: Server authentication successful for node: aggregator-001
✓ Aggregator connected: aggregator-001 from 127.0.0.1
✓ Sent 334436 bytes to aggregator-001 (0.36ms)
Session completed with aggregator-001
[2025-12-03 07:43:48] Meter 5: Generated 4.485 kWh (encrypted: 334391 bytes, 4.469 ms)
[2025-12-03 07:44:08] Meter 5: Generated 6.162 kWh (encrypted: 334491 bytes, 4.665 ms)
[2025-12-03 07:44:28] Meter 5: Generated 6.092 kWh (encrypted: 334086 bytes, 5.014 ms)
[2025-12-03 07:44:42] NETWORK INFO: Server authentication successful for node: aggregator-001
✓ Aggregator connected: aggregator-001 from 127.0.0.1
✓ Sent 334086 bytes to aggregator-001 (0.74ms)
Session completed with aggregator-001
[2025-12-03 07:44:48] Meter 5: Generated 2.341 kWh (encrypted: 334376 bytes, 4.517 ms)
[2025-12-03 07:45:08] Meter 5: Generated 1.903 kWh (encrypted: 334284 bytes, 4.369 ms)
[2025-12-03 07:45:28] Meter 5: Generated 4.702 kWh (encrypted: 333959 bytes, 4.510 ms)
[2025-12-03 07:45:42] NETWORK INFO: Server authentication successful for node: aggregator-001
✓ Aggregator connected: aggregator-001 from 127.0.0.1
✓ Sent 333959 bytes to aggregator-001 (0.57ms)
Session completed with aggregator-001
[2025-12-03 07:45:48] Meter 5: Generated 5.184 kWh (encrypted: 334215 bytes, 4.459 ms)
[2025-12-03 07:46:08] Meter 5: Generated 5.263 kWh (encrypted: 334276 bytes, 4.276 ms)
[2025-12-03 07:46:28] Meter 5: Generated 6.508 kWh (encrypted: 334380 bytes, 4.796 ms)
[2025-12-03 07:46:43] NETWORK INFO: Server authentication successful for node: aggregator-001
✓ Aggregator connected: aggregator-001 from 127.0.0.1
✓ Sent 334380 bytes to aggregator-001 (0.46ms)
Session completed with aggregator-001
[2025-12-03 07:46:48] Meter 5: Generated 1.028 kWh (encrypted: 334128 bytes, 4.496 ms)
[2025-12-03 07:47:08] Meter 5: Generated 6.125 kWh (encrypted: 334369 bytes, 4.964 ms)
[2025-12-03 07:47:28] Meter 5: Generated 7.481 kWh (encrypted: 334204 bytes, 4.452 ms)
[2025-12-03 07:47:43] NETWORK INFO: Server authentication successful for node: aggregator-001
✓ Aggregator connected: aggregator-001 from 127.0.0.1
✓ Sent 334204 bytes to aggregator-001 (0.43ms)
Session completed with aggregator-001
[2025-12-03 07:47:48] Meter 5: Generated 3.594 kWh (encrypted: 334404 bytes, 4.831 ms)
[2025-12-03 07:48:08] Meter 5: Generated 5.224 kWh (encrypted: 334240 bytes, 4.902 ms)
[2025-12-03 07:48:28] Meter 5: Generated 7.219 kWh (encrypted: 333899 bytes, 4.559 ms)
[2025-12-03 07:48:43] NETWORK INFO: Server authentication successful for node: aggregator-001
✓ Aggregator connected: aggregator-001 from 127.0.0.1
✓ Sent 333899 bytes to aggregator-001 (0.46ms)
Session completed with aggregator-001
[2025-12-03 07:48:48] Meter 5: Generated 4.662 kWh (encrypted: 334393 bytes, 4.649 ms)
[2025-12-03 07:49:08] Meter 5: Generated 7.312 kWh (encrypted: 334048 bytes, 4.724 ms)
[2025-12-03 07:49:28] Meter 5: Generated 7.316 kWh (encrypted: 334492 bytes, 4.723 ms)
[2025-12-03 07:49:44] NETWORK INFO: Server authentication successful for node: aggregator-001
✓ Aggregator connected: aggregator-001 from 127.0.0.1
✓ Sent 334492 bytes to aggregator-001 (0.41ms)
Session completed with aggregator-001
[2025-12-03 07:49:48] Meter 5: Generated 7.218 kWh (encrypted: 334164 bytes, 4.560 ms)
[2025-12-03 07:50:08] Meter 5: Generated 7.166 kWh (encrypted: 334061 bytes, 4.618 ms)
[2025-12-03 07:50:28] Meter 5: Generated 1.744 kWh (encrypted: 334399 bytes, 5.849 ms)
[2025-12-03 07:50:44] NETWORK INFO: Server authentication successful for node: aggregator-001
✓ Aggregator connected: aggregator-001 from 127.0.0.1
✓ Sent 334399 bytes to aggregator-001 (0.38ms)
Session completed with aggregator-001
[2025-12-03 07:50:48] Meter 5: Generated 4.388 kWh (encrypted: 334339 bytes, 5.088 ms)
[2025-12-03 07:51:08] Meter 5: Generated 2.906 kWh (encrypted: 334404 bytes, 5.008 ms)
[2025-12-03 07:51:28] Meter 5: Generated 6.215 kWh (encrypted: 334111 bytes, 4.710 ms)
[2025-12-03 07:51:44] NETWORK INFO: Server authentication successful for node: aggregator-001
✓ Aggregator connected: aggregator-001 from 127.0.0.1
✓ Sent 334111 bytes to aggregator-001 (0.78ms)
Session completed with aggregator-001
[2025-12-03 07:51:48] Meter 5: Generated 1.639 kWh (encrypted: 333952 bytes, 4.386 ms)
[2025-12-03 07:52:08] Meter 5: Generated 2.532 kWh (encrypted: 334440 bytes, 4.817 ms)
[2025-12-03 07:52:28] Meter 5: Generated 2.833 kWh (encrypted: 334148 bytes, 4.366 ms)
[2025-12-03 07:52:44] NETWORK INFO: Server authentication successful for node: aggregator-001
✓ Aggregator connected: aggregator-001 from 127.0.0.1
✓ Sent 334148 bytes to aggregator-001 (0.37ms)
Session completed with aggregator-001
[2025-12-03 07:52:48] Meter 5: Generated 6.906 kWh (encrypted: 334147 bytes, 4.597 ms)
[2025-12-03 07:53:08] Meter 5: Generated 5.997 kWh (encrypted: 334386 bytes, 4.386 ms)
[2025-12-03 07:53:28] Meter 5: Generated 1.182 kWh (encrypted: 334270 bytes, 5.186 ms)
[2025-12-03 07:53:45] NETWORK INFO: Server authentication successful for node: aggregator-001
✓ Aggregator connected: aggregator-001 from 127.0.0.1
✓ Sent 334270 bytes to aggregator-001 (0.37ms)
Session completed with aggregator-001
[2025-12-03 07:53:48] Meter 5: Generated 4.727 kWh (encrypted: 334137 bytes, 4.692 ms)
[2025-12-03 07:54:08] Meter 5: Generated 3.613 kWh (encrypted: 334290 bytes, 4.470 ms)
[2025-12-03 07:54:28] Meter 5: Generated 6.546 kWh (encrypted: 334310 bytes, 4.335 ms)
[2025-12-03 07:54:45] NETWORK INFO: Server authentication successful for node: aggregator-001
✓ Aggregator connected: aggregator-001 from 127.0.0.1
✓ Sent 334310 bytes to aggregator-001 (0.51ms)
Session completed with aggregator-001
[2025-12-03 07:54:48] Meter 5: Generated 4.178 kWh (encrypted: 334171 bytes, 4.282 ms)
[2025-12-03 07:55:08] Meter 5: Generated 5.628 kWh (encrypted: 334404 bytes, 4.483 ms)
[2025-12-03 07:55:28] Meter 5: Generated 6.841 kWh (encrypted: 334404 bytes, 4.364 ms)
[2025-12-03 07:55:45] NETWORK INFO: Server authentication successful for node: aggregator-001
✓ Aggregator connected: aggregator-001 from 127.0.0.1
✓ Sent 334404 bytes to aggregator-001 (0.43ms)
Session completed with aggregator-001
[2025-12-03 07:55:48] Meter 5: Generated 5.058 kWh (encrypted: 334365 bytes, 4.533 ms)
[2025-12-03 07:56:08] Meter 5: Generated 4.863 kWh (encrypted: 334270 bytes, 4.499 ms)
[2025-12-03 07:56:28] Meter 5: Generated 3.103 kWh (encrypted: 333840 bytes, 4.652 ms)
[2025-12-03 07:56:46] NETWORK INFO: Server authentication successful for node: aggregator-001
✓ Aggregator connected: aggregator-001 from 127.0.0.1
✓ Sent 333840 bytes to aggregator-001 (0.39ms)
Session completed with aggregator-001
[2025-12-03 07:56:48] Meter 5: Generated 3.577 kWh (encrypted: 334252 bytes, 4.527 ms)
[2025-12-03 07:57:09] Meter 5: Generated 0.771 kWh (encrypted: 334402 bytes, 4.750 ms)
[2025-12-03 07:57:29] Meter 5: Generated 6.783 kWh (encrypted: 334348 bytes, 4.693 ms)
[2025-12-03 07:57:46] NETWORK INFO: Server authentication successful for node: aggregator-001
✓ Aggregator connected: aggregator-001 from 127.0.0.1
✓ Sent 334348 bytes to aggregator-001 (0.53ms)
Session completed with aggregator-001
[2025-12-03 07:57:49] Meter 5: Generated 1.845 kWh (encrypted: 334447 bytes, 4.524 ms)
[2025-12-03 07:58:09] Meter 5: Generated 7.065 kWh (encrypted: 334323 bytes, 4.525 ms)
[2025-12-03 07:58:29] Meter 5: Generated 2.872 kWh (encrypted: 334077 bytes, 4.568 ms)
[2025-12-03 07:58:46] NETWORK INFO: Server authentication successful for node: aggregator-001
✓ Aggregator connected: aggregator-001 from 127.0.0.1
✓ Sent 334077 bytes to aggregator-001 (0.40ms)
Session completed with aggregator-001
[2025-12-03 07:58:49] Meter 5: Generated 1.535 kWh (encrypted: 334353 bytes, 4.493 ms)
[2025-12-03 07:59:09] Meter 5: Generated 6.393 kWh (encrypted: 334214 bytes, 6.279 ms)
[2025-12-03 07:59:29] Meter 5: Generated 4.406 kWh (encrypted: 334117 bytes, 4.548 ms)
[2025-12-03 07:59:46] NETWORK INFO: Server authentication successful for node: aggregator-001
✓ Aggregator connected: aggregator-001 from 127.0.0.1
✓ Sent 334117 bytes to aggregator-001 (0.47ms)
Session completed with aggregator-001
[2025-12-03 07:59:49] Meter 5: Generated 6.443 kWh (encrypted: 334424 bytes, 4.698 ms)
[2025-12-03 08:00:09] Meter 5: Generated 3.718 kWh (encrypted: 334067 bytes, 4.749 ms)
[2025-12-03 08:00:29] Meter 5: Generated 0.842 kWh (encrypted: 334333 bytes, 4.487 ms)
[2025-12-03 08:00:47] NETWORK INFO: Server authentication successful for node: aggregator-001
✓ Aggregator connected: aggregator-001 from 127.0.0.1
✓ Sent 334333 bytes to aggregator-001 (0.45ms)
Session completed with aggregator-001
[2025-12-03 08:00:49] Meter 5: Generated 1.182 kWh (encrypted: 334404 bytes, 4.555 ms)
[2025-12-03 08:01:09] Meter 5: Generated 1.632 kWh (encrypted: 334019 bytes, 4.622 ms)
[2025-12-03 08:01:29] Meter 5: Generated 4.799 kWh (encrypted: 334435 bytes, 4.282 ms)
[2025-12-03 08:01:47] NETWORK INFO: Server authentication successful for node: aggregator-001
✓ Aggregator connected: aggregator-001 from 127.0.0.1
✓ Sent 334435 bytes to aggregator-001 (0.39ms)
Session completed with aggregator-001
[2025-12-03 08:01:49] Meter 5: Generated 7.001 kWh (encrypted: 334197 bytes, 4.775 ms)
[2025-12-03 08:02:09] Meter 5: Generated 6.060 kWh (encrypted: 334020 bytes, 4.607 ms)
[2025-12-03 08:02:29] Meter 5: Generated 2.744 kWh (encrypted: 334179 bytes, 4.712 ms)
[2025-12-03 08:02:47] NETWORK INFO: Server authentication successful for node: aggregator-001
✓ Aggregator connected: aggregator-001 from 127.0.0.1
✓ Sent 334179 bytes to aggregator-001 (0.47ms)
Session completed with aggregator-001
[2025-12-03 08:02:49] Meter 5: Generated 1.529 kWh (encrypted: 334472 bytes, 4.559 ms)
[2025-12-03 08:03:09] Meter 5: Generated 7.148 kWh (encrypted: 334166 bytes, 4.424 ms)
[2025-12-03 08:03:29] Meter 5: Generated 2.740 kWh (encrypted: 334341 bytes, 4.821 ms)
[2025-12-03 08:03:47] NETWORK INFO: Server authentication successful for node: aggregator-001
✓ Aggregator connected: aggregator-001 from 127.0.0.1
✓ Sent 334341 bytes to aggregator-001 (0.43ms)
Session completed with aggregator-001
[2025-12-03 08:03:49] Meter 5: Generated 4.695 kWh (encrypted: 334318 bytes, 4.575 ms)
[2025-12-03 08:04:09] Meter 5: Generated 1.424 kWh (encrypted: 334022 bytes, 4.550 ms)
[2025-12-03 08:04:29] Meter 5: Generated 6.413 kWh (encrypted: 333983 bytes, 4.540 ms)
[2025-12-03 08:04:48] NETWORK INFO: Server authentication successful for node: aggregator-001
✓ Aggregator connected: aggregator-001 from 127.0.0.1
✓ Sent 333983 bytes to aggregator-001 (0.53ms)
Session completed with aggregator-001
[2025-12-03 08:04:49] Meter 5: Generated 1.833 kWh (encrypted: 334428 bytes, 4.417 ms)
[2025-12-03 08:05:09] Meter 5: Generated 4.599 kWh (encrypted: 334356 bytes, 4.331 ms)
[2025-12-03 08:05:29] Meter 5: Generated 3.526 kWh (encrypted: 334346 bytes, 4.618 ms)
[2025-12-03 08:05:48] NETWORK INFO: Server authentication successful for node: aggregator-001
✓ Aggregator connected: aggregator-001 from 127.0.0.1
✓ Sent 334346 bytes to aggregator-001 (0.59ms)
Session completed with aggregator-001
[2025-12-03 08:05:49] Meter 5: Generated 1.254 kWh (encrypted: 334135 bytes, 4.348 ms)
[2025-12-03 08:06:09] Meter 5: Generated 7.106 kWh (encrypted: 334365 bytes, 4.473 ms)
[2025-12-03 08:06:29] Meter 5: Generated 3.539 kWh (encrypted: 334491 bytes, 4.385 ms)
[2025-12-03 08:06:48] NETWORK INFO: Server authentication successful for node: aggregator-001
✓ Aggregator connected: aggregator-001 from 127.0.0.1
✓ Sent 334491 bytes to aggregator-001 (0.34ms)
Session completed with aggregator-001
[2025-12-03 08:06:49] Meter 5: Generated 6.890 kWh (encrypted: 333746 bytes, 4.377 ms)
[2025-12-03 08:07:09] Meter 5: Generated 6.658 kWh (encrypted: 334389 bytes, 4.627 ms)
[2025-12-03 08:07:29] Meter 5: Generated 1.343 kWh (encrypted: 334371 bytes, 4.610 ms)
[2025-12-03 08:07:49] NETWORK INFO: Server authentication successful for node: aggregator-001
✓ Aggregator connected: aggregator-001 from 127.0.0.1
✓ Sent 334371 bytes to aggregator-001 (0.42ms)
Session completed with aggregator-001
[2025-12-03 08:07:49] Meter 5: Generated 1.466 kWh (encrypted: 333893 bytes, 4.548 ms)
[2025-12-03 08:08:09] Meter 5: Generated 5.136 kWh (encrypted: 334220 bytes, 4.539 ms)
[2025-12-03 08:08:29] Meter 5: Generated 5.816 kWh (encrypted: 334407 bytes, 5.502 ms)
[2025-12-03 08:08:49] Meter 5: Generated 3.864 kWh (encrypted: 334459 bytes, 4.572 ms)
[2025-12-03 08:08:49] NETWORK INFO: Server authentication successful for node: aggregator-001
✓ Aggregator connected: aggregator-001 from 127.0.0.1
✓ Sent 334459 bytes to aggregator-001 (0.93ms)
Session completed with aggregator-001
[2025-12-03 08:09:09] Meter 5: Generated 5.535 kWh (encrypted: 334167 bytes, 4.667 ms)
[2025-12-03 08:09:29] Meter 5: Generated 4.510 kWh (encrypted: 334022 bytes, 4.584 ms)
[2025-12-03 08:09:49] Meter 5: Generated 1.605 kWh (encrypted: 334492 bytes, 5.559 ms)
[2025-12-03 08:09:49] NETWORK INFO: Server authentication successful for node: aggregator-001
✓ Aggregator connected: aggregator-001 from 127.0.0.1
✓ Sent 334492 bytes to aggregator-001 (0.49ms)
Session completed with aggregator-001
[2025-12-03 08:10:09] Meter 5: Generated 3.277 kWh (encrypted: 334268 bytes, 4.678 ms)
[2025-12-03 08:10:29] Meter 5: Generated 6.476 kWh (encrypted: 334360 bytes, 6.126 ms)
[2025-12-03 08:10:49] Meter 5: Generated 6.649 kWh (encrypted: 334157 bytes, 4.485 ms)
[2025-12-03 08:10:49] NETWORK INFO: Server authentication successful for node: aggregator-001
✓ Aggregator connected: aggregator-001 from 127.0.0.1
✓ Sent 334157 bytes to aggregator-001 (0.53ms)
Session completed with aggregator-001
[2025-12-03 08:11:09] Meter 5: Generated 4.961 kWh (encrypted: 334260 bytes, 4.373 ms)
[2025-12-03 08:11:29] Meter 5: Generated 6.767 kWh (encrypted: 334137 bytes, 4.482 ms)
[2025-12-03 08:11:49] Meter 5: Generated 5.315 kWh (encrypted: 333997 bytes, 4.616 ms)
[2025-12-03 08:11:50] NETWORK INFO: Server authentication successful for node: aggregator-001
✓ Aggregator connected: aggregator-001 from 127.0.0.1
✓ Sent 333997 bytes to aggregator-001 (0.38ms)
Session completed with aggregator-001
[2025-12-03 08:12:09] Meter 5: Generated 1.654 kWh (encrypted: 333989 bytes, 4.584 ms)
[2025-12-03 08:12:29] Meter 5: Generated 2.247 kWh (encrypted: 334294 bytes, 4.502 ms)
[2025-12-03 08:12:49] Meter 5: Generated 2.217 kWh (encrypted: 334119 bytes, 4.476 ms)
[2025-12-03 08:12:50] NETWORK INFO: Server authentication successful for node: aggregator-001
✓ Aggregator connected: aggregator-001 from 127.0.0.1
✓ Sent 334119 bytes to aggregator-001 (0.41ms)
Session completed with aggregator-001
[2025-12-03 08:13:09] Meter 5: Generated 1.931 kWh (encrypted: 334214 bytes, 4.569 ms)
[2025-12-03 08:13:29] Meter 5: Generated 6.324 kWh (encrypted: 334409 bytes, 4.500 ms)
[2025-12-03 08:13:49] Meter 5: Generated 2.055 kWh (encrypted: 334457 bytes, 4.554 ms)
[2025-12-03 08:13:50] NETWORK INFO: Server authentication successful for node: aggregator-001
✓ Aggregator connected: aggregator-001 from 127.0.0.1
✓ Sent 334457 bytes to aggregator-001 (0.86ms)
Session completed with aggregator-001
[2025-12-03 08:14:09] Meter 5: Generated 5.374 kWh (encrypted: 334254 bytes, 4.721 ms)
[2025-12-03 08:14:29] Meter 5: Generated 6.618 kWh (encrypted: 334398 bytes, 4.580 ms)
[2025-12-03 08:14:49] Meter 5: Generated 4.846 kWh (encrypted: 334446 bytes, 5.019 ms)
[2025-12-03 08:14:51] NETWORK INFO: Server authentication successful for node: aggregator-001
✓ Aggregator connected: aggregator-001 from 127.0.0.1
✓ Sent 334446 bytes to aggregator-001 (0.39ms)
Session completed with aggregator-001
[2025-12-03 08:15:09] Meter 5: Generated 7.322 kWh (encrypted: 334333 bytes, 4.417 ms)
[2025-12-03 08:15:29] Meter 5: Generated 1.069 kWh (encrypted: 334316 bytes, 4.646 ms)
[2025-12-03 08:15:49] Meter 5: Generated 6.890 kWh (encrypted: 334155 bytes, 4.756 ms)
[2025-12-03 08:15:51] NETWORK INFO: Server authentication successful for node: aggregator-001
✓ Aggregator connected: aggregator-001 from 127.0.0.1
✓ Sent 334155 bytes to aggregator-001 (0.38ms)
Session completed with aggregator-001
[2025-12-03 08:16:09] Meter 5: Generated 1.708 kWh (encrypted: 334336 bytes, 4.380 ms)
[2025-12-03 08:16:29] Meter 5: Generated 7.532 kWh (encrypted: 334341 bytes, 4.444 ms)
[2025-12-03 08:16:49] Meter 5: Generated 0.896 kWh (encrypted: 334265 bytes, 4.428 ms)
[2025-12-03 08:16:51] NETWORK INFO: Server authentication successful for node: aggregator-001
✓ Aggregator connected: aggregator-001 from 127.0.0.1
✓ Sent 334265 bytes to aggregator-001 (0.46ms)
Session completed with aggregator-001
[2025-12-03 08:17:09] Meter 5: Generated 3.888 kWh (encrypted: 334386 bytes, 5.319 ms)
[2025-12-03 08:17:29] Meter 5: Generated 3.636 kWh (encrypted: 334378 bytes, 4.625 ms)
[2025-12-03 08:17:49] Meter 5: Generated 6.514 kWh (encrypted: 334089 bytes, 4.725 ms)
[2025-12-03 08:17:51] NETWORK INFO: Server authentication successful for node: aggregator-001
✓ Aggregator connected: aggregator-001 from 127.0.0.1
✓ Sent 334089 bytes to aggregator-001 (0.58ms)
Session completed with aggregator-001
[2025-12-03 08:18:09] Meter 5: Generated 5.993 kWh (encrypted: 334065 bytes, 4.485 ms)
[2025-12-03 08:18:29] Meter 5: Generated 5.523 kWh (encrypted: 334334 bytes, 4.538 ms)
[2025-12-03 08:18:49] Meter 5: Generated 6.345 kWh (encrypted: 334220 bytes, 4.725 ms)
[2025-12-03 08:18:52] NETWORK INFO: Server authentication successful for node: aggregator-001
✓ Aggregator connected: aggregator-001 from 127.0.0.1
✓ Sent 334220 bytes to aggregator-001 (0.77ms)
Session completed with aggregator-001
[2025-12-03 08:19:09] Meter 5: Generated 4.581 kWh (encrypted: 334303 bytes, 4.437 ms)
[2025-12-03 08:19:29] Meter 5: Generated 1.574 kWh (encrypted: 334213 bytes, 4.290 ms)
[2025-12-03 08:19:49] Meter 5: Generated 2.650 kWh (encrypted: 334385 bytes, 4.630 ms)
[2025-12-03 08:19:52] NETWORK INFO: Server authentication successful for node: aggregator-001
✓ Aggregator connected: aggregator-001 from 127.0.0.1
✓ Sent 334385 bytes to aggregator-001 (0.35ms)
Session completed with aggregator-001
[2025-12-03 08:20:09] Meter 5: Generated 3.878 kWh (encrypted: 334472 bytes, 4.701 ms)
[2025-12-03 08:20:29] Meter 5: Generated 5.605 kWh (encrypted: 334127 bytes, 5.973 ms)
[2025-12-03 08:20:49] Meter 5: Generated 4.645 kWh (encrypted: 334458 bytes, 4.521 ms)
[2025-12-03 08:20:52] NETWORK INFO: Server authentication successful for node: aggregator-001
✓ Aggregator connected: aggregator-001 from 127.0.0.1
✓ Sent 334458 bytes to aggregator-001 (0.68ms)
Session completed with aggregator-001
[2025-12-03 08:21:09] Meter 5: Generated 3.742 kWh (encrypted: 334486 bytes, 4.511 ms)
[2025-12-03 08:21:29] Meter 5: Generated 4.316 kWh (encrypted: 334318 bytes, 4.601 ms)
[2025-12-03 08:21:49] Meter 5: Generated 1.608 kWh (encrypted: 334153 bytes, 5.429 ms)
[2025-12-03 08:21:53] NETWORK INFO: Server authentication successful for node: aggregator-001
✓ Aggregator connected: aggregator-001 from 127.0.0.1
✓ Sent 334153 bytes to aggregator-001 (0.43ms)
Session completed with aggregator-001
[2025-12-03 08:22:09] Meter 5: Generated 5.348 kWh (encrypted: 334171 bytes, 4.481 ms)
[2025-12-03 08:22:29] Meter 5: Generated 4.200 kWh (encrypted: 334171 bytes, 4.515 ms)
[2025-12-03 08:22:49] Meter 5: Generated 5.091 kWh (encrypted: 334104 bytes, 4.733 ms)
[2025-12-03 08:22:53] NETWORK INFO: Server authentication successful for node: aggregator-001
✓ Aggregator connected: aggregator-001 from 127.0.0.1
✓ Sent 334104 bytes to aggregator-001 (0.43ms)
Session completed with aggregator-001
[2025-12-03 08:23:09] Meter 5: Generated 2.525 kWh (encrypted: 334295 bytes, 4.528 ms)
[2025-12-03 08:23:29] Meter 5: Generated 5.068 kWh (encrypted: 334152 bytes, 4.459 ms)
[2025-12-03 08:23:49] Meter 5: Generated 7.430 kWh (encrypted: 334309 bytes, 4.585 ms)
[2025-12-03 08:23:53] NETWORK INFO: Server authentication successful for node: aggregator-001
✓ Aggregator connected: aggregator-001 from 127.0.0.1
✓ Sent 334309 bytes to aggregator-001 (0.47ms)
Session completed with aggregator-001
[2025-12-03 08:24:09] Meter 5: Generated 6.213 kWh (encrypted: 334143 bytes, 4.680 ms)
[2025-12-03 08:24:29] Meter 5: Generated 0.732 kWh (encrypted: 334454 bytes, 4.606 ms)
[2025-12-03 08:24:49] Meter 5: Generated 5.332 kWh (encrypted: 334435 bytes, 4.511 ms)
[2025-12-03 08:24:53] NETWORK INFO: Server authentication successful for node: aggregator-001
✓ Aggregator connected: aggregator-001 from 127.0.0.1
✓ Sent 334435 bytes to aggregator-001 (0.48ms)
Session completed with aggregator-001
[2025-12-03 08:25:09] Meter 5: Generated 6.795 kWh (encrypted: 334220 bytes, 4.499 ms)
[2025-12-03 08:25:29] Meter 5: Generated 3.611 kWh (encrypted: 333757 bytes, 4.456 ms)
[2025-12-03 08:25:49] Meter 5: Generated 2.470 kWh (encrypted: 334424 bytes, 4.721 ms)
[2025-12-03 08:25:54] NETWORK INFO: Server authentication successful for node: aggregator-001
✓ Aggregator connected: aggregator-001 from 127.0.0.1
✓ Sent 334424 bytes to aggregator-001 (0.42ms)
Session completed with aggregator-001
[2025-12-03 08:26:09] Meter 5: Generated 1.988 kWh (encrypted: 334143 bytes, 4.648 ms)
[2025-12-03 08:26:29] Meter 5: Generated 6.367 kWh (encrypted: 334069 bytes, 4.636 ms)
[2025-12-03 08:26:49] Meter 5: Generated 6.613 kWh (encrypted: 334449 bytes, 4.553 ms)
[2025-12-03 08:26:54] NETWORK INFO: Server authentication successful for node: aggregator-001
✓ Aggregator connected: aggregator-001 from 127.0.0.1
✓ Sent 334449 bytes to aggregator-001 (0.47ms)
Session completed with aggregator-001
[2025-12-03 08:27:09] Meter 5: Generated 1.031 kWh (encrypted: 334229 bytes, 4.655 ms)
[2025-12-03 08:27:29] Meter 5: Generated 3.595 kWh (encrypted: 334187 bytes, 4.539 ms)
[2025-12-03 08:27:49] Meter 5: Generated 0.974 kWh (encrypted: 334419 bytes, 4.456 ms)
[2025-12-03 08:27:54] NETWORK INFO: Server authentication successful for node: aggregator-001
✓ Aggregator connected: aggregator-001 from 127.0.0.1
✓ Sent 334419 bytes to aggregator-001 (0.40ms)
Session completed with aggregator-001
[2025-12-03 08:28:09] Meter 5: Generated 6.123 kWh (encrypted: 334424 bytes, 4.622 ms)
[2025-12-03 08:28:29] Meter 5: Generated 1.044 kWh (encrypted: 333770 bytes, 4.509 ms)
[2025-12-03 08:28:49] Meter 5: Generated 3.295 kWh (encrypted: 334353 bytes, 4.556 ms)
[2025-12-03 08:28:55] NETWORK INFO: Server authentication successful for node: aggregator-001
✓ Aggregator connected: aggregator-001 from 127.0.0.1
✓ Sent 334353 bytes to aggregator-001 (0.46ms)
Session completed with aggregator-001
[2025-12-03 08:29:09] Meter 5: Generated 6.211 kWh (encrypted: 334326 bytes, 4.675 ms)
[2025-12-03 08:29:29] Meter 5: Generated 0.900 kWh (encrypted: 334406 bytes, 4.537 ms)
[2025-12-03 08:29:49] Meter 5: Generated 1.447 kWh (encrypted: 334145 bytes, 4.800 ms)
[2025-12-03 08:29:55] NETWORK INFO: Server authentication successful for node: aggregator-001
✓ Aggregator connected: aggregator-001 from 127.0.0.1
✓ Sent 334145 bytes to aggregator-001 (0.55ms)
Session completed with aggregator-001
[2025-12-03 08:30:09] Meter 5: Generated 7.275 kWh (encrypted: 334141 bytes, 4.520 ms)
[2025-12-03 08:30:29] Meter 5: Generated 2.809 kWh (encrypted: 334347 bytes, 4.682 ms)
[2025-12-03 08:30:49] Meter 5: Generated 3.200 kWh (encrypted: 334176 bytes, 5.089 ms)
[2025-12-03 08:30:55] NETWORK INFO: Server authentication successful for node: aggregator-001
✓ Aggregator connected: aggregator-001 from 127.0.0.1
✓ Sent 334176 bytes to aggregator-001 (0.65ms)
Session completed with aggregator-001
[2025-12-03 08:31:09] Meter 5: Generated 6.845 kWh (encrypted: 334279 bytes, 4.617 ms)
[2025-12-03 08:31:29] Meter 5: Generated 7.416 kWh (encrypted: 333424 bytes, 4.688 ms)
[2025-12-03 08:31:49] Meter 5: Generated 4.585 kWh (encrypted: 334166 bytes, 4.550 ms)
[2025-12-03 08:31:55] NETWORK INFO: Server authentication successful for node: aggregator-001
✓ Aggregator connected: aggregator-001 from 127.0.0.1
✓ Sent 334166 bytes to aggregator-001 (1.20ms)
Session completed with aggregator-001
[2025-12-03 08:32:09] Meter 5: Generated 3.345 kWh (encrypted: 333993 bytes, 4.395 ms)
[2025-12-03 08:32:29] Meter 5: Generated 2.091 kWh (encrypted: 334456 bytes, 4.674 ms)
[2025-12-03 08:32:49] Meter 5: Generated 1.055 kWh (encrypted: 334230 bytes, 4.659 ms)
[2025-12-03 08:32:56] NETWORK INFO: Server authentication successful for node: aggregator-001
✓ Aggregator connected: aggregator-001 from 127.0.0.1
✓ Sent 334230 bytes to aggregator-001 (0.41ms)
Session completed with aggregator-001
[2025-12-03 08:33:09] Meter 5: Generated 6.487 kWh (encrypted: 334343 bytes, 4.599 ms)
[2025-12-03 08:33:29] Meter 5: Generated 7.088 kWh (encrypted: 334211 bytes, 4.463 ms)
[2025-12-03 08:33:49] Meter 5: Generated 5.454 kWh (encrypted: 334303 bytes, 4.947 ms)
[2025-12-03 08:33:56] NETWORK INFO: Server authentication successful for node: aggregator-001
✓ Aggregator connected: aggregator-001 from 127.0.0.1
✓ Sent 334303 bytes to aggregator-001 (0.51ms)
Session completed with aggregator-001
[2025-12-03 08:34:09] Meter 5: Generated 3.325 kWh (encrypted: 334523 bytes, 4.717 ms)
[2025-12-03 08:34:29] Meter 5: Generated 5.909 kWh (encrypted: 334531 bytes, 4.431 ms)
[2025-12-03 08:34:49] Meter 5: Generated 3.511 kWh (encrypted: 333828 bytes, 4.639 ms)
[2025-12-03 08:34:56] NETWORK INFO: Server authentication successful for node: aggregator-001
✓ Aggregator connected: aggregator-001 from 127.0.0.1
✓ Sent 333828 bytes to aggregator-001 (0.56ms)
Session completed with aggregator-001
[2025-12-03 08:35:09] Meter 5: Generated 5.398 kWh (encrypted: 334173 bytes, 4.654 ms)
[2025-12-03 08:35:29] Meter 5: Generated 7.169 kWh (encrypted: 334351 bytes, 4.488 ms)
[2025-12-03 08:35:49] Meter 5: Generated 5.817 kWh (encrypted: 334113 bytes, 4.534 ms)
[2025-12-03 08:35:57] NETWORK INFO: Server authentication successful for node: aggregator-001
✓ Aggregator connected: aggregator-001 from 127.0.0.1
✓ Sent 334113 bytes to aggregator-001 (0.44ms)
Session completed with aggregator-001
[2025-12-03 08:36:09] Meter 5: Generated 4.956 kWh (encrypted: 334402 bytes, 4.786 ms)
[2025-12-03 08:36:29] Meter 5: Generated 7.162 kWh (encrypted: 334019 bytes, 4.443 ms)
[2025-12-03 08:36:49] Meter 5: Generated 2.027 kWh (encrypted: 334434 bytes, 4.635 ms)
[2025-12-03 08:36:57] NETWORK INFO: Server authentication successful for node: aggregator-001
✓ Aggregator connected: aggregator-001 from 127.0.0.1
✓ Sent 334434 bytes to aggregator-001 (0.40ms)
Session completed with aggregator-001
[2025-12-03 08:37:09] Meter 5: Generated 2.460 kWh (encrypted: 334065 bytes, 4.651 ms)
[2025-12-03 08:37:30] Meter 5: Generated 4.135 kWh (encrypted: 334073 bytes, 4.606 ms)
[2025-12-03 08:37:50] Meter 5: Generated 4.092 kWh (encrypted: 334209 bytes, 4.426 ms)
[2025-12-03 08:37:57] NETWORK INFO: Server authentication successful for node: aggregator-001
✓ Aggregator connected: aggregator-001 from 127.0.0.1
✓ Sent 334209 bytes to aggregator-001 (0.36ms)
Session completed with aggregator-001
[2025-12-03 08:38:10] Meter 5: Generated 1.619 kWh (encrypted: 334097 bytes, 4.560 ms)
[2025-12-03 08:38:30] Meter 5: Generated 2.718 kWh (encrypted: 334349 bytes, 4.501 ms)
[2025-12-03 08:38:50] Meter 5: Generated 6.967 kWh (encrypted: 333389 bytes, 4.551 ms)
[2025-12-03 08:38:57] NETWORK INFO: Server authentication successful for node: aggregator-001
✓ Aggregator connected: aggregator-001 from 127.0.0.1
✓ Sent 333389 bytes to aggregator-001 (0.44ms)
Session completed with aggregator-001
[2025-12-03 08:39:10] Meter 5: Generated 7.233 kWh (encrypted: 334460 bytes, 4.531 ms)
[2025-12-03 08:39:30] Meter 5: Generated 6.003 kWh (encrypted: 334364 bytes, 4.501 ms)
[2025-12-03 08:39:50] Meter 5: Generated 2.042 kWh (encrypted: 334096 bytes, 4.628 ms)
[2025-12-03 08:39:58] NETWORK INFO: Server authentication successful for node: aggregator-001
✓ Aggregator connected: aggregator-001 from 127.0.0.1
✓ Sent 334096 bytes to aggregator-001 (0.95ms)
Session completed with aggregator-001
[2025-12-03 08:40:10] Meter 5: Generated 2.407 kWh (encrypted: 334412 bytes, 4.473 ms)
[2025-12-03 08:40:30] Meter 5: Generated 1.152 kWh (encrypted: 334114 bytes, 4.251 ms)
[2025-12-03 08:40:50] Meter 5: Generated 1.740 kWh (encrypted: 334451 bytes, 4.476 ms)
[2025-12-03 08:40:58] NETWORK INFO: Server authentication successful for node: aggregator-001
✓ Aggregator connected: aggregator-001 from 127.0.0.1
✓ Sent 334451 bytes to aggregator-001 (0.39ms)
Session completed with aggregator-001
[2025-12-03 08:41:10] Meter 5: Generated 5.403 kWh (encrypted: 334375 bytes, 4.426 ms)
[2025-12-03 08:41:30] Meter 5: Generated 1.742 kWh (encrypted: 334405 bytes, 4.337 ms)
[2025-12-03 08:41:50] Meter 5: Generated 2.070 kWh (encrypted: 334092 bytes, 4.495 ms)

Received shutdown signal. Gracefully shutting down smart meter...
Network server thread stopped

Received shutdown signal. Gracefully shutting down smart meter...
Data generation thread stopped
Smart meter 5 shutdown complete
