=== Continuous Smart Meter Server 318 ===
Initializing for continuous operation...
SEAL context initialized
Loaded certificate: smart-meter-318
Requesting public keys from KDC...
[2025-12-10 08:01:36] NETWORK ERROR: Failed to connect to 127.0.0.1:8444: Connection refused
Error: Failed to connect to KDC at 127.0.0.1:8444
Error: Failed to send key request to KDC
Failed to obtain keys from KDC, falling back to file keys
Loaded keys from fallback files
Cryptographic components initialized
[2025-12-10 08:01:36] NETWORK INFO: Server socket created and listening on port 9318
✓ Smart meter server ready on port 9318
Data transmission interval: 20 seconds (15x accelerated - simulates 5min)
✓ Performance metrics CSV files initialized in performance_data/
Starting continuous smart meter operation...
Press Ctrl+C to stop gracefully
Data generation thread started
Network server thread started on port 9318
[2025-12-10 08:01:56] Meter 318: Generated 2.693 kWh (encrypted: 334247 bytes, 5.536 ms)
[2025-12-10 08:02:16] Meter 318: Generated 3.579 kWh (encrypted: 334288 bytes, 4.671 ms)
[2025-12-10 08:02:33] NETWORK INFO: Server authentication successful for node: aggregator-001
✓ Aggregator connected: aggregator-001 from 127.0.0.1
✓ Sent 334288 bytes to aggregator-001 (5.14ms)
Session completed with aggregator-001
[2025-12-10 08:02:36] Meter 318: Generated 2.674 kWh (encrypted: 334335 bytes, 4.582 ms)
[2025-12-10 08:02:56] Meter 318: Generated 4.051 kWh (encrypted: 334450 bytes, 4.395 ms)
[2025-12-10 08:03:16] Meter 318: Generated 1.721 kWh (encrypted: 334071 bytes, 4.534 ms)
[2025-12-10 08:03:36] NETWORK INFO: Server authentication successful for node: aggregator-001
✓ Aggregator connected: aggregator-001 from 127.0.0.1
✓ Sent 334071 bytes to aggregator-001 (0.37ms)
Session completed with aggregator-001
[2025-12-10 08:03:36] Meter 318: Generated 3.317 kWh (encrypted: 334129 bytes, 104.645 ms)
[2025-12-10 08:03:56] Meter 318: Generated 4.501 kWh (encrypted: 334239 bytes, 5.566 ms)
[2025-12-10 08:04:16] Meter 318: Generated 5.079 kWh (encrypted: 334179 bytes, 5.454 ms)
[2025-12-10 08:04:36] Meter 318: Generated 5.060 kWh (encrypted: 334160 bytes, 7.245 ms)
[2025-12-10 08:04:39] NETWORK INFO: Server authentication successful for node: aggregator-001
✓ Aggregator connected: aggregator-001 from 127.0.0.1
✓ Sent 334160 bytes to aggregator-001 (0.36ms)
Session completed with aggregator-001
[2025-12-10 08:04:56] Meter 318: Generated 5.673 kWh (encrypted: 334419 bytes, 5.363 ms)
[2025-12-10 08:05:16] Meter 318: Generated 6.025 kWh (encrypted: 334418 bytes, 7.218 ms)
[2025-12-10 08:05:36] Meter 318: Generated 6.150 kWh (encrypted: 334497 bytes, 4.566 ms)
[2025-12-10 08:05:44] NETWORK INFO: Server authentication successful for node: aggregator-001
✓ Aggregator connected: aggregator-001 from 127.0.0.1
✓ Sent 334497 bytes to aggregator-001 (0.37ms)
Session completed with aggregator-001
[2025-12-10 08:05:56] Meter 318: Generated 4.780 kWh (encrypted: 334187 bytes, 6.630 ms)
[2025-12-10 08:06:16] Meter 318: Generated 6.626 kWh (encrypted: 334398 bytes, 29.750 ms)
[2025-12-10 08:06:36] Meter 318: Generated 1.102 kWh (encrypted: 334326 bytes, 10.031 ms)
[2025-12-10 08:06:50] NETWORK INFO: Server authentication successful for node: aggregator-001
✓ Aggregator connected: aggregator-001 from 127.0.0.1
✓ Sent 334326 bytes to aggregator-001 (16.26ms)
Session completed with aggregator-001
[2025-12-10 08:06:56] Meter 318: Generated 2.426 kWh (encrypted: 333390 bytes, 7.280 ms)
[2025-12-10 08:07:16] Meter 318: Generated 7.150 kWh (encrypted: 334455 bytes, 7.140 ms)
[2025-12-10 08:07:36] Meter 318: Generated 6.504 kWh (encrypted: 334170 bytes, 4.541 ms)
[2025-12-10 08:07:56] NETWORK INFO: Server authentication successful for node: aggregator-001
✓ Aggregator connected: aggregator-001 from 127.0.0.1
✓ Sent 334170 bytes to aggregator-001 (2.09ms)
Session completed with aggregator-001
[2025-12-10 08:07:56] Meter 318: Generated 6.199 kWh (encrypted: 334414 bytes, 4.803 ms)
[2025-12-10 08:08:16] Meter 318: Generated 0.839 kWh (encrypted: 334437 bytes, 6.665 ms)
[2025-12-10 08:08:36] Meter 318: Generated 5.824 kWh (encrypted: 334179 bytes, 4.786 ms)
[2025-12-10 08:08:56] Meter 318: Generated 3.361 kWh (encrypted: 334446 bytes, 13.320 ms)
[2025-12-10 08:09:01] NETWORK INFO: Server authentication successful for node: aggregator-001
✓ Aggregator connected: aggregator-001 from 127.0.0.1
✓ Sent 334446 bytes to aggregator-001 (0.38ms)
Session completed with aggregator-001
[2025-12-10 08:09:16] Meter 318: Generated 2.183 kWh (encrypted: 334367 bytes, 7.438 ms)
[2025-12-10 08:09:36] Meter 318: Generated 4.360 kWh (encrypted: 333803 bytes, 5.597 ms)
[2025-12-10 08:09:56] Meter 318: Generated 5.489 kWh (encrypted: 334206 bytes, 4.680 ms)
[2025-12-10 08:10:06] NETWORK INFO: Server authentication successful for node: aggregator-001
✓ Aggregator connected: aggregator-001 from 127.0.0.1
✓ Sent 334206 bytes to aggregator-001 (0.34ms)
Session completed with aggregator-001
[2025-12-10 08:10:16] Meter 318: Generated 3.610 kWh (encrypted: 334433 bytes, 4.954 ms)
[2025-12-10 08:10:36] Meter 318: Generated 3.818 kWh (encrypted: 334441 bytes, 5.634 ms)
[2025-12-10 08:10:56] Meter 318: Generated 6.258 kWh (encrypted: 334388 bytes, 4.759 ms)
[2025-12-10 08:11:12] NETWORK INFO: Server authentication successful for node: aggregator-001
✓ Aggregator connected: aggregator-001 from 127.0.0.1
✓ Sent 334388 bytes to aggregator-001 (1.21ms)
Session completed with aggregator-001
[2025-12-10 08:11:16] Meter 318: Generated 6.913 kWh (encrypted: 334358 bytes, 5.181 ms)
[2025-12-10 08:11:37] Meter 318: Generated 2.218 kWh (encrypted: 334269 bytes, 4.338 ms)
[2025-12-10 08:11:57] Meter 318: Generated 7.590 kWh (encrypted: 334075 bytes, 4.390 ms)
[2025-12-10 08:12:17] Meter 318: Generated 3.332 kWh (encrypted: 334440 bytes, 6.710 ms)
[2025-12-10 08:12:17] NETWORK INFO: Server authentication successful for node: aggregator-001
✓ Aggregator connected: aggregator-001 from 127.0.0.1
✓ Sent 334440 bytes to aggregator-001 (6.52ms)
Session completed with aggregator-001

Received shutdown signal. Gracefully shutting down smart meter...
Network server thread stopped
Data generation thread stopped
Smart meter 318 shutdown complete
