=== Continuous Smart Meter Server 250 ===
Initializing for continuous operation...
SEAL context initialized
Loaded certificate: smart-meter-250
Requesting public keys from KDC...
[2025-12-10 08:00:12] NETWORK ERROR: Failed to connect to 127.0.0.1:8444: Connection refused
Error: Failed to connect to KDC at 127.0.0.1:8444
Error: Failed to send key request to KDC
Failed to obtain keys from KDC, falling back to file keys
Loaded keys from fallback files
Cryptographic components initialized
[2025-12-10 08:00:12] NETWORK INFO: Server socket created and listening on port 9250
✓ Smart meter server ready on port 9250
Data transmission interval: 20 seconds (15x accelerated - simulates 5min)
✓ Performance metrics CSV files initialized in performance_data/
Starting continuous smart meter operation...
Press Ctrl+C to stop gracefully
Data generation thread started
Network server thread started on port 9250
[2025-12-10 08:00:28] NETWORK INFO: Server authentication successful for node: aggregator-001
✓ Aggregator connected: aggregator-001 from 127.0.0.1
[2025-12-10 08:00:32] Meter 250: Generated 2.784 kWh (encrypted: 334046 bytes, 6.679 ms)
✓ Sent 334046 bytes to aggregator-001 (0.83ms)
Session completed with aggregator-001
[2025-12-10 08:00:52] Meter 250: Generated 5.491 kWh (encrypted: 334471 bytes, 4.525 ms)
[2025-12-10 08:01:12] Meter 250: Generated 5.940 kWh (encrypted: 334401 bytes, 6.319 ms)
[2025-12-10 08:01:31] NETWORK INFO: Server authentication successful for node: aggregator-001
✓ Aggregator connected: aggregator-001 from 127.0.0.1
✓ Sent 334401 bytes to aggregator-001 (0.36ms)
Session completed with aggregator-001
[2025-12-10 08:01:32] Meter 250: Generated 7.304 kWh (encrypted: 334209 bytes, 4.458 ms)
[2025-12-10 08:01:52] Meter 250: Generated 6.493 kWh (encrypted: 334527 bytes, 7.276 ms)
[2025-12-10 08:02:12] Meter 250: Generated 6.183 kWh (encrypted: 334174 bytes, 7.347 ms)
[2025-12-10 08:02:32] Meter 250: Generated 2.985 kWh (encrypted: 334169 bytes, 7.262 ms)
[2025-12-10 08:02:33] NETWORK INFO: Server authentication successful for node: aggregator-001
✓ Aggregator connected: aggregator-001 from 127.0.0.1
✓ Sent 334169 bytes to aggregator-001 (3.04ms)
Session completed with aggregator-001
[2025-12-10 08:02:52] Meter 250: Generated 3.090 kWh (encrypted: 334041 bytes, 4.574 ms)
[2025-12-10 08:03:12] Meter 250: Generated 4.696 kWh (encrypted: 333346 bytes, 7.858 ms)
[2025-12-10 08:03:32] Meter 250: Generated 2.565 kWh (encrypted: 334307 bytes, 6.202 ms)
[2025-12-10 08:03:36] NETWORK INFO: Server authentication successful for node: aggregator-001
✓ Aggregator connected: aggregator-001 from 127.0.0.1
✓ Sent 334307 bytes to aggregator-001 (7.48ms)
Session completed with aggregator-001
[2025-12-10 08:03:52] Meter 250: Generated 3.963 kWh (encrypted: 334132 bytes, 7.043 ms)
[2025-12-10 08:04:12] Meter 250: Generated 4.234 kWh (encrypted: 334417 bytes, 4.525 ms)
[2025-12-10 08:04:32] Meter 250: Generated 6.122 kWh (encrypted: 334481 bytes, 5.117 ms)
[2025-12-10 08:04:39] NETWORK INFO: Server authentication successful for node: aggregator-001
✓ Aggregator connected: aggregator-001 from 127.0.0.1
✓ Sent 334481 bytes to aggregator-001 (0.60ms)
Session completed with aggregator-001
[2025-12-10 08:04:52] Meter 250: Generated 1.648 kWh (encrypted: 334300 bytes, 4.513 ms)
[2025-12-10 08:05:12] Meter 250: Generated 1.644 kWh (encrypted: 334358 bytes, 4.558 ms)
[2025-12-10 08:05:32] Meter 250: Generated 5.579 kWh (encrypted: 334083 bytes, 6.182 ms)
[2025-12-10 08:05:44] NETWORK INFO: Server authentication successful for node: aggregator-001
✓ Aggregator connected: aggregator-001 from 127.0.0.1
✓ Sent 334083 bytes to aggregator-001 (26.89ms)
Session completed with aggregator-001
[2025-12-10 08:05:52] Meter 250: Generated 5.526 kWh (encrypted: 334443 bytes, 4.943 ms)
[2025-12-10 08:06:12] Meter 250: Generated 0.805 kWh (encrypted: 334307 bytes, 8.375 ms)
[2025-12-10 08:06:32] Meter 250: Generated 7.082 kWh (encrypted: 334199 bytes, 7.437 ms)
[2025-12-10 08:06:50] NETWORK INFO: Server authentication successful for node: aggregator-001
✓ Aggregator connected: aggregator-001 from 127.0.0.1
✓ Sent 334199 bytes to aggregator-001 (0.52ms)
Session completed with aggregator-001
[2025-12-10 08:06:52] Meter 250: Generated 0.975 kWh (encrypted: 334140 bytes, 7.395 ms)
[2025-12-10 08:07:12] Meter 250: Generated 3.902 kWh (encrypted: 334041 bytes, 7.881 ms)
[2025-12-10 08:07:32] Meter 250: Generated 1.798 kWh (encrypted: 334168 bytes, 4.554 ms)
[2025-12-10 08:07:52] Meter 250: Generated 6.898 kWh (encrypted: 333999 bytes, 4.540 ms)
[2025-12-10 08:07:56] NETWORK INFO: Server authentication successful for node: aggregator-001
✓ Aggregator connected: aggregator-001 from 127.0.0.1
✓ Sent 333999 bytes to aggregator-001 (0.36ms)
Session completed with aggregator-001
[2025-12-10 08:08:12] Meter 250: Generated 5.777 kWh (encrypted: 334268 bytes, 6.474 ms)
[2025-12-10 08:08:32] Meter 250: Generated 4.825 kWh (encrypted: 334208 bytes, 4.582 ms)
[2025-12-10 08:08:52] Meter 250: Generated 1.029 kWh (encrypted: 334337 bytes, 6.494 ms)
[2025-12-10 08:09:01] NETWORK INFO: Server authentication successful for node: aggregator-001
✓ Aggregator connected: aggregator-001 from 127.0.0.1
✓ Sent 334337 bytes to aggregator-001 (19.13ms)
Session completed with aggregator-001
[2025-12-10 08:09:12] Meter 250: Generated 0.753 kWh (encrypted: 334422 bytes, 7.471 ms)
[2025-12-10 08:09:32] Meter 250: Generated 2.806 kWh (encrypted: 333309 bytes, 6.370 ms)
[2025-12-10 08:09:52] Meter 250: Generated 1.302 kWh (encrypted: 334420 bytes, 7.212 ms)
[2025-12-10 08:10:06] NETWORK INFO: Server authentication successful for node: aggregator-001
✓ Aggregator connected: aggregator-001 from 127.0.0.1
✓ Sent 334420 bytes to aggregator-001 (0.39ms)
Session completed with aggregator-001
[2025-12-10 08:10:12] Meter 250: Generated 4.277 kWh (encrypted: 334245 bytes, 13.822 ms)
[2025-12-10 08:10:32] Meter 250: Generated 2.024 kWh (encrypted: 334503 bytes, 4.696 ms)
[2025-12-10 08:10:52] Meter 250: Generated 4.347 kWh (encrypted: 334091 bytes, 4.802 ms)
[2025-12-10 08:11:12] NETWORK INFO: Server authentication successful for node: aggregator-001
✓ Aggregator connected: aggregator-001 from 127.0.0.1
✓ Sent 334091 bytes to aggregator-001 (0.38ms)
Session completed with aggregator-001
[2025-12-10 08:11:12] Meter 250: Generated 3.741 kWh (encrypted: 333277 bytes, 6.462 ms)
[2025-12-10 08:11:32] Meter 250: Generated 6.434 kWh (encrypted: 334364 bytes, 7.404 ms)
[2025-12-10 08:11:52] Meter 250: Generated 7.332 kWh (encrypted: 334256 bytes, 7.024 ms)
[2025-12-10 08:12:12] Meter 250: Generated 2.533 kWh (encrypted: 334432 bytes, 6.491 ms)
[2025-12-10 08:12:17] NETWORK INFO: Server authentication successful for node: aggregator-001
✓ Aggregator connected: aggregator-001 from 127.0.0.1
✓ Sent 334432 bytes to aggregator-001 (0.39ms)
Session completed with aggregator-001
[2025-12-10 08:12:32] Meter 250: Generated 6.494 kWh (encrypted: 334339 bytes, 5.774 ms)

Received shutdown signal. Gracefully shutting down smart meter...
Network server thread stopped
Data generation thread stopped
Smart meter 250 shutdown complete
