=== Continuous Smart Meter Server 115 ===
Initializing for continuous operation...
SEAL context initialized
Loaded certificate: smart-meter-115
Requesting public keys from KDC...
[2025-12-10 07:57:26] NETWORK ERROR: Failed to connect to 127.0.0.1:8444: Connection refused
Error: Failed to connect to KDC at 127.0.0.1:8444
Error: Failed to send key request to KDC
Failed to obtain keys from KDC, falling back to file keys
Loaded keys from fallback files
Cryptographic components initialized
[2025-12-10 07:57:26] NETWORK INFO: Server socket created and listening on port 9115
✓ Smart meter server ready on port 9115
Data transmission interval: 20 seconds (15x accelerated - simulates 5min)
✓ Performance metrics CSV files initialized in performance_data/
Starting continuous smart meter operation...
Press Ctrl+C to stop gracefully
Data generation thread started
Network server thread started on port 9115
[2025-12-10 07:57:46] Meter 115: Generated 1.059 kWh (encrypted: 334364 bytes, 5.331 ms)
[2025-12-10 07:58:06] Meter 115: Generated 6.803 kWh (encrypted: 334351 bytes, 7.110 ms)
[2025-12-10 07:58:25] NETWORK INFO: Server authentication successful for node: aggregator-001
✓ Aggregator connected: aggregator-001 from 127.0.0.1
✓ Sent 334351 bytes to aggregator-001 (0.85ms)
Session completed with aggregator-001
[2025-12-10 07:58:26] Meter 115: Generated 6.461 kWh (encrypted: 334404 bytes, 4.311 ms)
[2025-12-10 07:58:46] Meter 115: Generated 1.871 kWh (encrypted: 334399 bytes, 4.437 ms)
[2025-12-10 07:59:06] Meter 115: Generated 1.781 kWh (encrypted: 334394 bytes, 6.521 ms)
[2025-12-10 07:59:26] Meter 115: Generated 1.748 kWh (encrypted: 334375 bytes, 4.640 ms)
[2025-12-10 07:59:26] NETWORK INFO: Server authentication successful for node: aggregator-001
✓ Aggregator connected: aggregator-001 from 127.0.0.1
✓ Sent 334375 bytes to aggregator-001 (0.36ms)
Session completed with aggregator-001
[2025-12-10 07:59:46] Meter 115: Generated 5.554 kWh (encrypted: 334412 bytes, 4.688 ms)
[2025-12-10 08:00:06] Meter 115: Generated 5.886 kWh (encrypted: 334257 bytes, 4.583 ms)
[2025-12-10 08:00:26] Meter 115: Generated 1.813 kWh (encrypted: 334455 bytes, 4.866 ms)
[2025-12-10 08:00:28] NETWORK INFO: Server authentication successful for node: aggregator-001
✓ Aggregator connected: aggregator-001 from 127.0.0.1
✓ Sent 334455 bytes to aggregator-001 (0.38ms)
Session completed with aggregator-001
[2025-12-10 08:00:46] Meter 115: Generated 4.259 kWh (encrypted: 334446 bytes, 4.733 ms)
[2025-12-10 08:01:06] Meter 115: Generated 1.119 kWh (encrypted: 334291 bytes, 4.623 ms)
[2025-12-10 08:01:26] Meter 115: Generated 5.443 kWh (encrypted: 334384 bytes, 4.805 ms)
[2025-12-10 08:01:31] NETWORK INFO: Server authentication successful for node: aggregator-001
✓ Aggregator connected: aggregator-001 from 127.0.0.1
✓ Sent 334384 bytes to aggregator-001 (0.37ms)
Session completed with aggregator-001
[2025-12-10 08:01:46] Meter 115: Generated 3.117 kWh (encrypted: 334179 bytes, 6.864 ms)
[2025-12-10 08:02:06] Meter 115: Generated 5.356 kWh (encrypted: 334437 bytes, 4.417 ms)
[2025-12-10 08:02:26] Meter 115: Generated 5.653 kWh (encrypted: 334467 bytes, 6.648 ms)
[2025-12-10 08:02:33] NETWORK INFO: Server authentication successful for node: aggregator-001
✓ Aggregator connected: aggregator-001 from 127.0.0.1
✓ Sent 334467 bytes to aggregator-001 (0.39ms)
Session completed with aggregator-001
[2025-12-10 08:02:46] Meter 115: Generated 6.584 kWh (encrypted: 334355 bytes, 4.866 ms)
[2025-12-10 08:03:06] Meter 115: Generated 4.099 kWh (encrypted: 334284 bytes, 4.410 ms)
[2025-12-10 08:03:26] Meter 115: Generated 6.554 kWh (encrypted: 334340 bytes, 7.237 ms)
[2025-12-10 08:03:36] NETWORK INFO: Server authentication successful for node: aggregator-001
✓ Aggregator connected: aggregator-001 from 127.0.0.1
✓ Sent 334340 bytes to aggregator-001 (0.36ms)
Session completed with aggregator-001
[2025-12-10 08:03:46] Meter 115: Generated 2.644 kWh (encrypted: 334102 bytes, 4.868 ms)
[2025-12-10 08:04:06] Meter 115: Generated 2.903 kWh (encrypted: 333715 bytes, 7.154 ms)
[2025-12-10 08:04:26] Meter 115: Generated 2.063 kWh (encrypted: 334272 bytes, 4.400 ms)
[2025-12-10 08:04:39] NETWORK INFO: Server authentication successful for node: aggregator-001
✓ Aggregator connected: aggregator-001 from 127.0.0.1
✓ Sent 334272 bytes to aggregator-001 (0.40ms)
Session completed with aggregator-001
[2025-12-10 08:04:46] Meter 115: Generated 6.337 kWh (encrypted: 334294 bytes, 6.642 ms)
[2025-12-10 08:05:06] Meter 115: Generated 1.567 kWh (encrypted: 333811 bytes, 5.065 ms)
[2025-12-10 08:05:26] Meter 115: Generated 5.401 kWh (encrypted: 334358 bytes, 10.435 ms)
[2025-12-10 08:05:44] NETWORK INFO: Server authentication successful for node: aggregator-001
✓ Aggregator connected: aggregator-001 from 127.0.0.1
✓ Sent 334358 bytes to aggregator-001 (0.35ms)
Session completed with aggregator-001
[2025-12-10 08:05:46] Meter 115: Generated 4.975 kWh (encrypted: 334432 bytes, 13.690 ms)
[2025-12-10 08:06:06] Meter 115: Generated 3.113 kWh (encrypted: 334403 bytes, 5.541 ms)
[2025-12-10 08:06:26] Meter 115: Generated 2.135 kWh (encrypted: 334331 bytes, 4.677 ms)
[2025-12-10 08:06:46] Meter 115: Generated 4.336 kWh (encrypted: 334439 bytes, 6.067 ms)
[2025-12-10 08:06:50] NETWORK INFO: Server authentication successful for node: aggregator-001
✓ Aggregator connected: aggregator-001 from 127.0.0.1
✓ Sent 334439 bytes to aggregator-001 (7.48ms)
Session completed with aggregator-001
[2025-12-10 08:07:06] Meter 115: Generated 7.519 kWh (encrypted: 334282 bytes, 6.491 ms)
[2025-12-10 08:07:26] Meter 115: Generated 2.874 kWh (encrypted: 334319 bytes, 5.292 ms)
[2025-12-10 08:07:46] Meter 115: Generated 1.242 kWh (encrypted: 334443 bytes, 5.774 ms)
[2025-12-10 08:07:56] NETWORK INFO: Server authentication successful for node: aggregator-001
✓ Aggregator connected: aggregator-001 from 127.0.0.1
✓ Sent 334443 bytes to aggregator-001 (0.37ms)
Session completed with aggregator-001
[2025-12-10 08:08:06] Meter 115: Generated 0.948 kWh (encrypted: 334210 bytes, 6.479 ms)
[2025-12-10 08:08:26] Meter 115: Generated 1.916 kWh (encrypted: 334279 bytes, 6.468 ms)
[2025-12-10 08:08:46] Meter 115: Generated 5.733 kWh (encrypted: 334115 bytes, 6.176 ms)
[2025-12-10 08:09:01] NETWORK INFO: Server authentication successful for node: aggregator-001
✓ Aggregator connected: aggregator-001 from 127.0.0.1
✓ Sent 334115 bytes to aggregator-001 (0.35ms)
Session completed with aggregator-001
[2025-12-10 08:09:06] Meter 115: Generated 4.889 kWh (encrypted: 334407 bytes, 4.933 ms)
[2025-12-10 08:09:26] Meter 115: Generated 4.433 kWh (encrypted: 334418 bytes, 6.439 ms)
[2025-12-10 08:09:46] Meter 115: Generated 6.348 kWh (encrypted: 334462 bytes, 14.685 ms)
[2025-12-10 08:10:06] NETWORK INFO: Server authentication successful for node: aggregator-001
✓ Aggregator connected: aggregator-001 from 127.0.0.1
✓ Sent 334462 bytes to aggregator-001 (1.11ms)
Session completed with aggregator-001
[2025-12-10 08:10:06] Meter 115: Generated 6.274 kWh (encrypted: 334305 bytes, 18.194 ms)
[2025-12-10 08:10:26] Meter 115: Generated 2.316 kWh (encrypted: 333791 bytes, 12.217 ms)
[2025-12-10 08:10:46] Meter 115: Generated 3.785 kWh (encrypted: 334161 bytes, 4.678 ms)
[2025-12-10 08:11:06] Meter 115: Generated 3.877 kWh (encrypted: 334164 bytes, 4.507 ms)
[2025-12-10 08:11:12] NETWORK INFO: Server authentication successful for node: aggregator-001
✓ Aggregator connected: aggregator-001 from 127.0.0.1
✓ Sent 334164 bytes to aggregator-001 (0.37ms)
Session completed with aggregator-001
[2025-12-10 08:11:26] Meter 115: Generated 4.375 kWh (encrypted: 334053 bytes, 6.441 ms)
[2025-12-10 08:11:46] Meter 115: Generated 6.494 kWh (encrypted: 334183 bytes, 4.643 ms)
[2025-12-10 08:12:06] Meter 115: Generated 1.336 kWh (encrypted: 334268 bytes, 4.464 ms)
[2025-12-10 08:12:17] NETWORK INFO: Server authentication successful for node: aggregator-001
✓ Aggregator connected: aggregator-001 from 127.0.0.1
✓ Sent 334268 bytes to aggregator-001 (3.98ms)
Session completed with aggregator-001
[2025-12-10 08:12:26] Meter 115: Generated 3.862 kWh (encrypted: 334367 bytes, 9.004 ms)

Received shutdown signal. Gracefully shutting down smart meter...
Network server thread stopped
Data generation thread stopped
Smart meter 115 shutdown complete
