=== Continuous Smart Meter Server 422 ===
Initializing for continuous operation...
SEAL context initialized
Loaded certificate: smart-meter-422
Requesting public keys from KDC...
[2025-12-10 08:03:46] NETWORK ERROR: Failed to connect to 127.0.0.1:8444: Connection refused
Error: Failed to connect to KDC at 127.0.0.1:8444
Error: Failed to send key request to KDC
Failed to obtain keys from KDC, falling back to file keys
Loaded keys from fallback files
Cryptographic components initialized
[2025-12-10 08:03:46] NETWORK INFO: Server socket created and listening on port 9422
✓ Smart meter server ready on port 9422
Data transmission interval: 20 seconds (15x accelerated - simulates 5min)
✓ Performance metrics CSV files initialized in performance_data/
Starting continuous smart meter operation...
Press Ctrl+C to stop gracefully
Data generation thread started
Network server thread started on port 9422
[2025-12-10 08:04:06] Meter 422: Generated 4.474 kWh (encrypted: 334552 bytes, 5.035 ms)
[2025-12-10 08:04:26] Meter 422: Generated 4.688 kWh (encrypted: 333832 bytes, 5.007 ms)
[2025-12-10 08:04:40] NETWORK INFO: Server authentication successful for node: aggregator-001
✓ Aggregator connected: aggregator-001 from 127.0.0.1
✓ Sent 333832 bytes to aggregator-001 (0.67ms)
Session completed with aggregator-001
[2025-12-10 08:04:46] Meter 422: Generated 1.300 kWh (encrypted: 334281 bytes, 4.759 ms)
[2025-12-10 08:05:06] Meter 422: Generated 3.325 kWh (encrypted: 334349 bytes, 4.542 ms)
[2025-12-10 08:05:26] Meter 422: Generated 7.317 kWh (encrypted: 334184 bytes, 6.423 ms)
[2025-12-10 08:05:44] NETWORK INFO: Server authentication successful for node: aggregator-001
✓ Aggregator connected: aggregator-001 from 127.0.0.1
✓ Sent 334184 bytes to aggregator-001 (30.26ms)
Session completed with aggregator-001
[2025-12-10 08:05:46] Meter 422: Generated 2.472 kWh (encrypted: 334405 bytes, 4.566 ms)
[2025-12-10 08:06:06] Meter 422: Generated 5.001 kWh (encrypted: 334217 bytes, 6.722 ms)
[2025-12-10 08:06:26] Meter 422: Generated 2.692 kWh (encrypted: 334510 bytes, 4.608 ms)
[2025-12-10 08:06:47] Meter 422: Generated 0.979 kWh (encrypted: 334196 bytes, 6.581 ms)
[2025-12-10 08:06:50] NETWORK INFO: Server authentication successful for node: aggregator-001
✓ Aggregator connected: aggregator-001 from 127.0.0.1
✓ Sent 334196 bytes to aggregator-001 (0.38ms)
Session completed with aggregator-001
[2025-12-10 08:07:07] Meter 422: Generated 2.131 kWh (encrypted: 334463 bytes, 13.638 ms)
[2025-12-10 08:07:27] Meter 422: Generated 4.433 kWh (encrypted: 333218 bytes, 5.372 ms)
[2025-12-10 08:07:47] Meter 422: Generated 7.073 kWh (encrypted: 334262 bytes, 5.542 ms)
[2025-12-10 08:07:56] NETWORK INFO: Server authentication successful for node: aggregator-001
✓ Aggregator connected: aggregator-001 from 127.0.0.1
✓ Sent 334262 bytes to aggregator-001 (8.96ms)
Session completed with aggregator-001
[2025-12-10 08:08:07] Meter 422: Generated 4.177 kWh (encrypted: 334383 bytes, 6.473 ms)
[2025-12-10 08:08:27] Meter 422: Generated 1.084 kWh (encrypted: 334245 bytes, 5.212 ms)
[2025-12-10 08:08:47] Meter 422: Generated 4.499 kWh (encrypted: 334237 bytes, 4.791 ms)
[2025-12-10 08:09:01] NETWORK INFO: Server authentication successful for node: aggregator-001
✓ Aggregator connected: aggregator-001 from 127.0.0.1
✓ Sent 334237 bytes to aggregator-001 (0.34ms)
Session completed with aggregator-001
[2025-12-10 08:09:07] Meter 422: Generated 5.112 kWh (encrypted: 334018 bytes, 5.586 ms)
[2025-12-10 08:09:27] Meter 422: Generated 6.184 kWh (encrypted: 334258 bytes, 7.150 ms)
[2025-12-10 08:09:47] Meter 422: Generated 5.285 kWh (encrypted: 334083 bytes, 6.786 ms)
[2025-12-10 08:10:06] NETWORK INFO: Server authentication successful for node: aggregator-001
✓ Aggregator connected: aggregator-001 from 127.0.0.1
✓ Sent 334083 bytes to aggregator-001 (0.38ms)
Session completed with aggregator-001
[2025-12-10 08:10:07] Meter 422: Generated 5.750 kWh (encrypted: 334051 bytes, 5.553 ms)
[2025-12-10 08:10:27] Meter 422: Generated 5.034 kWh (encrypted: 334136 bytes, 4.701 ms)
[2025-12-10 08:10:47] Meter 422: Generated 2.574 kWh (encrypted: 334165 bytes, 6.003 ms)
[2025-12-10 08:11:07] Meter 422: Generated 2.706 kWh (encrypted: 333910 bytes, 5.310 ms)
[2025-12-10 08:11:12] NETWORK INFO: Server authentication successful for node: aggregator-001
✓ Aggregator connected: aggregator-001 from 127.0.0.1
✓ Sent 333910 bytes to aggregator-001 (0.35ms)
Session completed with aggregator-001
[2025-12-10 08:11:27] Meter 422: Generated 4.475 kWh (encrypted: 334297 bytes, 6.537 ms)
[2025-12-10 08:11:47] Meter 422: Generated 4.748 kWh (encrypted: 334263 bytes, 4.803 ms)
[2025-12-10 08:12:07] Meter 422: Generated 2.580 kWh (encrypted: 334040 bytes, 4.687 ms)
[2025-12-10 08:12:17] NETWORK INFO: Server authentication successful for node: aggregator-001
✓ Aggregator connected: aggregator-001 from 127.0.0.1
✓ Sent 334040 bytes to aggregator-001 (0.43ms)
Session completed with aggregator-001
[2025-12-10 08:12:27] Meter 422: Generated 6.949 kWh (encrypted: 334270 bytes, 4.610 ms)

Received shutdown signal. Gracefully shutting down smart meter...
Network server thread stopped
Data generation thread stopped
Smart meter 422 shutdown complete
