=== Continuous Smart Meter Server 93 ===
Initializing for continuous operation...
SEAL context initialized
Loaded certificate: smart-meter-093
Requesting public keys from KDC...
[2025-12-10 07:56:59] NETWORK ERROR: Failed to connect to 127.0.0.1:8444: Connection refused
Error: Failed to connect to KDC at 127.0.0.1:8444
Error: Failed to send key request to KDC
Failed to obtain keys from KDC, falling back to file keys
Loaded keys from fallback files
Cryptographic components initialized
[2025-12-10 07:56:59] NETWORK INFO: Server socket created and listening on port 9093
✓ Smart meter server ready on port 9093
Data transmission interval: 20 seconds (15x accelerated - simulates 5min)
✓ Performance metrics CSV files initialized in performance_data/
Starting continuous smart meter operation...
Press Ctrl+C to stop gracefully
Data generation thread started
Network server thread started on port 9093
[2025-12-10 07:57:15] NETWORK INFO: Server authentication successful for node: aggregator-001
✓ Aggregator connected: aggregator-001 from 127.0.0.1
[2025-12-10 07:57:19] Meter 93: Generated 6.424 kWh (encrypted: 334465 bytes, 4.898 ms)
✓ Sent 334465 bytes to aggregator-001 (0.71ms)
Session completed with aggregator-001
[2025-12-10 07:57:39] Meter 93: Generated 5.901 kWh (encrypted: 334496 bytes, 4.330 ms)
[2025-12-10 07:57:59] Meter 93: Generated 7.037 kWh (encrypted: 334434 bytes, 4.328 ms)
[2025-12-10 07:58:19] Meter 93: Generated 6.622 kWh (encrypted: 334335 bytes, 4.419 ms)
[2025-12-10 07:58:25] NETWORK INFO: Server authentication successful for node: aggregator-001
✓ Aggregator connected: aggregator-001 from 127.0.0.1
✓ Sent 334335 bytes to aggregator-001 (0.36ms)
Session completed with aggregator-001
[2025-12-10 07:58:39] Meter 93: Generated 6.457 kWh (encrypted: 334417 bytes, 4.354 ms)
[2025-12-10 07:58:59] Meter 93: Generated 5.680 kWh (encrypted: 334182 bytes, 4.643 ms)
[2025-12-10 07:59:19] Meter 93: Generated 1.955 kWh (encrypted: 334370 bytes, 4.586 ms)
[2025-12-10 07:59:26] NETWORK INFO: Server authentication successful for node: aggregator-001
✓ Aggregator connected: aggregator-001 from 127.0.0.1
✓ Sent 334370 bytes to aggregator-001 (5.12ms)
Session completed with aggregator-001
[2025-12-10 07:59:39] Meter 93: Generated 5.727 kWh (encrypted: 334332 bytes, 4.319 ms)
[2025-12-10 07:59:59] Meter 93: Generated 3.713 kWh (encrypted: 334454 bytes, 6.549 ms)
[2025-12-10 08:00:19] Meter 93: Generated 6.331 kWh (encrypted: 334445 bytes, 4.502 ms)
[2025-12-10 08:00:28] NETWORK INFO: Server authentication successful for node: aggregator-001
✓ Aggregator connected: aggregator-001 from 127.0.0.1
✓ Sent 334445 bytes to aggregator-001 (4.58ms)
Session completed with aggregator-001
[2025-12-10 08:00:39] Meter 93: Generated 1.158 kWh (encrypted: 334322 bytes, 6.511 ms)
[2025-12-10 08:00:59] Meter 93: Generated 6.421 kWh (encrypted: 334065 bytes, 4.725 ms)
[2025-12-10 08:01:19] Meter 93: Generated 5.816 kWh (encrypted: 334157 bytes, 4.984 ms)
[2025-12-10 08:01:31] NETWORK INFO: Server authentication successful for node: aggregator-001
✓ Aggregator connected: aggregator-001 from 127.0.0.1
✓ Sent 334157 bytes to aggregator-001 (0.38ms)
Session completed with aggregator-001
[2025-12-10 08:01:39] Meter 93: Generated 3.231 kWh (encrypted: 334156 bytes, 5.397 ms)
[2025-12-10 08:01:59] Meter 93: Generated 1.424 kWh (encrypted: 334495 bytes, 5.558 ms)
[2025-12-10 08:02:19] Meter 93: Generated 5.607 kWh (encrypted: 334366 bytes, 4.333 ms)
[2025-12-10 08:02:33] NETWORK INFO: Server authentication successful for node: aggregator-001
✓ Aggregator connected: aggregator-001 from 127.0.0.1
✓ Sent 334366 bytes to aggregator-001 (2.92ms)
Session completed with aggregator-001
[2025-12-10 08:02:39] Meter 93: Generated 6.309 kWh (encrypted: 334392 bytes, 6.474 ms)
[2025-12-10 08:02:59] Meter 93: Generated 2.699 kWh (encrypted: 334100 bytes, 5.331 ms)
[2025-12-10 08:03:19] Meter 93: Generated 2.379 kWh (encrypted: 334418 bytes, 5.103 ms)
[2025-12-10 08:03:36] NETWORK INFO: Server authentication successful for node: aggregator-001
✓ Aggregator connected: aggregator-001 from 127.0.0.1
✓ Sent 334418 bytes to aggregator-001 (0.36ms)
Session completed with aggregator-001
[2025-12-10 08:03:39] Meter 93: Generated 5.705 kWh (encrypted: 334363 bytes, 5.157 ms)
[2025-12-10 08:03:59] Meter 93: Generated 5.316 kWh (encrypted: 334244 bytes, 4.892 ms)
[2025-12-10 08:04:19] Meter 93: Generated 4.848 kWh (encrypted: 334103 bytes, 5.185 ms)
[2025-12-10 08:04:39] Meter 93: Generated 4.579 kWh (encrypted: 334110 bytes, 4.932 ms)
[2025-12-10 08:04:39] NETWORK INFO: Server authentication successful for node: aggregator-001
✓ Aggregator connected: aggregator-001 from 127.0.0.1
✓ Sent 334110 bytes to aggregator-001 (0.34ms)
Session completed with aggregator-001
[2025-12-10 08:04:59] Meter 93: Generated 0.874 kWh (encrypted: 334212 bytes, 4.312 ms)
[2025-12-10 08:05:19] Meter 93: Generated 2.588 kWh (encrypted: 334378 bytes, 5.038 ms)
[2025-12-10 08:05:39] Meter 93: Generated 4.544 kWh (encrypted: 334357 bytes, 4.371 ms)
[2025-12-10 08:05:44] NETWORK INFO: Server authentication successful for node: aggregator-001
✓ Aggregator connected: aggregator-001 from 127.0.0.1
✓ Sent 334357 bytes to aggregator-001 (0.38ms)
Session completed with aggregator-001
[2025-12-10 08:05:59] Meter 93: Generated 2.298 kWh (encrypted: 334301 bytes, 6.625 ms)
[2025-12-10 08:06:19] Meter 93: Generated 5.805 kWh (encrypted: 334292 bytes, 6.507 ms)
[2025-12-10 08:06:39] Meter 93: Generated 5.201 kWh (encrypted: 334167 bytes, 5.492 ms)
[2025-12-10 08:06:50] NETWORK INFO: Server authentication successful for node: aggregator-001
✓ Aggregator connected: aggregator-001 from 127.0.0.1
✓ Sent 334167 bytes to aggregator-001 (0.39ms)
Session completed with aggregator-001
[2025-12-10 08:06:59] Meter 93: Generated 6.112 kWh (encrypted: 334491 bytes, 4.636 ms)
[2025-12-10 08:07:19] Meter 93: Generated 7.348 kWh (encrypted: 334192 bytes, 6.660 ms)
[2025-12-10 08:07:39] Meter 93: Generated 7.352 kWh (encrypted: 334266 bytes, 4.652 ms)
[2025-12-10 08:07:56] NETWORK INFO: Server authentication successful for node: aggregator-001
✓ Aggregator connected: aggregator-001 from 127.0.0.1
✓ Sent 334266 bytes to aggregator-001 (0.36ms)
Session completed with aggregator-001
[2025-12-10 08:07:59] Meter 93: Generated 1.689 kWh (encrypted: 334352 bytes, 28.894 ms)
[2025-12-10 08:08:19] Meter 93: Generated 0.974 kWh (encrypted: 334450 bytes, 10.474 ms)
[2025-12-10 08:08:39] Meter 93: Generated 3.168 kWh (encrypted: 334457 bytes, 6.749 ms)
[2025-12-10 08:08:59] Meter 93: Generated 7.159 kWh (encrypted: 334366 bytes, 4.430 ms)
[2025-12-10 08:09:01] NETWORK INFO: Server authentication successful for node: aggregator-001
✓ Aggregator connected: aggregator-001 from 127.0.0.1
✓ Sent 334366 bytes to aggregator-001 (26.75ms)
Session completed with aggregator-001
[2025-12-10 08:09:19] Meter 93: Generated 3.266 kWh (encrypted: 334107 bytes, 4.624 ms)
[2025-12-10 08:09:39] Meter 93: Generated 1.015 kWh (encrypted: 334362 bytes, 4.922 ms)
[2025-12-10 08:09:59] Meter 93: Generated 4.948 kWh (encrypted: 334375 bytes, 10.636 ms)
[2025-12-10 08:10:06] NETWORK INFO: Server authentication successful for node: aggregator-001
✓ Aggregator connected: aggregator-001 from 127.0.0.1
✓ Sent 334375 bytes to aggregator-001 (0.42ms)
Session completed with aggregator-001
[2025-12-10 08:10:19] Meter 93: Generated 6.556 kWh (encrypted: 334387 bytes, 5.174 ms)
[2025-12-10 08:10:39] Meter 93: Generated 4.618 kWh (encrypted: 334101 bytes, 4.748 ms)
[2025-12-10 08:10:59] Meter 93: Generated 4.305 kWh (encrypted: 334318 bytes, 5.666 ms)
[2025-12-10 08:11:12] NETWORK INFO: Server authentication successful for node: aggregator-001
✓ Aggregator connected: aggregator-001 from 127.0.0.1
✓ Sent 334318 bytes to aggregator-001 (0.39ms)
Session completed with aggregator-001
[2025-12-10 08:11:19] Meter 93: Generated 5.573 kWh (encrypted: 334449 bytes, 5.922 ms)
[2025-12-10 08:11:39] Meter 93: Generated 4.555 kWh (encrypted: 334111 bytes, 4.473 ms)
[2025-12-10 08:11:59] Meter 93: Generated 5.998 kWh (encrypted: 334205 bytes, 6.583 ms)
[2025-12-10 08:12:17] NETWORK INFO: Server authentication successful for node: aggregator-001
✓ Aggregator connected: aggregator-001 from 127.0.0.1
✓ Sent 334205 bytes to aggregator-001 (0.42ms)
Session completed with aggregator-001
[2025-12-10 08:12:19] Meter 93: Generated 3.598 kWh (encrypted: 334431 bytes, 5.227 ms)

Received shutdown signal. Gracefully shutting down smart meter...
Network server thread stopped
Data generation thread stopped
Smart meter 93 shutdown complete
