=== Continuous Smart Meter Server 399 ===
Initializing for continuous operation...
SEAL context initialized
Loaded certificate: smart-meter-399
Requesting public keys from KDC...
[2025-12-10 08:03:17] NETWORK ERROR: Failed to connect to 127.0.0.1:8444: Connection refused
Error: Failed to connect to KDC at 127.0.0.1:8444
Error: Failed to send key request to KDC
Failed to obtain keys from KDC, falling back to file keys
Loaded keys from fallback files
Cryptographic components initialized
[2025-12-10 08:03:17] NETWORK INFO: Server socket created and listening on port 9399
✓ Smart meter server ready on port 9399
Data transmission interval: 20 seconds (15x accelerated - simulates 5min)
✓ Performance metrics CSV files initialized in performance_data/
Starting continuous smart meter operation...
Press Ctrl+C to stop gracefully
Data generation thread started
Network server thread started on port 9399
[2025-12-10 08:03:36] NETWORK INFO: Server authentication successful for node: aggregator-001
✓ Aggregator connected: aggregator-001 from 127.0.0.1
[2025-12-10 08:03:37] Meter 399: Generated 3.961 kWh (encrypted: 334317 bytes, 8.038 ms)
✓ Sent 334317 bytes to aggregator-001 (0.81ms)
Session completed with aggregator-001
[2025-12-10 08:03:57] Meter 399: Generated 3.912 kWh (encrypted: 334109 bytes, 4.761 ms)
[2025-12-10 08:04:17] Meter 399: Generated 1.520 kWh (encrypted: 334371 bytes, 4.636 ms)
[2025-12-10 08:04:37] Meter 399: Generated 2.020 kWh (encrypted: 334158 bytes, 6.409 ms)
[2025-12-10 08:04:39] NETWORK INFO: Server authentication successful for node: aggregator-001
✓ Aggregator connected: aggregator-001 from 127.0.0.1
✓ Sent 334158 bytes to aggregator-001 (0.36ms)
Session completed with aggregator-001
[2025-12-10 08:04:57] Meter 399: Generated 2.460 kWh (encrypted: 334426 bytes, 4.813 ms)
[2025-12-10 08:05:17] Meter 399: Generated 4.208 kWh (encrypted: 334450 bytes, 4.536 ms)
[2025-12-10 08:05:37] Meter 399: Generated 4.905 kWh (encrypted: 334495 bytes, 4.737 ms)
[2025-12-10 08:05:44] NETWORK INFO: Server authentication successful for node: aggregator-001
✓ Aggregator connected: aggregator-001 from 127.0.0.1
✓ Sent 334495 bytes to aggregator-001 (0.43ms)
Session completed with aggregator-001
[2025-12-10 08:05:57] Meter 399: Generated 4.260 kWh (encrypted: 333907 bytes, 5.356 ms)
[2025-12-10 08:06:17] Meter 399: Generated 1.388 kWh (encrypted: 334158 bytes, 7.904 ms)
[2025-12-10 08:06:37] Meter 399: Generated 5.305 kWh (encrypted: 334361 bytes, 4.613 ms)
[2025-12-10 08:06:50] NETWORK INFO: Server authentication successful for node: aggregator-001
✓ Aggregator connected: aggregator-001 from 127.0.0.1
✓ Sent 334361 bytes to aggregator-001 (0.37ms)
Session completed with aggregator-001
[2025-12-10 08:06:57] Meter 399: Generated 1.091 kWh (encrypted: 334289 bytes, 6.443 ms)
[2025-12-10 08:07:17] Meter 399: Generated 0.811 kWh (encrypted: 334481 bytes, 6.456 ms)
[2025-12-10 08:07:37] Meter 399: Generated 5.965 kWh (encrypted: 334138 bytes, 4.957 ms)
[2025-12-10 08:07:56] NETWORK INFO: Server authentication successful for node: aggregator-001
✓ Aggregator connected: aggregator-001 from 127.0.0.1
✓ Sent 334138 bytes to aggregator-001 (0.34ms)
Session completed with aggregator-001
[2025-12-10 08:07:57] Meter 399: Generated 3.582 kWh (encrypted: 334250 bytes, 6.642 ms)
[2025-12-10 08:08:17] Meter 399: Generated 2.529 kWh (encrypted: 334335 bytes, 4.617 ms)
[2025-12-10 08:08:37] Meter 399: Generated 2.302 kWh (encrypted: 334298 bytes, 4.779 ms)
[2025-12-10 08:08:58] Meter 399: Generated 5.006 kWh (encrypted: 334197 bytes, 5.533 ms)
[2025-12-10 08:09:01] NETWORK INFO: Server authentication successful for node: aggregator-001
✓ Aggregator connected: aggregator-001 from 127.0.0.1
✓ Sent 334197 bytes to aggregator-001 (19.68ms)
Session completed with aggregator-001
[2025-12-10 08:09:18] Meter 399: Generated 2.191 kWh (encrypted: 334181 bytes, 6.447 ms)
[2025-12-10 08:09:38] Meter 399: Generated 6.942 kWh (encrypted: 334351 bytes, 7.250 ms)
[2025-12-10 08:09:58] Meter 399: Generated 6.491 kWh (encrypted: 334258 bytes, 6.390 ms)
[2025-12-10 08:10:06] NETWORK INFO: Server authentication successful for node: aggregator-001
✓ Aggregator connected: aggregator-001 from 127.0.0.1
✓ Sent 334258 bytes to aggregator-001 (0.56ms)
Session completed with aggregator-001
[2025-12-10 08:10:18] Meter 399: Generated 4.477 kWh (encrypted: 334479 bytes, 7.436 ms)
[2025-12-10 08:10:38] Meter 399: Generated 3.059 kWh (encrypted: 333826 bytes, 4.775 ms)
[2025-12-10 08:10:58] Meter 399: Generated 4.539 kWh (encrypted: 334420 bytes, 5.008 ms)
[2025-12-10 08:11:12] NETWORK INFO: Server authentication successful for node: aggregator-001
✓ Aggregator connected: aggregator-001 from 127.0.0.1
✓ Sent 334420 bytes to aggregator-001 (0.38ms)
Session completed with aggregator-001
[2025-12-10 08:11:18] Meter 399: Generated 7.312 kWh (encrypted: 334117 bytes, 4.853 ms)
[2025-12-10 08:11:38] Meter 399: Generated 4.747 kWh (encrypted: 334091 bytes, 6.598 ms)
[2025-12-10 08:11:58] Meter 399: Generated 7.296 kWh (encrypted: 334392 bytes, 5.993 ms)
[2025-12-10 08:12:17] NETWORK INFO: Server authentication successful for node: aggregator-001
✓ Aggregator connected: aggregator-001 from 127.0.0.1
✓ Sent 334392 bytes to aggregator-001 (0.41ms)
Session completed with aggregator-001
[2025-12-10 08:12:18] Meter 399: Generated 6.834 kWh (encrypted: 334138 bytes, 6.606 ms)

Received shutdown signal. Gracefully shutting down smart meter...
Network server thread stopped
Data generation thread stopped
Smart meter 399 shutdown complete
