=== Continuous Smart Meter Server 387 ===
Initializing for continuous operation...
SEAL context initialized
Loaded certificate: smart-meter-387
Requesting public keys from KDC...
[2025-12-10 08:03:02] NETWORK ERROR: Failed to connect to 127.0.0.1:8444: Connection refused
Error: Failed to connect to KDC at 127.0.0.1:8444
Error: Failed to send key request to KDC
Failed to obtain keys from KDC, falling back to file keys
Loaded keys from fallback files
Cryptographic components initialized
[2025-12-10 08:03:02] NETWORK INFO: Server socket created and listening on port 9387
✓ Smart meter server ready on port 9387
Data transmission interval: 20 seconds (15x accelerated - simulates 5min)
✓ Performance metrics CSV files initialized in performance_data/
Starting continuous smart meter operation...
Press Ctrl+C to stop gracefully
Data generation thread started
Network server thread started on port 9387
[2025-12-10 08:03:22] Meter 387: Generated 7.393 kWh (encrypted: 334425 bytes, 5.123 ms)
[2025-12-10 08:03:36] NETWORK INFO: Server authentication successful for node: aggregator-001
✓ Aggregator connected: aggregator-001 from 127.0.0.1
✓ Sent 334425 bytes to aggregator-001 (3.64ms)
Session completed with aggregator-001
[2025-12-10 08:03:42] Meter 387: Generated 5.456 kWh (encrypted: 334204 bytes, 4.323 ms)
[2025-12-10 08:04:02] Meter 387: Generated 1.298 kWh (encrypted: 334395 bytes, 4.562 ms)
[2025-12-10 08:04:22] Meter 387: Generated 3.882 kWh (encrypted: 334350 bytes, 4.417 ms)
[2025-12-10 08:04:39] NETWORK INFO: Server authentication successful for node: aggregator-001
✓ Aggregator connected: aggregator-001 from 127.0.0.1
✓ Sent 334350 bytes to aggregator-001 (0.35ms)
Session completed with aggregator-001
[2025-12-10 08:04:42] Meter 387: Generated 0.803 kWh (encrypted: 334050 bytes, 4.558 ms)
[2025-12-10 08:05:02] Meter 387: Generated 1.822 kWh (encrypted: 334295 bytes, 5.903 ms)
[2025-12-10 08:05:22] Meter 387: Generated 1.835 kWh (encrypted: 334349 bytes, 4.297 ms)
[2025-12-10 08:05:42] Meter 387: Generated 5.898 kWh (encrypted: 334513 bytes, 4.366 ms)
[2025-12-10 08:05:44] NETWORK INFO: Server authentication successful for node: aggregator-001
✓ Aggregator connected: aggregator-001 from 127.0.0.1
✓ Sent 334513 bytes to aggregator-001 (54.84ms)
Session completed with aggregator-001
[2025-12-10 08:06:02] Meter 387: Generated 7.629 kWh (encrypted: 334306 bytes, 6.914 ms)
[2025-12-10 08:06:22] Meter 387: Generated 3.479 kWh (encrypted: 334385 bytes, 6.288 ms)
[2025-12-10 08:06:42] Meter 387: Generated 4.406 kWh (encrypted: 334370 bytes, 11.661 ms)
[2025-12-10 08:06:50] NETWORK INFO: Server authentication successful for node: aggregator-001
✓ Aggregator connected: aggregator-001 from 127.0.0.1
✓ Sent 334370 bytes to aggregator-001 (7.52ms)
Session completed with aggregator-001
[2025-12-10 08:07:02] Meter 387: Generated 3.260 kWh (encrypted: 334271 bytes, 10.308 ms)
[2025-12-10 08:07:22] Meter 387: Generated 5.927 kWh (encrypted: 333314 bytes, 14.131 ms)
[2025-12-10 08:07:42] Meter 387: Generated 3.076 kWh (encrypted: 334410 bytes, 4.534 ms)
[2025-12-10 08:07:56] NETWORK INFO: Server authentication successful for node: aggregator-001
✓ Aggregator connected: aggregator-001 from 127.0.0.1
✓ Sent 334410 bytes to aggregator-001 (0.34ms)
Session completed with aggregator-001
[2025-12-10 08:08:02] Meter 387: Generated 4.437 kWh (encrypted: 334126 bytes, 4.339 ms)
[2025-12-10 08:08:22] Meter 387: Generated 4.430 kWh (encrypted: 334303 bytes, 6.701 ms)
[2025-12-10 08:08:42] Meter 387: Generated 6.179 kWh (encrypted: 334366 bytes, 4.367 ms)
[2025-12-10 08:09:01] NETWORK INFO: Server authentication successful for node: aggregator-001
✓ Aggregator connected: aggregator-001 from 127.0.0.1
✓ Sent 334366 bytes to aggregator-001 (0.36ms)
Session completed with aggregator-001
[2025-12-10 08:09:02] Meter 387: Generated 3.152 kWh (encrypted: 334344 bytes, 6.623 ms)
[2025-12-10 08:09:22] Meter 387: Generated 3.476 kWh (encrypted: 333711 bytes, 9.316 ms)
[2025-12-10 08:09:42] Meter 387: Generated 3.676 kWh (encrypted: 334098 bytes, 5.974 ms)
[2025-12-10 08:10:03] Meter 387: Generated 1.978 kWh (encrypted: 334444 bytes, 7.022 ms)
[2025-12-10 08:10:06] NETWORK INFO: Server authentication successful for node: aggregator-001
✓ Aggregator connected: aggregator-001 from 127.0.0.1
✓ Sent 334444 bytes to aggregator-001 (0.41ms)
Session completed with aggregator-001
[2025-12-10 08:10:23] Meter 387: Generated 1.585 kWh (encrypted: 334241 bytes, 4.866 ms)
[2025-12-10 08:10:43] Meter 387: Generated 3.279 kWh (encrypted: 334265 bytes, 4.875 ms)
[2025-12-10 08:11:03] Meter 387: Generated 7.091 kWh (encrypted: 334438 bytes, 6.227 ms)
[2025-12-10 08:11:12] NETWORK INFO: Server authentication successful for node: aggregator-001
✓ Aggregator connected: aggregator-001 from 127.0.0.1
✓ Sent 334438 bytes to aggregator-001 (0.37ms)
Session completed with aggregator-001
[2025-12-10 08:11:23] Meter 387: Generated 7.211 kWh (encrypted: 334421 bytes, 6.701 ms)
[2025-12-10 08:11:43] Meter 387: Generated 4.855 kWh (encrypted: 334345 bytes, 4.667 ms)
[2025-12-10 08:12:03] Meter 387: Generated 6.460 kWh (encrypted: 334448 bytes, 6.399 ms)
[2025-12-10 08:12:17] NETWORK INFO: Server authentication successful for node: aggregator-001
✓ Aggregator connected: aggregator-001 from 127.0.0.1
✓ Sent 334448 bytes to aggregator-001 (0.41ms)
Session completed with aggregator-001
[2025-12-10 08:12:23] Meter 387: Generated 7.142 kWh (encrypted: 334517 bytes, 6.456 ms)

Received shutdown signal. Gracefully shutting down smart meter...
Network server thread stopped
Data generation thread stopped
Smart meter 387 shutdown complete
