=== Continuous Smart Meter Server 359 ===
Initializing for continuous operation...
SEAL context initialized
Loaded certificate: smart-meter-359
Requesting public keys from KDC...
[2025-12-10 08:02:27] NETWORK ERROR: Failed to connect to 127.0.0.1:8444: Connection refused
Error: Failed to connect to KDC at 127.0.0.1:8444
Error: Failed to send key request to KDC
Failed to obtain keys from KDC, falling back to file keys
Loaded keys from fallback files
Cryptographic components initialized
[2025-12-10 08:02:27] NETWORK INFO: Server socket created and listening on port 9359
✓ Smart meter server ready on port 9359
Data transmission interval: 20 seconds (15x accelerated - simulates 5min)
✓ Performance metrics CSV files initialized in performance_data/
Starting continuous smart meter operation...
Press Ctrl+C to stop gracefully
Data generation thread started
Network server thread started on port 9359
[2025-12-10 08:02:33] NETWORK INFO: Server authentication successful for node: aggregator-001
✓ Aggregator connected: aggregator-001 from 127.0.0.1
[2025-12-10 08:02:47] Meter 359: Generated 4.006 kWh (encrypted: 334337 bytes, 5.124 ms)
✓ Sent 334337 bytes to aggregator-001 (0.86ms)
Session completed with aggregator-001
[2025-12-10 08:03:07] Meter 359: Generated 3.128 kWh (encrypted: 334144 bytes, 6.631 ms)
[2025-12-10 08:03:27] Meter 359: Generated 3.693 kWh (encrypted: 333843 bytes, 6.260 ms)
[2025-12-10 08:03:36] NETWORK INFO: Server authentication successful for node: aggregator-001
✓ Aggregator connected: aggregator-001 from 127.0.0.1
✓ Sent 333843 bytes to aggregator-001 (0.45ms)
Session completed with aggregator-001
[2025-12-10 08:03:47] Meter 359: Generated 4.513 kWh (encrypted: 334405 bytes, 4.784 ms)
[2025-12-10 08:04:07] Meter 359: Generated 1.250 kWh (encrypted: 334140 bytes, 4.478 ms)
[2025-12-10 08:04:27] Meter 359: Generated 5.221 kWh (encrypted: 334305 bytes, 4.582 ms)
[2025-12-10 08:04:40] NETWORK INFO: Server authentication successful for node: aggregator-001
✓ Aggregator connected: aggregator-001 from 127.0.0.1
✓ Sent 334305 bytes to aggregator-001 (0.71ms)
Session completed with aggregator-001
[2025-12-10 08:04:47] Meter 359: Generated 5.386 kWh (encrypted: 334111 bytes, 6.710 ms)
[2025-12-10 08:05:07] Meter 359: Generated 5.568 kWh (encrypted: 334119 bytes, 6.428 ms)
[2025-12-10 08:05:27] Meter 359: Generated 5.356 kWh (encrypted: 334028 bytes, 4.877 ms)
[2025-12-10 08:05:44] NETWORK INFO: Server authentication successful for node: aggregator-001
✓ Aggregator connected: aggregator-001 from 127.0.0.1
✓ Sent 334028 bytes to aggregator-001 (0.48ms)
Session completed with aggregator-001
[2025-12-10 08:05:47] Meter 359: Generated 4.999 kWh (encrypted: 334455 bytes, 6.647 ms)
[2025-12-10 08:06:07] Meter 359: Generated 3.282 kWh (encrypted: 334404 bytes, 11.666 ms)
[2025-12-10 08:06:27] Meter 359: Generated 5.533 kWh (encrypted: 334197 bytes, 6.373 ms)
[2025-12-10 08:06:47] Meter 359: Generated 3.881 kWh (encrypted: 333955 bytes, 6.321 ms)
[2025-12-10 08:06:50] NETWORK INFO: Server authentication successful for node: aggregator-001
✓ Aggregator connected: aggregator-001 from 127.0.0.1
✓ Sent 333955 bytes to aggregator-001 (0.41ms)
Session completed with aggregator-001
[2025-12-10 08:07:07] Meter 359: Generated 1.601 kWh (encrypted: 334440 bytes, 7.417 ms)
[2025-12-10 08:07:27] Meter 359: Generated 1.555 kWh (encrypted: 334334 bytes, 10.556 ms)
[2025-12-10 08:07:47] Meter 359: Generated 4.191 kWh (encrypted: 334324 bytes, 6.326 ms)
[2025-12-10 08:07:56] NETWORK INFO: Server authentication successful for node: aggregator-001
✓ Aggregator connected: aggregator-001 from 127.0.0.1
✓ Sent 334324 bytes to aggregator-001 (0.34ms)
Session completed with aggregator-001
[2025-12-10 08:08:07] Meter 359: Generated 3.444 kWh (encrypted: 334279 bytes, 6.696 ms)
[2025-12-10 08:08:27] Meter 359: Generated 1.394 kWh (encrypted: 334455 bytes, 8.691 ms)
[2025-12-10 08:08:47] Meter 359: Generated 3.415 kWh (encrypted: 334324 bytes, 5.250 ms)
[2025-12-10 08:09:01] NETWORK INFO: Server authentication successful for node: aggregator-001
✓ Aggregator connected: aggregator-001 from 127.0.0.1
✓ Sent 334324 bytes to aggregator-001 (1.43ms)
Session completed with aggregator-001
[2025-12-10 08:09:07] Meter 359: Generated 2.982 kWh (encrypted: 334349 bytes, 15.258 ms)
[2025-12-10 08:09:27] Meter 359: Generated 4.342 kWh (encrypted: 334426 bytes, 6.679 ms)
[2025-12-10 08:09:48] Meter 359: Generated 4.018 kWh (encrypted: 334471 bytes, 6.108 ms)
[2025-12-10 08:10:06] NETWORK INFO: Server authentication successful for node: aggregator-001
✓ Aggregator connected: aggregator-001 from 127.0.0.1
✓ Sent 334471 bytes to aggregator-001 (0.36ms)
Session completed with aggregator-001
[2025-12-10 08:10:08] Meter 359: Generated 3.877 kWh (encrypted: 334268 bytes, 6.381 ms)
[2025-12-10 08:10:28] Meter 359: Generated 0.937 kWh (encrypted: 334450 bytes, 7.197 ms)
[2025-12-10 08:10:48] Meter 359: Generated 6.474 kWh (encrypted: 334425 bytes, 7.358 ms)
[2025-12-10 08:11:08] Meter 359: Generated 1.369 kWh (encrypted: 334305 bytes, 7.097 ms)
[2025-12-10 08:11:12] NETWORK INFO: Server authentication successful for node: aggregator-001
✓ Aggregator connected: aggregator-001 from 127.0.0.1
✓ Sent 334305 bytes to aggregator-001 (0.36ms)
Session completed with aggregator-001
[2025-12-10 08:11:28] Meter 359: Generated 1.924 kWh (encrypted: 334376 bytes, 7.243 ms)
[2025-12-10 08:11:48] Meter 359: Generated 7.246 kWh (encrypted: 334327 bytes, 4.733 ms)
[2025-12-10 08:12:08] Meter 359: Generated 5.464 kWh (encrypted: 334431 bytes, 6.429 ms)
[2025-12-10 08:12:17] NETWORK INFO: Server authentication successful for node: aggregator-001
✓ Aggregator connected: aggregator-001 from 127.0.0.1
✓ Sent 334431 bytes to aggregator-001 (0.32ms)
Session completed with aggregator-001
[2025-12-10 08:12:28] Meter 359: Generated 6.468 kWh (encrypted: 334408 bytes, 6.323 ms)

Received shutdown signal. Gracefully shutting down smart meter...
Network server thread stopped
Data generation thread stopped
Smart meter 359 shutdown complete
