=== Continuous Smart Meter Server 351 ===
Initializing for continuous operation...
SEAL context initialized
Loaded certificate: smart-meter-351
Requesting public keys from KDC...
[2025-12-10 08:02:17] NETWORK ERROR: Failed to connect to 127.0.0.1:8444: Connection refused
Error: Failed to connect to KDC at 127.0.0.1:8444
Error: Failed to send key request to KDC
Failed to obtain keys from KDC, falling back to file keys
Loaded keys from fallback files
Cryptographic components initialized
[2025-12-10 08:02:17] NETWORK INFO: Server socket created and listening on port 9351
✓ Smart meter server ready on port 9351
Data transmission interval: 20 seconds (15x accelerated - simulates 5min)
✓ Performance metrics CSV files initialized in performance_data/
Starting continuous smart meter operation...
Press Ctrl+C to stop gracefully
Data generation thread started
Network server thread started on port 9351
[2025-12-10 08:02:33] NETWORK INFO: Server authentication successful for node: aggregator-001
✓ Aggregator connected: aggregator-001 from 127.0.0.1
[2025-12-10 08:02:37] Meter 351: Generated 1.801 kWh (encrypted: 334440 bytes, 19.153 ms)
✓ Sent 334440 bytes to aggregator-001 (0.88ms)
Session completed with aggregator-001
[2025-12-10 08:02:57] Meter 351: Generated 4.986 kWh (encrypted: 334382 bytes, 4.537 ms)
[2025-12-10 08:03:17] Meter 351: Generated 4.598 kWh (encrypted: 334336 bytes, 4.468 ms)
[2025-12-10 08:03:36] NETWORK INFO: Server authentication successful for node: aggregator-001
✓ Aggregator connected: aggregator-001 from 127.0.0.1
✓ Sent 334336 bytes to aggregator-001 (0.38ms)
Session completed with aggregator-001
[2025-12-10 08:03:37] Meter 351: Generated 4.241 kWh (encrypted: 334299 bytes, 4.490 ms)
[2025-12-10 08:03:57] Meter 351: Generated 2.021 kWh (encrypted: 333826 bytes, 4.664 ms)
[2025-12-10 08:04:17] Meter 351: Generated 3.669 kWh (encrypted: 334462 bytes, 6.845 ms)
[2025-12-10 08:04:37] Meter 351: Generated 4.238 kWh (encrypted: 334336 bytes, 4.640 ms)
[2025-12-10 08:04:39] NETWORK INFO: Server authentication successful for node: aggregator-001
✓ Aggregator connected: aggregator-001 from 127.0.0.1
✓ Sent 334336 bytes to aggregator-001 (14.36ms)
Session completed with aggregator-001
[2025-12-10 08:04:57] Meter 351: Generated 5.587 kWh (encrypted: 334518 bytes, 4.892 ms)
[2025-12-10 08:05:17] Meter 351: Generated 3.626 kWh (encrypted: 334062 bytes, 5.231 ms)
[2025-12-10 08:05:37] Meter 351: Generated 1.750 kWh (encrypted: 334323 bytes, 4.637 ms)
[2025-12-10 08:05:44] NETWORK INFO: Server authentication successful for node: aggregator-001
✓ Aggregator connected: aggregator-001 from 127.0.0.1
✓ Sent 334323 bytes to aggregator-001 (0.37ms)
Session completed with aggregator-001
[2025-12-10 08:05:57] Meter 351: Generated 7.414 kWh (encrypted: 334173 bytes, 4.645 ms)
[2025-12-10 08:06:17] Meter 351: Generated 4.871 kWh (encrypted: 334378 bytes, 4.681 ms)
[2025-12-10 08:06:37] Meter 351: Generated 7.286 kWh (encrypted: 334316 bytes, 4.423 ms)
[2025-12-10 08:06:50] NETWORK INFO: Server authentication successful for node: aggregator-001
✓ Aggregator connected: aggregator-001 from 127.0.0.1
✓ Sent 334316 bytes to aggregator-001 (0.38ms)
Session completed with aggregator-001
[2025-12-10 08:06:57] Meter 351: Generated 6.109 kWh (encrypted: 334331 bytes, 4.717 ms)
[2025-12-10 08:07:17] Meter 351: Generated 2.342 kWh (encrypted: 334228 bytes, 6.451 ms)
[2025-12-10 08:07:37] Meter 351: Generated 7.473 kWh (encrypted: 334254 bytes, 4.800 ms)
[2025-12-10 08:07:56] NETWORK INFO: Server authentication successful for node: aggregator-001
✓ Aggregator connected: aggregator-001 from 127.0.0.1
✓ Sent 334254 bytes to aggregator-001 (0.34ms)
Session completed with aggregator-001
[2025-12-10 08:07:57] Meter 351: Generated 4.425 kWh (encrypted: 333326 bytes, 4.619 ms)
[2025-12-10 08:08:17] Meter 351: Generated 6.673 kWh (encrypted: 334168 bytes, 6.651 ms)
[2025-12-10 08:08:37] Meter 351: Generated 6.022 kWh (encrypted: 334320 bytes, 4.723 ms)
[2025-12-10 08:08:57] Meter 351: Generated 6.494 kWh (encrypted: 334399 bytes, 6.137 ms)
[2025-12-10 08:09:01] NETWORK INFO: Server authentication successful for node: aggregator-001
✓ Aggregator connected: aggregator-001 from 127.0.0.1
✓ Sent 334399 bytes to aggregator-001 (0.32ms)
Session completed with aggregator-001
[2025-12-10 08:09:17] Meter 351: Generated 3.255 kWh (encrypted: 334433 bytes, 5.820 ms)
[2025-12-10 08:09:37] Meter 351: Generated 2.296 kWh (encrypted: 333726 bytes, 7.337 ms)
[2025-12-10 08:09:57] Meter 351: Generated 3.344 kWh (encrypted: 334319 bytes, 7.190 ms)
[2025-12-10 08:10:06] NETWORK INFO: Server authentication successful for node: aggregator-001
✓ Aggregator connected: aggregator-001 from 127.0.0.1
✓ Sent 334319 bytes to aggregator-001 (0.41ms)
Session completed with aggregator-001
[2025-12-10 08:10:17] Meter 351: Generated 2.106 kWh (encrypted: 334451 bytes, 22.258 ms)
[2025-12-10 08:10:37] Meter 351: Generated 6.530 kWh (encrypted: 334407 bytes, 6.844 ms)
[2025-12-10 08:10:57] Meter 351: Generated 6.867 kWh (encrypted: 333288 bytes, 4.396 ms)
[2025-12-10 08:11:12] NETWORK INFO: Server authentication successful for node: aggregator-001
✓ Aggregator connected: aggregator-001 from 127.0.0.1
✓ Sent 333288 bytes to aggregator-001 (5.18ms)
Session completed with aggregator-001
[2025-12-10 08:11:17] Meter 351: Generated 2.281 kWh (encrypted: 334372 bytes, 6.383 ms)
[2025-12-10 08:11:37] Meter 351: Generated 1.697 kWh (encrypted: 334375 bytes, 7.359 ms)
[2025-12-10 08:11:58] Meter 351: Generated 5.802 kWh (encrypted: 334030 bytes, 5.478 ms)
[2025-12-10 08:12:17] NETWORK INFO: Server authentication successful for node: aggregator-001
✓ Aggregator connected: aggregator-001 from 127.0.0.1
✓ Sent 334030 bytes to aggregator-001 (0.37ms)
Session completed with aggregator-001
[2025-12-10 08:12:18] Meter 351: Generated 6.692 kWh (encrypted: 333779 bytes, 6.455 ms)

Received shutdown signal. Gracefully shutting down smart meter...
Network server thread stopped
Data generation thread stopped
Smart meter 351 shutdown complete
