=== Continuous Smart Meter Server 74 ===
Initializing for continuous operation...
SEAL context initialized
Loaded certificate: smart-meter-074
Requesting public keys from KDC...
[2025-12-10 07:56:36] NETWORK ERROR: Failed to connect to 127.0.0.1:8444: Connection refused
Error: Failed to connect to KDC at 127.0.0.1:8444
Error: Failed to send key request to KDC
Failed to obtain keys from KDC, falling back to file keys
Loaded keys from fallback files
Cryptographic components initialized
[2025-12-10 07:56:36] NETWORK INFO: Server socket created and listening on port 9074
✓ Smart meter server ready on port 9074
Data transmission interval: 20 seconds (15x accelerated - simulates 5min)
✓ Performance metrics CSV files initialized in performance_data/
Starting continuous smart meter operation...
Press Ctrl+C to stop gracefully
Data generation thread started
Network server thread started on port 9074
[2025-12-10 07:56:56] Meter 74: Generated 6.687 kWh (encrypted: 334420 bytes, 4.838 ms)
[2025-12-10 07:57:15] NETWORK INFO: Server authentication successful for node: aggregator-001
✓ Aggregator connected: aggregator-001 from 127.0.0.1
✓ Sent 334420 bytes to aggregator-001 (0.71ms)
Session completed with aggregator-001
[2025-12-10 07:57:16] Meter 74: Generated 4.772 kWh (encrypted: 334066 bytes, 4.290 ms)
[2025-12-10 07:57:36] Meter 74: Generated 3.787 kWh (encrypted: 334276 bytes, 4.349 ms)
[2025-12-10 07:57:56] Meter 74: Generated 3.303 kWh (encrypted: 334407 bytes, 4.538 ms)
[2025-12-10 07:58:16] Meter 74: Generated 2.672 kWh (encrypted: 334407 bytes, 5.208 ms)
[2025-12-10 07:58:25] NETWORK INFO: Server authentication successful for node: aggregator-001
✓ Aggregator connected: aggregator-001 from 127.0.0.1
✓ Sent 334407 bytes to aggregator-001 (0.36ms)
Session completed with aggregator-001
[2025-12-10 07:58:36] Meter 74: Generated 5.288 kWh (encrypted: 334287 bytes, 4.485 ms)
[2025-12-10 07:58:56] Meter 74: Generated 7.483 kWh (encrypted: 334203 bytes, 6.490 ms)
[2025-12-10 07:59:16] Meter 74: Generated 1.394 kWh (encrypted: 334209 bytes, 4.353 ms)
[2025-12-10 07:59:26] NETWORK INFO: Server authentication successful for node: aggregator-001
✓ Aggregator connected: aggregator-001 from 127.0.0.1
✓ Sent 334209 bytes to aggregator-001 (0.38ms)
Session completed with aggregator-001
[2025-12-10 07:59:36] Meter 74: Generated 1.091 kWh (encrypted: 334371 bytes, 4.946 ms)
[2025-12-10 07:59:56] Meter 74: Generated 3.721 kWh (encrypted: 334327 bytes, 4.669 ms)
[2025-12-10 08:00:16] Meter 74: Generated 7.022 kWh (encrypted: 334421 bytes, 4.712 ms)
[2025-12-10 08:00:28] NETWORK INFO: Server authentication successful for node: aggregator-001
✓ Aggregator connected: aggregator-001 from 127.0.0.1
✓ Sent 334421 bytes to aggregator-001 (0.37ms)
Session completed with aggregator-001
[2025-12-10 08:00:36] Meter 74: Generated 4.362 kWh (encrypted: 334350 bytes, 4.797 ms)
[2025-12-10 08:00:56] Meter 74: Generated 2.098 kWh (encrypted: 334194 bytes, 4.800 ms)
[2025-12-10 08:01:16] Meter 74: Generated 2.777 kWh (encrypted: 334447 bytes, 4.749 ms)
[2025-12-10 08:01:31] NETWORK INFO: Server authentication successful for node: aggregator-001
✓ Aggregator connected: aggregator-001 from 127.0.0.1
✓ Sent 334447 bytes to aggregator-001 (0.38ms)
Session completed with aggregator-001
[2025-12-10 08:01:36] Meter 74: Generated 7.319 kWh (encrypted: 334460 bytes, 6.447 ms)
[2025-12-10 08:01:56] Meter 74: Generated 2.688 kWh (encrypted: 334400 bytes, 4.607 ms)
[2025-12-10 08:02:16] Meter 74: Generated 1.690 kWh (encrypted: 334389 bytes, 4.457 ms)
[2025-12-10 08:02:33] NETWORK INFO: Server authentication successful for node: aggregator-001
✓ Aggregator connected: aggregator-001 from 127.0.0.1
✓ Sent 334389 bytes to aggregator-001 (0.38ms)
Session completed with aggregator-001
[2025-12-10 08:02:36] Meter 74: Generated 7.012 kWh (encrypted: 334273 bytes, 4.390 ms)
[2025-12-10 08:02:56] Meter 74: Generated 7.274 kWh (encrypted: 334274 bytes, 4.679 ms)
[2025-12-10 08:03:16] Meter 74: Generated 4.746 kWh (encrypted: 334269 bytes, 4.680 ms)
[2025-12-10 08:03:36] Meter 74: Generated 4.422 kWh (encrypted: 334147 bytes, 108.416 ms)
[2025-12-10 08:03:36] NETWORK INFO: Server authentication successful for node: aggregator-001
✓ Aggregator connected: aggregator-001 from 127.0.0.1
✓ Sent 334147 bytes to aggregator-001 (0.36ms)
Session completed with aggregator-001
[2025-12-10 08:03:56] Meter 74: Generated 4.204 kWh (encrypted: 334313 bytes, 7.194 ms)
[2025-12-10 08:04:16] Meter 74: Generated 6.999 kWh (encrypted: 334412 bytes, 5.419 ms)
[2025-12-10 08:04:36] Meter 74: Generated 4.937 kWh (encrypted: 334420 bytes, 7.338 ms)
[2025-12-10 08:04:39] NETWORK INFO: Server authentication successful for node: aggregator-001
✓ Aggregator connected: aggregator-001 from 127.0.0.1
✓ Sent 334420 bytes to aggregator-001 (35.62ms)
Session completed with aggregator-001
[2025-12-10 08:04:56] Meter 74: Generated 1.236 kWh (encrypted: 334399 bytes, 5.056 ms)
[2025-12-10 08:05:16] Meter 74: Generated 3.740 kWh (encrypted: 334453 bytes, 4.639 ms)
[2025-12-10 08:05:36] Meter 74: Generated 1.396 kWh (encrypted: 334077 bytes, 4.671 ms)
[2025-12-10 08:05:44] NETWORK INFO: Server authentication successful for node: aggregator-001
✓ Aggregator connected: aggregator-001 from 127.0.0.1
✓ Sent 334077 bytes to aggregator-001 (0.37ms)
Session completed with aggregator-001
[2025-12-10 08:05:56] Meter 74: Generated 3.629 kWh (encrypted: 334436 bytes, 6.416 ms)
[2025-12-10 08:06:16] Meter 74: Generated 2.463 kWh (encrypted: 334202 bytes, 18.734 ms)
[2025-12-10 08:06:36] Meter 74: Generated 4.005 kWh (encrypted: 334166 bytes, 6.590 ms)
[2025-12-10 08:06:50] NETWORK INFO: Server authentication successful for node: aggregator-001
✓ Aggregator connected: aggregator-001 from 127.0.0.1
✓ Sent 334166 bytes to aggregator-001 (16.99ms)
Session completed with aggregator-001
[2025-12-10 08:06:56] Meter 74: Generated 5.773 kWh (encrypted: 334120 bytes, 4.923 ms)
[2025-12-10 08:07:16] Meter 74: Generated 4.058 kWh (encrypted: 334068 bytes, 4.740 ms)
[2025-12-10 08:07:36] Meter 74: Generated 5.041 kWh (encrypted: 334413 bytes, 4.702 ms)
[2025-12-10 08:07:56] NETWORK INFO: Server authentication successful for node: aggregator-001
✓ Aggregator connected: aggregator-001 from 127.0.0.1
✓ Sent 334413 bytes to aggregator-001 (0.36ms)
Session completed with aggregator-001
[2025-12-10 08:07:56] Meter 74: Generated 5.097 kWh (encrypted: 334249 bytes, 4.862 ms)
[2025-12-10 08:08:16] Meter 74: Generated 3.663 kWh (encrypted: 334136 bytes, 6.358 ms)
[2025-12-10 08:08:36] Meter 74: Generated 4.254 kWh (encrypted: 334385 bytes, 4.713 ms)
[2025-12-10 08:08:56] Meter 74: Generated 6.721 kWh (encrypted: 334479 bytes, 12.330 ms)
[2025-12-10 08:09:01] NETWORK INFO: Server authentication successful for node: aggregator-001
✓ Aggregator connected: aggregator-001 from 127.0.0.1
✓ Sent 334479 bytes to aggregator-001 (0.40ms)
Session completed with aggregator-001
[2025-12-10 08:09:16] Meter 74: Generated 5.004 kWh (encrypted: 333918 bytes, 4.896 ms)
[2025-12-10 08:09:36] Meter 74: Generated 3.629 kWh (encrypted: 334418 bytes, 4.751 ms)
[2025-12-10 08:09:56] Meter 74: Generated 1.645 kWh (encrypted: 334462 bytes, 4.505 ms)
[2025-12-10 08:10:06] NETWORK INFO: Server authentication successful for node: aggregator-001
✓ Aggregator connected: aggregator-001 from 127.0.0.1
✓ Sent 334462 bytes to aggregator-001 (0.39ms)
Session completed with aggregator-001
[2025-12-10 08:10:16] Meter 74: Generated 6.657 kWh (encrypted: 333672 bytes, 5.408 ms)
[2025-12-10 08:10:36] Meter 74: Generated 3.344 kWh (encrypted: 334502 bytes, 5.096 ms)
[2025-12-10 08:10:56] Meter 74: Generated 7.179 kWh (encrypted: 334410 bytes, 6.433 ms)
[2025-12-10 08:11:12] NETWORK INFO: Server authentication successful for node: aggregator-001
✓ Aggregator connected: aggregator-001 from 127.0.0.1
✓ Sent 334410 bytes to aggregator-001 (2.53ms)
Session completed with aggregator-001
[2025-12-10 08:11:16] Meter 74: Generated 5.129 kWh (encrypted: 334179 bytes, 5.932 ms)
[2025-12-10 08:11:36] Meter 74: Generated 4.984 kWh (encrypted: 334433 bytes, 7.578 ms)
[2025-12-10 08:11:57] Meter 74: Generated 3.834 kWh (encrypted: 334130 bytes, 4.502 ms)
[2025-12-10 08:12:17] Meter 74: Generated 5.777 kWh (encrypted: 334343 bytes, 7.891 ms)
[2025-12-10 08:12:17] NETWORK INFO: Server authentication successful for node: aggregator-001
✓ Aggregator connected: aggregator-001 from 127.0.0.1
✓ Sent 334343 bytes to aggregator-001 (0.37ms)
Session completed with aggregator-001

Received shutdown signal. Gracefully shutting down smart meter...
Data generation thread stopped
Network server thread stopped
Smart meter 74 shutdown complete
