=== Continuous Smart Meter Server 232 ===
Initializing for continuous operation...
SEAL context initialized
Loaded certificate: smart-meter-232
Requesting public keys from KDC...
[2025-12-10 07:59:49] NETWORK ERROR: Failed to connect to 127.0.0.1:8444: Connection refused
Error: Failed to connect to KDC at 127.0.0.1:8444
Error: Failed to send key request to KDC
Failed to obtain keys from KDC, falling back to file keys
Loaded keys from fallback files
Cryptographic components initialized
[2025-12-10 07:59:49] NETWORK INFO: Server socket created and listening on port 9232
✓ Smart meter server ready on port 9232
Data transmission interval: 20 seconds (15x accelerated - simulates 5min)
✓ Performance metrics CSV files initialized in performance_data/
Starting continuous smart meter operation...
Press Ctrl+C to stop gracefully
Data generation thread started
Network server thread started on port 9232
[2025-12-10 08:00:09] Meter 232: Generated 5.410 kWh (encrypted: 334480 bytes, 5.090 ms)
[2025-12-10 08:00:28] NETWORK INFO: Server authentication successful for node: aggregator-001
✓ Aggregator connected: aggregator-001 from 127.0.0.1
✓ Sent 334480 bytes to aggregator-001 (6.29ms)
Session completed with aggregator-001
[2025-12-10 08:00:29] Meter 232: Generated 6.147 kWh (encrypted: 334396 bytes, 4.529 ms)
[2025-12-10 08:00:49] Meter 232: Generated 5.170 kWh (encrypted: 334470 bytes, 5.159 ms)
[2025-12-10 08:01:09] Meter 232: Generated 5.474 kWh (encrypted: 334465 bytes, 4.911 ms)
[2025-12-10 08:01:29] Meter 232: Generated 3.350 kWh (encrypted: 334284 bytes, 5.188 ms)
[2025-12-10 08:01:31] NETWORK INFO: Server authentication successful for node: aggregator-001
✓ Aggregator connected: aggregator-001 from 127.0.0.1
✓ Sent 334284 bytes to aggregator-001 (0.34ms)
Session completed with aggregator-001
[2025-12-10 08:01:49] Meter 232: Generated 7.177 kWh (encrypted: 334435 bytes, 6.077 ms)
[2025-12-10 08:02:10] Meter 232: Generated 4.668 kWh (encrypted: 334404 bytes, 8.391 ms)
[2025-12-10 08:02:30] Meter 232: Generated 2.989 kWh (encrypted: 334415 bytes, 5.044 ms)
[2025-12-10 08:02:33] NETWORK INFO: Server authentication successful for node: aggregator-001
✓ Aggregator connected: aggregator-001 from 127.0.0.1
✓ Sent 334415 bytes to aggregator-001 (0.38ms)
Session completed with aggregator-001
[2025-12-10 08:02:50] Meter 232: Generated 3.041 kWh (encrypted: 334378 bytes, 4.951 ms)
[2025-12-10 08:03:10] Meter 232: Generated 3.549 kWh (encrypted: 334396 bytes, 5.695 ms)
[2025-12-10 08:03:30] Meter 232: Generated 6.807 kWh (encrypted: 334450 bytes, 4.788 ms)
[2025-12-10 08:03:36] NETWORK INFO: Server authentication successful for node: aggregator-001
✓ Aggregator connected: aggregator-001 from 127.0.0.1
✓ Sent 334450 bytes to aggregator-001 (0.90ms)
Session completed with aggregator-001
[2025-12-10 08:03:50] Meter 232: Generated 6.666 kWh (encrypted: 334234 bytes, 4.834 ms)
[2025-12-10 08:04:10] Meter 232: Generated 6.057 kWh (encrypted: 334408 bytes, 6.414 ms)
[2025-12-10 08:04:30] Meter 232: Generated 4.670 kWh (encrypted: 334048 bytes, 5.590 ms)
[2025-12-10 08:04:39] NETWORK INFO: Server authentication successful for node: aggregator-001
✓ Aggregator connected: aggregator-001 from 127.0.0.1
✓ Sent 334048 bytes to aggregator-001 (0.37ms)
Session completed with aggregator-001
[2025-12-10 08:04:50] Meter 232: Generated 7.167 kWh (encrypted: 334387 bytes, 4.779 ms)
[2025-12-10 08:05:10] Meter 232: Generated 7.281 kWh (encrypted: 334206 bytes, 16.794 ms)
[2025-12-10 08:05:30] Meter 232: Generated 7.516 kWh (encrypted: 334087 bytes, 4.588 ms)
[2025-12-10 08:05:44] NETWORK INFO: Server authentication successful for node: aggregator-001
✓ Aggregator connected: aggregator-001 from 127.0.0.1
✓ Sent 334087 bytes to aggregator-001 (0.39ms)
Session completed with aggregator-001
[2025-12-10 08:05:50] Meter 232: Generated 2.123 kWh (encrypted: 334253 bytes, 4.677 ms)
[2025-12-10 08:06:10] Meter 232: Generated 6.392 kWh (encrypted: 334364 bytes, 4.684 ms)
[2025-12-10 08:06:30] Meter 232: Generated 1.600 kWh (encrypted: 334447 bytes, 4.538 ms)
[2025-12-10 08:06:50] Meter 232: Generated 7.165 kWh (encrypted: 334110 bytes, 4.659 ms)
[2025-12-10 08:06:50] NETWORK INFO: Server authentication successful for node: aggregator-001
✓ Aggregator connected: aggregator-001 from 127.0.0.1
✓ Sent 334110 bytes to aggregator-001 (6.14ms)
Session completed with aggregator-001
[2025-12-10 08:07:10] Meter 232: Generated 4.671 kWh (encrypted: 334452 bytes, 4.977 ms)
[2025-12-10 08:07:30] Meter 232: Generated 4.900 kWh (encrypted: 334383 bytes, 5.732 ms)
[2025-12-10 08:07:50] Meter 232: Generated 6.317 kWh (encrypted: 334119 bytes, 4.610 ms)
[2025-12-10 08:07:56] NETWORK INFO: Server authentication successful for node: aggregator-001
✓ Aggregator connected: aggregator-001 from 127.0.0.1
✓ Sent 334119 bytes to aggregator-001 (0.39ms)
Session completed with aggregator-001
[2025-12-10 08:08:10] Meter 232: Generated 6.946 kWh (encrypted: 334380 bytes, 4.582 ms)
[2025-12-10 08:08:30] Meter 232: Generated 3.861 kWh (encrypted: 334027 bytes, 4.960 ms)
[2025-12-10 08:08:50] Meter 232: Generated 5.881 kWh (encrypted: 334236 bytes, 5.562 ms)
[2025-12-10 08:09:01] NETWORK INFO: Server authentication successful for node: aggregator-001
✓ Aggregator connected: aggregator-001 from 127.0.0.1
✓ Sent 334236 bytes to aggregator-001 (0.34ms)
Session completed with aggregator-001
[2025-12-10 08:09:10] Meter 232: Generated 1.551 kWh (encrypted: 334363 bytes, 5.349 ms)
[2025-12-10 08:09:30] Meter 232: Generated 2.211 kWh (encrypted: 334076 bytes, 5.982 ms)
[2025-12-10 08:09:50] Meter 232: Generated 5.501 kWh (encrypted: 334315 bytes, 5.534 ms)
[2025-12-10 08:10:06] NETWORK INFO: Server authentication successful for node: aggregator-001
✓ Aggregator connected: aggregator-001 from 127.0.0.1
✓ Sent 334315 bytes to aggregator-001 (1.54ms)
Session completed with aggregator-001
[2025-12-10 08:10:10] Meter 232: Generated 5.191 kWh (encrypted: 334307 bytes, 6.485 ms)
[2025-12-10 08:10:30] Meter 232: Generated 4.718 kWh (encrypted: 333981 bytes, 6.166 ms)
[2025-12-10 08:10:50] Meter 232: Generated 1.326 kWh (encrypted: 334336 bytes, 6.807 ms)
[2025-12-10 08:11:10] Meter 232: Generated 7.263 kWh (encrypted: 334461 bytes, 4.890 ms)
[2025-12-10 08:11:12] NETWORK INFO: Server authentication successful for node: aggregator-001
✓ Aggregator connected: aggregator-001 from 127.0.0.1
✓ Sent 334461 bytes to aggregator-001 (0.39ms)
Session completed with aggregator-001
[2025-12-10 08:11:30] Meter 232: Generated 2.971 kWh (encrypted: 334078 bytes, 4.693 ms)
[2025-12-10 08:11:50] Meter 232: Generated 3.081 kWh (encrypted: 334490 bytes, 4.634 ms)
[2025-12-10 08:12:10] Meter 232: Generated 6.230 kWh (encrypted: 334361 bytes, 8.005 ms)
[2025-12-10 08:12:17] NETWORK INFO: Server authentication successful for node: aggregator-001
✓ Aggregator connected: aggregator-001 from 127.0.0.1
✓ Sent 334361 bytes to aggregator-001 (0.38ms)
Session completed with aggregator-001
[2025-12-10 08:12:30] Meter 232: Generated 5.371 kWh (encrypted: 334423 bytes, 4.450 ms)

Received shutdown signal. Gracefully shutting down smart meter...
Network server thread stopped
Data generation thread stopped
Smart meter 232 shutdown complete
