=== Continuous Smart Meter Server 133 ===
Initializing for continuous operation...
SEAL context initialized
Loaded certificate: smart-meter-133
Requesting public keys from KDC...
[2025-12-10 07:57:48] NETWORK ERROR: Failed to connect to 127.0.0.1:8444: Connection refused
Error: Failed to connect to KDC at 127.0.0.1:8444
Error: Failed to send key request to KDC
Failed to obtain keys from KDC, falling back to file keys
Loaded keys from fallback files
Cryptographic components initialized
[2025-12-10 07:57:48] NETWORK INFO: Server socket created and listening on port 9133
✓ Smart meter server ready on port 9133
Data transmission interval: 20 seconds (15x accelerated - simulates 5min)
✓ Performance metrics CSV files initialized in performance_data/
Starting continuous smart meter operation...
Press Ctrl+C to stop gracefully
Data generation thread started
Network server thread started on port 9133
[2025-12-10 07:58:08] Meter 133: Generated 4.546 kWh (encrypted: 334295 bytes, 5.022 ms)
[2025-12-10 07:58:25] NETWORK INFO: Server authentication successful for node: aggregator-001
✓ Aggregator connected: aggregator-001 from 127.0.0.1
✓ Sent 334295 bytes to aggregator-001 (0.69ms)
Session completed with aggregator-001
[2025-12-10 07:58:28] Meter 133: Generated 4.324 kWh (encrypted: 334330 bytes, 4.413 ms)
[2025-12-10 07:58:48] Meter 133: Generated 2.050 kWh (encrypted: 334093 bytes, 5.012 ms)
[2025-12-10 07:59:08] Meter 133: Generated 1.182 kWh (encrypted: 334499 bytes, 6.138 ms)
[2025-12-10 07:59:26] NETWORK INFO: Server authentication successful for node: aggregator-001
✓ Aggregator connected: aggregator-001 from 127.0.0.1
✓ Sent 334499 bytes to aggregator-001 (0.39ms)
Session completed with aggregator-001
[2025-12-10 07:59:28] Meter 133: Generated 3.324 kWh (encrypted: 334060 bytes, 4.715 ms)
[2025-12-10 07:59:48] Meter 133: Generated 7.513 kWh (encrypted: 334167 bytes, 6.046 ms)
[2025-12-10 08:00:08] Meter 133: Generated 2.823 kWh (encrypted: 334212 bytes, 4.611 ms)
[2025-12-10 08:00:28] Meter 133: Generated 7.498 kWh (encrypted: 334441 bytes, 4.909 ms)
[2025-12-10 08:00:28] NETWORK INFO: Server authentication successful for node: aggregator-001
✓ Aggregator connected: aggregator-001 from 127.0.0.1
✓ Sent 334441 bytes to aggregator-001 (0.36ms)
Session completed with aggregator-001
[2025-12-10 08:00:48] Meter 133: Generated 5.038 kWh (encrypted: 334330 bytes, 4.996 ms)
[2025-12-10 08:01:08] Meter 133: Generated 4.292 kWh (encrypted: 334324 bytes, 6.493 ms)
[2025-12-10 08:01:28] Meter 133: Generated 7.498 kWh (encrypted: 334306 bytes, 5.168 ms)
[2025-12-10 08:01:31] NETWORK INFO: Server authentication successful for node: aggregator-001
✓ Aggregator connected: aggregator-001 from 127.0.0.1
✓ Sent 334306 bytes to aggregator-001 (2.93ms)
Session completed with aggregator-001
[2025-12-10 08:01:48] Meter 133: Generated 5.745 kWh (encrypted: 334314 bytes, 4.690 ms)
[2025-12-10 08:02:08] Meter 133: Generated 5.606 kWh (encrypted: 334390 bytes, 5.845 ms)
[2025-12-10 08:02:28] Meter 133: Generated 1.254 kWh (encrypted: 334245 bytes, 4.957 ms)
[2025-12-10 08:02:33] NETWORK INFO: Server authentication successful for node: aggregator-001
✓ Aggregator connected: aggregator-001 from 127.0.0.1
✓ Sent 334245 bytes to aggregator-001 (0.40ms)
Session completed with aggregator-001
[2025-12-10 08:02:48] Meter 133: Generated 3.806 kWh (encrypted: 334072 bytes, 14.381 ms)
[2025-12-10 08:03:08] Meter 133: Generated 0.840 kWh (encrypted: 334467 bytes, 6.334 ms)
[2025-12-10 08:03:28] Meter 133: Generated 1.515 kWh (encrypted: 334314 bytes, 6.530 ms)
[2025-12-10 08:03:36] NETWORK INFO: Server authentication successful for node: aggregator-001
✓ Aggregator connected: aggregator-001 from 127.0.0.1
✓ Sent 334314 bytes to aggregator-001 (0.37ms)
Session completed with aggregator-001
[2025-12-10 08:03:48] Meter 133: Generated 4.478 kWh (encrypted: 334429 bytes, 6.026 ms)
[2025-12-10 08:04:08] Meter 133: Generated 2.178 kWh (encrypted: 334210 bytes, 5.947 ms)
[2025-12-10 08:04:28] Meter 133: Generated 5.329 kWh (encrypted: 334309 bytes, 6.195 ms)
[2025-12-10 08:04:39] NETWORK INFO: Server authentication successful for node: aggregator-001
✓ Aggregator connected: aggregator-001 from 127.0.0.1
✓ Sent 334309 bytes to aggregator-001 (0.40ms)
Session completed with aggregator-001
[2025-12-10 08:04:48] Meter 133: Generated 5.492 kWh (encrypted: 334466 bytes, 6.646 ms)
[2025-12-10 08:05:08] Meter 133: Generated 5.674 kWh (encrypted: 334324 bytes, 4.936 ms)
[2025-12-10 08:05:28] Meter 133: Generated 2.180 kWh (encrypted: 334037 bytes, 4.739 ms)
[2025-12-10 08:05:44] NETWORK INFO: Server authentication successful for node: aggregator-001
✓ Aggregator connected: aggregator-001 from 127.0.0.1
✓ Sent 334037 bytes to aggregator-001 (0.44ms)
Session completed with aggregator-001
[2025-12-10 08:05:48] Meter 133: Generated 4.092 kWh (encrypted: 334072 bytes, 4.720 ms)
[2025-12-10 08:06:08] Meter 133: Generated 6.373 kWh (encrypted: 334189 bytes, 8.404 ms)
[2025-12-10 08:06:28] Meter 133: Generated 3.161 kWh (encrypted: 334263 bytes, 4.773 ms)
[2025-12-10 08:06:48] Meter 133: Generated 5.353 kWh (encrypted: 334232 bytes, 4.566 ms)
[2025-12-10 08:06:50] NETWORK INFO: Server authentication successful for node: aggregator-001
✓ Aggregator connected: aggregator-001 from 127.0.0.1
✓ Sent 334232 bytes to aggregator-001 (0.39ms)
Session completed with aggregator-001
[2025-12-10 08:07:08] Meter 133: Generated 3.013 kWh (encrypted: 333368 bytes, 4.595 ms)
[2025-12-10 08:07:28] Meter 133: Generated 2.474 kWh (encrypted: 334484 bytes, 5.286 ms)
[2025-12-10 08:07:48] Meter 133: Generated 6.115 kWh (encrypted: 333506 bytes, 6.749 ms)
[2025-12-10 08:07:56] NETWORK INFO: Server authentication successful for node: aggregator-001
✓ Aggregator connected: aggregator-001 from 127.0.0.1
✓ Sent 333506 bytes to aggregator-001 (0.40ms)
Session completed with aggregator-001
[2025-12-10 08:08:08] Meter 133: Generated 6.117 kWh (encrypted: 333975 bytes, 4.800 ms)
[2025-12-10 08:08:28] Meter 133: Generated 5.234 kWh (encrypted: 334306 bytes, 4.756 ms)
[2025-12-10 08:08:48] Meter 133: Generated 5.340 kWh (encrypted: 334323 bytes, 5.078 ms)
[2025-12-10 08:09:01] NETWORK INFO: Server authentication successful for node: aggregator-001
✓ Aggregator connected: aggregator-001 from 127.0.0.1
✓ Sent 334323 bytes to aggregator-001 (17.13ms)
Session completed with aggregator-001
[2025-12-10 08:09:08] Meter 133: Generated 3.269 kWh (encrypted: 334362 bytes, 6.771 ms)
[2025-12-10 08:09:28] Meter 133: Generated 2.721 kWh (encrypted: 334221 bytes, 5.067 ms)
[2025-12-10 08:09:48] Meter 133: Generated 3.883 kWh (encrypted: 334483 bytes, 4.769 ms)
[2025-12-10 08:10:06] NETWORK INFO: Server authentication successful for node: aggregator-001
✓ Aggregator connected: aggregator-001 from 127.0.0.1
✓ Sent 334483 bytes to aggregator-001 (17.10ms)
Session completed with aggregator-001
[2025-12-10 08:10:08] Meter 133: Generated 3.476 kWh (encrypted: 334358 bytes, 6.653 ms)
[2025-12-10 08:10:28] Meter 133: Generated 5.506 kWh (encrypted: 333759 bytes, 4.716 ms)
[2025-12-10 08:10:48] Meter 133: Generated 6.889 kWh (encrypted: 334481 bytes, 6.450 ms)
[2025-12-10 08:11:08] Meter 133: Generated 1.320 kWh (encrypted: 334362 bytes, 6.545 ms)
[2025-12-10 08:11:12] NETWORK INFO: Server authentication successful for node: aggregator-001
✓ Aggregator connected: aggregator-001 from 127.0.0.1
✓ Sent 334362 bytes to aggregator-001 (0.39ms)
Session completed with aggregator-001
[2025-12-10 08:11:28] Meter 133: Generated 1.517 kWh (encrypted: 334403 bytes, 7.093 ms)
[2025-12-10 08:11:48] Meter 133: Generated 2.498 kWh (encrypted: 334284 bytes, 4.729 ms)
[2025-12-10 08:12:08] Meter 133: Generated 5.630 kWh (encrypted: 333285 bytes, 4.466 ms)
[2025-12-10 08:12:17] NETWORK INFO: Server authentication successful for node: aggregator-001
✓ Aggregator connected: aggregator-001 from 127.0.0.1
✓ Sent 333285 bytes to aggregator-001 (10.16ms)
Session completed with aggregator-001
[2025-12-10 08:12:28] Meter 133: Generated 3.960 kWh (encrypted: 334379 bytes, 6.574 ms)

Received shutdown signal. Gracefully shutting down smart meter...
Network server thread stopped
Data generation thread stopped
Smart meter 133 shutdown complete
