=== Continuous Smart Meter Server 132 ===
Initializing for continuous operation...
SEAL context initialized
Loaded certificate: smart-meter-132
Requesting public keys from KDC...
[2025-12-10 07:57:47] NETWORK ERROR: Failed to connect to 127.0.0.1:8444: Connection refused
Error: Failed to connect to KDC at 127.0.0.1:8444
Error: Failed to send key request to KDC
Failed to obtain keys from KDC, falling back to file keys
Loaded keys from fallback files
Cryptographic components initialized
[2025-12-10 07:57:47] NETWORK INFO: Server socket created and listening on port 9132
✓ Smart meter server ready on port 9132
Data transmission interval: 20 seconds (15x accelerated - simulates 5min)
✓ Performance metrics CSV files initialized in performance_data/
Starting continuous smart meter operation...
Press Ctrl+C to stop gracefully
Data generation thread started
Network server thread started on port 9132
[2025-12-10 07:58:07] Meter 132: Generated 2.635 kWh (encrypted: 334335 bytes, 4.935 ms)
[2025-12-10 07:58:25] NETWORK INFO: Server authentication successful for node: aggregator-001
✓ Aggregator connected: aggregator-001 from 127.0.0.1
✓ Sent 334335 bytes to aggregator-001 (9.02ms)
Session completed with aggregator-001
[2025-12-10 07:58:27] Meter 132: Generated 6.304 kWh (encrypted: 334210 bytes, 4.422 ms)
[2025-12-10 07:58:47] Meter 132: Generated 1.835 kWh (encrypted: 334080 bytes, 6.869 ms)
[2025-12-10 07:59:07] Meter 132: Generated 4.173 kWh (encrypted: 334134 bytes, 4.500 ms)
[2025-12-10 07:59:26] NETWORK INFO: Server authentication successful for node: aggregator-001
✓ Aggregator connected: aggregator-001 from 127.0.0.1
✓ Sent 334134 bytes to aggregator-001 (0.38ms)
Session completed with aggregator-001
[2025-12-10 07:59:27] Meter 132: Generated 2.888 kWh (encrypted: 334126 bytes, 4.572 ms)
[2025-12-10 07:59:47] Meter 132: Generated 4.566 kWh (encrypted: 334375 bytes, 4.472 ms)
[2025-12-10 08:00:07] Meter 132: Generated 0.801 kWh (encrypted: 334336 bytes, 4.695 ms)
[2025-12-10 08:00:27] Meter 132: Generated 2.510 kWh (encrypted: 334413 bytes, 5.713 ms)
[2025-12-10 08:00:28] NETWORK INFO: Server authentication successful for node: aggregator-001
✓ Aggregator connected: aggregator-001 from 127.0.0.1
✓ Sent 334413 bytes to aggregator-001 (0.38ms)
Session completed with aggregator-001
[2025-12-10 08:00:47] Meter 132: Generated 7.398 kWh (encrypted: 334135 bytes, 4.623 ms)
[2025-12-10 08:01:07] Meter 132: Generated 5.318 kWh (encrypted: 334461 bytes, 4.563 ms)
[2025-12-10 08:01:27] Meter 132: Generated 6.735 kWh (encrypted: 334334 bytes, 4.491 ms)
[2025-12-10 08:01:31] NETWORK INFO: Server authentication successful for node: aggregator-001
✓ Aggregator connected: aggregator-001 from 127.0.0.1
✓ Sent 334334 bytes to aggregator-001 (0.38ms)
Session completed with aggregator-001
[2025-12-10 08:01:47] Meter 132: Generated 4.752 kWh (encrypted: 334238 bytes, 4.675 ms)
[2025-12-10 08:02:07] Meter 132: Generated 2.154 kWh (encrypted: 334358 bytes, 4.713 ms)
[2025-12-10 08:02:27] Meter 132: Generated 1.527 kWh (encrypted: 334368 bytes, 4.825 ms)
[2025-12-10 08:02:33] NETWORK INFO: Server authentication successful for node: aggregator-001
✓ Aggregator connected: aggregator-001 from 127.0.0.1
✓ Sent 334368 bytes to aggregator-001 (5.62ms)
Session completed with aggregator-001
[2025-12-10 08:02:47] Meter 132: Generated 3.228 kWh (encrypted: 334394 bytes, 4.626 ms)
[2025-12-10 08:03:07] Meter 132: Generated 2.940 kWh (encrypted: 334188 bytes, 4.837 ms)
[2025-12-10 08:03:27] Meter 132: Generated 1.276 kWh (encrypted: 334328 bytes, 4.416 ms)
[2025-12-10 08:03:36] NETWORK INFO: Server authentication successful for node: aggregator-001
✓ Aggregator connected: aggregator-001 from 127.0.0.1
✓ Sent 334328 bytes to aggregator-001 (0.39ms)
Session completed with aggregator-001
[2025-12-10 08:03:47] Meter 132: Generated 3.404 kWh (encrypted: 333626 bytes, 4.613 ms)
[2025-12-10 08:04:07] Meter 132: Generated 5.855 kWh (encrypted: 334327 bytes, 4.629 ms)
[2025-12-10 08:04:27] Meter 132: Generated 3.949 kWh (encrypted: 334172 bytes, 4.700 ms)
[2025-12-10 08:04:39] NETWORK INFO: Server authentication successful for node: aggregator-001
✓ Aggregator connected: aggregator-001 from 127.0.0.1
✓ Sent 334172 bytes to aggregator-001 (7.14ms)
Session completed with aggregator-001
[2025-12-10 08:04:47] Meter 132: Generated 2.701 kWh (encrypted: 334419 bytes, 5.200 ms)
[2025-12-10 08:05:07] Meter 132: Generated 4.938 kWh (encrypted: 334051 bytes, 4.591 ms)
[2025-12-10 08:05:27] Meter 132: Generated 5.417 kWh (encrypted: 334408 bytes, 4.554 ms)
[2025-12-10 08:05:44] NETWORK INFO: Server authentication successful for node: aggregator-001
✓ Aggregator connected: aggregator-001 from 127.0.0.1
✓ Sent 334408 bytes to aggregator-001 (28.59ms)
Session completed with aggregator-001
[2025-12-10 08:05:47] Meter 132: Generated 4.022 kWh (encrypted: 334348 bytes, 4.629 ms)
[2025-12-10 08:06:07] Meter 132: Generated 2.278 kWh (encrypted: 333285 bytes, 4.475 ms)
[2025-12-10 08:06:27] Meter 132: Generated 3.648 kWh (encrypted: 334248 bytes, 4.725 ms)
[2025-12-10 08:06:47] Meter 132: Generated 5.119 kWh (encrypted: 334300 bytes, 4.435 ms)
[2025-12-10 08:06:50] NETWORK INFO: Server authentication successful for node: aggregator-001
✓ Aggregator connected: aggregator-001 from 127.0.0.1
✓ Sent 334300 bytes to aggregator-001 (20.63ms)
Session completed with aggregator-001
[2025-12-10 08:07:07] Meter 132: Generated 2.967 kWh (encrypted: 334315 bytes, 6.528 ms)
[2025-12-10 08:07:27] Meter 132: Generated 6.594 kWh (encrypted: 334205 bytes, 4.626 ms)
[2025-12-10 08:07:47] Meter 132: Generated 4.180 kWh (encrypted: 334421 bytes, 4.400 ms)
[2025-12-10 08:07:56] NETWORK INFO: Server authentication successful for node: aggregator-001
✓ Aggregator connected: aggregator-001 from 127.0.0.1
✓ Sent 334421 bytes to aggregator-001 (0.39ms)
Session completed with aggregator-001
[2025-12-10 08:08:07] Meter 132: Generated 2.500 kWh (encrypted: 334187 bytes, 6.429 ms)
[2025-12-10 08:08:27] Meter 132: Generated 4.226 kWh (encrypted: 334485 bytes, 4.801 ms)
[2025-12-10 08:08:47] Meter 132: Generated 5.748 kWh (encrypted: 334341 bytes, 4.668 ms)
[2025-12-10 08:09:01] NETWORK INFO: Server authentication successful for node: aggregator-001
✓ Aggregator connected: aggregator-001 from 127.0.0.1
✓ Sent 334341 bytes to aggregator-001 (12.84ms)
Session completed with aggregator-001
[2025-12-10 08:09:07] Meter 132: Generated 4.454 kWh (encrypted: 334181 bytes, 6.629 ms)
[2025-12-10 08:09:27] Meter 132: Generated 1.783 kWh (encrypted: 334374 bytes, 6.730 ms)
[2025-12-10 08:09:47] Meter 132: Generated 2.813 kWh (encrypted: 334356 bytes, 4.728 ms)
[2025-12-10 08:10:06] NETWORK INFO: Server authentication successful for node: aggregator-001
✓ Aggregator connected: aggregator-001 from 127.0.0.1
✓ Sent 334356 bytes to aggregator-001 (0.64ms)
Session completed with aggregator-001
[2025-12-10 08:10:07] Meter 132: Generated 3.562 kWh (encrypted: 334490 bytes, 5.025 ms)
[2025-12-10 08:10:27] Meter 132: Generated 1.717 kWh (encrypted: 333960 bytes, 6.746 ms)
[2025-12-10 08:10:47] Meter 132: Generated 2.013 kWh (encrypted: 334188 bytes, 17.399 ms)
[2025-12-10 08:11:07] Meter 132: Generated 0.785 kWh (encrypted: 334201 bytes, 7.109 ms)
[2025-12-10 08:11:12] NETWORK INFO: Server authentication successful for node: aggregator-001
✓ Aggregator connected: aggregator-001 from 127.0.0.1
✓ Sent 334201 bytes to aggregator-001 (0.42ms)
Session completed with aggregator-001
[2025-12-10 08:11:27] Meter 132: Generated 5.582 kWh (encrypted: 334114 bytes, 7.604 ms)
[2025-12-10 08:11:47] Meter 132: Generated 5.351 kWh (encrypted: 334224 bytes, 12.606 ms)
[2025-12-10 08:12:07] Meter 132: Generated 5.522 kWh (encrypted: 334423 bytes, 7.619 ms)
[2025-12-10 08:12:17] NETWORK INFO: Server authentication successful for node: aggregator-001
✓ Aggregator connected: aggregator-001 from 127.0.0.1
✓ Sent 334423 bytes to aggregator-001 (2.64ms)
Session completed with aggregator-001
[2025-12-10 08:12:27] Meter 132: Generated 6.142 kWh (encrypted: 334466 bytes, 12.892 ms)

Received shutdown signal. Gracefully shutting down smart meter...
Network server thread stopped
Data generation thread stopped
Smart meter 132 shutdown complete
