=== Continuous Smart Meter Server 212 ===
Initializing for continuous operation...
SEAL context initialized
Loaded certificate: smart-meter-212
Requesting public keys from KDC...
[2025-12-10 07:59:25] NETWORK ERROR: Failed to connect to 127.0.0.1:8444: Connection refused
Error: Failed to connect to KDC at 127.0.0.1:8444
Error: Failed to send key request to KDC
Failed to obtain keys from KDC, falling back to file keys
Loaded keys from fallback files
Cryptographic components initialized
[2025-12-10 07:59:25] NETWORK INFO: Server socket created and listening on port 9212
✓ Smart meter server ready on port 9212
Data transmission interval: 20 seconds (15x accelerated - simulates 5min)
✓ Performance metrics CSV files initialized in performance_data/
Starting continuous smart meter operation...
Press Ctrl+C to stop gracefully
Data generation thread started
Network server thread started on port 9212
[2025-12-10 07:59:27] NETWORK INFO: Server authentication successful for node: aggregator-001
✓ Aggregator connected: aggregator-001 from 127.0.0.1
[2025-12-10 07:59:45] Meter 212: Generated 6.340 kWh (encrypted: 334225 bytes, 7.580 ms)
✓ Sent 334225 bytes to aggregator-001 (0.89ms)
Session completed with aggregator-001
[2025-12-10 08:00:05] Meter 212: Generated 2.278 kWh (encrypted: 334459 bytes, 4.290 ms)
[2025-12-10 08:00:25] Meter 212: Generated 0.729 kWh (encrypted: 334363 bytes, 4.454 ms)
[2025-12-10 08:00:28] NETWORK INFO: Server authentication successful for node: aggregator-001
✓ Aggregator connected: aggregator-001 from 127.0.0.1
✓ Sent 334363 bytes to aggregator-001 (0.39ms)
Session completed with aggregator-001
[2025-12-10 08:00:45] Meter 212: Generated 1.568 kWh (encrypted: 334158 bytes, 5.250 ms)
[2025-12-10 08:01:05] Meter 212: Generated 5.428 kWh (encrypted: 334440 bytes, 4.270 ms)
[2025-12-10 08:01:25] Meter 212: Generated 2.331 kWh (encrypted: 334307 bytes, 6.914 ms)
[2025-12-10 08:01:31] NETWORK INFO: Server authentication successful for node: aggregator-001
✓ Aggregator connected: aggregator-001 from 127.0.0.1
✓ Sent 334307 bytes to aggregator-001 (0.35ms)
Session completed with aggregator-001
[2025-12-10 08:01:45] Meter 212: Generated 2.243 kWh (encrypted: 334417 bytes, 6.317 ms)
[2025-12-10 08:02:05] Meter 212: Generated 1.819 kWh (encrypted: 334118 bytes, 4.426 ms)
[2025-12-10 08:02:25] Meter 212: Generated 4.541 kWh (encrypted: 334162 bytes, 4.889 ms)
[2025-12-10 08:02:33] NETWORK INFO: Server authentication successful for node: aggregator-001
✓ Aggregator connected: aggregator-001 from 127.0.0.1
✓ Sent 334162 bytes to aggregator-001 (0.39ms)
Session completed with aggregator-001
[2025-12-10 08:02:45] Meter 212: Generated 6.494 kWh (encrypted: 333875 bytes, 5.267 ms)
[2025-12-10 08:03:05] Meter 212: Generated 3.270 kWh (encrypted: 334391 bytes, 5.032 ms)
[2025-12-10 08:03:25] Meter 212: Generated 7.369 kWh (encrypted: 334159 bytes, 6.385 ms)
[2025-12-10 08:03:36] NETWORK INFO: Server authentication successful for node: aggregator-001
✓ Aggregator connected: aggregator-001 from 127.0.0.1
✓ Sent 334159 bytes to aggregator-001 (0.36ms)
Session completed with aggregator-001
[2025-12-10 08:03:45] Meter 212: Generated 5.458 kWh (encrypted: 334240 bytes, 6.610 ms)
[2025-12-10 08:04:05] Meter 212: Generated 4.970 kWh (encrypted: 334413 bytes, 5.706 ms)
[2025-12-10 08:04:25] Meter 212: Generated 6.132 kWh (encrypted: 334275 bytes, 5.658 ms)
[2025-12-10 08:04:39] NETWORK INFO: Server authentication successful for node: aggregator-001
✓ Aggregator connected: aggregator-001 from 127.0.0.1
✓ Sent 334275 bytes to aggregator-001 (0.39ms)
Session completed with aggregator-001
[2025-12-10 08:04:45] Meter 212: Generated 6.264 kWh (encrypted: 334485 bytes, 6.888 ms)
[2025-12-10 08:05:05] Meter 212: Generated 1.697 kWh (encrypted: 334454 bytes, 5.454 ms)
[2025-12-10 08:05:25] Meter 212: Generated 1.888 kWh (encrypted: 334378 bytes, 6.242 ms)
[2025-12-10 08:05:44] NETWORK INFO: Server authentication successful for node: aggregator-001
✓ Aggregator connected: aggregator-001 from 127.0.0.1
✓ Sent 334378 bytes to aggregator-001 (7.52ms)
Session completed with aggregator-001
[2025-12-10 08:05:45] Meter 212: Generated 0.803 kWh (encrypted: 334051 bytes, 4.565 ms)
[2025-12-10 08:06:05] Meter 212: Generated 6.946 kWh (encrypted: 334249 bytes, 4.349 ms)
[2025-12-10 08:06:25] Meter 212: Generated 6.751 kWh (encrypted: 334174 bytes, 6.628 ms)
[2025-12-10 08:06:45] Meter 212: Generated 2.278 kWh (encrypted: 334441 bytes, 4.647 ms)
[2025-12-10 08:06:50] NETWORK INFO: Server authentication successful for node: aggregator-001
✓ Aggregator connected: aggregator-001 from 127.0.0.1
✓ Sent 334441 bytes to aggregator-001 (0.35ms)
Session completed with aggregator-001
[2025-12-10 08:07:05] Meter 212: Generated 6.741 kWh (encrypted: 334394 bytes, 4.437 ms)
[2025-12-10 08:07:25] Meter 212: Generated 0.665 kWh (encrypted: 334360 bytes, 6.359 ms)
[2025-12-10 08:07:45] Meter 212: Generated 6.690 kWh (encrypted: 334512 bytes, 5.515 ms)
[2025-12-10 08:07:55] NETWORK INFO: Server authentication successful for node: aggregator-001
✓ Aggregator connected: aggregator-001 from 127.0.0.1
✓ Sent 334512 bytes to aggregator-001 (0.47ms)
Session completed with aggregator-001
[2025-12-10 08:08:05] Meter 212: Generated 4.301 kWh (encrypted: 334242 bytes, 8.382 ms)
[2025-12-10 08:08:25] Meter 212: Generated 1.750 kWh (encrypted: 334454 bytes, 4.946 ms)
[2025-12-10 08:08:45] Meter 212: Generated 4.888 kWh (encrypted: 334405 bytes, 6.505 ms)
[2025-12-10 08:09:01] NETWORK INFO: Server authentication successful for node: aggregator-001
✓ Aggregator connected: aggregator-001 from 127.0.0.1
✓ Sent 334405 bytes to aggregator-001 (0.39ms)
Session completed with aggregator-001
[2025-12-10 08:09:05] Meter 212: Generated 4.101 kWh (encrypted: 334505 bytes, 4.547 ms)
[2025-12-10 08:09:25] Meter 212: Generated 7.302 kWh (encrypted: 334331 bytes, 6.431 ms)
[2025-12-10 08:09:45] Meter 212: Generated 5.476 kWh (encrypted: 334375 bytes, 4.472 ms)
[2025-12-10 08:10:05] Meter 212: Generated 3.392 kWh (encrypted: 334297 bytes, 6.428 ms)
[2025-12-10 08:10:06] NETWORK INFO: Server authentication successful for node: aggregator-001
✓ Aggregator connected: aggregator-001 from 127.0.0.1
✓ Sent 334297 bytes to aggregator-001 (1.75ms)
Session completed with aggregator-001
[2025-12-10 08:10:25] Meter 212: Generated 5.448 kWh (encrypted: 334273 bytes, 6.593 ms)
[2025-12-10 08:10:45] Meter 212: Generated 7.004 kWh (encrypted: 334054 bytes, 4.451 ms)
[2025-12-10 08:11:05] Meter 212: Generated 5.301 kWh (encrypted: 334445 bytes, 6.445 ms)
[2025-12-10 08:11:12] NETWORK INFO: Server authentication successful for node: aggregator-001
✓ Aggregator connected: aggregator-001 from 127.0.0.1
✓ Sent 334445 bytes to aggregator-001 (2.96ms)
Session completed with aggregator-001
[2025-12-10 08:11:25] Meter 212: Generated 1.245 kWh (encrypted: 334365 bytes, 6.537 ms)
[2025-12-10 08:11:45] Meter 212: Generated 2.427 kWh (encrypted: 334286 bytes, 5.765 ms)
[2025-12-10 08:12:05] Meter 212: Generated 4.982 kWh (encrypted: 334383 bytes, 6.525 ms)
[2025-12-10 08:12:17] NETWORK INFO: Server authentication successful for node: aggregator-001
✓ Aggregator connected: aggregator-001 from 127.0.0.1
✓ Sent 334383 bytes to aggregator-001 (0.37ms)
Session completed with aggregator-001
[2025-12-10 08:12:25] Meter 212: Generated 4.783 kWh (encrypted: 334292 bytes, 4.448 ms)

Received shutdown signal. Gracefully shutting down smart meter...
Network server thread stopped
Data generation thread stopped
Smart meter 212 shutdown complete
