=== Continuous Smart Meter Server 146 ===
Initializing for continuous operation...
SEAL context initialized
Loaded certificate: smart-meter-146
Requesting public keys from KDC...
[2025-12-10 07:58:04] NETWORK ERROR: Failed to connect to 127.0.0.1:8444: Connection refused
Error: Failed to connect to KDC at 127.0.0.1:8444
Error: Failed to send key request to KDC
Failed to obtain keys from KDC, falling back to file keys
Loaded keys from fallback files
Cryptographic components initialized
[2025-12-10 07:58:04] NETWORK INFO: Server socket created and listening on port 9146
✓ Smart meter server ready on port 9146
Data transmission interval: 20 seconds (15x accelerated - simulates 5min)
✓ Performance metrics CSV files initialized in performance_data/
Starting continuous smart meter operation...
Press Ctrl+C to stop gracefully
Data generation thread started
Network server thread started on port 9146
[2025-12-10 07:58:24] Meter 146: Generated 2.113 kWh (encrypted: 334460 bytes, 7.593 ms)
[2025-12-10 07:58:25] NETWORK INFO: Server authentication successful for node: aggregator-001
✓ Aggregator connected: aggregator-001 from 127.0.0.1
✓ Sent 334460 bytes to aggregator-001 (0.72ms)
Session completed with aggregator-001
[2025-12-10 07:58:44] Meter 146: Generated 4.655 kWh (encrypted: 334222 bytes, 12.276 ms)
[2025-12-10 07:59:04] Meter 146: Generated 3.880 kWh (encrypted: 334234 bytes, 5.892 ms)
[2025-12-10 07:59:24] Meter 146: Generated 2.760 kWh (encrypted: 333801 bytes, 5.278 ms)
[2025-12-10 07:59:26] NETWORK INFO: Server authentication successful for node: aggregator-001
✓ Aggregator connected: aggregator-001 from 127.0.0.1
✓ Sent 333801 bytes to aggregator-001 (7.19ms)
Session completed with aggregator-001
[2025-12-10 07:59:44] Meter 146: Generated 5.972 kWh (encrypted: 334347 bytes, 4.911 ms)
[2025-12-10 08:00:04] Meter 146: Generated 6.395 kWh (encrypted: 334166 bytes, 6.250 ms)
[2025-12-10 08:00:24] Meter 146: Generated 2.362 kWh (encrypted: 334305 bytes, 4.893 ms)
[2025-12-10 08:00:28] NETWORK INFO: Server authentication successful for node: aggregator-001
✓ Aggregator connected: aggregator-001 from 127.0.0.1
✓ Sent 334305 bytes to aggregator-001 (0.94ms)
Session completed with aggregator-001
[2025-12-10 08:00:44] Meter 146: Generated 4.238 kWh (encrypted: 334348 bytes, 6.522 ms)
[2025-12-10 08:01:04] Meter 146: Generated 4.081 kWh (encrypted: 334184 bytes, 4.780 ms)
[2025-12-10 08:01:24] Meter 146: Generated 7.085 kWh (encrypted: 334271 bytes, 5.992 ms)
[2025-12-10 08:01:31] NETWORK INFO: Server authentication successful for node: aggregator-001
✓ Aggregator connected: aggregator-001 from 127.0.0.1
✓ Sent 334271 bytes to aggregator-001 (18.85ms)
Session completed with aggregator-001
[2025-12-10 08:01:44] Meter 146: Generated 1.067 kWh (encrypted: 334411 bytes, 5.930 ms)
[2025-12-10 08:02:04] Meter 146: Generated 2.470 kWh (encrypted: 334158 bytes, 6.748 ms)
[2025-12-10 08:02:24] Meter 146: Generated 6.774 kWh (encrypted: 334424 bytes, 4.774 ms)
[2025-12-10 08:02:33] NETWORK INFO: Server authentication successful for node: aggregator-001
✓ Aggregator connected: aggregator-001 from 127.0.0.1
✓ Sent 334424 bytes to aggregator-001 (0.42ms)
Session completed with aggregator-001
[2025-12-10 08:02:44] Meter 146: Generated 6.067 kWh (encrypted: 334482 bytes, 6.694 ms)
[2025-12-10 08:03:04] Meter 146: Generated 2.824 kWh (encrypted: 334128 bytes, 6.342 ms)
[2025-12-10 08:03:24] Meter 146: Generated 2.424 kWh (encrypted: 334113 bytes, 4.977 ms)
[2025-12-10 08:03:36] NETWORK INFO: Server authentication successful for node: aggregator-001
✓ Aggregator connected: aggregator-001 from 127.0.0.1
✓ Sent 334113 bytes to aggregator-001 (1.36ms)
Session completed with aggregator-001
[2025-12-10 08:03:44] Meter 146: Generated 3.411 kWh (encrypted: 334488 bytes, 5.796 ms)
[2025-12-10 08:04:04] Meter 146: Generated 7.283 kWh (encrypted: 334343 bytes, 6.594 ms)
[2025-12-10 08:04:24] Meter 146: Generated 3.998 kWh (encrypted: 334139 bytes, 6.593 ms)
[2025-12-10 08:04:39] NETWORK INFO: Server authentication successful for node: aggregator-001
✓ Aggregator connected: aggregator-001 from 127.0.0.1
✓ Sent 334139 bytes to aggregator-001 (0.38ms)
Session completed with aggregator-001
[2025-12-10 08:04:44] Meter 146: Generated 6.812 kWh (encrypted: 334378 bytes, 5.965 ms)
[2025-12-10 08:05:04] Meter 146: Generated 1.508 kWh (encrypted: 334480 bytes, 5.617 ms)
[2025-12-10 08:05:24] Meter 146: Generated 6.700 kWh (encrypted: 334398 bytes, 22.048 ms)
[2025-12-10 08:05:44] Meter 146: Generated 3.874 kWh (encrypted: 334367 bytes, 4.472 ms)
[2025-12-10 08:05:44] NETWORK INFO: Server authentication successful for node: aggregator-001
✓ Aggregator connected: aggregator-001 from 127.0.0.1
✓ Sent 334367 bytes to aggregator-001 (0.36ms)
Session completed with aggregator-001
[2025-12-10 08:06:04] Meter 146: Generated 7.009 kWh (encrypted: 334224 bytes, 6.465 ms)
[2025-12-10 08:06:24] Meter 146: Generated 3.339 kWh (encrypted: 334259 bytes, 6.419 ms)
[2025-12-10 08:06:44] Meter 146: Generated 5.519 kWh (encrypted: 334401 bytes, 4.837 ms)
[2025-12-10 08:06:50] NETWORK INFO: Server authentication successful for node: aggregator-001
✓ Aggregator connected: aggregator-001 from 127.0.0.1
✓ Sent 334401 bytes to aggregator-001 (0.40ms)
Session completed with aggregator-001
[2025-12-10 08:07:04] Meter 146: Generated 4.865 kWh (encrypted: 334438 bytes, 4.574 ms)
[2025-12-10 08:07:24] Meter 146: Generated 5.192 kWh (encrypted: 334066 bytes, 5.155 ms)
[2025-12-10 08:07:44] Meter 146: Generated 3.338 kWh (encrypted: 334442 bytes, 4.543 ms)
[2025-12-10 08:07:56] NETWORK INFO: Server authentication successful for node: aggregator-001
✓ Aggregator connected: aggregator-001 from 127.0.0.1
✓ Sent 334442 bytes to aggregator-001 (0.37ms)
Session completed with aggregator-001
[2025-12-10 08:08:04] Meter 146: Generated 2.992 kWh (encrypted: 334418 bytes, 6.327 ms)
[2025-12-10 08:08:24] Meter 146: Generated 4.623 kWh (encrypted: 334349 bytes, 5.908 ms)
[2025-12-10 08:08:44] Meter 146: Generated 6.568 kWh (encrypted: 334323 bytes, 4.675 ms)
[2025-12-10 08:09:01] NETWORK INFO: Server authentication successful for node: aggregator-001
✓ Aggregator connected: aggregator-001 from 127.0.0.1
✓ Sent 334323 bytes to aggregator-001 (4.51ms)
Session completed with aggregator-001
[2025-12-10 08:09:04] Meter 146: Generated 6.838 kWh (encrypted: 334062 bytes, 7.238 ms)
[2025-12-10 08:09:24] Meter 146: Generated 0.873 kWh (encrypted: 334349 bytes, 5.814 ms)
[2025-12-10 08:09:44] Meter 146: Generated 4.695 kWh (encrypted: 334465 bytes, 4.957 ms)
[2025-12-10 08:10:04] Meter 146: Generated 5.858 kWh (encrypted: 334165 bytes, 6.740 ms)
[2025-12-10 08:10:06] NETWORK INFO: Server authentication successful for node: aggregator-001
✓ Aggregator connected: aggregator-001 from 127.0.0.1
✓ Sent 334165 bytes to aggregator-001 (0.37ms)
Session completed with aggregator-001
[2025-12-10 08:10:24] Meter 146: Generated 1.010 kWh (encrypted: 334198 bytes, 6.633 ms)
[2025-12-10 08:10:44] Meter 146: Generated 4.617 kWh (encrypted: 334384 bytes, 7.242 ms)
[2025-12-10 08:11:04] Meter 146: Generated 3.001 kWh (encrypted: 334510 bytes, 4.757 ms)
[2025-12-10 08:11:12] NETWORK INFO: Server authentication successful for node: aggregator-001
✓ Aggregator connected: aggregator-001 from 127.0.0.1
✓ Sent 334510 bytes to aggregator-001 (0.35ms)
Session completed with aggregator-001
[2025-12-10 08:11:24] Meter 146: Generated 0.753 kWh (encrypted: 334402 bytes, 6.529 ms)
[2025-12-10 08:11:44] Meter 146: Generated 4.031 kWh (encrypted: 334375 bytes, 4.961 ms)
[2025-12-10 08:12:04] Meter 146: Generated 2.217 kWh (encrypted: 334209 bytes, 4.797 ms)
[2025-12-10 08:12:17] NETWORK INFO: Server authentication successful for node: aggregator-001
✓ Aggregator connected: aggregator-001 from 127.0.0.1
✓ Sent 334209 bytes to aggregator-001 (0.42ms)
Session completed with aggregator-001
[2025-12-10 08:12:24] Meter 146: Generated 4.993 kWh (encrypted: 334431 bytes, 7.213 ms)

Received shutdown signal. Gracefully shutting down smart meter...
Network server thread stopped
Data generation thread stopped
Smart meter 146 shutdown complete
