=== Continuous Smart Meter Server 416 ===
Initializing for continuous operation...
SEAL context initialized
Loaded certificate: smart-meter-416
Requesting public keys from KDC...
[2025-12-10 08:03:39] NETWORK ERROR: Failed to connect to 127.0.0.1:8444: Connection refused
Error: Failed to connect to KDC at 127.0.0.1:8444
Error: Failed to send key request to KDC
Failed to obtain keys from KDC, falling back to file keys
Loaded keys from fallback files
Cryptographic components initialized
[2025-12-10 08:03:39] NETWORK INFO: Server socket created and listening on port 9416
✓ Smart meter server ready on port 9416
Data transmission interval: 20 seconds (15x accelerated - simulates 5min)
✓ Performance metrics CSV files initialized in performance_data/
Starting continuous smart meter operation...
Press Ctrl+C to stop gracefully
Data generation thread started
Network server thread started on port 9416
[2025-12-10 08:03:59] Meter 416: Generated 2.729 kWh (encrypted: 334132 bytes, 5.131 ms)
[2025-12-10 08:04:19] Meter 416: Generated 2.361 kWh (encrypted: 334381 bytes, 4.877 ms)
[2025-12-10 08:04:39] Meter 416: Generated 1.466 kWh (encrypted: 334433 bytes, 4.742 ms)
[2025-12-10 08:04:39] NETWORK INFO: Server authentication successful for node: aggregator-001
✓ Aggregator connected: aggregator-001 from 127.0.0.1
✓ Sent 334433 bytes to aggregator-001 (0.94ms)
Session completed with aggregator-001
[2025-12-10 08:04:59] Meter 416: Generated 3.826 kWh (encrypted: 334280 bytes, 5.708 ms)
[2025-12-10 08:05:19] Meter 416: Generated 2.999 kWh (encrypted: 334404 bytes, 6.634 ms)
[2025-12-10 08:05:39] Meter 416: Generated 7.265 kWh (encrypted: 334363 bytes, 4.491 ms)
[2025-12-10 08:05:44] NETWORK INFO: Server authentication successful for node: aggregator-001
✓ Aggregator connected: aggregator-001 from 127.0.0.1
✓ Sent 334363 bytes to aggregator-001 (0.36ms)
Session completed with aggregator-001
[2025-12-10 08:05:59] Meter 416: Generated 6.327 kWh (encrypted: 334216 bytes, 4.684 ms)
[2025-12-10 08:06:19] Meter 416: Generated 2.821 kWh (encrypted: 334333 bytes, 6.477 ms)
[2025-12-10 08:06:39] Meter 416: Generated 4.481 kWh (encrypted: 334331 bytes, 4.623 ms)
[2025-12-10 08:06:50] NETWORK INFO: Server authentication successful for node: aggregator-001
✓ Aggregator connected: aggregator-001 from 127.0.0.1
✓ Sent 334331 bytes to aggregator-001 (0.40ms)
Session completed with aggregator-001
[2025-12-10 08:06:59] Meter 416: Generated 1.580 kWh (encrypted: 333231 bytes, 4.573 ms)
[2025-12-10 08:07:19] Meter 416: Generated 3.892 kWh (encrypted: 334199 bytes, 4.819 ms)
[2025-12-10 08:07:39] Meter 416: Generated 3.968 kWh (encrypted: 334402 bytes, 4.608 ms)
[2025-12-10 08:07:56] NETWORK INFO: Server authentication successful for node: aggregator-001
✓ Aggregator connected: aggregator-001 from 127.0.0.1
✓ Sent 334402 bytes to aggregator-001 (0.38ms)
Session completed with aggregator-001
[2025-12-10 08:07:59] Meter 416: Generated 3.476 kWh (encrypted: 334120 bytes, 4.887 ms)
[2025-12-10 08:08:19] Meter 416: Generated 3.968 kWh (encrypted: 334213 bytes, 7.334 ms)
[2025-12-10 08:08:39] Meter 416: Generated 3.187 kWh (encrypted: 334495 bytes, 5.161 ms)
[2025-12-10 08:08:59] Meter 416: Generated 5.249 kWh (encrypted: 334213 bytes, 4.756 ms)
[2025-12-10 08:09:01] NETWORK INFO: Server authentication successful for node: aggregator-001
✓ Aggregator connected: aggregator-001 from 127.0.0.1
✓ Sent 334213 bytes to aggregator-001 (1.08ms)
Session completed with aggregator-001
[2025-12-10 08:09:19] Meter 416: Generated 1.709 kWh (encrypted: 334357 bytes, 6.373 ms)
[2025-12-10 08:09:39] Meter 416: Generated 5.729 kWh (encrypted: 334362 bytes, 4.854 ms)
[2025-12-10 08:09:59] Meter 416: Generated 5.134 kWh (encrypted: 334426 bytes, 11.704 ms)
[2025-12-10 08:10:06] NETWORK INFO: Server authentication successful for node: aggregator-001
✓ Aggregator connected: aggregator-001 from 127.0.0.1
✓ Sent 334426 bytes to aggregator-001 (21.42ms)
Session completed with aggregator-001
[2025-12-10 08:10:19] Meter 416: Generated 5.199 kWh (encrypted: 334412 bytes, 4.684 ms)
[2025-12-10 08:10:39] Meter 416: Generated 2.703 kWh (encrypted: 334394 bytes, 4.948 ms)
[2025-12-10 08:10:59] Meter 416: Generated 6.900 kWh (encrypted: 333332 bytes, 6.621 ms)
[2025-12-10 08:11:12] NETWORK INFO: Server authentication successful for node: aggregator-001
✓ Aggregator connected: aggregator-001 from 127.0.0.1
✓ Sent 333332 bytes to aggregator-001 (2.45ms)
Session completed with aggregator-001
[2025-12-10 08:11:19] Meter 416: Generated 3.692 kWh (encrypted: 334343 bytes, 7.071 ms)
[2025-12-10 08:11:39] Meter 416: Generated 3.371 kWh (encrypted: 333353 bytes, 4.761 ms)
[2025-12-10 08:11:59] Meter 416: Generated 1.912 kWh (encrypted: 334543 bytes, 5.671 ms)
[2025-12-10 08:12:17] NETWORK INFO: Server authentication successful for node: aggregator-001
✓ Aggregator connected: aggregator-001 from 127.0.0.1
✓ Sent 334543 bytes to aggregator-001 (0.35ms)
Session completed with aggregator-001
[2025-12-10 08:12:19] Meter 416: Generated 6.657 kWh (encrypted: 334164 bytes, 5.159 ms)

Received shutdown signal. Gracefully shutting down smart meter...
Network server thread stopped
Data generation thread stopped
Smart meter 416 shutdown complete
