=== Continuous Smart Meter Server 301 ===
Initializing for continuous operation...
SEAL context initialized
Loaded certificate: smart-meter-301
Requesting public keys from KDC...
[2025-12-10 08:01:15] NETWORK ERROR: Failed to connect to 127.0.0.1:8444: Connection refused
Error: Failed to connect to KDC at 127.0.0.1:8444
Error: Failed to send key request to KDC
Failed to obtain keys from KDC, falling back to file keys
Loaded keys from fallback files
Cryptographic components initialized
[2025-12-10 08:01:15] NETWORK INFO: Server socket created and listening on port 9301
✓ Smart meter server ready on port 9301
Data transmission interval: 20 seconds (15x accelerated - simulates 5min)
✓ Performance metrics CSV files initialized in performance_data/
Starting continuous smart meter operation...
Press Ctrl+C to stop gracefully
Data generation thread started
Network server thread started on port 9301
[2025-12-10 08:01:31] NETWORK INFO: Server authentication successful for node: aggregator-001
✓ Aggregator connected: aggregator-001 from 127.0.0.1
[2025-12-10 08:01:35] Meter 301: Generated 2.310 kWh (encrypted: 334248 bytes, 5.179 ms)
✓ Sent 334248 bytes to aggregator-001 (0.70ms)
Session completed with aggregator-001
[2025-12-10 08:01:55] Meter 301: Generated 0.922 kWh (encrypted: 334379 bytes, 5.509 ms)
[2025-12-10 08:02:15] Meter 301: Generated 2.882 kWh (encrypted: 334460 bytes, 4.632 ms)
[2025-12-10 08:02:33] NETWORK INFO: Server authentication successful for node: aggregator-001
✓ Aggregator connected: aggregator-001 from 127.0.0.1
✓ Sent 334460 bytes to aggregator-001 (0.40ms)
Session completed with aggregator-001
[2025-12-10 08:02:35] Meter 301: Generated 2.825 kWh (encrypted: 334145 bytes, 6.522 ms)
[2025-12-10 08:02:55] Meter 301: Generated 7.084 kWh (encrypted: 334423 bytes, 4.407 ms)
[2025-12-10 08:03:15] Meter 301: Generated 4.077 kWh (encrypted: 334286 bytes, 5.138 ms)
[2025-12-10 08:03:35] Meter 301: Generated 0.917 kWh (encrypted: 334417 bytes, 4.627 ms)
[2025-12-10 08:03:36] NETWORK INFO: Server authentication successful for node: aggregator-001
✓ Aggregator connected: aggregator-001 from 127.0.0.1
✓ Sent 334417 bytes to aggregator-001 (10.12ms)
Session completed with aggregator-001
[2025-12-10 08:03:55] Meter 301: Generated 6.500 kWh (encrypted: 334387 bytes, 6.125 ms)
[2025-12-10 08:04:15] Meter 301: Generated 4.062 kWh (encrypted: 334369 bytes, 6.227 ms)
[2025-12-10 08:04:35] Meter 301: Generated 7.281 kWh (encrypted: 334139 bytes, 7.165 ms)
[2025-12-10 08:04:39] NETWORK INFO: Server authentication successful for node: aggregator-001
✓ Aggregator connected: aggregator-001 from 127.0.0.1
✓ Sent 334139 bytes to aggregator-001 (10.07ms)
Session completed with aggregator-001
[2025-12-10 08:04:55] Meter 301: Generated 5.713 kWh (encrypted: 334360 bytes, 4.894 ms)
[2025-12-10 08:05:15] Meter 301: Generated 4.414 kWh (encrypted: 333977 bytes, 8.232 ms)
[2025-12-10 08:05:35] Meter 301: Generated 3.500 kWh (encrypted: 334161 bytes, 7.466 ms)
[2025-12-10 08:05:44] NETWORK INFO: Server authentication successful for node: aggregator-001
✓ Aggregator connected: aggregator-001 from 127.0.0.1
✓ Sent 334161 bytes to aggregator-001 (0.38ms)
Session completed with aggregator-001
[2025-12-10 08:05:55] Meter 301: Generated 3.906 kWh (encrypted: 333485 bytes, 7.508 ms)
[2025-12-10 08:06:15] Meter 301: Generated 0.808 kWh (encrypted: 334135 bytes, 6.677 ms)
[2025-12-10 08:06:35] Meter 301: Generated 6.027 kWh (encrypted: 334138 bytes, 6.007 ms)
[2025-12-10 08:06:50] NETWORK INFO: Server authentication successful for node: aggregator-001
✓ Aggregator connected: aggregator-001 from 127.0.0.1
✓ Sent 334138 bytes to aggregator-001 (3.26ms)
Session completed with aggregator-001
[2025-12-10 08:06:55] Meter 301: Generated 3.676 kWh (encrypted: 334405 bytes, 4.685 ms)
[2025-12-10 08:07:15] Meter 301: Generated 7.135 kWh (encrypted: 334280 bytes, 6.852 ms)
[2025-12-10 08:07:35] Meter 301: Generated 7.027 kWh (encrypted: 334272 bytes, 5.163 ms)
[2025-12-10 08:07:55] Meter 301: Generated 2.002 kWh (encrypted: 334306 bytes, 4.486 ms)
[2025-12-10 08:07:55] NETWORK INFO: Server authentication successful for node: aggregator-001
✓ Aggregator connected: aggregator-001 from 127.0.0.1
✓ Sent 334306 bytes to aggregator-001 (0.39ms)
Session completed with aggregator-001
[2025-12-10 08:08:15] Meter 301: Generated 6.616 kWh (encrypted: 334067 bytes, 6.475 ms)
[2025-12-10 08:08:35] Meter 301: Generated 3.385 kWh (encrypted: 334182 bytes, 5.068 ms)
[2025-12-10 08:08:55] Meter 301: Generated 7.692 kWh (encrypted: 334395 bytes, 6.362 ms)
[2025-12-10 08:09:01] NETWORK INFO: Server authentication successful for node: aggregator-001
✓ Aggregator connected: aggregator-001 from 127.0.0.1
✓ Sent 334395 bytes to aggregator-001 (0.36ms)
Session completed with aggregator-001
[2025-12-10 08:09:15] Meter 301: Generated 3.918 kWh (encrypted: 334471 bytes, 6.940 ms)
[2025-12-10 08:09:35] Meter 301: Generated 1.211 kWh (encrypted: 334245 bytes, 6.202 ms)
[2025-12-10 08:09:55] Meter 301: Generated 6.603 kWh (encrypted: 334108 bytes, 7.816 ms)
[2025-12-10 08:10:06] NETWORK INFO: Server authentication successful for node: aggregator-001
✓ Aggregator connected: aggregator-001 from 127.0.0.1
✓ Sent 334108 bytes to aggregator-001 (30.30ms)
Session completed with aggregator-001
[2025-12-10 08:10:15] Meter 301: Generated 3.430 kWh (encrypted: 334352 bytes, 5.468 ms)
[2025-12-10 08:10:35] Meter 301: Generated 5.516 kWh (encrypted: 334145 bytes, 6.025 ms)
[2025-12-10 08:10:55] Meter 301: Generated 6.902 kWh (encrypted: 334424 bytes, 4.624 ms)
[2025-12-10 08:11:12] NETWORK INFO: Server authentication successful for node: aggregator-001
✓ Aggregator connected: aggregator-001 from 127.0.0.1
✓ Sent 334424 bytes to aggregator-001 (0.35ms)
Session completed with aggregator-001
[2025-12-10 08:11:15] Meter 301: Generated 5.023 kWh (encrypted: 334101 bytes, 5.385 ms)
[2025-12-10 08:11:35] Meter 301: Generated 3.168 kWh (encrypted: 334309 bytes, 5.208 ms)
[2025-12-10 08:11:55] Meter 301: Generated 1.281 kWh (encrypted: 334476 bytes, 5.961 ms)
[2025-12-10 08:12:15] Meter 301: Generated 7.186 kWh (encrypted: 334305 bytes, 4.974 ms)
[2025-12-10 08:12:17] NETWORK INFO: Server authentication successful for node: aggregator-001
✓ Aggregator connected: aggregator-001 from 127.0.0.1
✓ Sent 334305 bytes to aggregator-001 (0.36ms)
Session completed with aggregator-001

Received shutdown signal. Gracefully shutting down smart meter...
Network server thread stopped
Data generation thread stopped
Smart meter 301 shutdown complete
