=== Continuous Smart Meter Server 167 ===
Initializing for continuous operation...
SEAL context initialized
Loaded certificate: smart-meter-167
Requesting public keys from KDC...
[2025-12-10 07:58:30] NETWORK ERROR: Failed to connect to 127.0.0.1:8444: Connection refused
Error: Failed to connect to KDC at 127.0.0.1:8444
Error: Failed to send key request to KDC
Failed to obtain keys from KDC, falling back to file keys
Loaded keys from fallback files
Cryptographic components initialized
[2025-12-10 07:58:30] NETWORK INFO: Server socket created and listening on port 9167
✓ Smart meter server ready on port 9167
Data transmission interval: 20 seconds (15x accelerated - simulates 5min)
✓ Performance metrics CSV files initialized in performance_data/
Starting continuous smart meter operation...
Press Ctrl+C to stop gracefully
Data generation thread started
Network server thread started on port 9167
[2025-12-10 07:58:50] Meter 167: Generated 2.463 kWh (encrypted: 334414 bytes, 6.670 ms)
[2025-12-10 07:59:10] Meter 167: Generated 5.549 kWh (encrypted: 334322 bytes, 4.422 ms)
[2025-12-10 07:59:26] NETWORK INFO: Server authentication successful for node: aggregator-001
✓ Aggregator connected: aggregator-001 from 127.0.0.1
✓ Sent 334322 bytes to aggregator-001 (0.68ms)
Session completed with aggregator-001
[2025-12-10 07:59:30] Meter 167: Generated 3.872 kWh (encrypted: 334424 bytes, 4.662 ms)
[2025-12-10 07:59:50] Meter 167: Generated 1.434 kWh (encrypted: 334479 bytes, 4.413 ms)
[2025-12-10 08:00:10] Meter 167: Generated 0.774 kWh (encrypted: 334354 bytes, 6.079 ms)
[2025-12-10 08:00:28] NETWORK INFO: Server authentication successful for node: aggregator-001
✓ Aggregator connected: aggregator-001 from 127.0.0.1
✓ Sent 334354 bytes to aggregator-001 (0.40ms)
Session completed with aggregator-001
[2025-12-10 08:00:30] Meter 167: Generated 3.153 kWh (encrypted: 334414 bytes, 4.726 ms)
[2025-12-10 08:00:50] Meter 167: Generated 1.347 kWh (encrypted: 334432 bytes, 4.734 ms)
[2025-12-10 08:01:10] Meter 167: Generated 2.267 kWh (encrypted: 334398 bytes, 4.433 ms)
[2025-12-10 08:01:30] Meter 167: Generated 1.319 kWh (encrypted: 334400 bytes, 4.374 ms)
[2025-12-10 08:01:31] NETWORK INFO: Server authentication successful for node: aggregator-001
✓ Aggregator connected: aggregator-001 from 127.0.0.1
✓ Sent 334400 bytes to aggregator-001 (0.42ms)
Session completed with aggregator-001
[2025-12-10 08:01:50] Meter 167: Generated 2.753 kWh (encrypted: 334308 bytes, 4.442 ms)
[2025-12-10 08:02:10] Meter 167: Generated 5.948 kWh (encrypted: 334237 bytes, 6.964 ms)
[2025-12-10 08:02:30] Meter 167: Generated 7.074 kWh (encrypted: 334353 bytes, 4.864 ms)
[2025-12-10 08:02:33] NETWORK INFO: Server authentication successful for node: aggregator-001
✓ Aggregator connected: aggregator-001 from 127.0.0.1
✓ Sent 334353 bytes to aggregator-001 (0.40ms)
Session completed with aggregator-001
[2025-12-10 08:02:50] Meter 167: Generated 6.936 kWh (encrypted: 334193 bytes, 5.020 ms)
[2025-12-10 08:03:10] Meter 167: Generated 2.480 kWh (encrypted: 334454 bytes, 4.518 ms)
[2025-12-10 08:03:30] Meter 167: Generated 5.268 kWh (encrypted: 334096 bytes, 6.153 ms)
[2025-12-10 08:03:36] NETWORK INFO: Server authentication successful for node: aggregator-001
✓ Aggregator connected: aggregator-001 from 127.0.0.1
✓ Sent 334096 bytes to aggregator-001 (0.38ms)
Session completed with aggregator-001
[2025-12-10 08:03:50] Meter 167: Generated 5.699 kWh (encrypted: 334109 bytes, 5.663 ms)
[2025-12-10 08:04:10] Meter 167: Generated 5.884 kWh (encrypted: 334249 bytes, 4.469 ms)
[2025-12-10 08:04:30] Meter 167: Generated 1.285 kWh (encrypted: 334492 bytes, 8.458 ms)
[2025-12-10 08:04:39] NETWORK INFO: Server authentication successful for node: aggregator-001
✓ Aggregator connected: aggregator-001 from 127.0.0.1
✓ Sent 334492 bytes to aggregator-001 (0.36ms)
Session completed with aggregator-001
[2025-12-10 08:04:50] Meter 167: Generated 2.467 kWh (encrypted: 334256 bytes, 4.847 ms)
[2025-12-10 08:05:10] Meter 167: Generated 3.711 kWh (encrypted: 334212 bytes, 24.004 ms)
[2025-12-10 08:05:30] Meter 167: Generated 1.615 kWh (encrypted: 334076 bytes, 5.031 ms)
[2025-12-10 08:05:44] NETWORK INFO: Server authentication successful for node: aggregator-001
✓ Aggregator connected: aggregator-001 from 127.0.0.1
✓ Sent 334076 bytes to aggregator-001 (0.37ms)
Session completed with aggregator-001
[2025-12-10 08:05:50] Meter 167: Generated 2.567 kWh (encrypted: 333971 bytes, 6.586 ms)
[2025-12-10 08:06:10] Meter 167: Generated 7.514 kWh (encrypted: 334002 bytes, 4.669 ms)
[2025-12-10 08:06:30] Meter 167: Generated 3.752 kWh (encrypted: 334488 bytes, 4.554 ms)
[2025-12-10 08:06:50] Meter 167: Generated 5.392 kWh (encrypted: 334275 bytes, 4.790 ms)
[2025-12-10 08:06:50] NETWORK INFO: Server authentication successful for node: aggregator-001
✓ Aggregator connected: aggregator-001 from 127.0.0.1
✓ Sent 334275 bytes to aggregator-001 (51.57ms)
Session completed with aggregator-001
[2025-12-10 08:07:10] Meter 167: Generated 4.791 kWh (encrypted: 334205 bytes, 6.597 ms)
[2025-12-10 08:07:30] Meter 167: Generated 2.484 kWh (encrypted: 334169 bytes, 4.999 ms)
[2025-12-10 08:07:50] Meter 167: Generated 2.936 kWh (encrypted: 334264 bytes, 4.624 ms)
[2025-12-10 08:07:56] NETWORK INFO: Server authentication successful for node: aggregator-001
✓ Aggregator connected: aggregator-001 from 127.0.0.1
✓ Sent 334264 bytes to aggregator-001 (2.77ms)
Session completed with aggregator-001
[2025-12-10 08:08:10] Meter 167: Generated 2.837 kWh (encrypted: 334369 bytes, 7.210 ms)
[2025-12-10 08:08:30] Meter 167: Generated 1.661 kWh (encrypted: 334283 bytes, 5.121 ms)
[2025-12-10 08:08:50] Meter 167: Generated 1.216 kWh (encrypted: 334137 bytes, 4.666 ms)
[2025-12-10 08:09:01] NETWORK INFO: Server authentication successful for node: aggregator-001
✓ Aggregator connected: aggregator-001 from 127.0.0.1
✓ Sent 334137 bytes to aggregator-001 (0.41ms)
Session completed with aggregator-001
[2025-12-10 08:09:10] Meter 167: Generated 6.091 kWh (encrypted: 333979 bytes, 5.710 ms)
[2025-12-10 08:09:30] Meter 167: Generated 2.127 kWh (encrypted: 334285 bytes, 4.748 ms)
[2025-12-10 08:09:50] Meter 167: Generated 5.382 kWh (encrypted: 334023 bytes, 4.627 ms)
[2025-12-10 08:10:06] NETWORK INFO: Server authentication successful for node: aggregator-001
✓ Aggregator connected: aggregator-001 from 127.0.0.1
✓ Sent 334023 bytes to aggregator-001 (0.42ms)
Session completed with aggregator-001
[2025-12-10 08:10:10] Meter 167: Generated 2.758 kWh (encrypted: 334330 bytes, 5.739 ms)
[2025-12-10 08:10:30] Meter 167: Generated 3.128 kWh (encrypted: 334362 bytes, 5.349 ms)
[2025-12-10 08:10:50] Meter 167: Generated 2.309 kWh (encrypted: 334216 bytes, 4.675 ms)
[2025-12-10 08:11:10] Meter 167: Generated 4.445 kWh (encrypted: 334311 bytes, 4.519 ms)
[2025-12-10 08:11:12] NETWORK INFO: Server authentication successful for node: aggregator-001
✓ Aggregator connected: aggregator-001 from 127.0.0.1
✓ Sent 334311 bytes to aggregator-001 (0.37ms)
Session completed with aggregator-001
[2025-12-10 08:11:30] Meter 167: Generated 1.789 kWh (encrypted: 333400 bytes, 4.670 ms)
[2025-12-10 08:11:50] Meter 167: Generated 1.856 kWh (encrypted: 334478 bytes, 4.658 ms)
[2025-12-10 08:12:10] Meter 167: Generated 1.267 kWh (encrypted: 334267 bytes, 4.853 ms)
[2025-12-10 08:12:17] NETWORK INFO: Server authentication successful for node: aggregator-001
✓ Aggregator connected: aggregator-001 from 127.0.0.1
✓ Sent 334267 bytes to aggregator-001 (0.41ms)
Session completed with aggregator-001
[2025-12-10 08:12:30] Meter 167: Generated 2.138 kWh (encrypted: 334420 bytes, 4.611 ms)

Received shutdown signal. Gracefully shutting down smart meter...
Network server thread stopped
Data generation thread stopped
Smart meter 167 shutdown complete
