=== Continuous Smart Meter Server 91 ===
Initializing for continuous operation...
SEAL context initialized
Loaded certificate: smart-meter-091
Requesting public keys from KDC...
[2025-12-10 07:56:57] NETWORK ERROR: Failed to connect to 127.0.0.1:8444: Connection refused
Error: Failed to connect to KDC at 127.0.0.1:8444
Error: Failed to send key request to KDC
Failed to obtain keys from KDC, falling back to file keys
Loaded keys from fallback files
Cryptographic components initialized
[2025-12-10 07:56:57] NETWORK INFO: Server socket created and listening on port 9091
✓ Smart meter server ready on port 9091
Data transmission interval: 20 seconds (15x accelerated - simulates 5min)
✓ Performance metrics CSV files initialized in performance_data/
Starting continuous smart meter operation...
Press Ctrl+C to stop gracefully
Data generation thread started
Network server thread started on port 9091
[2025-12-10 07:57:15] NETWORK INFO: Server authentication successful for node: aggregator-001
✓ Aggregator connected: aggregator-001 from 127.0.0.1
[2025-12-10 07:57:17] Meter 91: Generated 7.371 kWh (encrypted: 334405 bytes, 5.063 ms)
✓ Sent 334405 bytes to aggregator-001 (0.67ms)
Session completed with aggregator-001
[2025-12-10 07:57:37] Meter 91: Generated 5.880 kWh (encrypted: 334422 bytes, 4.442 ms)
[2025-12-10 07:57:57] Meter 91: Generated 1.418 kWh (encrypted: 334380 bytes, 4.543 ms)
[2025-12-10 07:58:17] Meter 91: Generated 2.599 kWh (encrypted: 334384 bytes, 4.428 ms)
[2025-12-10 07:58:25] NETWORK INFO: Server authentication successful for node: aggregator-001
✓ Aggregator connected: aggregator-001 from 127.0.0.1
✓ Sent 334384 bytes to aggregator-001 (0.36ms)
Session completed with aggregator-001
[2025-12-10 07:58:37] Meter 91: Generated 1.211 kWh (encrypted: 334160 bytes, 4.508 ms)
[2025-12-10 07:58:57] Meter 91: Generated 2.802 kWh (encrypted: 334425 bytes, 4.585 ms)
[2025-12-10 07:59:17] Meter 91: Generated 2.817 kWh (encrypted: 334259 bytes, 4.353 ms)
[2025-12-10 07:59:26] NETWORK INFO: Server authentication successful for node: aggregator-001
✓ Aggregator connected: aggregator-001 from 127.0.0.1
✓ Sent 334259 bytes to aggregator-001 (0.34ms)
Session completed with aggregator-001
[2025-12-10 07:59:37] Meter 91: Generated 2.676 kWh (encrypted: 334394 bytes, 5.929 ms)
[2025-12-10 07:59:57] Meter 91: Generated 5.516 kWh (encrypted: 334246 bytes, 4.763 ms)
[2025-12-10 08:00:17] Meter 91: Generated 2.462 kWh (encrypted: 334348 bytes, 5.215 ms)
[2025-12-10 08:00:28] NETWORK INFO: Server authentication successful for node: aggregator-001
✓ Aggregator connected: aggregator-001 from 127.0.0.1
✓ Sent 334348 bytes to aggregator-001 (0.37ms)
Session completed with aggregator-001
[2025-12-10 08:00:37] Meter 91: Generated 1.759 kWh (encrypted: 334177 bytes, 4.797 ms)
[2025-12-10 08:00:57] Meter 91: Generated 0.985 kWh (encrypted: 334192 bytes, 4.888 ms)
[2025-12-10 08:01:17] Meter 91: Generated 2.766 kWh (encrypted: 334196 bytes, 4.607 ms)
[2025-12-10 08:01:31] NETWORK INFO: Server authentication successful for node: aggregator-001
✓ Aggregator connected: aggregator-001 from 127.0.0.1
✓ Sent 334196 bytes to aggregator-001 (0.61ms)
Session completed with aggregator-001
[2025-12-10 08:01:37] Meter 91: Generated 2.422 kWh (encrypted: 334122 bytes, 4.720 ms)
[2025-12-10 08:01:57] Meter 91: Generated 2.491 kWh (encrypted: 334461 bytes, 4.603 ms)
[2025-12-10 08:02:17] Meter 91: Generated 5.868 kWh (encrypted: 334204 bytes, 4.794 ms)
[2025-12-10 08:02:33] NETWORK INFO: Server authentication successful for node: aggregator-001
✓ Aggregator connected: aggregator-001 from 127.0.0.1
✓ Sent 334204 bytes to aggregator-001 (6.88ms)
Session completed with aggregator-001
[2025-12-10 08:02:37] Meter 91: Generated 2.291 kWh (encrypted: 334407 bytes, 4.735 ms)
[2025-12-10 08:02:57] Meter 91: Generated 4.523 kWh (encrypted: 334432 bytes, 4.488 ms)
[2025-12-10 08:03:17] Meter 91: Generated 2.920 kWh (encrypted: 334273 bytes, 5.819 ms)
[2025-12-10 08:03:36] NETWORK INFO: Server authentication successful for node: aggregator-001
✓ Aggregator connected: aggregator-001 from 127.0.0.1
✓ Sent 334273 bytes to aggregator-001 (4.65ms)
Session completed with aggregator-001
[2025-12-10 08:03:37] Meter 91: Generated 0.941 kWh (encrypted: 334018 bytes, 4.805 ms)
[2025-12-10 08:03:57] Meter 91: Generated 6.744 kWh (encrypted: 334186 bytes, 6.611 ms)
[2025-12-10 08:04:17] Meter 91: Generated 2.100 kWh (encrypted: 334451 bytes, 4.477 ms)
[2025-12-10 08:04:37] Meter 91: Generated 7.354 kWh (encrypted: 334105 bytes, 6.935 ms)
[2025-12-10 08:04:39] NETWORK INFO: Server authentication successful for node: aggregator-001
✓ Aggregator connected: aggregator-001 from 127.0.0.1
✓ Sent 334105 bytes to aggregator-001 (8.25ms)
Session completed with aggregator-001
[2025-12-10 08:04:57] Meter 91: Generated 4.472 kWh (encrypted: 334122 bytes, 5.913 ms)
[2025-12-10 08:05:17] Meter 91: Generated 1.613 kWh (encrypted: 334388 bytes, 10.012 ms)
[2025-12-10 08:05:37] Meter 91: Generated 3.623 kWh (encrypted: 334451 bytes, 5.388 ms)
[2025-12-10 08:05:44] NETWORK INFO: Server authentication successful for node: aggregator-001
✓ Aggregator connected: aggregator-001 from 127.0.0.1
✓ Sent 334451 bytes to aggregator-001 (0.37ms)
Session completed with aggregator-001
[2025-12-10 08:05:57] Meter 91: Generated 4.324 kWh (encrypted: 334376 bytes, 32.371 ms)
[2025-12-10 08:06:17] Meter 91: Generated 1.742 kWh (encrypted: 334065 bytes, 6.248 ms)
[2025-12-10 08:06:37] Meter 91: Generated 7.180 kWh (encrypted: 334364 bytes, 4.567 ms)
[2025-12-10 08:06:50] NETWORK INFO: Server authentication successful for node: aggregator-001
✓ Aggregator connected: aggregator-001 from 127.0.0.1
✓ Sent 334364 bytes to aggregator-001 (0.41ms)
Session completed with aggregator-001
[2025-12-10 08:06:57] Meter 91: Generated 4.027 kWh (encrypted: 334287 bytes, 9.386 ms)
[2025-12-10 08:07:17] Meter 91: Generated 3.047 kWh (encrypted: 334381 bytes, 4.991 ms)
[2025-12-10 08:07:37] Meter 91: Generated 7.173 kWh (encrypted: 334115 bytes, 6.469 ms)
[2025-12-10 08:07:55] NETWORK INFO: Server authentication successful for node: aggregator-001
✓ Aggregator connected: aggregator-001 from 127.0.0.1
✓ Sent 334115 bytes to aggregator-001 (0.39ms)
Session completed with aggregator-001
[2025-12-10 08:07:57] Meter 91: Generated 2.005 kWh (encrypted: 334140 bytes, 7.229 ms)
[2025-12-10 08:08:17] Meter 91: Generated 6.086 kWh (encrypted: 334281 bytes, 4.808 ms)
[2025-12-10 08:08:37] Meter 91: Generated 1.163 kWh (encrypted: 334380 bytes, 6.250 ms)
[2025-12-10 08:08:57] Meter 91: Generated 4.168 kWh (encrypted: 334162 bytes, 4.993 ms)
[2025-12-10 08:09:01] NETWORK INFO: Server authentication successful for node: aggregator-001
✓ Aggregator connected: aggregator-001 from 127.0.0.1
✓ Sent 334162 bytes to aggregator-001 (1.80ms)
Session completed with aggregator-001
[2025-12-10 08:09:17] Meter 91: Generated 0.699 kWh (encrypted: 334157 bytes, 9.539 ms)
[2025-12-10 08:09:37] Meter 91: Generated 6.796 kWh (encrypted: 333966 bytes, 7.518 ms)
[2025-12-10 08:09:57] Meter 91: Generated 2.924 kWh (encrypted: 334183 bytes, 4.997 ms)
[2025-12-10 08:10:06] NETWORK INFO: Server authentication successful for node: aggregator-001
✓ Aggregator connected: aggregator-001 from 127.0.0.1
✓ Sent 334183 bytes to aggregator-001 (0.37ms)
Session completed with aggregator-001
[2025-12-10 08:10:17] Meter 91: Generated 2.540 kWh (encrypted: 334269 bytes, 4.489 ms)
[2025-12-10 08:10:37] Meter 91: Generated 2.037 kWh (encrypted: 334521 bytes, 4.890 ms)
[2025-12-10 08:10:57] Meter 91: Generated 6.957 kWh (encrypted: 334424 bytes, 4.776 ms)
[2025-12-10 08:11:12] NETWORK INFO: Server authentication successful for node: aggregator-001
✓ Aggregator connected: aggregator-001 from 127.0.0.1
✓ Sent 334424 bytes to aggregator-001 (0.38ms)
Session completed with aggregator-001
[2025-12-10 08:11:17] Meter 91: Generated 1.249 kWh (encrypted: 334226 bytes, 14.399 ms)
[2025-12-10 08:11:37] Meter 91: Generated 3.740 kWh (encrypted: 334221 bytes, 15.453 ms)
[2025-12-10 08:11:57] Meter 91: Generated 5.953 kWh (encrypted: 334446 bytes, 4.408 ms)
[2025-12-10 08:12:17] NETWORK INFO: Server authentication successful for node: aggregator-001
✓ Aggregator connected: aggregator-001 from 127.0.0.1
✓ Sent 334446 bytes to aggregator-001 (0.40ms)
Session completed with aggregator-001
[2025-12-10 08:12:17] Meter 91: Generated 2.702 kWh (encrypted: 334420 bytes, 25.739 ms)

Received shutdown signal. Gracefully shutting down smart meter...
Network server thread stopped
Data generation thread stopped
Smart meter 91 shutdown complete
