=== Continuous Smart Meter Server 8 ===
Initializing for continuous operation...
SEAL context initialized
Loaded certificate: smart-meter-008
Requesting public keys from KDC...
[2025-12-10 07:55:16] NETWORK ERROR: Failed to connect to 127.0.0.1:8444: Connection refused
Error: Failed to connect to KDC at 127.0.0.1:8444
Error: Failed to send key request to KDC
Failed to obtain keys from KDC, falling back to file keys
Loaded keys from fallback files
Cryptographic components initialized
[2025-12-10 07:55:16] NETWORK INFO: Server socket created and listening on port 9008
✓ Smart meter server ready on port 9008
Data transmission interval: 20 seconds (15x accelerated - simulates 5min)
✓ Performance metrics CSV files initialized in performance_data/
Starting continuous smart meter operation...
Press Ctrl+C to stop gracefully
Data generation thread started
Network server thread started on port 9008
[2025-12-10 07:55:36] Meter 8: Generated 4.744 kWh (encrypted: 334230 bytes, 4.845 ms)
[2025-12-10 07:55:56] Meter 8: Generated 0.925 kWh (encrypted: 334171 bytes, 4.244 ms)
[2025-12-10 07:56:05] NETWORK INFO: Server authentication successful for node: aggregator-001
✓ Aggregator connected: aggregator-001 from 127.0.0.1
✓ Sent 334171 bytes to aggregator-001 (0.68ms)
Session completed with aggregator-001
[2025-12-10 07:56:16] Meter 8: Generated 2.204 kWh (encrypted: 334213 bytes, 4.249 ms)
[2025-12-10 07:56:36] Meter 8: Generated 2.956 kWh (encrypted: 334359 bytes, 4.251 ms)
[2025-12-10 07:56:56] Meter 8: Generated 2.103 kWh (encrypted: 334164 bytes, 4.239 ms)
[2025-12-10 07:57:15] NETWORK INFO: Server authentication successful for node: aggregator-001
✓ Aggregator connected: aggregator-001 from 127.0.0.1
✓ Sent 334164 bytes to aggregator-001 (0.65ms)
Session completed with aggregator-001
[2025-12-10 07:57:16] Meter 8: Generated 3.818 kWh (encrypted: 334153 bytes, 4.256 ms)
[2025-12-10 07:57:36] Meter 8: Generated 1.853 kWh (encrypted: 334417 bytes, 4.834 ms)
[2025-12-10 07:57:56] Meter 8: Generated 6.950 kWh (encrypted: 334368 bytes, 6.324 ms)
[2025-12-10 07:58:16] Meter 8: Generated 6.621 kWh (encrypted: 334146 bytes, 5.479 ms)
[2025-12-10 07:58:25] NETWORK INFO: Server authentication successful for node: aggregator-001
✓ Aggregator connected: aggregator-001 from 127.0.0.1
✓ Sent 334146 bytes to aggregator-001 (0.34ms)
Session completed with aggregator-001
[2025-12-10 07:58:36] Meter 8: Generated 4.857 kWh (encrypted: 334511 bytes, 4.410 ms)
[2025-12-10 07:58:56] Meter 8: Generated 2.791 kWh (encrypted: 334134 bytes, 5.658 ms)
[2025-12-10 07:59:16] Meter 8: Generated 0.771 kWh (encrypted: 334486 bytes, 5.448 ms)
[2025-12-10 07:59:26] NETWORK INFO: Server authentication successful for node: aggregator-001
✓ Aggregator connected: aggregator-001 from 127.0.0.1
✓ Sent 334486 bytes to aggregator-001 (0.35ms)
Session completed with aggregator-001
[2025-12-10 07:59:36] Meter 8: Generated 3.570 kWh (encrypted: 334170 bytes, 5.411 ms)
[2025-12-10 07:59:56] Meter 8: Generated 5.957 kWh (encrypted: 334177 bytes, 4.733 ms)
[2025-12-10 08:00:16] Meter 8: Generated 7.370 kWh (encrypted: 334246 bytes, 4.758 ms)
[2025-12-10 08:00:28] NETWORK INFO: Server authentication successful for node: aggregator-001
✓ Aggregator connected: aggregator-001 from 127.0.0.1
✓ Sent 334246 bytes to aggregator-001 (0.40ms)
Session completed with aggregator-001
[2025-12-10 08:00:36] Meter 8: Generated 6.626 kWh (encrypted: 334424 bytes, 4.854 ms)
[2025-12-10 08:00:56] Meter 8: Generated 3.121 kWh (encrypted: 334396 bytes, 5.467 ms)
[2025-12-10 08:01:16] Meter 8: Generated 6.283 kWh (encrypted: 334133 bytes, 4.617 ms)
[2025-12-10 08:01:31] NETWORK INFO: Server authentication successful for node: aggregator-001
✓ Aggregator connected: aggregator-001 from 127.0.0.1
✓ Sent 334133 bytes to aggregator-001 (0.34ms)
Session completed with aggregator-001
[2025-12-10 08:01:36] Meter 8: Generated 6.833 kWh (encrypted: 334362 bytes, 6.060 ms)
[2025-12-10 08:01:56] Meter 8: Generated 4.323 kWh (encrypted: 334318 bytes, 4.883 ms)
[2025-12-10 08:02:16] Meter 8: Generated 3.776 kWh (encrypted: 334391 bytes, 5.419 ms)
[2025-12-10 08:02:33] NETWORK INFO: Server authentication successful for node: aggregator-001
✓ Aggregator connected: aggregator-001 from 127.0.0.1
✓ Sent 334391 bytes to aggregator-001 (13.16ms)
Session completed with aggregator-001
[2025-12-10 08:02:36] Meter 8: Generated 4.548 kWh (encrypted: 334216 bytes, 5.097 ms)
[2025-12-10 08:02:56] Meter 8: Generated 6.877 kWh (encrypted: 334338 bytes, 4.808 ms)
[2025-12-10 08:03:16] Meter 8: Generated 5.971 kWh (encrypted: 334291 bytes, 4.542 ms)
[2025-12-10 08:03:36] Meter 8: Generated 6.423 kWh (encrypted: 334393 bytes, 8.011 ms)
[2025-12-10 08:03:36] NETWORK INFO: Server authentication successful for node: aggregator-001
✓ Aggregator connected: aggregator-001 from 127.0.0.1
✓ Sent 334393 bytes to aggregator-001 (6.12ms)
Session completed with aggregator-001
[2025-12-10 08:03:56] Meter 8: Generated 3.308 kWh (encrypted: 334384 bytes, 4.346 ms)
[2025-12-10 08:04:16] Meter 8: Generated 6.572 kWh (encrypted: 334312 bytes, 4.565 ms)
[2025-12-10 08:04:36] Meter 8: Generated 6.682 kWh (encrypted: 334103 bytes, 4.314 ms)
[2025-12-10 08:04:39] NETWORK INFO: Server authentication successful for node: aggregator-001
✓ Aggregator connected: aggregator-001 from 127.0.0.1
✓ Sent 334103 bytes to aggregator-001 (0.40ms)
Session completed with aggregator-001
[2025-12-10 08:04:56] Meter 8: Generated 4.587 kWh (encrypted: 334400 bytes, 4.584 ms)
[2025-12-10 08:05:16] Meter 8: Generated 3.444 kWh (encrypted: 334133 bytes, 4.427 ms)
[2025-12-10 08:05:36] Meter 8: Generated 7.028 kWh (encrypted: 334205 bytes, 4.380 ms)
[2025-12-10 08:05:44] NETWORK INFO: Server authentication successful for node: aggregator-001
✓ Aggregator connected: aggregator-001 from 127.0.0.1
✓ Sent 334205 bytes to aggregator-001 (0.42ms)
Session completed with aggregator-001
[2025-12-10 08:05:56] Meter 8: Generated 5.307 kWh (encrypted: 334334 bytes, 4.798 ms)
[2025-12-10 08:06:16] Meter 8: Generated 1.124 kWh (encrypted: 334446 bytes, 6.177 ms)
[2025-12-10 08:06:36] Meter 8: Generated 3.125 kWh (encrypted: 334111 bytes, 6.820 ms)
[2025-12-10 08:06:50] NETWORK INFO: Server authentication successful for node: aggregator-001
✓ Aggregator connected: aggregator-001 from 127.0.0.1
✓ Sent 334111 bytes to aggregator-001 (0.36ms)
Session completed with aggregator-001
[2025-12-10 08:06:56] Meter 8: Generated 7.194 kWh (encrypted: 334248 bytes, 4.557 ms)
[2025-12-10 08:07:16] Meter 8: Generated 6.393 kWh (encrypted: 334390 bytes, 4.703 ms)
[2025-12-10 08:07:36] Meter 8: Generated 3.613 kWh (encrypted: 334106 bytes, 4.635 ms)
[2025-12-10 08:07:55] NETWORK INFO: Server authentication successful for node: aggregator-001
✓ Aggregator connected: aggregator-001 from 127.0.0.1
✓ Sent 334106 bytes to aggregator-001 (0.39ms)
Session completed with aggregator-001
[2025-12-10 08:07:56] Meter 8: Generated 1.126 kWh (encrypted: 334172 bytes, 5.170 ms)
[2025-12-10 08:08:16] Meter 8: Generated 3.306 kWh (encrypted: 334173 bytes, 7.107 ms)
[2025-12-10 08:08:36] Meter 8: Generated 6.752 kWh (encrypted: 334426 bytes, 4.391 ms)
[2025-12-10 08:08:56] Meter 8: Generated 3.912 kWh (encrypted: 334351 bytes, 4.339 ms)
[2025-12-10 08:09:01] NETWORK INFO: Server authentication successful for node: aggregator-001
✓ Aggregator connected: aggregator-001 from 127.0.0.1
✓ Sent 334351 bytes to aggregator-001 (0.37ms)
Session completed with aggregator-001
[2025-12-10 08:09:16] Meter 8: Generated 3.377 kWh (encrypted: 334115 bytes, 4.893 ms)
[2025-12-10 08:09:36] Meter 8: Generated 7.409 kWh (encrypted: 334348 bytes, 5.996 ms)
[2025-12-10 08:09:56] Meter 8: Generated 4.042 kWh (encrypted: 334339 bytes, 4.607 ms)
[2025-12-10 08:10:06] NETWORK INFO: Server authentication successful for node: aggregator-001
✓ Aggregator connected: aggregator-001 from 127.0.0.1
✓ Sent 334339 bytes to aggregator-001 (0.37ms)
Session completed with aggregator-001
[2025-12-10 08:10:16] Meter 8: Generated 5.178 kWh (encrypted: 334179 bytes, 4.790 ms)
[2025-12-10 08:10:36] Meter 8: Generated 7.176 kWh (encrypted: 334503 bytes, 5.013 ms)
[2025-12-10 08:10:56] Meter 8: Generated 6.609 kWh (encrypted: 334134 bytes, 5.008 ms)
[2025-12-10 08:11:12] NETWORK INFO: Server authentication successful for node: aggregator-001
✓ Aggregator connected: aggregator-001 from 127.0.0.1
✓ Sent 334134 bytes to aggregator-001 (0.36ms)
Session completed with aggregator-001
[2025-12-10 08:11:16] Meter 8: Generated 6.931 kWh (encrypted: 334163 bytes, 6.282 ms)
[2025-12-10 08:11:36] Meter 8: Generated 6.465 kWh (encrypted: 334349 bytes, 4.621 ms)
[2025-12-10 08:11:56] Meter 8: Generated 6.411 kWh (encrypted: 334447 bytes, 4.781 ms)
[2025-12-10 08:12:16] Meter 8: Generated 3.341 kWh (encrypted: 334483 bytes, 4.645 ms)
[2025-12-10 08:12:17] NETWORK INFO: Server authentication successful for node: aggregator-001
✓ Aggregator connected: aggregator-001 from 127.0.0.1
✓ Sent 334483 bytes to aggregator-001 (0.38ms)
Session completed with aggregator-001

Received shutdown signal. Gracefully shutting down smart meter...
Network server thread stopped

Received shutdown signal. Gracefully shutting down smart meter...
Data generation thread stopped
Smart meter 8 shutdown complete
