=== Continuous Smart Meter Server 207 ===
Initializing for continuous operation...
SEAL context initialized
Loaded certificate: smart-meter-207
Requesting public keys from KDC...
[2025-12-10 07:59:19] NETWORK ERROR: Failed to connect to 127.0.0.1:8444: Connection refused
Error: Failed to connect to KDC at 127.0.0.1:8444
Error: Failed to send key request to KDC
Failed to obtain keys from KDC, falling back to file keys
Loaded keys from fallback files
Cryptographic components initialized
[2025-12-10 07:59:19] NETWORK INFO: Server socket created and listening on port 9207
✓ Smart meter server ready on port 9207
Data transmission interval: 20 seconds (15x accelerated - simulates 5min)
✓ Performance metrics CSV files initialized in performance_data/
Starting continuous smart meter operation...
Press Ctrl+C to stop gracefully
Data generation thread started
Network server thread started on port 9207
[2025-12-10 07:59:26] NETWORK INFO: Server authentication successful for node: aggregator-001
✓ Aggregator connected: aggregator-001 from 127.0.0.1
[2025-12-10 07:59:39] Meter 207: Generated 2.494 kWh (encrypted: 334358 bytes, 5.676 ms)
✓ Sent 334358 bytes to aggregator-001 (0.91ms)
Session completed with aggregator-001
[2025-12-10 07:59:59] Meter 207: Generated 1.551 kWh (encrypted: 334407 bytes, 5.038 ms)
[2025-12-10 08:00:19] Meter 207: Generated 2.812 kWh (encrypted: 334122 bytes, 6.760 ms)
[2025-12-10 08:00:28] NETWORK INFO: Server authentication successful for node: aggregator-001
✓ Aggregator connected: aggregator-001 from 127.0.0.1
✓ Sent 334122 bytes to aggregator-001 (0.39ms)
Session completed with aggregator-001
[2025-12-10 08:00:39] Meter 207: Generated 6.117 kWh (encrypted: 333656 bytes, 4.954 ms)
[2025-12-10 08:00:59] Meter 207: Generated 5.103 kWh (encrypted: 334355 bytes, 5.192 ms)
[2025-12-10 08:01:19] Meter 207: Generated 3.358 kWh (encrypted: 334522 bytes, 4.504 ms)
[2025-12-10 08:01:31] NETWORK INFO: Server authentication successful for node: aggregator-001
✓ Aggregator connected: aggregator-001 from 127.0.0.1
✓ Sent 334522 bytes to aggregator-001 (0.40ms)
Session completed with aggregator-001
[2025-12-10 08:01:39] Meter 207: Generated 4.177 kWh (encrypted: 334317 bytes, 6.541 ms)
[2025-12-10 08:01:59] Meter 207: Generated 1.113 kWh (encrypted: 334346 bytes, 4.534 ms)
[2025-12-10 08:02:19] Meter 207: Generated 4.432 kWh (encrypted: 334123 bytes, 4.895 ms)
[2025-12-10 08:02:33] NETWORK INFO: Server authentication successful for node: aggregator-001
✓ Aggregator connected: aggregator-001 from 127.0.0.1
✓ Sent 334123 bytes to aggregator-001 (21.98ms)
Session completed with aggregator-001
[2025-12-10 08:02:39] Meter 207: Generated 1.624 kWh (encrypted: 334311 bytes, 4.805 ms)
[2025-12-10 08:02:59] Meter 207: Generated 0.971 kWh (encrypted: 334186 bytes, 4.786 ms)
[2025-12-10 08:03:19] Meter 207: Generated 3.724 kWh (encrypted: 334248 bytes, 4.755 ms)
[2025-12-10 08:03:36] NETWORK INFO: Server authentication successful for node: aggregator-001
✓ Aggregator connected: aggregator-001 from 127.0.0.1
✓ Sent 334248 bytes to aggregator-001 (0.38ms)
Session completed with aggregator-001
[2025-12-10 08:03:39] Meter 207: Generated 4.523 kWh (encrypted: 334252 bytes, 4.710 ms)
[2025-12-10 08:03:59] Meter 207: Generated 2.997 kWh (encrypted: 334124 bytes, 4.404 ms)
[2025-12-10 08:04:19] Meter 207: Generated 3.639 kWh (encrypted: 334017 bytes, 4.543 ms)
[2025-12-10 08:04:39] Meter 207: Generated 7.292 kWh (encrypted: 334393 bytes, 4.602 ms)
[2025-12-10 08:04:39] NETWORK INFO: Server authentication successful for node: aggregator-001
✓ Aggregator connected: aggregator-001 from 127.0.0.1
✓ Sent 334393 bytes to aggregator-001 (0.40ms)
Session completed with aggregator-001
[2025-12-10 08:04:59] Meter 207: Generated 5.712 kWh (encrypted: 334283 bytes, 5.726 ms)
[2025-12-10 08:05:19] Meter 207: Generated 1.890 kWh (encrypted: 334046 bytes, 4.526 ms)
[2025-12-10 08:05:39] Meter 207: Generated 6.201 kWh (encrypted: 334381 bytes, 4.547 ms)
[2025-12-10 08:05:44] NETWORK INFO: Server authentication successful for node: aggregator-001
✓ Aggregator connected: aggregator-001 from 127.0.0.1
✓ Sent 334381 bytes to aggregator-001 (0.39ms)
Session completed with aggregator-001
[2025-12-10 08:05:59] Meter 207: Generated 2.525 kWh (encrypted: 334421 bytes, 6.447 ms)
[2025-12-10 08:06:19] Meter 207: Generated 4.040 kWh (encrypted: 334262 bytes, 5.332 ms)
[2025-12-10 08:06:39] Meter 207: Generated 3.403 kWh (encrypted: 333412 bytes, 4.452 ms)
[2025-12-10 08:06:50] NETWORK INFO: Server authentication successful for node: aggregator-001
✓ Aggregator connected: aggregator-001 from 127.0.0.1
✓ Sent 333412 bytes to aggregator-001 (0.33ms)
Session completed with aggregator-001
[2025-12-10 08:06:59] Meter 207: Generated 7.050 kWh (encrypted: 334045 bytes, 6.519 ms)
[2025-12-10 08:07:19] Meter 207: Generated 4.778 kWh (encrypted: 334436 bytes, 6.520 ms)
[2025-12-10 08:07:39] Meter 207: Generated 5.354 kWh (encrypted: 333509 bytes, 4.693 ms)
[2025-12-10 08:07:56] NETWORK INFO: Server authentication successful for node: aggregator-001
✓ Aggregator connected: aggregator-001 from 127.0.0.1
✓ Sent 333509 bytes to aggregator-001 (11.96ms)
Session completed with aggregator-001
[2025-12-10 08:07:59] Meter 207: Generated 3.537 kWh (encrypted: 334442 bytes, 6.099 ms)
[2025-12-10 08:08:19] Meter 207: Generated 5.807 kWh (encrypted: 334114 bytes, 6.393 ms)
[2025-12-10 08:08:39] Meter 207: Generated 1.663 kWh (encrypted: 334461 bytes, 4.422 ms)
[2025-12-10 08:08:59] Meter 207: Generated 3.734 kWh (encrypted: 334325 bytes, 4.976 ms)
[2025-12-10 08:09:01] NETWORK INFO: Server authentication successful for node: aggregator-001
✓ Aggregator connected: aggregator-001 from 127.0.0.1
✓ Sent 334325 bytes to aggregator-001 (0.38ms)
Session completed with aggregator-001
[2025-12-10 08:09:19] Meter 207: Generated 0.934 kWh (encrypted: 334344 bytes, 6.821 ms)
[2025-12-10 08:09:39] Meter 207: Generated 2.043 kWh (encrypted: 334387 bytes, 4.599 ms)
[2025-12-10 08:09:59] Meter 207: Generated 4.870 kWh (encrypted: 334196 bytes, 4.650 ms)
[2025-12-10 08:10:06] NETWORK INFO: Server authentication successful for node: aggregator-001
✓ Aggregator connected: aggregator-001 from 127.0.0.1
✓ Sent 334196 bytes to aggregator-001 (54.49ms)
Session completed with aggregator-001
[2025-12-10 08:10:19] Meter 207: Generated 5.301 kWh (encrypted: 333301 bytes, 4.964 ms)
[2025-12-10 08:10:39] Meter 207: Generated 4.453 kWh (encrypted: 334485 bytes, 4.915 ms)
[2025-12-10 08:10:59] Meter 207: Generated 1.428 kWh (encrypted: 334350 bytes, 4.714 ms)
[2025-12-10 08:11:12] NETWORK INFO: Server authentication successful for node: aggregator-001
✓ Aggregator connected: aggregator-001 from 127.0.0.1
✓ Sent 334350 bytes to aggregator-001 (0.38ms)
Session completed with aggregator-001
[2025-12-10 08:11:19] Meter 207: Generated 3.524 kWh (encrypted: 334392 bytes, 4.616 ms)
[2025-12-10 08:11:39] Meter 207: Generated 1.663 kWh (encrypted: 334218 bytes, 4.582 ms)
[2025-12-10 08:11:59] Meter 207: Generated 5.719 kWh (encrypted: 334305 bytes, 6.420 ms)
[2025-12-10 08:12:17] NETWORK INFO: Server authentication successful for node: aggregator-001
✓ Aggregator connected: aggregator-001 from 127.0.0.1
✓ Sent 334305 bytes to aggregator-001 (0.36ms)
Session completed with aggregator-001
[2025-12-10 08:12:19] Meter 207: Generated 4.612 kWh (encrypted: 334303 bytes, 6.404 ms)

Received shutdown signal. Gracefully shutting down smart meter...
Network server thread stopped
Data generation thread stopped
Smart meter 207 shutdown complete
