=== Continuous Smart Meter Server 220 ===
Initializing for continuous operation...
SEAL context initialized
Loaded certificate: smart-meter-220
Requesting public keys from KDC...
[2025-12-10 07:59:35] NETWORK ERROR: Failed to connect to 127.0.0.1:8444: Connection refused
Error: Failed to connect to KDC at 127.0.0.1:8444
Error: Failed to send key request to KDC
Failed to obtain keys from KDC, falling back to file keys
Loaded keys from fallback files
Cryptographic components initialized
[2025-12-10 07:59:35] NETWORK INFO: Server socket created and listening on port 9220
✓ Smart meter server ready on port 9220
Data transmission interval: 20 seconds (15x accelerated - simulates 5min)
✓ Performance metrics CSV files initialized in performance_data/
Starting continuous smart meter operation...
Press Ctrl+C to stop gracefully
Data generation thread started
Network server thread started on port 9220
[2025-12-10 07:59:55] Meter 220: Generated 4.489 kWh (encrypted: 334338 bytes, 5.543 ms)
[2025-12-10 08:00:15] Meter 220: Generated 6.141 kWh (encrypted: 334170 bytes, 5.311 ms)
[2025-12-10 08:00:28] NETWORK INFO: Server authentication successful for node: aggregator-001
✓ Aggregator connected: aggregator-001 from 127.0.0.1
✓ Sent 334170 bytes to aggregator-001 (0.81ms)
Session completed with aggregator-001
[2025-12-10 08:00:35] Meter 220: Generated 1.448 kWh (encrypted: 334231 bytes, 4.963 ms)
[2025-12-10 08:00:55] Meter 220: Generated 1.175 kWh (encrypted: 334227 bytes, 4.353 ms)
[2025-12-10 08:01:15] Meter 220: Generated 7.190 kWh (encrypted: 334295 bytes, 6.332 ms)
[2025-12-10 08:01:31] NETWORK INFO: Server authentication successful for node: aggregator-001
✓ Aggregator connected: aggregator-001 from 127.0.0.1
✓ Sent 334295 bytes to aggregator-001 (0.39ms)
Session completed with aggregator-001
[2025-12-10 08:01:35] Meter 220: Generated 5.060 kWh (encrypted: 334330 bytes, 4.388 ms)
[2025-12-10 08:01:55] Meter 220: Generated 4.887 kWh (encrypted: 334344 bytes, 4.386 ms)
[2025-12-10 08:02:15] Meter 220: Generated 1.054 kWh (encrypted: 334288 bytes, 5.871 ms)
[2025-12-10 08:02:33] NETWORK INFO: Server authentication successful for node: aggregator-001
✓ Aggregator connected: aggregator-001 from 127.0.0.1
✓ Sent 334288 bytes to aggregator-001 (0.42ms)
Session completed with aggregator-001
[2025-12-10 08:02:35] Meter 220: Generated 1.963 kWh (encrypted: 334288 bytes, 6.248 ms)
[2025-12-10 08:02:55] Meter 220: Generated 3.149 kWh (encrypted: 334372 bytes, 10.059 ms)
[2025-12-10 08:03:15] Meter 220: Generated 2.824 kWh (encrypted: 334232 bytes, 7.445 ms)
[2025-12-10 08:03:35] Meter 220: Generated 6.563 kWh (encrypted: 334430 bytes, 7.366 ms)
[2025-12-10 08:03:36] NETWORK INFO: Server authentication successful for node: aggregator-001
✓ Aggregator connected: aggregator-001 from 127.0.0.1
✓ Sent 334430 bytes to aggregator-001 (0.40ms)
Session completed with aggregator-001
[2025-12-10 08:03:55] Meter 220: Generated 7.317 kWh (encrypted: 334455 bytes, 6.333 ms)
[2025-12-10 08:04:15] Meter 220: Generated 3.880 kWh (encrypted: 334136 bytes, 6.195 ms)
[2025-12-10 08:04:35] Meter 220: Generated 4.690 kWh (encrypted: 334314 bytes, 8.222 ms)
[2025-12-10 08:04:39] NETWORK INFO: Server authentication successful for node: aggregator-001
✓ Aggregator connected: aggregator-001 from 127.0.0.1
✓ Sent 334314 bytes to aggregator-001 (8.22ms)
Session completed with aggregator-001
[2025-12-10 08:04:55] Meter 220: Generated 0.748 kWh (encrypted: 334478 bytes, 6.319 ms)
[2025-12-10 08:05:15] Meter 220: Generated 2.950 kWh (encrypted: 334007 bytes, 16.147 ms)
[2025-12-10 08:05:35] Meter 220: Generated 5.182 kWh (encrypted: 334388 bytes, 7.403 ms)
[2025-12-10 08:05:44] NETWORK INFO: Server authentication successful for node: aggregator-001
✓ Aggregator connected: aggregator-001 from 127.0.0.1
✓ Sent 334388 bytes to aggregator-001 (8.98ms)
Session completed with aggregator-001
[2025-12-10 08:05:55] Meter 220: Generated 3.768 kWh (encrypted: 334036 bytes, 9.869 ms)
[2025-12-10 08:06:15] Meter 220: Generated 2.711 kWh (encrypted: 333737 bytes, 6.504 ms)
[2025-12-10 08:06:35] Meter 220: Generated 7.152 kWh (encrypted: 334133 bytes, 55.896 ms)
[2025-12-10 08:06:50] NETWORK INFO: Server authentication successful for node: aggregator-001
✓ Aggregator connected: aggregator-001 from 127.0.0.1
✓ Sent 334133 bytes to aggregator-001 (0.38ms)
Session completed with aggregator-001
[2025-12-10 08:06:55] Meter 220: Generated 6.800 kWh (encrypted: 334445 bytes, 7.616 ms)
[2025-12-10 08:07:15] Meter 220: Generated 5.701 kWh (encrypted: 334430 bytes, 7.503 ms)
[2025-12-10 08:07:35] Meter 220: Generated 6.991 kWh (encrypted: 334408 bytes, 6.236 ms)
[2025-12-10 08:07:55] Meter 220: Generated 2.521 kWh (encrypted: 334177 bytes, 6.422 ms)
[2025-12-10 08:07:56] NETWORK INFO: Server authentication successful for node: aggregator-001
✓ Aggregator connected: aggregator-001 from 127.0.0.1
✓ Sent 334177 bytes to aggregator-001 (5.18ms)
Session completed with aggregator-001
[2025-12-10 08:08:15] Meter 220: Generated 3.654 kWh (encrypted: 334277 bytes, 5.676 ms)
[2025-12-10 08:08:35] Meter 220: Generated 6.596 kWh (encrypted: 334123 bytes, 6.678 ms)
[2025-12-10 08:08:55] Meter 220: Generated 1.118 kWh (encrypted: 334488 bytes, 12.775 ms)
[2025-12-10 08:09:01] NETWORK INFO: Server authentication successful for node: aggregator-001
✓ Aggregator connected: aggregator-001 from 127.0.0.1
✓ Sent 334488 bytes to aggregator-001 (0.38ms)
Session completed with aggregator-001
[2025-12-10 08:09:15] Meter 220: Generated 3.983 kWh (encrypted: 334429 bytes, 9.714 ms)
[2025-12-10 08:09:35] Meter 220: Generated 1.791 kWh (encrypted: 334206 bytes, 7.505 ms)
[2025-12-10 08:09:55] Meter 220: Generated 7.080 kWh (encrypted: 334424 bytes, 7.204 ms)
[2025-12-10 08:10:06] NETWORK INFO: Server authentication successful for node: aggregator-001
✓ Aggregator connected: aggregator-001 from 127.0.0.1
✓ Sent 334424 bytes to aggregator-001 (0.38ms)
Session completed with aggregator-001
[2025-12-10 08:10:15] Meter 220: Generated 1.501 kWh (encrypted: 334396 bytes, 6.065 ms)
[2025-12-10 08:10:35] Meter 220: Generated 3.264 kWh (encrypted: 334399 bytes, 6.162 ms)
[2025-12-10 08:10:55] Meter 220: Generated 7.479 kWh (encrypted: 334131 bytes, 4.727 ms)
[2025-12-10 08:11:12] NETWORK INFO: Server authentication successful for node: aggregator-001
✓ Aggregator connected: aggregator-001 from 127.0.0.1
✓ Sent 334131 bytes to aggregator-001 (0.37ms)
Session completed with aggregator-001
[2025-12-10 08:11:15] Meter 220: Generated 0.762 kWh (encrypted: 334386 bytes, 6.430 ms)
[2025-12-10 08:11:35] Meter 220: Generated 0.863 kWh (encrypted: 334386 bytes, 6.315 ms)
[2025-12-10 08:11:55] Meter 220: Generated 3.129 kWh (encrypted: 334469 bytes, 6.628 ms)
[2025-12-10 08:12:15] Meter 220: Generated 5.064 kWh (encrypted: 334341 bytes, 6.791 ms)
[2025-12-10 08:12:17] NETWORK INFO: Server authentication successful for node: aggregator-001
✓ Aggregator connected: aggregator-001 from 127.0.0.1
✓ Sent 334341 bytes to aggregator-001 (0.37ms)
Session completed with aggregator-001

Received shutdown signal. Gracefully shutting down smart meter...
Network server thread stopped
Data generation thread stopped
Smart meter 220 shutdown complete
