=== Continuous Smart Meter Server 332 ===
Initializing for continuous operation...
SEAL context initialized
Loaded certificate: smart-meter-332
Requesting public keys from KDC...
[2025-12-10 08:01:53] NETWORK ERROR: Failed to connect to 127.0.0.1:8444: Connection refused
Error: Failed to connect to KDC at 127.0.0.1:8444
Error: Failed to send key request to KDC
Failed to obtain keys from KDC, falling back to file keys
Loaded keys from fallback files
Cryptographic components initialized
[2025-12-10 08:01:53] NETWORK INFO: Server socket created and listening on port 9332
✓ Smart meter server ready on port 9332
Data transmission interval: 20 seconds (15x accelerated - simulates 5min)
✓ Performance metrics CSV files initialized in performance_data/
Starting continuous smart meter operation...
Press Ctrl+C to stop gracefully
Data generation thread started
Network server thread started on port 9332
[2025-12-10 08:02:13] Meter 332: Generated 1.967 kWh (encrypted: 334294 bytes, 7.296 ms)
[2025-12-10 08:02:33] NETWORK INFO: Server authentication successful for node: aggregator-001
✓ Aggregator connected: aggregator-001 from 127.0.0.1
✓ Sent 334294 bytes to aggregator-001 (2.85ms)
Session completed with aggregator-001
[2025-12-10 08:02:33] Meter 332: Generated 1.254 kWh (encrypted: 333773 bytes, 4.870 ms)
[2025-12-10 08:02:53] Meter 332: Generated 1.962 kWh (encrypted: 334493 bytes, 5.419 ms)
[2025-12-10 08:03:14] Meter 332: Generated 2.174 kWh (encrypted: 334364 bytes, 4.679 ms)
[2025-12-10 08:03:34] Meter 332: Generated 2.659 kWh (encrypted: 334359 bytes, 4.349 ms)
[2025-12-10 08:03:36] NETWORK INFO: Server authentication successful for node: aggregator-001
✓ Aggregator connected: aggregator-001 from 127.0.0.1
✓ Sent 334359 bytes to aggregator-001 (0.42ms)
Session completed with aggregator-001
[2025-12-10 08:03:54] Meter 332: Generated 7.227 kWh (encrypted: 334361 bytes, 6.441 ms)
[2025-12-10 08:04:14] Meter 332: Generated 3.380 kWh (encrypted: 334318 bytes, 5.028 ms)
[2025-12-10 08:04:34] Meter 332: Generated 1.083 kWh (encrypted: 333995 bytes, 4.486 ms)
[2025-12-10 08:04:40] NETWORK INFO: Server authentication successful for node: aggregator-001
✓ Aggregator connected: aggregator-001 from 127.0.0.1
✓ Sent 333995 bytes to aggregator-001 (0.36ms)
Session completed with aggregator-001
[2025-12-10 08:04:54] Meter 332: Generated 5.090 kWh (encrypted: 334213 bytes, 5.201 ms)
[2025-12-10 08:05:14] Meter 332: Generated 3.315 kWh (encrypted: 334305 bytes, 6.826 ms)
[2025-12-10 08:05:34] Meter 332: Generated 7.022 kWh (encrypted: 334015 bytes, 4.442 ms)
[2025-12-10 08:05:44] NETWORK INFO: Server authentication successful for node: aggregator-001
✓ Aggregator connected: aggregator-001 from 127.0.0.1
✓ Sent 334015 bytes to aggregator-001 (0.38ms)
Session completed with aggregator-001
[2025-12-10 08:05:54] Meter 332: Generated 2.858 kWh (encrypted: 334273 bytes, 4.619 ms)
[2025-12-10 08:06:14] Meter 332: Generated 1.665 kWh (encrypted: 334315 bytes, 4.335 ms)
[2025-12-10 08:06:34] Meter 332: Generated 5.129 kWh (encrypted: 334285 bytes, 4.553 ms)
[2025-12-10 08:06:50] NETWORK INFO: Server authentication successful for node: aggregator-001
✓ Aggregator connected: aggregator-001 from 127.0.0.1
✓ Sent 334285 bytes to aggregator-001 (8.44ms)
Session completed with aggregator-001
[2025-12-10 08:06:54] Meter 332: Generated 6.974 kWh (encrypted: 334321 bytes, 4.589 ms)
[2025-12-10 08:07:14] Meter 332: Generated 2.384 kWh (encrypted: 334116 bytes, 4.462 ms)
[2025-12-10 08:07:34] Meter 332: Generated 5.314 kWh (encrypted: 334099 bytes, 4.576 ms)
[2025-12-10 08:07:54] Meter 332: Generated 5.971 kWh (encrypted: 334131 bytes, 4.445 ms)
[2025-12-10 08:07:56] NETWORK INFO: Server authentication successful for node: aggregator-001
✓ Aggregator connected: aggregator-001 from 127.0.0.1
✓ Sent 334131 bytes to aggregator-001 (0.32ms)
Session completed with aggregator-001
[2025-12-10 08:08:14] Meter 332: Generated 3.287 kWh (encrypted: 334211 bytes, 6.494 ms)
[2025-12-10 08:08:34] Meter 332: Generated 6.819 kWh (encrypted: 333349 bytes, 8.458 ms)
[2025-12-10 08:08:54] Meter 332: Generated 6.049 kWh (encrypted: 334388 bytes, 4.863 ms)
[2025-12-10 08:09:01] NETWORK INFO: Server authentication successful for node: aggregator-001
✓ Aggregator connected: aggregator-001 from 127.0.0.1
✓ Sent 334388 bytes to aggregator-001 (1.40ms)
Session completed with aggregator-001
[2025-12-10 08:09:14] Meter 332: Generated 2.808 kWh (encrypted: 334129 bytes, 5.954 ms)
[2025-12-10 08:09:34] Meter 332: Generated 7.288 kWh (encrypted: 334473 bytes, 5.818 ms)
[2025-12-10 08:09:54] Meter 332: Generated 7.016 kWh (encrypted: 334302 bytes, 6.120 ms)
[2025-12-10 08:10:06] NETWORK INFO: Server authentication successful for node: aggregator-001
✓ Aggregator connected: aggregator-001 from 127.0.0.1
✓ Sent 334302 bytes to aggregator-001 (0.38ms)
Session completed with aggregator-001
[2025-12-10 08:10:14] Meter 332: Generated 4.571 kWh (encrypted: 334332 bytes, 4.392 ms)
[2025-12-10 08:10:34] Meter 332: Generated 6.890 kWh (encrypted: 334053 bytes, 6.648 ms)
[2025-12-10 08:10:54] Meter 332: Generated 1.457 kWh (encrypted: 334359 bytes, 6.444 ms)
[2025-12-10 08:11:12] NETWORK INFO: Server authentication successful for node: aggregator-001
✓ Aggregator connected: aggregator-001 from 127.0.0.1
✓ Sent 334359 bytes to aggregator-001 (24.72ms)
Session completed with aggregator-001
[2025-12-10 08:11:14] Meter 332: Generated 3.227 kWh (encrypted: 334328 bytes, 6.405 ms)
[2025-12-10 08:11:34] Meter 332: Generated 5.062 kWh (encrypted: 334405 bytes, 4.617 ms)
[2025-12-10 08:11:54] Meter 332: Generated 3.966 kWh (encrypted: 334402 bytes, 6.113 ms)
[2025-12-10 08:12:14] Meter 332: Generated 2.102 kWh (encrypted: 334282 bytes, 7.291 ms)
[2025-12-10 08:12:17] NETWORK INFO: Server authentication successful for node: aggregator-001
✓ Aggregator connected: aggregator-001 from 127.0.0.1
✓ Sent 334282 bytes to aggregator-001 (0.34ms)
Session completed with aggregator-001
[2025-12-10 08:12:34] Meter 332: Generated 4.974 kWh (encrypted: 334216 bytes, 7.030 ms)

Received shutdown signal. Gracefully shutting down smart meter...
Network server thread stopped
Data generation thread stopped
Smart meter 332 shutdown complete
