=== Continuous Smart Meter Server 238 ===
Initializing for continuous operation...
SEAL context initialized
Loaded certificate: smart-meter-238
Requesting public keys from KDC...
[2025-12-10 07:59:57] NETWORK ERROR: Failed to connect to 127.0.0.1:8444: Connection refused
Error: Failed to connect to KDC at 127.0.0.1:8444
Error: Failed to send key request to KDC
Failed to obtain keys from KDC, falling back to file keys
Loaded keys from fallback files
Cryptographic components initialized
[2025-12-10 07:59:57] NETWORK INFO: Server socket created and listening on port 9238
✓ Smart meter server ready on port 9238
Data transmission interval: 20 seconds (15x accelerated - simulates 5min)
✓ Performance metrics CSV files initialized in performance_data/
Starting continuous smart meter operation...
Press Ctrl+C to stop gracefully
Data generation thread started
Network server thread started on port 9238
[2025-12-10 08:00:17] Meter 238: Generated 7.222 kWh (encrypted: 334029 bytes, 5.299 ms)
[2025-12-10 08:00:28] NETWORK INFO: Server authentication successful for node: aggregator-001
✓ Aggregator connected: aggregator-001 from 127.0.0.1
✓ Sent 334029 bytes to aggregator-001 (22.43ms)
Session completed with aggregator-001
[2025-12-10 08:00:37] Meter 238: Generated 4.923 kWh (encrypted: 334222 bytes, 11.614 ms)
[2025-12-10 08:00:57] Meter 238: Generated 5.643 kWh (encrypted: 334418 bytes, 4.504 ms)
[2025-12-10 08:01:17] Meter 238: Generated 3.057 kWh (encrypted: 334244 bytes, 4.710 ms)
[2025-12-10 08:01:31] NETWORK INFO: Server authentication successful for node: aggregator-001
✓ Aggregator connected: aggregator-001 from 127.0.0.1
✓ Sent 334244 bytes to aggregator-001 (5.67ms)
Session completed with aggregator-001
[2025-12-10 08:01:37] Meter 238: Generated 5.232 kWh (encrypted: 334368 bytes, 4.679 ms)
[2025-12-10 08:01:57] Meter 238: Generated 2.836 kWh (encrypted: 334295 bytes, 4.563 ms)
[2025-12-10 08:02:17] Meter 238: Generated 2.387 kWh (encrypted: 334233 bytes, 4.720 ms)
[2025-12-10 08:02:33] NETWORK INFO: Server authentication successful for node: aggregator-001
✓ Aggregator connected: aggregator-001 from 127.0.0.1
✓ Sent 334233 bytes to aggregator-001 (0.37ms)
Session completed with aggregator-001
[2025-12-10 08:02:37] Meter 238: Generated 7.539 kWh (encrypted: 334472 bytes, 4.832 ms)
[2025-12-10 08:02:57] Meter 238: Generated 3.009 kWh (encrypted: 334371 bytes, 4.391 ms)
[2025-12-10 08:03:17] Meter 238: Generated 6.851 kWh (encrypted: 334343 bytes, 4.929 ms)
[2025-12-10 08:03:36] NETWORK INFO: Server authentication successful for node: aggregator-001
✓ Aggregator connected: aggregator-001 from 127.0.0.1
✓ Sent 334343 bytes to aggregator-001 (0.40ms)
Session completed with aggregator-001
[2025-12-10 08:03:37] Meter 238: Generated 3.315 kWh (encrypted: 334461 bytes, 4.815 ms)
[2025-12-10 08:03:57] Meter 238: Generated 5.193 kWh (encrypted: 334291 bytes, 4.422 ms)
[2025-12-10 08:04:17] Meter 238: Generated 4.417 kWh (encrypted: 334379 bytes, 4.515 ms)
[2025-12-10 08:04:37] Meter 238: Generated 4.938 kWh (encrypted: 334380 bytes, 4.547 ms)
[2025-12-10 08:04:39] NETWORK INFO: Server authentication successful for node: aggregator-001
✓ Aggregator connected: aggregator-001 from 127.0.0.1
✓ Sent 334380 bytes to aggregator-001 (0.38ms)
Session completed with aggregator-001
[2025-12-10 08:04:57] Meter 238: Generated 5.015 kWh (encrypted: 334395 bytes, 4.628 ms)
[2025-12-10 08:05:17] Meter 238: Generated 2.178 kWh (encrypted: 334256 bytes, 4.590 ms)
[2025-12-10 08:05:37] Meter 238: Generated 1.140 kWh (encrypted: 334164 bytes, 4.382 ms)
[2025-12-10 08:05:44] NETWORK INFO: Server authentication successful for node: aggregator-001
✓ Aggregator connected: aggregator-001 from 127.0.0.1
✓ Sent 334164 bytes to aggregator-001 (6.50ms)
Session completed with aggregator-001
[2025-12-10 08:05:57] Meter 238: Generated 4.044 kWh (encrypted: 334425 bytes, 8.718 ms)
[2025-12-10 08:06:17] Meter 238: Generated 3.329 kWh (encrypted: 334283 bytes, 6.585 ms)
[2025-12-10 08:06:37] Meter 238: Generated 1.258 kWh (encrypted: 334322 bytes, 4.623 ms)
[2025-12-10 08:06:50] NETWORK INFO: Server authentication successful for node: aggregator-001
✓ Aggregator connected: aggregator-001 from 127.0.0.1
✓ Sent 334322 bytes to aggregator-001 (0.41ms)
Session completed with aggregator-001
[2025-12-10 08:06:57] Meter 238: Generated 6.875 kWh (encrypted: 334058 bytes, 6.442 ms)
[2025-12-10 08:07:17] Meter 238: Generated 6.260 kWh (encrypted: 334182 bytes, 6.407 ms)
[2025-12-10 08:07:37] Meter 238: Generated 6.485 kWh (encrypted: 333330 bytes, 4.615 ms)
[2025-12-10 08:07:56] NETWORK INFO: Server authentication successful for node: aggregator-001
✓ Aggregator connected: aggregator-001 from 127.0.0.1
✓ Sent 333330 bytes to aggregator-001 (0.41ms)
Session completed with aggregator-001
[2025-12-10 08:07:57] Meter 238: Generated 5.117 kWh (encrypted: 334452 bytes, 5.322 ms)
[2025-12-10 08:08:17] Meter 238: Generated 3.252 kWh (encrypted: 334339 bytes, 4.464 ms)
[2025-12-10 08:08:37] Meter 238: Generated 1.931 kWh (encrypted: 334443 bytes, 5.478 ms)
[2025-12-10 08:08:57] Meter 238: Generated 6.623 kWh (encrypted: 334064 bytes, 4.417 ms)
[2025-12-10 08:09:01] NETWORK INFO: Server authentication successful for node: aggregator-001
✓ Aggregator connected: aggregator-001 from 127.0.0.1
✓ Sent 334064 bytes to aggregator-001 (0.36ms)
Session completed with aggregator-001
[2025-12-10 08:09:17] Meter 238: Generated 3.096 kWh (encrypted: 334189 bytes, 6.619 ms)
[2025-12-10 08:09:37] Meter 238: Generated 2.665 kWh (encrypted: 334332 bytes, 4.376 ms)
[2025-12-10 08:09:57] Meter 238: Generated 6.050 kWh (encrypted: 334321 bytes, 5.172 ms)
[2025-12-10 08:10:06] NETWORK INFO: Server authentication successful for node: aggregator-001
✓ Aggregator connected: aggregator-001 from 127.0.0.1
✓ Sent 334321 bytes to aggregator-001 (1.05ms)
Session completed with aggregator-001
[2025-12-10 08:10:17] Meter 238: Generated 5.327 kWh (encrypted: 334389 bytes, 6.481 ms)
[2025-12-10 08:10:37] Meter 238: Generated 3.426 kWh (encrypted: 334314 bytes, 4.874 ms)
[2025-12-10 08:10:57] Meter 238: Generated 2.960 kWh (encrypted: 334395 bytes, 5.048 ms)
[2025-12-10 08:11:12] NETWORK INFO: Server authentication successful for node: aggregator-001
✓ Aggregator connected: aggregator-001 from 127.0.0.1
✓ Sent 334395 bytes to aggregator-001 (7.45ms)
Session completed with aggregator-001
[2025-12-10 08:11:17] Meter 238: Generated 1.379 kWh (encrypted: 334478 bytes, 4.526 ms)
[2025-12-10 08:11:37] Meter 238: Generated 5.607 kWh (encrypted: 334095 bytes, 5.315 ms)
[2025-12-10 08:11:57] Meter 238: Generated 6.566 kWh (encrypted: 334491 bytes, 4.692 ms)
[2025-12-10 08:12:17] NETWORK INFO: Server authentication successful for node: aggregator-001
✓ Aggregator connected: aggregator-001 from 127.0.0.1
✓ Sent 334491 bytes to aggregator-001 (0.36ms)
Session completed with aggregator-001
[2025-12-10 08:12:17] Meter 238: Generated 5.440 kWh (encrypted: 334494 bytes, 7.387 ms)

Received shutdown signal. Gracefully shutting down smart meter...
Network server thread stopped
Data generation thread stopped
Smart meter 238 shutdown complete
