=== Continuous Smart Meter Server 17 ===
Initializing for continuous operation...
SEAL context initialized
Loaded certificate: smart-meter-017
Requesting public keys from KDC...
[2025-12-10 07:55:27] NETWORK ERROR: Failed to connect to 127.0.0.1:8444: Connection refused
Error: Failed to connect to KDC at 127.0.0.1:8444
Error: Failed to send key request to KDC
Failed to obtain keys from KDC, falling back to file keys
Loaded keys from fallback files
Cryptographic components initialized
[2025-12-10 07:55:27] NETWORK INFO: Server socket created and listening on port 9017
✓ Smart meter server ready on port 9017
Data transmission interval: 20 seconds (15x accelerated - simulates 5min)
✓ Performance metrics CSV files initialized in performance_data/
Starting continuous smart meter operation...
Press Ctrl+C to stop gracefully
Data generation thread started
Network server thread started on port 9017
[2025-12-10 07:55:47] Meter 17: Generated 3.003 kWh (encrypted: 334431 bytes, 5.757 ms)
[2025-12-10 07:56:05] NETWORK INFO: Server authentication successful for node: aggregator-001
✓ Aggregator connected: aggregator-001 from 127.0.0.1
✓ Sent 334431 bytes to aggregator-001 (0.74ms)
Session completed with aggregator-001
[2025-12-10 07:56:07] Meter 17: Generated 4.342 kWh (encrypted: 334124 bytes, 6.091 ms)
[2025-12-10 07:56:27] Meter 17: Generated 2.033 kWh (encrypted: 334063 bytes, 4.908 ms)
[2025-12-10 07:56:47] Meter 17: Generated 7.470 kWh (encrypted: 334486 bytes, 7.265 ms)
[2025-12-10 07:57:07] Meter 17: Generated 3.360 kWh (encrypted: 334032 bytes, 4.775 ms)
[2025-12-10 07:57:15] NETWORK INFO: Server authentication successful for node: aggregator-001
✓ Aggregator connected: aggregator-001 from 127.0.0.1
✓ Sent 334032 bytes to aggregator-001 (1.59ms)
Session completed with aggregator-001
[2025-12-10 07:57:27] Meter 17: Generated 2.094 kWh (encrypted: 334343 bytes, 4.824 ms)
[2025-12-10 07:57:47] Meter 17: Generated 5.086 kWh (encrypted: 334001 bytes, 5.264 ms)
[2025-12-10 07:58:07] Meter 17: Generated 6.178 kWh (encrypted: 334342 bytes, 7.316 ms)
[2025-12-10 07:58:25] NETWORK INFO: Server authentication successful for node: aggregator-001
✓ Aggregator connected: aggregator-001 from 127.0.0.1
✓ Sent 334342 bytes to aggregator-001 (0.36ms)
Session completed with aggregator-001
[2025-12-10 07:58:27] Meter 17: Generated 1.412 kWh (encrypted: 334333 bytes, 5.121 ms)
[2025-12-10 07:58:47] Meter 17: Generated 1.555 kWh (encrypted: 334370 bytes, 6.498 ms)
[2025-12-10 07:59:07] Meter 17: Generated 5.914 kWh (encrypted: 334486 bytes, 4.987 ms)
[2025-12-10 07:59:26] NETWORK INFO: Server authentication successful for node: aggregator-001
✓ Aggregator connected: aggregator-001 from 127.0.0.1
✓ Sent 334486 bytes to aggregator-001 (0.35ms)
Session completed with aggregator-001
[2025-12-10 07:59:27] Meter 17: Generated 1.132 kWh (encrypted: 334432 bytes, 5.418 ms)
[2025-12-10 07:59:47] Meter 17: Generated 6.343 kWh (encrypted: 334371 bytes, 6.001 ms)
[2025-12-10 08:00:07] Meter 17: Generated 2.924 kWh (encrypted: 334145 bytes, 5.212 ms)
[2025-12-10 08:00:27] Meter 17: Generated 4.438 kWh (encrypted: 334403 bytes, 5.376 ms)
[2025-12-10 08:00:28] NETWORK INFO: Server authentication successful for node: aggregator-001
✓ Aggregator connected: aggregator-001 from 127.0.0.1
✓ Sent 334403 bytes to aggregator-001 (0.40ms)
Session completed with aggregator-001
[2025-12-10 08:00:47] Meter 17: Generated 1.817 kWh (encrypted: 334406 bytes, 4.970 ms)
[2025-12-10 08:01:07] Meter 17: Generated 3.411 kWh (encrypted: 334138 bytes, 5.393 ms)
[2025-12-10 08:01:27] Meter 17: Generated 7.048 kWh (encrypted: 334445 bytes, 5.102 ms)
[2025-12-10 08:01:31] NETWORK INFO: Server authentication successful for node: aggregator-001
✓ Aggregator connected: aggregator-001 from 127.0.0.1
✓ Sent 334445 bytes to aggregator-001 (2.10ms)
Session completed with aggregator-001
[2025-12-10 08:01:47] Meter 17: Generated 5.260 kWh (encrypted: 334193 bytes, 5.260 ms)
[2025-12-10 08:02:07] Meter 17: Generated 1.826 kWh (encrypted: 334240 bytes, 5.017 ms)
[2025-12-10 08:02:27] Meter 17: Generated 4.401 kWh (encrypted: 334145 bytes, 4.819 ms)
[2025-12-10 08:02:33] NETWORK INFO: Server authentication successful for node: aggregator-001
✓ Aggregator connected: aggregator-001 from 127.0.0.1
✓ Sent 334145 bytes to aggregator-001 (0.40ms)
Session completed with aggregator-001
[2025-12-10 08:02:47] Meter 17: Generated 3.351 kWh (encrypted: 334364 bytes, 5.088 ms)
[2025-12-10 08:03:07] Meter 17: Generated 5.496 kWh (encrypted: 334313 bytes, 4.991 ms)
[2025-12-10 08:03:27] Meter 17: Generated 6.793 kWh (encrypted: 334442 bytes, 5.272 ms)
[2025-12-10 08:03:36] NETWORK INFO: Server authentication successful for node: aggregator-001
✓ Aggregator connected: aggregator-001 from 127.0.0.1
✓ Sent 334442 bytes to aggregator-001 (0.38ms)
Session completed with aggregator-001
[2025-12-10 08:03:47] Meter 17: Generated 2.770 kWh (encrypted: 334338 bytes, 4.951 ms)
[2025-12-10 08:04:07] Meter 17: Generated 5.694 kWh (encrypted: 334485 bytes, 5.109 ms)
[2025-12-10 08:04:27] Meter 17: Generated 1.208 kWh (encrypted: 334260 bytes, 4.928 ms)
[2025-12-10 08:04:39] NETWORK INFO: Server authentication successful for node: aggregator-001
✓ Aggregator connected: aggregator-001 from 127.0.0.1
✓ Sent 334260 bytes to aggregator-001 (44.17ms)
Session completed with aggregator-001
[2025-12-10 08:04:47] Meter 17: Generated 5.306 kWh (encrypted: 334433 bytes, 6.333 ms)
[2025-12-10 08:05:07] Meter 17: Generated 6.908 kWh (encrypted: 334392 bytes, 4.899 ms)
[2025-12-10 08:05:27] Meter 17: Generated 3.916 kWh (encrypted: 334375 bytes, 4.822 ms)
[2025-12-10 08:05:44] NETWORK INFO: Server authentication successful for node: aggregator-001
✓ Aggregator connected: aggregator-001 from 127.0.0.1
✓ Sent 334375 bytes to aggregator-001 (33.33ms)
Session completed with aggregator-001
[2025-12-10 08:05:47] Meter 17: Generated 2.327 kWh (encrypted: 334387 bytes, 4.990 ms)
[2025-12-10 08:06:07] Meter 17: Generated 1.939 kWh (encrypted: 334180 bytes, 6.618 ms)
[2025-12-10 08:06:27] Meter 17: Generated 2.063 kWh (encrypted: 334372 bytes, 5.098 ms)
[2025-12-10 08:06:47] Meter 17: Generated 2.235 kWh (encrypted: 334419 bytes, 4.837 ms)
[2025-12-10 08:06:50] NETWORK INFO: Server authentication successful for node: aggregator-001
✓ Aggregator connected: aggregator-001 from 127.0.0.1
✓ Sent 334419 bytes to aggregator-001 (2.41ms)
Session completed with aggregator-001
[2025-12-10 08:07:07] Meter 17: Generated 6.309 kWh (encrypted: 334462 bytes, 8.729 ms)
[2025-12-10 08:07:27] Meter 17: Generated 6.825 kWh (encrypted: 334385 bytes, 5.218 ms)
[2025-12-10 08:07:47] Meter 17: Generated 1.694 kWh (encrypted: 334139 bytes, 5.180 ms)
[2025-12-10 08:07:55] NETWORK INFO: Server authentication successful for node: aggregator-001
✓ Aggregator connected: aggregator-001 from 127.0.0.1
✓ Sent 334139 bytes to aggregator-001 (0.37ms)
Session completed with aggregator-001
[2025-12-10 08:08:07] Meter 17: Generated 4.051 kWh (encrypted: 334512 bytes, 4.817 ms)
[2025-12-10 08:08:27] Meter 17: Generated 5.196 kWh (encrypted: 334349 bytes, 5.103 ms)
[2025-12-10 08:08:47] Meter 17: Generated 2.340 kWh (encrypted: 334482 bytes, 5.809 ms)
[2025-12-10 08:09:01] NETWORK INFO: Server authentication successful for node: aggregator-001
✓ Aggregator connected: aggregator-001 from 127.0.0.1
✓ Sent 334482 bytes to aggregator-001 (0.37ms)
Session completed with aggregator-001
[2025-12-10 08:09:07] Meter 17: Generated 6.764 kWh (encrypted: 334395 bytes, 4.783 ms)
[2025-12-10 08:09:27] Meter 17: Generated 1.082 kWh (encrypted: 334356 bytes, 6.767 ms)
[2025-12-10 08:09:47] Meter 17: Generated 1.517 kWh (encrypted: 334504 bytes, 5.079 ms)
[2025-12-10 08:10:06] NETWORK INFO: Server authentication successful for node: aggregator-001
✓ Aggregator connected: aggregator-001 from 127.0.0.1
✓ Sent 334504 bytes to aggregator-001 (0.37ms)
Session completed with aggregator-001
[2025-12-10 08:10:07] Meter 17: Generated 7.392 kWh (encrypted: 334210 bytes, 7.274 ms)
[2025-12-10 08:10:27] Meter 17: Generated 1.280 kWh (encrypted: 334470 bytes, 6.473 ms)
[2025-12-10 08:10:47] Meter 17: Generated 3.209 kWh (encrypted: 334411 bytes, 5.137 ms)
[2025-12-10 08:11:07] Meter 17: Generated 6.987 kWh (encrypted: 334222 bytes, 9.592 ms)
[2025-12-10 08:11:12] NETWORK INFO: Server authentication successful for node: aggregator-001
✓ Aggregator connected: aggregator-001 from 127.0.0.1
✓ Sent 334222 bytes to aggregator-001 (0.34ms)
Session completed with aggregator-001
[2025-12-10 08:11:27] Meter 17: Generated 5.681 kWh (encrypted: 334339 bytes, 6.508 ms)
[2025-12-10 08:11:47] Meter 17: Generated 5.753 kWh (encrypted: 334174 bytes, 6.734 ms)
[2025-12-10 08:12:07] Meter 17: Generated 7.302 kWh (encrypted: 334223 bytes, 6.785 ms)
[2025-12-10 08:12:17] NETWORK INFO: Server authentication successful for node: aggregator-001
✓ Aggregator connected: aggregator-001 from 127.0.0.1
✓ Sent 334223 bytes to aggregator-001 (0.38ms)
Session completed with aggregator-001
[2025-12-10 08:12:27] Meter 17: Generated 4.849 kWh (encrypted: 334408 bytes, 5.638 ms)

Received shutdown signal. Gracefully shutting down smart meter...
Network server thread stopped
Data generation thread stopped
Smart meter 17 shutdown complete
