=== Continuous Smart Meter Server 412 ===
Initializing for continuous operation...
SEAL context initialized
Loaded certificate: smart-meter-412
Requesting public keys from KDC...
[2025-12-10 08:03:34] NETWORK ERROR: Failed to connect to 127.0.0.1:8444: Connection refused
Error: Failed to connect to KDC at 127.0.0.1:8444
Error: Failed to send key request to KDC
Failed to obtain keys from KDC, falling back to file keys
Loaded keys from fallback files
Cryptographic components initialized
[2025-12-10 08:03:34] NETWORK INFO: Server socket created and listening on port 9412
✓ Smart meter server ready on port 9412
Data transmission interval: 20 seconds (15x accelerated - simulates 5min)
✓ Performance metrics CSV files initialized in performance_data/
Starting continuous smart meter operation...
Press Ctrl+C to stop gracefully
Data generation thread started
Network server thread started on port 9412
[2025-12-10 08:03:36] NETWORK INFO: Server authentication successful for node: aggregator-001
✓ Aggregator connected: aggregator-001 from 127.0.0.1
[2025-12-10 08:03:54] Meter 412: Generated 4.030 kWh (encrypted: 334117 bytes, 4.953 ms)
✓ Sent 334117 bytes to aggregator-001 (0.80ms)
Session completed with aggregator-001
[2025-12-10 08:04:14] Meter 412: Generated 4.719 kWh (encrypted: 334331 bytes, 4.482 ms)
[2025-12-10 08:04:34] Meter 412: Generated 4.188 kWh (encrypted: 334319 bytes, 4.525 ms)
[2025-12-10 08:04:39] NETWORK INFO: Server authentication successful for node: aggregator-001
✓ Aggregator connected: aggregator-001 from 127.0.0.1
✓ Sent 334319 bytes to aggregator-001 (0.36ms)
Session completed with aggregator-001
[2025-12-10 08:04:54] Meter 412: Generated 2.322 kWh (encrypted: 334403 bytes, 4.320 ms)
[2025-12-10 08:05:14] Meter 412: Generated 5.836 kWh (encrypted: 334096 bytes, 6.713 ms)
[2025-12-10 08:05:34] Meter 412: Generated 4.883 kWh (encrypted: 334239 bytes, 4.376 ms)
[2025-12-10 08:05:44] NETWORK INFO: Server authentication successful for node: aggregator-001
✓ Aggregator connected: aggregator-001 from 127.0.0.1
✓ Sent 334239 bytes to aggregator-001 (0.37ms)
Session completed with aggregator-001
[2025-12-10 08:05:54] Meter 412: Generated 1.328 kWh (encrypted: 334433 bytes, 4.330 ms)
[2025-12-10 08:06:14] Meter 412: Generated 6.975 kWh (encrypted: 334322 bytes, 6.469 ms)
[2025-12-10 08:06:34] Meter 412: Generated 6.157 kWh (encrypted: 334174 bytes, 4.498 ms)
[2025-12-10 08:06:50] NETWORK INFO: Server authentication successful for node: aggregator-001
✓ Aggregator connected: aggregator-001 from 127.0.0.1
✓ Sent 334174 bytes to aggregator-001 (1.15ms)
Session completed with aggregator-001
[2025-12-10 08:06:54] Meter 412: Generated 5.215 kWh (encrypted: 334437 bytes, 4.302 ms)
[2025-12-10 08:07:14] Meter 412: Generated 6.519 kWh (encrypted: 334155 bytes, 6.474 ms)
[2025-12-10 08:07:34] Meter 412: Generated 1.861 kWh (encrypted: 334159 bytes, 4.601 ms)
[2025-12-10 08:07:54] Meter 412: Generated 3.556 kWh (encrypted: 334268 bytes, 6.629 ms)
[2025-12-10 08:07:56] NETWORK INFO: Server authentication successful for node: aggregator-001
✓ Aggregator connected: aggregator-001 from 127.0.0.1
✓ Sent 334268 bytes to aggregator-001 (0.43ms)
Session completed with aggregator-001
[2025-12-10 08:08:14] Meter 412: Generated 2.842 kWh (encrypted: 334376 bytes, 6.586 ms)
[2025-12-10 08:08:34] Meter 412: Generated 6.529 kWh (encrypted: 333914 bytes, 4.503 ms)
[2025-12-10 08:08:54] Meter 412: Generated 7.066 kWh (encrypted: 334351 bytes, 5.808 ms)
[2025-12-10 08:09:01] NETWORK INFO: Server authentication successful for node: aggregator-001
✓ Aggregator connected: aggregator-001 from 127.0.0.1
✓ Sent 334351 bytes to aggregator-001 (0.40ms)
Session completed with aggregator-001
[2025-12-10 08:09:14] Meter 412: Generated 2.743 kWh (encrypted: 334367 bytes, 5.034 ms)
[2025-12-10 08:09:34] Meter 412: Generated 0.979 kWh (encrypted: 334203 bytes, 5.152 ms)
[2025-12-10 08:09:54] Meter 412: Generated 4.833 kWh (encrypted: 334113 bytes, 8.509 ms)
[2025-12-10 08:10:06] NETWORK INFO: Server authentication successful for node: aggregator-001
✓ Aggregator connected: aggregator-001 from 127.0.0.1
✓ Sent 334113 bytes to aggregator-001 (0.51ms)
Session completed with aggregator-001
[2025-12-10 08:10:14] Meter 412: Generated 7.461 kWh (encrypted: 334417 bytes, 4.565 ms)
[2025-12-10 08:10:34] Meter 412: Generated 3.452 kWh (encrypted: 334222 bytes, 6.420 ms)
[2025-12-10 08:10:54] Meter 412: Generated 3.370 kWh (encrypted: 334348 bytes, 4.394 ms)
[2025-12-10 08:11:12] NETWORK INFO: Server authentication successful for node: aggregator-001
✓ Aggregator connected: aggregator-001 from 127.0.0.1
✓ Sent 334348 bytes to aggregator-001 (26.18ms)
Session completed with aggregator-001
[2025-12-10 08:11:14] Meter 412: Generated 2.592 kWh (encrypted: 334437 bytes, 4.560 ms)
[2025-12-10 08:11:34] Meter 412: Generated 5.283 kWh (encrypted: 334054 bytes, 4.552 ms)
[2025-12-10 08:11:54] Meter 412: Generated 3.970 kWh (encrypted: 334179 bytes, 6.636 ms)
[2025-12-10 08:12:14] Meter 412: Generated 4.273 kWh (encrypted: 334332 bytes, 4.527 ms)
[2025-12-10 08:12:17] NETWORK INFO: Server authentication successful for node: aggregator-001
✓ Aggregator connected: aggregator-001 from 127.0.0.1
✓ Sent 334332 bytes to aggregator-001 (2.64ms)
Session completed with aggregator-001
[2025-12-10 08:12:34] Meter 412: Generated 3.945 kWh (encrypted: 334173 bytes, 5.213 ms)

Received shutdown signal. Gracefully shutting down smart meter...
Network server thread stopped
Data generation thread stopped
Smart meter 412 shutdown complete
