=== Continuous Smart Meter Server 393 ===
Initializing for continuous operation...
SEAL context initialized
Loaded certificate: smart-meter-393
Requesting public keys from KDC...
[2025-12-10 08:03:10] NETWORK ERROR: Failed to connect to 127.0.0.1:8444: Connection refused
Error: Failed to connect to KDC at 127.0.0.1:8444
Error: Failed to send key request to KDC
Failed to obtain keys from KDC, falling back to file keys
Loaded keys from fallback files
Cryptographic components initialized
[2025-12-10 08:03:10] NETWORK INFO: Server socket created and listening on port 9393
✓ Smart meter server ready on port 9393
Data transmission interval: 20 seconds (15x accelerated - simulates 5min)
✓ Performance metrics CSV files initialized in performance_data/
Starting continuous smart meter operation...
Press Ctrl+C to stop gracefully
Data generation thread started
Network server thread started on port 9393
[2025-12-10 08:03:30] Meter 393: Generated 7.015 kWh (encrypted: 334359 bytes, 6.996 ms)
[2025-12-10 08:03:36] NETWORK INFO: Server authentication successful for node: aggregator-001
✓ Aggregator connected: aggregator-001 from 127.0.0.1
✓ Sent 334359 bytes to aggregator-001 (5.45ms)
Session completed with aggregator-001
[2025-12-10 08:03:50] Meter 393: Generated 7.060 kWh (encrypted: 334328 bytes, 5.011 ms)
[2025-12-10 08:04:10] Meter 393: Generated 5.823 kWh (encrypted: 334319 bytes, 4.801 ms)
[2025-12-10 08:04:30] Meter 393: Generated 2.444 kWh (encrypted: 334263 bytes, 5.218 ms)
[2025-12-10 08:04:40] NETWORK INFO: Server authentication successful for node: aggregator-001
✓ Aggregator connected: aggregator-001 from 127.0.0.1
✓ Sent 334263 bytes to aggregator-001 (0.40ms)
Session completed with aggregator-001
[2025-12-10 08:04:50] Meter 393: Generated 4.940 kWh (encrypted: 334386 bytes, 6.420 ms)
[2025-12-10 08:05:10] Meter 393: Generated 3.556 kWh (encrypted: 334463 bytes, 5.002 ms)
[2025-12-10 08:05:30] Meter 393: Generated 1.029 kWh (encrypted: 334210 bytes, 4.711 ms)
[2025-12-10 08:05:44] NETWORK INFO: Server authentication successful for node: aggregator-001
✓ Aggregator connected: aggregator-001 from 127.0.0.1
✓ Sent 334210 bytes to aggregator-001 (0.37ms)
Session completed with aggregator-001
[2025-12-10 08:05:50] Meter 393: Generated 2.206 kWh (encrypted: 334342 bytes, 4.802 ms)
[2025-12-10 08:06:10] Meter 393: Generated 6.628 kWh (encrypted: 334418 bytes, 6.424 ms)
[2025-12-10 08:06:30] Meter 393: Generated 2.498 kWh (encrypted: 334364 bytes, 5.103 ms)
[2025-12-10 08:06:50] Meter 393: Generated 5.648 kWh (encrypted: 333851 bytes, 4.750 ms)
[2025-12-10 08:06:50] NETWORK INFO: Server authentication successful for node: aggregator-001
✓ Aggregator connected: aggregator-001 from 127.0.0.1
✓ Sent 333851 bytes to aggregator-001 (4.52ms)
Session completed with aggregator-001
[2025-12-10 08:07:10] Meter 393: Generated 3.241 kWh (encrypted: 334366 bytes, 6.427 ms)
[2025-12-10 08:07:30] Meter 393: Generated 2.962 kWh (encrypted: 334465 bytes, 5.122 ms)
[2025-12-10 08:07:50] Meter 393: Generated 6.055 kWh (encrypted: 334480 bytes, 4.650 ms)
[2025-12-10 08:07:56] NETWORK INFO: Server authentication successful for node: aggregator-001
✓ Aggregator connected: aggregator-001 from 127.0.0.1
✓ Sent 334480 bytes to aggregator-001 (0.39ms)
Session completed with aggregator-001
[2025-12-10 08:08:10] Meter 393: Generated 3.381 kWh (encrypted: 334211 bytes, 4.872 ms)
[2025-12-10 08:08:30] Meter 393: Generated 6.733 kWh (encrypted: 334364 bytes, 6.967 ms)
[2025-12-10 08:08:50] Meter 393: Generated 4.283 kWh (encrypted: 334359 bytes, 10.104 ms)
[2025-12-10 08:09:01] NETWORK INFO: Server authentication successful for node: aggregator-001
✓ Aggregator connected: aggregator-001 from 127.0.0.1
✓ Sent 334359 bytes to aggregator-001 (0.41ms)
Session completed with aggregator-001
[2025-12-10 08:09:10] Meter 393: Generated 3.398 kWh (encrypted: 334194 bytes, 4.425 ms)
[2025-12-10 08:09:30] Meter 393: Generated 1.708 kWh (encrypted: 334219 bytes, 4.673 ms)
[2025-12-10 08:09:50] Meter 393: Generated 0.961 kWh (encrypted: 334269 bytes, 5.494 ms)
[2025-12-10 08:10:06] NETWORK INFO: Server authentication successful for node: aggregator-001
✓ Aggregator connected: aggregator-001 from 127.0.0.1
✓ Sent 334269 bytes to aggregator-001 (18.75ms)
Session completed with aggregator-001
[2025-12-10 08:10:10] Meter 393: Generated 1.681 kWh (encrypted: 334366 bytes, 6.055 ms)
[2025-12-10 08:10:30] Meter 393: Generated 1.729 kWh (encrypted: 334468 bytes, 4.718 ms)
[2025-12-10 08:10:50] Meter 393: Generated 6.443 kWh (encrypted: 334246 bytes, 4.885 ms)
[2025-12-10 08:11:10] Meter 393: Generated 0.906 kWh (encrypted: 334091 bytes, 6.596 ms)
[2025-12-10 08:11:12] NETWORK INFO: Server authentication successful for node: aggregator-001
✓ Aggregator connected: aggregator-001 from 127.0.0.1
✓ Sent 334091 bytes to aggregator-001 (0.35ms)
Session completed with aggregator-001
[2025-12-10 08:11:30] Meter 393: Generated 5.079 kWh (encrypted: 334458 bytes, 5.436 ms)
[2025-12-10 08:11:50] Meter 393: Generated 4.806 kWh (encrypted: 334291 bytes, 4.447 ms)
[2025-12-10 08:12:10] Meter 393: Generated 0.870 kWh (encrypted: 334284 bytes, 5.254 ms)
[2025-12-10 08:12:17] NETWORK INFO: Server authentication successful for node: aggregator-001
✓ Aggregator connected: aggregator-001 from 127.0.0.1
✓ Sent 334284 bytes to aggregator-001 (0.36ms)
Session completed with aggregator-001
[2025-12-10 08:12:30] Meter 393: Generated 5.889 kWh (encrypted: 333781 bytes, 4.515 ms)

Received shutdown signal. Gracefully shutting down smart meter...
Network server thread stopped
Data generation thread stopped
Smart meter 393 shutdown complete
