=== Continuous Smart Meter Server 263 ===
Initializing for continuous operation...
SEAL context initialized
Loaded certificate: smart-meter-263
Requesting public keys from KDC...
[2025-12-10 08:00:28] NETWORK ERROR: Failed to connect to 127.0.0.1:8444: Connection refused
Error: Failed to connect to KDC at 127.0.0.1:8444
Error: Failed to send key request to KDC
Failed to obtain keys from KDC, falling back to file keys
Loaded keys from fallback files
Cryptographic components initialized
[2025-12-10 08:00:28] NETWORK INFO: Server socket created and listening on port 9263
✓ Smart meter server ready on port 9263
Data transmission interval: 20 seconds (15x accelerated - simulates 5min)
✓ Performance metrics CSV files initialized in performance_data/
Starting continuous smart meter operation...
Press Ctrl+C to stop gracefully
Data generation thread started
Network server thread started on port 9263
[2025-12-10 08:00:28] NETWORK INFO: Server authentication successful for node: aggregator-001
✓ Aggregator connected: aggregator-001 from 127.0.0.1
[2025-12-10 08:00:48] Meter 263: Generated 3.792 kWh (encrypted: 334211 bytes, 4.989 ms)
✓ Sent 334211 bytes to aggregator-001 (0.80ms)
Session completed with aggregator-001
[2025-12-10 08:01:08] Meter 263: Generated 6.215 kWh (encrypted: 334077 bytes, 4.958 ms)
[2025-12-10 08:01:28] Meter 263: Generated 6.357 kWh (encrypted: 334070 bytes, 4.743 ms)
[2025-12-10 08:01:31] NETWORK INFO: Server authentication successful for node: aggregator-001
✓ Aggregator connected: aggregator-001 from 127.0.0.1
✓ Sent 334070 bytes to aggregator-001 (0.40ms)
Session completed with aggregator-001
[2025-12-10 08:01:48] Meter 263: Generated 6.667 kWh (encrypted: 334301 bytes, 4.927 ms)
[2025-12-10 08:02:08] Meter 263: Generated 1.218 kWh (encrypted: 334302 bytes, 5.892 ms)
[2025-12-10 08:02:28] Meter 263: Generated 1.749 kWh (encrypted: 334477 bytes, 4.498 ms)
[2025-12-10 08:02:33] NETWORK INFO: Server authentication successful for node: aggregator-001
✓ Aggregator connected: aggregator-001 from 127.0.0.1
✓ Sent 334477 bytes to aggregator-001 (0.38ms)
Session completed with aggregator-001
[2025-12-10 08:02:48] Meter 263: Generated 4.609 kWh (encrypted: 334248 bytes, 6.414 ms)
[2025-12-10 08:03:08] Meter 263: Generated 2.347 kWh (encrypted: 334076 bytes, 4.709 ms)
[2025-12-10 08:03:28] Meter 263: Generated 5.397 kWh (encrypted: 334356 bytes, 4.951 ms)
[2025-12-10 08:03:36] NETWORK INFO: Server authentication successful for node: aggregator-001
✓ Aggregator connected: aggregator-001 from 127.0.0.1
✓ Sent 334356 bytes to aggregator-001 (1.30ms)
Session completed with aggregator-001
[2025-12-10 08:03:48] Meter 263: Generated 6.580 kWh (encrypted: 334150 bytes, 4.997 ms)
[2025-12-10 08:04:08] Meter 263: Generated 4.116 kWh (encrypted: 334162 bytes, 5.259 ms)
[2025-12-10 08:04:28] Meter 263: Generated 2.861 kWh (encrypted: 334442 bytes, 6.234 ms)
[2025-12-10 08:04:39] NETWORK INFO: Server authentication successful for node: aggregator-001
✓ Aggregator connected: aggregator-001 from 127.0.0.1
✓ Sent 334442 bytes to aggregator-001 (0.45ms)
Session completed with aggregator-001
[2025-12-10 08:04:48] Meter 263: Generated 7.380 kWh (encrypted: 334029 bytes, 4.916 ms)
[2025-12-10 08:05:08] Meter 263: Generated 3.426 kWh (encrypted: 334279 bytes, 4.407 ms)
[2025-12-10 08:05:28] Meter 263: Generated 0.954 kWh (encrypted: 334406 bytes, 5.087 ms)
[2025-12-10 08:05:44] NETWORK INFO: Server authentication successful for node: aggregator-001
✓ Aggregator connected: aggregator-001 from 127.0.0.1
✓ Sent 334406 bytes to aggregator-001 (0.38ms)
Session completed with aggregator-001
[2025-12-10 08:05:48] Meter 263: Generated 1.291 kWh (encrypted: 333854 bytes, 4.561 ms)
[2025-12-10 08:06:08] Meter 263: Generated 2.935 kWh (encrypted: 334384 bytes, 4.642 ms)
[2025-12-10 08:06:28] Meter 263: Generated 7.542 kWh (encrypted: 334086 bytes, 5.853 ms)
[2025-12-10 08:06:48] Meter 263: Generated 4.954 kWh (encrypted: 333314 bytes, 4.573 ms)
[2025-12-10 08:06:50] NETWORK INFO: Server authentication successful for node: aggregator-001
✓ Aggregator connected: aggregator-001 from 127.0.0.1
✓ Sent 333314 bytes to aggregator-001 (2.79ms)
Session completed with aggregator-001
[2025-12-10 08:07:08] Meter 263: Generated 1.784 kWh (encrypted: 334205 bytes, 6.777 ms)
[2025-12-10 08:07:28] Meter 263: Generated 2.476 kWh (encrypted: 334481 bytes, 4.476 ms)
[2025-12-10 08:07:48] Meter 263: Generated 3.186 kWh (encrypted: 334205 bytes, 4.832 ms)
[2025-12-10 08:07:56] NETWORK INFO: Server authentication successful for node: aggregator-001
✓ Aggregator connected: aggregator-001 from 127.0.0.1
✓ Sent 334205 bytes to aggregator-001 (0.35ms)
Session completed with aggregator-001
[2025-12-10 08:08:08] Meter 263: Generated 1.525 kWh (encrypted: 334450 bytes, 4.916 ms)
[2025-12-10 08:08:28] Meter 263: Generated 7.475 kWh (encrypted: 334393 bytes, 6.476 ms)
[2025-12-10 08:08:48] Meter 263: Generated 3.048 kWh (encrypted: 334308 bytes, 4.738 ms)
[2025-12-10 08:09:01] NETWORK INFO: Server authentication successful for node: aggregator-001
✓ Aggregator connected: aggregator-001 from 127.0.0.1
✓ Sent 334308 bytes to aggregator-001 (0.36ms)
Session completed with aggregator-001
[2025-12-10 08:09:08] Meter 263: Generated 7.125 kWh (encrypted: 334173 bytes, 6.576 ms)
[2025-12-10 08:09:28] Meter 263: Generated 3.617 kWh (encrypted: 334411 bytes, 4.829 ms)
[2025-12-10 08:09:48] Meter 263: Generated 0.961 kWh (encrypted: 334186 bytes, 4.648 ms)
[2025-12-10 08:10:06] NETWORK INFO: Server authentication successful for node: aggregator-001
✓ Aggregator connected: aggregator-001 from 127.0.0.1
✓ Sent 334186 bytes to aggregator-001 (16.05ms)
Session completed with aggregator-001
[2025-12-10 08:10:08] Meter 263: Generated 7.033 kWh (encrypted: 334294 bytes, 6.096 ms)
[2025-12-10 08:10:28] Meter 263: Generated 1.962 kWh (encrypted: 334400 bytes, 4.814 ms)
[2025-12-10 08:10:48] Meter 263: Generated 3.339 kWh (encrypted: 334423 bytes, 4.747 ms)
[2025-12-10 08:11:08] Meter 263: Generated 6.049 kWh (encrypted: 334210 bytes, 6.943 ms)
[2025-12-10 08:11:12] NETWORK INFO: Server authentication successful for node: aggregator-001
✓ Aggregator connected: aggregator-001 from 127.0.0.1
✓ Sent 334210 bytes to aggregator-001 (0.35ms)
Session completed with aggregator-001
[2025-12-10 08:11:28] Meter 263: Generated 7.512 kWh (encrypted: 334172 bytes, 4.415 ms)
[2025-12-10 08:11:48] Meter 263: Generated 0.757 kWh (encrypted: 334259 bytes, 4.609 ms)
[2025-12-10 08:12:08] Meter 263: Generated 5.324 kWh (encrypted: 334268 bytes, 6.539 ms)
[2025-12-10 08:12:17] NETWORK INFO: Server authentication successful for node: aggregator-001
✓ Aggregator connected: aggregator-001 from 127.0.0.1
✓ Sent 334268 bytes to aggregator-001 (0.37ms)
Session completed with aggregator-001
[2025-12-10 08:12:28] Meter 263: Generated 2.794 kWh (encrypted: 334158 bytes, 6.500 ms)

Received shutdown signal. Gracefully shutting down smart meter...
Network server thread stopped
Data generation thread stopped
Smart meter 263 shutdown complete
