=== Continuous Smart Meter Server 435 ===
Initializing for continuous operation...
SEAL context initialized
Loaded certificate: smart-meter-435
Requesting public keys from KDC...
[2025-12-10 08:04:03] NETWORK ERROR: Failed to connect to 127.0.0.1:8444: Connection refused
Error: Failed to connect to KDC at 127.0.0.1:8444
Error: Failed to send key request to KDC
Failed to obtain keys from KDC, falling back to file keys
Loaded keys from fallback files
Cryptographic components initialized
[2025-12-10 08:04:03] NETWORK INFO: Server socket created and listening on port 9435
✓ Smart meter server ready on port 9435
Data transmission interval: 20 seconds (15x accelerated - simulates 5min)
✓ Performance metrics CSV files initialized in performance_data/
Starting continuous smart meter operation...
Press Ctrl+C to stop gracefully
Data generation thread started
Network server thread started on port 9435
[2025-12-10 08:04:23] Meter 435: Generated 3.882 kWh (encrypted: 334538 bytes, 6.722 ms)
[2025-12-10 08:04:40] NETWORK INFO: Server authentication successful for node: aggregator-001
✓ Aggregator connected: aggregator-001 from 127.0.0.1
✓ Sent 334538 bytes to aggregator-001 (0.80ms)
Session completed with aggregator-001
[2025-12-10 08:04:43] Meter 435: Generated 2.767 kWh (encrypted: 334200 bytes, 5.280 ms)
[2025-12-10 08:05:03] Meter 435: Generated 5.923 kWh (encrypted: 334112 bytes, 4.925 ms)
[2025-12-10 08:05:23] Meter 435: Generated 4.869 kWh (encrypted: 334458 bytes, 5.158 ms)
[2025-12-10 08:05:43] Meter 435: Generated 3.832 kWh (encrypted: 334428 bytes, 4.511 ms)
[2025-12-10 08:05:44] NETWORK INFO: Server authentication successful for node: aggregator-001
✓ Aggregator connected: aggregator-001 from 127.0.0.1
✓ Sent 334428 bytes to aggregator-001 (0.36ms)
Session completed with aggregator-001
[2025-12-10 08:06:03] Meter 435: Generated 1.380 kWh (encrypted: 334388 bytes, 6.470 ms)
[2025-12-10 08:06:23] Meter 435: Generated 2.447 kWh (encrypted: 334208 bytes, 9.812 ms)
[2025-12-10 08:06:43] Meter 435: Generated 2.179 kWh (encrypted: 334481 bytes, 4.972 ms)
[2025-12-10 08:06:50] NETWORK INFO: Server authentication successful for node: aggregator-001
✓ Aggregator connected: aggregator-001 from 127.0.0.1
✓ Sent 334481 bytes to aggregator-001 (6.01ms)
Session completed with aggregator-001
[2025-12-10 08:07:03] Meter 435: Generated 1.058 kWh (encrypted: 334389 bytes, 14.873 ms)
[2025-12-10 08:07:23] Meter 435: Generated 7.364 kWh (encrypted: 334186 bytes, 4.702 ms)
[2025-12-10 08:07:43] Meter 435: Generated 1.203 kWh (encrypted: 333817 bytes, 6.853 ms)
[2025-12-10 08:07:56] NETWORK INFO: Server authentication successful for node: aggregator-001
✓ Aggregator connected: aggregator-001 from 127.0.0.1
✓ Sent 333817 bytes to aggregator-001 (0.36ms)
Session completed with aggregator-001
[2025-12-10 08:08:03] Meter 435: Generated 5.547 kWh (encrypted: 334433 bytes, 6.436 ms)
[2025-12-10 08:08:23] Meter 435: Generated 5.115 kWh (encrypted: 334410 bytes, 4.429 ms)
[2025-12-10 08:08:43] Meter 435: Generated 6.090 kWh (encrypted: 334410 bytes, 4.689 ms)
[2025-12-10 08:09:01] NETWORK INFO: Server authentication successful for node: aggregator-001
✓ Aggregator connected: aggregator-001 from 127.0.0.1
✓ Sent 334410 bytes to aggregator-001 (0.43ms)
Session completed with aggregator-001
[2025-12-10 08:09:03] Meter 435: Generated 5.417 kWh (encrypted: 334335 bytes, 4.815 ms)
[2025-12-10 08:09:23] Meter 435: Generated 1.971 kWh (encrypted: 334265 bytes, 7.900 ms)
[2025-12-10 08:09:43] Meter 435: Generated 3.105 kWh (encrypted: 334386 bytes, 4.954 ms)
[2025-12-10 08:10:03] Meter 435: Generated 1.430 kWh (encrypted: 334381 bytes, 6.819 ms)
[2025-12-10 08:10:06] NETWORK INFO: Server authentication successful for node: aggregator-001
✓ Aggregator connected: aggregator-001 from 127.0.0.1
✓ Sent 334381 bytes to aggregator-001 (0.36ms)
Session completed with aggregator-001
[2025-12-10 08:10:23] Meter 435: Generated 4.408 kWh (encrypted: 334170 bytes, 5.096 ms)
[2025-12-10 08:10:43] Meter 435: Generated 6.367 kWh (encrypted: 334260 bytes, 4.875 ms)
[2025-12-10 08:11:03] Meter 435: Generated 4.446 kWh (encrypted: 334035 bytes, 6.111 ms)
[2025-12-10 08:11:12] NETWORK INFO: Server authentication successful for node: aggregator-001
✓ Aggregator connected: aggregator-001 from 127.0.0.1
✓ Sent 334035 bytes to aggregator-001 (0.35ms)
Session completed with aggregator-001
[2025-12-10 08:11:23] Meter 435: Generated 5.746 kWh (encrypted: 334207 bytes, 7.000 ms)
[2025-12-10 08:11:43] Meter 435: Generated 7.149 kWh (encrypted: 334379 bytes, 5.402 ms)
[2025-12-10 08:12:03] Meter 435: Generated 6.299 kWh (encrypted: 334399 bytes, 6.511 ms)
[2025-12-10 08:12:17] NETWORK INFO: Server authentication successful for node: aggregator-001
✓ Aggregator connected: aggregator-001 from 127.0.0.1
✓ Sent 334399 bytes to aggregator-001 (0.36ms)
Session completed with aggregator-001
[2025-12-10 08:12:23] Meter 435: Generated 6.201 kWh (encrypted: 334359 bytes, 11.858 ms)

Received shutdown signal. Gracefully shutting down smart meter...
Network server thread stopped
Data generation thread stopped
Smart meter 435 shutdown complete
