=== Continuous Smart Meter Server 139 ===
Initializing for continuous operation...
SEAL context initialized
Loaded certificate: smart-meter-139
Requesting public keys from KDC...
[2025-12-10 07:57:55] NETWORK ERROR: Failed to connect to 127.0.0.1:8444: Connection refused
Error: Failed to connect to KDC at 127.0.0.1:8444
Error: Failed to send key request to KDC
Failed to obtain keys from KDC, falling back to file keys
Loaded keys from fallback files
Cryptographic components initialized
[2025-12-10 07:57:55] NETWORK INFO: Server socket created and listening on port 9139
✓ Smart meter server ready on port 9139
Data transmission interval: 20 seconds (15x accelerated - simulates 5min)
✓ Performance metrics CSV files initialized in performance_data/
Starting continuous smart meter operation...
Press Ctrl+C to stop gracefully
Data generation thread started
Network server thread started on port 9139
[2025-12-10 07:58:15] Meter 139: Generated 7.360 kWh (encrypted: 334443 bytes, 5.982 ms)
[2025-12-10 07:58:25] NETWORK INFO: Server authentication successful for node: aggregator-001
✓ Aggregator connected: aggregator-001 from 127.0.0.1
✓ Sent 334443 bytes to aggregator-001 (0.68ms)
Session completed with aggregator-001
[2025-12-10 07:58:35] Meter 139: Generated 5.689 kWh (encrypted: 334444 bytes, 4.529 ms)
[2025-12-10 07:58:55] Meter 139: Generated 5.647 kWh (encrypted: 334485 bytes, 4.547 ms)
[2025-12-10 07:59:15] Meter 139: Generated 7.323 kWh (encrypted: 334383 bytes, 4.579 ms)
[2025-12-10 07:59:27] NETWORK INFO: Server authentication successful for node: aggregator-001
✓ Aggregator connected: aggregator-001 from 127.0.0.1
✓ Sent 334383 bytes to aggregator-001 (0.35ms)
Session completed with aggregator-001
[2025-12-10 07:59:35] Meter 139: Generated 5.086 kWh (encrypted: 334437 bytes, 4.831 ms)
[2025-12-10 07:59:55] Meter 139: Generated 1.514 kWh (encrypted: 334427 bytes, 4.573 ms)
[2025-12-10 08:00:15] Meter 139: Generated 6.668 kWh (encrypted: 334412 bytes, 4.732 ms)
[2025-12-10 08:00:28] NETWORK INFO: Server authentication successful for node: aggregator-001
✓ Aggregator connected: aggregator-001 from 127.0.0.1
✓ Sent 334412 bytes to aggregator-001 (0.42ms)
Session completed with aggregator-001
[2025-12-10 08:00:35] Meter 139: Generated 2.859 kWh (encrypted: 334381 bytes, 4.776 ms)
[2025-12-10 08:00:55] Meter 139: Generated 6.572 kWh (encrypted: 334431 bytes, 4.549 ms)
[2025-12-10 08:01:15] Meter 139: Generated 4.904 kWh (encrypted: 334036 bytes, 4.720 ms)
[2025-12-10 08:01:31] NETWORK INFO: Server authentication successful for node: aggregator-001
✓ Aggregator connected: aggregator-001 from 127.0.0.1
✓ Sent 334036 bytes to aggregator-001 (0.36ms)
Session completed with aggregator-001
[2025-12-10 08:01:35] Meter 139: Generated 5.815 kWh (encrypted: 334096 bytes, 4.625 ms)
[2025-12-10 08:01:55] Meter 139: Generated 4.580 kWh (encrypted: 334118 bytes, 4.664 ms)
[2025-12-10 08:02:15] Meter 139: Generated 3.637 kWh (encrypted: 334189 bytes, 4.446 ms)
[2025-12-10 08:02:33] NETWORK INFO: Server authentication successful for node: aggregator-001
✓ Aggregator connected: aggregator-001 from 127.0.0.1
✓ Sent 334189 bytes to aggregator-001 (13.19ms)
Session completed with aggregator-001
[2025-12-10 08:02:35] Meter 139: Generated 2.376 kWh (encrypted: 334434 bytes, 4.625 ms)
[2025-12-10 08:02:55] Meter 139: Generated 7.219 kWh (encrypted: 333637 bytes, 6.355 ms)
[2025-12-10 08:03:15] Meter 139: Generated 3.354 kWh (encrypted: 334427 bytes, 4.640 ms)
[2025-12-10 08:03:35] Meter 139: Generated 6.246 kWh (encrypted: 334469 bytes, 4.644 ms)
[2025-12-10 08:03:36] NETWORK INFO: Server authentication successful for node: aggregator-001
✓ Aggregator connected: aggregator-001 from 127.0.0.1
✓ Sent 334469 bytes to aggregator-001 (8.43ms)
Session completed with aggregator-001
[2025-12-10 08:03:55] Meter 139: Generated 5.846 kWh (encrypted: 334341 bytes, 5.554 ms)
[2025-12-10 08:04:15] Meter 139: Generated 0.978 kWh (encrypted: 334274 bytes, 4.452 ms)
[2025-12-10 08:04:35] Meter 139: Generated 0.653 kWh (encrypted: 334172 bytes, 4.448 ms)
[2025-12-10 08:04:39] NETWORK INFO: Server authentication successful for node: aggregator-001
✓ Aggregator connected: aggregator-001 from 127.0.0.1
✓ Sent 334172 bytes to aggregator-001 (0.44ms)
Session completed with aggregator-001
[2025-12-10 08:04:55] Meter 139: Generated 4.964 kWh (encrypted: 334279 bytes, 6.631 ms)
[2025-12-10 08:05:15] Meter 139: Generated 1.467 kWh (encrypted: 334128 bytes, 4.573 ms)
[2025-12-10 08:05:35] Meter 139: Generated 6.221 kWh (encrypted: 333943 bytes, 4.969 ms)
[2025-12-10 08:05:44] NETWORK INFO: Server authentication successful for node: aggregator-001
✓ Aggregator connected: aggregator-001 from 127.0.0.1
✓ Sent 333943 bytes to aggregator-001 (0.38ms)
Session completed with aggregator-001
[2025-12-10 08:05:55] Meter 139: Generated 6.801 kWh (encrypted: 334487 bytes, 4.593 ms)
[2025-12-10 08:06:15] Meter 139: Generated 2.054 kWh (encrypted: 334377 bytes, 4.936 ms)
[2025-12-10 08:06:35] Meter 139: Generated 1.215 kWh (encrypted: 334342 bytes, 4.575 ms)
[2025-12-10 08:06:50] NETWORK INFO: Server authentication successful for node: aggregator-001
✓ Aggregator connected: aggregator-001 from 127.0.0.1
✓ Sent 334342 bytes to aggregator-001 (0.35ms)
Session completed with aggregator-001
[2025-12-10 08:06:55] Meter 139: Generated 1.145 kWh (encrypted: 334412 bytes, 4.482 ms)
[2025-12-10 08:07:15] Meter 139: Generated 5.506 kWh (encrypted: 334332 bytes, 6.489 ms)
[2025-12-10 08:07:35] Meter 139: Generated 1.730 kWh (encrypted: 334360 bytes, 4.731 ms)
[2025-12-10 08:07:56] NETWORK INFO: Server authentication successful for node: aggregator-001
✓ Aggregator connected: aggregator-001 from 127.0.0.1
[2025-12-10 08:07:55] Meter 139: Generated 0.932 kWh (encrypted: 334414 bytes, 75.481 ms)
✓ Sent 334414 bytes to aggregator-001 (0.40ms)
Session completed with aggregator-001
[2025-12-10 08:08:16] Meter 139: Generated 5.367 kWh (encrypted: 334426 bytes, 6.463 ms)
[2025-12-10 08:08:36] Meter 139: Generated 1.825 kWh (encrypted: 334287 bytes, 4.439 ms)
[2025-12-10 08:08:56] Meter 139: Generated 1.849 kWh (encrypted: 334394 bytes, 5.114 ms)
[2025-12-10 08:09:01] NETWORK INFO: Server authentication successful for node: aggregator-001
✓ Aggregator connected: aggregator-001 from 127.0.0.1
✓ Sent 334394 bytes to aggregator-001 (4.44ms)
Session completed with aggregator-001
[2025-12-10 08:09:16] Meter 139: Generated 1.008 kWh (encrypted: 334266 bytes, 7.242 ms)
[2025-12-10 08:09:36] Meter 139: Generated 4.485 kWh (encrypted: 334371 bytes, 4.858 ms)
[2025-12-10 08:09:56] Meter 139: Generated 3.565 kWh (encrypted: 334407 bytes, 4.430 ms)
[2025-12-10 08:10:06] NETWORK INFO: Server authentication successful for node: aggregator-001
✓ Aggregator connected: aggregator-001 from 127.0.0.1
✓ Sent 334407 bytes to aggregator-001 (17.48ms)
Session completed with aggregator-001
[2025-12-10 08:10:16] Meter 139: Generated 5.087 kWh (encrypted: 334243 bytes, 6.463 ms)
[2025-12-10 08:10:36] Meter 139: Generated 6.727 kWh (encrypted: 334448 bytes, 4.749 ms)
[2025-12-10 08:10:56] Meter 139: Generated 6.237 kWh (encrypted: 334094 bytes, 5.894 ms)
[2025-12-10 08:11:12] NETWORK INFO: Server authentication successful for node: aggregator-001
✓ Aggregator connected: aggregator-001 from 127.0.0.1
✓ Sent 334094 bytes to aggregator-001 (0.40ms)
Session completed with aggregator-001
[2025-12-10 08:11:16] Meter 139: Generated 0.862 kWh (encrypted: 334342 bytes, 7.103 ms)
[2025-12-10 08:11:36] Meter 139: Generated 1.602 kWh (encrypted: 334354 bytes, 14.450 ms)
[2025-12-10 08:11:56] Meter 139: Generated 5.352 kWh (encrypted: 334064 bytes, 7.357 ms)
[2025-12-10 08:12:16] Meter 139: Generated 2.968 kWh (encrypted: 334164 bytes, 4.868 ms)
[2025-12-10 08:12:17] NETWORK INFO: Server authentication successful for node: aggregator-001
✓ Aggregator connected: aggregator-001 from 127.0.0.1
✓ Sent 334164 bytes to aggregator-001 (3.44ms)
Session completed with aggregator-001

Received shutdown signal. Gracefully shutting down smart meter...
Network server thread stopped
Data generation thread stopped
Smart meter 139 shutdown complete
