=== Continuous Smart Meter Server 276 ===
Initializing for continuous operation...
SEAL context initialized
Loaded certificate: smart-meter-276
Requesting public keys from KDC...
[2025-12-10 08:00:44] NETWORK ERROR: Failed to connect to 127.0.0.1:8444: Connection refused
Error: Failed to connect to KDC at 127.0.0.1:8444
Error: Failed to send key request to KDC
Failed to obtain keys from KDC, falling back to file keys
Loaded keys from fallback files
Cryptographic components initialized
[2025-12-10 08:00:44] NETWORK INFO: Server socket created and listening on port 9276
✓ Smart meter server ready on port 9276
Data transmission interval: 20 seconds (15x accelerated - simulates 5min)
✓ Performance metrics CSV files initialized in performance_data/
Starting continuous smart meter operation...
Press Ctrl+C to stop gracefully
Data generation thread started
Network server thread started on port 9276
[2025-12-10 08:01:04] Meter 276: Generated 4.271 kWh (encrypted: 334451 bytes, 5.589 ms)
[2025-12-10 08:01:24] Meter 276: Generated 3.478 kWh (encrypted: 334028 bytes, 5.131 ms)
[2025-12-10 08:01:31] NETWORK INFO: Server authentication successful for node: aggregator-001
✓ Aggregator connected: aggregator-001 from 127.0.0.1
✓ Sent 334028 bytes to aggregator-001 (0.81ms)
Session completed with aggregator-001
[2025-12-10 08:01:44] Meter 276: Generated 3.857 kWh (encrypted: 334203 bytes, 4.725 ms)
[2025-12-10 08:02:04] Meter 276: Generated 4.621 kWh (encrypted: 334240 bytes, 4.529 ms)
[2025-12-10 08:02:24] Meter 276: Generated 6.486 kWh (encrypted: 334495 bytes, 4.609 ms)
[2025-12-10 08:02:33] NETWORK INFO: Server authentication successful for node: aggregator-001
✓ Aggregator connected: aggregator-001 from 127.0.0.1
✓ Sent 334495 bytes to aggregator-001 (0.39ms)
Session completed with aggregator-001
[2025-12-10 08:02:44] Meter 276: Generated 2.982 kWh (encrypted: 334170 bytes, 4.630 ms)
[2025-12-10 08:03:04] Meter 276: Generated 4.483 kWh (encrypted: 334417 bytes, 4.587 ms)
[2025-12-10 08:03:24] Meter 276: Generated 6.530 kWh (encrypted: 334236 bytes, 4.650 ms)
[2025-12-10 08:03:36] NETWORK INFO: Server authentication successful for node: aggregator-001
✓ Aggregator connected: aggregator-001 from 127.0.0.1
✓ Sent 334236 bytes to aggregator-001 (0.43ms)
Session completed with aggregator-001
[2025-12-10 08:03:44] Meter 276: Generated 1.640 kWh (encrypted: 334412 bytes, 4.765 ms)
[2025-12-10 08:04:04] Meter 276: Generated 3.486 kWh (encrypted: 334472 bytes, 5.070 ms)
[2025-12-10 08:04:24] Meter 276: Generated 5.020 kWh (encrypted: 334378 bytes, 5.813 ms)
[2025-12-10 08:04:39] NETWORK INFO: Server authentication successful for node: aggregator-001
✓ Aggregator connected: aggregator-001 from 127.0.0.1
✓ Sent 334378 bytes to aggregator-001 (3.57ms)
Session completed with aggregator-001
[2025-12-10 08:04:44] Meter 276: Generated 1.065 kWh (encrypted: 334500 bytes, 4.633 ms)
[2025-12-10 08:05:04] Meter 276: Generated 4.444 kWh (encrypted: 333920 bytes, 4.603 ms)
[2025-12-10 08:05:24] Meter 276: Generated 5.726 kWh (encrypted: 334322 bytes, 26.909 ms)
[2025-12-10 08:05:44] Meter 276: Generated 6.814 kWh (encrypted: 334241 bytes, 4.703 ms)
[2025-12-10 08:05:44] NETWORK INFO: Server authentication successful for node: aggregator-001
✓ Aggregator connected: aggregator-001 from 127.0.0.1
✓ Sent 334241 bytes to aggregator-001 (0.39ms)
Session completed with aggregator-001
[2025-12-10 08:06:04] Meter 276: Generated 6.532 kWh (encrypted: 334096 bytes, 4.860 ms)
[2025-12-10 08:06:24] Meter 276: Generated 1.230 kWh (encrypted: 334378 bytes, 6.554 ms)
[2025-12-10 08:06:44] Meter 276: Generated 6.024 kWh (encrypted: 334368 bytes, 5.374 ms)
[2025-12-10 08:06:50] NETWORK INFO: Server authentication successful for node: aggregator-001
✓ Aggregator connected: aggregator-001 from 127.0.0.1
✓ Sent 334368 bytes to aggregator-001 (0.37ms)
Session completed with aggregator-001
[2025-12-10 08:07:04] Meter 276: Generated 1.766 kWh (encrypted: 334402 bytes, 5.886 ms)
[2025-12-10 08:07:24] Meter 276: Generated 6.613 kWh (encrypted: 334112 bytes, 6.405 ms)
[2025-12-10 08:07:44] Meter 276: Generated 1.348 kWh (encrypted: 334568 bytes, 4.605 ms)
[2025-12-10 08:07:56] NETWORK INFO: Server authentication successful for node: aggregator-001
✓ Aggregator connected: aggregator-001 from 127.0.0.1
✓ Sent 334568 bytes to aggregator-001 (1.23ms)
Session completed with aggregator-001
[2025-12-10 08:08:04] Meter 276: Generated 4.115 kWh (encrypted: 334315 bytes, 4.621 ms)
[2025-12-10 08:08:24] Meter 276: Generated 6.355 kWh (encrypted: 334382 bytes, 6.385 ms)
[2025-12-10 08:08:44] Meter 276: Generated 3.960 kWh (encrypted: 334085 bytes, 4.597 ms)
[2025-12-10 08:09:01] NETWORK INFO: Server authentication successful for node: aggregator-001
✓ Aggregator connected: aggregator-001 from 127.0.0.1
✓ Sent 334085 bytes to aggregator-001 (0.75ms)
Session completed with aggregator-001
[2025-12-10 08:09:04] Meter 276: Generated 4.428 kWh (encrypted: 334361 bytes, 4.632 ms)
[2025-12-10 08:09:24] Meter 276: Generated 6.870 kWh (encrypted: 334425 bytes, 5.394 ms)
[2025-12-10 08:09:44] Meter 276: Generated 1.720 kWh (encrypted: 334003 bytes, 4.919 ms)
[2025-12-10 08:10:04] Meter 276: Generated 4.810 kWh (encrypted: 334049 bytes, 8.505 ms)
[2025-12-10 08:10:06] NETWORK INFO: Server authentication successful for node: aggregator-001
✓ Aggregator connected: aggregator-001 from 127.0.0.1
✓ Sent 334049 bytes to aggregator-001 (10.89ms)
Session completed with aggregator-001
[2025-12-10 08:10:24] Meter 276: Generated 4.421 kWh (encrypted: 334285 bytes, 6.523 ms)
[2025-12-10 08:10:44] Meter 276: Generated 2.351 kWh (encrypted: 334048 bytes, 7.596 ms)
[2025-12-10 08:11:04] Meter 276: Generated 7.476 kWh (encrypted: 334392 bytes, 4.554 ms)
[2025-12-10 08:11:12] NETWORK INFO: Server authentication successful for node: aggregator-001
✓ Aggregator connected: aggregator-001 from 127.0.0.1
✓ Sent 334392 bytes to aggregator-001 (0.39ms)
Session completed with aggregator-001
[2025-12-10 08:11:24] Meter 276: Generated 1.953 kWh (encrypted: 334278 bytes, 11.251 ms)
[2025-12-10 08:11:44] Meter 276: Generated 3.846 kWh (encrypted: 334179 bytes, 4.870 ms)
[2025-12-10 08:12:04] Meter 276: Generated 6.616 kWh (encrypted: 334458 bytes, 9.758 ms)
[2025-12-10 08:12:17] NETWORK INFO: Server authentication successful for node: aggregator-001
✓ Aggregator connected: aggregator-001 from 127.0.0.1
✓ Sent 334458 bytes to aggregator-001 (1.90ms)
Session completed with aggregator-001
[2025-12-10 08:12:24] Meter 276: Generated 2.705 kWh (encrypted: 334321 bytes, 5.452 ms)

Received shutdown signal. Gracefully shutting down smart meter...
Network server thread stopped
Data generation thread stopped
Smart meter 276 shutdown complete
