=== Continuous Smart Meter Server 368 ===
Initializing for continuous operation...
SEAL context initialized
Loaded certificate: smart-meter-368
Requesting public keys from KDC...
[2025-12-10 08:02:38] NETWORK ERROR: Failed to connect to 127.0.0.1:8444: Connection refused
Error: Failed to connect to KDC at 127.0.0.1:8444
Error: Failed to send key request to KDC
Failed to obtain keys from KDC, falling back to file keys
Loaded keys from fallback files
Cryptographic components initialized
[2025-12-10 08:02:38] NETWORK INFO: Server socket created and listening on port 9368
✓ Smart meter server ready on port 9368
Data transmission interval: 20 seconds (15x accelerated - simulates 5min)
✓ Performance metrics CSV files initialized in performance_data/
Starting continuous smart meter operation...
Press Ctrl+C to stop gracefully
Data generation thread started
Network server thread started on port 9368
[2025-12-10 08:02:58] Meter 368: Generated 5.376 kWh (encrypted: 334116 bytes, 7.738 ms)
[2025-12-10 08:03:19] Meter 368: Generated 6.643 kWh (encrypted: 334128 bytes, 5.575 ms)
[2025-12-10 08:03:36] NETWORK INFO: Server authentication successful for node: aggregator-001
✓ Aggregator connected: aggregator-001 from 127.0.0.1
✓ Sent 334128 bytes to aggregator-001 (0.72ms)
Session completed with aggregator-001
[2025-12-10 08:03:39] Meter 368: Generated 5.684 kWh (encrypted: 334401 bytes, 4.585 ms)
[2025-12-10 08:03:59] Meter 368: Generated 6.027 kWh (encrypted: 334451 bytes, 6.135 ms)
[2025-12-10 08:04:19] Meter 368: Generated 5.010 kWh (encrypted: 333438 bytes, 4.563 ms)
[2025-12-10 08:04:39] Meter 368: Generated 2.269 kWh (encrypted: 333351 bytes, 17.816 ms)
[2025-12-10 08:04:39] NETWORK INFO: Server authentication successful for node: aggregator-001
✓ Aggregator connected: aggregator-001 from 127.0.0.1
✓ Sent 333351 bytes to aggregator-001 (2.75ms)
Session completed with aggregator-001
[2025-12-10 08:04:59] Meter 368: Generated 4.316 kWh (encrypted: 334511 bytes, 4.768 ms)
[2025-12-10 08:05:19] Meter 368: Generated 4.904 kWh (encrypted: 334153 bytes, 4.757 ms)
[2025-12-10 08:05:39] Meter 368: Generated 5.878 kWh (encrypted: 334426 bytes, 4.512 ms)
[2025-12-10 08:05:44] NETWORK INFO: Server authentication successful for node: aggregator-001
✓ Aggregator connected: aggregator-001 from 127.0.0.1
✓ Sent 334426 bytes to aggregator-001 (0.35ms)
Session completed with aggregator-001
[2025-12-10 08:05:59] Meter 368: Generated 4.261 kWh (encrypted: 334196 bytes, 4.677 ms)
[2025-12-10 08:06:19] Meter 368: Generated 6.611 kWh (encrypted: 334406 bytes, 4.388 ms)
[2025-12-10 08:06:39] Meter 368: Generated 4.210 kWh (encrypted: 334316 bytes, 6.504 ms)
[2025-12-10 08:06:50] NETWORK INFO: Server authentication successful for node: aggregator-001
✓ Aggregator connected: aggregator-001 from 127.0.0.1
✓ Sent 334316 bytes to aggregator-001 (0.42ms)
Session completed with aggregator-001
[2025-12-10 08:06:59] Meter 368: Generated 3.927 kWh (encrypted: 334058 bytes, 9.948 ms)
[2025-12-10 08:07:19] Meter 368: Generated 5.940 kWh (encrypted: 334357 bytes, 6.439 ms)
[2025-12-10 08:07:39] Meter 368: Generated 6.595 kWh (encrypted: 334059 bytes, 4.861 ms)
[2025-12-10 08:07:56] NETWORK INFO: Server authentication successful for node: aggregator-001
✓ Aggregator connected: aggregator-001 from 127.0.0.1
✓ Sent 334059 bytes to aggregator-001 (10.68ms)
Session completed with aggregator-001
[2025-12-10 08:07:59] Meter 368: Generated 3.367 kWh (encrypted: 333898 bytes, 6.568 ms)
[2025-12-10 08:08:19] Meter 368: Generated 1.471 kWh (encrypted: 334305 bytes, 6.462 ms)
[2025-12-10 08:08:39] Meter 368: Generated 2.475 kWh (encrypted: 334166 bytes, 4.481 ms)
[2025-12-10 08:08:59] Meter 368: Generated 5.154 kWh (encrypted: 334375 bytes, 5.198 ms)
[2025-12-10 08:09:01] NETWORK INFO: Server authentication successful for node: aggregator-001
✓ Aggregator connected: aggregator-001 from 127.0.0.1
✓ Sent 334375 bytes to aggregator-001 (4.67ms)
Session completed with aggregator-001
[2025-12-10 08:09:19] Meter 368: Generated 2.399 kWh (encrypted: 333881 bytes, 5.359 ms)
[2025-12-10 08:09:39] Meter 368: Generated 5.581 kWh (encrypted: 333948 bytes, 5.017 ms)
[2025-12-10 08:09:59] Meter 368: Generated 0.941 kWh (encrypted: 334379 bytes, 5.945 ms)
[2025-12-10 08:10:06] NETWORK INFO: Server authentication successful for node: aggregator-001
✓ Aggregator connected: aggregator-001 from 127.0.0.1
✓ Sent 334379 bytes to aggregator-001 (19.08ms)
Session completed with aggregator-001
[2025-12-10 08:10:19] Meter 368: Generated 2.543 kWh (encrypted: 334227 bytes, 6.481 ms)
[2025-12-10 08:10:39] Meter 368: Generated 1.533 kWh (encrypted: 334460 bytes, 6.400 ms)
[2025-12-10 08:10:59] Meter 368: Generated 1.969 kWh (encrypted: 334082 bytes, 4.335 ms)
[2025-12-10 08:11:12] NETWORK INFO: Server authentication successful for node: aggregator-001
✓ Aggregator connected: aggregator-001 from 127.0.0.1
✓ Sent 334082 bytes to aggregator-001 (0.37ms)
Session completed with aggregator-001
[2025-12-10 08:11:19] Meter 368: Generated 6.659 kWh (encrypted: 334433 bytes, 6.466 ms)
[2025-12-10 08:11:39] Meter 368: Generated 1.292 kWh (encrypted: 334387 bytes, 4.340 ms)
[2025-12-10 08:11:59] Meter 368: Generated 5.659 kWh (encrypted: 334468 bytes, 5.097 ms)
[2025-12-10 08:12:17] NETWORK INFO: Server authentication successful for node: aggregator-001
✓ Aggregator connected: aggregator-001 from 127.0.0.1
✓ Sent 334468 bytes to aggregator-001 (0.34ms)
Session completed with aggregator-001
[2025-12-10 08:12:19] Meter 368: Generated 4.025 kWh (encrypted: 334235 bytes, 4.731 ms)

Received shutdown signal. Gracefully shutting down smart meter...
Network server thread stopped
Data generation thread stopped
Smart meter 368 shutdown complete
