=== Continuous Smart Meter Server 491 ===
Initializing for continuous operation...
SEAL context initialized
Loaded certificate: smart-meter-491
Requesting public keys from KDC...
[2025-12-10 08:05:14] NETWORK ERROR: Failed to connect to 127.0.0.1:8444: Connection refused
Error: Failed to connect to KDC at 127.0.0.1:8444
Error: Failed to send key request to KDC
Failed to obtain keys from KDC, falling back to file keys
Loaded keys from fallback files
Cryptographic components initialized
[2025-12-10 08:05:14] NETWORK INFO: Server socket created and listening on port 9491
✓ Smart meter server ready on port 9491
Data transmission interval: 20 seconds (15x accelerated - simulates 5min)
✓ Performance metrics CSV files initialized in performance_data/
Starting continuous smart meter operation...
Press Ctrl+C to stop gracefully
Data generation thread started
Network server thread started on port 9491
[2025-12-10 08:05:34] Meter 491: Generated 6.681 kWh (encrypted: 334455 bytes, 5.037 ms)
[2025-12-10 08:05:44] NETWORK INFO: Server authentication successful for node: aggregator-001
✓ Aggregator connected: aggregator-001 from 127.0.0.1
✓ Sent 334455 bytes to aggregator-001 (3.04ms)
Session completed with aggregator-001
[2025-12-10 08:05:54] Meter 491: Generated 3.445 kWh (encrypted: 334289 bytes, 4.651 ms)
[2025-12-10 08:06:14] Meter 491: Generated 6.303 kWh (encrypted: 333929 bytes, 6.416 ms)
[2025-12-10 08:06:34] Meter 491: Generated 5.767 kWh (encrypted: 334182 bytes, 7.353 ms)
[2025-12-10 08:06:50] NETWORK INFO: Server authentication successful for node: aggregator-001
✓ Aggregator connected: aggregator-001 from 127.0.0.1
✓ Sent 334182 bytes to aggregator-001 (0.40ms)
Session completed with aggregator-001
[2025-12-10 08:06:54] Meter 491: Generated 5.420 kWh (encrypted: 334486 bytes, 7.466 ms)
[2025-12-10 08:07:14] Meter 491: Generated 1.841 kWh (encrypted: 334299 bytes, 6.573 ms)
[2025-12-10 08:07:34] Meter 491: Generated 2.244 kWh (encrypted: 334368 bytes, 5.099 ms)
[2025-12-10 08:07:54] Meter 491: Generated 1.627 kWh (encrypted: 334426 bytes, 4.629 ms)
[2025-12-10 08:07:56] NETWORK INFO: Server authentication successful for node: aggregator-001
✓ Aggregator connected: aggregator-001 from 127.0.0.1
✓ Sent 334426 bytes to aggregator-001 (2.68ms)
Session completed with aggregator-001
[2025-12-10 08:08:14] Meter 491: Generated 2.782 kWh (encrypted: 333907 bytes, 4.390 ms)
[2025-12-10 08:08:34] Meter 491: Generated 3.049 kWh (encrypted: 334223 bytes, 4.699 ms)
[2025-12-10 08:08:54] Meter 491: Generated 7.366 kWh (encrypted: 334331 bytes, 4.413 ms)
[2025-12-10 08:09:01] NETWORK INFO: Server authentication successful for node: aggregator-001
✓ Aggregator connected: aggregator-001 from 127.0.0.1
✓ Sent 334331 bytes to aggregator-001 (18.00ms)
Session completed with aggregator-001
[2025-12-10 08:09:14] Meter 491: Generated 1.189 kWh (encrypted: 334337 bytes, 6.741 ms)
[2025-12-10 08:09:34] Meter 491: Generated 0.774 kWh (encrypted: 334244 bytes, 5.159 ms)
[2025-12-10 08:09:54] Meter 491: Generated 3.393 kWh (encrypted: 334415 bytes, 7.503 ms)
[2025-12-10 08:10:06] NETWORK INFO: Server authentication successful for node: aggregator-001
✓ Aggregator connected: aggregator-001 from 127.0.0.1
✓ Sent 334415 bytes to aggregator-001 (0.41ms)
Session completed with aggregator-001
[2025-12-10 08:10:14] Meter 491: Generated 0.804 kWh (encrypted: 334372 bytes, 5.002 ms)
[2025-12-10 08:10:34] Meter 491: Generated 2.297 kWh (encrypted: 334438 bytes, 4.363 ms)
[2025-12-10 08:10:54] Meter 491: Generated 6.125 kWh (encrypted: 334275 bytes, 5.938 ms)
[2025-12-10 08:11:12] NETWORK INFO: Server authentication successful for node: aggregator-001
✓ Aggregator connected: aggregator-001 from 127.0.0.1
✓ Sent 334275 bytes to aggregator-001 (3.58ms)
Session completed with aggregator-001
[2025-12-10 08:11:14] Meter 491: Generated 1.168 kWh (encrypted: 334443 bytes, 4.387 ms)
[2025-12-10 08:11:34] Meter 491: Generated 6.258 kWh (encrypted: 334396 bytes, 4.459 ms)
[2025-12-10 08:11:54] Meter 491: Generated 3.873 kWh (encrypted: 334108 bytes, 4.598 ms)
[2025-12-10 08:12:14] Meter 491: Generated 3.639 kWh (encrypted: 333468 bytes, 4.389 ms)
[2025-12-10 08:12:17] NETWORK INFO: Server authentication successful for node: aggregator-001
✓ Aggregator connected: aggregator-001 from 127.0.0.1
✓ Sent 333468 bytes to aggregator-001 (0.36ms)
Session completed with aggregator-001
[2025-12-10 08:12:34] Meter 491: Generated 3.144 kWh (encrypted: 334396 bytes, 6.964 ms)

Received shutdown signal. Gracefully shutting down smart meter...
Network server thread stopped
Data generation thread stopped
Smart meter 491 shutdown complete
