=== Continuous Smart Meter Server 395 ===
Initializing for continuous operation...
SEAL context initialized
Loaded certificate: smart-meter-395
Requesting public keys from KDC...
[2025-12-10 08:03:12] NETWORK ERROR: Failed to connect to 127.0.0.1:8444: Connection refused
Error: Failed to connect to KDC at 127.0.0.1:8444
Error: Failed to send key request to KDC
Failed to obtain keys from KDC, falling back to file keys
Loaded keys from fallback files
Cryptographic components initialized
[2025-12-10 08:03:12] NETWORK INFO: Server socket created and listening on port 9395
✓ Smart meter server ready on port 9395
Data transmission interval: 20 seconds (15x accelerated - simulates 5min)
✓ Performance metrics CSV files initialized in performance_data/
Starting continuous smart meter operation...
Press Ctrl+C to stop gracefully
Data generation thread started
Network server thread started on port 9395
[2025-12-10 08:03:32] Meter 395: Generated 7.584 kWh (encrypted: 334261 bytes, 5.364 ms)
[2025-12-10 08:03:36] NETWORK INFO: Server authentication successful for node: aggregator-001
✓ Aggregator connected: aggregator-001 from 127.0.0.1
✓ Sent 334261 bytes to aggregator-001 (45.73ms)
Session completed with aggregator-001
[2025-12-10 08:03:52] Meter 395: Generated 6.301 kWh (encrypted: 334463 bytes, 4.604 ms)
[2025-12-10 08:04:12] Meter 395: Generated 2.074 kWh (encrypted: 334157 bytes, 6.647 ms)
[2025-12-10 08:04:32] Meter 395: Generated 2.541 kWh (encrypted: 334434 bytes, 4.481 ms)
[2025-12-10 08:04:39] NETWORK INFO: Server authentication successful for node: aggregator-001
✓ Aggregator connected: aggregator-001 from 127.0.0.1
✓ Sent 334434 bytes to aggregator-001 (4.22ms)
Session completed with aggregator-001
[2025-12-10 08:04:52] Meter 395: Generated 3.167 kWh (encrypted: 334181 bytes, 4.648 ms)
[2025-12-10 08:05:12] Meter 395: Generated 3.933 kWh (encrypted: 334281 bytes, 4.594 ms)
[2025-12-10 08:05:32] Meter 395: Generated 7.457 kWh (encrypted: 334160 bytes, 4.538 ms)
[2025-12-10 08:05:44] NETWORK INFO: Server authentication successful for node: aggregator-001
✓ Aggregator connected: aggregator-001 from 127.0.0.1
✓ Sent 334160 bytes to aggregator-001 (10.46ms)
Session completed with aggregator-001
[2025-12-10 08:05:52] Meter 395: Generated 1.904 kWh (encrypted: 334439 bytes, 5.150 ms)
[2025-12-10 08:06:12] Meter 395: Generated 5.115 kWh (encrypted: 334429 bytes, 6.212 ms)
[2025-12-10 08:06:32] Meter 395: Generated 2.145 kWh (encrypted: 334381 bytes, 6.803 ms)
[2025-12-10 08:06:50] NETWORK INFO: Server authentication successful for node: aggregator-001
✓ Aggregator connected: aggregator-001 from 127.0.0.1
✓ Sent 334381 bytes to aggregator-001 (20.25ms)
Session completed with aggregator-001
[2025-12-10 08:06:52] Meter 395: Generated 1.075 kWh (encrypted: 334222 bytes, 4.662 ms)
[2025-12-10 08:07:12] Meter 395: Generated 3.488 kWh (encrypted: 334478 bytes, 4.737 ms)
[2025-12-10 08:07:32] Meter 395: Generated 2.702 kWh (encrypted: 334152 bytes, 4.506 ms)
[2025-12-10 08:07:52] Meter 395: Generated 2.009 kWh (encrypted: 334338 bytes, 4.602 ms)
[2025-12-10 08:07:56] NETWORK INFO: Server authentication successful for node: aggregator-001
✓ Aggregator connected: aggregator-001 from 127.0.0.1
✓ Sent 334338 bytes to aggregator-001 (0.39ms)
Session completed with aggregator-001
[2025-12-10 08:08:12] Meter 395: Generated 1.299 kWh (encrypted: 334311 bytes, 6.921 ms)
[2025-12-10 08:08:32] Meter 395: Generated 7.436 kWh (encrypted: 334376 bytes, 7.818 ms)
[2025-12-10 08:08:52] Meter 395: Generated 6.680 kWh (encrypted: 334426 bytes, 6.091 ms)
[2025-12-10 08:09:01] NETWORK INFO: Server authentication successful for node: aggregator-001
✓ Aggregator connected: aggregator-001 from 127.0.0.1
✓ Sent 334426 bytes to aggregator-001 (0.38ms)
Session completed with aggregator-001
[2025-12-10 08:09:13] Meter 395: Generated 6.469 kWh (encrypted: 334362 bytes, 6.390 ms)
[2025-12-10 08:09:33] Meter 395: Generated 6.582 kWh (encrypted: 334400 bytes, 5.150 ms)
[2025-12-10 08:09:53] Meter 395: Generated 6.698 kWh (encrypted: 334329 bytes, 5.005 ms)
[2025-12-10 08:10:06] NETWORK INFO: Server authentication successful for node: aggregator-001
✓ Aggregator connected: aggregator-001 from 127.0.0.1
✓ Sent 334329 bytes to aggregator-001 (0.74ms)
Session completed with aggregator-001
[2025-12-10 08:10:13] Meter 395: Generated 0.777 kWh (encrypted: 334358 bytes, 6.476 ms)
[2025-12-10 08:10:33] Meter 395: Generated 5.129 kWh (encrypted: 334325 bytes, 4.592 ms)
[2025-12-10 08:10:53] Meter 395: Generated 7.368 kWh (encrypted: 334435 bytes, 4.807 ms)
[2025-12-10 08:11:12] NETWORK INFO: Server authentication successful for node: aggregator-001
✓ Aggregator connected: aggregator-001 from 127.0.0.1
✓ Sent 334435 bytes to aggregator-001 (0.39ms)
Session completed with aggregator-001
[2025-12-10 08:11:13] Meter 395: Generated 1.381 kWh (encrypted: 334157 bytes, 11.169 ms)
[2025-12-10 08:11:33] Meter 395: Generated 3.844 kWh (encrypted: 334319 bytes, 4.953 ms)
[2025-12-10 08:11:53] Meter 395: Generated 4.442 kWh (encrypted: 334494 bytes, 4.618 ms)
[2025-12-10 08:12:13] Meter 395: Generated 5.538 kWh (encrypted: 334446 bytes, 4.985 ms)
[2025-12-10 08:12:17] NETWORK INFO: Server authentication successful for node: aggregator-001
✓ Aggregator connected: aggregator-001 from 127.0.0.1
✓ Sent 334446 bytes to aggregator-001 (0.35ms)
Session completed with aggregator-001
[2025-12-10 08:12:33] Meter 395: Generated 1.501 kWh (encrypted: 334054 bytes, 11.977 ms)

Received shutdown signal. Gracefully shutting down smart meter...
Network server thread stopped
Data generation thread stopped
Smart meter 395 shutdown complete
