=== Continuous Smart Meter Server 55 ===
Initializing for continuous operation...
SEAL context initialized
Loaded certificate: smart-meter-055
Requesting public keys from KDC...
[2025-12-10 07:56:13] NETWORK ERROR: Failed to connect to 127.0.0.1:8444: Connection refused
Error: Failed to connect to KDC at 127.0.0.1:8444
Error: Failed to send key request to KDC
Failed to obtain keys from KDC, falling back to file keys
Loaded keys from fallback files
Cryptographic components initialized
[2025-12-10 07:56:13] NETWORK INFO: Server socket created and listening on port 9055
✓ Smart meter server ready on port 9055
Data transmission interval: 20 seconds (15x accelerated - simulates 5min)
✓ Performance metrics CSV files initialized in performance_data/
Starting continuous smart meter operation...
Press Ctrl+C to stop gracefully
Data generation thread started
Network server thread started on port 9055
[2025-12-10 07:56:33] Meter 55: Generated 3.485 kWh (encrypted: 334294 bytes, 4.840 ms)
[2025-12-10 07:56:53] Meter 55: Generated 5.840 kWh (encrypted: 334318 bytes, 4.263 ms)
[2025-12-10 07:57:13] Meter 55: Generated 5.872 kWh (encrypted: 334385 bytes, 5.139 ms)
[2025-12-10 07:57:15] NETWORK INFO: Server authentication successful for node: aggregator-001
✓ Aggregator connected: aggregator-001 from 127.0.0.1
✓ Sent 334385 bytes to aggregator-001 (1.25ms)
Session completed with aggregator-001
[2025-12-10 07:57:33] Meter 55: Generated 6.732 kWh (encrypted: 334357 bytes, 4.237 ms)
[2025-12-10 07:57:53] Meter 55: Generated 2.586 kWh (encrypted: 334255 bytes, 6.230 ms)
[2025-12-10 07:58:13] Meter 55: Generated 3.928 kWh (encrypted: 334418 bytes, 4.431 ms)
[2025-12-10 07:58:25] NETWORK INFO: Server authentication successful for node: aggregator-001
✓ Aggregator connected: aggregator-001 from 127.0.0.1
✓ Sent 334418 bytes to aggregator-001 (0.38ms)
Session completed with aggregator-001
[2025-12-10 07:58:33] Meter 55: Generated 5.047 kWh (encrypted: 333342 bytes, 4.467 ms)
[2025-12-10 07:58:53] Meter 55: Generated 2.194 kWh (encrypted: 334329 bytes, 4.394 ms)
[2025-12-10 07:59:13] Meter 55: Generated 3.491 kWh (encrypted: 334056 bytes, 4.628 ms)
[2025-12-10 07:59:26] NETWORK INFO: Server authentication successful for node: aggregator-001
✓ Aggregator connected: aggregator-001 from 127.0.0.1
✓ Sent 334056 bytes to aggregator-001 (0.36ms)
Session completed with aggregator-001
[2025-12-10 07:59:33] Meter 55: Generated 6.913 kWh (encrypted: 334544 bytes, 4.281 ms)
[2025-12-10 07:59:53] Meter 55: Generated 1.256 kWh (encrypted: 334128 bytes, 4.583 ms)
[2025-12-10 08:00:13] Meter 55: Generated 2.526 kWh (encrypted: 334413 bytes, 6.103 ms)
[2025-12-10 08:00:28] NETWORK INFO: Server authentication successful for node: aggregator-001
✓ Aggregator connected: aggregator-001 from 127.0.0.1
✓ Sent 334413 bytes to aggregator-001 (0.44ms)
Session completed with aggregator-001
[2025-12-10 08:00:33] Meter 55: Generated 4.181 kWh (encrypted: 334331 bytes, 4.764 ms)
[2025-12-10 08:00:53] Meter 55: Generated 4.666 kWh (encrypted: 334167 bytes, 4.408 ms)
[2025-12-10 08:01:13] Meter 55: Generated 6.993 kWh (encrypted: 334186 bytes, 4.567 ms)
[2025-12-10 08:01:31] NETWORK INFO: Server authentication successful for node: aggregator-001
✓ Aggregator connected: aggregator-001 from 127.0.0.1
✓ Sent 334186 bytes to aggregator-001 (0.36ms)
Session completed with aggregator-001
[2025-12-10 08:01:33] Meter 55: Generated 2.544 kWh (encrypted: 334423 bytes, 5.951 ms)
[2025-12-10 08:01:53] Meter 55: Generated 1.594 kWh (encrypted: 334156 bytes, 6.179 ms)
[2025-12-10 08:02:13] Meter 55: Generated 1.867 kWh (encrypted: 334480 bytes, 7.811 ms)
[2025-12-10 08:02:33] Meter 55: Generated 7.338 kWh (encrypted: 334032 bytes, 4.413 ms)
[2025-12-10 08:02:33] NETWORK INFO: Server authentication successful for node: aggregator-001
✓ Aggregator connected: aggregator-001 from 127.0.0.1
✓ Sent 334032 bytes to aggregator-001 (0.37ms)
Session completed with aggregator-001
[2025-12-10 08:02:53] Meter 55: Generated 3.619 kWh (encrypted: 334249 bytes, 4.746 ms)
[2025-12-10 08:03:13] Meter 55: Generated 6.662 kWh (encrypted: 334453 bytes, 4.922 ms)
[2025-12-10 08:03:33] Meter 55: Generated 6.845 kWh (encrypted: 334101 bytes, 11.367 ms)
[2025-12-10 08:03:36] NETWORK INFO: Server authentication successful for node: aggregator-001
✓ Aggregator connected: aggregator-001 from 127.0.0.1
✓ Sent 334101 bytes to aggregator-001 (0.40ms)
Session completed with aggregator-001
[2025-12-10 08:03:53] Meter 55: Generated 5.533 kWh (encrypted: 334155 bytes, 4.974 ms)
[2025-12-10 08:04:13] Meter 55: Generated 5.261 kWh (encrypted: 334202 bytes, 6.632 ms)
[2025-12-10 08:04:33] Meter 55: Generated 1.994 kWh (encrypted: 334229 bytes, 5.368 ms)
[2025-12-10 08:04:39] NETWORK INFO: Server authentication successful for node: aggregator-001
✓ Aggregator connected: aggregator-001 from 127.0.0.1
✓ Sent 334229 bytes to aggregator-001 (0.36ms)
Session completed with aggregator-001
[2025-12-10 08:04:53] Meter 55: Generated 3.134 kWh (encrypted: 333312 bytes, 5.737 ms)
[2025-12-10 08:05:13] Meter 55: Generated 6.647 kWh (encrypted: 334238 bytes, 9.859 ms)
[2025-12-10 08:05:33] Meter 55: Generated 3.405 kWh (encrypted: 334236 bytes, 4.654 ms)
[2025-12-10 08:05:44] NETWORK INFO: Server authentication successful for node: aggregator-001
✓ Aggregator connected: aggregator-001 from 127.0.0.1
✓ Sent 334236 bytes to aggregator-001 (0.35ms)
Session completed with aggregator-001
[2025-12-10 08:05:53] Meter 55: Generated 3.023 kWh (encrypted: 334273 bytes, 7.005 ms)
[2025-12-10 08:06:13] Meter 55: Generated 5.403 kWh (encrypted: 334331 bytes, 5.476 ms)
[2025-12-10 08:06:33] Meter 55: Generated 0.846 kWh (encrypted: 334198 bytes, 4.354 ms)
[2025-12-10 08:06:50] NETWORK INFO: Server authentication successful for node: aggregator-001
✓ Aggregator connected: aggregator-001 from 127.0.0.1
✓ Sent 334198 bytes to aggregator-001 (36.02ms)
Session completed with aggregator-001
[2025-12-10 08:06:53] Meter 55: Generated 2.349 kWh (encrypted: 334372 bytes, 4.389 ms)
[2025-12-10 08:07:13] Meter 55: Generated 3.907 kWh (encrypted: 334414 bytes, 4.729 ms)
[2025-12-10 08:07:33] Meter 55: Generated 4.442 kWh (encrypted: 334329 bytes, 6.070 ms)
[2025-12-10 08:07:53] Meter 55: Generated 4.920 kWh (encrypted: 334176 bytes, 4.455 ms)
[2025-12-10 08:07:56] NETWORK INFO: Server authentication successful for node: aggregator-001
✓ Aggregator connected: aggregator-001 from 127.0.0.1
✓ Sent 334176 bytes to aggregator-001 (9.77ms)
Session completed with aggregator-001
[2025-12-10 08:08:13] Meter 55: Generated 1.896 kWh (encrypted: 334130 bytes, 9.578 ms)
[2025-12-10 08:08:33] Meter 55: Generated 1.014 kWh (encrypted: 334465 bytes, 12.428 ms)
[2025-12-10 08:08:53] Meter 55: Generated 7.126 kWh (encrypted: 333325 bytes, 4.767 ms)
[2025-12-10 08:09:01] NETWORK INFO: Server authentication successful for node: aggregator-001
✓ Aggregator connected: aggregator-001 from 127.0.0.1
✓ Sent 333325 bytes to aggregator-001 (0.39ms)
Session completed with aggregator-001
[2025-12-10 08:09:13] Meter 55: Generated 1.507 kWh (encrypted: 334142 bytes, 6.762 ms)
[2025-12-10 08:09:33] Meter 55: Generated 7.060 kWh (encrypted: 334280 bytes, 17.921 ms)
[2025-12-10 08:09:53] Meter 55: Generated 4.754 kWh (encrypted: 334124 bytes, 7.635 ms)
[2025-12-10 08:10:06] NETWORK INFO: Server authentication successful for node: aggregator-001
✓ Aggregator connected: aggregator-001 from 127.0.0.1
✓ Sent 334124 bytes to aggregator-001 (25.97ms)
Session completed with aggregator-001
[2025-12-10 08:10:13] Meter 55: Generated 2.836 kWh (encrypted: 334368 bytes, 6.741 ms)
[2025-12-10 08:10:33] Meter 55: Generated 7.082 kWh (encrypted: 334480 bytes, 4.489 ms)
[2025-12-10 08:10:53] Meter 55: Generated 7.117 kWh (encrypted: 334185 bytes, 4.957 ms)
[2025-12-10 08:11:12] NETWORK INFO: Server authentication successful for node: aggregator-001
✓ Aggregator connected: aggregator-001 from 127.0.0.1
✓ Sent 334185 bytes to aggregator-001 (0.40ms)
Session completed with aggregator-001
[2025-12-10 08:11:13] Meter 55: Generated 6.227 kWh (encrypted: 334329 bytes, 7.338 ms)
[2025-12-10 08:11:33] Meter 55: Generated 3.878 kWh (encrypted: 334183 bytes, 12.977 ms)
[2025-12-10 08:11:53] Meter 55: Generated 4.373 kWh (encrypted: 333531 bytes, 4.717 ms)
[2025-12-10 08:12:13] Meter 55: Generated 2.214 kWh (encrypted: 334347 bytes, 8.256 ms)
[2025-12-10 08:12:17] NETWORK INFO: Server authentication successful for node: aggregator-001
✓ Aggregator connected: aggregator-001 from 127.0.0.1
✓ Sent 334347 bytes to aggregator-001 (14.27ms)
Session completed with aggregator-001
[2025-12-10 08:12:33] Meter 55: Generated 7.303 kWh (encrypted: 334428 bytes, 4.775 ms)

Received shutdown signal. Gracefully shutting down smart meter...
Network server thread stopped
Data generation thread stopped
Smart meter 55 shutdown complete
