=== Continuous Smart Meter Server 28 ===
Initializing for continuous operation...
SEAL context initialized
Loaded certificate: smart-meter-028
Requesting public keys from KDC...
[2025-12-10 07:55:40] NETWORK ERROR: Failed to connect to 127.0.0.1:8444: Connection refused
Error: Failed to connect to KDC at 127.0.0.1:8444
Error: Failed to send key request to KDC
Failed to obtain keys from KDC, falling back to file keys
Loaded keys from fallback files
Cryptographic components initialized
[2025-12-10 07:55:40] NETWORK INFO: Server socket created and listening on port 9028
✓ Smart meter server ready on port 9028
Data transmission interval: 20 seconds (15x accelerated - simulates 5min)
✓ Performance metrics CSV files initialized in performance_data/
Starting continuous smart meter operation...
Press Ctrl+C to stop gracefully
Data generation thread started
Network server thread started on port 9028
[2025-12-10 07:56:00] Meter 28: Generated 3.684 kWh (encrypted: 334304 bytes, 4.842 ms)
[2025-12-10 07:56:05] NETWORK INFO: Server authentication successful for node: aggregator-001
✓ Aggregator connected: aggregator-001 from 127.0.0.1
✓ Sent 334304 bytes to aggregator-001 (0.77ms)
Session completed with aggregator-001
[2025-12-10 07:56:20] Meter 28: Generated 7.472 kWh (encrypted: 334503 bytes, 4.257 ms)
[2025-12-10 07:56:40] Meter 28: Generated 4.827 kWh (encrypted: 334253 bytes, 4.247 ms)
[2025-12-10 07:57:00] Meter 28: Generated 5.420 kWh (encrypted: 334125 bytes, 6.444 ms)
[2025-12-10 07:57:15] NETWORK INFO: Server authentication successful for node: aggregator-001
✓ Aggregator connected: aggregator-001 from 127.0.0.1
✓ Sent 334125 bytes to aggregator-001 (0.36ms)
Session completed with aggregator-001
[2025-12-10 07:57:20] Meter 28: Generated 6.109 kWh (encrypted: 334171 bytes, 4.300 ms)
[2025-12-10 07:57:40] Meter 28: Generated 1.201 kWh (encrypted: 334142 bytes, 4.280 ms)
[2025-12-10 07:58:00] Meter 28: Generated 5.110 kWh (encrypted: 334438 bytes, 4.853 ms)
[2025-12-10 07:58:20] Meter 28: Generated 4.194 kWh (encrypted: 334464 bytes, 4.645 ms)
[2025-12-10 07:58:25] NETWORK INFO: Server authentication successful for node: aggregator-001
✓ Aggregator connected: aggregator-001 from 127.0.0.1
✓ Sent 334464 bytes to aggregator-001 (0.37ms)
Session completed with aggregator-001
[2025-12-10 07:58:40] Meter 28: Generated 4.096 kWh (encrypted: 334192 bytes, 4.443 ms)
[2025-12-10 07:59:00] Meter 28: Generated 2.692 kWh (encrypted: 334308 bytes, 4.362 ms)
[2025-12-10 07:59:20] Meter 28: Generated 3.232 kWh (encrypted: 334363 bytes, 4.534 ms)
[2025-12-10 07:59:26] NETWORK INFO: Server authentication successful for node: aggregator-001
✓ Aggregator connected: aggregator-001 from 127.0.0.1
✓ Sent 334363 bytes to aggregator-001 (0.41ms)
Session completed with aggregator-001
[2025-12-10 07:59:40] Meter 28: Generated 7.027 kWh (encrypted: 334118 bytes, 4.607 ms)
[2025-12-10 08:00:00] Meter 28: Generated 2.458 kWh (encrypted: 334130 bytes, 4.646 ms)
[2025-12-10 08:00:20] Meter 28: Generated 5.995 kWh (encrypted: 333946 bytes, 4.779 ms)
[2025-12-10 08:00:28] NETWORK INFO: Server authentication successful for node: aggregator-001
✓ Aggregator connected: aggregator-001 from 127.0.0.1
✓ Sent 333946 bytes to aggregator-001 (0.41ms)
Session completed with aggregator-001
[2025-12-10 08:00:40] Meter 28: Generated 1.402 kWh (encrypted: 334162 bytes, 6.671 ms)
[2025-12-10 08:01:00] Meter 28: Generated 6.757 kWh (encrypted: 334384 bytes, 4.757 ms)
[2025-12-10 08:01:20] Meter 28: Generated 5.097 kWh (encrypted: 334294 bytes, 4.507 ms)
[2025-12-10 08:01:31] NETWORK INFO: Server authentication successful for node: aggregator-001
✓ Aggregator connected: aggregator-001 from 127.0.0.1
✓ Sent 334294 bytes to aggregator-001 (0.38ms)
Session completed with aggregator-001
[2025-12-10 08:01:40] Meter 28: Generated 3.323 kWh (encrypted: 334303 bytes, 4.528 ms)
[2025-12-10 08:02:00] Meter 28: Generated 3.961 kWh (encrypted: 334382 bytes, 4.846 ms)
[2025-12-10 08:02:20] Meter 28: Generated 1.571 kWh (encrypted: 334419 bytes, 4.316 ms)
[2025-12-10 08:02:33] NETWORK INFO: Server authentication successful for node: aggregator-001
✓ Aggregator connected: aggregator-001 from 127.0.0.1
✓ Sent 334419 bytes to aggregator-001 (2.03ms)
Session completed with aggregator-001
[2025-12-10 08:02:40] Meter 28: Generated 6.519 kWh (encrypted: 333959 bytes, 7.010 ms)
[2025-12-10 08:03:00] Meter 28: Generated 0.845 kWh (encrypted: 333320 bytes, 4.693 ms)
[2025-12-10 08:03:20] Meter 28: Generated 2.647 kWh (encrypted: 334161 bytes, 4.852 ms)
[2025-12-10 08:03:36] NETWORK INFO: Server authentication successful for node: aggregator-001
✓ Aggregator connected: aggregator-001 from 127.0.0.1
✓ Sent 334161 bytes to aggregator-001 (0.40ms)
Session completed with aggregator-001
[2025-12-10 08:03:40] Meter 28: Generated 4.920 kWh (encrypted: 334105 bytes, 4.948 ms)
[2025-12-10 08:04:00] Meter 28: Generated 4.016 kWh (encrypted: 334207 bytes, 4.567 ms)
[2025-12-10 08:04:20] Meter 28: Generated 2.367 kWh (encrypted: 334312 bytes, 4.531 ms)
[2025-12-10 08:04:39] NETWORK INFO: Server authentication successful for node: aggregator-001
✓ Aggregator connected: aggregator-001 from 127.0.0.1
✓ Sent 334312 bytes to aggregator-001 (0.35ms)
Session completed with aggregator-001
[2025-12-10 08:04:40] Meter 28: Generated 6.494 kWh (encrypted: 334341 bytes, 5.421 ms)
[2025-12-10 08:05:00] Meter 28: Generated 2.539 kWh (encrypted: 334301 bytes, 4.619 ms)
[2025-12-10 08:05:20] Meter 28: Generated 2.777 kWh (encrypted: 334073 bytes, 5.905 ms)
[2025-12-10 08:05:40] Meter 28: Generated 5.316 kWh (encrypted: 334166 bytes, 4.421 ms)
[2025-12-10 08:05:44] NETWORK INFO: Server authentication successful for node: aggregator-001
✓ Aggregator connected: aggregator-001 from 127.0.0.1
✓ Sent 334166 bytes to aggregator-001 (0.36ms)
Session completed with aggregator-001
[2025-12-10 08:06:00] Meter 28: Generated 7.061 kWh (encrypted: 334393 bytes, 8.187 ms)
[2025-12-10 08:06:20] Meter 28: Generated 2.922 kWh (encrypted: 334502 bytes, 6.418 ms)
[2025-12-10 08:06:40] Meter 28: Generated 2.696 kWh (encrypted: 334242 bytes, 4.431 ms)
[2025-12-10 08:06:50] NETWORK INFO: Server authentication successful for node: aggregator-001
✓ Aggregator connected: aggregator-001 from 127.0.0.1
✓ Sent 334242 bytes to aggregator-001 (0.38ms)
Session completed with aggregator-001
[2025-12-10 08:07:00] Meter 28: Generated 3.904 kWh (encrypted: 334270 bytes, 6.472 ms)
[2025-12-10 08:07:20] Meter 28: Generated 7.516 kWh (encrypted: 334501 bytes, 6.770 ms)
[2025-12-10 08:07:40] Meter 28: Generated 1.553 kWh (encrypted: 334347 bytes, 4.519 ms)
[2025-12-10 08:07:55] NETWORK INFO: Server authentication successful for node: aggregator-001
✓ Aggregator connected: aggregator-001 from 127.0.0.1
✓ Sent 334347 bytes to aggregator-001 (1.36ms)
Session completed with aggregator-001
[2025-12-10 08:08:00] Meter 28: Generated 5.836 kWh (encrypted: 334220 bytes, 7.431 ms)
[2025-12-10 08:08:20] Meter 28: Generated 7.499 kWh (encrypted: 334270 bytes, 4.696 ms)
[2025-12-10 08:08:40] Meter 28: Generated 7.160 kWh (encrypted: 334099 bytes, 5.765 ms)
[2025-12-10 08:09:00] Meter 28: Generated 3.421 kWh (encrypted: 334142 bytes, 10.954 ms)
[2025-12-10 08:09:01] NETWORK INFO: Server authentication successful for node: aggregator-001
✓ Aggregator connected: aggregator-001 from 127.0.0.1
✓ Sent 334142 bytes to aggregator-001 (0.39ms)
Session completed with aggregator-001
[2025-12-10 08:09:20] Meter 28: Generated 3.474 kWh (encrypted: 334277 bytes, 4.586 ms)
[2025-12-10 08:09:40] Meter 28: Generated 4.845 kWh (encrypted: 334416 bytes, 4.797 ms)
[2025-12-10 08:10:00] Meter 28: Generated 7.361 kWh (encrypted: 334342 bytes, 8.571 ms)
[2025-12-10 08:10:06] NETWORK INFO: Server authentication successful for node: aggregator-001
✓ Aggregator connected: aggregator-001 from 127.0.0.1
✓ Sent 334342 bytes to aggregator-001 (0.41ms)
Session completed with aggregator-001
[2025-12-10 08:10:20] Meter 28: Generated 2.450 kWh (encrypted: 334393 bytes, 6.421 ms)
[2025-12-10 08:10:40] Meter 28: Generated 1.633 kWh (encrypted: 334258 bytes, 5.033 ms)
[2025-12-10 08:11:01] Meter 28: Generated 4.501 kWh (encrypted: 334205 bytes, 6.561 ms)
[2025-12-10 08:11:12] NETWORK INFO: Server authentication successful for node: aggregator-001
✓ Aggregator connected: aggregator-001 from 127.0.0.1
✓ Sent 334205 bytes to aggregator-001 (0.36ms)
Session completed with aggregator-001
[2025-12-10 08:11:21] Meter 28: Generated 6.296 kWh (encrypted: 334319 bytes, 4.374 ms)
[2025-12-10 08:11:41] Meter 28: Generated 6.265 kWh (encrypted: 334127 bytes, 4.561 ms)
[2025-12-10 08:12:01] Meter 28: Generated 5.070 kWh (encrypted: 334142 bytes, 6.109 ms)
[2025-12-10 08:12:17] NETWORK INFO: Server authentication successful for node: aggregator-001
✓ Aggregator connected: aggregator-001 from 127.0.0.1
✓ Sent 334142 bytes to aggregator-001 (0.38ms)
Session completed with aggregator-001
[2025-12-10 08:12:21] Meter 28: Generated 6.281 kWh (encrypted: 333324 bytes, 7.006 ms)

Received shutdown signal. Gracefully shutting down smart meter...
Network server thread stopped
Data generation thread stopped
Smart meter 28 shutdown complete
