=== Continuous Smart Meter Server 361 ===
Initializing for continuous operation...
SEAL context initialized
Loaded certificate: smart-meter-361
Requesting public keys from KDC...
[2025-12-10 08:02:30] NETWORK ERROR: Failed to connect to 127.0.0.1:8444: Connection refused
Error: Failed to connect to KDC at 127.0.0.1:8444
Error: Failed to send key request to KDC
Failed to obtain keys from KDC, falling back to file keys
Loaded keys from fallback files
Cryptographic components initialized
[2025-12-10 08:02:30] NETWORK INFO: Server socket created and listening on port 9361
✓ Smart meter server ready on port 9361
Data transmission interval: 20 seconds (15x accelerated - simulates 5min)
✓ Performance metrics CSV files initialized in performance_data/
Starting continuous smart meter operation...
Press Ctrl+C to stop gracefully
Data generation thread started
Network server thread started on port 9361
[2025-12-10 08:02:33] NETWORK INFO: Server authentication successful for node: aggregator-001
✓ Aggregator connected: aggregator-001 from 127.0.0.1
[2025-12-10 08:02:50] Meter 361: Generated 5.421 kWh (encrypted: 334398 bytes, 7.905 ms)
✓ Sent 334398 bytes to aggregator-001 (0.90ms)
Session completed with aggregator-001
[2025-12-10 08:03:10] Meter 361: Generated 3.711 kWh (encrypted: 334494 bytes, 6.629 ms)
[2025-12-10 08:03:30] Meter 361: Generated 3.750 kWh (encrypted: 334165 bytes, 5.751 ms)
[2025-12-10 08:03:36] NETWORK INFO: Server authentication successful for node: aggregator-001
✓ Aggregator connected: aggregator-001 from 127.0.0.1
✓ Sent 334165 bytes to aggregator-001 (2.41ms)
Session completed with aggregator-001
[2025-12-10 08:03:50] Meter 361: Generated 5.884 kWh (encrypted: 334381 bytes, 4.945 ms)
[2025-12-10 08:04:10] Meter 361: Generated 1.333 kWh (encrypted: 334409 bytes, 5.816 ms)
[2025-12-10 08:04:30] Meter 361: Generated 4.618 kWh (encrypted: 334268 bytes, 4.517 ms)
[2025-12-10 08:04:40] NETWORK INFO: Server authentication successful for node: aggregator-001
✓ Aggregator connected: aggregator-001 from 127.0.0.1
✓ Sent 334268 bytes to aggregator-001 (1.65ms)
Session completed with aggregator-001
[2025-12-10 08:04:50] Meter 361: Generated 3.192 kWh (encrypted: 334093 bytes, 4.472 ms)
[2025-12-10 08:05:10] Meter 361: Generated 2.836 kWh (encrypted: 334422 bytes, 5.017 ms)
[2025-12-10 08:05:30] Meter 361: Generated 1.068 kWh (encrypted: 334168 bytes, 4.653 ms)
[2025-12-10 08:05:44] NETWORK INFO: Server authentication successful for node: aggregator-001
✓ Aggregator connected: aggregator-001 from 127.0.0.1
✓ Sent 334168 bytes to aggregator-001 (0.41ms)
Session completed with aggregator-001
[2025-12-10 08:05:50] Meter 361: Generated 2.077 kWh (encrypted: 334322 bytes, 6.508 ms)
[2025-12-10 08:06:10] Meter 361: Generated 6.069 kWh (encrypted: 333946 bytes, 6.455 ms)
[2025-12-10 08:06:30] Meter 361: Generated 2.682 kWh (encrypted: 334320 bytes, 4.811 ms)
[2025-12-10 08:06:50] Meter 361: Generated 1.449 kWh (encrypted: 334437 bytes, 4.389 ms)
[2025-12-10 08:06:50] NETWORK INFO: Server authentication successful for node: aggregator-001
✓ Aggregator connected: aggregator-001 from 127.0.0.1
✓ Sent 334437 bytes to aggregator-001 (0.37ms)
Session completed with aggregator-001
[2025-12-10 08:07:10] Meter 361: Generated 2.723 kWh (encrypted: 334337 bytes, 5.043 ms)
[2025-12-10 08:07:30] Meter 361: Generated 5.671 kWh (encrypted: 334150 bytes, 4.569 ms)
[2025-12-10 08:07:50] Meter 361: Generated 4.327 kWh (encrypted: 334198 bytes, 4.383 ms)
[2025-12-10 08:07:56] NETWORK INFO: Server authentication successful for node: aggregator-001
✓ Aggregator connected: aggregator-001 from 127.0.0.1
✓ Sent 334198 bytes to aggregator-001 (0.36ms)
Session completed with aggregator-001
[2025-12-10 08:08:10] Meter 361: Generated 1.527 kWh (encrypted: 334403 bytes, 5.666 ms)
[2025-12-10 08:08:30] Meter 361: Generated 3.264 kWh (encrypted: 334215 bytes, 4.847 ms)
[2025-12-10 08:08:50] Meter 361: Generated 6.060 kWh (encrypted: 334318 bytes, 16.704 ms)
[2025-12-10 08:09:01] NETWORK INFO: Server authentication successful for node: aggregator-001
✓ Aggregator connected: aggregator-001 from 127.0.0.1
✓ Sent 334318 bytes to aggregator-001 (0.36ms)
Session completed with aggregator-001
[2025-12-10 08:09:10] Meter 361: Generated 3.237 kWh (encrypted: 334377 bytes, 6.413 ms)
[2025-12-10 08:09:30] Meter 361: Generated 2.872 kWh (encrypted: 334348 bytes, 6.732 ms)
[2025-12-10 08:09:50] Meter 361: Generated 1.032 kWh (encrypted: 334419 bytes, 6.672 ms)
[2025-12-10 08:10:06] NETWORK INFO: Server authentication successful for node: aggregator-001
✓ Aggregator connected: aggregator-001 from 127.0.0.1
✓ Sent 334419 bytes to aggregator-001 (0.37ms)
Session completed with aggregator-001
[2025-12-10 08:10:10] Meter 361: Generated 1.065 kWh (encrypted: 334122 bytes, 10.735 ms)
[2025-12-10 08:10:30] Meter 361: Generated 3.469 kWh (encrypted: 334382 bytes, 8.692 ms)
[2025-12-10 08:10:50] Meter 361: Generated 5.657 kWh (encrypted: 334494 bytes, 4.345 ms)
[2025-12-10 08:11:10] Meter 361: Generated 0.766 kWh (encrypted: 334461 bytes, 8.641 ms)
[2025-12-10 08:11:12] NETWORK INFO: Server authentication successful for node: aggregator-001
✓ Aggregator connected: aggregator-001 from 127.0.0.1
✓ Sent 334461 bytes to aggregator-001 (0.35ms)
Session completed with aggregator-001
[2025-12-10 08:11:30] Meter 361: Generated 1.876 kWh (encrypted: 334146 bytes, 5.331 ms)
[2025-12-10 08:11:50] Meter 361: Generated 4.141 kWh (encrypted: 334385 bytes, 6.555 ms)
[2025-12-10 08:12:10] Meter 361: Generated 3.296 kWh (encrypted: 334285 bytes, 6.517 ms)
[2025-12-10 08:12:17] NETWORK INFO: Server authentication successful for node: aggregator-001
✓ Aggregator connected: aggregator-001 from 127.0.0.1
✓ Sent 334285 bytes to aggregator-001 (0.41ms)
Session completed with aggregator-001
[2025-12-10 08:12:30] Meter 361: Generated 3.646 kWh (encrypted: 334422 bytes, 4.777 ms)

Received shutdown signal. Gracefully shutting down smart meter...
Network server thread stopped
Data generation thread stopped
Smart meter 361 shutdown complete
