=== Continuous Smart Meter Server 26 ===
Initializing for continuous operation...
SEAL context initialized
Loaded certificate: smart-meter-026
Requesting public keys from KDC...
[2025-12-14 17:02:24] NETWORK ERROR: Failed to connect to 127.0.0.1:8444: Connection refused
Error: Failed to connect to KDC at 127.0.0.1:8444
Error: Failed to send key request to KDC
Failed to obtain keys from KDC, falling back to file keys
Loaded keys from fallback files
Cryptographic components initialized
[2025-12-14 17:02:24] NETWORK INFO: Server socket created and listening on port 9026
✓ Smart meter server ready on port 9026
Data transmission interval: 20 seconds (15x accelerated - simulates 5min)
✓ Performance metrics CSV files initialized in performance_data/
Starting continuous smart meter operation...
Press Ctrl+C to stop gracefully
Data generation thread started
Network server thread started on port 9026
[2025-12-14 17:02:44] Meter 26 (Low-Variable): 0.193 kWh (H:1.06, D:1.04) (encrypted: 334230 bytes, 4.978 ms)
[2025-12-14 17:02:51] NETWORK INFO: Server authentication successful for node: aggregator-001
✓ Aggregator connected: aggregator-001 from 127.0.0.1
✓ Sent 334230 bytes to aggregator-001 (0.59ms)
Session completed with aggregator-001
[2025-12-14 17:03:04] Meter 26 (Low-Variable): 0.188 kWh (H:1.06, D:1.04) (encrypted: 334171 bytes, 4.386 ms)

Received shutdown signal. Gracefully shutting down smart meter...
Network server thread stopped

Received shutdown signal. Gracefully shutting down smart meter...
Data generation thread stopped
Smart meter 26 shutdown complete
