=== Continuous Smart Meter Server 455 ===
Initializing for continuous operation...
SEAL context initialized
Loaded certificate: smart-meter-455
Requesting public keys from KDC...
[2025-12-10 08:04:28] NETWORK ERROR: Failed to connect to 127.0.0.1:8444: Connection refused
Error: Failed to connect to KDC at 127.0.0.1:8444
Error: Failed to send key request to KDC
Failed to obtain keys from KDC, falling back to file keys
Loaded keys from fallback files
Cryptographic components initialized
[2025-12-10 08:04:28] NETWORK INFO: Server socket created and listening on port 9455
✓ Smart meter server ready on port 9455
Data transmission interval: 20 seconds (15x accelerated - simulates 5min)
✓ Performance metrics CSV files initialized in performance_data/
Starting continuous smart meter operation...
Press Ctrl+C to stop gracefully
Data generation thread started
Network server thread started on port 9455
[2025-12-10 08:04:40] NETWORK INFO: Server authentication successful for node: aggregator-001
✓ Aggregator connected: aggregator-001 from 127.0.0.1
[2025-12-10 08:04:48] Meter 455: Generated 5.917 kWh (encrypted: 334428 bytes, 5.362 ms)
✓ Sent 334428 bytes to aggregator-001 (0.76ms)
Session completed with aggregator-001
[2025-12-10 08:05:08] Meter 455: Generated 7.192 kWh (encrypted: 334233 bytes, 4.641 ms)
[2025-12-10 08:05:28] Meter 455: Generated 3.698 kWh (encrypted: 334484 bytes, 5.331 ms)
[2025-12-10 08:05:44] NETWORK INFO: Server authentication successful for node: aggregator-001
✓ Aggregator connected: aggregator-001 from 127.0.0.1
✓ Sent 334484 bytes to aggregator-001 (7.78ms)
Session completed with aggregator-001
[2025-12-10 08:05:48] Meter 455: Generated 5.271 kWh (encrypted: 334347 bytes, 4.534 ms)
[2025-12-10 08:06:08] Meter 455: Generated 6.420 kWh (encrypted: 334344 bytes, 4.786 ms)
[2025-12-10 08:06:28] Meter 455: Generated 5.532 kWh (encrypted: 334319 bytes, 6.287 ms)
[2025-12-10 08:06:48] Meter 455: Generated 2.321 kWh (encrypted: 334449 bytes, 4.634 ms)
[2025-12-10 08:06:50] NETWORK INFO: Server authentication successful for node: aggregator-001
✓ Aggregator connected: aggregator-001 from 127.0.0.1
✓ Sent 334449 bytes to aggregator-001 (4.03ms)
Session completed with aggregator-001
[2025-12-10 08:07:08] Meter 455: Generated 6.477 kWh (encrypted: 334457 bytes, 6.387 ms)
[2025-12-10 08:07:28] Meter 455: Generated 1.596 kWh (encrypted: 334502 bytes, 4.877 ms)
[2025-12-10 08:07:48] Meter 455: Generated 1.915 kWh (encrypted: 334404 bytes, 6.542 ms)
[2025-12-10 08:07:56] NETWORK INFO: Server authentication successful for node: aggregator-001
✓ Aggregator connected: aggregator-001 from 127.0.0.1
✓ Sent 334404 bytes to aggregator-001 (0.45ms)
Session completed with aggregator-001
[2025-12-10 08:08:08] Meter 455: Generated 6.669 kWh (encrypted: 334333 bytes, 5.148 ms)
[2025-12-10 08:08:28] Meter 455: Generated 2.704 kWh (encrypted: 334307 bytes, 6.545 ms)
[2025-12-10 08:08:48] Meter 455: Generated 3.390 kWh (encrypted: 334553 bytes, 4.708 ms)
[2025-12-10 08:09:01] NETWORK INFO: Server authentication successful for node: aggregator-001
✓ Aggregator connected: aggregator-001 from 127.0.0.1
✓ Sent 334553 bytes to aggregator-001 (0.39ms)
Session completed with aggregator-001
[2025-12-10 08:09:08] Meter 455: Generated 0.714 kWh (encrypted: 334243 bytes, 5.223 ms)
[2025-12-10 08:09:28] Meter 455: Generated 3.500 kWh (encrypted: 334269 bytes, 4.821 ms)
[2025-12-10 08:09:48] Meter 455: Generated 7.099 kWh (encrypted: 334491 bytes, 5.099 ms)
[2025-12-10 08:10:06] NETWORK INFO: Server authentication successful for node: aggregator-001
✓ Aggregator connected: aggregator-001 from 127.0.0.1
✓ Sent 334491 bytes to aggregator-001 (0.42ms)
Session completed with aggregator-001
[2025-12-10 08:10:08] Meter 455: Generated 3.199 kWh (encrypted: 334192 bytes, 4.527 ms)
[2025-12-10 08:10:28] Meter 455: Generated 3.061 kWh (encrypted: 334475 bytes, 5.348 ms)
[2025-12-10 08:10:48] Meter 455: Generated 1.349 kWh (encrypted: 334128 bytes, 5.148 ms)
[2025-12-10 08:11:08] Meter 455: Generated 4.909 kWh (encrypted: 333721 bytes, 6.484 ms)
[2025-12-10 08:11:12] NETWORK INFO: Server authentication successful for node: aggregator-001
✓ Aggregator connected: aggregator-001 from 127.0.0.1
✓ Sent 333721 bytes to aggregator-001 (0.37ms)
Session completed with aggregator-001
[2025-12-10 08:11:28] Meter 455: Generated 5.726 kWh (encrypted: 334275 bytes, 5.069 ms)
[2025-12-10 08:11:48] Meter 455: Generated 7.502 kWh (encrypted: 334469 bytes, 5.068 ms)
[2025-12-10 08:12:08] Meter 455: Generated 7.629 kWh (encrypted: 334354 bytes, 6.553 ms)
[2025-12-10 08:12:17] NETWORK INFO: Server authentication successful for node: aggregator-001
✓ Aggregator connected: aggregator-001 from 127.0.0.1
✓ Sent 334354 bytes to aggregator-001 (2.53ms)
Session completed with aggregator-001
[2025-12-10 08:12:28] Meter 455: Generated 5.281 kWh (encrypted: 334156 bytes, 4.844 ms)

Received shutdown signal. Gracefully shutting down smart meter...
Network server thread stopped
Data generation thread stopped
Smart meter 455 shutdown complete
