=== Continuous Smart Meter Server 118 ===
Initializing for continuous operation...
SEAL context initialized
Loaded certificate: smart-meter-118
Requesting public keys from KDC...
[2025-12-10 07:57:30] NETWORK ERROR: Failed to connect to 127.0.0.1:8444: Connection refused
Error: Failed to connect to KDC at 127.0.0.1:8444
Error: Failed to send key request to KDC
Failed to obtain keys from KDC, falling back to file keys
Loaded keys from fallback files
Cryptographic components initialized
[2025-12-10 07:57:30] NETWORK INFO: Server socket created and listening on port 9118
✓ Smart meter server ready on port 9118
Data transmission interval: 20 seconds (15x accelerated - simulates 5min)
✓ Performance metrics CSV files initialized in performance_data/
Starting continuous smart meter operation...
Press Ctrl+C to stop gracefully
Data generation thread started
Network server thread started on port 9118
[2025-12-10 07:57:50] Meter 118: Generated 6.387 kWh (encrypted: 334318 bytes, 5.037 ms)
[2025-12-10 07:58:10] Meter 118: Generated 4.114 kWh (encrypted: 334180 bytes, 4.453 ms)
[2025-12-10 07:58:25] NETWORK INFO: Server authentication successful for node: aggregator-001
✓ Aggregator connected: aggregator-001 from 127.0.0.1
✓ Sent 334180 bytes to aggregator-001 (1.56ms)
Session completed with aggregator-001
[2025-12-10 07:58:30] Meter 118: Generated 7.450 kWh (encrypted: 334485 bytes, 4.415 ms)
[2025-12-10 07:58:50] Meter 118: Generated 7.491 kWh (encrypted: 333555 bytes, 6.213 ms)
[2025-12-10 07:59:10] Meter 118: Generated 3.998 kWh (encrypted: 334480 bytes, 4.556 ms)
[2025-12-10 07:59:26] NETWORK INFO: Server authentication successful for node: aggregator-001
✓ Aggregator connected: aggregator-001 from 127.0.0.1
✓ Sent 334480 bytes to aggregator-001 (0.39ms)
Session completed with aggregator-001
[2025-12-10 07:59:30] Meter 118: Generated 3.153 kWh (encrypted: 334400 bytes, 4.687 ms)
[2025-12-10 07:59:50] Meter 118: Generated 6.588 kWh (encrypted: 334155 bytes, 4.477 ms)
[2025-12-10 08:00:10] Meter 118: Generated 2.071 kWh (encrypted: 334266 bytes, 6.742 ms)
[2025-12-10 08:00:28] NETWORK INFO: Server authentication successful for node: aggregator-001
✓ Aggregator connected: aggregator-001 from 127.0.0.1
✓ Sent 334266 bytes to aggregator-001 (0.38ms)
Session completed with aggregator-001
[2025-12-10 08:00:30] Meter 118: Generated 5.888 kWh (encrypted: 333786 bytes, 4.820 ms)
[2025-12-10 08:00:50] Meter 118: Generated 6.399 kWh (encrypted: 334402 bytes, 4.729 ms)
[2025-12-10 08:01:10] Meter 118: Generated 5.965 kWh (encrypted: 334456 bytes, 4.914 ms)
[2025-12-10 08:01:30] Meter 118: Generated 2.655 kWh (encrypted: 334464 bytes, 5.601 ms)
[2025-12-10 08:01:31] NETWORK INFO: Server authentication successful for node: aggregator-001
✓ Aggregator connected: aggregator-001 from 127.0.0.1
✓ Sent 334464 bytes to aggregator-001 (0.38ms)
Session completed with aggregator-001
[2025-12-10 08:01:50] Meter 118: Generated 1.596 kWh (encrypted: 334415 bytes, 5.341 ms)
[2025-12-10 08:02:10] Meter 118: Generated 1.213 kWh (encrypted: 334384 bytes, 6.502 ms)
[2025-12-10 08:02:30] Meter 118: Generated 4.530 kWh (encrypted: 334258 bytes, 6.811 ms)
[2025-12-10 08:02:33] NETWORK INFO: Server authentication successful for node: aggregator-001
✓ Aggregator connected: aggregator-001 from 127.0.0.1
✓ Sent 334258 bytes to aggregator-001 (13.88ms)
Session completed with aggregator-001
[2025-12-10 08:02:50] Meter 118: Generated 6.584 kWh (encrypted: 334325 bytes, 6.740 ms)
[2025-12-10 08:03:10] Meter 118: Generated 2.401 kWh (encrypted: 334505 bytes, 5.255 ms)
[2025-12-10 08:03:30] Meter 118: Generated 4.483 kWh (encrypted: 334300 bytes, 5.868 ms)
[2025-12-10 08:03:36] NETWORK INFO: Server authentication successful for node: aggregator-001
✓ Aggregator connected: aggregator-001 from 127.0.0.1
✓ Sent 334300 bytes to aggregator-001 (24.82ms)
Session completed with aggregator-001
[2025-12-10 08:03:50] Meter 118: Generated 4.796 kWh (encrypted: 334381 bytes, 4.475 ms)
[2025-12-10 08:04:10] Meter 118: Generated 6.012 kWh (encrypted: 334443 bytes, 4.559 ms)
[2025-12-10 08:04:30] Meter 118: Generated 4.515 kWh (encrypted: 334330 bytes, 5.197 ms)
[2025-12-10 08:04:39] NETWORK INFO: Server authentication successful for node: aggregator-001
✓ Aggregator connected: aggregator-001 from 127.0.0.1
✓ Sent 334330 bytes to aggregator-001 (57.45ms)
Session completed with aggregator-001
[2025-12-10 08:04:50] Meter 118: Generated 4.854 kWh (encrypted: 334419 bytes, 4.985 ms)
[2025-12-10 08:05:10] Meter 118: Generated 1.068 kWh (encrypted: 334430 bytes, 8.062 ms)
[2025-12-10 08:05:30] Meter 118: Generated 2.574 kWh (encrypted: 334375 bytes, 5.750 ms)
[2025-12-10 08:05:44] NETWORK INFO: Server authentication successful for node: aggregator-001
✓ Aggregator connected: aggregator-001 from 127.0.0.1
✓ Sent 334375 bytes to aggregator-001 (48.53ms)
Session completed with aggregator-001
[2025-12-10 08:05:50] Meter 118: Generated 5.297 kWh (encrypted: 334395 bytes, 4.784 ms)
[2025-12-10 08:06:10] Meter 118: Generated 7.350 kWh (encrypted: 334313 bytes, 6.569 ms)
[2025-12-10 08:06:30] Meter 118: Generated 2.182 kWh (encrypted: 334389 bytes, 5.796 ms)
[2025-12-10 08:06:50] Meter 118: Generated 5.191 kWh (encrypted: 334325 bytes, 4.438 ms)
[2025-12-10 08:06:50] NETWORK INFO: Server authentication successful for node: aggregator-001
✓ Aggregator connected: aggregator-001 from 127.0.0.1
✓ Sent 334325 bytes to aggregator-001 (0.39ms)
Session completed with aggregator-001
[2025-12-10 08:07:10] Meter 118: Generated 6.821 kWh (encrypted: 334203 bytes, 5.729 ms)
[2025-12-10 08:07:30] Meter 118: Generated 6.249 kWh (encrypted: 334364 bytes, 4.423 ms)
[2025-12-10 08:07:50] Meter 118: Generated 5.783 kWh (encrypted: 334187 bytes, 6.049 ms)
[2025-12-10 08:07:56] NETWORK INFO: Server authentication successful for node: aggregator-001
✓ Aggregator connected: aggregator-001 from 127.0.0.1
✓ Sent 334187 bytes to aggregator-001 (0.39ms)
Session completed with aggregator-001
[2025-12-10 08:08:10] Meter 118: Generated 7.556 kWh (encrypted: 334380 bytes, 4.902 ms)
[2025-12-10 08:08:30] Meter 118: Generated 4.672 kWh (encrypted: 334197 bytes, 4.944 ms)
[2025-12-10 08:08:50] Meter 118: Generated 5.331 kWh (encrypted: 334343 bytes, 5.291 ms)
[2025-12-10 08:09:01] NETWORK INFO: Server authentication successful for node: aggregator-001
✓ Aggregator connected: aggregator-001 from 127.0.0.1
✓ Sent 334343 bytes to aggregator-001 (0.38ms)
Session completed with aggregator-001
[2025-12-10 08:09:10] Meter 118: Generated 1.382 kWh (encrypted: 334346 bytes, 4.827 ms)
[2025-12-10 08:09:30] Meter 118: Generated 5.065 kWh (encrypted: 334044 bytes, 4.990 ms)
[2025-12-10 08:09:50] Meter 118: Generated 1.370 kWh (encrypted: 334435 bytes, 4.739 ms)
[2025-12-10 08:10:06] NETWORK INFO: Server authentication successful for node: aggregator-001
✓ Aggregator connected: aggregator-001 from 127.0.0.1
✓ Sent 334435 bytes to aggregator-001 (0.39ms)
Session completed with aggregator-001
[2025-12-10 08:10:10] Meter 118: Generated 3.380 kWh (encrypted: 334267 bytes, 5.009 ms)
[2025-12-10 08:10:30] Meter 118: Generated 6.756 kWh (encrypted: 334433 bytes, 5.032 ms)
[2025-12-10 08:10:50] Meter 118: Generated 5.256 kWh (encrypted: 334422 bytes, 4.399 ms)
[2025-12-10 08:11:10] Meter 118: Generated 5.989 kWh (encrypted: 334214 bytes, 4.822 ms)
[2025-12-10 08:11:12] NETWORK INFO: Server authentication successful for node: aggregator-001
✓ Aggregator connected: aggregator-001 from 127.0.0.1
✓ Sent 334214 bytes to aggregator-001 (0.35ms)
Session completed with aggregator-001
[2025-12-10 08:11:30] Meter 118: Generated 5.795 kWh (encrypted: 334357 bytes, 6.929 ms)
[2025-12-10 08:11:50] Meter 118: Generated 7.109 kWh (encrypted: 334223 bytes, 7.391 ms)
[2025-12-10 08:12:10] Meter 118: Generated 4.788 kWh (encrypted: 334255 bytes, 4.530 ms)
[2025-12-10 08:12:17] NETWORK INFO: Server authentication successful for node: aggregator-001
✓ Aggregator connected: aggregator-001 from 127.0.0.1
✓ Sent 334255 bytes to aggregator-001 (0.38ms)
Session completed with aggregator-001
[2025-12-10 08:12:30] Meter 118: Generated 2.260 kWh (encrypted: 334141 bytes, 6.946 ms)

Received shutdown signal. Gracefully shutting down smart meter...
Network server thread stopped
Data generation thread stopped
Smart meter 118 shutdown complete
