=== Continuous Smart Meter Server 425 ===
Initializing for continuous operation...
SEAL context initialized
Loaded certificate: smart-meter-425
Requesting public keys from KDC...
[2025-12-10 08:03:50] NETWORK ERROR: Failed to connect to 127.0.0.1:8444: Connection refused
Error: Failed to connect to KDC at 127.0.0.1:8444
Error: Failed to send key request to KDC
Failed to obtain keys from KDC, falling back to file keys
Loaded keys from fallback files
Cryptographic components initialized
[2025-12-10 08:03:50] NETWORK INFO: Server socket created and listening on port 9425
✓ Smart meter server ready on port 9425
Data transmission interval: 20 seconds (15x accelerated - simulates 5min)
✓ Performance metrics CSV files initialized in performance_data/
Starting continuous smart meter operation...
Press Ctrl+C to stop gracefully
Data generation thread started
Network server thread started on port 9425
[2025-12-10 08:04:10] Meter 425: Generated 7.184 kWh (encrypted: 334389 bytes, 5.321 ms)
[2025-12-10 08:04:30] Meter 425: Generated 2.715 kWh (encrypted: 334393 bytes, 6.464 ms)
[2025-12-10 08:04:40] NETWORK INFO: Server authentication successful for node: aggregator-001
✓ Aggregator connected: aggregator-001 from 127.0.0.1
✓ Sent 334393 bytes to aggregator-001 (0.72ms)
Session completed with aggregator-001
[2025-12-10 08:04:50] Meter 425: Generated 1.272 kWh (encrypted: 334451 bytes, 6.590 ms)
[2025-12-10 08:05:10] Meter 425: Generated 6.003 kWh (encrypted: 334434 bytes, 5.481 ms)
[2025-12-10 08:05:30] Meter 425: Generated 7.310 kWh (encrypted: 334341 bytes, 5.977 ms)
[2025-12-10 08:05:44] NETWORK INFO: Server authentication successful for node: aggregator-001
✓ Aggregator connected: aggregator-001 from 127.0.0.1
✓ Sent 334341 bytes to aggregator-001 (10.87ms)
Session completed with aggregator-001
[2025-12-10 08:05:50] Meter 425: Generated 5.115 kWh (encrypted: 334453 bytes, 4.327 ms)
[2025-12-10 08:06:10] Meter 425: Generated 1.988 kWh (encrypted: 333697 bytes, 6.404 ms)
[2025-12-10 08:06:30] Meter 425: Generated 3.571 kWh (encrypted: 334362 bytes, 4.523 ms)
[2025-12-10 08:06:50] NETWORK INFO: Server authentication successful for node: aggregator-001
✓ Aggregator connected: aggregator-001 from 127.0.0.1
✓ Sent 334362 bytes to aggregator-001 (0.34ms)
Session completed with aggregator-001
[2025-12-10 08:06:50] Meter 425: Generated 2.697 kWh (encrypted: 334140 bytes, 22.191 ms)
[2025-12-10 08:07:10] Meter 425: Generated 1.182 kWh (encrypted: 334030 bytes, 11.916 ms)
[2025-12-10 08:07:30] Meter 425: Generated 5.561 kWh (encrypted: 334118 bytes, 6.964 ms)
[2025-12-10 08:07:50] Meter 425: Generated 4.316 kWh (encrypted: 334082 bytes, 5.537 ms)
[2025-12-10 08:07:56] NETWORK INFO: Server authentication successful for node: aggregator-001
✓ Aggregator connected: aggregator-001 from 127.0.0.1
✓ Sent 334082 bytes to aggregator-001 (4.00ms)
Session completed with aggregator-001
[2025-12-10 08:08:10] Meter 425: Generated 4.241 kWh (encrypted: 334172 bytes, 7.842 ms)
[2025-12-10 08:08:30] Meter 425: Generated 4.357 kWh (encrypted: 334167 bytes, 6.935 ms)
[2025-12-10 08:08:50] Meter 425: Generated 6.267 kWh (encrypted: 334127 bytes, 7.641 ms)
[2025-12-10 08:09:01] NETWORK INFO: Server authentication successful for node: aggregator-001
✓ Aggregator connected: aggregator-001 from 127.0.0.1
✓ Sent 334127 bytes to aggregator-001 (0.32ms)
Session completed with aggregator-001
[2025-12-10 08:09:10] Meter 425: Generated 4.742 kWh (encrypted: 334400 bytes, 4.534 ms)
[2025-12-10 08:09:30] Meter 425: Generated 3.940 kWh (encrypted: 334144 bytes, 6.030 ms)
[2025-12-10 08:09:50] Meter 425: Generated 4.660 kWh (encrypted: 334386 bytes, 5.215 ms)
[2025-12-10 08:10:06] NETWORK INFO: Server authentication successful for node: aggregator-001
✓ Aggregator connected: aggregator-001 from 127.0.0.1
✓ Sent 334386 bytes to aggregator-001 (19.00ms)
Session completed with aggregator-001
[2025-12-10 08:10:10] Meter 425: Generated 3.159 kWh (encrypted: 334278 bytes, 10.954 ms)
[2025-12-10 08:10:30] Meter 425: Generated 7.340 kWh (encrypted: 333284 bytes, 7.080 ms)
[2025-12-10 08:10:50] Meter 425: Generated 6.179 kWh (encrypted: 334450 bytes, 6.385 ms)
[2025-12-10 08:11:11] Meter 425: Generated 1.993 kWh (encrypted: 334309 bytes, 8.360 ms)
[2025-12-10 08:11:12] NETWORK INFO: Server authentication successful for node: aggregator-001
✓ Aggregator connected: aggregator-001 from 127.0.0.1
✓ Sent 334309 bytes to aggregator-001 (0.34ms)
Session completed with aggregator-001
[2025-12-10 08:11:31] Meter 425: Generated 4.867 kWh (encrypted: 333295 bytes, 7.494 ms)
[2025-12-10 08:11:51] Meter 425: Generated 6.470 kWh (encrypted: 334343 bytes, 7.530 ms)
[2025-12-10 08:12:11] Meter 425: Generated 1.676 kWh (encrypted: 334069 bytes, 13.830 ms)
[2025-12-10 08:12:17] NETWORK INFO: Server authentication successful for node: aggregator-001
✓ Aggregator connected: aggregator-001 from 127.0.0.1
✓ Sent 334069 bytes to aggregator-001 (0.38ms)
Session completed with aggregator-001
[2025-12-10 08:12:31] Meter 425: Generated 2.363 kWh (encrypted: 334149 bytes, 6.636 ms)

Received shutdown signal. Gracefully shutting down smart meter...
Network server thread stopped
Data generation thread stopped
Smart meter 425 shutdown complete
