=== Continuous Smart Meter Server 76 ===
Initializing for continuous operation...
SEAL context initialized
Loaded certificate: smart-meter-076
Requesting public keys from KDC...
[2025-12-10 07:56:38] NETWORK ERROR: Failed to connect to 127.0.0.1:8444: Connection refused
Error: Failed to connect to KDC at 127.0.0.1:8444
Error: Failed to send key request to KDC
Failed to obtain keys from KDC, falling back to file keys
Loaded keys from fallback files
Cryptographic components initialized
[2025-12-10 07:56:38] NETWORK INFO: Server socket created and listening on port 9076
✓ Smart meter server ready on port 9076
Data transmission interval: 20 seconds (15x accelerated - simulates 5min)
✓ Performance metrics CSV files initialized in performance_data/
Starting continuous smart meter operation...
Press Ctrl+C to stop gracefully
Data generation thread started
Network server thread started on port 9076
[2025-12-10 07:56:58] Meter 76: Generated 4.730 kWh (encrypted: 334091 bytes, 4.819 ms)
[2025-12-10 07:57:15] NETWORK INFO: Server authentication successful for node: aggregator-001
✓ Aggregator connected: aggregator-001 from 127.0.0.1
✓ Sent 334091 bytes to aggregator-001 (4.54ms)
Session completed with aggregator-001
[2025-12-10 07:57:18] Meter 76: Generated 0.961 kWh (encrypted: 334264 bytes, 4.363 ms)
[2025-12-10 07:57:38] Meter 76: Generated 6.837 kWh (encrypted: 334034 bytes, 4.428 ms)
[2025-12-10 07:57:58] Meter 76: Generated 7.338 kWh (encrypted: 334284 bytes, 4.518 ms)
[2025-12-10 07:58:18] Meter 76: Generated 3.739 kWh (encrypted: 333808 bytes, 4.867 ms)
[2025-12-10 07:58:25] NETWORK INFO: Server authentication successful for node: aggregator-001
✓ Aggregator connected: aggregator-001 from 127.0.0.1
✓ Sent 333808 bytes to aggregator-001 (0.36ms)
Session completed with aggregator-001
[2025-12-10 07:58:38] Meter 76: Generated 2.160 kWh (encrypted: 334270 bytes, 4.554 ms)
[2025-12-10 07:58:58] Meter 76: Generated 6.326 kWh (encrypted: 334280 bytes, 4.545 ms)
[2025-12-10 07:59:18] Meter 76: Generated 1.321 kWh (encrypted: 334372 bytes, 4.632 ms)
[2025-12-10 07:59:26] NETWORK INFO: Server authentication successful for node: aggregator-001
✓ Aggregator connected: aggregator-001 from 127.0.0.1
✓ Sent 334372 bytes to aggregator-001 (0.49ms)
Session completed with aggregator-001
[2025-12-10 07:59:38] Meter 76: Generated 6.017 kWh (encrypted: 333987 bytes, 5.291 ms)
[2025-12-10 07:59:58] Meter 76: Generated 3.030 kWh (encrypted: 334173 bytes, 4.488 ms)
[2025-12-10 08:00:18] Meter 76: Generated 5.856 kWh (encrypted: 334115 bytes, 4.883 ms)
[2025-12-10 08:00:28] NETWORK INFO: Server authentication successful for node: aggregator-001
✓ Aggregator connected: aggregator-001 from 127.0.0.1
✓ Sent 334115 bytes to aggregator-001 (0.40ms)
Session completed with aggregator-001
[2025-12-10 08:00:38] Meter 76: Generated 1.411 kWh (encrypted: 334389 bytes, 4.884 ms)
[2025-12-10 08:00:58] Meter 76: Generated 5.925 kWh (encrypted: 334287 bytes, 6.375 ms)
[2025-12-10 08:01:18] Meter 76: Generated 4.503 kWh (encrypted: 334330 bytes, 6.019 ms)
[2025-12-10 08:01:31] NETWORK INFO: Server authentication successful for node: aggregator-001
✓ Aggregator connected: aggregator-001 from 127.0.0.1
✓ Sent 334330 bytes to aggregator-001 (0.39ms)
Session completed with aggregator-001
[2025-12-10 08:01:38] Meter 76: Generated 5.887 kWh (encrypted: 333387 bytes, 10.094 ms)
[2025-12-10 08:01:58] Meter 76: Generated 2.870 kWh (encrypted: 334183 bytes, 4.372 ms)
[2025-12-10 08:02:18] Meter 76: Generated 3.158 kWh (encrypted: 334344 bytes, 4.643 ms)
[2025-12-10 08:02:33] NETWORK INFO: Server authentication successful for node: aggregator-001
✓ Aggregator connected: aggregator-001 from 127.0.0.1
✓ Sent 334344 bytes to aggregator-001 (0.42ms)
Session completed with aggregator-001
[2025-12-10 08:02:38] Meter 76: Generated 4.271 kWh (encrypted: 334036 bytes, 4.830 ms)
[2025-12-10 08:02:58] Meter 76: Generated 5.261 kWh (encrypted: 334205 bytes, 5.580 ms)
[2025-12-10 08:03:19] Meter 76: Generated 4.108 kWh (encrypted: 334433 bytes, 4.366 ms)
[2025-12-10 08:03:36] NETWORK INFO: Server authentication successful for node: aggregator-001
✓ Aggregator connected: aggregator-001 from 127.0.0.1
✓ Sent 334433 bytes to aggregator-001 (0.38ms)
Session completed with aggregator-001
[2025-12-10 08:03:39] Meter 76: Generated 4.259 kWh (encrypted: 334494 bytes, 4.942 ms)
[2025-12-10 08:03:59] Meter 76: Generated 4.979 kWh (encrypted: 334471 bytes, 5.379 ms)
[2025-12-10 08:04:19] Meter 76: Generated 3.362 kWh (encrypted: 334337 bytes, 4.604 ms)
[2025-12-10 08:04:39] Meter 76: Generated 5.766 kWh (encrypted: 334320 bytes, 6.468 ms)
[2025-12-10 08:04:39] NETWORK INFO: Server authentication successful for node: aggregator-001
✓ Aggregator connected: aggregator-001 from 127.0.0.1
✓ Sent 334320 bytes to aggregator-001 (0.41ms)
Session completed with aggregator-001
[2025-12-10 08:04:59] Meter 76: Generated 3.167 kWh (encrypted: 334109 bytes, 4.445 ms)
[2025-12-10 08:05:19] Meter 76: Generated 7.461 kWh (encrypted: 334481 bytes, 4.920 ms)
[2025-12-10 08:05:39] Meter 76: Generated 2.971 kWh (encrypted: 334150 bytes, 5.279 ms)
[2025-12-10 08:05:44] NETWORK INFO: Server authentication successful for node: aggregator-001
✓ Aggregator connected: aggregator-001 from 127.0.0.1
✓ Sent 334150 bytes to aggregator-001 (0.40ms)
Session completed with aggregator-001
[2025-12-10 08:05:59] Meter 76: Generated 1.023 kWh (encrypted: 334481 bytes, 6.463 ms)
[2025-12-10 08:06:19] Meter 76: Generated 1.167 kWh (encrypted: 334387 bytes, 4.863 ms)
[2025-12-10 08:06:39] Meter 76: Generated 7.534 kWh (encrypted: 334372 bytes, 6.602 ms)
[2025-12-10 08:06:50] NETWORK INFO: Server authentication successful for node: aggregator-001
✓ Aggregator connected: aggregator-001 from 127.0.0.1
✓ Sent 334372 bytes to aggregator-001 (0.35ms)
Session completed with aggregator-001
[2025-12-10 08:06:59] Meter 76: Generated 3.244 kWh (encrypted: 334177 bytes, 6.626 ms)
[2025-12-10 08:07:19] Meter 76: Generated 4.694 kWh (encrypted: 334453 bytes, 4.689 ms)
[2025-12-10 08:07:39] Meter 76: Generated 6.543 kWh (encrypted: 334192 bytes, 5.840 ms)
[2025-12-10 08:07:56] NETWORK INFO: Server authentication successful for node: aggregator-001
✓ Aggregator connected: aggregator-001 from 127.0.0.1
✓ Sent 334192 bytes to aggregator-001 (0.38ms)
Session completed with aggregator-001
[2025-12-10 08:07:59] Meter 76: Generated 7.067 kWh (encrypted: 334180 bytes, 6.586 ms)
[2025-12-10 08:08:19] Meter 76: Generated 6.017 kWh (encrypted: 334294 bytes, 4.768 ms)
[2025-12-10 08:08:39] Meter 76: Generated 3.137 kWh (encrypted: 333340 bytes, 7.264 ms)
[2025-12-10 08:08:59] Meter 76: Generated 1.869 kWh (encrypted: 334255 bytes, 6.540 ms)
[2025-12-10 08:09:01] NETWORK INFO: Server authentication successful for node: aggregator-001
✓ Aggregator connected: aggregator-001 from 127.0.0.1
✓ Sent 334255 bytes to aggregator-001 (0.36ms)
Session completed with aggregator-001
[2025-12-10 08:09:19] Meter 76: Generated 2.109 kWh (encrypted: 334194 bytes, 10.617 ms)
[2025-12-10 08:09:39] Meter 76: Generated 3.911 kWh (encrypted: 334283 bytes, 5.248 ms)
[2025-12-10 08:09:59] Meter 76: Generated 2.374 kWh (encrypted: 334138 bytes, 6.481 ms)
[2025-12-10 08:10:06] NETWORK INFO: Server authentication successful for node: aggregator-001
✓ Aggregator connected: aggregator-001 from 127.0.0.1
✓ Sent 334138 bytes to aggregator-001 (0.38ms)
Session completed with aggregator-001
[2025-12-10 08:10:19] Meter 76: Generated 1.825 kWh (encrypted: 334032 bytes, 6.703 ms)
[2025-12-10 08:10:39] Meter 76: Generated 4.907 kWh (encrypted: 334523 bytes, 6.340 ms)
[2025-12-10 08:10:59] Meter 76: Generated 6.105 kWh (encrypted: 334358 bytes, 4.418 ms)
[2025-12-10 08:11:12] NETWORK INFO: Server authentication successful for node: aggregator-001
✓ Aggregator connected: aggregator-001 from 127.0.0.1
✓ Sent 334358 bytes to aggregator-001 (0.36ms)
Session completed with aggregator-001
[2025-12-10 08:11:19] Meter 76: Generated 2.697 kWh (encrypted: 334420 bytes, 6.491 ms)
[2025-12-10 08:11:39] Meter 76: Generated 3.760 kWh (encrypted: 334316 bytes, 4.349 ms)
[2025-12-10 08:11:59] Meter 76: Generated 4.644 kWh (encrypted: 334405 bytes, 6.861 ms)
[2025-12-10 08:12:17] NETWORK INFO: Server authentication successful for node: aggregator-001
✓ Aggregator connected: aggregator-001 from 127.0.0.1
✓ Sent 334405 bytes to aggregator-001 (0.37ms)
Session completed with aggregator-001
[2025-12-10 08:12:19] Meter 76: Generated 6.165 kWh (encrypted: 334293 bytes, 4.884 ms)

Received shutdown signal. Gracefully shutting down smart meter...
Network server thread stopped
Data generation thread stopped
Smart meter 76 shutdown complete
