=== Continuous Smart Meter Server 285 ===
Initializing for continuous operation...
SEAL context initialized
Loaded certificate: smart-meter-285
Requesting public keys from KDC...
[2025-12-10 08:00:55] NETWORK ERROR: Failed to connect to 127.0.0.1:8444: Connection refused
Error: Failed to connect to KDC at 127.0.0.1:8444
Error: Failed to send key request to KDC
Failed to obtain keys from KDC, falling back to file keys
Loaded keys from fallback files
Cryptographic components initialized
[2025-12-10 08:00:55] NETWORK INFO: Server socket created and listening on port 9285
✓ Smart meter server ready on port 9285
Data transmission interval: 20 seconds (15x accelerated - simulates 5min)
✓ Performance metrics CSV files initialized in performance_data/
Starting continuous smart meter operation...
Press Ctrl+C to stop gracefully
Data generation thread started
Network server thread started on port 9285
[2025-12-10 08:01:15] Meter 285: Generated 0.988 kWh (encrypted: 334469 bytes, 5.660 ms)
[2025-12-10 08:01:31] NETWORK INFO: Server authentication successful for node: aggregator-001
✓ Aggregator connected: aggregator-001 from 127.0.0.1
✓ Sent 334469 bytes to aggregator-001 (0.74ms)
Session completed with aggregator-001
[2025-12-10 08:01:35] Meter 285: Generated 2.995 kWh (encrypted: 334279 bytes, 4.574 ms)
[2025-12-10 08:01:55] Meter 285: Generated 2.084 kWh (encrypted: 334356 bytes, 4.618 ms)
[2025-12-10 08:02:15] Meter 285: Generated 3.087 kWh (encrypted: 334409 bytes, 6.509 ms)
[2025-12-10 08:02:33] NETWORK INFO: Server authentication successful for node: aggregator-001
✓ Aggregator connected: aggregator-001 from 127.0.0.1
✓ Sent 334409 bytes to aggregator-001 (0.37ms)
Session completed with aggregator-001
[2025-12-10 08:02:35] Meter 285: Generated 3.667 kWh (encrypted: 334359 bytes, 5.963 ms)
[2025-12-10 08:02:55] Meter 285: Generated 2.527 kWh (encrypted: 334225 bytes, 4.342 ms)
[2025-12-10 08:03:15] Meter 285: Generated 7.430 kWh (encrypted: 334089 bytes, 4.513 ms)
[2025-12-10 08:03:35] Meter 285: Generated 5.755 kWh (encrypted: 334217 bytes, 4.622 ms)
[2025-12-10 08:03:36] NETWORK INFO: Server authentication successful for node: aggregator-001
✓ Aggregator connected: aggregator-001 from 127.0.0.1
✓ Sent 334217 bytes to aggregator-001 (0.44ms)
Session completed with aggregator-001
[2025-12-10 08:03:55] Meter 285: Generated 2.697 kWh (encrypted: 334291 bytes, 5.995 ms)
[2025-12-10 08:04:15] Meter 285: Generated 6.913 kWh (encrypted: 334188 bytes, 13.306 ms)
[2025-12-10 08:04:35] Meter 285: Generated 6.359 kWh (encrypted: 334319 bytes, 4.839 ms)
[2025-12-10 08:04:39] NETWORK INFO: Server authentication successful for node: aggregator-001
✓ Aggregator connected: aggregator-001 from 127.0.0.1
✓ Sent 334319 bytes to aggregator-001 (0.40ms)
Session completed with aggregator-001
[2025-12-10 08:04:55] Meter 285: Generated 4.186 kWh (encrypted: 334371 bytes, 5.592 ms)
[2025-12-10 08:05:15] Meter 285: Generated 5.616 kWh (encrypted: 334064 bytes, 5.301 ms)
[2025-12-10 08:05:35] Meter 285: Generated 7.178 kWh (encrypted: 334315 bytes, 4.794 ms)
[2025-12-10 08:05:44] NETWORK INFO: Server authentication successful for node: aggregator-001
✓ Aggregator connected: aggregator-001 from 127.0.0.1
✓ Sent 334315 bytes to aggregator-001 (1.42ms)
Session completed with aggregator-001
[2025-12-10 08:05:55] Meter 285: Generated 4.570 kWh (encrypted: 334334 bytes, 4.590 ms)
[2025-12-10 08:06:15] Meter 285: Generated 5.324 kWh (encrypted: 334428 bytes, 4.817 ms)
[2025-12-10 08:06:35] Meter 285: Generated 2.084 kWh (encrypted: 334440 bytes, 6.427 ms)
[2025-12-10 08:06:50] NETWORK INFO: Server authentication successful for node: aggregator-001
✓ Aggregator connected: aggregator-001 from 127.0.0.1
✓ Sent 334440 bytes to aggregator-001 (0.36ms)
Session completed with aggregator-001
[2025-12-10 08:06:55] Meter 285: Generated 5.101 kWh (encrypted: 334122 bytes, 4.479 ms)
[2025-12-10 08:07:15] Meter 285: Generated 5.658 kWh (encrypted: 333865 bytes, 6.534 ms)
[2025-12-10 08:07:35] Meter 285: Generated 3.955 kWh (encrypted: 334264 bytes, 5.099 ms)
[2025-12-10 08:07:55] Meter 285: Generated 3.736 kWh (encrypted: 334155 bytes, 4.481 ms)
[2025-12-10 08:07:56] NETWORK INFO: Server authentication successful for node: aggregator-001
✓ Aggregator connected: aggregator-001 from 127.0.0.1
✓ Sent 334155 bytes to aggregator-001 (0.40ms)
Session completed with aggregator-001
[2025-12-10 08:08:15] Meter 285: Generated 5.190 kWh (encrypted: 334158 bytes, 6.531 ms)
[2025-12-10 08:08:35] Meter 285: Generated 6.744 kWh (encrypted: 334382 bytes, 6.838 ms)
[2025-12-10 08:08:55] Meter 285: Generated 7.077 kWh (encrypted: 333920 bytes, 4.772 ms)
[2025-12-10 08:09:01] NETWORK INFO: Server authentication successful for node: aggregator-001
✓ Aggregator connected: aggregator-001 from 127.0.0.1
✓ Sent 333920 bytes to aggregator-001 (18.28ms)
Session completed with aggregator-001
[2025-12-10 08:09:15] Meter 285: Generated 3.190 kWh (encrypted: 334274 bytes, 5.369 ms)
[2025-12-10 08:09:35] Meter 285: Generated 4.191 kWh (encrypted: 334130 bytes, 5.912 ms)
[2025-12-10 08:09:55] Meter 285: Generated 1.044 kWh (encrypted: 334370 bytes, 5.895 ms)
[2025-12-10 08:10:06] NETWORK INFO: Server authentication successful for node: aggregator-001
✓ Aggregator connected: aggregator-001 from 127.0.0.1
✓ Sent 334370 bytes to aggregator-001 (0.38ms)
Session completed with aggregator-001
[2025-12-10 08:10:15] Meter 285: Generated 1.905 kWh (encrypted: 334378 bytes, 7.540 ms)
[2025-12-10 08:10:35] Meter 285: Generated 6.766 kWh (encrypted: 334394 bytes, 6.384 ms)
[2025-12-10 08:10:55] Meter 285: Generated 3.101 kWh (encrypted: 334296 bytes, 5.045 ms)
[2025-12-10 08:11:12] NETWORK INFO: Server authentication successful for node: aggregator-001
✓ Aggregator connected: aggregator-001 from 127.0.0.1
✓ Sent 334296 bytes to aggregator-001 (0.39ms)
Session completed with aggregator-001
[2025-12-10 08:11:15] Meter 285: Generated 0.565 kWh (encrypted: 334301 bytes, 6.364 ms)
[2025-12-10 08:11:35] Meter 285: Generated 2.435 kWh (encrypted: 334457 bytes, 7.238 ms)
[2025-12-10 08:11:55] Meter 285: Generated 6.289 kWh (encrypted: 334093 bytes, 6.587 ms)
[2025-12-10 08:12:15] Meter 285: Generated 2.572 kWh (encrypted: 334559 bytes, 6.978 ms)
[2025-12-10 08:12:17] NETWORK INFO: Server authentication successful for node: aggregator-001
✓ Aggregator connected: aggregator-001 from 127.0.0.1
✓ Sent 334559 bytes to aggregator-001 (0.43ms)
Session completed with aggregator-001

Received shutdown signal. Gracefully shutting down smart meter...
Network server thread stopped
Data generation thread stopped
Smart meter 285 shutdown complete
