=== Continuous Smart Meter Server 335 ===
Initializing for continuous operation...
SEAL context initialized
Loaded certificate: smart-meter-335
Requesting public keys from KDC...
[2025-12-10 08:01:57] NETWORK ERROR: Failed to connect to 127.0.0.1:8444: Connection refused
Error: Failed to connect to KDC at 127.0.0.1:8444
Error: Failed to send key request to KDC
Failed to obtain keys from KDC, falling back to file keys
Loaded keys from fallback files
Cryptographic components initialized
[2025-12-10 08:01:57] NETWORK INFO: Server socket created and listening on port 9335
✓ Smart meter server ready on port 9335
Data transmission interval: 20 seconds (15x accelerated - simulates 5min)
✓ Performance metrics CSV files initialized in performance_data/
Starting continuous smart meter operation...
Press Ctrl+C to stop gracefully
Data generation thread started
Network server thread started on port 9335
[2025-12-10 08:02:17] Meter 335: Generated 4.312 kWh (encrypted: 334498 bytes, 5.741 ms)
[2025-12-10 08:02:33] NETWORK INFO: Server authentication successful for node: aggregator-001
✓ Aggregator connected: aggregator-001 from 127.0.0.1
✓ Sent 334498 bytes to aggregator-001 (14.91ms)
Session completed with aggregator-001
[2025-12-10 08:02:37] Meter 335: Generated 1.086 kWh (encrypted: 334060 bytes, 9.356 ms)
[2025-12-10 08:02:57] Meter 335: Generated 1.475 kWh (encrypted: 334328 bytes, 6.055 ms)
[2025-12-10 08:03:17] Meter 335: Generated 7.164 kWh (encrypted: 334139 bytes, 4.521 ms)
[2025-12-10 08:03:36] NETWORK INFO: Server authentication successful for node: aggregator-001
✓ Aggregator connected: aggregator-001 from 127.0.0.1
✓ Sent 334139 bytes to aggregator-001 (5.12ms)
Session completed with aggregator-001
[2025-12-10 08:03:37] Meter 335: Generated 2.411 kWh (encrypted: 334033 bytes, 4.852 ms)
[2025-12-10 08:03:57] Meter 335: Generated 1.713 kWh (encrypted: 334453 bytes, 4.446 ms)
[2025-12-10 08:04:17] Meter 335: Generated 3.799 kWh (encrypted: 334317 bytes, 6.531 ms)
[2025-12-10 08:04:37] Meter 335: Generated 1.270 kWh (encrypted: 334159 bytes, 4.428 ms)
[2025-12-10 08:04:39] NETWORK INFO: Server authentication successful for node: aggregator-001
✓ Aggregator connected: aggregator-001 from 127.0.0.1
✓ Sent 334159 bytes to aggregator-001 (0.38ms)
Session completed with aggregator-001
[2025-12-10 08:04:57] Meter 335: Generated 4.286 kWh (encrypted: 334371 bytes, 4.339 ms)
[2025-12-10 08:05:17] Meter 335: Generated 5.299 kWh (encrypted: 334225 bytes, 4.505 ms)
[2025-12-10 08:05:37] Meter 335: Generated 1.539 kWh (encrypted: 334046 bytes, 4.355 ms)
[2025-12-10 08:05:44] NETWORK INFO: Server authentication successful for node: aggregator-001
✓ Aggregator connected: aggregator-001 from 127.0.0.1
✓ Sent 334046 bytes to aggregator-001 (41.69ms)
Session completed with aggregator-001
[2025-12-10 08:05:57] Meter 335: Generated 2.686 kWh (encrypted: 334430 bytes, 4.414 ms)
[2025-12-10 08:06:17] Meter 335: Generated 2.454 kWh (encrypted: 334477 bytes, 4.503 ms)
[2025-12-10 08:06:37] Meter 335: Generated 6.563 kWh (encrypted: 334382 bytes, 4.541 ms)
[2025-12-10 08:06:50] NETWORK INFO: Server authentication successful for node: aggregator-001
✓ Aggregator connected: aggregator-001 from 127.0.0.1
✓ Sent 334382 bytes to aggregator-001 (27.66ms)
Session completed with aggregator-001
[2025-12-10 08:06:57] Meter 335: Generated 1.088 kWh (encrypted: 334505 bytes, 4.459 ms)
[2025-12-10 08:07:17] Meter 335: Generated 5.053 kWh (encrypted: 334483 bytes, 6.419 ms)
[2025-12-10 08:07:37] Meter 335: Generated 2.711 kWh (encrypted: 334480 bytes, 4.397 ms)
[2025-12-10 08:07:56] NETWORK INFO: Server authentication successful for node: aggregator-001
✓ Aggregator connected: aggregator-001 from 127.0.0.1
✓ Sent 334480 bytes to aggregator-001 (5.53ms)
Session completed with aggregator-001
[2025-12-10 08:07:57] Meter 335: Generated 2.627 kWh (encrypted: 333259 bytes, 6.392 ms)
[2025-12-10 08:08:17] Meter 335: Generated 1.077 kWh (encrypted: 334103 bytes, 6.471 ms)
[2025-12-10 08:08:37] Meter 335: Generated 1.637 kWh (encrypted: 334144 bytes, 6.727 ms)
[2025-12-10 08:08:57] Meter 335: Generated 4.435 kWh (encrypted: 334388 bytes, 4.887 ms)
[2025-12-10 08:09:01] NETWORK INFO: Server authentication successful for node: aggregator-001
✓ Aggregator connected: aggregator-001 from 127.0.0.1
✓ Sent 334388 bytes to aggregator-001 (0.38ms)
Session completed with aggregator-001
[2025-12-10 08:09:17] Meter 335: Generated 5.232 kWh (encrypted: 333892 bytes, 7.371 ms)
[2025-12-10 08:09:37] Meter 335: Generated 6.263 kWh (encrypted: 334489 bytes, 13.207 ms)
[2025-12-10 08:09:57] Meter 335: Generated 4.023 kWh (encrypted: 334307 bytes, 4.811 ms)
[2025-12-10 08:10:06] NETWORK INFO: Server authentication successful for node: aggregator-001
✓ Aggregator connected: aggregator-001 from 127.0.0.1
✓ Sent 334307 bytes to aggregator-001 (0.34ms)
Session completed with aggregator-001
[2025-12-10 08:10:17] Meter 335: Generated 4.792 kWh (encrypted: 334306 bytes, 10.307 ms)
[2025-12-10 08:10:37] Meter 335: Generated 2.661 kWh (encrypted: 334126 bytes, 7.307 ms)
[2025-12-10 08:10:57] Meter 335: Generated 4.463 kWh (encrypted: 334219 bytes, 7.170 ms)
[2025-12-10 08:11:12] NETWORK INFO: Server authentication successful for node: aggregator-001
✓ Aggregator connected: aggregator-001 from 127.0.0.1
✓ Sent 334219 bytes to aggregator-001 (0.38ms)
Session completed with aggregator-001
[2025-12-10 08:11:17] Meter 335: Generated 2.542 kWh (encrypted: 334230 bytes, 6.988 ms)
[2025-12-10 08:11:38] Meter 335: Generated 1.158 kWh (encrypted: 334055 bytes, 6.613 ms)
[2025-12-10 08:11:58] Meter 335: Generated 2.074 kWh (encrypted: 334428 bytes, 6.298 ms)
[2025-12-10 08:12:17] NETWORK INFO: Server authentication successful for node: aggregator-001
✓ Aggregator connected: aggregator-001 from 127.0.0.1
✓ Sent 334428 bytes to aggregator-001 (0.67ms)
Session completed with aggregator-001
[2025-12-10 08:12:18] Meter 335: Generated 4.756 kWh (encrypted: 334222 bytes, 5.261 ms)

Received shutdown signal. Gracefully shutting down smart meter...
Network server thread stopped
Data generation thread stopped
Smart meter 335 shutdown complete
