=== Continuous Smart Meter Server 240 ===
Initializing for continuous operation...
SEAL context initialized
Loaded certificate: smart-meter-240
Requesting public keys from KDC...
[2025-12-10 07:59:59] NETWORK ERROR: Failed to connect to 127.0.0.1:8444: Connection refused
Error: Failed to connect to KDC at 127.0.0.1:8444
Error: Failed to send key request to KDC
Failed to obtain keys from KDC, falling back to file keys
Loaded keys from fallback files
Cryptographic components initialized
[2025-12-10 07:59:59] NETWORK INFO: Server socket created and listening on port 9240
✓ Smart meter server ready on port 9240
Data transmission interval: 20 seconds (15x accelerated - simulates 5min)
✓ Performance metrics CSV files initialized in performance_data/
Starting continuous smart meter operation...
Press Ctrl+C to stop gracefully
Data generation thread started
Network server thread started on port 9240
[2025-12-10 08:00:19] Meter 240: Generated 1.281 kWh (encrypted: 334241 bytes, 5.396 ms)
[2025-12-10 08:00:28] NETWORK INFO: Server authentication successful for node: aggregator-001
✓ Aggregator connected: aggregator-001 from 127.0.0.1
✓ Sent 334241 bytes to aggregator-001 (9.17ms)
Session completed with aggregator-001
[2025-12-10 08:00:39] Meter 240: Generated 1.847 kWh (encrypted: 334251 bytes, 10.767 ms)
[2025-12-10 08:00:59] Meter 240: Generated 4.949 kWh (encrypted: 334468 bytes, 4.605 ms)
[2025-12-10 08:01:19] Meter 240: Generated 1.638 kWh (encrypted: 334252 bytes, 4.456 ms)
[2025-12-10 08:01:31] NETWORK INFO: Server authentication successful for node: aggregator-001
✓ Aggregator connected: aggregator-001 from 127.0.0.1
✓ Sent 334252 bytes to aggregator-001 (1.44ms)
Session completed with aggregator-001
[2025-12-10 08:01:39] Meter 240: Generated 6.413 kWh (encrypted: 334344 bytes, 5.058 ms)
[2025-12-10 08:01:59] Meter 240: Generated 4.589 kWh (encrypted: 334397 bytes, 6.838 ms)
[2025-12-10 08:02:19] Meter 240: Generated 6.926 kWh (encrypted: 334364 bytes, 5.265 ms)
[2025-12-10 08:02:33] NETWORK INFO: Server authentication successful for node: aggregator-001
✓ Aggregator connected: aggregator-001 from 127.0.0.1
✓ Sent 334364 bytes to aggregator-001 (0.39ms)
Session completed with aggregator-001
[2025-12-10 08:02:39] Meter 240: Generated 4.200 kWh (encrypted: 334308 bytes, 4.524 ms)
[2025-12-10 08:02:59] Meter 240: Generated 2.170 kWh (encrypted: 334132 bytes, 5.691 ms)
[2025-12-10 08:03:19] Meter 240: Generated 3.748 kWh (encrypted: 334328 bytes, 5.338 ms)
[2025-12-10 08:03:36] NETWORK INFO: Server authentication successful for node: aggregator-001
✓ Aggregator connected: aggregator-001 from 127.0.0.1
✓ Sent 334328 bytes to aggregator-001 (1.45ms)
Session completed with aggregator-001
[2025-12-10 08:03:39] Meter 240: Generated 0.976 kWh (encrypted: 334106 bytes, 5.471 ms)
[2025-12-10 08:03:59] Meter 240: Generated 6.613 kWh (encrypted: 334038 bytes, 4.587 ms)
[2025-12-10 08:04:19] Meter 240: Generated 3.896 kWh (encrypted: 334423 bytes, 4.963 ms)
[2025-12-10 08:04:39] NETWORK INFO: Server authentication successful for node: aggregator-001
✓ Aggregator connected: aggregator-001 from 127.0.0.1
✓ Sent 334423 bytes to aggregator-001 (0.36ms)
Session completed with aggregator-001
[2025-12-10 08:04:39] Meter 240: Generated 4.380 kWh (encrypted: 334278 bytes, 15.700 ms)
[2025-12-10 08:04:59] Meter 240: Generated 4.238 kWh (encrypted: 334390 bytes, 5.005 ms)
[2025-12-10 08:05:19] Meter 240: Generated 2.999 kWh (encrypted: 334114 bytes, 5.716 ms)
[2025-12-10 08:05:40] Meter 240: Generated 5.798 kWh (encrypted: 334417 bytes, 8.343 ms)
[2025-12-10 08:05:44] NETWORK INFO: Server authentication successful for node: aggregator-001
✓ Aggregator connected: aggregator-001 from 127.0.0.1
✓ Sent 334417 bytes to aggregator-001 (12.24ms)
Session completed with aggregator-001
[2025-12-10 08:06:00] Meter 240: Generated 7.382 kWh (encrypted: 334317 bytes, 4.693 ms)
[2025-12-10 08:06:20] Meter 240: Generated 2.970 kWh (encrypted: 334245 bytes, 6.770 ms)
[2025-12-10 08:06:40] Meter 240: Generated 7.160 kWh (encrypted: 334171 bytes, 5.371 ms)
[2025-12-10 08:06:50] NETWORK INFO: Server authentication successful for node: aggregator-001
✓ Aggregator connected: aggregator-001 from 127.0.0.1
✓ Sent 334171 bytes to aggregator-001 (0.35ms)
Session completed with aggregator-001
[2025-12-10 08:07:00] Meter 240: Generated 2.108 kWh (encrypted: 334408 bytes, 4.661 ms)
[2025-12-10 08:07:20] Meter 240: Generated 4.920 kWh (encrypted: 334403 bytes, 6.492 ms)
[2025-12-10 08:07:40] Meter 240: Generated 2.771 kWh (encrypted: 334452 bytes, 4.623 ms)
[2025-12-10 08:07:56] NETWORK INFO: Server authentication successful for node: aggregator-001
✓ Aggregator connected: aggregator-001 from 127.0.0.1
✓ Sent 334452 bytes to aggregator-001 (0.36ms)
Session completed with aggregator-001
[2025-12-10 08:08:00] Meter 240: Generated 6.482 kWh (encrypted: 334248 bytes, 6.658 ms)
[2025-12-10 08:08:20] Meter 240: Generated 1.453 kWh (encrypted: 334396 bytes, 4.426 ms)
[2025-12-10 08:08:40] Meter 240: Generated 6.192 kWh (encrypted: 334483 bytes, 7.981 ms)
[2025-12-10 08:09:00] Meter 240: Generated 6.044 kWh (encrypted: 334311 bytes, 4.400 ms)
[2025-12-10 08:09:01] NETWORK INFO: Server authentication successful for node: aggregator-001
✓ Aggregator connected: aggregator-001 from 127.0.0.1
✓ Sent 334311 bytes to aggregator-001 (7.64ms)
Session completed with aggregator-001
[2025-12-10 08:09:20] Meter 240: Generated 7.209 kWh (encrypted: 334109 bytes, 6.595 ms)
[2025-12-10 08:09:40] Meter 240: Generated 6.778 kWh (encrypted: 334142 bytes, 4.866 ms)
[2025-12-10 08:10:00] Meter 240: Generated 1.573 kWh (encrypted: 334336 bytes, 6.575 ms)
[2025-12-10 08:10:06] NETWORK INFO: Server authentication successful for node: aggregator-001
✓ Aggregator connected: aggregator-001 from 127.0.0.1
✓ Sent 334336 bytes to aggregator-001 (47.90ms)
Session completed with aggregator-001
[2025-12-10 08:10:20] Meter 240: Generated 5.067 kWh (encrypted: 334456 bytes, 6.144 ms)
[2025-12-10 08:10:40] Meter 240: Generated 3.597 kWh (encrypted: 334102 bytes, 4.604 ms)
[2025-12-10 08:11:00] Meter 240: Generated 4.940 kWh (encrypted: 334417 bytes, 6.441 ms)
[2025-12-10 08:11:12] NETWORK INFO: Server authentication successful for node: aggregator-001
✓ Aggregator connected: aggregator-001 from 127.0.0.1
✓ Sent 334417 bytes to aggregator-001 (0.34ms)
Session completed with aggregator-001
[2025-12-10 08:11:20] Meter 240: Generated 5.752 kWh (encrypted: 334399 bytes, 4.320 ms)
[2025-12-10 08:11:40] Meter 240: Generated 2.969 kWh (encrypted: 334384 bytes, 6.477 ms)
[2025-12-10 08:12:00] Meter 240: Generated 4.806 kWh (encrypted: 333309 bytes, 4.380 ms)
[2025-12-10 08:12:17] NETWORK INFO: Server authentication successful for node: aggregator-001
✓ Aggregator connected: aggregator-001 from 127.0.0.1
✓ Sent 333309 bytes to aggregator-001 (0.37ms)
Session completed with aggregator-001
[2025-12-10 08:12:20] Meter 240: Generated 3.292 kWh (encrypted: 334294 bytes, 6.187 ms)

Received shutdown signal. Gracefully shutting down smart meter...
Network server thread stopped
Data generation thread stopped
Smart meter 240 shutdown complete
