=== Continuous Smart Meter Server 401 ===
Initializing for continuous operation...
SEAL context initialized
Loaded certificate: smart-meter-401
Requesting public keys from KDC...
[2025-12-10 08:03:20] NETWORK ERROR: Failed to connect to 127.0.0.1:8444: Connection refused
Error: Failed to connect to KDC at 127.0.0.1:8444
Error: Failed to send key request to KDC
Failed to obtain keys from KDC, falling back to file keys
Loaded keys from fallback files
Cryptographic components initialized
[2025-12-10 08:03:20] NETWORK INFO: Server socket created and listening on port 9401
✓ Smart meter server ready on port 9401
Data transmission interval: 20 seconds (15x accelerated - simulates 5min)
✓ Performance metrics CSV files initialized in performance_data/
Starting continuous smart meter operation...
Press Ctrl+C to stop gracefully
Data generation thread started
Network server thread started on port 9401
[2025-12-10 08:03:36] NETWORK INFO: Server authentication successful for node: aggregator-001
✓ Aggregator connected: aggregator-001 from 127.0.0.1
[2025-12-10 08:03:40] Meter 401: Generated 3.470 kWh (encrypted: 334126 bytes, 5.347 ms)
✓ Sent 334126 bytes to aggregator-001 (0.72ms)
Session completed with aggregator-001
[2025-12-10 08:04:00] Meter 401: Generated 2.373 kWh (encrypted: 334297 bytes, 5.593 ms)
[2025-12-10 08:04:20] Meter 401: Generated 1.697 kWh (encrypted: 334271 bytes, 4.437 ms)
[2025-12-10 08:04:39] NETWORK INFO: Server authentication successful for node: aggregator-001
✓ Aggregator connected: aggregator-001 from 127.0.0.1
✓ Sent 334271 bytes to aggregator-001 (0.39ms)
Session completed with aggregator-001
[2025-12-10 08:04:40] Meter 401: Generated 7.188 kWh (encrypted: 334478 bytes, 5.226 ms)
[2025-12-10 08:05:00] Meter 401: Generated 4.627 kWh (encrypted: 334404 bytes, 4.761 ms)
[2025-12-10 08:05:20] Meter 401: Generated 4.366 kWh (encrypted: 334360 bytes, 8.793 ms)
[2025-12-10 08:05:40] Meter 401: Generated 4.168 kWh (encrypted: 334471 bytes, 4.304 ms)
[2025-12-10 08:05:44] NETWORK INFO: Server authentication successful for node: aggregator-001
✓ Aggregator connected: aggregator-001 from 127.0.0.1
✓ Sent 334471 bytes to aggregator-001 (0.36ms)
Session completed with aggregator-001
[2025-12-10 08:06:00] Meter 401: Generated 1.064 kWh (encrypted: 334168 bytes, 6.447 ms)
[2025-12-10 08:06:20] Meter 401: Generated 1.532 kWh (encrypted: 334520 bytes, 6.394 ms)
[2025-12-10 08:06:40] Meter 401: Generated 1.489 kWh (encrypted: 334025 bytes, 7.421 ms)
[2025-12-10 08:06:50] NETWORK INFO: Server authentication successful for node: aggregator-001
✓ Aggregator connected: aggregator-001 from 127.0.0.1
✓ Sent 334025 bytes to aggregator-001 (0.39ms)
Session completed with aggregator-001
[2025-12-10 08:07:00] Meter 401: Generated 3.702 kWh (encrypted: 334303 bytes, 7.352 ms)
[2025-12-10 08:07:20] Meter 401: Generated 4.360 kWh (encrypted: 334117 bytes, 6.953 ms)
[2025-12-10 08:07:40] Meter 401: Generated 7.079 kWh (encrypted: 334439 bytes, 6.823 ms)
[2025-12-10 08:07:56] NETWORK INFO: Server authentication successful for node: aggregator-001
✓ Aggregator connected: aggregator-001 from 127.0.0.1
✓ Sent 334439 bytes to aggregator-001 (19.78ms)
Session completed with aggregator-001
[2025-12-10 08:08:00] Meter 401: Generated 6.040 kWh (encrypted: 334375 bytes, 6.877 ms)
[2025-12-10 08:08:20] Meter 401: Generated 2.613 kWh (encrypted: 334335 bytes, 7.931 ms)
[2025-12-10 08:08:40] Meter 401: Generated 1.303 kWh (encrypted: 334145 bytes, 7.439 ms)
[2025-12-10 08:09:00] Meter 401: Generated 4.631 kWh (encrypted: 334364 bytes, 6.581 ms)
[2025-12-10 08:09:01] NETWORK INFO: Server authentication successful for node: aggregator-001
✓ Aggregator connected: aggregator-001 from 127.0.0.1
✓ Sent 334364 bytes to aggregator-001 (20.96ms)
Session completed with aggregator-001
[2025-12-10 08:09:20] Meter 401: Generated 1.468 kWh (encrypted: 334444 bytes, 6.451 ms)
[2025-12-10 08:09:40] Meter 401: Generated 3.952 kWh (encrypted: 334365 bytes, 6.728 ms)
[2025-12-10 08:10:00] Meter 401: Generated 3.146 kWh (encrypted: 334280 bytes, 9.143 ms)
[2025-12-10 08:10:06] NETWORK INFO: Server authentication successful for node: aggregator-001
✓ Aggregator connected: aggregator-001 from 127.0.0.1
✓ Sent 334280 bytes to aggregator-001 (0.39ms)
Session completed with aggregator-001
[2025-12-10 08:10:20] Meter 401: Generated 3.718 kWh (encrypted: 334000 bytes, 5.046 ms)
[2025-12-10 08:10:40] Meter 401: Generated 1.264 kWh (encrypted: 334406 bytes, 4.407 ms)
[2025-12-10 08:11:00] Meter 401: Generated 7.183 kWh (encrypted: 334327 bytes, 6.458 ms)
[2025-12-10 08:11:12] NETWORK INFO: Server authentication successful for node: aggregator-001
✓ Aggregator connected: aggregator-001 from 127.0.0.1
✓ Sent 334327 bytes to aggregator-001 (0.36ms)
Session completed with aggregator-001
[2025-12-10 08:11:20] Meter 401: Generated 6.386 kWh (encrypted: 334168 bytes, 6.767 ms)
[2025-12-10 08:11:40] Meter 401: Generated 5.622 kWh (encrypted: 334423 bytes, 4.603 ms)
[2025-12-10 08:12:00] Meter 401: Generated 7.378 kWh (encrypted: 334412 bytes, 6.581 ms)
[2025-12-10 08:12:17] NETWORK INFO: Server authentication successful for node: aggregator-001
✓ Aggregator connected: aggregator-001 from 127.0.0.1
✓ Sent 334412 bytes to aggregator-001 (1.36ms)
Session completed with aggregator-001
[2025-12-10 08:12:20] Meter 401: Generated 2.307 kWh (encrypted: 334309 bytes, 6.600 ms)

Received shutdown signal. Gracefully shutting down smart meter...
Network server thread stopped
Data generation thread stopped
Smart meter 401 shutdown complete
