=== Continuous Smart Meter Server 452 ===
Initializing for continuous operation...
SEAL context initialized
Loaded certificate: smart-meter-452
Requesting public keys from KDC...
[2025-12-10 08:04:24] NETWORK ERROR: Failed to connect to 127.0.0.1:8444: Connection refused
Error: Failed to connect to KDC at 127.0.0.1:8444
Error: Failed to send key request to KDC
Failed to obtain keys from KDC, falling back to file keys
Loaded keys from fallback files
Cryptographic components initialized
[2025-12-10 08:04:24] NETWORK INFO: Server socket created and listening on port 9452
✓ Smart meter server ready on port 9452
Data transmission interval: 20 seconds (15x accelerated - simulates 5min)
✓ Performance metrics CSV files initialized in performance_data/
Starting continuous smart meter operation...
Press Ctrl+C to stop gracefully
Data generation thread started
Network server thread started on port 9452
[2025-12-10 08:04:40] NETWORK INFO: Server authentication successful for node: aggregator-001
✓ Aggregator connected: aggregator-001 from 127.0.0.1
[2025-12-10 08:04:44] Meter 452: Generated 4.659 kWh (encrypted: 334296 bytes, 5.300 ms)
✓ Sent 334296 bytes to aggregator-001 (0.68ms)
Session completed with aggregator-001
[2025-12-10 08:05:04] Meter 452: Generated 3.334 kWh (encrypted: 334313 bytes, 4.529 ms)
[2025-12-10 08:05:24] Meter 452: Generated 2.613 kWh (encrypted: 334381 bytes, 10.956 ms)
[2025-12-10 08:05:44] Meter 452: Generated 5.980 kWh (encrypted: 334271 bytes, 4.564 ms)
[2025-12-10 08:05:44] NETWORK INFO: Server authentication successful for node: aggregator-001
✓ Aggregator connected: aggregator-001 from 127.0.0.1
✓ Sent 334271 bytes to aggregator-001 (1.42ms)
Session completed with aggregator-001
[2025-12-10 08:06:04] Meter 452: Generated 4.098 kWh (encrypted: 334340 bytes, 6.617 ms)
[2025-12-10 08:06:24] Meter 452: Generated 7.364 kWh (encrypted: 334250 bytes, 6.589 ms)
[2025-12-10 08:06:44] Meter 452: Generated 2.792 kWh (encrypted: 334221 bytes, 4.790 ms)
[2025-12-10 08:06:50] NETWORK INFO: Server authentication successful for node: aggregator-001
✓ Aggregator connected: aggregator-001 from 127.0.0.1
✓ Sent 334221 bytes to aggregator-001 (6.88ms)
Session completed with aggregator-001
[2025-12-10 08:07:04] Meter 452: Generated 7.105 kWh (encrypted: 334367 bytes, 4.618 ms)
[2025-12-10 08:07:24] Meter 452: Generated 1.778 kWh (encrypted: 334149 bytes, 4.876 ms)
[2025-12-10 08:07:44] Meter 452: Generated 3.436 kWh (encrypted: 334540 bytes, 4.528 ms)
[2025-12-10 08:07:56] NETWORK INFO: Server authentication successful for node: aggregator-001
✓ Aggregator connected: aggregator-001 from 127.0.0.1
✓ Sent 334540 bytes to aggregator-001 (2.75ms)
Session completed with aggregator-001
[2025-12-10 08:08:04] Meter 452: Generated 0.954 kWh (encrypted: 333922 bytes, 4.785 ms)
[2025-12-10 08:08:24] Meter 452: Generated 2.440 kWh (encrypted: 334218 bytes, 13.072 ms)
[2025-12-10 08:08:44] Meter 452: Generated 2.967 kWh (encrypted: 334418 bytes, 4.815 ms)
[2025-12-10 08:09:01] NETWORK INFO: Server authentication successful for node: aggregator-001
✓ Aggregator connected: aggregator-001 from 127.0.0.1
✓ Sent 334418 bytes to aggregator-001 (1.11ms)
Session completed with aggregator-001
[2025-12-10 08:09:04] Meter 452: Generated 4.447 kWh (encrypted: 334393 bytes, 4.923 ms)
[2025-12-10 08:09:24] Meter 452: Generated 6.504 kWh (encrypted: 334154 bytes, 33.829 ms)
[2025-12-10 08:09:44] Meter 452: Generated 2.977 kWh (encrypted: 334205 bytes, 4.810 ms)
[2025-12-10 08:10:04] Meter 452: Generated 1.273 kWh (encrypted: 334338 bytes, 5.126 ms)
[2025-12-10 08:10:06] NETWORK INFO: Server authentication successful for node: aggregator-001
✓ Aggregator connected: aggregator-001 from 127.0.0.1
✓ Sent 334338 bytes to aggregator-001 (2.44ms)
Session completed with aggregator-001
[2025-12-10 08:10:24] Meter 452: Generated 5.143 kWh (encrypted: 334304 bytes, 5.052 ms)
[2025-12-10 08:10:44] Meter 452: Generated 1.311 kWh (encrypted: 333995 bytes, 6.652 ms)
[2025-12-10 08:11:04] Meter 452: Generated 6.631 kWh (encrypted: 334108 bytes, 6.623 ms)
[2025-12-10 08:11:12] NETWORK INFO: Server authentication successful for node: aggregator-001
✓ Aggregator connected: aggregator-001 from 127.0.0.1
✓ Sent 334108 bytes to aggregator-001 (0.36ms)
Session completed with aggregator-001
[2025-12-10 08:11:24] Meter 452: Generated 4.072 kWh (encrypted: 334288 bytes, 5.730 ms)
[2025-12-10 08:11:44] Meter 452: Generated 2.948 kWh (encrypted: 334346 bytes, 5.225 ms)
[2025-12-10 08:12:04] Meter 452: Generated 2.374 kWh (encrypted: 334453 bytes, 5.743 ms)
[2025-12-10 08:12:17] NETWORK INFO: Server authentication successful for node: aggregator-001
✓ Aggregator connected: aggregator-001 from 127.0.0.1
✓ Sent 334453 bytes to aggregator-001 (0.35ms)
Session completed with aggregator-001
[2025-12-10 08:12:24] Meter 452: Generated 5.333 kWh (encrypted: 334291 bytes, 7.196 ms)

Received shutdown signal. Gracefully shutting down smart meter...
Data generation thread stopped
Network server thread stopped
Smart meter 452 shutdown complete
