=== Continuous Smart Meter Server 439 ===
Initializing for continuous operation...
SEAL context initialized
Loaded certificate: smart-meter-439
Requesting public keys from KDC...
[2025-12-10 08:04:08] NETWORK ERROR: Failed to connect to 127.0.0.1:8444: Connection refused
Error: Failed to connect to KDC at 127.0.0.1:8444
Error: Failed to send key request to KDC
Failed to obtain keys from KDC, falling back to file keys
Loaded keys from fallback files
Cryptographic components initialized
[2025-12-10 08:04:08] NETWORK INFO: Server socket created and listening on port 9439
✓ Smart meter server ready on port 9439
Data transmission interval: 20 seconds (15x accelerated - simulates 5min)
✓ Performance metrics CSV files initialized in performance_data/
Starting continuous smart meter operation...
Press Ctrl+C to stop gracefully
Data generation thread started
Network server thread started on port 9439
[2025-12-10 08:04:28] Meter 439: Generated 2.637 kWh (encrypted: 334382 bytes, 5.375 ms)
[2025-12-10 08:04:40] NETWORK INFO: Server authentication successful for node: aggregator-001
✓ Aggregator connected: aggregator-001 from 127.0.0.1
✓ Sent 334382 bytes to aggregator-001 (0.95ms)
Session completed with aggregator-001
[2025-12-10 08:04:48] Meter 439: Generated 6.647 kWh (encrypted: 333979 bytes, 4.935 ms)
[2025-12-10 08:05:08] Meter 439: Generated 2.418 kWh (encrypted: 334169 bytes, 4.555 ms)
[2025-12-10 08:05:28] Meter 439: Generated 5.858 kWh (encrypted: 334355 bytes, 5.054 ms)
[2025-12-10 08:05:44] NETWORK INFO: Server authentication successful for node: aggregator-001
✓ Aggregator connected: aggregator-001 from 127.0.0.1
✓ Sent 334355 bytes to aggregator-001 (0.36ms)
Session completed with aggregator-001
[2025-12-10 08:05:48] Meter 439: Generated 3.943 kWh (encrypted: 334068 bytes, 4.511 ms)
[2025-12-10 08:06:08] Meter 439: Generated 5.873 kWh (encrypted: 334235 bytes, 4.675 ms)
[2025-12-10 08:06:28] Meter 439: Generated 6.927 kWh (encrypted: 334477 bytes, 6.499 ms)
[2025-12-10 08:06:48] Meter 439: Generated 5.551 kWh (encrypted: 334492 bytes, 4.565 ms)
[2025-12-10 08:06:50] NETWORK INFO: Server authentication successful for node: aggregator-001
✓ Aggregator connected: aggregator-001 from 127.0.0.1
✓ Sent 334492 bytes to aggregator-001 (0.40ms)
Session completed with aggregator-001
[2025-12-10 08:07:08] Meter 439: Generated 1.818 kWh (encrypted: 334538 bytes, 4.450 ms)
[2025-12-10 08:07:28] Meter 439: Generated 3.134 kWh (encrypted: 334402 bytes, 6.749 ms)
[2025-12-10 08:07:48] Meter 439: Generated 6.020 kWh (encrypted: 333989 bytes, 5.465 ms)
[2025-12-10 08:07:56] NETWORK INFO: Server authentication successful for node: aggregator-001
✓ Aggregator connected: aggregator-001 from 127.0.0.1
✓ Sent 333989 bytes to aggregator-001 (6.88ms)
Session completed with aggregator-001
[2025-12-10 08:08:08] Meter 439: Generated 2.666 kWh (encrypted: 334426 bytes, 4.446 ms)
[2025-12-10 08:08:28] Meter 439: Generated 4.142 kWh (encrypted: 334271 bytes, 4.466 ms)
[2025-12-10 08:08:48] Meter 439: Generated 4.530 kWh (encrypted: 334150 bytes, 4.501 ms)
[2025-12-10 08:09:01] NETWORK INFO: Server authentication successful for node: aggregator-001
✓ Aggregator connected: aggregator-001 from 127.0.0.1
✓ Sent 334150 bytes to aggregator-001 (0.37ms)
Session completed with aggregator-001
[2025-12-10 08:09:08] Meter 439: Generated 2.795 kWh (encrypted: 334442 bytes, 6.680 ms)
[2025-12-10 08:09:28] Meter 439: Generated 3.463 kWh (encrypted: 334169 bytes, 5.029 ms)
[2025-12-10 08:09:48] Meter 439: Generated 6.468 kWh (encrypted: 334335 bytes, 4.562 ms)
[2025-12-10 08:10:06] NETWORK INFO: Server authentication successful for node: aggregator-001
✓ Aggregator connected: aggregator-001 from 127.0.0.1
✓ Sent 334335 bytes to aggregator-001 (0.36ms)
Session completed with aggregator-001
[2025-12-10 08:10:08] Meter 439: Generated 1.182 kWh (encrypted: 334140 bytes, 6.442 ms)
[2025-12-10 08:10:28] Meter 439: Generated 5.675 kWh (encrypted: 334390 bytes, 6.441 ms)
[2025-12-10 08:10:48] Meter 439: Generated 4.089 kWh (encrypted: 334160 bytes, 4.490 ms)
[2025-12-10 08:11:08] Meter 439: Generated 3.506 kWh (encrypted: 334245 bytes, 9.766 ms)
[2025-12-10 08:11:12] NETWORK INFO: Server authentication successful for node: aggregator-001
✓ Aggregator connected: aggregator-001 from 127.0.0.1
✓ Sent 334245 bytes to aggregator-001 (2.94ms)
Session completed with aggregator-001
[2025-12-10 08:11:28] Meter 439: Generated 4.776 kWh (encrypted: 334379 bytes, 6.462 ms)
[2025-12-10 08:11:48] Meter 439: Generated 6.146 kWh (encrypted: 334277 bytes, 4.891 ms)
[2025-12-10 08:12:08] Meter 439: Generated 2.974 kWh (encrypted: 334382 bytes, 6.730 ms)
[2025-12-10 08:12:17] NETWORK INFO: Server authentication successful for node: aggregator-001
✓ Aggregator connected: aggregator-001 from 127.0.0.1
✓ Sent 334382 bytes to aggregator-001 (1.96ms)
Session completed with aggregator-001
[2025-12-10 08:12:28] Meter 439: Generated 5.603 kWh (encrypted: 334447 bytes, 7.374 ms)

Received shutdown signal. Gracefully shutting down smart meter...
Network server thread stopped
Data generation thread stopped
Smart meter 439 shutdown complete
