=== Continuous Smart Meter Server 53 ===
Initializing for continuous operation...
SEAL context initialized
Loaded certificate: smart-meter-053
Requesting public keys from KDC...
[2025-12-10 07:56:10] NETWORK ERROR: Failed to connect to 127.0.0.1:8444: Connection refused
Error: Failed to connect to KDC at 127.0.0.1:8444
Error: Failed to send key request to KDC
Failed to obtain keys from KDC, falling back to file keys
Loaded keys from fallback files
Cryptographic components initialized
[2025-12-10 07:56:10] NETWORK INFO: Server socket created and listening on port 9053
✓ Smart meter server ready on port 9053
Data transmission interval: 20 seconds (15x accelerated - simulates 5min)
✓ Performance metrics CSV files initialized in performance_data/
Starting continuous smart meter operation...
Press Ctrl+C to stop gracefully
Data generation thread started
Network server thread started on port 9053
[2025-12-10 07:56:30] Meter 53: Generated 4.672 kWh (encrypted: 334493 bytes, 4.906 ms)
[2025-12-10 07:56:50] Meter 53: Generated 3.243 kWh (encrypted: 334463 bytes, 5.954 ms)
[2025-12-10 07:57:10] Meter 53: Generated 1.495 kWh (encrypted: 334240 bytes, 4.274 ms)
[2025-12-10 07:57:15] NETWORK INFO: Server authentication successful for node: aggregator-001
✓ Aggregator connected: aggregator-001 from 127.0.0.1
✓ Sent 334240 bytes to aggregator-001 (1.06ms)
Session completed with aggregator-001
[2025-12-10 07:57:30] Meter 53: Generated 6.184 kWh (encrypted: 334306 bytes, 4.290 ms)
[2025-12-10 07:57:50] Meter 53: Generated 6.513 kWh (encrypted: 334018 bytes, 5.792 ms)
[2025-12-10 07:58:10] Meter 53: Generated 1.508 kWh (encrypted: 334365 bytes, 4.754 ms)
[2025-12-10 07:58:25] NETWORK INFO: Server authentication successful for node: aggregator-001
✓ Aggregator connected: aggregator-001 from 127.0.0.1
✓ Sent 334365 bytes to aggregator-001 (0.36ms)
Session completed with aggregator-001
[2025-12-10 07:58:30] Meter 53: Generated 3.259 kWh (encrypted: 334415 bytes, 4.436 ms)
[2025-12-10 07:58:50] Meter 53: Generated 3.785 kWh (encrypted: 334420 bytes, 6.512 ms)
[2025-12-10 07:59:10] Meter 53: Generated 1.567 kWh (encrypted: 334154 bytes, 4.504 ms)
[2025-12-10 07:59:26] NETWORK INFO: Server authentication successful for node: aggregator-001
✓ Aggregator connected: aggregator-001 from 127.0.0.1
✓ Sent 334154 bytes to aggregator-001 (0.34ms)
Session completed with aggregator-001
[2025-12-10 07:59:30] Meter 53: Generated 1.366 kWh (encrypted: 334301 bytes, 4.663 ms)
[2025-12-10 07:59:50] Meter 53: Generated 6.957 kWh (encrypted: 333954 bytes, 5.919 ms)
[2025-12-10 08:00:10] Meter 53: Generated 4.899 kWh (encrypted: 334333 bytes, 4.756 ms)
[2025-12-10 08:00:28] NETWORK INFO: Server authentication successful for node: aggregator-001
✓ Aggregator connected: aggregator-001 from 127.0.0.1
✓ Sent 334333 bytes to aggregator-001 (2.79ms)
Session completed with aggregator-001
[2025-12-10 08:00:30] Meter 53: Generated 1.230 kWh (encrypted: 334404 bytes, 5.347 ms)
[2025-12-10 08:00:50] Meter 53: Generated 2.971 kWh (encrypted: 334299 bytes, 5.588 ms)
[2025-12-10 08:01:10] Meter 53: Generated 5.579 kWh (encrypted: 334349 bytes, 5.110 ms)
[2025-12-10 08:01:31] Meter 53: Generated 2.899 kWh (encrypted: 334340 bytes, 6.615 ms)
[2025-12-10 08:01:31] NETWORK INFO: Server authentication successful for node: aggregator-001
✓ Aggregator connected: aggregator-001 from 127.0.0.1
✓ Sent 334340 bytes to aggregator-001 (0.36ms)
Session completed with aggregator-001
[2025-12-10 08:01:51] Meter 53: Generated 4.785 kWh (encrypted: 334158 bytes, 6.298 ms)
[2025-12-10 08:02:11] Meter 53: Generated 5.503 kWh (encrypted: 333969 bytes, 4.315 ms)
[2025-12-10 08:02:31] Meter 53: Generated 4.317 kWh (encrypted: 334429 bytes, 4.393 ms)
[2025-12-10 08:02:33] NETWORK INFO: Server authentication successful for node: aggregator-001
✓ Aggregator connected: aggregator-001 from 127.0.0.1
✓ Sent 334429 bytes to aggregator-001 (0.36ms)
Session completed with aggregator-001
[2025-12-10 08:02:51] Meter 53: Generated 2.209 kWh (encrypted: 334498 bytes, 5.557 ms)
[2025-12-10 08:03:11] Meter 53: Generated 4.683 kWh (encrypted: 334286 bytes, 4.788 ms)
[2025-12-10 08:03:31] Meter 53: Generated 5.656 kWh (encrypted: 334195 bytes, 4.355 ms)
[2025-12-10 08:03:36] NETWORK INFO: Server authentication successful for node: aggregator-001
✓ Aggregator connected: aggregator-001 from 127.0.0.1
✓ Sent 334195 bytes to aggregator-001 (0.38ms)
Session completed with aggregator-001
[2025-12-10 08:03:51] Meter 53: Generated 5.199 kWh (encrypted: 334196 bytes, 4.992 ms)
[2025-12-10 08:04:11] Meter 53: Generated 7.117 kWh (encrypted: 334302 bytes, 4.567 ms)
[2025-12-10 08:04:31] Meter 53: Generated 6.354 kWh (encrypted: 334096 bytes, 4.621 ms)
[2025-12-10 08:04:39] NETWORK INFO: Server authentication successful for node: aggregator-001
✓ Aggregator connected: aggregator-001 from 127.0.0.1
✓ Sent 334096 bytes to aggregator-001 (0.39ms)
Session completed with aggregator-001
[2025-12-10 08:04:51] Meter 53: Generated 2.447 kWh (encrypted: 334059 bytes, 4.465 ms)
[2025-12-10 08:05:11] Meter 53: Generated 6.880 kWh (encrypted: 334373 bytes, 4.491 ms)
[2025-12-10 08:05:31] Meter 53: Generated 3.449 kWh (encrypted: 334285 bytes, 7.389 ms)
[2025-12-10 08:05:44] NETWORK INFO: Server authentication successful for node: aggregator-001
✓ Aggregator connected: aggregator-001 from 127.0.0.1
✓ Sent 334285 bytes to aggregator-001 (0.37ms)
Session completed with aggregator-001
[2025-12-10 08:05:51] Meter 53: Generated 4.191 kWh (encrypted: 334364 bytes, 6.007 ms)
[2025-12-10 08:06:11] Meter 53: Generated 4.957 kWh (encrypted: 334140 bytes, 4.939 ms)
[2025-12-10 08:06:31] Meter 53: Generated 2.399 kWh (encrypted: 333334 bytes, 7.723 ms)
[2025-12-10 08:06:50] NETWORK INFO: Server authentication successful for node: aggregator-001
✓ Aggregator connected: aggregator-001 from 127.0.0.1
✓ Sent 333334 bytes to aggregator-001 (0.35ms)
Session completed with aggregator-001
[2025-12-10 08:06:51] Meter 53: Generated 3.973 kWh (encrypted: 334173 bytes, 18.580 ms)
[2025-12-10 08:07:11] Meter 53: Generated 5.624 kWh (encrypted: 334360 bytes, 4.361 ms)
[2025-12-10 08:07:31] Meter 53: Generated 4.937 kWh (encrypted: 334412 bytes, 5.122 ms)
[2025-12-10 08:07:51] Meter 53: Generated 7.006 kWh (encrypted: 334463 bytes, 5.412 ms)
[2025-12-10 08:07:55] NETWORK INFO: Server authentication successful for node: aggregator-001
✓ Aggregator connected: aggregator-001 from 127.0.0.1
✓ Sent 334463 bytes to aggregator-001 (0.96ms)
Session completed with aggregator-001
[2025-12-10 08:08:11] Meter 53: Generated 5.973 kWh (encrypted: 334360 bytes, 6.986 ms)
[2025-12-10 08:08:31] Meter 53: Generated 1.875 kWh (encrypted: 334408 bytes, 4.667 ms)
[2025-12-10 08:08:51] Meter 53: Generated 4.171 kWh (encrypted: 334384 bytes, 6.594 ms)
[2025-12-10 08:09:01] NETWORK INFO: Server authentication successful for node: aggregator-001
✓ Aggregator connected: aggregator-001 from 127.0.0.1
✓ Sent 334384 bytes to aggregator-001 (0.40ms)
Session completed with aggregator-001
[2025-12-10 08:09:11] Meter 53: Generated 6.595 kWh (encrypted: 334089 bytes, 7.288 ms)
[2025-12-10 08:09:31] Meter 53: Generated 3.610 kWh (encrypted: 333896 bytes, 6.317 ms)
[2025-12-10 08:09:51] Meter 53: Generated 1.366 kWh (encrypted: 334138 bytes, 5.596 ms)
[2025-12-10 08:10:06] NETWORK INFO: Server authentication successful for node: aggregator-001
✓ Aggregator connected: aggregator-001 from 127.0.0.1
✓ Sent 334138 bytes to aggregator-001 (14.19ms)
Session completed with aggregator-001
[2025-12-10 08:10:11] Meter 53: Generated 1.869 kWh (encrypted: 334283 bytes, 4.768 ms)
[2025-12-10 08:10:31] Meter 53: Generated 0.868 kWh (encrypted: 334431 bytes, 6.359 ms)
[2025-12-10 08:10:51] Meter 53: Generated 3.796 kWh (encrypted: 334261 bytes, 5.003 ms)
[2025-12-10 08:11:11] Meter 53: Generated 5.330 kWh (encrypted: 334369 bytes, 6.650 ms)
[2025-12-10 08:11:12] NETWORK INFO: Server authentication successful for node: aggregator-001
✓ Aggregator connected: aggregator-001 from 127.0.0.1
✓ Sent 334369 bytes to aggregator-001 (0.37ms)
Session completed with aggregator-001
[2025-12-10 08:11:31] Meter 53: Generated 3.981 kWh (encrypted: 334455 bytes, 6.939 ms)
[2025-12-10 08:11:51] Meter 53: Generated 5.376 kWh (encrypted: 334401 bytes, 6.328 ms)
[2025-12-10 08:12:11] Meter 53: Generated 5.145 kWh (encrypted: 334311 bytes, 7.132 ms)
[2025-12-10 08:12:17] NETWORK INFO: Server authentication successful for node: aggregator-001
✓ Aggregator connected: aggregator-001 from 127.0.0.1
✓ Sent 334311 bytes to aggregator-001 (0.46ms)
Session completed with aggregator-001
[2025-12-10 08:12:31] Meter 53: Generated 1.028 kWh (encrypted: 334357 bytes, 8.464 ms)

Received shutdown signal. Gracefully shutting down smart meter...
Network server thread stopped
Data generation thread stopped
Smart meter 53 shutdown complete
