=== Continuous Smart Meter Server 12 ===
Initializing for continuous operation...
SEAL context initialized
Loaded certificate: smart-meter-012
Requesting public keys from KDC...
[2025-12-10 07:55:21] NETWORK ERROR: Failed to connect to 127.0.0.1:8444: Connection refused
Error: Failed to connect to KDC at 127.0.0.1:8444
Error: Failed to send key request to KDC
Failed to obtain keys from KDC, falling back to file keys
Loaded keys from fallback files
Cryptographic components initialized
[2025-12-10 07:55:21] NETWORK INFO: Server socket created and listening on port 9012
✓ Smart meter server ready on port 9012
Data transmission interval: 20 seconds (15x accelerated - simulates 5min)
✓ Performance metrics CSV files initialized in performance_data/
Starting continuous smart meter operation...
Press Ctrl+C to stop gracefully
Data generation thread started
Network server thread started on port 9012
[2025-12-10 07:55:41] Meter 12: Generated 1.818 kWh (encrypted: 334059 bytes, 4.833 ms)
[2025-12-10 07:56:01] Meter 12: Generated 6.730 kWh (encrypted: 334146 bytes, 6.358 ms)
[2025-12-10 07:56:05] NETWORK INFO: Server authentication successful for node: aggregator-001
✓ Aggregator connected: aggregator-001 from 127.0.0.1
✓ Sent 334146 bytes to aggregator-001 (0.68ms)
Session completed with aggregator-001
[2025-12-10 07:56:21] Meter 12: Generated 1.657 kWh (encrypted: 334398 bytes, 4.329 ms)
[2025-12-10 07:56:41] Meter 12: Generated 3.114 kWh (encrypted: 334442 bytes, 4.292 ms)
[2025-12-10 07:57:01] Meter 12: Generated 1.642 kWh (encrypted: 334473 bytes, 4.259 ms)
[2025-12-10 07:57:15] NETWORK INFO: Server authentication successful for node: aggregator-001
✓ Aggregator connected: aggregator-001 from 127.0.0.1
✓ Sent 334473 bytes to aggregator-001 (0.37ms)
Session completed with aggregator-001
[2025-12-10 07:57:21] Meter 12: Generated 3.674 kWh (encrypted: 334347 bytes, 4.282 ms)
[2025-12-10 07:57:41] Meter 12: Generated 6.810 kWh (encrypted: 333299 bytes, 6.198 ms)
[2025-12-10 07:58:01] Meter 12: Generated 6.473 kWh (encrypted: 334361 bytes, 4.407 ms)
[2025-12-10 07:58:21] Meter 12: Generated 4.122 kWh (encrypted: 334146 bytes, 4.425 ms)
[2025-12-10 07:58:25] NETWORK INFO: Server authentication successful for node: aggregator-001
✓ Aggregator connected: aggregator-001 from 127.0.0.1
✓ Sent 334146 bytes to aggregator-001 (5.34ms)
Session completed with aggregator-001
[2025-12-10 07:58:41] Meter 12: Generated 5.083 kWh (encrypted: 334451 bytes, 4.777 ms)
[2025-12-10 07:59:01] Meter 12: Generated 3.483 kWh (encrypted: 334092 bytes, 5.989 ms)
[2025-12-10 07:59:21] Meter 12: Generated 3.838 kWh (encrypted: 334397 bytes, 4.543 ms)
[2025-12-10 07:59:26] NETWORK INFO: Server authentication successful for node: aggregator-001
✓ Aggregator connected: aggregator-001 from 127.0.0.1
✓ Sent 334397 bytes to aggregator-001 (0.41ms)
Session completed with aggregator-001
[2025-12-10 07:59:41] Meter 12: Generated 7.470 kWh (encrypted: 334382 bytes, 5.198 ms)
[2025-12-10 08:00:01] Meter 12: Generated 4.341 kWh (encrypted: 334235 bytes, 6.109 ms)
[2025-12-10 08:00:21] Meter 12: Generated 3.000 kWh (encrypted: 334070 bytes, 6.287 ms)
[2025-12-10 08:00:28] NETWORK INFO: Server authentication successful for node: aggregator-001
✓ Aggregator connected: aggregator-001 from 127.0.0.1
✓ Sent 334070 bytes to aggregator-001 (0.41ms)
Session completed with aggregator-001
[2025-12-10 08:00:41] Meter 12: Generated 2.563 kWh (encrypted: 334375 bytes, 4.778 ms)
[2025-12-10 08:01:01] Meter 12: Generated 6.812 kWh (encrypted: 333885 bytes, 16.252 ms)
[2025-12-10 08:01:21] Meter 12: Generated 3.021 kWh (encrypted: 334407 bytes, 4.651 ms)
[2025-12-10 08:01:31] NETWORK INFO: Server authentication successful for node: aggregator-001
✓ Aggregator connected: aggregator-001 from 127.0.0.1
✓ Sent 334407 bytes to aggregator-001 (0.37ms)
Session completed with aggregator-001
[2025-12-10 08:01:41] Meter 12: Generated 3.645 kWh (encrypted: 334374 bytes, 4.330 ms)
[2025-12-10 08:02:01] Meter 12: Generated 1.953 kWh (encrypted: 334283 bytes, 4.407 ms)
[2025-12-10 08:02:21] Meter 12: Generated 7.564 kWh (encrypted: 333915 bytes, 4.330 ms)
[2025-12-10 08:02:33] NETWORK INFO: Server authentication successful for node: aggregator-001
✓ Aggregator connected: aggregator-001 from 127.0.0.1
✓ Sent 333915 bytes to aggregator-001 (0.36ms)
Session completed with aggregator-001
[2025-12-10 08:02:41] Meter 12: Generated 7.009 kWh (encrypted: 334347 bytes, 6.155 ms)
[2025-12-10 08:03:01] Meter 12: Generated 5.890 kWh (encrypted: 334326 bytes, 6.331 ms)
[2025-12-10 08:03:21] Meter 12: Generated 1.550 kWh (encrypted: 333972 bytes, 4.326 ms)
[2025-12-10 08:03:36] NETWORK INFO: Server authentication successful for node: aggregator-001
✓ Aggregator connected: aggregator-001 from 127.0.0.1
✓ Sent 333972 bytes to aggregator-001 (0.93ms)
Session completed with aggregator-001
[2025-12-10 08:03:41] Meter 12: Generated 2.404 kWh (encrypted: 334299 bytes, 4.906 ms)
[2025-12-10 08:04:01] Meter 12: Generated 2.221 kWh (encrypted: 334453 bytes, 6.128 ms)
[2025-12-10 08:04:21] Meter 12: Generated 6.086 kWh (encrypted: 334425 bytes, 4.768 ms)
[2025-12-10 08:04:39] NETWORK INFO: Server authentication successful for node: aggregator-001
✓ Aggregator connected: aggregator-001 from 127.0.0.1
✓ Sent 334425 bytes to aggregator-001 (0.35ms)
Session completed with aggregator-001
[2025-12-10 08:04:41] Meter 12: Generated 5.008 kWh (encrypted: 334356 bytes, 5.923 ms)
[2025-12-10 08:05:01] Meter 12: Generated 5.329 kWh (encrypted: 334151 bytes, 4.646 ms)
[2025-12-10 08:05:21] Meter 12: Generated 1.875 kWh (encrypted: 334434 bytes, 6.142 ms)
[2025-12-10 08:05:41] Meter 12: Generated 3.863 kWh (encrypted: 334089 bytes, 4.353 ms)
[2025-12-10 08:05:44] NETWORK INFO: Server authentication successful for node: aggregator-001
✓ Aggregator connected: aggregator-001 from 127.0.0.1
✓ Sent 334089 bytes to aggregator-001 (0.40ms)
Session completed with aggregator-001
[2025-12-10 08:06:01] Meter 12: Generated 6.997 kWh (encrypted: 334136 bytes, 5.468 ms)
[2025-12-10 08:06:21] Meter 12: Generated 6.001 kWh (encrypted: 334369 bytes, 6.259 ms)
[2025-12-10 08:06:41] Meter 12: Generated 2.069 kWh (encrypted: 334201 bytes, 5.337 ms)
[2025-12-10 08:06:50] NETWORK INFO: Server authentication successful for node: aggregator-001
✓ Aggregator connected: aggregator-001 from 127.0.0.1
✓ Sent 334201 bytes to aggregator-001 (0.39ms)
Session completed with aggregator-001
[2025-12-10 08:07:01] Meter 12: Generated 3.003 kWh (encrypted: 334309 bytes, 5.043 ms)
[2025-12-10 08:07:21] Meter 12: Generated 2.515 kWh (encrypted: 334482 bytes, 6.503 ms)
[2025-12-10 08:07:41] Meter 12: Generated 5.710 kWh (encrypted: 334412 bytes, 5.256 ms)
[2025-12-10 08:07:56] NETWORK INFO: Server authentication successful for node: aggregator-001
✓ Aggregator connected: aggregator-001 from 127.0.0.1
✓ Sent 334412 bytes to aggregator-001 (8.06ms)
Session completed with aggregator-001
[2025-12-10 08:08:01] Meter 12: Generated 1.570 kWh (encrypted: 334331 bytes, 6.035 ms)
[2025-12-10 08:08:21] Meter 12: Generated 6.837 kWh (encrypted: 334359 bytes, 6.592 ms)
[2025-12-10 08:08:41] Meter 12: Generated 5.875 kWh (encrypted: 334172 bytes, 5.106 ms)
[2025-12-10 08:09:01] NETWORK INFO: Server authentication successful for node: aggregator-001
✓ Aggregator connected: aggregator-001 from 127.0.0.1
✓ Sent 334172 bytes to aggregator-001 (37.69ms)
Session completed with aggregator-001
[2025-12-10 08:09:01] Meter 12: Generated 3.899 kWh (encrypted: 334499 bytes, 6.899 ms)
[2025-12-10 08:09:21] Meter 12: Generated 2.395 kWh (encrypted: 334306 bytes, 7.099 ms)
[2025-12-10 08:09:41] Meter 12: Generated 6.004 kWh (encrypted: 334121 bytes, 7.012 ms)
[2025-12-10 08:10:01] Meter 12: Generated 5.238 kWh (encrypted: 334368 bytes, 6.016 ms)
[2025-12-10 08:10:06] NETWORK INFO: Server authentication successful for node: aggregator-001
✓ Aggregator connected: aggregator-001 from 127.0.0.1
✓ Sent 334368 bytes to aggregator-001 (0.41ms)
Session completed with aggregator-001
[2025-12-10 08:10:21] Meter 12: Generated 5.730 kWh (encrypted: 334290 bytes, 6.384 ms)
[2025-12-10 08:10:41] Meter 12: Generated 4.969 kWh (encrypted: 334264 bytes, 4.562 ms)
[2025-12-10 08:11:01] Meter 12: Generated 1.731 kWh (encrypted: 334403 bytes, 7.589 ms)
[2025-12-10 08:11:12] NETWORK INFO: Server authentication successful for node: aggregator-001
✓ Aggregator connected: aggregator-001 from 127.0.0.1
✓ Sent 334403 bytes to aggregator-001 (0.39ms)
Session completed with aggregator-001
[2025-12-10 08:11:21] Meter 12: Generated 6.659 kWh (encrypted: 334345 bytes, 7.094 ms)
[2025-12-10 08:11:41] Meter 12: Generated 2.820 kWh (encrypted: 334446 bytes, 6.459 ms)
[2025-12-10 08:12:01] Meter 12: Generated 6.884 kWh (encrypted: 334322 bytes, 5.742 ms)
[2025-12-10 08:12:17] NETWORK INFO: Server authentication successful for node: aggregator-001
✓ Aggregator connected: aggregator-001 from 127.0.0.1
✓ Sent 334322 bytes to aggregator-001 (0.36ms)
Session completed with aggregator-001
[2025-12-10 08:12:21] Meter 12: Generated 6.367 kWh (encrypted: 334305 bytes, 6.450 ms)

Received shutdown signal. Gracefully shutting down smart meter...
Network server thread stopped
Data generation thread stopped
Smart meter 12 shutdown complete
