=== Continuous Smart Meter Server 495 ===
Initializing for continuous operation...
SEAL context initialized
Loaded certificate: smart-meter-495
Requesting public keys from KDC...
[2025-12-10 08:05:19] NETWORK ERROR: Failed to connect to 127.0.0.1:8444: Connection refused
Error: Failed to connect to KDC at 127.0.0.1:8444
Error: Failed to send key request to KDC
Failed to obtain keys from KDC, falling back to file keys
Loaded keys from fallback files
Cryptographic components initialized
[2025-12-10 08:05:19] NETWORK INFO: Server socket created and listening on port 9495
✓ Smart meter server ready on port 9495
Data transmission interval: 20 seconds (15x accelerated - simulates 5min)
✓ Performance metrics CSV files initialized in performance_data/
Starting continuous smart meter operation...
Press Ctrl+C to stop gracefully
Data generation thread started
Network server thread started on port 9495
[2025-12-10 08:05:39] Meter 495: Generated 6.309 kWh (encrypted: 334089 bytes, 5.525 ms)
[2025-12-10 08:05:44] NETWORK INFO: Server authentication successful for node: aggregator-001
✓ Aggregator connected: aggregator-001 from 127.0.0.1
✓ Sent 334089 bytes to aggregator-001 (8.75ms)
Session completed with aggregator-001
[2025-12-10 08:05:59] Meter 495: Generated 2.286 kWh (encrypted: 334469 bytes, 6.724 ms)
[2025-12-10 08:06:19] Meter 495: Generated 4.113 kWh (encrypted: 334357 bytes, 4.857 ms)
[2025-12-10 08:06:39] Meter 495: Generated 4.118 kWh (encrypted: 334356 bytes, 7.204 ms)
[2025-12-10 08:06:50] NETWORK INFO: Server authentication successful for node: aggregator-001
✓ Aggregator connected: aggregator-001 from 127.0.0.1
✓ Sent 334356 bytes to aggregator-001 (0.37ms)
Session completed with aggregator-001
[2025-12-10 08:06:59] Meter 495: Generated 7.485 kWh (encrypted: 334495 bytes, 7.048 ms)
[2025-12-10 08:07:19] Meter 495: Generated 5.599 kWh (encrypted: 334313 bytes, 5.559 ms)
[2025-12-10 08:07:39] Meter 495: Generated 0.922 kWh (encrypted: 334451 bytes, 6.468 ms)
[2025-12-10 08:07:56] NETWORK INFO: Server authentication successful for node: aggregator-001
✓ Aggregator connected: aggregator-001 from 127.0.0.1
✓ Sent 334451 bytes to aggregator-001 (0.42ms)
Session completed with aggregator-001
[2025-12-10 08:07:59] Meter 495: Generated 4.152 kWh (encrypted: 334353 bytes, 6.479 ms)
[2025-12-10 08:08:19] Meter 495: Generated 2.386 kWh (encrypted: 334363 bytes, 4.749 ms)
[2025-12-10 08:08:39] Meter 495: Generated 6.699 kWh (encrypted: 334284 bytes, 4.891 ms)
[2025-12-10 08:08:59] Meter 495: Generated 5.965 kWh (encrypted: 334307 bytes, 4.773 ms)
[2025-12-10 08:09:01] NETWORK INFO: Server authentication successful for node: aggregator-001
✓ Aggregator connected: aggregator-001 from 127.0.0.1
✓ Sent 334307 bytes to aggregator-001 (1.03ms)
Session completed with aggregator-001
[2025-12-10 08:09:19] Meter 495: Generated 2.420 kWh (encrypted: 334378 bytes, 6.562 ms)
[2025-12-10 08:09:39] Meter 495: Generated 4.945 kWh (encrypted: 334389 bytes, 4.527 ms)
[2025-12-10 08:09:59] Meter 495: Generated 7.301 kWh (encrypted: 334328 bytes, 6.892 ms)
[2025-12-10 08:10:06] NETWORK INFO: Server authentication successful for node: aggregator-001
✓ Aggregator connected: aggregator-001 from 127.0.0.1
✓ Sent 334328 bytes to aggregator-001 (0.43ms)
Session completed with aggregator-001
[2025-12-10 08:10:19] Meter 495: Generated 0.743 kWh (encrypted: 334105 bytes, 4.957 ms)
[2025-12-10 08:10:39] Meter 495: Generated 5.045 kWh (encrypted: 334029 bytes, 5.257 ms)
[2025-12-10 08:10:59] Meter 495: Generated 4.249 kWh (encrypted: 334351 bytes, 6.639 ms)
[2025-12-10 08:11:12] NETWORK INFO: Server authentication successful for node: aggregator-001
✓ Aggregator connected: aggregator-001 from 127.0.0.1
✓ Sent 334351 bytes to aggregator-001 (0.39ms)
Session completed with aggregator-001
[2025-12-10 08:11:19] Meter 495: Generated 5.210 kWh (encrypted: 334353 bytes, 4.612 ms)
[2025-12-10 08:11:39] Meter 495: Generated 5.296 kWh (encrypted: 334462 bytes, 9.539 ms)
[2025-12-10 08:11:59] Meter 495: Generated 4.360 kWh (encrypted: 334141 bytes, 6.809 ms)
[2025-12-10 08:12:17] NETWORK INFO: Server authentication successful for node: aggregator-001
✓ Aggregator connected: aggregator-001 from 127.0.0.1
✓ Sent 334141 bytes to aggregator-001 (1.03ms)
Session completed with aggregator-001
[2025-12-10 08:12:19] Meter 495: Generated 7.170 kWh (encrypted: 334080 bytes, 6.468 ms)

Received shutdown signal. Gracefully shutting down smart meter...
Network server thread stopped
Data generation thread stopped
Smart meter 495 shutdown complete
