=== Continuous Smart Meter Server 283 ===
Initializing for continuous operation...
SEAL context initialized
Loaded certificate: smart-meter-283
Requesting public keys from KDC...
[2025-12-10 08:00:53] NETWORK ERROR: Failed to connect to 127.0.0.1:8444: Connection refused
Error: Failed to connect to KDC at 127.0.0.1:8444
Error: Failed to send key request to KDC
Failed to obtain keys from KDC, falling back to file keys
Loaded keys from fallback files
Cryptographic components initialized
[2025-12-10 08:00:53] NETWORK INFO: Server socket created and listening on port 9283
✓ Smart meter server ready on port 9283
Data transmission interval: 20 seconds (15x accelerated - simulates 5min)
✓ Performance metrics CSV files initialized in performance_data/
Starting continuous smart meter operation...
Press Ctrl+C to stop gracefully
Data generation thread started
Network server thread started on port 9283
[2025-12-10 08:01:13] Meter 283: Generated 3.507 kWh (encrypted: 334411 bytes, 5.194 ms)
[2025-12-10 08:01:31] NETWORK INFO: Server authentication successful for node: aggregator-001
✓ Aggregator connected: aggregator-001 from 127.0.0.1
✓ Sent 334411 bytes to aggregator-001 (0.76ms)
Session completed with aggregator-001
[2025-12-10 08:01:33] Meter 283: Generated 1.383 kWh (encrypted: 334459 bytes, 5.656 ms)
[2025-12-10 08:01:53] Meter 283: Generated 3.023 kWh (encrypted: 333988 bytes, 4.605 ms)
[2025-12-10 08:02:13] Meter 283: Generated 3.223 kWh (encrypted: 334460 bytes, 5.406 ms)
[2025-12-10 08:02:33] Meter 283: Generated 2.123 kWh (encrypted: 334193 bytes, 4.798 ms)
[2025-12-10 08:02:33] NETWORK INFO: Server authentication successful for node: aggregator-001
✓ Aggregator connected: aggregator-001 from 127.0.0.1
✓ Sent 334193 bytes to aggregator-001 (0.40ms)
Session completed with aggregator-001
[2025-12-10 08:02:53] Meter 283: Generated 5.542 kWh (encrypted: 334447 bytes, 6.270 ms)
[2025-12-10 08:03:13] Meter 283: Generated 5.718 kWh (encrypted: 334212 bytes, 4.949 ms)
[2025-12-10 08:03:33] Meter 283: Generated 5.889 kWh (encrypted: 334447 bytes, 9.752 ms)
[2025-12-10 08:03:36] NETWORK INFO: Server authentication successful for node: aggregator-001
✓ Aggregator connected: aggregator-001 from 127.0.0.1
✓ Sent 334447 bytes to aggregator-001 (15.51ms)
Session completed with aggregator-001
[2025-12-10 08:03:53] Meter 283: Generated 6.235 kWh (encrypted: 334126 bytes, 4.702 ms)
[2025-12-10 08:04:13] Meter 283: Generated 3.715 kWh (encrypted: 334388 bytes, 7.019 ms)
[2025-12-10 08:04:33] Meter 283: Generated 6.535 kWh (encrypted: 334442 bytes, 9.484 ms)
[2025-12-10 08:04:39] NETWORK INFO: Server authentication successful for node: aggregator-001
✓ Aggregator connected: aggregator-001 from 127.0.0.1
✓ Sent 334442 bytes to aggregator-001 (0.36ms)
Session completed with aggregator-001
[2025-12-10 08:04:53] Meter 283: Generated 4.169 kWh (encrypted: 334341 bytes, 6.002 ms)
[2025-12-10 08:05:13] Meter 283: Generated 1.195 kWh (encrypted: 334414 bytes, 4.511 ms)
[2025-12-10 08:05:33] Meter 283: Generated 2.570 kWh (encrypted: 334169 bytes, 4.565 ms)
[2025-12-10 08:05:44] NETWORK INFO: Server authentication successful for node: aggregator-001
✓ Aggregator connected: aggregator-001 from 127.0.0.1
✓ Sent 334169 bytes to aggregator-001 (0.40ms)
Session completed with aggregator-001
[2025-12-10 08:05:53] Meter 283: Generated 6.254 kWh (encrypted: 334462 bytes, 4.493 ms)
[2025-12-10 08:06:13] Meter 283: Generated 4.086 kWh (encrypted: 334424 bytes, 4.539 ms)
[2025-12-10 08:06:33] Meter 283: Generated 3.047 kWh (encrypted: 334161 bytes, 4.387 ms)
[2025-12-10 08:06:50] NETWORK INFO: Server authentication successful for node: aggregator-001
✓ Aggregator connected: aggregator-001 from 127.0.0.1
✓ Sent 334161 bytes to aggregator-001 (1.64ms)
Session completed with aggregator-001
[2025-12-10 08:06:53] Meter 283: Generated 7.409 kWh (encrypted: 334215 bytes, 4.356 ms)
[2025-12-10 08:07:13] Meter 283: Generated 2.158 kWh (encrypted: 334286 bytes, 4.813 ms)
[2025-12-10 08:07:33] Meter 283: Generated 2.003 kWh (encrypted: 334320 bytes, 6.648 ms)
[2025-12-10 08:07:53] Meter 283: Generated 5.602 kWh (encrypted: 334154 bytes, 6.012 ms)
[2025-12-10 08:07:55] NETWORK INFO: Server authentication successful for node: aggregator-001
✓ Aggregator connected: aggregator-001 from 127.0.0.1
✓ Sent 334154 bytes to aggregator-001 (0.39ms)
Session completed with aggregator-001
[2025-12-10 08:08:13] Meter 283: Generated 4.207 kWh (encrypted: 334428 bytes, 6.395 ms)
[2025-12-10 08:08:33] Meter 283: Generated 0.886 kWh (encrypted: 334131 bytes, 6.936 ms)
[2025-12-10 08:08:53] Meter 283: Generated 4.756 kWh (encrypted: 334453 bytes, 4.465 ms)
[2025-12-10 08:09:01] NETWORK INFO: Server authentication successful for node: aggregator-001
✓ Aggregator connected: aggregator-001 from 127.0.0.1
✓ Sent 334453 bytes to aggregator-001 (0.44ms)
Session completed with aggregator-001
[2025-12-10 08:09:13] Meter 283: Generated 1.513 kWh (encrypted: 334386 bytes, 6.655 ms)
[2025-12-10 08:09:33] Meter 283: Generated 6.476 kWh (encrypted: 334319 bytes, 4.885 ms)
[2025-12-10 08:09:53] Meter 283: Generated 2.599 kWh (encrypted: 334119 bytes, 4.409 ms)
[2025-12-10 08:10:06] NETWORK INFO: Server authentication successful for node: aggregator-001
✓ Aggregator connected: aggregator-001 from 127.0.0.1
✓ Sent 334119 bytes to aggregator-001 (7.28ms)
Session completed with aggregator-001
[2025-12-10 08:10:13] Meter 283: Generated 3.554 kWh (encrypted: 334296 bytes, 6.823 ms)
[2025-12-10 08:10:33] Meter 283: Generated 3.720 kWh (encrypted: 334241 bytes, 7.771 ms)
[2025-12-10 08:10:53] Meter 283: Generated 6.202 kWh (encrypted: 334176 bytes, 4.400 ms)
[2025-12-10 08:11:12] NETWORK INFO: Server authentication successful for node: aggregator-001
✓ Aggregator connected: aggregator-001 from 127.0.0.1
✓ Sent 334176 bytes to aggregator-001 (0.40ms)
Session completed with aggregator-001
[2025-12-10 08:11:13] Meter 283: Generated 5.414 kWh (encrypted: 334333 bytes, 8.231 ms)
[2025-12-10 08:11:33] Meter 283: Generated 4.410 kWh (encrypted: 334338 bytes, 4.441 ms)
[2025-12-10 08:11:53] Meter 283: Generated 3.929 kWh (encrypted: 334353 bytes, 4.424 ms)
[2025-12-10 08:12:13] Meter 283: Generated 2.227 kWh (encrypted: 334395 bytes, 5.760 ms)
[2025-12-10 08:12:17] NETWORK INFO: Server authentication successful for node: aggregator-001
✓ Aggregator connected: aggregator-001 from 127.0.0.1
✓ Sent 334395 bytes to aggregator-001 (1.01ms)
Session completed with aggregator-001
[2025-12-10 08:12:33] Meter 283: Generated 4.741 kWh (encrypted: 334340 bytes, 6.562 ms)

Received shutdown signal. Gracefully shutting down smart meter...
Network server thread stopped
Data generation thread stopped
Smart meter 283 shutdown complete
