=== Continuous Smart Meter Server 92 ===
Initializing for continuous operation...
SEAL context initialized
Loaded certificate: smart-meter-092
Requesting public keys from KDC...
[2025-12-10 07:56:58] NETWORK ERROR: Failed to connect to 127.0.0.1:8444: Connection refused
Error: Failed to connect to KDC at 127.0.0.1:8444
Error: Failed to send key request to KDC
Failed to obtain keys from KDC, falling back to file keys
Loaded keys from fallback files
Cryptographic components initialized
[2025-12-10 07:56:58] NETWORK INFO: Server socket created and listening on port 9092
✓ Smart meter server ready on port 9092
Data transmission interval: 20 seconds (15x accelerated - simulates 5min)
✓ Performance metrics CSV files initialized in performance_data/
Starting continuous smart meter operation...
Press Ctrl+C to stop gracefully
Data generation thread started
Network server thread started on port 9092
[2025-12-10 07:57:15] NETWORK INFO: Server authentication successful for node: aggregator-001
✓ Aggregator connected: aggregator-001 from 127.0.0.1
[2025-12-10 07:57:18] Meter 92: Generated 6.335 kWh (encrypted: 334414 bytes, 4.911 ms)
✓ Sent 334414 bytes to aggregator-001 (0.73ms)
Session completed with aggregator-001
[2025-12-10 07:57:38] Meter 92: Generated 4.801 kWh (encrypted: 334314 bytes, 4.517 ms)
[2025-12-10 07:57:58] Meter 92: Generated 1.990 kWh (encrypted: 334379 bytes, 5.042 ms)
[2025-12-10 07:58:18] Meter 92: Generated 3.078 kWh (encrypted: 334415 bytes, 4.438 ms)
[2025-12-10 07:58:25] NETWORK INFO: Server authentication successful for node: aggregator-001
✓ Aggregator connected: aggregator-001 from 127.0.0.1
✓ Sent 334415 bytes to aggregator-001 (1.98ms)
Session completed with aggregator-001
[2025-12-10 07:58:38] Meter 92: Generated 2.647 kWh (encrypted: 334260 bytes, 4.632 ms)
[2025-12-10 07:58:58] Meter 92: Generated 4.893 kWh (encrypted: 334459 bytes, 5.317 ms)
[2025-12-10 07:59:18] Meter 92: Generated 4.713 kWh (encrypted: 334438 bytes, 4.635 ms)
[2025-12-10 07:59:26] NETWORK INFO: Server authentication successful for node: aggregator-001
✓ Aggregator connected: aggregator-001 from 127.0.0.1
✓ Sent 334438 bytes to aggregator-001 (0.30ms)
Session completed with aggregator-001
[2025-12-10 07:59:38] Meter 92: Generated 1.373 kWh (encrypted: 334312 bytes, 4.518 ms)
[2025-12-10 07:59:58] Meter 92: Generated 7.502 kWh (encrypted: 334341 bytes, 4.646 ms)
[2025-12-10 08:00:18] Meter 92: Generated 3.591 kWh (encrypted: 334289 bytes, 6.616 ms)
[2025-12-10 08:00:28] NETWORK INFO: Server authentication successful for node: aggregator-001
✓ Aggregator connected: aggregator-001 from 127.0.0.1
✓ Sent 334289 bytes to aggregator-001 (0.40ms)
Session completed with aggregator-001
[2025-12-10 08:00:38] Meter 92: Generated 5.714 kWh (encrypted: 334282 bytes, 4.885 ms)
[2025-12-10 08:00:58] Meter 92: Generated 4.078 kWh (encrypted: 334230 bytes, 6.135 ms)
[2025-12-10 08:01:18] Meter 92: Generated 3.172 kWh (encrypted: 334338 bytes, 6.384 ms)
[2025-12-10 08:01:31] NETWORK INFO: Server authentication successful for node: aggregator-001
✓ Aggregator connected: aggregator-001 from 127.0.0.1
✓ Sent 334338 bytes to aggregator-001 (0.37ms)
Session completed with aggregator-001
[2025-12-10 08:01:38] Meter 92: Generated 0.972 kWh (encrypted: 334231 bytes, 5.070 ms)
[2025-12-10 08:01:58] Meter 92: Generated 4.703 kWh (encrypted: 334367 bytes, 5.395 ms)
[2025-12-10 08:02:18] Meter 92: Generated 6.118 kWh (encrypted: 334317 bytes, 4.729 ms)
[2025-12-10 08:02:33] NETWORK INFO: Server authentication successful for node: aggregator-001
✓ Aggregator connected: aggregator-001 from 127.0.0.1
✓ Sent 334317 bytes to aggregator-001 (0.42ms)
Session completed with aggregator-001
[2025-12-10 08:02:38] Meter 92: Generated 7.387 kWh (encrypted: 334361 bytes, 4.936 ms)
[2025-12-10 08:02:58] Meter 92: Generated 3.179 kWh (encrypted: 333944 bytes, 4.708 ms)
[2025-12-10 08:03:18] Meter 92: Generated 4.137 kWh (encrypted: 334097 bytes, 4.811 ms)
[2025-12-10 08:03:36] NETWORK INFO: Server authentication successful for node: aggregator-001
✓ Aggregator connected: aggregator-001 from 127.0.0.1
✓ Sent 334097 bytes to aggregator-001 (0.41ms)
Session completed with aggregator-001
[2025-12-10 08:03:38] Meter 92: Generated 2.761 kWh (encrypted: 334342 bytes, 4.830 ms)
[2025-12-10 08:03:58] Meter 92: Generated 2.298 kWh (encrypted: 334020 bytes, 4.785 ms)
[2025-12-10 08:04:18] Meter 92: Generated 1.120 kWh (encrypted: 334204 bytes, 4.590 ms)
[2025-12-10 08:04:38] Meter 92: Generated 3.887 kWh (encrypted: 334318 bytes, 6.339 ms)
[2025-12-10 08:04:39] NETWORK INFO: Server authentication successful for node: aggregator-001
✓ Aggregator connected: aggregator-001 from 127.0.0.1
✓ Sent 334318 bytes to aggregator-001 (0.36ms)
Session completed with aggregator-001
[2025-12-10 08:04:58] Meter 92: Generated 6.473 kWh (encrypted: 334403 bytes, 4.410 ms)
[2025-12-10 08:05:18] Meter 92: Generated 5.272 kWh (encrypted: 334402 bytes, 4.599 ms)
[2025-12-10 08:05:38] Meter 92: Generated 0.871 kWh (encrypted: 334465 bytes, 4.731 ms)
[2025-12-10 08:05:44] NETWORK INFO: Server authentication successful for node: aggregator-001
✓ Aggregator connected: aggregator-001 from 127.0.0.1
✓ Sent 334465 bytes to aggregator-001 (23.47ms)
Session completed with aggregator-001
[2025-12-10 08:05:58] Meter 92: Generated 6.956 kWh (encrypted: 334305 bytes, 4.640 ms)
[2025-12-10 08:06:18] Meter 92: Generated 5.387 kWh (encrypted: 334355 bytes, 6.411 ms)
[2025-12-10 08:06:38] Meter 92: Generated 6.502 kWh (encrypted: 334414 bytes, 4.582 ms)
[2025-12-10 08:06:50] NETWORK INFO: Server authentication successful for node: aggregator-001
✓ Aggregator connected: aggregator-001 from 127.0.0.1
✓ Sent 334414 bytes to aggregator-001 (28.59ms)
Session completed with aggregator-001
[2025-12-10 08:06:58] Meter 92: Generated 4.972 kWh (encrypted: 334437 bytes, 6.511 ms)
[2025-12-10 08:07:18] Meter 92: Generated 6.313 kWh (encrypted: 334338 bytes, 4.965 ms)
[2025-12-10 08:07:38] Meter 92: Generated 3.995 kWh (encrypted: 334148 bytes, 6.651 ms)
[2025-12-10 08:07:55] NETWORK INFO: Server authentication successful for node: aggregator-001
✓ Aggregator connected: aggregator-001 from 127.0.0.1
✓ Sent 334148 bytes to aggregator-001 (0.41ms)
Session completed with aggregator-001
[2025-12-10 08:07:58] Meter 92: Generated 1.111 kWh (encrypted: 333393 bytes, 4.811 ms)
[2025-12-10 08:08:18] Meter 92: Generated 6.680 kWh (encrypted: 334401 bytes, 6.604 ms)
[2025-12-10 08:08:38] Meter 92: Generated 1.314 kWh (encrypted: 334283 bytes, 4.677 ms)
[2025-12-10 08:08:58] Meter 92: Generated 2.225 kWh (encrypted: 333935 bytes, 6.465 ms)
[2025-12-10 08:09:01] NETWORK INFO: Server authentication successful for node: aggregator-001
✓ Aggregator connected: aggregator-001 from 127.0.0.1
✓ Sent 333935 bytes to aggregator-001 (0.36ms)
Session completed with aggregator-001
[2025-12-10 08:09:18] Meter 92: Generated 4.749 kWh (encrypted: 334428 bytes, 4.635 ms)
[2025-12-10 08:09:38] Meter 92: Generated 4.088 kWh (encrypted: 334248 bytes, 4.748 ms)
[2025-12-10 08:09:58] Meter 92: Generated 3.254 kWh (encrypted: 334335 bytes, 4.906 ms)
[2025-12-10 08:10:06] NETWORK INFO: Server authentication successful for node: aggregator-001
✓ Aggregator connected: aggregator-001 from 127.0.0.1
✓ Sent 334335 bytes to aggregator-001 (0.38ms)
Session completed with aggregator-001
[2025-12-10 08:10:18] Meter 92: Generated 3.163 kWh (encrypted: 334187 bytes, 5.074 ms)
[2025-12-10 08:10:38] Meter 92: Generated 4.109 kWh (encrypted: 334351 bytes, 4.961 ms)
[2025-12-10 08:10:58] Meter 92: Generated 6.386 kWh (encrypted: 334221 bytes, 6.664 ms)
[2025-12-10 08:11:12] NETWORK INFO: Server authentication successful for node: aggregator-001
✓ Aggregator connected: aggregator-001 from 127.0.0.1
✓ Sent 334221 bytes to aggregator-001 (3.99ms)
Session completed with aggregator-001
[2025-12-10 08:11:18] Meter 92: Generated 5.673 kWh (encrypted: 334156 bytes, 5.503 ms)
[2025-12-10 08:11:38] Meter 92: Generated 2.293 kWh (encrypted: 334123 bytes, 4.776 ms)
[2025-12-10 08:11:58] Meter 92: Generated 5.840 kWh (encrypted: 334288 bytes, 4.963 ms)
[2025-12-10 08:12:17] NETWORK INFO: Server authentication successful for node: aggregator-001
✓ Aggregator connected: aggregator-001 from 127.0.0.1
✓ Sent 334288 bytes to aggregator-001 (3.65ms)
Session completed with aggregator-001
[2025-12-10 08:12:18] Meter 92: Generated 1.796 kWh (encrypted: 334123 bytes, 7.074 ms)

Received shutdown signal. Gracefully shutting down smart meter...
Network server thread stopped
Data generation thread stopped
Smart meter 92 shutdown complete
