=== Continuous Smart Meter Server 78 ===
Initializing for continuous operation...
SEAL context initialized
Loaded certificate: smart-meter-078
Requesting public keys from KDC...
[2025-12-10 07:56:41] NETWORK ERROR: Failed to connect to 127.0.0.1:8444: Connection refused
Error: Failed to connect to KDC at 127.0.0.1:8444
Error: Failed to send key request to KDC
Failed to obtain keys from KDC, falling back to file keys
Loaded keys from fallback files
Cryptographic components initialized
[2025-12-10 07:56:41] NETWORK INFO: Server socket created and listening on port 9078
✓ Smart meter server ready on port 9078
Data transmission interval: 20 seconds (15x accelerated - simulates 5min)
✓ Performance metrics CSV files initialized in performance_data/
Starting continuous smart meter operation...
Press Ctrl+C to stop gracefully
Data generation thread started
Network server thread started on port 9078
[2025-12-10 07:57:01] Meter 78: Generated 3.035 kWh (encrypted: 334452 bytes, 4.853 ms)
[2025-12-10 07:57:15] NETWORK INFO: Server authentication successful for node: aggregator-001
✓ Aggregator connected: aggregator-001 from 127.0.0.1
✓ Sent 334452 bytes to aggregator-001 (0.74ms)
Session completed with aggregator-001
[2025-12-10 07:57:21] Meter 78: Generated 3.716 kWh (encrypted: 334364 bytes, 4.300 ms)
[2025-12-10 07:57:41] Meter 78: Generated 5.615 kWh (encrypted: 334011 bytes, 4.285 ms)
[2025-12-10 07:58:01] Meter 78: Generated 3.429 kWh (encrypted: 334100 bytes, 4.463 ms)
[2025-12-10 07:58:21] Meter 78: Generated 4.310 kWh (encrypted: 334413 bytes, 4.451 ms)
[2025-12-10 07:58:25] NETWORK INFO: Server authentication successful for node: aggregator-001
✓ Aggregator connected: aggregator-001 from 127.0.0.1
✓ Sent 334413 bytes to aggregator-001 (0.77ms)
Session completed with aggregator-001
[2025-12-10 07:58:41] Meter 78: Generated 2.378 kWh (encrypted: 334106 bytes, 4.442 ms)
[2025-12-10 07:59:01] Meter 78: Generated 6.153 kWh (encrypted: 334161 bytes, 6.505 ms)
[2025-12-10 07:59:21] Meter 78: Generated 3.485 kWh (encrypted: 334212 bytes, 4.647 ms)
[2025-12-10 07:59:26] NETWORK INFO: Server authentication successful for node: aggregator-001
✓ Aggregator connected: aggregator-001 from 127.0.0.1
✓ Sent 334212 bytes to aggregator-001 (0.38ms)
Session completed with aggregator-001
[2025-12-10 07:59:41] Meter 78: Generated 6.320 kWh (encrypted: 334026 bytes, 5.489 ms)
[2025-12-10 08:00:01] Meter 78: Generated 5.690 kWh (encrypted: 334159 bytes, 4.831 ms)
[2025-12-10 08:00:21] Meter 78: Generated 5.651 kWh (encrypted: 334350 bytes, 4.850 ms)
[2025-12-10 08:00:28] NETWORK INFO: Server authentication successful for node: aggregator-001
✓ Aggregator connected: aggregator-001 from 127.0.0.1
✓ Sent 334350 bytes to aggregator-001 (1.26ms)
Session completed with aggregator-001
[2025-12-10 08:00:41] Meter 78: Generated 2.583 kWh (encrypted: 334107 bytes, 4.789 ms)
[2025-12-10 08:01:01] Meter 78: Generated 7.192 kWh (encrypted: 333342 bytes, 7.421 ms)
[2025-12-10 08:01:21] Meter 78: Generated 6.583 kWh (encrypted: 334195 bytes, 4.674 ms)
[2025-12-10 08:01:31] NETWORK INFO: Server authentication successful for node: aggregator-001
✓ Aggregator connected: aggregator-001 from 127.0.0.1
✓ Sent 334195 bytes to aggregator-001 (0.39ms)
Session completed with aggregator-001
[2025-12-10 08:01:41] Meter 78: Generated 1.450 kWh (encrypted: 334362 bytes, 4.479 ms)
[2025-12-10 08:02:01] Meter 78: Generated 4.711 kWh (encrypted: 334246 bytes, 6.350 ms)
[2025-12-10 08:02:21] Meter 78: Generated 6.154 kWh (encrypted: 334397 bytes, 7.536 ms)
[2025-12-10 08:02:33] NETWORK INFO: Server authentication successful for node: aggregator-001
✓ Aggregator connected: aggregator-001 from 127.0.0.1
✓ Sent 334397 bytes to aggregator-001 (0.39ms)
Session completed with aggregator-001
[2025-12-10 08:02:41] Meter 78: Generated 5.433 kWh (encrypted: 334052 bytes, 4.632 ms)
[2025-12-10 08:03:01] Meter 78: Generated 2.525 kWh (encrypted: 334086 bytes, 4.685 ms)
[2025-12-10 08:03:21] Meter 78: Generated 6.009 kWh (encrypted: 334416 bytes, 6.609 ms)
[2025-12-10 08:03:36] NETWORK INFO: Server authentication successful for node: aggregator-001
✓ Aggregator connected: aggregator-001 from 127.0.0.1
✓ Sent 334416 bytes to aggregator-001 (0.38ms)
Session completed with aggregator-001
[2025-12-10 08:03:41] Meter 78: Generated 2.445 kWh (encrypted: 334358 bytes, 4.637 ms)
[2025-12-10 08:04:01] Meter 78: Generated 2.711 kWh (encrypted: 334309 bytes, 4.644 ms)
[2025-12-10 08:04:21] Meter 78: Generated 2.607 kWh (encrypted: 334203 bytes, 4.665 ms)
[2025-12-10 08:04:39] NETWORK INFO: Server authentication successful for node: aggregator-001
✓ Aggregator connected: aggregator-001 from 127.0.0.1
✓ Sent 334203 bytes to aggregator-001 (0.36ms)
Session completed with aggregator-001
[2025-12-10 08:04:41] Meter 78: Generated 6.081 kWh (encrypted: 334324 bytes, 6.755 ms)
[2025-12-10 08:05:01] Meter 78: Generated 5.781 kWh (encrypted: 334439 bytes, 4.883 ms)
[2025-12-10 08:05:21] Meter 78: Generated 7.560 kWh (encrypted: 334331 bytes, 6.174 ms)
[2025-12-10 08:05:41] Meter 78: Generated 5.229 kWh (encrypted: 334403 bytes, 4.572 ms)
[2025-12-10 08:05:44] NETWORK INFO: Server authentication successful for node: aggregator-001
✓ Aggregator connected: aggregator-001 from 127.0.0.1
✓ Sent 334403 bytes to aggregator-001 (9.11ms)
Session completed with aggregator-001
[2025-12-10 08:06:01] Meter 78: Generated 6.300 kWh (encrypted: 334532 bytes, 7.581 ms)
[2025-12-10 08:06:21] Meter 78: Generated 3.850 kWh (encrypted: 334167 bytes, 6.492 ms)
[2025-12-10 08:06:41] Meter 78: Generated 2.623 kWh (encrypted: 334052 bytes, 5.591 ms)
[2025-12-10 08:06:50] NETWORK INFO: Server authentication successful for node: aggregator-001
✓ Aggregator connected: aggregator-001 from 127.0.0.1
✓ Sent 334052 bytes to aggregator-001 (0.38ms)
Session completed with aggregator-001
[2025-12-10 08:07:01] Meter 78: Generated 3.831 kWh (encrypted: 334286 bytes, 6.483 ms)
[2025-12-10 08:07:21] Meter 78: Generated 4.599 kWh (encrypted: 334486 bytes, 7.126 ms)
[2025-12-10 08:07:41] Meter 78: Generated 2.936 kWh (encrypted: 334294 bytes, 5.467 ms)
[2025-12-10 08:07:55] NETWORK INFO: Server authentication successful for node: aggregator-001
✓ Aggregator connected: aggregator-001 from 127.0.0.1
✓ Sent 334294 bytes to aggregator-001 (14.59ms)
Session completed with aggregator-001
[2025-12-10 08:08:01] Meter 78: Generated 5.375 kWh (encrypted: 334405 bytes, 6.108 ms)
[2025-12-10 08:08:21] Meter 78: Generated 3.782 kWh (encrypted: 334296 bytes, 13.015 ms)
[2025-12-10 08:08:41] Meter 78: Generated 7.309 kWh (encrypted: 334359 bytes, 6.861 ms)
[2025-12-10 08:09:01] NETWORK INFO: Server authentication successful for node: aggregator-001
✓ Aggregator connected: aggregator-001 from 127.0.0.1
✓ Sent 334359 bytes to aggregator-001 (0.39ms)
Session completed with aggregator-001
[2025-12-10 08:09:01] Meter 78: Generated 3.665 kWh (encrypted: 334161 bytes, 4.798 ms)
[2025-12-10 08:09:21] Meter 78: Generated 4.349 kWh (encrypted: 334476 bytes, 11.648 ms)
[2025-12-10 08:09:41] Meter 78: Generated 5.434 kWh (encrypted: 334473 bytes, 7.141 ms)
[2025-12-10 08:10:01] Meter 78: Generated 5.315 kWh (encrypted: 333812 bytes, 7.197 ms)
[2025-12-10 08:10:06] NETWORK INFO: Server authentication successful for node: aggregator-001
✓ Aggregator connected: aggregator-001 from 127.0.0.1
✓ Sent 333812 bytes to aggregator-001 (0.40ms)
Session completed with aggregator-001
[2025-12-10 08:10:21] Meter 78: Generated 1.454 kWh (encrypted: 334225 bytes, 6.447 ms)
[2025-12-10 08:10:41] Meter 78: Generated 4.185 kWh (encrypted: 334106 bytes, 6.920 ms)
[2025-12-10 08:11:01] Meter 78: Generated 5.465 kWh (encrypted: 334329 bytes, 7.006 ms)
[2025-12-10 08:11:12] NETWORK INFO: Server authentication successful for node: aggregator-001
✓ Aggregator connected: aggregator-001 from 127.0.0.1
✓ Sent 334329 bytes to aggregator-001 (0.36ms)
Session completed with aggregator-001
[2025-12-10 08:11:21] Meter 78: Generated 1.250 kWh (encrypted: 334169 bytes, 6.393 ms)
[2025-12-10 08:11:41] Meter 78: Generated 7.114 kWh (encrypted: 334391 bytes, 5.862 ms)
[2025-12-10 08:12:01] Meter 78: Generated 5.001 kWh (encrypted: 334398 bytes, 13.200 ms)
[2025-12-10 08:12:17] NETWORK INFO: Server authentication successful for node: aggregator-001
✓ Aggregator connected: aggregator-001 from 127.0.0.1
✓ Sent 334398 bytes to aggregator-001 (0.42ms)
Session completed with aggregator-001
[2025-12-10 08:12:21] Meter 78: Generated 2.377 kWh (encrypted: 334319 bytes, 9.504 ms)

Received shutdown signal. Gracefully shutting down smart meter...
Network server thread stopped
Data generation thread stopped
Smart meter 78 shutdown complete
