=== Continuous Smart Meter Server 258 ===
Initializing for continuous operation...
SEAL context initialized
Loaded certificate: smart-meter-258
Requesting public keys from KDC...
[2025-12-10 08:00:22] NETWORK ERROR: Failed to connect to 127.0.0.1:8444: Connection refused
Error: Failed to connect to KDC at 127.0.0.1:8444
Error: Failed to send key request to KDC
Failed to obtain keys from KDC, falling back to file keys
Loaded keys from fallback files
Cryptographic components initialized
[2025-12-10 08:00:22] NETWORK INFO: Server socket created and listening on port 9258
✓ Smart meter server ready on port 9258
Data transmission interval: 20 seconds (15x accelerated - simulates 5min)
✓ Performance metrics CSV files initialized in performance_data/
Starting continuous smart meter operation...
Press Ctrl+C to stop gracefully
Data generation thread started
Network server thread started on port 9258
[2025-12-10 08:00:28] NETWORK INFO: Server authentication successful for node: aggregator-001
✓ Aggregator connected: aggregator-001 from 127.0.0.1
[2025-12-10 08:00:42] Meter 258: Generated 0.801 kWh (encrypted: 334213 bytes, 6.936 ms)
✓ Sent 334213 bytes to aggregator-001 (0.72ms)
Session completed with aggregator-001
[2025-12-10 08:01:02] Meter 258: Generated 7.070 kWh (encrypted: 334204 bytes, 4.608 ms)
[2025-12-10 08:01:22] Meter 258: Generated 6.799 kWh (encrypted: 334519 bytes, 4.601 ms)
[2025-12-10 08:01:31] NETWORK INFO: Server authentication successful for node: aggregator-001
✓ Aggregator connected: aggregator-001 from 127.0.0.1
✓ Sent 334519 bytes to aggregator-001 (3.75ms)
Session completed with aggregator-001
[2025-12-10 08:01:42] Meter 258: Generated 5.290 kWh (encrypted: 334350 bytes, 4.985 ms)
[2025-12-10 08:02:02] Meter 258: Generated 7.148 kWh (encrypted: 334289 bytes, 4.580 ms)
[2025-12-10 08:02:22] Meter 258: Generated 4.217 kWh (encrypted: 334114 bytes, 5.236 ms)
[2025-12-10 08:02:33] NETWORK INFO: Server authentication successful for node: aggregator-001
✓ Aggregator connected: aggregator-001 from 127.0.0.1
✓ Sent 334114 bytes to aggregator-001 (2.77ms)
Session completed with aggregator-001
[2025-12-10 08:02:42] Meter 258: Generated 4.199 kWh (encrypted: 334443 bytes, 4.683 ms)
[2025-12-10 08:03:02] Meter 258: Generated 5.663 kWh (encrypted: 334101 bytes, 4.590 ms)
[2025-12-10 08:03:22] Meter 258: Generated 6.668 kWh (encrypted: 334222 bytes, 4.417 ms)
[2025-12-10 08:03:36] NETWORK INFO: Server authentication successful for node: aggregator-001
✓ Aggregator connected: aggregator-001 from 127.0.0.1
✓ Sent 334222 bytes to aggregator-001 (2.58ms)
Session completed with aggregator-001
[2025-12-10 08:03:42] Meter 258: Generated 1.224 kWh (encrypted: 334156 bytes, 6.286 ms)
[2025-12-10 08:04:02] Meter 258: Generated 7.179 kWh (encrypted: 334171 bytes, 4.532 ms)
[2025-12-10 08:04:22] Meter 258: Generated 6.126 kWh (encrypted: 334329 bytes, 4.773 ms)
[2025-12-10 08:04:39] NETWORK INFO: Server authentication successful for node: aggregator-001
✓ Aggregator connected: aggregator-001 from 127.0.0.1
✓ Sent 334329 bytes to aggregator-001 (0.43ms)
Session completed with aggregator-001
[2025-12-10 08:04:42] Meter 258: Generated 6.037 kWh (encrypted: 334095 bytes, 6.321 ms)
[2025-12-10 08:05:02] Meter 258: Generated 3.805 kWh (encrypted: 334439 bytes, 4.555 ms)
[2025-12-10 08:05:22] Meter 258: Generated 5.690 kWh (encrypted: 334053 bytes, 4.670 ms)
[2025-12-10 08:05:42] Meter 258: Generated 2.440 kWh (encrypted: 334450 bytes, 4.584 ms)
[2025-12-10 08:05:44] NETWORK INFO: Server authentication successful for node: aggregator-001
✓ Aggregator connected: aggregator-001 from 127.0.0.1
✓ Sent 334450 bytes to aggregator-001 (0.36ms)
Session completed with aggregator-001
[2025-12-10 08:06:02] Meter 258: Generated 2.602 kWh (encrypted: 334274 bytes, 4.667 ms)
[2025-12-10 08:06:22] Meter 258: Generated 5.963 kWh (encrypted: 334377 bytes, 6.503 ms)
[2025-12-10 08:06:42] Meter 258: Generated 6.075 kWh (encrypted: 334145 bytes, 4.511 ms)
[2025-12-10 08:06:50] NETWORK INFO: Server authentication successful for node: aggregator-001
✓ Aggregator connected: aggregator-001 from 127.0.0.1
✓ Sent 334145 bytes to aggregator-001 (0.39ms)
Session completed with aggregator-001
[2025-12-10 08:07:02] Meter 258: Generated 0.921 kWh (encrypted: 334446 bytes, 4.609 ms)
[2025-12-10 08:07:22] Meter 258: Generated 6.616 kWh (encrypted: 334348 bytes, 6.495 ms)
[2025-12-10 08:07:42] Meter 258: Generated 5.700 kWh (encrypted: 334489 bytes, 4.545 ms)
[2025-12-10 08:07:56] NETWORK INFO: Server authentication successful for node: aggregator-001
✓ Aggregator connected: aggregator-001 from 127.0.0.1
✓ Sent 334489 bytes to aggregator-001 (0.41ms)
Session completed with aggregator-001
[2025-12-10 08:08:02] Meter 258: Generated 3.724 kWh (encrypted: 334083 bytes, 4.578 ms)
[2025-12-10 08:08:22] Meter 258: Generated 3.156 kWh (encrypted: 334180 bytes, 6.558 ms)
[2025-12-10 08:08:42] Meter 258: Generated 4.678 kWh (encrypted: 334402 bytes, 6.658 ms)
[2025-12-10 08:09:01] NETWORK INFO: Server authentication successful for node: aggregator-001
✓ Aggregator connected: aggregator-001 from 127.0.0.1
✓ Sent 334402 bytes to aggregator-001 (0.35ms)
Session completed with aggregator-001
[2025-12-10 08:09:02] Meter 258: Generated 5.148 kWh (encrypted: 334443 bytes, 7.397 ms)
[2025-12-10 08:09:22] Meter 258: Generated 2.056 kWh (encrypted: 334382 bytes, 5.920 ms)
[2025-12-10 08:09:42] Meter 258: Generated 3.021 kWh (encrypted: 334394 bytes, 4.407 ms)
[2025-12-10 08:10:02] Meter 258: Generated 3.221 kWh (encrypted: 334472 bytes, 6.588 ms)
[2025-12-10 08:10:06] NETWORK INFO: Server authentication successful for node: aggregator-001
✓ Aggregator connected: aggregator-001 from 127.0.0.1
✓ Sent 334472 bytes to aggregator-001 (118.18ms)
Session completed with aggregator-001
[2025-12-10 08:10:22] Meter 258: Generated 1.887 kWh (encrypted: 334118 bytes, 9.145 ms)
[2025-12-10 08:10:42] Meter 258: Generated 4.506 kWh (encrypted: 334337 bytes, 4.313 ms)
[2025-12-10 08:11:02] Meter 258: Generated 1.997 kWh (encrypted: 334464 bytes, 6.366 ms)
[2025-12-10 08:11:12] NETWORK INFO: Server authentication successful for node: aggregator-001
✓ Aggregator connected: aggregator-001 from 127.0.0.1
✓ Sent 334464 bytes to aggregator-001 (0.37ms)
Session completed with aggregator-001
[2025-12-10 08:11:22] Meter 258: Generated 5.514 kWh (encrypted: 334151 bytes, 4.670 ms)
[2025-12-10 08:11:42] Meter 258: Generated 7.435 kWh (encrypted: 334409 bytes, 4.365 ms)
[2025-12-10 08:12:02] Meter 258: Generated 0.686 kWh (encrypted: 333271 bytes, 6.410 ms)
[2025-12-10 08:12:17] NETWORK INFO: Server authentication successful for node: aggregator-001
✓ Aggregator connected: aggregator-001 from 127.0.0.1
✓ Sent 333271 bytes to aggregator-001 (8.54ms)
Session completed with aggregator-001
[2025-12-10 08:12:22] Meter 258: Generated 1.342 kWh (encrypted: 334046 bytes, 7.320 ms)

Received shutdown signal. Gracefully shutting down smart meter...
Network server thread stopped
Data generation thread stopped
Smart meter 258 shutdown complete
