=== Continuous Smart Meter Server 145 ===
Initializing for continuous operation...
SEAL context initialized
Loaded certificate: smart-meter-145
Requesting public keys from KDC...
[2025-12-10 07:58:03] NETWORK ERROR: Failed to connect to 127.0.0.1:8444: Connection refused
Error: Failed to connect to KDC at 127.0.0.1:8444
Error: Failed to send key request to KDC
Failed to obtain keys from KDC, falling back to file keys
Loaded keys from fallback files
Cryptographic components initialized
[2025-12-10 07:58:03] NETWORK INFO: Server socket created and listening on port 9145
✓ Smart meter server ready on port 9145
Data transmission interval: 20 seconds (15x accelerated - simulates 5min)
✓ Performance metrics CSV files initialized in performance_data/
Starting continuous smart meter operation...
Press Ctrl+C to stop gracefully
Data generation thread started
Network server thread started on port 9145
[2025-12-10 07:58:23] Meter 145: Generated 5.602 kWh (encrypted: 334417 bytes, 5.251 ms)
[2025-12-10 07:58:25] NETWORK INFO: Server authentication successful for node: aggregator-001
✓ Aggregator connected: aggregator-001 from 127.0.0.1
✓ Sent 334417 bytes to aggregator-001 (2.42ms)
Session completed with aggregator-001
[2025-12-10 07:58:43] Meter 145: Generated 4.338 kWh (encrypted: 334473 bytes, 4.948 ms)
[2025-12-10 07:59:03] Meter 145: Generated 7.095 kWh (encrypted: 334371 bytes, 6.794 ms)
[2025-12-10 07:59:23] Meter 145: Generated 3.965 kWh (encrypted: 334198 bytes, 6.380 ms)
[2025-12-10 07:59:26] NETWORK INFO: Server authentication successful for node: aggregator-001
✓ Aggregator connected: aggregator-001 from 127.0.0.1
✓ Sent 334198 bytes to aggregator-001 (0.38ms)
Session completed with aggregator-001
[2025-12-10 07:59:43] Meter 145: Generated 1.621 kWh (encrypted: 334417 bytes, 5.604 ms)
[2025-12-10 08:00:03] Meter 145: Generated 1.719 kWh (encrypted: 334353 bytes, 5.939 ms)
[2025-12-10 08:00:23] Meter 145: Generated 6.100 kWh (encrypted: 333317 bytes, 5.976 ms)
[2025-12-10 08:00:28] NETWORK INFO: Server authentication successful for node: aggregator-001
✓ Aggregator connected: aggregator-001 from 127.0.0.1
✓ Sent 333317 bytes to aggregator-001 (0.35ms)
Session completed with aggregator-001
[2025-12-10 08:00:43] Meter 145: Generated 6.580 kWh (encrypted: 334316 bytes, 6.437 ms)
[2025-12-10 08:01:03] Meter 145: Generated 4.798 kWh (encrypted: 334085 bytes, 5.683 ms)
[2025-12-10 08:01:23] Meter 145: Generated 3.192 kWh (encrypted: 333992 bytes, 6.278 ms)
[2025-12-10 08:01:31] NETWORK INFO: Server authentication successful for node: aggregator-001
✓ Aggregator connected: aggregator-001 from 127.0.0.1
✓ Sent 333992 bytes to aggregator-001 (0.38ms)
Session completed with aggregator-001
[2025-12-10 08:01:43] Meter 145: Generated 4.336 kWh (encrypted: 334308 bytes, 5.011 ms)
[2025-12-10 08:02:03] Meter 145: Generated 4.553 kWh (encrypted: 334445 bytes, 5.763 ms)
[2025-12-10 08:02:23] Meter 145: Generated 6.157 kWh (encrypted: 334470 bytes, 6.206 ms)
[2025-12-10 08:02:33] NETWORK INFO: Server authentication successful for node: aggregator-001
✓ Aggregator connected: aggregator-001 from 127.0.0.1
✓ Sent 334470 bytes to aggregator-001 (0.36ms)
Session completed with aggregator-001
[2025-12-10 08:02:43] Meter 145: Generated 7.202 kWh (encrypted: 334134 bytes, 4.713 ms)
[2025-12-10 08:03:03] Meter 145: Generated 5.977 kWh (encrypted: 334409 bytes, 8.859 ms)
[2025-12-10 08:03:23] Meter 145: Generated 2.058 kWh (encrypted: 334285 bytes, 6.428 ms)
[2025-12-10 08:03:36] NETWORK INFO: Server authentication successful for node: aggregator-001
✓ Aggregator connected: aggregator-001 from 127.0.0.1
✓ Sent 334285 bytes to aggregator-001 (0.40ms)
Session completed with aggregator-001
[2025-12-10 08:03:43] Meter 145: Generated 2.703 kWh (encrypted: 334415 bytes, 6.522 ms)
[2025-12-10 08:04:03] Meter 145: Generated 6.018 kWh (encrypted: 334166 bytes, 5.206 ms)
[2025-12-10 08:04:23] Meter 145: Generated 3.386 kWh (encrypted: 334421 bytes, 4.670 ms)
[2025-12-10 08:04:39] NETWORK INFO: Server authentication successful for node: aggregator-001
✓ Aggregator connected: aggregator-001 from 127.0.0.1
✓ Sent 334421 bytes to aggregator-001 (0.38ms)
Session completed with aggregator-001
[2025-12-10 08:04:43] Meter 145: Generated 6.773 kWh (encrypted: 334447 bytes, 5.770 ms)
[2025-12-10 08:05:03] Meter 145: Generated 2.551 kWh (encrypted: 334430 bytes, 4.421 ms)
[2025-12-10 08:05:23] Meter 145: Generated 5.594 kWh (encrypted: 334142 bytes, 4.874 ms)
[2025-12-10 08:05:43] Meter 145: Generated 6.533 kWh (encrypted: 334113 bytes, 4.540 ms)
[2025-12-10 08:05:44] NETWORK INFO: Server authentication successful for node: aggregator-001
✓ Aggregator connected: aggregator-001 from 127.0.0.1
✓ Sent 334113 bytes to aggregator-001 (0.33ms)
Session completed with aggregator-001
[2025-12-10 08:06:03] Meter 145: Generated 4.051 kWh (encrypted: 334400 bytes, 7.071 ms)
[2025-12-10 08:06:23] Meter 145: Generated 4.451 kWh (encrypted: 334346 bytes, 10.065 ms)
[2025-12-10 08:06:43] Meter 145: Generated 3.118 kWh (encrypted: 334398 bytes, 6.265 ms)
[2025-12-10 08:06:50] NETWORK INFO: Server authentication successful for node: aggregator-001
✓ Aggregator connected: aggregator-001 from 127.0.0.1
✓ Sent 334398 bytes to aggregator-001 (0.37ms)
Session completed with aggregator-001
[2025-12-10 08:07:03] Meter 145: Generated 0.971 kWh (encrypted: 334385 bytes, 6.944 ms)
[2025-12-10 08:07:23] Meter 145: Generated 5.890 kWh (encrypted: 334238 bytes, 6.459 ms)
[2025-12-10 08:07:43] Meter 145: Generated 7.167 kWh (encrypted: 334358 bytes, 5.960 ms)
[2025-12-10 08:07:56] NETWORK INFO: Server authentication successful for node: aggregator-001
✓ Aggregator connected: aggregator-001 from 127.0.0.1
✓ Sent 334358 bytes to aggregator-001 (6.41ms)
Session completed with aggregator-001
[2025-12-10 08:08:03] Meter 145: Generated 7.163 kWh (encrypted: 334411 bytes, 4.758 ms)
[2025-12-10 08:08:23] Meter 145: Generated 4.392 kWh (encrypted: 334432 bytes, 6.506 ms)
[2025-12-10 08:08:43] Meter 145: Generated 6.650 kWh (encrypted: 334455 bytes, 4.602 ms)
[2025-12-10 08:09:01] NETWORK INFO: Server authentication successful for node: aggregator-001
✓ Aggregator connected: aggregator-001 from 127.0.0.1
✓ Sent 334455 bytes to aggregator-001 (15.60ms)
Session completed with aggregator-001
[2025-12-10 08:09:03] Meter 145: Generated 4.664 kWh (encrypted: 334357 bytes, 6.576 ms)
[2025-12-10 08:09:23] Meter 145: Generated 7.032 kWh (encrypted: 334050 bytes, 8.289 ms)
[2025-12-10 08:09:43] Meter 145: Generated 3.241 kWh (encrypted: 334272 bytes, 4.769 ms)
[2025-12-10 08:10:03] Meter 145: Generated 0.593 kWh (encrypted: 334357 bytes, 4.494 ms)
[2025-12-10 08:10:06] NETWORK INFO: Server authentication successful for node: aggregator-001
✓ Aggregator connected: aggregator-001 from 127.0.0.1
✓ Sent 334357 bytes to aggregator-001 (0.36ms)
Session completed with aggregator-001
[2025-12-10 08:10:23] Meter 145: Generated 0.916 kWh (encrypted: 334206 bytes, 7.340 ms)
[2025-12-10 08:10:43] Meter 145: Generated 5.049 kWh (encrypted: 333867 bytes, 4.793 ms)
[2025-12-10 08:11:03] Meter 145: Generated 1.099 kWh (encrypted: 334427 bytes, 6.098 ms)
[2025-12-10 08:11:12] NETWORK INFO: Server authentication successful for node: aggregator-001
✓ Aggregator connected: aggregator-001 from 127.0.0.1
✓ Sent 334427 bytes to aggregator-001 (20.28ms)
Session completed with aggregator-001
[2025-12-10 08:11:23] Meter 145: Generated 4.730 kWh (encrypted: 334014 bytes, 6.719 ms)
[2025-12-10 08:11:43] Meter 145: Generated 4.614 kWh (encrypted: 334167 bytes, 5.102 ms)
[2025-12-10 08:12:03] Meter 145: Generated 1.724 kWh (encrypted: 334436 bytes, 4.718 ms)
[2025-12-10 08:12:17] NETWORK INFO: Server authentication successful for node: aggregator-001
✓ Aggregator connected: aggregator-001 from 127.0.0.1
✓ Sent 334436 bytes to aggregator-001 (2.84ms)
Session completed with aggregator-001
[2025-12-10 08:12:23] Meter 145: Generated 1.166 kWh (encrypted: 334054 bytes, 10.264 ms)

Received shutdown signal. Gracefully shutting down smart meter...
Network server thread stopped
Data generation thread stopped
Smart meter 145 shutdown complete
