=== Continuous Smart Meter Server 103 ===
Initializing for continuous operation...
SEAL context initialized
Loaded certificate: smart-meter-103
Requesting public keys from KDC...
[2025-12-10 07:57:11] NETWORK ERROR: Failed to connect to 127.0.0.1:8444: Connection refused
Error: Failed to connect to KDC at 127.0.0.1:8444
Error: Failed to send key request to KDC
Failed to obtain keys from KDC, falling back to file keys
Loaded keys from fallback files
Cryptographic components initialized
[2025-12-10 07:57:11] NETWORK INFO: Server socket created and listening on port 9103
✓ Smart meter server ready on port 9103
Data transmission interval: 20 seconds (15x accelerated - simulates 5min)
✓ Performance metrics CSV files initialized in performance_data/
Starting continuous smart meter operation...
Press Ctrl+C to stop gracefully
Data generation thread started
Network server thread started on port 9103
[2025-12-10 07:57:15] NETWORK INFO: Server authentication successful for node: aggregator-001
✓ Aggregator connected: aggregator-001 from 127.0.0.1
[2025-12-10 07:57:31] Meter 103: Generated 4.927 kWh (encrypted: 334534 bytes, 4.833 ms)
✓ Sent 334534 bytes to aggregator-001 (0.76ms)
Session completed with aggregator-001
[2025-12-10 07:57:51] Meter 103: Generated 3.309 kWh (encrypted: 334338 bytes, 4.337 ms)
[2025-12-10 07:58:11] Meter 103: Generated 4.321 kWh (encrypted: 334491 bytes, 4.595 ms)
[2025-12-10 07:58:25] NETWORK INFO: Server authentication successful for node: aggregator-001
✓ Aggregator connected: aggregator-001 from 127.0.0.1
✓ Sent 334491 bytes to aggregator-001 (0.35ms)
Session completed with aggregator-001
[2025-12-10 07:58:31] Meter 103: Generated 2.281 kWh (encrypted: 334337 bytes, 4.494 ms)
[2025-12-10 07:58:51] Meter 103: Generated 3.725 kWh (encrypted: 334256 bytes, 4.373 ms)
[2025-12-10 07:59:11] Meter 103: Generated 1.390 kWh (encrypted: 334367 bytes, 4.576 ms)
[2025-12-10 07:59:27] NETWORK INFO: Server authentication successful for node: aggregator-001
✓ Aggregator connected: aggregator-001 from 127.0.0.1
✓ Sent 334367 bytes to aggregator-001 (6.66ms)
Session completed with aggregator-001
[2025-12-10 07:59:31] Meter 103: Generated 3.983 kWh (encrypted: 334433 bytes, 6.362 ms)
[2025-12-10 07:59:51] Meter 103: Generated 1.724 kWh (encrypted: 334436 bytes, 4.517 ms)
[2025-12-10 08:00:11] Meter 103: Generated 6.667 kWh (encrypted: 333365 bytes, 5.521 ms)
[2025-12-10 08:00:28] NETWORK INFO: Server authentication successful for node: aggregator-001
✓ Aggregator connected: aggregator-001 from 127.0.0.1
✓ Sent 333365 bytes to aggregator-001 (0.38ms)
Session completed with aggregator-001
[2025-12-10 08:00:31] Meter 103: Generated 3.801 kWh (encrypted: 333828 bytes, 4.912 ms)
[2025-12-10 08:00:51] Meter 103: Generated 6.395 kWh (encrypted: 334255 bytes, 4.619 ms)
[2025-12-10 08:01:11] Meter 103: Generated 7.058 kWh (encrypted: 334339 bytes, 4.524 ms)
[2025-12-10 08:01:31] NETWORK INFO: Server authentication successful for node: aggregator-001
✓ Aggregator connected: aggregator-001 from 127.0.0.1
✓ Sent 334339 bytes to aggregator-001 (19.29ms)
Session completed with aggregator-001
[2025-12-10 08:01:31] Meter 103: Generated 1.554 kWh (encrypted: 334153 bytes, 4.715 ms)
[2025-12-10 08:01:51] Meter 103: Generated 1.396 kWh (encrypted: 334257 bytes, 4.798 ms)
[2025-12-10 08:02:11] Meter 103: Generated 3.922 kWh (encrypted: 334265 bytes, 4.763 ms)
[2025-12-10 08:02:31] Meter 103: Generated 3.433 kWh (encrypted: 334076 bytes, 5.440 ms)
[2025-12-10 08:02:33] NETWORK INFO: Server authentication successful for node: aggregator-001
✓ Aggregator connected: aggregator-001 from 127.0.0.1
✓ Sent 334076 bytes to aggregator-001 (0.39ms)
Session completed with aggregator-001
[2025-12-10 08:02:51] Meter 103: Generated 2.199 kWh (encrypted: 334496 bytes, 5.241 ms)
[2025-12-10 08:03:11] Meter 103: Generated 6.486 kWh (encrypted: 334403 bytes, 10.135 ms)
[2025-12-10 08:03:31] Meter 103: Generated 7.079 kWh (encrypted: 334134 bytes, 6.410 ms)
[2025-12-10 08:03:36] NETWORK INFO: Server authentication successful for node: aggregator-001
✓ Aggregator connected: aggregator-001 from 127.0.0.1
✓ Sent 334134 bytes to aggregator-001 (4.85ms)
Session completed with aggregator-001
[2025-12-10 08:03:51] Meter 103: Generated 4.525 kWh (encrypted: 334353 bytes, 5.550 ms)
[2025-12-10 08:04:11] Meter 103: Generated 6.477 kWh (encrypted: 334371 bytes, 4.463 ms)
[2025-12-10 08:04:31] Meter 103: Generated 3.723 kWh (encrypted: 334522 bytes, 4.650 ms)
[2025-12-10 08:04:39] NETWORK INFO: Server authentication successful for node: aggregator-001
✓ Aggregator connected: aggregator-001 from 127.0.0.1
✓ Sent 334522 bytes to aggregator-001 (5.51ms)
Session completed with aggregator-001
[2025-12-10 08:04:51] Meter 103: Generated 1.624 kWh (encrypted: 334145 bytes, 4.370 ms)
[2025-12-10 08:05:11] Meter 103: Generated 7.129 kWh (encrypted: 334134 bytes, 4.318 ms)
[2025-12-10 08:05:31] Meter 103: Generated 7.323 kWh (encrypted: 334316 bytes, 6.277 ms)
[2025-12-10 08:05:44] NETWORK INFO: Server authentication successful for node: aggregator-001
✓ Aggregator connected: aggregator-001 from 127.0.0.1
✓ Sent 334316 bytes to aggregator-001 (0.33ms)
Session completed with aggregator-001
[2025-12-10 08:05:51] Meter 103: Generated 6.800 kWh (encrypted: 334229 bytes, 4.831 ms)
[2025-12-10 08:06:11] Meter 103: Generated 1.594 kWh (encrypted: 333866 bytes, 6.614 ms)
[2025-12-10 08:06:31] Meter 103: Generated 3.547 kWh (encrypted: 334141 bytes, 4.657 ms)
[2025-12-10 08:06:50] NETWORK INFO: Server authentication successful for node: aggregator-001
✓ Aggregator connected: aggregator-001 from 127.0.0.1
✓ Sent 334141 bytes to aggregator-001 (0.35ms)
Session completed with aggregator-001
[2025-12-10 08:06:51] Meter 103: Generated 7.144 kWh (encrypted: 334351 bytes, 12.637 ms)
[2025-12-10 08:07:12] Meter 103: Generated 5.006 kWh (encrypted: 334479 bytes, 4.973 ms)
[2025-12-10 08:07:32] Meter 103: Generated 7.334 kWh (encrypted: 334487 bytes, 4.538 ms)
[2025-12-10 08:07:52] Meter 103: Generated 7.195 kWh (encrypted: 334378 bytes, 4.417 ms)
[2025-12-10 08:07:55] NETWORK INFO: Server authentication successful for node: aggregator-001
✓ Aggregator connected: aggregator-001 from 127.0.0.1
✓ Sent 334378 bytes to aggregator-001 (0.41ms)
Session completed with aggregator-001
[2025-12-10 08:08:12] Meter 103: Generated 5.306 kWh (encrypted: 334407 bytes, 6.674 ms)
[2025-12-10 08:08:32] Meter 103: Generated 4.980 kWh (encrypted: 334417 bytes, 4.625 ms)
[2025-12-10 08:08:52] Meter 103: Generated 1.121 kWh (encrypted: 334314 bytes, 4.568 ms)
[2025-12-10 08:09:01] NETWORK INFO: Server authentication successful for node: aggregator-001
✓ Aggregator connected: aggregator-001 from 127.0.0.1
✓ Sent 334314 bytes to aggregator-001 (0.35ms)
Session completed with aggregator-001
[2025-12-10 08:09:12] Meter 103: Generated 2.949 kWh (encrypted: 334341 bytes, 6.931 ms)
[2025-12-10 08:09:32] Meter 103: Generated 5.464 kWh (encrypted: 334266 bytes, 4.835 ms)
[2025-12-10 08:09:52] Meter 103: Generated 3.555 kWh (encrypted: 334382 bytes, 4.993 ms)
[2025-12-10 08:10:06] NETWORK INFO: Server authentication successful for node: aggregator-001
✓ Aggregator connected: aggregator-001 from 127.0.0.1
✓ Sent 334382 bytes to aggregator-001 (1.12ms)
Session completed with aggregator-001
[2025-12-10 08:10:12] Meter 103: Generated 6.812 kWh (encrypted: 334202 bytes, 6.515 ms)
[2025-12-10 08:10:32] Meter 103: Generated 4.491 kWh (encrypted: 334250 bytes, 6.336 ms)
[2025-12-10 08:10:52] Meter 103: Generated 2.921 kWh (encrypted: 334260 bytes, 5.363 ms)
[2025-12-10 08:11:12] NETWORK INFO: Server authentication successful for node: aggregator-001
✓ Aggregator connected: aggregator-001 from 127.0.0.1
✓ Sent 334260 bytes to aggregator-001 (0.43ms)
Session completed with aggregator-001
[2025-12-10 08:11:12] Meter 103: Generated 6.366 kWh (encrypted: 334377 bytes, 130.194 ms)
[2025-12-10 08:11:32] Meter 103: Generated 6.259 kWh (encrypted: 334137 bytes, 4.699 ms)
[2025-12-10 08:11:52] Meter 103: Generated 3.426 kWh (encrypted: 334279 bytes, 5.566 ms)
[2025-12-10 08:12:12] Meter 103: Generated 2.186 kWh (encrypted: 334256 bytes, 4.697 ms)
[2025-12-10 08:12:17] NETWORK INFO: Server authentication successful for node: aggregator-001
✓ Aggregator connected: aggregator-001 from 127.0.0.1
✓ Sent 334256 bytes to aggregator-001 (1.88ms)
Session completed with aggregator-001
[2025-12-10 08:12:32] Meter 103: Generated 0.604 kWh (encrypted: 334352 bytes, 6.880 ms)

Received shutdown signal. Gracefully shutting down smart meter...
Network server thread stopped
Data generation thread stopped
Smart meter 103 shutdown complete
