=== Continuous Smart Meter Server 215 ===
Initializing for continuous operation...
SEAL context initialized
Loaded certificate: smart-meter-215
Requesting public keys from KDC...
[2025-12-10 07:59:28] NETWORK ERROR: Failed to connect to 127.0.0.1:8444: Connection refused
Error: Failed to connect to KDC at 127.0.0.1:8444
Error: Failed to send key request to KDC
Failed to obtain keys from KDC, falling back to file keys
Loaded keys from fallback files
Cryptographic components initialized
[2025-12-10 07:59:29] NETWORK INFO: Server socket created and listening on port 9215
✓ Smart meter server ready on port 9215
Data transmission interval: 20 seconds (15x accelerated - simulates 5min)
✓ Performance metrics CSV files initialized in performance_data/
Starting continuous smart meter operation...
Press Ctrl+C to stop gracefully
Data generation thread started
Network server thread started on port 9215
[2025-12-10 07:59:49] Meter 215: Generated 4.936 kWh (encrypted: 334448 bytes, 5.093 ms)
[2025-12-10 08:00:09] Meter 215: Generated 5.653 kWh (encrypted: 334443 bytes, 4.496 ms)
[2025-12-10 08:00:28] NETWORK INFO: Server authentication successful for node: aggregator-001
✓ Aggregator connected: aggregator-001 from 127.0.0.1
✓ Sent 334443 bytes to aggregator-001 (2.72ms)
Session completed with aggregator-001
[2025-12-10 08:00:29] Meter 215: Generated 2.331 kWh (encrypted: 334352 bytes, 5.003 ms)
[2025-12-10 08:00:49] Meter 215: Generated 4.123 kWh (encrypted: 334142 bytes, 4.653 ms)
[2025-12-10 08:01:09] Meter 215: Generated 3.234 kWh (encrypted: 334294 bytes, 4.381 ms)
[2025-12-10 08:01:29] Meter 215: Generated 3.495 kWh (encrypted: 334155 bytes, 4.585 ms)
[2025-12-10 08:01:31] NETWORK INFO: Server authentication successful for node: aggregator-001
✓ Aggregator connected: aggregator-001 from 127.0.0.1
✓ Sent 334155 bytes to aggregator-001 (0.36ms)
Session completed with aggregator-001
[2025-12-10 08:01:49] Meter 215: Generated 1.755 kWh (encrypted: 334323 bytes, 4.855 ms)
[2025-12-10 08:02:09] Meter 215: Generated 3.890 kWh (encrypted: 334407 bytes, 4.753 ms)
[2025-12-10 08:02:29] Meter 215: Generated 2.393 kWh (encrypted: 334381 bytes, 4.564 ms)
[2025-12-10 08:02:33] NETWORK INFO: Server authentication successful for node: aggregator-001
✓ Aggregator connected: aggregator-001 from 127.0.0.1
✓ Sent 334381 bytes to aggregator-001 (0.39ms)
Session completed with aggregator-001
[2025-12-10 08:02:49] Meter 215: Generated 5.708 kWh (encrypted: 334421 bytes, 4.860 ms)
[2025-12-10 08:03:09] Meter 215: Generated 5.018 kWh (encrypted: 334269 bytes, 5.215 ms)
[2025-12-10 08:03:29] Meter 215: Generated 2.322 kWh (encrypted: 334332 bytes, 4.522 ms)
[2025-12-10 08:03:36] NETWORK INFO: Server authentication successful for node: aggregator-001
✓ Aggregator connected: aggregator-001 from 127.0.0.1
✓ Sent 334332 bytes to aggregator-001 (1.07ms)
Session completed with aggregator-001
[2025-12-10 08:03:49] Meter 215: Generated 5.803 kWh (encrypted: 334291 bytes, 4.739 ms)
[2025-12-10 08:04:09] Meter 215: Generated 6.973 kWh (encrypted: 334327 bytes, 4.457 ms)
[2025-12-10 08:04:29] Meter 215: Generated 2.621 kWh (encrypted: 334092 bytes, 4.573 ms)
[2025-12-10 08:04:39] NETWORK INFO: Server authentication successful for node: aggregator-001
✓ Aggregator connected: aggregator-001 from 127.0.0.1
✓ Sent 334092 bytes to aggregator-001 (14.79ms)
Session completed with aggregator-001
[2025-12-10 08:04:49] Meter 215: Generated 5.018 kWh (encrypted: 334390 bytes, 13.128 ms)
[2025-12-10 08:05:09] Meter 215: Generated 7.226 kWh (encrypted: 334316 bytes, 5.500 ms)
[2025-12-10 08:05:29] Meter 215: Generated 3.981 kWh (encrypted: 334074 bytes, 4.746 ms)
[2025-12-10 08:05:44] NETWORK INFO: Server authentication successful for node: aggregator-001
✓ Aggregator connected: aggregator-001 from 127.0.0.1
✓ Sent 334074 bytes to aggregator-001 (0.39ms)
Session completed with aggregator-001
[2025-12-10 08:05:49] Meter 215: Generated 6.245 kWh (encrypted: 334438 bytes, 4.649 ms)
[2025-12-10 08:06:09] Meter 215: Generated 4.364 kWh (encrypted: 334455 bytes, 4.979 ms)
[2025-12-10 08:06:29] Meter 215: Generated 5.298 kWh (encrypted: 334492 bytes, 4.495 ms)
[2025-12-10 08:06:49] Meter 215: Generated 3.492 kWh (encrypted: 334332 bytes, 4.560 ms)
[2025-12-10 08:06:50] NETWORK INFO: Server authentication successful for node: aggregator-001
✓ Aggregator connected: aggregator-001 from 127.0.0.1
✓ Sent 334332 bytes to aggregator-001 (0.36ms)
Session completed with aggregator-001
[2025-12-10 08:07:09] Meter 215: Generated 1.133 kWh (encrypted: 334148 bytes, 4.602 ms)
[2025-12-10 08:07:29] Meter 215: Generated 3.149 kWh (encrypted: 334489 bytes, 4.316 ms)
[2025-12-10 08:07:49] Meter 215: Generated 0.984 kWh (encrypted: 334454 bytes, 5.323 ms)
[2025-12-10 08:07:55] NETWORK INFO: Server authentication successful for node: aggregator-001
✓ Aggregator connected: aggregator-001 from 127.0.0.1
✓ Sent 334454 bytes to aggregator-001 (0.38ms)
Session completed with aggregator-001
[2025-12-10 08:08:09] Meter 215: Generated 3.949 kWh (encrypted: 334464 bytes, 9.134 ms)
[2025-12-10 08:08:29] Meter 215: Generated 3.494 kWh (encrypted: 334025 bytes, 4.357 ms)
[2025-12-10 08:08:49] Meter 215: Generated 7.598 kWh (encrypted: 334316 bytes, 4.878 ms)
[2025-12-10 08:09:01] NETWORK INFO: Server authentication successful for node: aggregator-001
✓ Aggregator connected: aggregator-001 from 127.0.0.1
✓ Sent 334316 bytes to aggregator-001 (0.39ms)
Session completed with aggregator-001
[2025-12-10 08:09:09] Meter 215: Generated 4.185 kWh (encrypted: 334415 bytes, 4.679 ms)
[2025-12-10 08:09:29] Meter 215: Generated 3.048 kWh (encrypted: 333425 bytes, 6.002 ms)
[2025-12-10 08:09:49] Meter 215: Generated 4.357 kWh (encrypted: 333828 bytes, 4.853 ms)
[2025-12-10 08:10:06] NETWORK INFO: Server authentication successful for node: aggregator-001
✓ Aggregator connected: aggregator-001 from 127.0.0.1
✓ Sent 333828 bytes to aggregator-001 (0.43ms)
Session completed with aggregator-001
[2025-12-10 08:10:09] Meter 215: Generated 4.626 kWh (encrypted: 334128 bytes, 4.617 ms)
[2025-12-10 08:10:29] Meter 215: Generated 7.052 kWh (encrypted: 334089 bytes, 6.329 ms)
[2025-12-10 08:10:49] Meter 215: Generated 6.006 kWh (encrypted: 333987 bytes, 5.447 ms)
[2025-12-10 08:11:09] Meter 215: Generated 2.889 kWh (encrypted: 334169 bytes, 11.518 ms)
[2025-12-10 08:11:12] NETWORK INFO: Server authentication successful for node: aggregator-001
✓ Aggregator connected: aggregator-001 from 127.0.0.1
✓ Sent 334169 bytes to aggregator-001 (0.35ms)
Session completed with aggregator-001
[2025-12-10 08:11:29] Meter 215: Generated 5.645 kWh (encrypted: 334488 bytes, 6.411 ms)
[2025-12-10 08:11:49] Meter 215: Generated 1.434 kWh (encrypted: 334063 bytes, 6.010 ms)
[2025-12-10 08:12:09] Meter 215: Generated 5.087 kWh (encrypted: 334188 bytes, 6.622 ms)
[2025-12-10 08:12:17] NETWORK INFO: Server authentication successful for node: aggregator-001
✓ Aggregator connected: aggregator-001 from 127.0.0.1
✓ Sent 334188 bytes to aggregator-001 (3.78ms)
Session completed with aggregator-001
[2025-12-10 08:12:29] Meter 215: Generated 4.988 kWh (encrypted: 334107 bytes, 5.328 ms)

Received shutdown signal. Gracefully shutting down smart meter...
Network server thread stopped
Data generation thread stopped
Smart meter 215 shutdown complete
