=== Continuous Smart Meter Server 256 ===
Initializing for continuous operation...
SEAL context initialized
Loaded certificate: smart-meter-256
Requesting public keys from KDC...
[2025-12-10 08:00:19] NETWORK ERROR: Failed to connect to 127.0.0.1:8444: Connection refused
Error: Failed to connect to KDC at 127.0.0.1:8444
Error: Failed to send key request to KDC
Failed to obtain keys from KDC, falling back to file keys
Loaded keys from fallback files
Cryptographic components initialized
[2025-12-10 08:00:19] NETWORK INFO: Server socket created and listening on port 9256
✓ Smart meter server ready on port 9256
Data transmission interval: 20 seconds (15x accelerated - simulates 5min)
✓ Performance metrics CSV files initialized in performance_data/
Starting continuous smart meter operation...
Press Ctrl+C to stop gracefully
Data generation thread started
Network server thread started on port 9256
[2025-12-10 08:00:28] NETWORK INFO: Server authentication successful for node: aggregator-001
✓ Aggregator connected: aggregator-001 from 127.0.0.1
[2025-12-10 08:00:39] Meter 256: Generated 6.275 kWh (encrypted: 334233 bytes, 7.423 ms)
✓ Sent 334233 bytes to aggregator-001 (1.11ms)
Session completed with aggregator-001
[2025-12-10 08:00:59] Meter 256: Generated 4.258 kWh (encrypted: 334429 bytes, 4.570 ms)
[2025-12-10 08:01:19] Meter 256: Generated 7.227 kWh (encrypted: 334429 bytes, 4.668 ms)
[2025-12-10 08:01:31] NETWORK INFO: Server authentication successful for node: aggregator-001
✓ Aggregator connected: aggregator-001 from 127.0.0.1
✓ Sent 334429 bytes to aggregator-001 (0.35ms)
Session completed with aggregator-001
[2025-12-10 08:01:39] Meter 256: Generated 5.847 kWh (encrypted: 334147 bytes, 4.832 ms)
[2025-12-10 08:01:59] Meter 256: Generated 2.106 kWh (encrypted: 334395 bytes, 6.749 ms)
[2025-12-10 08:02:19] Meter 256: Generated 4.388 kWh (encrypted: 334084 bytes, 4.411 ms)
[2025-12-10 08:02:33] NETWORK INFO: Server authentication successful for node: aggregator-001
✓ Aggregator connected: aggregator-001 from 127.0.0.1
✓ Sent 334084 bytes to aggregator-001 (7.85ms)
Session completed with aggregator-001
[2025-12-10 08:02:39] Meter 256: Generated 3.586 kWh (encrypted: 334384 bytes, 8.740 ms)
[2025-12-10 08:02:59] Meter 256: Generated 5.286 kWh (encrypted: 334295 bytes, 5.439 ms)
[2025-12-10 08:03:19] Meter 256: Generated 4.071 kWh (encrypted: 334474 bytes, 5.580 ms)
[2025-12-10 08:03:36] NETWORK INFO: Server authentication successful for node: aggregator-001
✓ Aggregator connected: aggregator-001 from 127.0.0.1
✓ Sent 334474 bytes to aggregator-001 (0.41ms)
Session completed with aggregator-001
[2025-12-10 08:03:39] Meter 256: Generated 4.129 kWh (encrypted: 333892 bytes, 5.923 ms)
[2025-12-10 08:03:59] Meter 256: Generated 1.508 kWh (encrypted: 334477 bytes, 4.648 ms)
[2025-12-10 08:04:19] Meter 256: Generated 1.731 kWh (encrypted: 334483 bytes, 5.184 ms)
[2025-12-10 08:04:39] Meter 256: Generated 2.538 kWh (encrypted: 334442 bytes, 5.443 ms)
[2025-12-10 08:04:39] NETWORK INFO: Server authentication successful for node: aggregator-001
✓ Aggregator connected: aggregator-001 from 127.0.0.1
✓ Sent 334442 bytes to aggregator-001 (0.37ms)
Session completed with aggregator-001
[2025-12-10 08:04:59] Meter 256: Generated 1.599 kWh (encrypted: 334293 bytes, 4.494 ms)
[2025-12-10 08:05:19] Meter 256: Generated 6.686 kWh (encrypted: 334344 bytes, 4.585 ms)
[2025-12-10 08:05:39] Meter 256: Generated 3.394 kWh (encrypted: 334215 bytes, 4.635 ms)
[2025-12-10 08:05:44] NETWORK INFO: Server authentication successful for node: aggregator-001
✓ Aggregator connected: aggregator-001 from 127.0.0.1
✓ Sent 334215 bytes to aggregator-001 (13.41ms)
Session completed with aggregator-001
[2025-12-10 08:05:59] Meter 256: Generated 0.862 kWh (encrypted: 333338 bytes, 5.115 ms)
[2025-12-10 08:06:19] Meter 256: Generated 6.011 kWh (encrypted: 334445 bytes, 4.587 ms)
[2025-12-10 08:06:39] Meter 256: Generated 4.917 kWh (encrypted: 334451 bytes, 4.647 ms)
[2025-12-10 08:06:50] NETWORK INFO: Server authentication successful for node: aggregator-001
✓ Aggregator connected: aggregator-001 from 127.0.0.1
✓ Sent 334451 bytes to aggregator-001 (0.40ms)
Session completed with aggregator-001
[2025-12-10 08:06:59] Meter 256: Generated 3.123 kWh (encrypted: 334446 bytes, 6.580 ms)
[2025-12-10 08:07:19] Meter 256: Generated 3.440 kWh (encrypted: 334182 bytes, 7.846 ms)
[2025-12-10 08:07:39] Meter 256: Generated 5.186 kWh (encrypted: 334281 bytes, 4.333 ms)
[2025-12-10 08:07:56] NETWORK INFO: Server authentication successful for node: aggregator-001
✓ Aggregator connected: aggregator-001 from 127.0.0.1
✓ Sent 334281 bytes to aggregator-001 (0.72ms)
Session completed with aggregator-001
[2025-12-10 08:07:59] Meter 256: Generated 6.179 kWh (encrypted: 334417 bytes, 11.783 ms)
[2025-12-10 08:08:19] Meter 256: Generated 2.890 kWh (encrypted: 334449 bytes, 6.998 ms)
[2025-12-10 08:08:39] Meter 256: Generated 3.983 kWh (encrypted: 334495 bytes, 6.755 ms)
[2025-12-10 08:08:59] Meter 256: Generated 3.041 kWh (encrypted: 334419 bytes, 4.781 ms)
[2025-12-10 08:09:01] NETWORK INFO: Server authentication successful for node: aggregator-001
✓ Aggregator connected: aggregator-001 from 127.0.0.1
✓ Sent 334419 bytes to aggregator-001 (24.11ms)
Session completed with aggregator-001
[2025-12-10 08:09:19] Meter 256: Generated 1.666 kWh (encrypted: 334423 bytes, 4.768 ms)
[2025-12-10 08:09:39] Meter 256: Generated 1.007 kWh (encrypted: 334412 bytes, 4.842 ms)
[2025-12-10 08:09:59] Meter 256: Generated 3.541 kWh (encrypted: 334000 bytes, 12.101 ms)
[2025-12-10 08:10:06] NETWORK INFO: Server authentication successful for node: aggregator-001
✓ Aggregator connected: aggregator-001 from 127.0.0.1
✓ Sent 334000 bytes to aggregator-001 (0.42ms)
Session completed with aggregator-001
[2025-12-10 08:10:19] Meter 256: Generated 3.677 kWh (encrypted: 334266 bytes, 5.523 ms)
[2025-12-10 08:10:39] Meter 256: Generated 3.970 kWh (encrypted: 333775 bytes, 4.719 ms)
[2025-12-10 08:10:59] Meter 256: Generated 5.211 kWh (encrypted: 334327 bytes, 6.626 ms)
[2025-12-10 08:11:12] NETWORK INFO: Server authentication successful for node: aggregator-001
✓ Aggregator connected: aggregator-001 from 127.0.0.1
✓ Sent 334327 bytes to aggregator-001 (0.38ms)
Session completed with aggregator-001
[2025-12-10 08:11:19] Meter 256: Generated 1.067 kWh (encrypted: 334381 bytes, 6.919 ms)
[2025-12-10 08:11:39] Meter 256: Generated 2.602 kWh (encrypted: 334255 bytes, 4.619 ms)
[2025-12-10 08:11:59] Meter 256: Generated 2.586 kWh (encrypted: 334228 bytes, 4.744 ms)
[2025-12-10 08:12:17] NETWORK INFO: Server authentication successful for node: aggregator-001
✓ Aggregator connected: aggregator-001 from 127.0.0.1
✓ Sent 334228 bytes to aggregator-001 (0.36ms)
Session completed with aggregator-001
[2025-12-10 08:12:19] Meter 256: Generated 4.056 kWh (encrypted: 334142 bytes, 6.494 ms)

Received shutdown signal. Gracefully shutting down smart meter...
Network server thread stopped
Data generation thread stopped
Smart meter 256 shutdown complete
