=== Continuous Smart Meter Server 427 ===
Initializing for continuous operation...
SEAL context initialized
Loaded certificate: smart-meter-427
Requesting public keys from KDC...
[2025-12-10 08:03:53] NETWORK ERROR: Failed to connect to 127.0.0.1:8444: Connection refused
Error: Failed to connect to KDC at 127.0.0.1:8444
Error: Failed to send key request to KDC
Failed to obtain keys from KDC, falling back to file keys
Loaded keys from fallback files
Cryptographic components initialized
[2025-12-10 08:03:53] NETWORK INFO: Server socket created and listening on port 9427
✓ Smart meter server ready on port 9427
Data transmission interval: 20 seconds (15x accelerated - simulates 5min)
✓ Performance metrics CSV files initialized in performance_data/
Starting continuous smart meter operation...
Press Ctrl+C to stop gracefully
Data generation thread started
Network server thread started on port 9427
[2025-12-10 08:04:13] Meter 427: Generated 5.687 kWh (encrypted: 334083 bytes, 7.767 ms)
[2025-12-10 08:04:33] Meter 427: Generated 6.454 kWh (encrypted: 334132 bytes, 9.529 ms)
[2025-12-10 08:04:40] NETWORK INFO: Server authentication successful for node: aggregator-001
✓ Aggregator connected: aggregator-001 from 127.0.0.1
✓ Sent 334132 bytes to aggregator-001 (2.74ms)
Session completed with aggregator-001
[2025-12-10 08:04:53] Meter 427: Generated 0.919 kWh (encrypted: 334393 bytes, 4.710 ms)
[2025-12-10 08:05:13] Meter 427: Generated 2.076 kWh (encrypted: 333715 bytes, 4.730 ms)
[2025-12-10 08:05:33] Meter 427: Generated 1.902 kWh (encrypted: 334275 bytes, 4.436 ms)
[2025-12-10 08:05:44] NETWORK INFO: Server authentication successful for node: aggregator-001
✓ Aggregator connected: aggregator-001 from 127.0.0.1
✓ Sent 334275 bytes to aggregator-001 (0.36ms)
Session completed with aggregator-001
[2025-12-10 08:05:53] Meter 427: Generated 3.146 kWh (encrypted: 334163 bytes, 4.753 ms)
[2025-12-10 08:06:13] Meter 427: Generated 7.485 kWh (encrypted: 334429 bytes, 5.224 ms)
[2025-12-10 08:06:33] Meter 427: Generated 6.713 kWh (encrypted: 334319 bytes, 5.185 ms)
[2025-12-10 08:06:50] NETWORK INFO: Server authentication successful for node: aggregator-001
✓ Aggregator connected: aggregator-001 from 127.0.0.1
✓ Sent 334319 bytes to aggregator-001 (0.34ms)
Session completed with aggregator-001
[2025-12-10 08:06:53] Meter 427: Generated 3.659 kWh (encrypted: 334225 bytes, 4.991 ms)
[2025-12-10 08:07:13] Meter 427: Generated 3.302 kWh (encrypted: 334363 bytes, 4.797 ms)
[2025-12-10 08:07:33] Meter 427: Generated 4.257 kWh (encrypted: 334312 bytes, 7.505 ms)
[2025-12-10 08:07:53] Meter 427: Generated 7.194 kWh (encrypted: 334340 bytes, 5.147 ms)
[2025-12-10 08:07:56] NETWORK INFO: Server authentication successful for node: aggregator-001
✓ Aggregator connected: aggregator-001 from 127.0.0.1
✓ Sent 334340 bytes to aggregator-001 (0.34ms)
Session completed with aggregator-001
[2025-12-10 08:08:13] Meter 427: Generated 2.003 kWh (encrypted: 334397 bytes, 4.588 ms)
[2025-12-10 08:08:33] Meter 427: Generated 2.438 kWh (encrypted: 334289 bytes, 8.648 ms)
[2025-12-10 08:08:53] Meter 427: Generated 2.746 kWh (encrypted: 334361 bytes, 4.627 ms)
[2025-12-10 08:09:01] NETWORK INFO: Server authentication successful for node: aggregator-001
✓ Aggregator connected: aggregator-001 from 127.0.0.1
✓ Sent 334361 bytes to aggregator-001 (7.11ms)
Session completed with aggregator-001
[2025-12-10 08:09:13] Meter 427: Generated 4.688 kWh (encrypted: 333935 bytes, 5.497 ms)
[2025-12-10 08:09:33] Meter 427: Generated 3.635 kWh (encrypted: 334080 bytes, 4.551 ms)
[2025-12-10 08:09:53] Meter 427: Generated 7.135 kWh (encrypted: 334405 bytes, 4.469 ms)
[2025-12-10 08:10:06] NETWORK INFO: Server authentication successful for node: aggregator-001
✓ Aggregator connected: aggregator-001 from 127.0.0.1
✓ Sent 334405 bytes to aggregator-001 (1.85ms)
Session completed with aggregator-001
[2025-12-10 08:10:13] Meter 427: Generated 2.274 kWh (encrypted: 334498 bytes, 6.460 ms)
[2025-12-10 08:10:33] Meter 427: Generated 4.502 kWh (encrypted: 334267 bytes, 9.769 ms)
[2025-12-10 08:10:53] Meter 427: Generated 5.623 kWh (encrypted: 334324 bytes, 4.922 ms)
[2025-12-10 08:11:12] NETWORK INFO: Server authentication successful for node: aggregator-001
✓ Aggregator connected: aggregator-001 from 127.0.0.1
✓ Sent 334324 bytes to aggregator-001 (0.37ms)
Session completed with aggregator-001
[2025-12-10 08:11:13] Meter 427: Generated 6.484 kWh (encrypted: 334282 bytes, 7.341 ms)
[2025-12-10 08:11:33] Meter 427: Generated 1.269 kWh (encrypted: 334332 bytes, 5.066 ms)
[2025-12-10 08:11:53] Meter 427: Generated 5.365 kWh (encrypted: 334405 bytes, 5.432 ms)
[2025-12-10 08:12:13] Meter 427: Generated 1.741 kWh (encrypted: 333906 bytes, 7.262 ms)
[2025-12-10 08:12:17] NETWORK INFO: Server authentication successful for node: aggregator-001
✓ Aggregator connected: aggregator-001 from 127.0.0.1
✓ Sent 333906 bytes to aggregator-001 (0.35ms)
Session completed with aggregator-001
[2025-12-10 08:12:33] Meter 427: Generated 3.475 kWh (encrypted: 334191 bytes, 5.246 ms)

Received shutdown signal. Gracefully shutting down smart meter...
Network server thread stopped
Data generation thread stopped
Smart meter 427 shutdown complete
