=== Continuous Smart Meter Server 449 ===
Initializing for continuous operation...
SEAL context initialized
Loaded certificate: smart-meter-449
Requesting public keys from KDC...
[2025-12-10 08:04:20] NETWORK ERROR: Failed to connect to 127.0.0.1:8444: Connection refused
Error: Failed to connect to KDC at 127.0.0.1:8444
Error: Failed to send key request to KDC
Failed to obtain keys from KDC, falling back to file keys
Loaded keys from fallback files
Cryptographic components initialized
[2025-12-10 08:04:20] NETWORK INFO: Server socket created and listening on port 9449
✓ Smart meter server ready on port 9449
Data transmission interval: 20 seconds (15x accelerated - simulates 5min)
✓ Performance metrics CSV files initialized in performance_data/
Starting continuous smart meter operation...
Press Ctrl+C to stop gracefully
Data generation thread started
Network server thread started on port 9449
[2025-12-10 08:04:40] NETWORK INFO: Server authentication successful for node: aggregator-001
✓ Aggregator connected: aggregator-001 from 127.0.0.1
[2025-12-10 08:04:40] Meter 449: Generated 7.356 kWh (encrypted: 334136 bytes, 5.951 ms)
✓ Sent 334136 bytes to aggregator-001 (0.73ms)
Session completed with aggregator-001
[2025-12-10 08:05:00] Meter 449: Generated 3.268 kWh (encrypted: 333977 bytes, 5.078 ms)
[2025-12-10 08:05:20] Meter 449: Generated 2.169 kWh (encrypted: 334414 bytes, 5.453 ms)
[2025-12-10 08:05:40] Meter 449: Generated 5.287 kWh (encrypted: 334233 bytes, 4.351 ms)
[2025-12-10 08:05:44] NETWORK INFO: Server authentication successful for node: aggregator-001
✓ Aggregator connected: aggregator-001 from 127.0.0.1
✓ Sent 334233 bytes to aggregator-001 (0.43ms)
Session completed with aggregator-001
[2025-12-10 08:06:00] Meter 449: Generated 1.802 kWh (encrypted: 334433 bytes, 7.330 ms)
[2025-12-10 08:06:20] Meter 449: Generated 3.089 kWh (encrypted: 334450 bytes, 6.416 ms)
[2025-12-10 08:06:40] Meter 449: Generated 3.908 kWh (encrypted: 334492 bytes, 4.681 ms)
[2025-12-10 08:06:50] NETWORK INFO: Server authentication successful for node: aggregator-001
✓ Aggregator connected: aggregator-001 from 127.0.0.1
✓ Sent 334492 bytes to aggregator-001 (17.78ms)
Session completed with aggregator-001
[2025-12-10 08:07:00] Meter 449: Generated 2.679 kWh (encrypted: 334378 bytes, 6.416 ms)
[2025-12-10 08:07:20] Meter 449: Generated 5.674 kWh (encrypted: 334363 bytes, 5.156 ms)
[2025-12-10 08:07:40] Meter 449: Generated 4.153 kWh (encrypted: 334369 bytes, 4.802 ms)
[2025-12-10 08:07:56] NETWORK INFO: Server authentication successful for node: aggregator-001
✓ Aggregator connected: aggregator-001 from 127.0.0.1
✓ Sent 334369 bytes to aggregator-001 (0.39ms)
Session completed with aggregator-001
[2025-12-10 08:08:00] Meter 449: Generated 2.548 kWh (encrypted: 334367 bytes, 4.506 ms)
[2025-12-10 08:08:20] Meter 449: Generated 1.582 kWh (encrypted: 334432 bytes, 4.810 ms)
[2025-12-10 08:08:40] Meter 449: Generated 4.138 kWh (encrypted: 334356 bytes, 4.789 ms)
[2025-12-10 08:09:01] Meter 449: Generated 6.570 kWh (encrypted: 334419 bytes, 9.366 ms)
[2025-12-10 08:09:01] NETWORK INFO: Server authentication successful for node: aggregator-001
✓ Aggregator connected: aggregator-001 from 127.0.0.1
✓ Sent 334419 bytes to aggregator-001 (0.38ms)
Session completed with aggregator-001
[2025-12-10 08:09:21] Meter 449: Generated 1.072 kWh (encrypted: 334426 bytes, 4.720 ms)
[2025-12-10 08:09:41] Meter 449: Generated 1.026 kWh (encrypted: 334102 bytes, 4.959 ms)
[2025-12-10 08:10:01] Meter 449: Generated 3.198 kWh (encrypted: 334406 bytes, 4.940 ms)
[2025-12-10 08:10:06] NETWORK INFO: Server authentication successful for node: aggregator-001
✓ Aggregator connected: aggregator-001 from 127.0.0.1
✓ Sent 334406 bytes to aggregator-001 (1.13ms)
Session completed with aggregator-001
[2025-12-10 08:10:21] Meter 449: Generated 5.840 kWh (encrypted: 334082 bytes, 6.598 ms)
[2025-12-10 08:10:41] Meter 449: Generated 6.936 kWh (encrypted: 334003 bytes, 5.055 ms)
[2025-12-10 08:11:01] Meter 449: Generated 6.110 kWh (encrypted: 334052 bytes, 6.505 ms)
[2025-12-10 08:11:12] NETWORK INFO: Server authentication successful for node: aggregator-001
✓ Aggregator connected: aggregator-001 from 127.0.0.1
✓ Sent 334052 bytes to aggregator-001 (0.37ms)
Session completed with aggregator-001
[2025-12-10 08:11:21] Meter 449: Generated 6.145 kWh (encrypted: 334393 bytes, 6.798 ms)
[2025-12-10 08:11:41] Meter 449: Generated 5.797 kWh (encrypted: 334197 bytes, 4.788 ms)
[2025-12-10 08:12:01] Meter 449: Generated 1.600 kWh (encrypted: 334189 bytes, 6.447 ms)
[2025-12-10 08:12:17] NETWORK INFO: Server authentication successful for node: aggregator-001
✓ Aggregator connected: aggregator-001 from 127.0.0.1
✓ Sent 334189 bytes to aggregator-001 (0.37ms)
Session completed with aggregator-001
[2025-12-10 08:12:21] Meter 449: Generated 2.531 kWh (encrypted: 334350 bytes, 8.474 ms)

Received shutdown signal. Gracefully shutting down smart meter...
Network server thread stopped
Data generation thread stopped
Smart meter 449 shutdown complete
