=== Continuous Smart Meter Server 313 ===
Initializing for continuous operation...
SEAL context initialized
Loaded certificate: smart-meter-313
Requesting public keys from KDC...
[2025-12-10 08:01:30] NETWORK ERROR: Failed to connect to 127.0.0.1:8444: Connection refused
Error: Failed to connect to KDC at 127.0.0.1:8444
Error: Failed to send key request to KDC
Failed to obtain keys from KDC, falling back to file keys
Loaded keys from fallback files
Cryptographic components initialized
[2025-12-10 08:01:30] NETWORK INFO: Server socket created and listening on port 9313
✓ Smart meter server ready on port 9313
Data transmission interval: 20 seconds (15x accelerated - simulates 5min)
✓ Performance metrics CSV files initialized in performance_data/
Starting continuous smart meter operation...
Press Ctrl+C to stop gracefully
Data generation thread started
Network server thread started on port 9313
[2025-12-10 08:01:31] NETWORK INFO: Server authentication successful for node: aggregator-001
✓ Aggregator connected: aggregator-001 from 127.0.0.1
[2025-12-10 08:01:50] Meter 313: Generated 3.472 kWh (encrypted: 334435 bytes, 6.253 ms)
✓ Sent 334435 bytes to aggregator-001 (0.71ms)
Session completed with aggregator-001
[2025-12-10 08:02:10] Meter 313: Generated 7.473 kWh (encrypted: 334428 bytes, 4.663 ms)
[2025-12-10 08:02:30] Meter 313: Generated 5.415 kWh (encrypted: 334364 bytes, 6.458 ms)
[2025-12-10 08:02:33] NETWORK INFO: Server authentication successful for node: aggregator-001
✓ Aggregator connected: aggregator-001 from 127.0.0.1
✓ Sent 334364 bytes to aggregator-001 (4.20ms)
Session completed with aggregator-001
[2025-12-10 08:02:50] Meter 313: Generated 3.733 kWh (encrypted: 334249 bytes, 4.799 ms)
[2025-12-10 08:03:10] Meter 313: Generated 6.309 kWh (encrypted: 334163 bytes, 4.764 ms)
[2025-12-10 08:03:30] Meter 313: Generated 0.881 kWh (encrypted: 333848 bytes, 15.591 ms)
[2025-12-10 08:03:36] NETWORK INFO: Server authentication successful for node: aggregator-001
✓ Aggregator connected: aggregator-001 from 127.0.0.1
✓ Sent 333848 bytes to aggregator-001 (1.62ms)
Session completed with aggregator-001
[2025-12-10 08:03:50] Meter 313: Generated 6.027 kWh (encrypted: 334321 bytes, 4.572 ms)
[2025-12-10 08:04:10] Meter 313: Generated 1.875 kWh (encrypted: 334329 bytes, 5.947 ms)
[2025-12-10 08:04:30] Meter 313: Generated 5.272 kWh (encrypted: 334480 bytes, 7.242 ms)
[2025-12-10 08:04:40] NETWORK INFO: Server authentication successful for node: aggregator-001
✓ Aggregator connected: aggregator-001 from 127.0.0.1
✓ Sent 334480 bytes to aggregator-001 (0.43ms)
Session completed with aggregator-001
[2025-12-10 08:04:50] Meter 313: Generated 7.171 kWh (encrypted: 334430 bytes, 4.968 ms)
[2025-12-10 08:05:10] Meter 313: Generated 2.700 kWh (encrypted: 334507 bytes, 4.780 ms)
[2025-12-10 08:05:30] Meter 313: Generated 4.410 kWh (encrypted: 334145 bytes, 5.416 ms)
[2025-12-10 08:05:44] NETWORK INFO: Server authentication successful for node: aggregator-001
✓ Aggregator connected: aggregator-001 from 127.0.0.1
✓ Sent 334145 bytes to aggregator-001 (0.39ms)
Session completed with aggregator-001
[2025-12-10 08:05:50] Meter 313: Generated 5.666 kWh (encrypted: 334415 bytes, 4.520 ms)
[2025-12-10 08:06:10] Meter 313: Generated 1.254 kWh (encrypted: 334205 bytes, 4.422 ms)
[2025-12-10 08:06:30] Meter 313: Generated 4.146 kWh (encrypted: 334336 bytes, 4.640 ms)
[2025-12-10 08:06:50] Meter 313: Generated 6.965 kWh (encrypted: 333920 bytes, 4.599 ms)
[2025-12-10 08:06:50] NETWORK INFO: Server authentication successful for node: aggregator-001
✓ Aggregator connected: aggregator-001 from 127.0.0.1
✓ Sent 333920 bytes to aggregator-001 (7.40ms)
Session completed with aggregator-001
[2025-12-10 08:07:10] Meter 313: Generated 0.847 kWh (encrypted: 334442 bytes, 6.607 ms)
[2025-12-10 08:07:30] Meter 313: Generated 7.045 kWh (encrypted: 334282 bytes, 5.060 ms)
[2025-12-10 08:07:50] Meter 313: Generated 0.845 kWh (encrypted: 334364 bytes, 4.698 ms)
[2025-12-10 08:07:56] NETWORK INFO: Server authentication successful for node: aggregator-001
✓ Aggregator connected: aggregator-001 from 127.0.0.1
✓ Sent 334364 bytes to aggregator-001 (15.55ms)
Session completed with aggregator-001
[2025-12-10 08:08:10] Meter 313: Generated 4.553 kWh (encrypted: 334355 bytes, 6.436 ms)
[2025-12-10 08:08:30] Meter 313: Generated 6.942 kWh (encrypted: 334288 bytes, 5.021 ms)
[2025-12-10 08:08:50] Meter 313: Generated 6.705 kWh (encrypted: 334332 bytes, 14.229 ms)
[2025-12-10 08:09:01] NETWORK INFO: Server authentication successful for node: aggregator-001
✓ Aggregator connected: aggregator-001 from 127.0.0.1
✓ Sent 334332 bytes to aggregator-001 (0.60ms)
Session completed with aggregator-001
[2025-12-10 08:09:10] Meter 313: Generated 6.114 kWh (encrypted: 334406 bytes, 4.886 ms)
[2025-12-10 08:09:30] Meter 313: Generated 0.826 kWh (encrypted: 334185 bytes, 5.599 ms)
[2025-12-10 08:09:50] Meter 313: Generated 7.269 kWh (encrypted: 334276 bytes, 4.468 ms)
[2025-12-10 08:10:06] NETWORK INFO: Server authentication successful for node: aggregator-001
✓ Aggregator connected: aggregator-001 from 127.0.0.1
✓ Sent 334276 bytes to aggregator-001 (11.59ms)
Session completed with aggregator-001
[2025-12-10 08:10:10] Meter 313: Generated 1.744 kWh (encrypted: 334391 bytes, 6.927 ms)
[2025-12-10 08:10:30] Meter 313: Generated 1.089 kWh (encrypted: 334106 bytes, 4.803 ms)
[2025-12-10 08:10:50] Meter 313: Generated 5.724 kWh (encrypted: 334326 bytes, 6.582 ms)
[2025-12-10 08:11:10] Meter 313: Generated 4.104 kWh (encrypted: 334147 bytes, 6.550 ms)
[2025-12-10 08:11:12] NETWORK INFO: Server authentication successful for node: aggregator-001
✓ Aggregator connected: aggregator-001 from 127.0.0.1
✓ Sent 334147 bytes to aggregator-001 (0.35ms)
Session completed with aggregator-001
[2025-12-10 08:11:30] Meter 313: Generated 7.367 kWh (encrypted: 334451 bytes, 4.888 ms)
[2025-12-10 08:11:50] Meter 313: Generated 2.786 kWh (encrypted: 333317 bytes, 4.651 ms)
[2025-12-10 08:12:10] Meter 313: Generated 2.997 kWh (encrypted: 334347 bytes, 6.581 ms)
[2025-12-10 08:12:17] NETWORK INFO: Server authentication successful for node: aggregator-001
✓ Aggregator connected: aggregator-001 from 127.0.0.1
✓ Sent 334347 bytes to aggregator-001 (0.40ms)
Session completed with aggregator-001
[2025-12-10 08:12:30] Meter 313: Generated 5.213 kWh (encrypted: 334438 bytes, 4.561 ms)

Received shutdown signal. Gracefully shutting down smart meter...
Network server thread stopped
Data generation thread stopped
Smart meter 313 shutdown complete
