=== Continuous Smart Meter Server 388 ===
Initializing for continuous operation...
SEAL context initialized
Loaded certificate: smart-meter-388
Requesting public keys from KDC...
[2025-12-10 08:03:04] NETWORK ERROR: Failed to connect to 127.0.0.1:8444: Connection refused
Error: Failed to connect to KDC at 127.0.0.1:8444
Error: Failed to send key request to KDC
Failed to obtain keys from KDC, falling back to file keys
Loaded keys from fallback files
Cryptographic components initialized
[2025-12-10 08:03:04] NETWORK INFO: Server socket created and listening on port 9388
✓ Smart meter server ready on port 9388
Data transmission interval: 20 seconds (15x accelerated - simulates 5min)
✓ Performance metrics CSV files initialized in performance_data/
Starting continuous smart meter operation...
Press Ctrl+C to stop gracefully
Data generation thread started
Network server thread started on port 9388
[2025-12-10 08:03:24] Meter 388: Generated 3.485 kWh (encrypted: 334386 bytes, 6.927 ms)
[2025-12-10 08:03:36] NETWORK INFO: Server authentication successful for node: aggregator-001
✓ Aggregator connected: aggregator-001 from 127.0.0.1
✓ Sent 334386 bytes to aggregator-001 (4.22ms)
Session completed with aggregator-001
[2025-12-10 08:03:44] Meter 388: Generated 3.530 kWh (encrypted: 334291 bytes, 4.721 ms)
[2025-12-10 08:04:04] Meter 388: Generated 3.471 kWh (encrypted: 334553 bytes, 4.512 ms)
[2025-12-10 08:04:24] Meter 388: Generated 3.800 kWh (encrypted: 334392 bytes, 4.449 ms)
[2025-12-10 08:04:40] NETWORK INFO: Server authentication successful for node: aggregator-001
✓ Aggregator connected: aggregator-001 from 127.0.0.1
✓ Sent 334392 bytes to aggregator-001 (2.06ms)
Session completed with aggregator-001
[2025-12-10 08:04:44] Meter 388: Generated 2.910 kWh (encrypted: 334392 bytes, 4.530 ms)
[2025-12-10 08:05:04] Meter 388: Generated 1.471 kWh (encrypted: 334233 bytes, 8.368 ms)
[2025-12-10 08:05:24] Meter 388: Generated 5.487 kWh (encrypted: 334320 bytes, 4.403 ms)
[2025-12-10 08:05:44] Meter 388: Generated 2.230 kWh (encrypted: 334404 bytes, 4.417 ms)
[2025-12-10 08:05:44] NETWORK INFO: Server authentication successful for node: aggregator-001
✓ Aggregator connected: aggregator-001 from 127.0.0.1
✓ Sent 334404 bytes to aggregator-001 (0.34ms)
Session completed with aggregator-001
[2025-12-10 08:06:04] Meter 388: Generated 6.805 kWh (encrypted: 334301 bytes, 6.626 ms)
[2025-12-10 08:06:24] Meter 388: Generated 1.132 kWh (encrypted: 334393 bytes, 20.543 ms)
[2025-12-10 08:06:44] Meter 388: Generated 4.258 kWh (encrypted: 334254 bytes, 6.626 ms)
[2025-12-10 08:06:50] NETWORK INFO: Server authentication successful for node: aggregator-001
✓ Aggregator connected: aggregator-001 from 127.0.0.1
✓ Sent 334254 bytes to aggregator-001 (0.34ms)
Session completed with aggregator-001
[2025-12-10 08:07:04] Meter 388: Generated 6.864 kWh (encrypted: 334497 bytes, 4.720 ms)
[2025-12-10 08:07:24] Meter 388: Generated 6.942 kWh (encrypted: 334509 bytes, 6.528 ms)
[2025-12-10 08:07:44] Meter 388: Generated 7.024 kWh (encrypted: 334475 bytes, 4.875 ms)
[2025-12-10 08:07:56] NETWORK INFO: Server authentication successful for node: aggregator-001
✓ Aggregator connected: aggregator-001 from 127.0.0.1
✓ Sent 334475 bytes to aggregator-001 (0.38ms)
Session completed with aggregator-001
[2025-12-10 08:08:04] Meter 388: Generated 3.998 kWh (encrypted: 333683 bytes, 4.755 ms)
[2025-12-10 08:08:24] Meter 388: Generated 5.589 kWh (encrypted: 334206 bytes, 5.279 ms)
[2025-12-10 08:08:44] Meter 388: Generated 2.930 kWh (encrypted: 334150 bytes, 4.595 ms)
[2025-12-10 08:09:01] NETWORK INFO: Server authentication successful for node: aggregator-001
✓ Aggregator connected: aggregator-001 from 127.0.0.1
✓ Sent 334150 bytes to aggregator-001 (0.39ms)
Session completed with aggregator-001
[2025-12-10 08:09:04] Meter 388: Generated 3.560 kWh (encrypted: 333298 bytes, 4.746 ms)
[2025-12-10 08:09:24] Meter 388: Generated 6.795 kWh (encrypted: 334122 bytes, 6.413 ms)
[2025-12-10 08:09:44] Meter 388: Generated 3.400 kWh (encrypted: 334034 bytes, 4.666 ms)
[2025-12-10 08:10:04] Meter 388: Generated 7.125 kWh (encrypted: 334148 bytes, 8.895 ms)
[2025-12-10 08:10:06] NETWORK INFO: Server authentication successful for node: aggregator-001
✓ Aggregator connected: aggregator-001 from 127.0.0.1
✓ Sent 334148 bytes to aggregator-001 (0.36ms)
Session completed with aggregator-001
[2025-12-10 08:10:24] Meter 388: Generated 3.375 kWh (encrypted: 334182 bytes, 6.953 ms)
[2025-12-10 08:10:44] Meter 388: Generated 2.805 kWh (encrypted: 334119 bytes, 5.109 ms)
[2025-12-10 08:11:04] Meter 388: Generated 4.322 kWh (encrypted: 334366 bytes, 7.805 ms)
[2025-12-10 08:11:12] NETWORK INFO: Server authentication successful for node: aggregator-001
✓ Aggregator connected: aggregator-001 from 127.0.0.1
✓ Sent 334366 bytes to aggregator-001 (0.34ms)
Session completed with aggregator-001
[2025-12-10 08:11:24] Meter 388: Generated 5.461 kWh (encrypted: 334404 bytes, 6.947 ms)
[2025-12-10 08:11:44] Meter 388: Generated 5.944 kWh (encrypted: 334298 bytes, 4.681 ms)
[2025-12-10 08:12:04] Meter 388: Generated 3.997 kWh (encrypted: 334298 bytes, 6.901 ms)
[2025-12-10 08:12:17] NETWORK INFO: Server authentication successful for node: aggregator-001
✓ Aggregator connected: aggregator-001 from 127.0.0.1
✓ Sent 334298 bytes to aggregator-001 (0.34ms)
Session completed with aggregator-001
[2025-12-10 08:12:24] Meter 388: Generated 4.521 kWh (encrypted: 334350 bytes, 5.669 ms)

Received shutdown signal. Gracefully shutting down smart meter...
Network server thread stopped
Data generation thread stopped
Smart meter 388 shutdown complete
