=== Continuous Smart Meter Server 343 ===
Initializing for continuous operation...
SEAL context initialized
Loaded certificate: smart-meter-343
Requesting public keys from KDC...
[2025-12-10 08:02:07] NETWORK ERROR: Failed to connect to 127.0.0.1:8444: Connection refused
Error: Failed to connect to KDC at 127.0.0.1:8444
Error: Failed to send key request to KDC
Failed to obtain keys from KDC, falling back to file keys
Loaded keys from fallback files
Cryptographic components initialized
[2025-12-10 08:02:07] NETWORK INFO: Server socket created and listening on port 9343
✓ Smart meter server ready on port 9343
Data transmission interval: 20 seconds (15x accelerated - simulates 5min)
✓ Performance metrics CSV files initialized in performance_data/
Starting continuous smart meter operation...
Press Ctrl+C to stop gracefully
Data generation thread started
Network server thread started on port 9343
[2025-12-10 08:02:27] Meter 343: Generated 4.772 kWh (encrypted: 334389 bytes, 5.401 ms)
[2025-12-10 08:02:33] NETWORK INFO: Server authentication successful for node: aggregator-001
✓ Aggregator connected: aggregator-001 from 127.0.0.1
✓ Sent 334389 bytes to aggregator-001 (1.49ms)
Session completed with aggregator-001
[2025-12-10 08:02:47] Meter 343: Generated 6.481 kWh (encrypted: 333986 bytes, 4.642 ms)
[2025-12-10 08:03:07] Meter 343: Generated 4.250 kWh (encrypted: 333855 bytes, 4.883 ms)
[2025-12-10 08:03:27] Meter 343: Generated 1.970 kWh (encrypted: 334357 bytes, 4.744 ms)
[2025-12-10 08:03:36] NETWORK INFO: Server authentication successful for node: aggregator-001
✓ Aggregator connected: aggregator-001 from 127.0.0.1
✓ Sent 334357 bytes to aggregator-001 (0.35ms)
Session completed with aggregator-001
[2025-12-10 08:03:47] Meter 343: Generated 6.438 kWh (encrypted: 334390 bytes, 4.669 ms)
[2025-12-10 08:04:07] Meter 343: Generated 3.233 kWh (encrypted: 334123 bytes, 4.586 ms)
[2025-12-10 08:04:27] Meter 343: Generated 7.195 kWh (encrypted: 334457 bytes, 4.538 ms)
[2025-12-10 08:04:39] NETWORK INFO: Server authentication successful for node: aggregator-001
✓ Aggregator connected: aggregator-001 from 127.0.0.1
✓ Sent 334457 bytes to aggregator-001 (0.35ms)
Session completed with aggregator-001
[2025-12-10 08:04:47] Meter 343: Generated 4.558 kWh (encrypted: 334001 bytes, 4.750 ms)
[2025-12-10 08:05:07] Meter 343: Generated 6.287 kWh (encrypted: 334447 bytes, 4.673 ms)
[2025-12-10 08:05:27] Meter 343: Generated 6.003 kWh (encrypted: 334367 bytes, 4.584 ms)
[2025-12-10 08:05:44] NETWORK INFO: Server authentication successful for node: aggregator-001
✓ Aggregator connected: aggregator-001 from 127.0.0.1
✓ Sent 334367 bytes to aggregator-001 (0.87ms)
Session completed with aggregator-001
[2025-12-10 08:05:47] Meter 343: Generated 6.071 kWh (encrypted: 334207 bytes, 4.425 ms)
[2025-12-10 08:06:07] Meter 343: Generated 4.799 kWh (encrypted: 334435 bytes, 6.762 ms)
[2025-12-10 08:06:27] Meter 343: Generated 3.540 kWh (encrypted: 334233 bytes, 5.107 ms)
[2025-12-10 08:06:47] Meter 343: Generated 4.513 kWh (encrypted: 334333 bytes, 4.623 ms)
[2025-12-10 08:06:50] NETWORK INFO: Server authentication successful for node: aggregator-001
✓ Aggregator connected: aggregator-001 from 127.0.0.1
✓ Sent 334333 bytes to aggregator-001 (20.00ms)
Session completed with aggregator-001
[2025-12-10 08:07:07] Meter 343: Generated 2.599 kWh (encrypted: 334192 bytes, 5.383 ms)
[2025-12-10 08:07:27] Meter 343: Generated 3.177 kWh (encrypted: 334280 bytes, 5.296 ms)
[2025-12-10 08:07:47] Meter 343: Generated 4.211 kWh (encrypted: 334171 bytes, 4.750 ms)
[2025-12-10 08:07:56] NETWORK INFO: Server authentication successful for node: aggregator-001
✓ Aggregator connected: aggregator-001 from 127.0.0.1
✓ Sent 334171 bytes to aggregator-001 (0.36ms)
Session completed with aggregator-001
[2025-12-10 08:08:07] Meter 343: Generated 6.612 kWh (encrypted: 334180 bytes, 7.184 ms)
[2025-12-10 08:08:27] Meter 343: Generated 0.860 kWh (encrypted: 334300 bytes, 6.283 ms)
[2025-12-10 08:08:47] Meter 343: Generated 5.241 kWh (encrypted: 334374 bytes, 6.148 ms)
[2025-12-10 08:09:01] NETWORK INFO: Server authentication successful for node: aggregator-001
✓ Aggregator connected: aggregator-001 from 127.0.0.1
✓ Sent 334374 bytes to aggregator-001 (0.38ms)
Session completed with aggregator-001
[2025-12-10 08:09:07] Meter 343: Generated 2.826 kWh (encrypted: 334363 bytes, 4.865 ms)
[2025-12-10 08:09:27] Meter 343: Generated 3.201 kWh (encrypted: 334321 bytes, 4.471 ms)
[2025-12-10 08:09:47] Meter 343: Generated 5.499 kWh (encrypted: 334369 bytes, 7.841 ms)
[2025-12-10 08:10:06] NETWORK INFO: Server authentication successful for node: aggregator-001
✓ Aggregator connected: aggregator-001 from 127.0.0.1
✓ Sent 334369 bytes to aggregator-001 (0.35ms)
Session completed with aggregator-001
[2025-12-10 08:10:07] Meter 343: Generated 4.750 kWh (encrypted: 334429 bytes, 7.273 ms)
[2025-12-10 08:10:27] Meter 343: Generated 2.894 kWh (encrypted: 334269 bytes, 13.411 ms)
[2025-12-10 08:10:47] Meter 343: Generated 5.744 kWh (encrypted: 334308 bytes, 4.902 ms)
[2025-12-10 08:11:07] Meter 343: Generated 4.036 kWh (encrypted: 334360 bytes, 4.651 ms)
[2025-12-10 08:11:12] NETWORK INFO: Server authentication successful for node: aggregator-001
✓ Aggregator connected: aggregator-001 from 127.0.0.1
✓ Sent 334360 bytes to aggregator-001 (0.41ms)
Session completed with aggregator-001
[2025-12-10 08:11:27] Meter 343: Generated 5.488 kWh (encrypted: 334209 bytes, 4.843 ms)
[2025-12-10 08:11:47] Meter 343: Generated 6.261 kWh (encrypted: 334385 bytes, 6.271 ms)
[2025-12-10 08:12:07] Meter 343: Generated 4.585 kWh (encrypted: 334109 bytes, 6.510 ms)
[2025-12-10 08:12:17] NETWORK INFO: Server authentication successful for node: aggregator-001
✓ Aggregator connected: aggregator-001 from 127.0.0.1
✓ Sent 334109 bytes to aggregator-001 (0.36ms)
Session completed with aggregator-001
[2025-12-10 08:12:28] Meter 343: Generated 3.355 kWh (encrypted: 334285 bytes, 6.910 ms)

Received shutdown signal. Gracefully shutting down smart meter...
Network server thread stopped
Data generation thread stopped
Smart meter 343 shutdown complete
