=== Continuous Smart Meter Server 228 ===
Initializing for continuous operation...
SEAL context initialized
Loaded certificate: smart-meter-228
Requesting public keys from KDC...
[2025-12-10 07:59:45] NETWORK ERROR: Failed to connect to 127.0.0.1:8444: Connection refused
Error: Failed to connect to KDC at 127.0.0.1:8444
Error: Failed to send key request to KDC
Failed to obtain keys from KDC, falling back to file keys
Loaded keys from fallback files
Cryptographic components initialized
[2025-12-10 07:59:45] NETWORK INFO: Server socket created and listening on port 9228
✓ Smart meter server ready on port 9228
Data transmission interval: 20 seconds (15x accelerated - simulates 5min)
✓ Performance metrics CSV files initialized in performance_data/
Starting continuous smart meter operation...
Press Ctrl+C to stop gracefully
Data generation thread started
Network server thread started on port 9228
[2025-12-10 08:00:05] Meter 228: Generated 6.692 kWh (encrypted: 334252 bytes, 5.713 ms)
[2025-12-10 08:00:25] Meter 228: Generated 6.473 kWh (encrypted: 334264 bytes, 5.488 ms)
[2025-12-10 08:00:28] NETWORK INFO: Server authentication successful for node: aggregator-001
✓ Aggregator connected: aggregator-001 from 127.0.0.1
✓ Sent 334264 bytes to aggregator-001 (0.75ms)
Session completed with aggregator-001
[2025-12-10 08:00:45] Meter 228: Generated 2.416 kWh (encrypted: 334373 bytes, 5.158 ms)
[2025-12-10 08:01:05] Meter 228: Generated 1.099 kWh (encrypted: 334504 bytes, 6.213 ms)
[2025-12-10 08:01:25] Meter 228: Generated 5.022 kWh (encrypted: 334298 bytes, 5.607 ms)
[2025-12-10 08:01:31] NETWORK INFO: Server authentication successful for node: aggregator-001
✓ Aggregator connected: aggregator-001 from 127.0.0.1
✓ Sent 334298 bytes to aggregator-001 (0.34ms)
Session completed with aggregator-001
[2025-12-10 08:01:45] Meter 228: Generated 1.828 kWh (encrypted: 334315 bytes, 4.692 ms)
[2025-12-10 08:02:05] Meter 228: Generated 6.615 kWh (encrypted: 334452 bytes, 6.785 ms)
[2025-12-10 08:02:25] Meter 228: Generated 7.112 kWh (encrypted: 334375 bytes, 17.891 ms)
[2025-12-10 08:02:33] NETWORK INFO: Server authentication successful for node: aggregator-001
✓ Aggregator connected: aggregator-001 from 127.0.0.1
✓ Sent 334375 bytes to aggregator-001 (0.36ms)
Session completed with aggregator-001
[2025-12-10 08:02:45] Meter 228: Generated 4.789 kWh (encrypted: 334388 bytes, 4.809 ms)
[2025-12-10 08:03:05] Meter 228: Generated 4.601 kWh (encrypted: 334049 bytes, 4.591 ms)
[2025-12-10 08:03:25] Meter 228: Generated 3.549 kWh (encrypted: 334102 bytes, 4.702 ms)
[2025-12-10 08:03:36] NETWORK INFO: Server authentication successful for node: aggregator-001
✓ Aggregator connected: aggregator-001 from 127.0.0.1
✓ Sent 334102 bytes to aggregator-001 (0.43ms)
Session completed with aggregator-001
[2025-12-10 08:03:45] Meter 228: Generated 4.534 kWh (encrypted: 334289 bytes, 7.029 ms)
[2025-12-10 08:04:05] Meter 228: Generated 0.949 kWh (encrypted: 334365 bytes, 4.634 ms)
[2025-12-10 08:04:25] Meter 228: Generated 7.463 kWh (encrypted: 334413 bytes, 6.483 ms)
[2025-12-10 08:04:39] NETWORK INFO: Server authentication successful for node: aggregator-001
✓ Aggregator connected: aggregator-001 from 127.0.0.1
✓ Sent 334413 bytes to aggregator-001 (0.36ms)
Session completed with aggregator-001
[2025-12-10 08:04:45] Meter 228: Generated 1.565 kWh (encrypted: 334225 bytes, 6.179 ms)
[2025-12-10 08:05:05] Meter 228: Generated 5.015 kWh (encrypted: 334197 bytes, 5.965 ms)
[2025-12-10 08:05:25] Meter 228: Generated 6.275 kWh (encrypted: 334068 bytes, 5.382 ms)
[2025-12-10 08:05:44] NETWORK INFO: Server authentication successful for node: aggregator-001
✓ Aggregator connected: aggregator-001 from 127.0.0.1
✓ Sent 334068 bytes to aggregator-001 (0.41ms)
Session completed with aggregator-001
[2025-12-10 08:05:45] Meter 228: Generated 1.071 kWh (encrypted: 334399 bytes, 4.350 ms)
[2025-12-10 08:06:05] Meter 228: Generated 4.200 kWh (encrypted: 334225 bytes, 6.420 ms)
[2025-12-10 08:06:25] Meter 228: Generated 4.842 kWh (encrypted: 334234 bytes, 6.626 ms)
[2025-12-10 08:06:45] Meter 228: Generated 1.727 kWh (encrypted: 334432 bytes, 4.656 ms)
[2025-12-10 08:06:50] NETWORK INFO: Server authentication successful for node: aggregator-001
✓ Aggregator connected: aggregator-001 from 127.0.0.1
✓ Sent 334432 bytes to aggregator-001 (38.27ms)
Session completed with aggregator-001
[2025-12-10 08:07:05] Meter 228: Generated 5.090 kWh (encrypted: 334325 bytes, 4.610 ms)
[2025-12-10 08:07:25] Meter 228: Generated 5.752 kWh (encrypted: 333937 bytes, 4.428 ms)
[2025-12-10 08:07:45] Meter 228: Generated 7.035 kWh (encrypted: 334074 bytes, 4.583 ms)
[2025-12-10 08:07:56] NETWORK INFO: Server authentication successful for node: aggregator-001
✓ Aggregator connected: aggregator-001 from 127.0.0.1
✓ Sent 334074 bytes to aggregator-001 (0.41ms)
Session completed with aggregator-001
[2025-12-10 08:08:05] Meter 228: Generated 7.259 kWh (encrypted: 334110 bytes, 5.225 ms)
[2025-12-10 08:08:25] Meter 228: Generated 2.913 kWh (encrypted: 334094 bytes, 6.305 ms)
[2025-12-10 08:08:45] Meter 228: Generated 5.545 kWh (encrypted: 334354 bytes, 10.240 ms)
[2025-12-10 08:09:01] NETWORK INFO: Server authentication successful for node: aggregator-001
✓ Aggregator connected: aggregator-001 from 127.0.0.1
✓ Sent 334354 bytes to aggregator-001 (0.37ms)
Session completed with aggregator-001
[2025-12-10 08:09:05] Meter 228: Generated 5.756 kWh (encrypted: 334085 bytes, 6.427 ms)
[2025-12-10 08:09:25] Meter 228: Generated 3.031 kWh (encrypted: 334028 bytes, 4.516 ms)
[2025-12-10 08:09:45] Meter 228: Generated 7.201 kWh (encrypted: 334454 bytes, 6.749 ms)
[2025-12-10 08:10:05] Meter 228: Generated 1.137 kWh (encrypted: 334258 bytes, 6.447 ms)
[2025-12-10 08:10:06] NETWORK INFO: Server authentication successful for node: aggregator-001
✓ Aggregator connected: aggregator-001 from 127.0.0.1
✓ Sent 334258 bytes to aggregator-001 (0.47ms)
Session completed with aggregator-001
[2025-12-10 08:10:25] Meter 228: Generated 1.120 kWh (encrypted: 334347 bytes, 6.383 ms)
[2025-12-10 08:10:45] Meter 228: Generated 7.093 kWh (encrypted: 334347 bytes, 5.090 ms)
[2025-12-10 08:11:05] Meter 228: Generated 4.892 kWh (encrypted: 334302 bytes, 6.803 ms)
[2025-12-10 08:11:12] NETWORK INFO: Server authentication successful for node: aggregator-001
✓ Aggregator connected: aggregator-001 from 127.0.0.1
✓ Sent 334302 bytes to aggregator-001 (0.37ms)
Session completed with aggregator-001
[2025-12-10 08:11:25] Meter 228: Generated 3.311 kWh (encrypted: 334306 bytes, 6.423 ms)
[2025-12-10 08:11:45] Meter 228: Generated 4.022 kWh (encrypted: 334176 bytes, 6.654 ms)
[2025-12-10 08:12:05] Meter 228: Generated 3.621 kWh (encrypted: 334108 bytes, 6.629 ms)
[2025-12-10 08:12:17] NETWORK INFO: Server authentication successful for node: aggregator-001
✓ Aggregator connected: aggregator-001 from 127.0.0.1
✓ Sent 334108 bytes to aggregator-001 (0.35ms)
Session completed with aggregator-001
[2025-12-10 08:12:25] Meter 228: Generated 5.926 kWh (encrypted: 334256 bytes, 4.991 ms)

Received shutdown signal. Gracefully shutting down smart meter...
Network server thread stopped
Data generation thread stopped
Smart meter 228 shutdown complete
