=== Continuous Smart Meter Server 1 ===
Initializing for continuous operation...
SEAL context initialized
Loaded certificate: smart-meter-001
Requesting public keys from KDC...
[2025-12-03 07:40:43] NETWORK ERROR: Failed to connect to 127.0.0.1:8444: Connection refused
Error: Failed to connect to KDC at 127.0.0.1:8444
Error: Failed to send key request to KDC
Failed to obtain keys from KDC, falling back to file keys
Loaded keys from fallback files
Cryptographic components initialized
[2025-12-03 07:40:43] NETWORK INFO: Server socket created and listening on port 9001
✓ Smart meter server ready on port 9001
Data transmission interval: 20 seconds (15x accelerated - simulates 5min)
✓ Performance metrics CSV files initialized in performance_data/
Starting continuous smart meter operation...
Press Ctrl+C to stop gracefully
Data generation thread started
Network server thread started on port 9001
[2025-12-03 07:41:03] Meter 1: Generated 4.256 kWh (encrypted: 333894 bytes, 5.036 ms)
[2025-12-03 07:41:23] Meter 1: Generated 6.487 kWh (encrypted: 334532 bytes, 4.579 ms)
[2025-12-03 07:41:41] NETWORK INFO: Server authentication successful for node: aggregator-001
✓ Aggregator connected: aggregator-001 from 127.0.0.1
✓ Sent 334532 bytes to aggregator-001 (0.64ms)
Session completed with aggregator-001
[2025-12-03 07:41:43] Meter 1: Generated 5.852 kWh (encrypted: 334181 bytes, 4.759 ms)
[2025-12-03 07:42:03] Meter 1: Generated 1.103 kWh (encrypted: 334426 bytes, 4.911 ms)
[2025-12-03 07:42:23] Meter 1: Generated 3.072 kWh (encrypted: 334261 bytes, 4.624 ms)
[2025-12-03 07:42:42] NETWORK INFO: Server authentication successful for node: aggregator-001
✓ Aggregator connected: aggregator-001 from 127.0.0.1
✓ Sent 334261 bytes to aggregator-001 (0.48ms)
Session completed with aggregator-001
[2025-12-03 07:42:43] Meter 1: Generated 5.017 kWh (encrypted: 334447 bytes, 4.574 ms)
[2025-12-03 07:43:03] Meter 1: Generated 4.015 kWh (encrypted: 334010 bytes, 4.686 ms)
[2025-12-03 07:43:23] Meter 1: Generated 2.982 kWh (encrypted: 334287 bytes, 4.842 ms)
[2025-12-03 07:43:42] NETWORK INFO: Server authentication successful for node: aggregator-001
✓ Aggregator connected: aggregator-001 from 127.0.0.1
✓ Sent 334287 bytes to aggregator-001 (0.51ms)
Session completed with aggregator-001
[2025-12-03 07:43:43] Meter 1: Generated 3.543 kWh (encrypted: 334220 bytes, 4.732 ms)
[2025-12-03 07:44:03] Meter 1: Generated 6.937 kWh (encrypted: 334361 bytes, 4.395 ms)
[2025-12-03 07:44:23] Meter 1: Generated 1.605 kWh (encrypted: 334500 bytes, 4.545 ms)
[2025-12-03 07:44:42] NETWORK INFO: Server authentication successful for node: aggregator-001
✓ Aggregator connected: aggregator-001 from 127.0.0.1
✓ Sent 334500 bytes to aggregator-001 (0.49ms)
Session completed with aggregator-001
[2025-12-03 07:44:43] Meter 1: Generated 2.367 kWh (encrypted: 334341 bytes, 4.432 ms)
[2025-12-03 07:45:03] Meter 1: Generated 1.628 kWh (encrypted: 334119 bytes, 4.626 ms)
[2025-12-03 07:45:23] Meter 1: Generated 1.225 kWh (encrypted: 334437 bytes, 6.097 ms)
[2025-12-03 07:45:42] NETWORK INFO: Server authentication successful for node: aggregator-001
✓ Aggregator connected: aggregator-001 from 127.0.0.1
✓ Sent 334437 bytes to aggregator-001 (0.51ms)
Session completed with aggregator-001
[2025-12-03 07:45:43] Meter 1: Generated 4.284 kWh (encrypted: 334187 bytes, 4.651 ms)
[2025-12-03 07:46:03] Meter 1: Generated 7.391 kWh (encrypted: 334412 bytes, 4.432 ms)
[2025-12-03 07:46:23] Meter 1: Generated 5.645 kWh (encrypted: 334334 bytes, 4.442 ms)
[2025-12-03 07:46:43] NETWORK INFO: Server authentication successful for node: aggregator-001
✓ Aggregator connected: aggregator-001 from 127.0.0.1
✓ Sent 334334 bytes to aggregator-001 (0.63ms)
Session completed with aggregator-001
[2025-12-03 07:46:43] Meter 1: Generated 7.398 kWh (encrypted: 334400 bytes, 4.583 ms)
[2025-12-03 07:47:03] Meter 1: Generated 3.357 kWh (encrypted: 334281 bytes, 4.663 ms)
[2025-12-03 07:47:23] Meter 1: Generated 4.185 kWh (encrypted: 334137 bytes, 4.442 ms)
[2025-12-03 07:47:43] NETWORK INFO: Server authentication successful for node: aggregator-001
✓ Aggregator connected: aggregator-001 from 127.0.0.1
✓ Sent 334137 bytes to aggregator-001 (1.88ms)
Session completed with aggregator-001
[2025-12-03 07:47:43] Meter 1: Generated 5.879 kWh (encrypted: 334074 bytes, 4.488 ms)
[2025-12-03 07:48:03] Meter 1: Generated 4.323 kWh (encrypted: 334282 bytes, 4.565 ms)
[2025-12-03 07:48:23] Meter 1: Generated 5.415 kWh (encrypted: 334372 bytes, 5.233 ms)
[2025-12-03 07:48:43] NETWORK INFO: Server authentication successful for node: aggregator-001
✓ Aggregator connected: aggregator-001 from 127.0.0.1
✓ Sent 334372 bytes to aggregator-001 (0.38ms)
Session completed with aggregator-001
[2025-12-03 07:48:43] Meter 1: Generated 2.138 kWh (encrypted: 334163 bytes, 4.451 ms)
[2025-12-03 07:49:03] Meter 1: Generated 4.432 kWh (encrypted: 334329 bytes, 4.616 ms)
[2025-12-03 07:49:23] Meter 1: Generated 5.461 kWh (encrypted: 334387 bytes, 4.522 ms)
[2025-12-03 07:49:43] Meter 1: Generated 1.515 kWh (encrypted: 334161 bytes, 4.460 ms)
[2025-12-03 07:49:44] NETWORK INFO: Server authentication successful for node: aggregator-001
✓ Aggregator connected: aggregator-001 from 127.0.0.1
✓ Sent 334161 bytes to aggregator-001 (0.39ms)
Session completed with aggregator-001
[2025-12-03 07:50:03] Meter 1: Generated 3.967 kWh (encrypted: 334173 bytes, 4.737 ms)
[2025-12-03 07:50:23] Meter 1: Generated 3.338 kWh (encrypted: 334359 bytes, 4.481 ms)
[2025-12-03 07:50:44] Meter 1: Generated 5.673 kWh (encrypted: 334166 bytes, 4.655 ms)
[2025-12-03 07:50:44] NETWORK INFO: Server authentication successful for node: aggregator-001
✓ Aggregator connected: aggregator-001 from 127.0.0.1
✓ Sent 334166 bytes to aggregator-001 (0.50ms)
Session completed with aggregator-001
[2025-12-03 07:51:04] Meter 1: Generated 1.814 kWh (encrypted: 334418 bytes, 4.529 ms)
[2025-12-03 07:51:24] Meter 1: Generated 2.433 kWh (encrypted: 334023 bytes, 4.460 ms)
[2025-12-03 07:51:44] Meter 1: Generated 1.253 kWh (encrypted: 334499 bytes, 4.464 ms)
[2025-12-03 07:51:44] NETWORK INFO: Server authentication successful for node: aggregator-001
✓ Aggregator connected: aggregator-001 from 127.0.0.1
✓ Sent 334499 bytes to aggregator-001 (0.43ms)
Session completed with aggregator-001
[2025-12-03 07:52:04] Meter 1: Generated 2.539 kWh (encrypted: 334305 bytes, 4.456 ms)
[2025-12-03 07:52:24] Meter 1: Generated 4.207 kWh (encrypted: 334438 bytes, 4.649 ms)
[2025-12-03 07:52:44] Meter 1: Generated 2.276 kWh (encrypted: 334442 bytes, 4.478 ms)
[2025-12-03 07:52:44] NETWORK INFO: Server authentication successful for node: aggregator-001
✓ Aggregator connected: aggregator-001 from 127.0.0.1
✓ Sent 334442 bytes to aggregator-001 (0.57ms)
Session completed with aggregator-001
[2025-12-03 07:53:04] Meter 1: Generated 0.974 kWh (encrypted: 334380 bytes, 4.582 ms)
[2025-12-03 07:53:24] Meter 1: Generated 2.475 kWh (encrypted: 334392 bytes, 4.852 ms)
[2025-12-03 07:53:44] Meter 1: Generated 7.469 kWh (encrypted: 334333 bytes, 4.445 ms)
[2025-12-03 07:53:45] NETWORK INFO: Server authentication successful for node: aggregator-001
✓ Aggregator connected: aggregator-001 from 127.0.0.1
✓ Sent 334333 bytes to aggregator-001 (0.39ms)
Session completed with aggregator-001
[2025-12-03 07:54:04] Meter 1: Generated 5.096 kWh (encrypted: 334415 bytes, 4.571 ms)
[2025-12-03 07:54:24] Meter 1: Generated 4.651 kWh (encrypted: 334336 bytes, 4.481 ms)
[2025-12-03 07:54:44] Meter 1: Generated 1.450 kWh (encrypted: 334198 bytes, 4.508 ms)
[2025-12-03 07:54:45] NETWORK INFO: Server authentication successful for node: aggregator-001
✓ Aggregator connected: aggregator-001 from 127.0.0.1
✓ Sent 334198 bytes to aggregator-001 (0.40ms)
Session completed with aggregator-001
[2025-12-03 07:55:04] Meter 1: Generated 5.130 kWh (encrypted: 334490 bytes, 4.859 ms)
[2025-12-03 07:55:24] Meter 1: Generated 5.868 kWh (encrypted: 334409 bytes, 4.551 ms)
[2025-12-03 07:55:44] Meter 1: Generated 3.139 kWh (encrypted: 334400 bytes, 4.659 ms)
[2025-12-03 07:55:45] NETWORK INFO: Server authentication successful for node: aggregator-001
✓ Aggregator connected: aggregator-001 from 127.0.0.1
✓ Sent 334400 bytes to aggregator-001 (0.38ms)
Session completed with aggregator-001
[2025-12-03 07:56:04] Meter 1: Generated 6.127 kWh (encrypted: 334081 bytes, 4.831 ms)
[2025-12-03 07:56:24] Meter 1: Generated 2.406 kWh (encrypted: 334266 bytes, 4.598 ms)
[2025-12-03 07:56:44] Meter 1: Generated 2.264 kWh (encrypted: 334274 bytes, 4.713 ms)
[2025-12-03 07:56:46] NETWORK INFO: Server authentication successful for node: aggregator-001
✓ Aggregator connected: aggregator-001 from 127.0.0.1
✓ Sent 334274 bytes to aggregator-001 (0.42ms)
Session completed with aggregator-001
[2025-12-03 07:57:04] Meter 1: Generated 4.077 kWh (encrypted: 334292 bytes, 4.604 ms)
[2025-12-03 07:57:24] Meter 1: Generated 6.872 kWh (encrypted: 334506 bytes, 4.468 ms)
[2025-12-03 07:57:44] Meter 1: Generated 4.853 kWh (encrypted: 333741 bytes, 4.330 ms)
[2025-12-03 07:57:46] NETWORK INFO: Server authentication successful for node: aggregator-001
✓ Aggregator connected: aggregator-001 from 127.0.0.1
✓ Sent 333741 bytes to aggregator-001 (0.44ms)
Session completed with aggregator-001
[2025-12-03 07:58:04] Meter 1: Generated 6.919 kWh (encrypted: 334106 bytes, 4.466 ms)
[2025-12-03 07:58:24] Meter 1: Generated 4.169 kWh (encrypted: 334019 bytes, 4.788 ms)
[2025-12-03 07:58:44] Meter 1: Generated 5.088 kWh (encrypted: 334347 bytes, 4.659 ms)
[2025-12-03 07:58:46] NETWORK INFO: Server authentication successful for node: aggregator-001
✓ Aggregator connected: aggregator-001 from 127.0.0.1
✓ Sent 334347 bytes to aggregator-001 (0.53ms)
Session completed with aggregator-001
[2025-12-03 07:59:04] Meter 1: Generated 5.988 kWh (encrypted: 334512 bytes, 4.443 ms)
[2025-12-03 07:59:24] Meter 1: Generated 5.011 kWh (encrypted: 334048 bytes, 4.242 ms)
[2025-12-03 07:59:44] Meter 1: Generated 3.237 kWh (encrypted: 334174 bytes, 4.594 ms)
[2025-12-03 07:59:46] NETWORK INFO: Server authentication successful for node: aggregator-001
✓ Aggregator connected: aggregator-001 from 127.0.0.1
✓ Sent 334174 bytes to aggregator-001 (0.50ms)
Session completed with aggregator-001
[2025-12-03 08:00:04] Meter 1: Generated 3.685 kWh (encrypted: 334321 bytes, 4.475 ms)
[2025-12-03 08:00:24] Meter 1: Generated 1.663 kWh (encrypted: 334462 bytes, 4.690 ms)
[2025-12-03 08:00:44] Meter 1: Generated 2.115 kWh (encrypted: 334031 bytes, 4.377 ms)
[2025-12-03 08:00:47] NETWORK INFO: Server authentication successful for node: aggregator-001
✓ Aggregator connected: aggregator-001 from 127.0.0.1
✓ Sent 334031 bytes to aggregator-001 (0.59ms)
Session completed with aggregator-001
[2025-12-03 08:01:04] Meter 1: Generated 1.198 kWh (encrypted: 334380 bytes, 4.385 ms)
[2025-12-03 08:01:24] Meter 1: Generated 6.419 kWh (encrypted: 334391 bytes, 4.517 ms)
[2025-12-03 08:01:44] Meter 1: Generated 6.419 kWh (encrypted: 334115 bytes, 4.518 ms)
[2025-12-03 08:01:47] NETWORK INFO: Server authentication successful for node: aggregator-001
✓ Aggregator connected: aggregator-001 from 127.0.0.1
✓ Sent 334115 bytes to aggregator-001 (0.36ms)
Session completed with aggregator-001
[2025-12-03 08:02:04] Meter 1: Generated 3.344 kWh (encrypted: 334407 bytes, 4.397 ms)
[2025-12-03 08:02:24] Meter 1: Generated 5.610 kWh (encrypted: 334162 bytes, 4.611 ms)
[2025-12-03 08:02:44] Meter 1: Generated 1.557 kWh (encrypted: 334361 bytes, 4.415 ms)
[2025-12-03 08:02:47] NETWORK INFO: Server authentication successful for node: aggregator-001
✓ Aggregator connected: aggregator-001 from 127.0.0.1
✓ Sent 334361 bytes to aggregator-001 (0.45ms)
Session completed with aggregator-001
[2025-12-03 08:03:04] Meter 1: Generated 2.408 kWh (encrypted: 334268 bytes, 4.656 ms)
[2025-12-03 08:03:24] Meter 1: Generated 3.320 kWh (encrypted: 334494 bytes, 4.618 ms)
[2025-12-03 08:03:44] Meter 1: Generated 4.610 kWh (encrypted: 334160 bytes, 6.518 ms)
[2025-12-03 08:03:47] NETWORK INFO: Server authentication successful for node: aggregator-001
✓ Aggregator connected: aggregator-001 from 127.0.0.1
✓ Sent 334160 bytes to aggregator-001 (2.62ms)
Session completed with aggregator-001
[2025-12-03 08:04:04] Meter 1: Generated 4.789 kWh (encrypted: 334336 bytes, 4.650 ms)
[2025-12-03 08:04:24] Meter 1: Generated 6.762 kWh (encrypted: 334373 bytes, 4.746 ms)
[2025-12-03 08:04:44] Meter 1: Generated 4.428 kWh (encrypted: 334442 bytes, 4.557 ms)
[2025-12-03 08:04:48] NETWORK INFO: Server authentication successful for node: aggregator-001
✓ Aggregator connected: aggregator-001 from 127.0.0.1
✓ Sent 334442 bytes to aggregator-001 (0.54ms)
Session completed with aggregator-001
[2025-12-03 08:05:04] Meter 1: Generated 5.438 kWh (encrypted: 334442 bytes, 4.366 ms)
[2025-12-03 08:05:24] Meter 1: Generated 2.788 kWh (encrypted: 334484 bytes, 4.495 ms)
[2025-12-03 08:05:44] Meter 1: Generated 3.461 kWh (encrypted: 334154 bytes, 4.492 ms)
[2025-12-03 08:05:48] NETWORK INFO: Server authentication successful for node: aggregator-001
✓ Aggregator connected: aggregator-001 from 127.0.0.1
✓ Sent 334154 bytes to aggregator-001 (0.54ms)
Session completed with aggregator-001
[2025-12-03 08:06:04] Meter 1: Generated 1.863 kWh (encrypted: 334400 bytes, 4.478 ms)
[2025-12-03 08:06:24] Meter 1: Generated 6.703 kWh (encrypted: 334363 bytes, 4.461 ms)
[2025-12-03 08:06:44] Meter 1: Generated 6.597 kWh (encrypted: 334308 bytes, 4.369 ms)
[2025-12-03 08:06:48] NETWORK INFO: Server authentication successful for node: aggregator-001
✓ Aggregator connected: aggregator-001 from 127.0.0.1
✓ Sent 334308 bytes to aggregator-001 (0.76ms)
Session completed with aggregator-001
[2025-12-03 08:07:04] Meter 1: Generated 2.095 kWh (encrypted: 334121 bytes, 4.509 ms)
[2025-12-03 08:07:24] Meter 1: Generated 5.878 kWh (encrypted: 334145 bytes, 4.491 ms)
[2025-12-03 08:07:44] Meter 1: Generated 5.386 kWh (encrypted: 334042 bytes, 4.342 ms)
[2025-12-03 08:07:49] NETWORK INFO: Server authentication successful for node: aggregator-001
✓ Aggregator connected: aggregator-001 from 127.0.0.1
✓ Sent 334042 bytes to aggregator-001 (0.35ms)
Session completed with aggregator-001
[2025-12-03 08:08:04] Meter 1: Generated 4.732 kWh (encrypted: 334373 bytes, 4.568 ms)
[2025-12-03 08:08:24] Meter 1: Generated 0.771 kWh (encrypted: 334354 bytes, 4.495 ms)
[2025-12-03 08:08:44] Meter 1: Generated 2.860 kWh (encrypted: 334078 bytes, 4.613 ms)
[2025-12-03 08:08:49] NETWORK INFO: Server authentication successful for node: aggregator-001
✓ Aggregator connected: aggregator-001 from 127.0.0.1
✓ Sent 334078 bytes to aggregator-001 (0.36ms)
Session completed with aggregator-001
[2025-12-03 08:09:04] Meter 1: Generated 6.768 kWh (encrypted: 334471 bytes, 4.432 ms)
[2025-12-03 08:09:24] Meter 1: Generated 1.636 kWh (encrypted: 334424 bytes, 4.630 ms)
[2025-12-03 08:09:44] Meter 1: Generated 2.280 kWh (encrypted: 333799 bytes, 4.606 ms)
[2025-12-03 08:09:49] NETWORK INFO: Server authentication successful for node: aggregator-001
✓ Aggregator connected: aggregator-001 from 127.0.0.1
✓ Sent 333799 bytes to aggregator-001 (0.36ms)
Session completed with aggregator-001
[2025-12-03 08:10:04] Meter 1: Generated 0.978 kWh (encrypted: 334511 bytes, 4.612 ms)
[2025-12-03 08:10:24] Meter 1: Generated 2.913 kWh (encrypted: 334414 bytes, 4.506 ms)
[2025-12-03 08:10:44] Meter 1: Generated 5.210 kWh (encrypted: 334385 bytes, 4.505 ms)
[2025-12-03 08:10:49] NETWORK INFO: Server authentication successful for node: aggregator-001
✓ Aggregator connected: aggregator-001 from 127.0.0.1
✓ Sent 334385 bytes to aggregator-001 (3.32ms)
Session completed with aggregator-001
[2025-12-03 08:11:04] Meter 1: Generated 2.932 kWh (encrypted: 333307 bytes, 4.465 ms)
[2025-12-03 08:11:24] Meter 1: Generated 0.971 kWh (encrypted: 334372 bytes, 4.535 ms)
[2025-12-03 08:11:44] Meter 1: Generated 7.674 kWh (encrypted: 334417 bytes, 4.489 ms)
[2025-12-03 08:11:50] NETWORK INFO: Server authentication successful for node: aggregator-001
✓ Aggregator connected: aggregator-001 from 127.0.0.1
✓ Sent 334417 bytes to aggregator-001 (0.75ms)
Session completed with aggregator-001
[2025-12-03 08:12:04] Meter 1: Generated 3.250 kWh (encrypted: 334285 bytes, 4.526 ms)
[2025-12-03 08:12:24] Meter 1: Generated 2.768 kWh (encrypted: 334159 bytes, 4.744 ms)
[2025-12-03 08:12:44] Meter 1: Generated 7.548 kWh (encrypted: 334385 bytes, 4.463 ms)
[2025-12-03 08:12:50] NETWORK INFO: Server authentication successful for node: aggregator-001
✓ Aggregator connected: aggregator-001 from 127.0.0.1
✓ Sent 334385 bytes to aggregator-001 (0.39ms)
Session completed with aggregator-001
[2025-12-03 08:13:04] Meter 1: Generated 6.021 kWh (encrypted: 334231 bytes, 4.601 ms)
[2025-12-03 08:13:24] Meter 1: Generated 2.117 kWh (encrypted: 334379 bytes, 5.696 ms)
[2025-12-03 08:13:44] Meter 1: Generated 4.610 kWh (encrypted: 334406 bytes, 4.405 ms)
[2025-12-03 08:13:50] NETWORK INFO: Server authentication successful for node: aggregator-001
✓ Aggregator connected: aggregator-001 from 127.0.0.1
✓ Sent 334406 bytes to aggregator-001 (0.45ms)
Session completed with aggregator-001
[2025-12-03 08:14:04] Meter 1: Generated 6.057 kWh (encrypted: 334138 bytes, 4.631 ms)
[2025-12-03 08:14:24] Meter 1: Generated 6.106 kWh (encrypted: 334146 bytes, 4.372 ms)
[2025-12-03 08:14:44] Meter 1: Generated 6.813 kWh (encrypted: 334305 bytes, 4.403 ms)
[2025-12-03 08:14:51] NETWORK INFO: Server authentication successful for node: aggregator-001
✓ Aggregator connected: aggregator-001 from 127.0.0.1
✓ Sent 334305 bytes to aggregator-001 (1.67ms)
Session completed with aggregator-001
[2025-12-03 08:15:04] Meter 1: Generated 6.803 kWh (encrypted: 334092 bytes, 4.360 ms)
[2025-12-03 08:15:24] Meter 1: Generated 1.755 kWh (encrypted: 334427 bytes, 4.501 ms)
[2025-12-03 08:15:44] Meter 1: Generated 2.833 kWh (encrypted: 334402 bytes, 4.583 ms)
[2025-12-03 08:15:51] NETWORK INFO: Server authentication successful for node: aggregator-001
✓ Aggregator connected: aggregator-001 from 127.0.0.1
✓ Sent 334402 bytes to aggregator-001 (0.37ms)
Session completed with aggregator-001
[2025-12-03 08:16:04] Meter 1: Generated 3.599 kWh (encrypted: 334088 bytes, 4.378 ms)
[2025-12-03 08:16:24] Meter 1: Generated 3.169 kWh (encrypted: 334368 bytes, 4.576 ms)
[2025-12-03 08:16:44] Meter 1: Generated 2.775 kWh (encrypted: 334406 bytes, 4.759 ms)
[2025-12-03 08:16:51] NETWORK INFO: Server authentication successful for node: aggregator-001
✓ Aggregator connected: aggregator-001 from 127.0.0.1
✓ Sent 334406 bytes to aggregator-001 (0.39ms)
Session completed with aggregator-001
[2025-12-03 08:17:04] Meter 1: Generated 4.027 kWh (encrypted: 334241 bytes, 4.642 ms)
[2025-12-03 08:17:24] Meter 1: Generated 4.623 kWh (encrypted: 334351 bytes, 4.353 ms)
[2025-12-03 08:17:44] Meter 1: Generated 5.845 kWh (encrypted: 334242 bytes, 5.789 ms)
[2025-12-03 08:17:51] NETWORK INFO: Server authentication successful for node: aggregator-001
✓ Aggregator connected: aggregator-001 from 127.0.0.1
✓ Sent 334242 bytes to aggregator-001 (0.59ms)
Session completed with aggregator-001
[2025-12-03 08:18:04] Meter 1: Generated 3.829 kWh (encrypted: 334147 bytes, 5.946 ms)
[2025-12-03 08:18:24] Meter 1: Generated 5.629 kWh (encrypted: 334210 bytes, 4.651 ms)
[2025-12-03 08:18:44] Meter 1: Generated 4.938 kWh (encrypted: 334468 bytes, 4.529 ms)
[2025-12-03 08:18:52] NETWORK INFO: Server authentication successful for node: aggregator-001
✓ Aggregator connected: aggregator-001 from 127.0.0.1
✓ Sent 334468 bytes to aggregator-001 (0.47ms)
Session completed with aggregator-001
[2025-12-03 08:19:04] Meter 1: Generated 5.398 kWh (encrypted: 334113 bytes, 4.471 ms)
[2025-12-03 08:19:24] Meter 1: Generated 4.963 kWh (encrypted: 334154 bytes, 4.441 ms)
[2025-12-03 08:19:44] Meter 1: Generated 2.387 kWh (encrypted: 334323 bytes, 4.447 ms)
[2025-12-03 08:19:52] NETWORK INFO: Server authentication successful for node: aggregator-001
✓ Aggregator connected: aggregator-001 from 127.0.0.1
✓ Sent 334323 bytes to aggregator-001 (0.47ms)
Session completed with aggregator-001
[2025-12-03 08:20:04] Meter 1: Generated 6.983 kWh (encrypted: 334188 bytes, 4.407 ms)
[2025-12-03 08:20:24] Meter 1: Generated 3.186 kWh (encrypted: 334451 bytes, 4.659 ms)
[2025-12-03 08:20:44] Meter 1: Generated 2.533 kWh (encrypted: 334049 bytes, 4.690 ms)
[2025-12-03 08:20:52] NETWORK INFO: Server authentication successful for node: aggregator-001
✓ Aggregator connected: aggregator-001 from 127.0.0.1
✓ Sent 334049 bytes to aggregator-001 (0.60ms)
Session completed with aggregator-001
[2025-12-03 08:21:04] Meter 1: Generated 5.005 kWh (encrypted: 334524 bytes, 4.514 ms)
[2025-12-03 08:21:24] Meter 1: Generated 7.511 kWh (encrypted: 334354 bytes, 4.654 ms)
[2025-12-03 08:21:44] Meter 1: Generated 7.204 kWh (encrypted: 334390 bytes, 4.672 ms)
[2025-12-03 08:21:53] NETWORK INFO: Server authentication successful for node: aggregator-001
✓ Aggregator connected: aggregator-001 from 127.0.0.1
✓ Sent 334390 bytes to aggregator-001 (0.57ms)
Session completed with aggregator-001
[2025-12-03 08:22:04] Meter 1: Generated 3.961 kWh (encrypted: 334110 bytes, 6.324 ms)
[2025-12-03 08:22:24] Meter 1: Generated 3.175 kWh (encrypted: 333914 bytes, 4.510 ms)
[2025-12-03 08:22:44] Meter 1: Generated 1.218 kWh (encrypted: 334422 bytes, 4.507 ms)
[2025-12-03 08:22:53] NETWORK INFO: Server authentication successful for node: aggregator-001
✓ Aggregator connected: aggregator-001 from 127.0.0.1
✓ Sent 334422 bytes to aggregator-001 (0.69ms)
Session completed with aggregator-001
[2025-12-03 08:23:04] Meter 1: Generated 3.548 kWh (encrypted: 334125 bytes, 4.674 ms)
[2025-12-03 08:23:24] Meter 1: Generated 3.348 kWh (encrypted: 334366 bytes, 4.614 ms)
[2025-12-03 08:23:44] Meter 1: Generated 2.904 kWh (encrypted: 334367 bytes, 4.693 ms)
[2025-12-03 08:23:53] NETWORK INFO: Server authentication successful for node: aggregator-001
✓ Aggregator connected: aggregator-001 from 127.0.0.1
✓ Sent 334367 bytes to aggregator-001 (0.35ms)
Session completed with aggregator-001
[2025-12-03 08:24:04] Meter 1: Generated 3.706 kWh (encrypted: 334165 bytes, 4.731 ms)
[2025-12-03 08:24:24] Meter 1: Generated 6.821 kWh (encrypted: 334440 bytes, 4.596 ms)
[2025-12-03 08:24:44] Meter 1: Generated 1.767 kWh (encrypted: 334274 bytes, 4.582 ms)
[2025-12-03 08:24:53] NETWORK INFO: Server authentication successful for node: aggregator-001
✓ Aggregator connected: aggregator-001 from 127.0.0.1
✓ Sent 334274 bytes to aggregator-001 (0.51ms)
Session completed with aggregator-001
[2025-12-03 08:25:04] Meter 1: Generated 1.112 kWh (encrypted: 334006 bytes, 4.375 ms)
[2025-12-03 08:25:24] Meter 1: Generated 5.537 kWh (encrypted: 334075 bytes, 4.442 ms)
[2025-12-03 08:25:44] Meter 1: Generated 2.093 kWh (encrypted: 334471 bytes, 4.405 ms)
[2025-12-03 08:25:54] NETWORK INFO: Server authentication successful for node: aggregator-001
✓ Aggregator connected: aggregator-001 from 127.0.0.1
✓ Sent 334471 bytes to aggregator-001 (0.43ms)
Session completed with aggregator-001
[2025-12-03 08:26:04] Meter 1: Generated 1.627 kWh (encrypted: 334144 bytes, 4.489 ms)
[2025-12-03 08:26:24] Meter 1: Generated 7.437 kWh (encrypted: 334010 bytes, 4.714 ms)
[2025-12-03 08:26:44] Meter 1: Generated 3.025 kWh (encrypted: 333322 bytes, 4.424 ms)
[2025-12-03 08:26:54] NETWORK INFO: Server authentication successful for node: aggregator-001
✓ Aggregator connected: aggregator-001 from 127.0.0.1
✓ Sent 333322 bytes to aggregator-001 (1.25ms)
Session completed with aggregator-001
[2025-12-03 08:27:04] Meter 1: Generated 1.756 kWh (encrypted: 334416 bytes, 4.828 ms)
[2025-12-03 08:27:24] Meter 1: Generated 4.415 kWh (encrypted: 334264 bytes, 4.575 ms)
[2025-12-03 08:27:44] Meter 1: Generated 6.065 kWh (encrypted: 334542 bytes, 5.051 ms)
[2025-12-03 08:27:54] NETWORK INFO: Server authentication successful for node: aggregator-001
✓ Aggregator connected: aggregator-001 from 127.0.0.1
✓ Sent 334542 bytes to aggregator-001 (0.56ms)
Session completed with aggregator-001
[2025-12-03 08:28:04] Meter 1: Generated 3.961 kWh (encrypted: 334431 bytes, 4.342 ms)
[2025-12-03 08:28:24] Meter 1: Generated 0.624 kWh (encrypted: 334358 bytes, 4.774 ms)
[2025-12-03 08:28:44] Meter 1: Generated 3.273 kWh (encrypted: 334323 bytes, 4.787 ms)
[2025-12-03 08:28:55] NETWORK INFO: Server authentication successful for node: aggregator-001
✓ Aggregator connected: aggregator-001 from 127.0.0.1
✓ Sent 334323 bytes to aggregator-001 (0.46ms)
Session completed with aggregator-001
[2025-12-03 08:29:04] Meter 1: Generated 1.822 kWh (encrypted: 334192 bytes, 4.524 ms)
[2025-12-03 08:29:24] Meter 1: Generated 2.801 kWh (encrypted: 334331 bytes, 4.460 ms)
[2025-12-03 08:29:44] Meter 1: Generated 4.421 kWh (encrypted: 334346 bytes, 4.495 ms)
[2025-12-03 08:29:55] NETWORK INFO: Server authentication successful for node: aggregator-001
✓ Aggregator connected: aggregator-001 from 127.0.0.1
✓ Sent 334346 bytes to aggregator-001 (0.41ms)
Session completed with aggregator-001
[2025-12-03 08:30:04] Meter 1: Generated 4.691 kWh (encrypted: 334200 bytes, 4.260 ms)
[2025-12-03 08:30:24] Meter 1: Generated 6.494 kWh (encrypted: 334182 bytes, 4.657 ms)
[2025-12-03 08:30:44] Meter 1: Generated 7.371 kWh (encrypted: 334345 bytes, 4.460 ms)
[2025-12-03 08:30:55] NETWORK INFO: Server authentication successful for node: aggregator-001
✓ Aggregator connected: aggregator-001 from 127.0.0.1
✓ Sent 334345 bytes to aggregator-001 (0.44ms)
Session completed with aggregator-001
[2025-12-03 08:31:04] Meter 1: Generated 4.141 kWh (encrypted: 334112 bytes, 4.384 ms)
[2025-12-03 08:31:25] Meter 1: Generated 0.961 kWh (encrypted: 334077 bytes, 4.537 ms)
[2025-12-03 08:31:45] Meter 1: Generated 5.089 kWh (encrypted: 334210 bytes, 4.683 ms)
[2025-12-03 08:31:55] NETWORK INFO: Server authentication successful for node: aggregator-001
✓ Aggregator connected: aggregator-001 from 127.0.0.1
✓ Sent 334210 bytes to aggregator-001 (0.38ms)
Session completed with aggregator-001
[2025-12-03 08:32:05] Meter 1: Generated 1.527 kWh (encrypted: 334197 bytes, 4.715 ms)
[2025-12-03 08:32:25] Meter 1: Generated 3.158 kWh (encrypted: 334499 bytes, 4.412 ms)
[2025-12-03 08:32:45] Meter 1: Generated 2.896 kWh (encrypted: 334082 bytes, 4.424 ms)
[2025-12-03 08:32:56] NETWORK INFO: Server authentication successful for node: aggregator-001
✓ Aggregator connected: aggregator-001 from 127.0.0.1
✓ Sent 334082 bytes to aggregator-001 (0.46ms)
Session completed with aggregator-001
[2025-12-03 08:33:05] Meter 1: Generated 6.531 kWh (encrypted: 334544 bytes, 4.412 ms)
[2025-12-03 08:33:25] Meter 1: Generated 3.053 kWh (encrypted: 334490 bytes, 4.403 ms)
[2025-12-03 08:33:45] Meter 1: Generated 7.134 kWh (encrypted: 333987 bytes, 4.618 ms)
[2025-12-03 08:33:56] NETWORK INFO: Server authentication successful for node: aggregator-001
✓ Aggregator connected: aggregator-001 from 127.0.0.1
✓ Sent 333987 bytes to aggregator-001 (0.36ms)
Session completed with aggregator-001
[2025-12-03 08:34:05] Meter 1: Generated 1.299 kWh (encrypted: 334423 bytes, 4.353 ms)
[2025-12-03 08:34:25] Meter 1: Generated 3.958 kWh (encrypted: 334443 bytes, 4.509 ms)
[2025-12-03 08:34:45] Meter 1: Generated 3.879 kWh (encrypted: 334184 bytes, 4.591 ms)
[2025-12-03 08:34:56] NETWORK INFO: Server authentication successful for node: aggregator-001
✓ Aggregator connected: aggregator-001 from 127.0.0.1
✓ Sent 334184 bytes to aggregator-001 (0.41ms)
Session completed with aggregator-001
[2025-12-03 08:35:05] Meter 1: Generated 1.582 kWh (encrypted: 334454 bytes, 4.461 ms)
[2025-12-03 08:35:25] Meter 1: Generated 2.209 kWh (encrypted: 334208 bytes, 4.644 ms)
[2025-12-03 08:35:45] Meter 1: Generated 3.516 kWh (encrypted: 334196 bytes, 4.783 ms)
[2025-12-03 08:35:57] NETWORK INFO: Server authentication successful for node: aggregator-001
✓ Aggregator connected: aggregator-001 from 127.0.0.1
✓ Sent 334196 bytes to aggregator-001 (1.23ms)
Session completed with aggregator-001
[2025-12-03 08:36:05] Meter 1: Generated 5.431 kWh (encrypted: 334162 bytes, 4.575 ms)
[2025-12-03 08:36:25] Meter 1: Generated 4.599 kWh (encrypted: 334229 bytes, 4.688 ms)
[2025-12-03 08:36:45] Meter 1: Generated 6.201 kWh (encrypted: 334420 bytes, 4.560 ms)
[2025-12-03 08:36:57] NETWORK INFO: Server authentication successful for node: aggregator-001
✓ Aggregator connected: aggregator-001 from 127.0.0.1
✓ Sent 334420 bytes to aggregator-001 (0.56ms)
Session completed with aggregator-001
[2025-12-03 08:37:05] Meter 1: Generated 2.975 kWh (encrypted: 334458 bytes, 4.719 ms)
[2025-12-03 08:37:25] Meter 1: Generated 1.116 kWh (encrypted: 334316 bytes, 4.483 ms)
[2025-12-03 08:37:45] Meter 1: Generated 1.605 kWh (encrypted: 334399 bytes, 4.512 ms)
[2025-12-03 08:37:57] NETWORK INFO: Server authentication successful for node: aggregator-001
✓ Aggregator connected: aggregator-001 from 127.0.0.1
✓ Sent 334399 bytes to aggregator-001 (0.45ms)
Session completed with aggregator-001
[2025-12-03 08:38:05] Meter 1: Generated 3.801 kWh (encrypted: 334169 bytes, 4.487 ms)
[2025-12-03 08:38:25] Meter 1: Generated 4.943 kWh (encrypted: 334590 bytes, 4.438 ms)
[2025-12-03 08:38:45] Meter 1: Generated 1.501 kWh (encrypted: 334144 bytes, 4.598 ms)
[2025-12-03 08:38:57] NETWORK INFO: Server authentication successful for node: aggregator-001
✓ Aggregator connected: aggregator-001 from 127.0.0.1
✓ Sent 334144 bytes to aggregator-001 (0.36ms)
Session completed with aggregator-001
[2025-12-03 08:39:05] Meter 1: Generated 3.157 kWh (encrypted: 334300 bytes, 4.500 ms)
[2025-12-03 08:39:25] Meter 1: Generated 1.797 kWh (encrypted: 334265 bytes, 4.558 ms)
[2025-12-03 08:39:45] Meter 1: Generated 6.515 kWh (encrypted: 334144 bytes, 4.710 ms)
[2025-12-03 08:39:58] NETWORK INFO: Server authentication successful for node: aggregator-001
✓ Aggregator connected: aggregator-001 from 127.0.0.1
✓ Sent 334144 bytes to aggregator-001 (0.40ms)
Session completed with aggregator-001
[2025-12-03 08:40:05] Meter 1: Generated 1.726 kWh (encrypted: 334283 bytes, 4.408 ms)
[2025-12-03 08:40:25] Meter 1: Generated 1.360 kWh (encrypted: 334494 bytes, 4.446 ms)
[2025-12-03 08:40:45] Meter 1: Generated 2.466 kWh (encrypted: 334471 bytes, 4.606 ms)
[2025-12-03 08:40:58] NETWORK INFO: Server authentication successful for node: aggregator-001
✓ Aggregator connected: aggregator-001 from 127.0.0.1
✓ Sent 334471 bytes to aggregator-001 (0.44ms)
Session completed with aggregator-001
[2025-12-03 08:41:05] Meter 1: Generated 3.685 kWh (encrypted: 334403 bytes, 4.513 ms)
[2025-12-03 08:41:25] Meter 1: Generated 3.839 kWh (encrypted: 334474 bytes, 4.355 ms)
[2025-12-03 08:41:45] Meter 1: Generated 2.668 kWh (encrypted: 334156 bytes, 5.865 ms)

Received shutdown signal. Gracefully shutting down smart meter...

Received shutdown signal. Gracefully shutting down smart meter...
Network server thread stopped
Data generation thread stopped
Smart meter 1 shutdown complete
