=== Continuous Smart Meter Server 94 ===
Initializing for continuous operation...
SEAL context initialized
Loaded certificate: smart-meter-094
Requesting public keys from KDC...
[2025-12-10 07:57:00] NETWORK ERROR: Failed to connect to 127.0.0.1:8444: Connection refused
Error: Failed to connect to KDC at 127.0.0.1:8444
Error: Failed to send key request to KDC
Failed to obtain keys from KDC, falling back to file keys
Loaded keys from fallback files
Cryptographic components initialized
[2025-12-10 07:57:00] NETWORK INFO: Server socket created and listening on port 9094
✓ Smart meter server ready on port 9094
Data transmission interval: 20 seconds (15x accelerated - simulates 5min)
✓ Performance metrics CSV files initialized in performance_data/
Starting continuous smart meter operation...
Press Ctrl+C to stop gracefully
Data generation thread started
Network server thread started on port 9094
[2025-12-10 07:57:15] NETWORK INFO: Server authentication successful for node: aggregator-001
✓ Aggregator connected: aggregator-001 from 127.0.0.1
[2025-12-10 07:57:20] Meter 94: Generated 3.277 kWh (encrypted: 334048 bytes, 4.834 ms)
✓ Sent 334048 bytes to aggregator-001 (0.67ms)
Session completed with aggregator-001
[2025-12-10 07:57:40] Meter 94: Generated 5.505 kWh (encrypted: 334000 bytes, 4.327 ms)
[2025-12-10 07:58:00] Meter 94: Generated 7.443 kWh (encrypted: 334386 bytes, 4.650 ms)
[2025-12-10 07:58:20] Meter 94: Generated 2.188 kWh (encrypted: 334443 bytes, 4.319 ms)
[2025-12-10 07:58:25] NETWORK INFO: Server authentication successful for node: aggregator-001
✓ Aggregator connected: aggregator-001 from 127.0.0.1
✓ Sent 334443 bytes to aggregator-001 (2.41ms)
Session completed with aggregator-001
[2025-12-10 07:58:40] Meter 94: Generated 6.303 kWh (encrypted: 334361 bytes, 4.525 ms)
[2025-12-10 07:59:00] Meter 94: Generated 2.229 kWh (encrypted: 334176 bytes, 4.741 ms)
[2025-12-10 07:59:20] Meter 94: Generated 2.171 kWh (encrypted: 334316 bytes, 4.532 ms)
[2025-12-10 07:59:26] NETWORK INFO: Server authentication successful for node: aggregator-001
✓ Aggregator connected: aggregator-001 from 127.0.0.1
✓ Sent 334316 bytes to aggregator-001 (3.75ms)
Session completed with aggregator-001
[2025-12-10 07:59:40] Meter 94: Generated 3.201 kWh (encrypted: 334349 bytes, 4.486 ms)
[2025-12-10 08:00:00] Meter 94: Generated 4.973 kWh (encrypted: 334339 bytes, 4.592 ms)
[2025-12-10 08:00:20] Meter 94: Generated 1.520 kWh (encrypted: 334199 bytes, 5.018 ms)
[2025-12-10 08:00:28] NETWORK INFO: Server authentication successful for node: aggregator-001
✓ Aggregator connected: aggregator-001 from 127.0.0.1
✓ Sent 334199 bytes to aggregator-001 (0.41ms)
Session completed with aggregator-001
[2025-12-10 08:00:40] Meter 94: Generated 7.173 kWh (encrypted: 334259 bytes, 6.186 ms)
[2025-12-10 08:01:00] Meter 94: Generated 2.684 kWh (encrypted: 334428 bytes, 4.621 ms)
[2025-12-10 08:01:20] Meter 94: Generated 1.613 kWh (encrypted: 334180 bytes, 4.668 ms)
[2025-12-10 08:01:31] NETWORK INFO: Server authentication successful for node: aggregator-001
✓ Aggregator connected: aggregator-001 from 127.0.0.1
✓ Sent 334180 bytes to aggregator-001 (0.37ms)
Session completed with aggregator-001
[2025-12-10 08:01:40] Meter 94: Generated 4.342 kWh (encrypted: 334353 bytes, 4.791 ms)
[2025-12-10 08:02:00] Meter 94: Generated 6.819 kWh (encrypted: 334234 bytes, 4.636 ms)
[2025-12-10 08:02:20] Meter 94: Generated 6.018 kWh (encrypted: 333985 bytes, 4.452 ms)
[2025-12-10 08:02:33] NETWORK INFO: Server authentication successful for node: aggregator-001
✓ Aggregator connected: aggregator-001 from 127.0.0.1
✓ Sent 333985 bytes to aggregator-001 (22.52ms)
Session completed with aggregator-001
[2025-12-10 08:02:40] Meter 94: Generated 1.803 kWh (encrypted: 333292 bytes, 4.703 ms)
[2025-12-10 08:03:00] Meter 94: Generated 2.485 kWh (encrypted: 334242 bytes, 4.935 ms)
[2025-12-10 08:03:20] Meter 94: Generated 5.053 kWh (encrypted: 334414 bytes, 6.379 ms)
[2025-12-10 08:03:36] NETWORK INFO: Server authentication successful for node: aggregator-001
✓ Aggregator connected: aggregator-001 from 127.0.0.1
✓ Sent 334414 bytes to aggregator-001 (0.34ms)
Session completed with aggregator-001
[2025-12-10 08:03:40] Meter 94: Generated 3.440 kWh (encrypted: 334126 bytes, 4.630 ms)
[2025-12-10 08:04:00] Meter 94: Generated 5.551 kWh (encrypted: 334199 bytes, 4.639 ms)
[2025-12-10 08:04:20] Meter 94: Generated 0.783 kWh (encrypted: 334477 bytes, 4.735 ms)
[2025-12-10 08:04:39] NETWORK INFO: Server authentication successful for node: aggregator-001
✓ Aggregator connected: aggregator-001 from 127.0.0.1
✓ Sent 334477 bytes to aggregator-001 (7.80ms)
Session completed with aggregator-001
[2025-12-10 08:04:40] Meter 94: Generated 3.677 kWh (encrypted: 334402 bytes, 5.060 ms)
[2025-12-10 08:05:00] Meter 94: Generated 5.548 kWh (encrypted: 334260 bytes, 6.314 ms)
[2025-12-10 08:05:20] Meter 94: Generated 2.814 kWh (encrypted: 334329 bytes, 4.775 ms)
[2025-12-10 08:05:40] Meter 94: Generated 6.561 kWh (encrypted: 334249 bytes, 4.522 ms)
[2025-12-10 08:05:44] NETWORK INFO: Server authentication successful for node: aggregator-001
✓ Aggregator connected: aggregator-001 from 127.0.0.1
✓ Sent 334249 bytes to aggregator-001 (0.39ms)
Session completed with aggregator-001
[2025-12-10 08:06:00] Meter 94: Generated 2.171 kWh (encrypted: 334256 bytes, 6.652 ms)
[2025-12-10 08:06:20] Meter 94: Generated 7.465 kWh (encrypted: 334431 bytes, 6.490 ms)
[2025-12-10 08:06:40] Meter 94: Generated 4.102 kWh (encrypted: 334429 bytes, 4.634 ms)
[2025-12-10 08:06:50] NETWORK INFO: Server authentication successful for node: aggregator-001
✓ Aggregator connected: aggregator-001 from 127.0.0.1
✓ Sent 334429 bytes to aggregator-001 (0.36ms)
Session completed with aggregator-001
[2025-12-10 08:07:01] Meter 94: Generated 5.257 kWh (encrypted: 334443 bytes, 7.196 ms)
[2025-12-10 08:07:21] Meter 94: Generated 4.658 kWh (encrypted: 334320 bytes, 4.846 ms)
[2025-12-10 08:07:41] Meter 94: Generated 0.954 kWh (encrypted: 334458 bytes, 4.619 ms)
[2025-12-10 08:07:56] NETWORK INFO: Server authentication successful for node: aggregator-001
✓ Aggregator connected: aggregator-001 from 127.0.0.1
✓ Sent 334458 bytes to aggregator-001 (5.04ms)
Session completed with aggregator-001
[2025-12-10 08:08:01] Meter 94: Generated 2.216 kWh (encrypted: 334326 bytes, 6.764 ms)
[2025-12-10 08:08:21] Meter 94: Generated 5.940 kWh (encrypted: 333957 bytes, 4.578 ms)
[2025-12-10 08:08:41] Meter 94: Generated 1.572 kWh (encrypted: 334330 bytes, 5.666 ms)
[2025-12-10 08:09:01] Meter 94: Generated 6.021 kWh (encrypted: 334413 bytes, 6.851 ms)
[2025-12-10 08:09:01] NETWORK INFO: Server authentication successful for node: aggregator-001
✓ Aggregator connected: aggregator-001 from 127.0.0.1
✓ Sent 334413 bytes to aggregator-001 (0.39ms)
Session completed with aggregator-001
[2025-12-10 08:09:21] Meter 94: Generated 4.861 kWh (encrypted: 334347 bytes, 5.020 ms)
[2025-12-10 08:09:41] Meter 94: Generated 6.066 kWh (encrypted: 334097 bytes, 6.505 ms)
[2025-12-10 08:10:01] Meter 94: Generated 4.511 kWh (encrypted: 334437 bytes, 9.117 ms)
[2025-12-10 08:10:06] NETWORK INFO: Server authentication successful for node: aggregator-001
✓ Aggregator connected: aggregator-001 from 127.0.0.1
✓ Sent 334437 bytes to aggregator-001 (0.39ms)
Session completed with aggregator-001
[2025-12-10 08:10:21] Meter 94: Generated 2.576 kWh (encrypted: 334169 bytes, 4.457 ms)
[2025-12-10 08:10:41] Meter 94: Generated 7.325 kWh (encrypted: 333852 bytes, 4.923 ms)
[2025-12-10 08:11:01] Meter 94: Generated 2.651 kWh (encrypted: 334489 bytes, 4.532 ms)
[2025-12-10 08:11:12] NETWORK INFO: Server authentication successful for node: aggregator-001
✓ Aggregator connected: aggregator-001 from 127.0.0.1
✓ Sent 334489 bytes to aggregator-001 (0.40ms)
Session completed with aggregator-001
[2025-12-10 08:11:21] Meter 94: Generated 3.397 kWh (encrypted: 334024 bytes, 4.615 ms)
[2025-12-10 08:11:41] Meter 94: Generated 6.110 kWh (encrypted: 334094 bytes, 4.521 ms)
[2025-12-10 08:12:01] Meter 94: Generated 6.897 kWh (encrypted: 334111 bytes, 6.377 ms)
[2025-12-10 08:12:17] NETWORK INFO: Server authentication successful for node: aggregator-001
✓ Aggregator connected: aggregator-001 from 127.0.0.1
✓ Sent 334111 bytes to aggregator-001 (9.72ms)
Session completed with aggregator-001
[2025-12-10 08:12:21] Meter 94: Generated 7.397 kWh (encrypted: 334471 bytes, 6.708 ms)

Received shutdown signal. Gracefully shutting down smart meter...
Network server thread stopped
Data generation thread stopped
Smart meter 94 shutdown complete
