=== Continuous Smart Meter Server 376 ===
Initializing for continuous operation...
SEAL context initialized
Loaded certificate: smart-meter-376
Requesting public keys from KDC...
[2025-12-10 08:02:48] NETWORK ERROR: Failed to connect to 127.0.0.1:8444: Connection refused
Error: Failed to connect to KDC at 127.0.0.1:8444
Error: Failed to send key request to KDC
Failed to obtain keys from KDC, falling back to file keys
Loaded keys from fallback files
Cryptographic components initialized
[2025-12-10 08:02:48] NETWORK INFO: Server socket created and listening on port 9376
✓ Smart meter server ready on port 9376
Data transmission interval: 20 seconds (15x accelerated - simulates 5min)
✓ Performance metrics CSV files initialized in performance_data/
Starting continuous smart meter operation...
Press Ctrl+C to stop gracefully
Data generation thread started
Network server thread started on port 9376
[2025-12-10 08:03:08] Meter 376: Generated 0.829 kWh (encrypted: 334065 bytes, 7.369 ms)
[2025-12-10 08:03:29] Meter 376: Generated 3.405 kWh (encrypted: 334527 bytes, 4.589 ms)
[2025-12-10 08:03:36] NETWORK INFO: Server authentication successful for node: aggregator-001
✓ Aggregator connected: aggregator-001 from 127.0.0.1
✓ Sent 334527 bytes to aggregator-001 (0.83ms)
Session completed with aggregator-001
[2025-12-10 08:03:49] Meter 376: Generated 6.296 kWh (encrypted: 333934 bytes, 4.690 ms)
[2025-12-10 08:04:09] Meter 376: Generated 6.799 kWh (encrypted: 334266 bytes, 4.311 ms)
[2025-12-10 08:04:29] Meter 376: Generated 4.005 kWh (encrypted: 334520 bytes, 4.468 ms)
[2025-12-10 08:04:40] NETWORK INFO: Server authentication successful for node: aggregator-001
✓ Aggregator connected: aggregator-001 from 127.0.0.1
✓ Sent 334520 bytes to aggregator-001 (0.39ms)
Session completed with aggregator-001
[2025-12-10 08:04:49] Meter 376: Generated 4.119 kWh (encrypted: 334102 bytes, 6.352 ms)
[2025-12-10 08:05:09] Meter 376: Generated 5.545 kWh (encrypted: 334080 bytes, 5.993 ms)
[2025-12-10 08:05:29] Meter 376: Generated 4.684 kWh (encrypted: 334266 bytes, 4.408 ms)
[2025-12-10 08:05:44] NETWORK INFO: Server authentication successful for node: aggregator-001
✓ Aggregator connected: aggregator-001 from 127.0.0.1
✓ Sent 334266 bytes to aggregator-001 (2.36ms)
Session completed with aggregator-001
[2025-12-10 08:05:49] Meter 376: Generated 1.885 kWh (encrypted: 334421 bytes, 4.363 ms)
[2025-12-10 08:06:09] Meter 376: Generated 7.193 kWh (encrypted: 334435 bytes, 4.551 ms)
[2025-12-10 08:06:29] Meter 376: Generated 1.586 kWh (encrypted: 334346 bytes, 4.471 ms)
[2025-12-10 08:06:49] Meter 376: Generated 1.237 kWh (encrypted: 334131 bytes, 4.288 ms)
[2025-12-10 08:06:50] NETWORK INFO: Server authentication successful for node: aggregator-001
✓ Aggregator connected: aggregator-001 from 127.0.0.1
✓ Sent 334131 bytes to aggregator-001 (3.79ms)
Session completed with aggregator-001
[2025-12-10 08:07:09] Meter 376: Generated 0.963 kWh (encrypted: 334393 bytes, 6.597 ms)
[2025-12-10 08:07:29] Meter 376: Generated 0.989 kWh (encrypted: 334169 bytes, 4.561 ms)
[2025-12-10 08:07:49] Meter 376: Generated 6.871 kWh (encrypted: 334456 bytes, 4.701 ms)
[2025-12-10 08:07:56] NETWORK INFO: Server authentication successful for node: aggregator-001
✓ Aggregator connected: aggregator-001 from 127.0.0.1
✓ Sent 334456 bytes to aggregator-001 (0.40ms)
Session completed with aggregator-001
[2025-12-10 08:08:09] Meter 376: Generated 5.804 kWh (encrypted: 334424 bytes, 4.410 ms)
[2025-12-10 08:08:29] Meter 376: Generated 1.602 kWh (encrypted: 334218 bytes, 4.383 ms)
[2025-12-10 08:08:49] Meter 376: Generated 5.900 kWh (encrypted: 334500 bytes, 6.444 ms)
[2025-12-10 08:09:01] NETWORK INFO: Server authentication successful for node: aggregator-001
✓ Aggregator connected: aggregator-001 from 127.0.0.1
✓ Sent 334500 bytes to aggregator-001 (0.36ms)
Session completed with aggregator-001
[2025-12-10 08:09:09] Meter 376: Generated 2.287 kWh (encrypted: 334225 bytes, 5.133 ms)
[2025-12-10 08:09:29] Meter 376: Generated 3.452 kWh (encrypted: 334465 bytes, 6.315 ms)
[2025-12-10 08:09:49] Meter 376: Generated 3.203 kWh (encrypted: 334401 bytes, 4.434 ms)
[2025-12-10 08:10:06] NETWORK INFO: Server authentication successful for node: aggregator-001
✓ Aggregator connected: aggregator-001 from 127.0.0.1
✓ Sent 334401 bytes to aggregator-001 (0.34ms)
Session completed with aggregator-001
[2025-12-10 08:10:09] Meter 376: Generated 2.966 kWh (encrypted: 334098 bytes, 6.389 ms)
[2025-12-10 08:10:29] Meter 376: Generated 5.517 kWh (encrypted: 334463 bytes, 4.964 ms)
[2025-12-10 08:10:49] Meter 376: Generated 3.793 kWh (encrypted: 334379 bytes, 9.497 ms)
[2025-12-10 08:11:09] Meter 376: Generated 3.419 kWh (encrypted: 334085 bytes, 4.644 ms)
[2025-12-10 08:11:12] NETWORK INFO: Server authentication successful for node: aggregator-001
✓ Aggregator connected: aggregator-001 from 127.0.0.1
✓ Sent 334085 bytes to aggregator-001 (0.35ms)
Session completed with aggregator-001
[2025-12-10 08:11:29] Meter 376: Generated 6.916 kWh (encrypted: 334242 bytes, 6.548 ms)
[2025-12-10 08:11:49] Meter 376: Generated 6.312 kWh (encrypted: 334401 bytes, 4.619 ms)
[2025-12-10 08:12:09] Meter 376: Generated 2.174 kWh (encrypted: 334410 bytes, 6.089 ms)
[2025-12-10 08:12:17] NETWORK INFO: Server authentication successful for node: aggregator-001
✓ Aggregator connected: aggregator-001 from 127.0.0.1
✓ Sent 334410 bytes to aggregator-001 (3.72ms)
Session completed with aggregator-001
[2025-12-10 08:12:29] Meter 376: Generated 0.605 kWh (encrypted: 334281 bytes, 4.941 ms)

Received shutdown signal. Gracefully shutting down smart meter...
Network server thread stopped
Data generation thread stopped
Smart meter 376 shutdown complete
