=== Continuous Smart Meter Server 358 ===
Initializing for continuous operation...
SEAL context initialized
Loaded certificate: smart-meter-358
Requesting public keys from KDC...
[2025-12-10 08:02:26] NETWORK ERROR: Failed to connect to 127.0.0.1:8444: Connection refused
Error: Failed to connect to KDC at 127.0.0.1:8444
Error: Failed to send key request to KDC
Failed to obtain keys from KDC, falling back to file keys
Loaded keys from fallback files
Cryptographic components initialized
[2025-12-10 08:02:26] NETWORK INFO: Server socket created and listening on port 9358
✓ Smart meter server ready on port 9358
Data transmission interval: 20 seconds (15x accelerated - simulates 5min)
✓ Performance metrics CSV files initialized in performance_data/
Starting continuous smart meter operation...
Press Ctrl+C to stop gracefully
Network server thread started on port 9358
Data generation thread started
[2025-12-10 08:02:33] NETWORK INFO: Server authentication successful for node: aggregator-001
✓ Aggregator connected: aggregator-001 from 127.0.0.1
[2025-12-10 08:02:46] Meter 358: Generated 1.327 kWh (encrypted: 334078 bytes, 7.721 ms)
✓ Sent 334078 bytes to aggregator-001 (0.73ms)
Session completed with aggregator-001
[2025-12-10 08:03:06] Meter 358: Generated 6.949 kWh (encrypted: 334327 bytes, 4.993 ms)
[2025-12-10 08:03:26] Meter 358: Generated 2.889 kWh (encrypted: 334344 bytes, 6.792 ms)
[2025-12-10 08:03:36] NETWORK INFO: Server authentication successful for node: aggregator-001
✓ Aggregator connected: aggregator-001 from 127.0.0.1
✓ Sent 334344 bytes to aggregator-001 (0.40ms)
Session completed with aggregator-001
[2025-12-10 08:03:46] Meter 358: Generated 3.526 kWh (encrypted: 334245 bytes, 4.667 ms)
[2025-12-10 08:04:06] Meter 358: Generated 2.652 kWh (encrypted: 334192 bytes, 4.653 ms)
[2025-12-10 08:04:26] Meter 358: Generated 7.017 kWh (encrypted: 334286 bytes, 4.903 ms)
[2025-12-10 08:04:40] NETWORK INFO: Server authentication successful for node: aggregator-001
✓ Aggregator connected: aggregator-001 from 127.0.0.1
✓ Sent 334286 bytes to aggregator-001 (3.49ms)
Session completed with aggregator-001
[2025-12-10 08:04:46] Meter 358: Generated 2.085 kWh (encrypted: 333948 bytes, 4.549 ms)
[2025-12-10 08:05:06] Meter 358: Generated 2.852 kWh (encrypted: 334457 bytes, 6.513 ms)
[2025-12-10 08:05:26] Meter 358: Generated 3.866 kWh (encrypted: 334424 bytes, 6.476 ms)
[2025-12-10 08:05:44] NETWORK INFO: Server authentication successful for node: aggregator-001
✓ Aggregator connected: aggregator-001 from 127.0.0.1
✓ Sent 334424 bytes to aggregator-001 (0.36ms)
Session completed with aggregator-001
[2025-12-10 08:05:46] Meter 358: Generated 3.213 kWh (encrypted: 334163 bytes, 18.380 ms)
[2025-12-10 08:06:06] Meter 358: Generated 6.477 kWh (encrypted: 334342 bytes, 6.489 ms)
[2025-12-10 08:06:26] Meter 358: Generated 4.499 kWh (encrypted: 334107 bytes, 4.307 ms)
[2025-12-10 08:06:46] Meter 358: Generated 5.306 kWh (encrypted: 334504 bytes, 5.539 ms)
[2025-12-10 08:06:50] NETWORK INFO: Server authentication successful for node: aggregator-001
✓ Aggregator connected: aggregator-001 from 127.0.0.1
✓ Sent 334504 bytes to aggregator-001 (1.49ms)
Session completed with aggregator-001
[2025-12-10 08:07:06] Meter 358: Generated 6.047 kWh (encrypted: 334381 bytes, 6.507 ms)
[2025-12-10 08:07:26] Meter 358: Generated 2.647 kWh (encrypted: 334134 bytes, 4.361 ms)
[2025-12-10 08:07:46] Meter 358: Generated 2.446 kWh (encrypted: 334152 bytes, 4.378 ms)
[2025-12-10 08:07:56] NETWORK INFO: Server authentication successful for node: aggregator-001
✓ Aggregator connected: aggregator-001 from 127.0.0.1
✓ Sent 334152 bytes to aggregator-001 (0.36ms)
Session completed with aggregator-001
[2025-12-10 08:08:06] Meter 358: Generated 0.889 kWh (encrypted: 334538 bytes, 4.611 ms)
[2025-12-10 08:08:26] Meter 358: Generated 2.006 kWh (encrypted: 334264 bytes, 4.352 ms)
[2025-12-10 08:08:46] Meter 358: Generated 5.542 kWh (encrypted: 333832 bytes, 4.587 ms)
[2025-12-10 08:09:01] NETWORK INFO: Server authentication successful for node: aggregator-001
✓ Aggregator connected: aggregator-001 from 127.0.0.1
✓ Sent 333832 bytes to aggregator-001 (0.39ms)
Session completed with aggregator-001
[2025-12-10 08:09:06] Meter 358: Generated 1.464 kWh (encrypted: 334258 bytes, 4.507 ms)
[2025-12-10 08:09:26] Meter 358: Generated 3.668 kWh (encrypted: 334456 bytes, 4.847 ms)
[2025-12-10 08:09:46] Meter 358: Generated 5.560 kWh (encrypted: 334407 bytes, 6.420 ms)
[2025-12-10 08:10:06] NETWORK INFO: Server authentication successful for node: aggregator-001
✓ Aggregator connected: aggregator-001 from 127.0.0.1
✓ Sent 334407 bytes to aggregator-001 (0.40ms)
Session completed with aggregator-001
[2025-12-10 08:10:06] Meter 358: Generated 3.963 kWh (encrypted: 334460 bytes, 83.702 ms)
[2025-12-10 08:10:26] Meter 358: Generated 5.841 kWh (encrypted: 333918 bytes, 16.113 ms)
[2025-12-10 08:10:46] Meter 358: Generated 1.342 kWh (encrypted: 334308 bytes, 5.759 ms)
[2025-12-10 08:11:06] Meter 358: Generated 6.381 kWh (encrypted: 334364 bytes, 4.814 ms)
[2025-12-10 08:11:12] NETWORK INFO: Server authentication successful for node: aggregator-001
✓ Aggregator connected: aggregator-001 from 127.0.0.1
✓ Sent 334364 bytes to aggregator-001 (0.36ms)
Session completed with aggregator-001
[2025-12-10 08:11:26] Meter 358: Generated 7.219 kWh (encrypted: 334476 bytes, 6.179 ms)
[2025-12-10 08:11:46] Meter 358: Generated 4.290 kWh (encrypted: 334416 bytes, 7.407 ms)
[2025-12-10 08:12:06] Meter 358: Generated 1.334 kWh (encrypted: 334122 bytes, 6.635 ms)
[2025-12-10 08:12:17] NETWORK INFO: Server authentication successful for node: aggregator-001
✓ Aggregator connected: aggregator-001 from 127.0.0.1
✓ Sent 334122 bytes to aggregator-001 (0.36ms)
Session completed with aggregator-001
[2025-12-10 08:12:26] Meter 358: Generated 7.213 kWh (encrypted: 334536 bytes, 10.176 ms)

Received shutdown signal. Gracefully shutting down smart meter...
Data generation thread stopped
Network server thread stopped
Smart meter 358 shutdown complete
