=== Continuous Smart Meter Server 88 ===
Initializing for continuous operation...
SEAL context initialized
Loaded certificate: smart-meter-088
Requesting public keys from KDC...
[2025-12-10 07:56:53] NETWORK ERROR: Failed to connect to 127.0.0.1:8444: Connection refused
Error: Failed to connect to KDC at 127.0.0.1:8444
Error: Failed to send key request to KDC
Failed to obtain keys from KDC, falling back to file keys
Loaded keys from fallback files
Cryptographic components initialized
[2025-12-10 07:56:53] NETWORK INFO: Server socket created and listening on port 9088
✓ Smart meter server ready on port 9088
Data transmission interval: 20 seconds (15x accelerated - simulates 5min)
✓ Performance metrics CSV files initialized in performance_data/
Starting continuous smart meter operation...
Press Ctrl+C to stop gracefully
Data generation thread started
Network server thread started on port 9088
[2025-12-10 07:57:13] Meter 88: Generated 3.799 kWh (encrypted: 334263 bytes, 4.838 ms)
[2025-12-10 07:57:15] NETWORK INFO: Server authentication successful for node: aggregator-001
✓ Aggregator connected: aggregator-001 from 127.0.0.1
✓ Sent 334263 bytes to aggregator-001 (0.72ms)
Session completed with aggregator-001
[2025-12-10 07:57:33] Meter 88: Generated 6.192 kWh (encrypted: 334440 bytes, 4.260 ms)
[2025-12-10 07:57:53] Meter 88: Generated 1.082 kWh (encrypted: 334457 bytes, 4.754 ms)
[2025-12-10 07:58:13] Meter 88: Generated 3.255 kWh (encrypted: 334421 bytes, 4.463 ms)
[2025-12-10 07:58:25] NETWORK INFO: Server authentication successful for node: aggregator-001
✓ Aggregator connected: aggregator-001 from 127.0.0.1
✓ Sent 334421 bytes to aggregator-001 (1.12ms)
Session completed with aggregator-001
[2025-12-10 07:58:33] Meter 88: Generated 6.729 kWh (encrypted: 334390 bytes, 6.646 ms)
[2025-12-10 07:58:53] Meter 88: Generated 7.375 kWh (encrypted: 334206 bytes, 4.502 ms)
[2025-12-10 07:59:13] Meter 88: Generated 1.589 kWh (encrypted: 333263 bytes, 4.454 ms)
[2025-12-10 07:59:26] NETWORK INFO: Server authentication successful for node: aggregator-001
✓ Aggregator connected: aggregator-001 from 127.0.0.1
✓ Sent 333263 bytes to aggregator-001 (0.37ms)
Session completed with aggregator-001
[2025-12-10 07:59:33] Meter 88: Generated 3.988 kWh (encrypted: 334121 bytes, 4.542 ms)
[2025-12-10 07:59:53] Meter 88: Generated 5.281 kWh (encrypted: 334085 bytes, 4.547 ms)
[2025-12-10 08:00:13] Meter 88: Generated 1.166 kWh (encrypted: 334325 bytes, 5.277 ms)
[2025-12-10 08:00:28] NETWORK INFO: Server authentication successful for node: aggregator-001
✓ Aggregator connected: aggregator-001 from 127.0.0.1
✓ Sent 334325 bytes to aggregator-001 (0.35ms)
Session completed with aggregator-001
[2025-12-10 08:00:33] Meter 88: Generated 1.035 kWh (encrypted: 334485 bytes, 4.532 ms)
[2025-12-10 08:00:53] Meter 88: Generated 6.983 kWh (encrypted: 334253 bytes, 4.646 ms)
[2025-12-10 08:01:13] Meter 88: Generated 2.184 kWh (encrypted: 333546 bytes, 4.973 ms)
[2025-12-10 08:01:31] NETWORK INFO: Server authentication successful for node: aggregator-001
✓ Aggregator connected: aggregator-001 from 127.0.0.1
✓ Sent 333546 bytes to aggregator-001 (0.37ms)
Session completed with aggregator-001
[2025-12-10 08:01:33] Meter 88: Generated 1.273 kWh (encrypted: 334387 bytes, 4.587 ms)
[2025-12-10 08:01:53] Meter 88: Generated 2.270 kWh (encrypted: 334255 bytes, 4.782 ms)
[2025-12-10 08:02:13] Meter 88: Generated 3.318 kWh (encrypted: 334301 bytes, 4.306 ms)
[2025-12-10 08:02:33] NETWORK INFO: Server authentication successful for node: aggregator-001
✓ Aggregator connected: aggregator-001 from 127.0.0.1
[2025-12-10 08:02:33] Meter 88: Generated 1.495 kWh (encrypted: 334410 bytes, 20.995 ms)
✓ Sent 334410 bytes to aggregator-001 (0.40ms)
Session completed with aggregator-001
[2025-12-10 08:02:53] Meter 88: Generated 4.610 kWh (encrypted: 334443 bytes, 4.513 ms)
[2025-12-10 08:03:13] Meter 88: Generated 6.412 kWh (encrypted: 334408 bytes, 5.096 ms)
[2025-12-10 08:03:33] Meter 88: Generated 3.893 kWh (encrypted: 334312 bytes, 7.058 ms)
[2025-12-10 08:03:36] NETWORK INFO: Server authentication successful for node: aggregator-001
✓ Aggregator connected: aggregator-001 from 127.0.0.1
✓ Sent 334312 bytes to aggregator-001 (0.36ms)
Session completed with aggregator-001
[2025-12-10 08:03:53] Meter 88: Generated 2.124 kWh (encrypted: 334358 bytes, 4.629 ms)
[2025-12-10 08:04:13] Meter 88: Generated 2.976 kWh (encrypted: 334432 bytes, 4.331 ms)
[2025-12-10 08:04:33] Meter 88: Generated 4.611 kWh (encrypted: 334195 bytes, 5.107 ms)
[2025-12-10 08:04:39] NETWORK INFO: Server authentication successful for node: aggregator-001
✓ Aggregator connected: aggregator-001 from 127.0.0.1
✓ Sent 334195 bytes to aggregator-001 (8.30ms)
Session completed with aggregator-001
[2025-12-10 08:04:53] Meter 88: Generated 1.925 kWh (encrypted: 334419 bytes, 5.077 ms)
[2025-12-10 08:05:13] Meter 88: Generated 4.953 kWh (encrypted: 334364 bytes, 5.834 ms)
[2025-12-10 08:05:33] Meter 88: Generated 5.594 kWh (encrypted: 334334 bytes, 4.478 ms)
[2025-12-10 08:05:44] NETWORK INFO: Server authentication successful for node: aggregator-001
✓ Aggregator connected: aggregator-001 from 127.0.0.1
✓ Sent 334334 bytes to aggregator-001 (0.36ms)
Session completed with aggregator-001
[2025-12-10 08:05:53] Meter 88: Generated 5.951 kWh (encrypted: 334181 bytes, 4.542 ms)
[2025-12-10 08:06:13] Meter 88: Generated 4.615 kWh (encrypted: 334413 bytes, 4.897 ms)
[2025-12-10 08:06:33] Meter 88: Generated 1.179 kWh (encrypted: 334117 bytes, 4.730 ms)
[2025-12-10 08:06:50] NETWORK INFO: Server authentication successful for node: aggregator-001
✓ Aggregator connected: aggregator-001 from 127.0.0.1
✓ Sent 334117 bytes to aggregator-001 (0.36ms)
Session completed with aggregator-001
[2025-12-10 08:06:53] Meter 88: Generated 6.416 kWh (encrypted: 334058 bytes, 4.525 ms)
[2025-12-10 08:07:13] Meter 88: Generated 6.560 kWh (encrypted: 334458 bytes, 6.493 ms)
[2025-12-10 08:07:33] Meter 88: Generated 2.617 kWh (encrypted: 334483 bytes, 5.696 ms)
[2025-12-10 08:07:53] Meter 88: Generated 6.673 kWh (encrypted: 334495 bytes, 4.537 ms)
[2025-12-10 08:07:56] NETWORK INFO: Server authentication successful for node: aggregator-001
✓ Aggregator connected: aggregator-001 from 127.0.0.1
✓ Sent 334495 bytes to aggregator-001 (5.15ms)
Session completed with aggregator-001
[2025-12-10 08:08:13] Meter 88: Generated 2.707 kWh (encrypted: 334217 bytes, 6.632 ms)
[2025-12-10 08:08:33] Meter 88: Generated 3.332 kWh (encrypted: 334169 bytes, 4.440 ms)
[2025-12-10 08:08:53] Meter 88: Generated 6.841 kWh (encrypted: 334393 bytes, 4.992 ms)
[2025-12-10 08:09:01] NETWORK INFO: Server authentication successful for node: aggregator-001
✓ Aggregator connected: aggregator-001 from 127.0.0.1
✓ Sent 334393 bytes to aggregator-001 (0.40ms)
Session completed with aggregator-001
[2025-12-10 08:09:13] Meter 88: Generated 2.209 kWh (encrypted: 334397 bytes, 6.473 ms)
[2025-12-10 08:09:33] Meter 88: Generated 5.913 kWh (encrypted: 334397 bytes, 6.661 ms)
[2025-12-10 08:09:53] Meter 88: Generated 2.093 kWh (encrypted: 334105 bytes, 4.864 ms)
[2025-12-10 08:10:06] NETWORK INFO: Server authentication successful for node: aggregator-001
✓ Aggregator connected: aggregator-001 from 127.0.0.1
✓ Sent 334105 bytes to aggregator-001 (0.36ms)
Session completed with aggregator-001
[2025-12-10 08:10:13] Meter 88: Generated 5.720 kWh (encrypted: 334454 bytes, 4.295 ms)
[2025-12-10 08:10:33] Meter 88: Generated 6.871 kWh (encrypted: 334282 bytes, 5.805 ms)
[2025-12-10 08:10:53] Meter 88: Generated 7.280 kWh (encrypted: 334181 bytes, 4.843 ms)
[2025-12-10 08:11:12] NETWORK INFO: Server authentication successful for node: aggregator-001
✓ Aggregator connected: aggregator-001 from 127.0.0.1
✓ Sent 334181 bytes to aggregator-001 (0.36ms)
Session completed with aggregator-001
[2025-12-10 08:11:13] Meter 88: Generated 6.035 kWh (encrypted: 333301 bytes, 6.760 ms)
[2025-12-10 08:11:33] Meter 88: Generated 5.773 kWh (encrypted: 334175 bytes, 6.956 ms)
[2025-12-10 08:11:53] Meter 88: Generated 6.265 kWh (encrypted: 334491 bytes, 4.562 ms)
[2025-12-10 08:12:13] Meter 88: Generated 2.647 kWh (encrypted: 334188 bytes, 5.507 ms)
[2025-12-10 08:12:17] NETWORK INFO: Server authentication successful for node: aggregator-001
✓ Aggregator connected: aggregator-001 from 127.0.0.1
✓ Sent 334188 bytes to aggregator-001 (0.39ms)
Session completed with aggregator-001
[2025-12-10 08:12:33] Meter 88: Generated 6.650 kWh (encrypted: 333952 bytes, 6.059 ms)

Received shutdown signal. Gracefully shutting down smart meter...
Network server thread stopped
Data generation thread stopped
Smart meter 88 shutdown complete
