=== Continuous Smart Meter Server 394 ===
Initializing for continuous operation...
SEAL context initialized
Loaded certificate: smart-meter-394
Requesting public keys from KDC...
[2025-12-10 08:03:11] NETWORK ERROR: Failed to connect to 127.0.0.1:8444: Connection refused
Error: Failed to connect to KDC at 127.0.0.1:8444
Error: Failed to send key request to KDC
Failed to obtain keys from KDC, falling back to file keys
Loaded keys from fallback files
Cryptographic components initialized
[2025-12-10 08:03:11] NETWORK INFO: Server socket created and listening on port 9394
✓ Smart meter server ready on port 9394
Data transmission interval: 20 seconds (15x accelerated - simulates 5min)
✓ Performance metrics CSV files initialized in performance_data/
Starting continuous smart meter operation...
Press Ctrl+C to stop gracefully
Data generation thread started
Network server thread started on port 9394
[2025-12-10 08:03:31] Meter 394: Generated 4.130 kWh (encrypted: 334341 bytes, 6.831 ms)
[2025-12-10 08:03:36] NETWORK INFO: Server authentication successful for node: aggregator-001
✓ Aggregator connected: aggregator-001 from 127.0.0.1
✓ Sent 334341 bytes to aggregator-001 (25.04ms)
Session completed with aggregator-001
[2025-12-10 08:03:51] Meter 394: Generated 7.434 kWh (encrypted: 334334 bytes, 4.748 ms)
[2025-12-10 08:04:11] Meter 394: Generated 2.696 kWh (encrypted: 334297 bytes, 4.470 ms)
[2025-12-10 08:04:31] Meter 394: Generated 2.677 kWh (encrypted: 334381 bytes, 4.350 ms)
[2025-12-10 08:04:39] NETWORK INFO: Server authentication successful for node: aggregator-001
✓ Aggregator connected: aggregator-001 from 127.0.0.1
✓ Sent 334381 bytes to aggregator-001 (15.11ms)
Session completed with aggregator-001
[2025-12-10 08:04:51] Meter 394: Generated 7.320 kWh (encrypted: 334032 bytes, 4.804 ms)
[2025-12-10 08:05:11] Meter 394: Generated 6.599 kWh (encrypted: 334189 bytes, 4.492 ms)
[2025-12-10 08:05:31] Meter 394: Generated 6.273 kWh (encrypted: 334485 bytes, 4.471 ms)
[2025-12-10 08:05:44] NETWORK INFO: Server authentication successful for node: aggregator-001
✓ Aggregator connected: aggregator-001 from 127.0.0.1
✓ Sent 334485 bytes to aggregator-001 (13.26ms)
Session completed with aggregator-001
[2025-12-10 08:05:51] Meter 394: Generated 4.228 kWh (encrypted: 334424 bytes, 5.762 ms)
[2025-12-10 08:06:11] Meter 394: Generated 2.164 kWh (encrypted: 334249 bytes, 7.324 ms)
[2025-12-10 08:06:31] Meter 394: Generated 6.719 kWh (encrypted: 334331 bytes, 4.438 ms)
[2025-12-10 08:06:50] NETWORK INFO: Server authentication successful for node: aggregator-001
✓ Aggregator connected: aggregator-001 from 127.0.0.1
✓ Sent 334331 bytes to aggregator-001 (0.36ms)
Session completed with aggregator-001
[2025-12-10 08:06:51] Meter 394: Generated 2.087 kWh (encrypted: 334261 bytes, 7.404 ms)
[2025-12-10 08:07:11] Meter 394: Generated 1.900 kWh (encrypted: 334153 bytes, 5.008 ms)
[2025-12-10 08:07:31] Meter 394: Generated 6.915 kWh (encrypted: 334423 bytes, 6.595 ms)
[2025-12-10 08:07:51] Meter 394: Generated 0.874 kWh (encrypted: 334156 bytes, 4.334 ms)
[2025-12-10 08:07:56] NETWORK INFO: Server authentication successful for node: aggregator-001
✓ Aggregator connected: aggregator-001 from 127.0.0.1
✓ Sent 334156 bytes to aggregator-001 (0.43ms)
Session completed with aggregator-001
[2025-12-10 08:08:11] Meter 394: Generated 1.451 kWh (encrypted: 334108 bytes, 4.657 ms)
[2025-12-10 08:08:31] Meter 394: Generated 2.650 kWh (encrypted: 334306 bytes, 4.328 ms)
[2025-12-10 08:08:51] Meter 394: Generated 5.511 kWh (encrypted: 334441 bytes, 4.490 ms)
[2025-12-10 08:09:01] NETWORK INFO: Server authentication successful for node: aggregator-001
✓ Aggregator connected: aggregator-001 from 127.0.0.1
✓ Sent 334441 bytes to aggregator-001 (0.37ms)
Session completed with aggregator-001
[2025-12-10 08:09:11] Meter 394: Generated 3.446 kWh (encrypted: 334360 bytes, 8.973 ms)
[2025-12-10 08:09:31] Meter 394: Generated 3.633 kWh (encrypted: 334121 bytes, 6.616 ms)
[2025-12-10 08:09:51] Meter 394: Generated 6.561 kWh (encrypted: 334358 bytes, 5.860 ms)
[2025-12-10 08:10:06] NETWORK INFO: Server authentication successful for node: aggregator-001
✓ Aggregator connected: aggregator-001 from 127.0.0.1
✓ Sent 334358 bytes to aggregator-001 (0.91ms)
Session completed with aggregator-001
[2025-12-10 08:10:11] Meter 394: Generated 6.624 kWh (encrypted: 334450 bytes, 4.318 ms)
[2025-12-10 08:10:31] Meter 394: Generated 3.165 kWh (encrypted: 334350 bytes, 4.449 ms)
[2025-12-10 08:10:51] Meter 394: Generated 2.645 kWh (encrypted: 334424 bytes, 5.108 ms)
[2025-12-10 08:11:11] Meter 394: Generated 4.246 kWh (encrypted: 334181 bytes, 5.192 ms)
[2025-12-10 08:11:12] NETWORK INFO: Server authentication successful for node: aggregator-001
✓ Aggregator connected: aggregator-001 from 127.0.0.1
✓ Sent 334181 bytes to aggregator-001 (0.36ms)
Session completed with aggregator-001
[2025-12-10 08:11:31] Meter 394: Generated 3.503 kWh (encrypted: 334157 bytes, 4.741 ms)
[2025-12-10 08:11:51] Meter 394: Generated 1.964 kWh (encrypted: 334212 bytes, 4.990 ms)
[2025-12-10 08:12:11] Meter 394: Generated 3.059 kWh (encrypted: 334425 bytes, 6.508 ms)
[2025-12-10 08:12:17] NETWORK INFO: Server authentication successful for node: aggregator-001
✓ Aggregator connected: aggregator-001 from 127.0.0.1
✓ Sent 334425 bytes to aggregator-001 (1.39ms)
Session completed with aggregator-001
[2025-12-10 08:12:31] Meter 394: Generated 2.775 kWh (encrypted: 333865 bytes, 6.553 ms)

Received shutdown signal. Gracefully shutting down smart meter...
Network server thread stopped
Data generation thread stopped
Smart meter 394 shutdown complete
