=== Continuous Smart Meter Server 419 ===
Initializing for continuous operation...
SEAL context initialized
Loaded certificate: smart-meter-419
Requesting public keys from KDC...
[2025-12-10 08:03:43] NETWORK ERROR: Failed to connect to 127.0.0.1:8444: Connection refused
Error: Failed to connect to KDC at 127.0.0.1:8444
Error: Failed to send key request to KDC
Failed to obtain keys from KDC, falling back to file keys
Loaded keys from fallback files
Cryptographic components initialized
[2025-12-10 08:03:43] NETWORK INFO: Server socket created and listening on port 9419
✓ Smart meter server ready on port 9419
Data transmission interval: 20 seconds (15x accelerated - simulates 5min)
✓ Performance metrics CSV files initialized in performance_data/
Starting continuous smart meter operation...
Press Ctrl+C to stop gracefully
Data generation thread started
Network server thread started on port 9419
[2025-12-10 08:04:03] Meter 419: Generated 5.431 kWh (encrypted: 334334 bytes, 7.530 ms)
[2025-12-10 08:04:23] Meter 419: Generated 5.096 kWh (encrypted: 334448 bytes, 6.862 ms)
[2025-12-10 08:04:40] NETWORK INFO: Server authentication successful for node: aggregator-001
✓ Aggregator connected: aggregator-001 from 127.0.0.1
✓ Sent 334448 bytes to aggregator-001 (1.58ms)
Session completed with aggregator-001
[2025-12-10 08:04:43] Meter 419: Generated 6.147 kWh (encrypted: 334441 bytes, 5.217 ms)
[2025-12-10 08:05:03] Meter 419: Generated 2.132 kWh (encrypted: 334133 bytes, 5.009 ms)
[2025-12-10 08:05:23] Meter 419: Generated 3.842 kWh (encrypted: 333450 bytes, 4.773 ms)
[2025-12-10 08:05:43] Meter 419: Generated 7.120 kWh (encrypted: 334278 bytes, 4.543 ms)
[2025-12-10 08:05:44] NETWORK INFO: Server authentication successful for node: aggregator-001
✓ Aggregator connected: aggregator-001 from 127.0.0.1
✓ Sent 334278 bytes to aggregator-001 (0.41ms)
Session completed with aggregator-001
[2025-12-10 08:06:03] Meter 419: Generated 2.096 kWh (encrypted: 334508 bytes, 6.665 ms)
[2025-12-10 08:06:23] Meter 419: Generated 4.275 kWh (encrypted: 334054 bytes, 6.663 ms)
[2025-12-10 08:06:43] Meter 419: Generated 4.906 kWh (encrypted: 334433 bytes, 4.826 ms)
[2025-12-10 08:06:50] NETWORK INFO: Server authentication successful for node: aggregator-001
✓ Aggregator connected: aggregator-001 from 127.0.0.1
✓ Sent 334433 bytes to aggregator-001 (0.37ms)
Session completed with aggregator-001
[2025-12-10 08:07:03] Meter 419: Generated 2.310 kWh (encrypted: 334426 bytes, 6.543 ms)
[2025-12-10 08:07:23] Meter 419: Generated 5.517 kWh (encrypted: 334404 bytes, 4.871 ms)
[2025-12-10 08:07:43] Meter 419: Generated 3.982 kWh (encrypted: 334318 bytes, 6.425 ms)
[2025-12-10 08:07:56] NETWORK INFO: Server authentication successful for node: aggregator-001
✓ Aggregator connected: aggregator-001 from 127.0.0.1
✓ Sent 334318 bytes to aggregator-001 (0.35ms)
Session completed with aggregator-001
[2025-12-10 08:08:03] Meter 419: Generated 6.286 kWh (encrypted: 334308 bytes, 6.471 ms)
[2025-12-10 08:08:23] Meter 419: Generated 3.019 kWh (encrypted: 334322 bytes, 4.641 ms)
[2025-12-10 08:08:43] Meter 419: Generated 5.745 kWh (encrypted: 334433 bytes, 4.660 ms)
[2025-12-10 08:09:01] NETWORK INFO: Server authentication successful for node: aggregator-001
✓ Aggregator connected: aggregator-001 from 127.0.0.1
✓ Sent 334433 bytes to aggregator-001 (0.55ms)
Session completed with aggregator-001
[2025-12-10 08:09:03] Meter 419: Generated 3.206 kWh (encrypted: 334183 bytes, 6.544 ms)
[2025-12-10 08:09:23] Meter 419: Generated 1.615 kWh (encrypted: 334193 bytes, 8.492 ms)
[2025-12-10 08:09:43] Meter 419: Generated 3.417 kWh (encrypted: 333794 bytes, 6.625 ms)
[2025-12-10 08:10:03] Meter 419: Generated 4.649 kWh (encrypted: 334084 bytes, 6.554 ms)
[2025-12-10 08:10:06] NETWORK INFO: Server authentication successful for node: aggregator-001
✓ Aggregator connected: aggregator-001 from 127.0.0.1
✓ Sent 334084 bytes to aggregator-001 (9.98ms)
Session completed with aggregator-001
[2025-12-10 08:10:23] Meter 419: Generated 0.937 kWh (encrypted: 334296 bytes, 6.707 ms)
[2025-12-10 08:10:43] Meter 419: Generated 6.458 kWh (encrypted: 334326 bytes, 5.716 ms)
[2025-12-10 08:11:03] Meter 419: Generated 5.810 kWh (encrypted: 334436 bytes, 5.808 ms)
[2025-12-10 08:11:12] NETWORK INFO: Server authentication successful for node: aggregator-001
✓ Aggregator connected: aggregator-001 from 127.0.0.1
✓ Sent 334436 bytes to aggregator-001 (0.36ms)
Session completed with aggregator-001
[2025-12-10 08:11:23] Meter 419: Generated 4.910 kWh (encrypted: 334348 bytes, 6.417 ms)
[2025-12-10 08:11:43] Meter 419: Generated 2.852 kWh (encrypted: 334164 bytes, 4.553 ms)
[2025-12-10 08:12:03] Meter 419: Generated 4.277 kWh (encrypted: 334344 bytes, 6.779 ms)
[2025-12-10 08:12:17] NETWORK INFO: Server authentication successful for node: aggregator-001
✓ Aggregator connected: aggregator-001 from 127.0.0.1
✓ Sent 334344 bytes to aggregator-001 (0.35ms)
Session completed with aggregator-001
[2025-12-10 08:12:23] Meter 419: Generated 4.866 kWh (encrypted: 334182 bytes, 6.542 ms)

Received shutdown signal. Gracefully shutting down smart meter...
Network server thread stopped
Data generation thread stopped
Smart meter 419 shutdown complete
