=== Continuous Smart Meter Server 477 ===
Initializing for continuous operation...
SEAL context initialized
Loaded certificate: smart-meter-477
Requesting public keys from KDC...
[2025-12-10 08:04:56] NETWORK ERROR: Failed to connect to 127.0.0.1:8444: Connection refused
Error: Failed to connect to KDC at 127.0.0.1:8444
Error: Failed to send key request to KDC
Failed to obtain keys from KDC, falling back to file keys
Loaded keys from fallback files
Cryptographic components initialized
[2025-12-10 08:04:56] NETWORK INFO: Server socket created and listening on port 9477
✓ Smart meter server ready on port 9477
Data transmission interval: 20 seconds (15x accelerated - simulates 5min)
✓ Performance metrics CSV files initialized in performance_data/
Starting continuous smart meter operation...
Press Ctrl+C to stop gracefully
Data generation thread started
Network server thread started on port 9477
[2025-12-10 08:05:16] Meter 477: Generated 2.181 kWh (encrypted: 334047 bytes, 7.287 ms)
[2025-12-10 08:05:36] Meter 477: Generated 4.374 kWh (encrypted: 334164 bytes, 4.536 ms)
[2025-12-10 08:05:44] NETWORK INFO: Server authentication successful for node: aggregator-001
✓ Aggregator connected: aggregator-001 from 127.0.0.1
✓ Sent 334164 bytes to aggregator-001 (1.17ms)
Session completed with aggregator-001
[2025-12-10 08:05:56] Meter 477: Generated 7.288 kWh (encrypted: 334367 bytes, 4.795 ms)
[2025-12-10 08:06:16] Meter 477: Generated 1.600 kWh (encrypted: 334433 bytes, 6.867 ms)
[2025-12-10 08:06:36] Meter 477: Generated 0.713 kWh (encrypted: 334416 bytes, 4.952 ms)
[2025-12-10 08:06:50] NETWORK INFO: Server authentication successful for node: aggregator-001
✓ Aggregator connected: aggregator-001 from 127.0.0.1
✓ Sent 334416 bytes to aggregator-001 (2.35ms)
Session completed with aggregator-001
[2025-12-10 08:06:56] Meter 477: Generated 6.129 kWh (encrypted: 334361 bytes, 6.342 ms)
[2025-12-10 08:07:16] Meter 477: Generated 2.301 kWh (encrypted: 334324 bytes, 6.681 ms)
[2025-12-10 08:07:36] Meter 477: Generated 6.858 kWh (encrypted: 334494 bytes, 4.905 ms)
[2025-12-10 08:07:56] NETWORK INFO: Server authentication successful for node: aggregator-001
✓ Aggregator connected: aggregator-001 from 127.0.0.1
✓ Sent 334494 bytes to aggregator-001 (0.36ms)
Session completed with aggregator-001
[2025-12-10 08:07:56] Meter 477: Generated 5.353 kWh (encrypted: 334134 bytes, 4.340 ms)
[2025-12-10 08:08:16] Meter 477: Generated 7.548 kWh (encrypted: 334459 bytes, 14.489 ms)
[2025-12-10 08:08:36] Meter 477: Generated 6.243 kWh (encrypted: 334198 bytes, 4.794 ms)
[2025-12-10 08:08:56] Meter 477: Generated 6.723 kWh (encrypted: 334447 bytes, 4.391 ms)
[2025-12-10 08:09:01] NETWORK INFO: Server authentication successful for node: aggregator-001
✓ Aggregator connected: aggregator-001 from 127.0.0.1
✓ Sent 334447 bytes to aggregator-001 (0.34ms)
Session completed with aggregator-001
[2025-12-10 08:09:16] Meter 477: Generated 5.328 kWh (encrypted: 334446 bytes, 6.403 ms)
[2025-12-10 08:09:36] Meter 477: Generated 1.884 kWh (encrypted: 334470 bytes, 4.799 ms)
[2025-12-10 08:09:56] Meter 477: Generated 4.041 kWh (encrypted: 334192 bytes, 4.945 ms)
[2025-12-10 08:10:06] NETWORK INFO: Server authentication successful for node: aggregator-001
✓ Aggregator connected: aggregator-001 from 127.0.0.1
✓ Sent 334192 bytes to aggregator-001 (30.98ms)
Session completed with aggregator-001
[2025-12-10 08:10:16] Meter 477: Generated 3.398 kWh (encrypted: 334192 bytes, 5.401 ms)
[2025-12-10 08:10:36] Meter 477: Generated 6.339 kWh (encrypted: 334302 bytes, 7.419 ms)
[2025-12-10 08:10:56] Meter 477: Generated 4.165 kWh (encrypted: 334304 bytes, 4.863 ms)
[2025-12-10 08:11:12] NETWORK INFO: Server authentication successful for node: aggregator-001
✓ Aggregator connected: aggregator-001 from 127.0.0.1
✓ Sent 334304 bytes to aggregator-001 (0.34ms)
Session completed with aggregator-001
[2025-12-10 08:11:16] Meter 477: Generated 6.925 kWh (encrypted: 334087 bytes, 4.607 ms)
[2025-12-10 08:11:36] Meter 477: Generated 1.867 kWh (encrypted: 334275 bytes, 4.718 ms)
[2025-12-10 08:11:56] Meter 477: Generated 3.279 kWh (encrypted: 334075 bytes, 4.700 ms)
[2025-12-10 08:12:16] Meter 477: Generated 6.816 kWh (encrypted: 334205 bytes, 11.408 ms)
[2025-12-10 08:12:17] NETWORK INFO: Server authentication successful for node: aggregator-001
✓ Aggregator connected: aggregator-001 from 127.0.0.1
✓ Sent 334205 bytes to aggregator-001 (0.36ms)
Session completed with aggregator-001

Received shutdown signal. Gracefully shutting down smart meter...
Network server thread stopped
Data generation thread stopped
Smart meter 477 shutdown complete
