=== Continuous Smart Meter Server 143 ===
Initializing for continuous operation...
SEAL context initialized
Loaded certificate: smart-meter-143
Requesting public keys from KDC...
[2025-12-10 07:58:00] NETWORK ERROR: Failed to connect to 127.0.0.1:8444: Connection refused
Error: Failed to connect to KDC at 127.0.0.1:8444
Error: Failed to send key request to KDC
Failed to obtain keys from KDC, falling back to file keys
Loaded keys from fallback files
Cryptographic components initialized
[2025-12-10 07:58:00] NETWORK INFO: Server socket created and listening on port 9143
✓ Smart meter server ready on port 9143
Data transmission interval: 20 seconds (15x accelerated - simulates 5min)
✓ Performance metrics CSV files initialized in performance_data/
Starting continuous smart meter operation...
Press Ctrl+C to stop gracefully
Data generation thread started
Network server thread started on port 9143
[2025-12-10 07:58:20] Meter 143: Generated 3.533 kWh (encrypted: 334545 bytes, 7.044 ms)
[2025-12-10 07:58:25] NETWORK INFO: Server authentication successful for node: aggregator-001
✓ Aggregator connected: aggregator-001 from 127.0.0.1
✓ Sent 334545 bytes to aggregator-001 (1.02ms)
Session completed with aggregator-001
[2025-12-10 07:58:40] Meter 143: Generated 3.442 kWh (encrypted: 334451 bytes, 4.385 ms)
[2025-12-10 07:59:00] Meter 143: Generated 6.378 kWh (encrypted: 334380 bytes, 4.915 ms)
[2025-12-10 07:59:20] Meter 143: Generated 7.465 kWh (encrypted: 334140 bytes, 4.633 ms)
[2025-12-10 07:59:26] NETWORK INFO: Server authentication successful for node: aggregator-001
✓ Aggregator connected: aggregator-001 from 127.0.0.1
✓ Sent 334140 bytes to aggregator-001 (4.01ms)
Session completed with aggregator-001
[2025-12-10 07:59:40] Meter 143: Generated 3.389 kWh (encrypted: 333940 bytes, 4.357 ms)
[2025-12-10 08:00:00] Meter 143: Generated 3.395 kWh (encrypted: 334447 bytes, 4.649 ms)
[2025-12-10 08:00:20] Meter 143: Generated 1.384 kWh (encrypted: 333954 bytes, 4.453 ms)
[2025-12-10 08:00:28] NETWORK INFO: Server authentication successful for node: aggregator-001
✓ Aggregator connected: aggregator-001 from 127.0.0.1
✓ Sent 333954 bytes to aggregator-001 (0.37ms)
Session completed with aggregator-001
[2025-12-10 08:00:40] Meter 143: Generated 3.617 kWh (encrypted: 334360 bytes, 4.710 ms)
[2025-12-10 08:01:00] Meter 143: Generated 6.787 kWh (encrypted: 334279 bytes, 4.323 ms)
[2025-12-10 08:01:20] Meter 143: Generated 0.781 kWh (encrypted: 334337 bytes, 4.603 ms)
[2025-12-10 08:01:31] NETWORK INFO: Server authentication successful for node: aggregator-001
✓ Aggregator connected: aggregator-001 from 127.0.0.1
✓ Sent 334337 bytes to aggregator-001 (0.38ms)
Session completed with aggregator-001
[2025-12-10 08:01:40] Meter 143: Generated 4.791 kWh (encrypted: 334304 bytes, 4.304 ms)
[2025-12-10 08:02:00] Meter 143: Generated 4.366 kWh (encrypted: 334076 bytes, 4.753 ms)
[2025-12-10 08:02:20] Meter 143: Generated 4.763 kWh (encrypted: 334333 bytes, 4.374 ms)
[2025-12-10 08:02:33] NETWORK INFO: Server authentication successful for node: aggregator-001
✓ Aggregator connected: aggregator-001 from 127.0.0.1
✓ Sent 334333 bytes to aggregator-001 (0.36ms)
Session completed with aggregator-001
[2025-12-10 08:02:40] Meter 143: Generated 1.399 kWh (encrypted: 333888 bytes, 6.651 ms)
[2025-12-10 08:03:00] Meter 143: Generated 7.042 kWh (encrypted: 333877 bytes, 4.785 ms)
[2025-12-10 08:03:20] Meter 143: Generated 2.513 kWh (encrypted: 334144 bytes, 4.326 ms)
[2025-12-10 08:03:36] NETWORK INFO: Server authentication successful for node: aggregator-001
✓ Aggregator connected: aggregator-001 from 127.0.0.1
✓ Sent 334144 bytes to aggregator-001 (3.74ms)
Session completed with aggregator-001
[2025-12-10 08:03:40] Meter 143: Generated 2.411 kWh (encrypted: 334357 bytes, 4.419 ms)
[2025-12-10 08:04:00] Meter 143: Generated 5.926 kWh (encrypted: 334406 bytes, 4.284 ms)
[2025-12-10 08:04:20] Meter 143: Generated 3.634 kWh (encrypted: 334316 bytes, 4.352 ms)
[2025-12-10 08:04:39] NETWORK INFO: Server authentication successful for node: aggregator-001
✓ Aggregator connected: aggregator-001 from 127.0.0.1
✓ Sent 334316 bytes to aggregator-001 (0.36ms)
Session completed with aggregator-001
[2025-12-10 08:04:40] Meter 143: Generated 3.512 kWh (encrypted: 334103 bytes, 5.666 ms)
[2025-12-10 08:05:00] Meter 143: Generated 1.123 kWh (encrypted: 334221 bytes, 5.849 ms)
[2025-12-10 08:05:20] Meter 143: Generated 1.167 kWh (encrypted: 334473 bytes, 6.744 ms)
[2025-12-10 08:05:40] Meter 143: Generated 5.139 kWh (encrypted: 334408 bytes, 4.627 ms)
[2025-12-10 08:05:44] NETWORK INFO: Server authentication successful for node: aggregator-001
✓ Aggregator connected: aggregator-001 from 127.0.0.1
✓ Sent 334408 bytes to aggregator-001 (0.39ms)
Session completed with aggregator-001
[2025-12-10 08:06:00] Meter 143: Generated 5.281 kWh (encrypted: 334399 bytes, 6.672 ms)
[2025-12-10 08:06:20] Meter 143: Generated 6.085 kWh (encrypted: 334063 bytes, 4.315 ms)
[2025-12-10 08:06:40] Meter 143: Generated 6.308 kWh (encrypted: 334117 bytes, 4.362 ms)
[2025-12-10 08:06:50] NETWORK INFO: Server authentication successful for node: aggregator-001
✓ Aggregator connected: aggregator-001 from 127.0.0.1
✓ Sent 334117 bytes to aggregator-001 (0.34ms)
Session completed with aggregator-001
[2025-12-10 08:07:00] Meter 143: Generated 4.638 kWh (encrypted: 334400 bytes, 6.730 ms)
[2025-12-10 08:07:20] Meter 143: Generated 4.995 kWh (encrypted: 334505 bytes, 6.481 ms)
[2025-12-10 08:07:40] Meter 143: Generated 4.370 kWh (encrypted: 334498 bytes, 4.644 ms)
[2025-12-10 08:07:56] NETWORK INFO: Server authentication successful for node: aggregator-001
✓ Aggregator connected: aggregator-001 from 127.0.0.1
✓ Sent 334498 bytes to aggregator-001 (0.36ms)
Session completed with aggregator-001
[2025-12-10 08:08:00] Meter 143: Generated 6.789 kWh (encrypted: 334454 bytes, 6.612 ms)
[2025-12-10 08:08:20] Meter 143: Generated 1.741 kWh (encrypted: 334292 bytes, 6.199 ms)
[2025-12-10 08:08:40] Meter 143: Generated 7.086 kWh (encrypted: 334442 bytes, 4.721 ms)
[2025-12-10 08:09:00] Meter 143: Generated 2.497 kWh (encrypted: 334344 bytes, 6.493 ms)
[2025-12-10 08:09:01] NETWORK INFO: Server authentication successful for node: aggregator-001
✓ Aggregator connected: aggregator-001 from 127.0.0.1
✓ Sent 334344 bytes to aggregator-001 (16.51ms)
Session completed with aggregator-001
[2025-12-10 08:09:20] Meter 143: Generated 4.888 kWh (encrypted: 334291 bytes, 4.346 ms)
[2025-12-10 08:09:40] Meter 143: Generated 3.881 kWh (encrypted: 334403 bytes, 6.732 ms)
[2025-12-10 08:10:00] Meter 143: Generated 4.054 kWh (encrypted: 334460 bytes, 6.379 ms)
[2025-12-10 08:10:06] NETWORK INFO: Server authentication successful for node: aggregator-001
✓ Aggregator connected: aggregator-001 from 127.0.0.1
✓ Sent 334460 bytes to aggregator-001 (10.58ms)
Session completed with aggregator-001
[2025-12-10 08:10:20] Meter 143: Generated 1.975 kWh (encrypted: 334185 bytes, 6.446 ms)
[2025-12-10 08:10:40] Meter 143: Generated 4.485 kWh (encrypted: 334381 bytes, 4.365 ms)
[2025-12-10 08:11:00] Meter 143: Generated 4.436 kWh (encrypted: 334106 bytes, 4.928 ms)
[2025-12-10 08:11:12] NETWORK INFO: Server authentication successful for node: aggregator-001
✓ Aggregator connected: aggregator-001 from 127.0.0.1
✓ Sent 334106 bytes to aggregator-001 (1.17ms)
Session completed with aggregator-001
[2025-12-10 08:11:20] Meter 143: Generated 1.742 kWh (encrypted: 334333 bytes, 4.737 ms)
[2025-12-10 08:11:40] Meter 143: Generated 3.317 kWh (encrypted: 334179 bytes, 7.139 ms)
[2025-12-10 08:12:00] Meter 143: Generated 3.421 kWh (encrypted: 333931 bytes, 7.030 ms)
[2025-12-10 08:12:17] NETWORK INFO: Server authentication successful for node: aggregator-001
✓ Aggregator connected: aggregator-001 from 127.0.0.1
✓ Sent 333931 bytes to aggregator-001 (8.49ms)
Session completed with aggregator-001
[2025-12-10 08:12:21] Meter 143: Generated 7.632 kWh (encrypted: 334142 bytes, 4.456 ms)

Received shutdown signal. Gracefully shutting down smart meter...
Data generation thread stopped
Network server thread stopped
Smart meter 143 shutdown complete
