=== Continuous Smart Meter Server 163 ===
Initializing for continuous operation...
SEAL context initialized
Loaded certificate: smart-meter-163
Requesting public keys from KDC...
[2025-12-10 07:58:25] NETWORK ERROR: Failed to connect to 127.0.0.1:8444: Connection refused
Error: Failed to connect to KDC at 127.0.0.1:8444
Error: Failed to send key request to KDC
Failed to obtain keys from KDC, falling back to file keys
Loaded keys from fallback files
Cryptographic components initialized
[2025-12-10 07:58:25] NETWORK INFO: Server socket created and listening on port 9163
✓ Smart meter server ready on port 9163
Data transmission interval: 20 seconds (15x accelerated - simulates 5min)
✓ Performance metrics CSV files initialized in performance_data/
Starting continuous smart meter operation...
Press Ctrl+C to stop gracefully
Data generation thread started
Network server thread started on port 9163
[2025-12-10 07:58:25] NETWORK INFO: Server authentication successful for node: aggregator-001
✓ Aggregator connected: aggregator-001 from 127.0.0.1
[2025-12-10 07:58:45] Meter 163: Generated 2.034 kWh (encrypted: 334104 bytes, 5.255 ms)
✓ Sent 334104 bytes to aggregator-001 (0.70ms)
Session completed with aggregator-001
[2025-12-10 07:59:05] Meter 163: Generated 3.542 kWh (encrypted: 334211 bytes, 4.562 ms)
[2025-12-10 07:59:25] Meter 163: Generated 6.806 kWh (encrypted: 334228 bytes, 4.494 ms)
[2025-12-10 07:59:26] NETWORK INFO: Server authentication successful for node: aggregator-001
✓ Aggregator connected: aggregator-001 from 127.0.0.1
✓ Sent 334228 bytes to aggregator-001 (0.38ms)
Session completed with aggregator-001
[2025-12-10 07:59:45] Meter 163: Generated 5.150 kWh (encrypted: 334388 bytes, 4.591 ms)
[2025-12-10 08:00:05] Meter 163: Generated 6.780 kWh (encrypted: 334170 bytes, 4.681 ms)
[2025-12-10 08:00:25] Meter 163: Generated 6.984 kWh (encrypted: 334384 bytes, 5.057 ms)
[2025-12-10 08:00:28] NETWORK INFO: Server authentication successful for node: aggregator-001
✓ Aggregator connected: aggregator-001 from 127.0.0.1
✓ Sent 334384 bytes to aggregator-001 (0.39ms)
Session completed with aggregator-001
[2025-12-10 08:00:45] Meter 163: Generated 3.790 kWh (encrypted: 334427 bytes, 4.926 ms)
[2025-12-10 08:01:05] Meter 163: Generated 1.826 kWh (encrypted: 334430 bytes, 4.327 ms)
[2025-12-10 08:01:25] Meter 163: Generated 4.156 kWh (encrypted: 334074 bytes, 5.999 ms)
[2025-12-10 08:01:31] NETWORK INFO: Server authentication successful for node: aggregator-001
✓ Aggregator connected: aggregator-001 from 127.0.0.1
✓ Sent 334074 bytes to aggregator-001 (0.39ms)
Session completed with aggregator-001
[2025-12-10 08:01:45] Meter 163: Generated 3.035 kWh (encrypted: 334235 bytes, 4.579 ms)
[2025-12-10 08:02:05] Meter 163: Generated 2.107 kWh (encrypted: 333544 bytes, 6.041 ms)
[2025-12-10 08:02:25] Meter 163: Generated 5.957 kWh (encrypted: 334350 bytes, 23.685 ms)
[2025-12-10 08:02:33] NETWORK INFO: Server authentication successful for node: aggregator-001
✓ Aggregator connected: aggregator-001 from 127.0.0.1
✓ Sent 334350 bytes to aggregator-001 (0.38ms)
Session completed with aggregator-001
[2025-12-10 08:02:45] Meter 163: Generated 5.602 kWh (encrypted: 334401 bytes, 6.343 ms)
[2025-12-10 08:03:05] Meter 163: Generated 2.143 kWh (encrypted: 334460 bytes, 6.933 ms)
[2025-12-10 08:03:25] Meter 163: Generated 3.823 kWh (encrypted: 334118 bytes, 4.589 ms)
[2025-12-10 08:03:36] NETWORK INFO: Server authentication successful for node: aggregator-001
✓ Aggregator connected: aggregator-001 from 127.0.0.1
✓ Sent 334118 bytes to aggregator-001 (0.51ms)
Session completed with aggregator-001
[2025-12-10 08:03:45] Meter 163: Generated 2.999 kWh (encrypted: 334116 bytes, 6.735 ms)
[2025-12-10 08:04:05] Meter 163: Generated 5.451 kWh (encrypted: 334322 bytes, 4.795 ms)
[2025-12-10 08:04:25] Meter 163: Generated 5.778 kWh (encrypted: 334315 bytes, 5.817 ms)
[2025-12-10 08:04:40] NETWORK INFO: Server authentication successful for node: aggregator-001
✓ Aggregator connected: aggregator-001 from 127.0.0.1
✓ Sent 334315 bytes to aggregator-001 (0.44ms)
Session completed with aggregator-001
[2025-12-10 08:04:45] Meter 163: Generated 0.807 kWh (encrypted: 334240 bytes, 5.012 ms)
[2025-12-10 08:05:05] Meter 163: Generated 5.235 kWh (encrypted: 334214 bytes, 4.969 ms)
[2025-12-10 08:05:25] Meter 163: Generated 3.445 kWh (encrypted: 334097 bytes, 5.180 ms)
[2025-12-10 08:05:44] NETWORK INFO: Server authentication successful for node: aggregator-001
✓ Aggregator connected: aggregator-001 from 127.0.0.1
✓ Sent 334097 bytes to aggregator-001 (0.33ms)
Session completed with aggregator-001
[2025-12-10 08:05:45] Meter 163: Generated 5.258 kWh (encrypted: 334119 bytes, 5.131 ms)
[2025-12-10 08:06:05] Meter 163: Generated 2.599 kWh (encrypted: 334138 bytes, 4.829 ms)
[2025-12-10 08:06:25] Meter 163: Generated 5.498 kWh (encrypted: 334150 bytes, 4.899 ms)
[2025-12-10 08:06:45] Meter 163: Generated 7.138 kWh (encrypted: 334375 bytes, 4.697 ms)
[2025-12-10 08:06:50] NETWORK INFO: Server authentication successful for node: aggregator-001
✓ Aggregator connected: aggregator-001 from 127.0.0.1
✓ Sent 334375 bytes to aggregator-001 (0.52ms)
Session completed with aggregator-001
[2025-12-10 08:07:05] Meter 163: Generated 5.954 kWh (encrypted: 334091 bytes, 6.547 ms)
[2025-12-10 08:07:25] Meter 163: Generated 2.893 kWh (encrypted: 334280 bytes, 4.620 ms)
[2025-12-10 08:07:45] Meter 163: Generated 7.303 kWh (encrypted: 334388 bytes, 4.486 ms)
[2025-12-10 08:07:55] NETWORK INFO: Server authentication successful for node: aggregator-001
✓ Aggregator connected: aggregator-001 from 127.0.0.1
✓ Sent 334388 bytes to aggregator-001 (9.55ms)
Session completed with aggregator-001
[2025-12-10 08:08:05] Meter 163: Generated 7.561 kWh (encrypted: 334287 bytes, 6.649 ms)
[2025-12-10 08:08:25] Meter 163: Generated 3.102 kWh (encrypted: 334058 bytes, 6.508 ms)
[2025-12-10 08:08:45] Meter 163: Generated 5.646 kWh (encrypted: 334412 bytes, 4.912 ms)
[2025-12-10 08:09:01] NETWORK INFO: Server authentication successful for node: aggregator-001
✓ Aggregator connected: aggregator-001 from 127.0.0.1
✓ Sent 334412 bytes to aggregator-001 (0.39ms)
Session completed with aggregator-001
[2025-12-10 08:09:05] Meter 163: Generated 2.990 kWh (encrypted: 334303 bytes, 5.019 ms)
[2025-12-10 08:09:25] Meter 163: Generated 7.360 kWh (encrypted: 334201 bytes, 6.930 ms)
[2025-12-10 08:09:45] Meter 163: Generated 5.856 kWh (encrypted: 334273 bytes, 4.990 ms)
[2025-12-10 08:10:05] Meter 163: Generated 6.127 kWh (encrypted: 334242 bytes, 4.644 ms)
[2025-12-10 08:10:06] NETWORK INFO: Server authentication successful for node: aggregator-001
✓ Aggregator connected: aggregator-001 from 127.0.0.1
✓ Sent 334242 bytes to aggregator-001 (0.40ms)
Session completed with aggregator-001
[2025-12-10 08:10:25] Meter 163: Generated 3.666 kWh (encrypted: 334219 bytes, 9.450 ms)
[2025-12-10 08:10:45] Meter 163: Generated 3.381 kWh (encrypted: 334491 bytes, 4.723 ms)
[2025-12-10 08:11:05] Meter 163: Generated 3.297 kWh (encrypted: 334424 bytes, 5.279 ms)
[2025-12-10 08:11:12] NETWORK INFO: Server authentication successful for node: aggregator-001
✓ Aggregator connected: aggregator-001 from 127.0.0.1
✓ Sent 334424 bytes to aggregator-001 (1.65ms)
Session completed with aggregator-001
[2025-12-10 08:11:25] Meter 163: Generated 2.104 kWh (encrypted: 334145 bytes, 6.943 ms)
[2025-12-10 08:11:45] Meter 163: Generated 1.957 kWh (encrypted: 334399 bytes, 6.084 ms)
[2025-12-10 08:12:05] Meter 163: Generated 3.575 kWh (encrypted: 334455 bytes, 4.862 ms)
[2025-12-10 08:12:17] NETWORK INFO: Server authentication successful for node: aggregator-001
✓ Aggregator connected: aggregator-001 from 127.0.0.1
✓ Sent 334455 bytes to aggregator-001 (0.36ms)
Session completed with aggregator-001
[2025-12-10 08:12:25] Meter 163: Generated 5.498 kWh (encrypted: 334308 bytes, 4.942 ms)

Received shutdown signal. Gracefully shutting down smart meter...
Network server thread stopped
Data generation thread stopped
Smart meter 163 shutdown complete
