=== Continuous Smart Meter Server 204 ===
Initializing for continuous operation...
SEAL context initialized
Loaded certificate: smart-meter-204
Requesting public keys from KDC...
[2025-12-10 07:59:15] NETWORK ERROR: Failed to connect to 127.0.0.1:8444: Connection refused
Error: Failed to connect to KDC at 127.0.0.1:8444
Error: Failed to send key request to KDC
Failed to obtain keys from KDC, falling back to file keys
Loaded keys from fallback files
Cryptographic components initialized
[2025-12-10 07:59:15] NETWORK INFO: Server socket created and listening on port 9204
✓ Smart meter server ready on port 9204
Data transmission interval: 20 seconds (15x accelerated - simulates 5min)
✓ Performance metrics CSV files initialized in performance_data/
Starting continuous smart meter operation...
Press Ctrl+C to stop gracefully
Data generation thread started
Network server thread started on port 9204
[2025-12-10 07:59:27] NETWORK INFO: Server authentication successful for node: aggregator-001
✓ Aggregator connected: aggregator-001 from 127.0.0.1
[2025-12-10 07:59:35] Meter 204: Generated 6.100 kWh (encrypted: 334454 bytes, 5.164 ms)
✓ Sent 334454 bytes to aggregator-001 (0.73ms)
Session completed with aggregator-001
[2025-12-10 07:59:55] Meter 204: Generated 6.722 kWh (encrypted: 334289 bytes, 4.351 ms)
[2025-12-10 08:00:15] Meter 204: Generated 6.560 kWh (encrypted: 334345 bytes, 4.665 ms)
[2025-12-10 08:00:28] NETWORK INFO: Server authentication successful for node: aggregator-001
✓ Aggregator connected: aggregator-001 from 127.0.0.1
✓ Sent 334345 bytes to aggregator-001 (0.38ms)
Session completed with aggregator-001
[2025-12-10 08:00:35] Meter 204: Generated 6.108 kWh (encrypted: 334486 bytes, 5.074 ms)
[2025-12-10 08:00:55] Meter 204: Generated 0.992 kWh (encrypted: 334480 bytes, 4.523 ms)
[2025-12-10 08:01:15] Meter 204: Generated 5.810 kWh (encrypted: 334302 bytes, 4.604 ms)
[2025-12-10 08:01:31] NETWORK INFO: Server authentication successful for node: aggregator-001
✓ Aggregator connected: aggregator-001 from 127.0.0.1
✓ Sent 334302 bytes to aggregator-001 (0.35ms)
Session completed with aggregator-001
[2025-12-10 08:01:35] Meter 204: Generated 4.803 kWh (encrypted: 334376 bytes, 4.649 ms)
[2025-12-10 08:01:55] Meter 204: Generated 4.819 kWh (encrypted: 334294 bytes, 4.585 ms)
[2025-12-10 08:02:15] Meter 204: Generated 4.352 kWh (encrypted: 334426 bytes, 4.471 ms)
[2025-12-10 08:02:33] NETWORK INFO: Server authentication successful for node: aggregator-001
✓ Aggregator connected: aggregator-001 from 127.0.0.1
✓ Sent 334426 bytes to aggregator-001 (0.37ms)
Session completed with aggregator-001
[2025-12-10 08:02:35] Meter 204: Generated 3.564 kWh (encrypted: 334221 bytes, 4.486 ms)
[2025-12-10 08:02:55] Meter 204: Generated 1.304 kWh (encrypted: 334413 bytes, 4.296 ms)
[2025-12-10 08:03:15] Meter 204: Generated 5.805 kWh (encrypted: 334087 bytes, 5.127 ms)
[2025-12-10 08:03:35] Meter 204: Generated 2.185 kWh (encrypted: 334187 bytes, 4.354 ms)
[2025-12-10 08:03:36] NETWORK INFO: Server authentication successful for node: aggregator-001
✓ Aggregator connected: aggregator-001 from 127.0.0.1
✓ Sent 334187 bytes to aggregator-001 (13.52ms)
Session completed with aggregator-001
[2025-12-10 08:03:55] Meter 204: Generated 1.778 kWh (encrypted: 334250 bytes, 5.648 ms)
[2025-12-10 08:04:15] Meter 204: Generated 2.799 kWh (encrypted: 334513 bytes, 5.418 ms)
[2025-12-10 08:04:35] Meter 204: Generated 4.560 kWh (encrypted: 334080 bytes, 4.720 ms)
[2025-12-10 08:04:39] NETWORK INFO: Server authentication successful for node: aggregator-001
✓ Aggregator connected: aggregator-001 from 127.0.0.1
✓ Sent 334080 bytes to aggregator-001 (0.37ms)
Session completed with aggregator-001
[2025-12-10 08:04:55] Meter 204: Generated 4.987 kWh (encrypted: 334300 bytes, 5.172 ms)
[2025-12-10 08:05:15] Meter 204: Generated 3.688 kWh (encrypted: 333994 bytes, 6.858 ms)
[2025-12-10 08:05:35] Meter 204: Generated 2.511 kWh (encrypted: 334388 bytes, 16.941 ms)
[2025-12-10 08:05:44] NETWORK INFO: Server authentication successful for node: aggregator-001
✓ Aggregator connected: aggregator-001 from 127.0.0.1
✓ Sent 334388 bytes to aggregator-001 (6.62ms)
Session completed with aggregator-001
[2025-12-10 08:05:55] Meter 204: Generated 4.060 kWh (encrypted: 334294 bytes, 6.587 ms)
[2025-12-10 08:06:15] Meter 204: Generated 7.092 kWh (encrypted: 334452 bytes, 6.395 ms)
[2025-12-10 08:06:35] Meter 204: Generated 1.447 kWh (encrypted: 334026 bytes, 4.648 ms)
[2025-12-10 08:06:50] NETWORK INFO: Server authentication successful for node: aggregator-001
✓ Aggregator connected: aggregator-001 from 127.0.0.1
✓ Sent 334026 bytes to aggregator-001 (27.03ms)
Session completed with aggregator-001
[2025-12-10 08:06:55] Meter 204: Generated 7.372 kWh (encrypted: 334092 bytes, 4.756 ms)
[2025-12-10 08:07:15] Meter 204: Generated 2.074 kWh (encrypted: 334281 bytes, 4.417 ms)
[2025-12-10 08:07:35] Meter 204: Generated 4.048 kWh (encrypted: 334433 bytes, 4.491 ms)
[2025-12-10 08:07:55] Meter 204: Generated 4.702 kWh (encrypted: 334430 bytes, 4.815 ms)
[2025-12-10 08:07:56] NETWORK INFO: Server authentication successful for node: aggregator-001
✓ Aggregator connected: aggregator-001 from 127.0.0.1
✓ Sent 334430 bytes to aggregator-001 (0.39ms)
Session completed with aggregator-001
[2025-12-10 08:08:15] Meter 204: Generated 2.591 kWh (encrypted: 334062 bytes, 4.975 ms)
[2025-12-10 08:08:35] Meter 204: Generated 7.298 kWh (encrypted: 334257 bytes, 5.813 ms)
[2025-12-10 08:08:55] Meter 204: Generated 3.842 kWh (encrypted: 334396 bytes, 4.864 ms)
[2025-12-10 08:09:01] NETWORK INFO: Server authentication successful for node: aggregator-001
✓ Aggregator connected: aggregator-001 from 127.0.0.1
✓ Sent 334396 bytes to aggregator-001 (2.48ms)
Session completed with aggregator-001
[2025-12-10 08:09:15] Meter 204: Generated 4.112 kWh (encrypted: 334318 bytes, 6.066 ms)
[2025-12-10 08:09:35] Meter 204: Generated 5.706 kWh (encrypted: 334371 bytes, 10.183 ms)
[2025-12-10 08:09:55] Meter 204: Generated 4.895 kWh (encrypted: 334062 bytes, 4.543 ms)
[2025-12-10 08:10:06] NETWORK INFO: Server authentication successful for node: aggregator-001
✓ Aggregator connected: aggregator-001 from 127.0.0.1
✓ Sent 334062 bytes to aggregator-001 (0.37ms)
Session completed with aggregator-001
[2025-12-10 08:10:15] Meter 204: Generated 4.698 kWh (encrypted: 334163 bytes, 6.086 ms)
[2025-12-10 08:10:35] Meter 204: Generated 5.776 kWh (encrypted: 334453 bytes, 6.577 ms)
[2025-12-10 08:10:55] Meter 204: Generated 4.804 kWh (encrypted: 334411 bytes, 4.777 ms)
[2025-12-10 08:11:12] NETWORK INFO: Server authentication successful for node: aggregator-001
✓ Aggregator connected: aggregator-001 from 127.0.0.1
✓ Sent 334411 bytes to aggregator-001 (2.66ms)
Session completed with aggregator-001
[2025-12-10 08:11:15] Meter 204: Generated 0.573 kWh (encrypted: 334475 bytes, 9.415 ms)
[2025-12-10 08:11:35] Meter 204: Generated 6.578 kWh (encrypted: 334404 bytes, 6.962 ms)
[2025-12-10 08:11:55] Meter 204: Generated 0.761 kWh (encrypted: 334373 bytes, 5.681 ms)
[2025-12-10 08:12:15] Meter 204: Generated 5.235 kWh (encrypted: 334474 bytes, 5.485 ms)
[2025-12-10 08:12:17] NETWORK INFO: Server authentication successful for node: aggregator-001
✓ Aggregator connected: aggregator-001 from 127.0.0.1
✓ Sent 334474 bytes to aggregator-001 (0.44ms)
Session completed with aggregator-001

Received shutdown signal. Gracefully shutting down smart meter...
Network server thread stopped
Data generation thread stopped
Smart meter 204 shutdown complete
