=== Continuous Smart Meter Server 251 ===
Initializing for continuous operation...
SEAL context initialized
Loaded certificate: smart-meter-251
Requesting public keys from KDC...
[2025-12-10 08:00:13] NETWORK ERROR: Failed to connect to 127.0.0.1:8444: Connection refused
Error: Failed to connect to KDC at 127.0.0.1:8444
Error: Failed to send key request to KDC
Failed to obtain keys from KDC, falling back to file keys
Loaded keys from fallback files
Cryptographic components initialized
[2025-12-10 08:00:13] NETWORK INFO: Server socket created and listening on port 9251
✓ Smart meter server ready on port 9251
Data transmission interval: 20 seconds (15x accelerated - simulates 5min)
✓ Performance metrics CSV files initialized in performance_data/
Starting continuous smart meter operation...
Press Ctrl+C to stop gracefully
Data generation thread started
Network server thread started on port 9251
[2025-12-10 08:00:28] NETWORK INFO: Server authentication successful for node: aggregator-001
✓ Aggregator connected: aggregator-001 from 127.0.0.1
[2025-12-10 08:00:33] Meter 251: Generated 3.792 kWh (encrypted: 334424 bytes, 4.972 ms)
✓ Sent 334424 bytes to aggregator-001 (0.80ms)
Session completed with aggregator-001
[2025-12-10 08:00:53] Meter 251: Generated 7.119 kWh (encrypted: 334358 bytes, 4.372 ms)
[2025-12-10 08:01:13] Meter 251: Generated 6.279 kWh (encrypted: 334457 bytes, 4.365 ms)
[2025-12-10 08:01:31] NETWORK INFO: Server authentication successful for node: aggregator-001
✓ Aggregator connected: aggregator-001 from 127.0.0.1
✓ Sent 334457 bytes to aggregator-001 (0.38ms)
Session completed with aggregator-001
[2025-12-10 08:01:33] Meter 251: Generated 6.756 kWh (encrypted: 334085 bytes, 4.315 ms)
[2025-12-10 08:01:53] Meter 251: Generated 4.519 kWh (encrypted: 334325 bytes, 4.700 ms)
[2025-12-10 08:02:13] Meter 251: Generated 7.233 kWh (encrypted: 334208 bytes, 5.638 ms)
[2025-12-10 08:02:33] Meter 251: Generated 0.797 kWh (encrypted: 334213 bytes, 5.410 ms)
[2025-12-10 08:02:33] NETWORK INFO: Server authentication successful for node: aggregator-001
✓ Aggregator connected: aggregator-001 from 127.0.0.1
✓ Sent 334213 bytes to aggregator-001 (0.35ms)
Session completed with aggregator-001
[2025-12-10 08:02:53] Meter 251: Generated 5.068 kWh (encrypted: 334353 bytes, 6.860 ms)
[2025-12-10 08:03:13] Meter 251: Generated 3.038 kWh (encrypted: 334457 bytes, 5.611 ms)
[2025-12-10 08:03:33] Meter 251: Generated 5.088 kWh (encrypted: 334181 bytes, 8.223 ms)
[2025-12-10 08:03:36] NETWORK INFO: Server authentication successful for node: aggregator-001
✓ Aggregator connected: aggregator-001 from 127.0.0.1
✓ Sent 334181 bytes to aggregator-001 (0.37ms)
Session completed with aggregator-001
[2025-12-10 08:03:53] Meter 251: Generated 1.464 kWh (encrypted: 334127 bytes, 4.955 ms)
[2025-12-10 08:04:13] Meter 251: Generated 4.785 kWh (encrypted: 334096 bytes, 8.009 ms)
[2025-12-10 08:04:33] Meter 251: Generated 2.666 kWh (encrypted: 334291 bytes, 7.204 ms)
[2025-12-10 08:04:40] NETWORK INFO: Server authentication successful for node: aggregator-001
✓ Aggregator connected: aggregator-001 from 127.0.0.1
✓ Sent 334291 bytes to aggregator-001 (1.29ms)
Session completed with aggregator-001
[2025-12-10 08:04:53] Meter 251: Generated 6.595 kWh (encrypted: 334069 bytes, 4.740 ms)
[2025-12-10 08:05:13] Meter 251: Generated 4.907 kWh (encrypted: 334274 bytes, 5.719 ms)
[2025-12-10 08:05:33] Meter 251: Generated 1.874 kWh (encrypted: 334388 bytes, 4.447 ms)
[2025-12-10 08:05:44] NETWORK INFO: Server authentication successful for node: aggregator-001
✓ Aggregator connected: aggregator-001 from 127.0.0.1
✓ Sent 334388 bytes to aggregator-001 (0.38ms)
Session completed with aggregator-001
[2025-12-10 08:05:53] Meter 251: Generated 0.823 kWh (encrypted: 334410 bytes, 15.642 ms)
[2025-12-10 08:06:13] Meter 251: Generated 4.977 kWh (encrypted: 334250 bytes, 5.919 ms)
[2025-12-10 08:06:33] Meter 251: Generated 6.610 kWh (encrypted: 334464 bytes, 4.392 ms)
[2025-12-10 08:06:50] NETWORK INFO: Server authentication successful for node: aggregator-001
✓ Aggregator connected: aggregator-001 from 127.0.0.1
✓ Sent 334464 bytes to aggregator-001 (0.41ms)
Session completed with aggregator-001
[2025-12-10 08:06:53] Meter 251: Generated 1.010 kWh (encrypted: 334338 bytes, 4.333 ms)
[2025-12-10 08:07:13] Meter 251: Generated 5.445 kWh (encrypted: 334342 bytes, 6.673 ms)
[2025-12-10 08:07:33] Meter 251: Generated 4.098 kWh (encrypted: 334444 bytes, 4.518 ms)
[2025-12-10 08:07:53] Meter 251: Generated 5.065 kWh (encrypted: 334439 bytes, 4.356 ms)
[2025-12-10 08:07:56] NETWORK INFO: Server authentication successful for node: aggregator-001
✓ Aggregator connected: aggregator-001 from 127.0.0.1
✓ Sent 334439 bytes to aggregator-001 (5.74ms)
Session completed with aggregator-001
[2025-12-10 08:08:13] Meter 251: Generated 2.038 kWh (encrypted: 334022 bytes, 7.623 ms)
[2025-12-10 08:08:33] Meter 251: Generated 0.882 kWh (encrypted: 333994 bytes, 8.793 ms)
[2025-12-10 08:08:53] Meter 251: Generated 1.375 kWh (encrypted: 334304 bytes, 5.862 ms)
[2025-12-10 08:09:01] NETWORK INFO: Server authentication successful for node: aggregator-001
✓ Aggregator connected: aggregator-001 from 127.0.0.1
✓ Sent 334304 bytes to aggregator-001 (0.36ms)
Session completed with aggregator-001
[2025-12-10 08:09:13] Meter 251: Generated 4.984 kWh (encrypted: 334089 bytes, 5.988 ms)
[2025-12-10 08:09:33] Meter 251: Generated 5.834 kWh (encrypted: 334496 bytes, 19.703 ms)
[2025-12-10 08:09:53] Meter 251: Generated 2.747 kWh (encrypted: 334454 bytes, 7.778 ms)
[2025-12-10 08:10:06] NETWORK INFO: Server authentication successful for node: aggregator-001
✓ Aggregator connected: aggregator-001 from 127.0.0.1
✓ Sent 334454 bytes to aggregator-001 (0.42ms)
Session completed with aggregator-001
[2025-12-10 08:10:13] Meter 251: Generated 3.474 kWh (encrypted: 334452 bytes, 5.386 ms)
[2025-12-10 08:10:33] Meter 251: Generated 1.060 kWh (encrypted: 334466 bytes, 4.287 ms)
[2025-12-10 08:10:53] Meter 251: Generated 5.068 kWh (encrypted: 334147 bytes, 4.466 ms)
[2025-12-10 08:11:12] NETWORK INFO: Server authentication successful for node: aggregator-001
✓ Aggregator connected: aggregator-001 from 127.0.0.1
✓ Sent 334147 bytes to aggregator-001 (0.37ms)
Session completed with aggregator-001
[2025-12-10 08:11:13] Meter 251: Generated 6.668 kWh (encrypted: 334219 bytes, 7.163 ms)
[2025-12-10 08:11:33] Meter 251: Generated 2.466 kWh (encrypted: 334295 bytes, 13.841 ms)
[2025-12-10 08:11:53] Meter 251: Generated 0.884 kWh (encrypted: 334266 bytes, 5.247 ms)
[2025-12-10 08:12:13] Meter 251: Generated 2.632 kWh (encrypted: 334322 bytes, 6.358 ms)
[2025-12-10 08:12:17] NETWORK INFO: Server authentication successful for node: aggregator-001
✓ Aggregator connected: aggregator-001 from 127.0.0.1
✓ Sent 334322 bytes to aggregator-001 (0.62ms)
Session completed with aggregator-001
[2025-12-10 08:12:33] Meter 251: Generated 5.237 kWh (encrypted: 334052 bytes, 6.129 ms)

Received shutdown signal. Gracefully shutting down smart meter...
Network server thread stopped
Data generation thread stopped
Smart meter 251 shutdown complete
