=== Continuous Smart Meter Server 83 ===
Initializing for continuous operation...
SEAL context initialized
Loaded certificate: smart-meter-083
Requesting public keys from KDC...
[2025-12-10 07:56:47] NETWORK ERROR: Failed to connect to 127.0.0.1:8444: Connection refused
Error: Failed to connect to KDC at 127.0.0.1:8444
Error: Failed to send key request to KDC
Failed to obtain keys from KDC, falling back to file keys
Loaded keys from fallback files
Cryptographic components initialized
[2025-12-10 07:56:47] NETWORK INFO: Server socket created and listening on port 9083
✓ Smart meter server ready on port 9083
Data transmission interval: 20 seconds (15x accelerated - simulates 5min)
✓ Performance metrics CSV files initialized in performance_data/
Starting continuous smart meter operation...
Press Ctrl+C to stop gracefully
Data generation thread started
Network server thread started on port 9083
[2025-12-10 07:57:07] Meter 83: Generated 6.749 kWh (encrypted: 334183 bytes, 4.888 ms)
[2025-12-10 07:57:15] NETWORK INFO: Server authentication successful for node: aggregator-001
✓ Aggregator connected: aggregator-001 from 127.0.0.1
✓ Sent 334183 bytes to aggregator-001 (0.77ms)
Session completed with aggregator-001
[2025-12-10 07:57:27] Meter 83: Generated 7.067 kWh (encrypted: 334185 bytes, 4.367 ms)
[2025-12-10 07:57:47] Meter 83: Generated 1.177 kWh (encrypted: 334157 bytes, 4.359 ms)
[2025-12-10 07:58:07] Meter 83: Generated 3.910 kWh (encrypted: 334276 bytes, 5.317 ms)
[2025-12-10 07:58:25] NETWORK INFO: Server authentication successful for node: aggregator-001
✓ Aggregator connected: aggregator-001 from 127.0.0.1
✓ Sent 334276 bytes to aggregator-001 (0.35ms)
Session completed with aggregator-001
[2025-12-10 07:58:27] Meter 83: Generated 4.851 kWh (encrypted: 334412 bytes, 4.807 ms)
[2025-12-10 07:58:47] Meter 83: Generated 5.808 kWh (encrypted: 334305 bytes, 4.434 ms)
[2025-12-10 07:59:07] Meter 83: Generated 1.681 kWh (encrypted: 334399 bytes, 4.470 ms)
[2025-12-10 07:59:26] NETWORK INFO: Server authentication successful for node: aggregator-001
✓ Aggregator connected: aggregator-001 from 127.0.0.1
✓ Sent 334399 bytes to aggregator-001 (0.46ms)
Session completed with aggregator-001
[2025-12-10 07:59:27] Meter 83: Generated 4.699 kWh (encrypted: 334384 bytes, 4.607 ms)
[2025-12-10 07:59:47] Meter 83: Generated 5.209 kWh (encrypted: 334375 bytes, 5.564 ms)
[2025-12-10 08:00:07] Meter 83: Generated 3.485 kWh (encrypted: 334374 bytes, 6.344 ms)
[2025-12-10 08:00:27] Meter 83: Generated 6.146 kWh (encrypted: 334335 bytes, 5.341 ms)
[2025-12-10 08:00:28] NETWORK INFO: Server authentication successful for node: aggregator-001
✓ Aggregator connected: aggregator-001 from 127.0.0.1
✓ Sent 334335 bytes to aggregator-001 (2.59ms)
Session completed with aggregator-001
[2025-12-10 08:00:47] Meter 83: Generated 2.891 kWh (encrypted: 334403 bytes, 4.690 ms)
[2025-12-10 08:01:07] Meter 83: Generated 2.741 kWh (encrypted: 334389 bytes, 4.645 ms)
[2025-12-10 08:01:27] Meter 83: Generated 7.408 kWh (encrypted: 334067 bytes, 4.400 ms)
[2025-12-10 08:01:31] NETWORK INFO: Server authentication successful for node: aggregator-001
✓ Aggregator connected: aggregator-001 from 127.0.0.1
✓ Sent 334067 bytes to aggregator-001 (0.39ms)
Session completed with aggregator-001
[2025-12-10 08:01:47] Meter 83: Generated 2.447 kWh (encrypted: 334393 bytes, 4.418 ms)
[2025-12-10 08:02:07] Meter 83: Generated 6.799 kWh (encrypted: 334215 bytes, 4.806 ms)
[2025-12-10 08:02:27] Meter 83: Generated 4.743 kWh (encrypted: 333721 bytes, 4.602 ms)
[2025-12-10 08:02:33] NETWORK INFO: Server authentication successful for node: aggregator-001
✓ Aggregator connected: aggregator-001 from 127.0.0.1
✓ Sent 333721 bytes to aggregator-001 (0.46ms)
Session completed with aggregator-001
[2025-12-10 08:02:47] Meter 83: Generated 5.952 kWh (encrypted: 334344 bytes, 4.829 ms)
[2025-12-10 08:03:07] Meter 83: Generated 2.439 kWh (encrypted: 334274 bytes, 6.929 ms)
[2025-12-10 08:03:27] Meter 83: Generated 6.209 kWh (encrypted: 334268 bytes, 4.574 ms)
[2025-12-10 08:03:36] NETWORK INFO: Server authentication successful for node: aggregator-001
✓ Aggregator connected: aggregator-001 from 127.0.0.1
✓ Sent 334268 bytes to aggregator-001 (33.31ms)
Session completed with aggregator-001
[2025-12-10 08:03:47] Meter 83: Generated 1.006 kWh (encrypted: 334393 bytes, 4.724 ms)
[2025-12-10 08:04:07] Meter 83: Generated 3.059 kWh (encrypted: 334196 bytes, 6.096 ms)
[2025-12-10 08:04:27] Meter 83: Generated 6.431 kWh (encrypted: 333323 bytes, 4.589 ms)
[2025-12-10 08:04:39] NETWORK INFO: Server authentication successful for node: aggregator-001
✓ Aggregator connected: aggregator-001 from 127.0.0.1
✓ Sent 333323 bytes to aggregator-001 (17.35ms)
Session completed with aggregator-001
[2025-12-10 08:04:47] Meter 83: Generated 6.412 kWh (encrypted: 334267 bytes, 4.485 ms)
[2025-12-10 08:05:07] Meter 83: Generated 1.366 kWh (encrypted: 334212 bytes, 4.464 ms)
[2025-12-10 08:05:27] Meter 83: Generated 0.948 kWh (encrypted: 334480 bytes, 4.549 ms)
[2025-12-10 08:05:44] NETWORK INFO: Server authentication successful for node: aggregator-001
✓ Aggregator connected: aggregator-001 from 127.0.0.1
✓ Sent 334480 bytes to aggregator-001 (0.36ms)
Session completed with aggregator-001
[2025-12-10 08:05:47] Meter 83: Generated 1.677 kWh (encrypted: 334405 bytes, 4.367 ms)
[2025-12-10 08:06:07] Meter 83: Generated 3.585 kWh (encrypted: 334350 bytes, 4.793 ms)
[2025-12-10 08:06:27] Meter 83: Generated 1.888 kWh (encrypted: 334468 bytes, 5.678 ms)
[2025-12-10 08:06:47] Meter 83: Generated 2.568 kWh (encrypted: 334410 bytes, 4.436 ms)
[2025-12-10 08:06:50] NETWORK INFO: Server authentication successful for node: aggregator-001
✓ Aggregator connected: aggregator-001 from 127.0.0.1
✓ Sent 334410 bytes to aggregator-001 (0.36ms)
Session completed with aggregator-001
[2025-12-10 08:07:07] Meter 83: Generated 6.792 kWh (encrypted: 334373 bytes, 6.551 ms)
[2025-12-10 08:07:27] Meter 83: Generated 3.956 kWh (encrypted: 334365 bytes, 6.772 ms)
[2025-12-10 08:07:47] Meter 83: Generated 2.169 kWh (encrypted: 334252 bytes, 4.680 ms)
[2025-12-10 08:07:55] NETWORK INFO: Server authentication successful for node: aggregator-001
✓ Aggregator connected: aggregator-001 from 127.0.0.1
✓ Sent 334252 bytes to aggregator-001 (0.39ms)
Session completed with aggregator-001
[2025-12-10 08:08:07] Meter 83: Generated 1.330 kWh (encrypted: 334092 bytes, 6.495 ms)
[2025-12-10 08:08:27] Meter 83: Generated 4.009 kWh (encrypted: 334348 bytes, 4.687 ms)
[2025-12-10 08:08:47] Meter 83: Generated 5.931 kWh (encrypted: 334089 bytes, 4.971 ms)
[2025-12-10 08:09:01] NETWORK INFO: Server authentication successful for node: aggregator-001
✓ Aggregator connected: aggregator-001 from 127.0.0.1
✓ Sent 334089 bytes to aggregator-001 (1.17ms)
Session completed with aggregator-001
[2025-12-10 08:09:07] Meter 83: Generated 6.846 kWh (encrypted: 334412 bytes, 6.443 ms)
[2025-12-10 08:09:27] Meter 83: Generated 6.165 kWh (encrypted: 334305 bytes, 4.480 ms)
[2025-12-10 08:09:47] Meter 83: Generated 2.393 kWh (encrypted: 334026 bytes, 4.800 ms)
[2025-12-10 08:10:06] NETWORK INFO: Server authentication successful for node: aggregator-001
✓ Aggregator connected: aggregator-001 from 127.0.0.1
✓ Sent 334026 bytes to aggregator-001 (0.34ms)
Session completed with aggregator-001
[2025-12-10 08:10:07] Meter 83: Generated 2.951 kWh (encrypted: 334392 bytes, 7.184 ms)
[2025-12-10 08:10:27] Meter 83: Generated 3.172 kWh (encrypted: 334204 bytes, 6.877 ms)
[2025-12-10 08:10:47] Meter 83: Generated 3.111 kWh (encrypted: 334341 bytes, 4.762 ms)
[2025-12-10 08:11:07] Meter 83: Generated 6.459 kWh (encrypted: 334434 bytes, 17.168 ms)
[2025-12-10 08:11:12] NETWORK INFO: Server authentication successful for node: aggregator-001
✓ Aggregator connected: aggregator-001 from 127.0.0.1
✓ Sent 334434 bytes to aggregator-001 (4.62ms)
Session completed with aggregator-001
[2025-12-10 08:11:27] Meter 83: Generated 2.649 kWh (encrypted: 334284 bytes, 6.673 ms)
[2025-12-10 08:11:47] Meter 83: Generated 0.980 kWh (encrypted: 333863 bytes, 6.575 ms)
[2025-12-10 08:12:07] Meter 83: Generated 2.879 kWh (encrypted: 334278 bytes, 4.690 ms)
[2025-12-10 08:12:17] NETWORK INFO: Server authentication successful for node: aggregator-001
✓ Aggregator connected: aggregator-001 from 127.0.0.1
✓ Sent 334278 bytes to aggregator-001 (0.36ms)
Session completed with aggregator-001
[2025-12-10 08:12:27] Meter 83: Generated 4.414 kWh (encrypted: 334376 bytes, 4.438 ms)

Received shutdown signal. Gracefully shutting down smart meter...
Network server thread stopped
Data generation thread stopped
Smart meter 83 shutdown complete
