=== Continuous Smart Meter Server 234 ===
Initializing for continuous operation...
SEAL context initialized
Loaded certificate: smart-meter-234
Requesting public keys from KDC...
[2025-12-10 07:59:52] NETWORK ERROR: Failed to connect to 127.0.0.1:8444: Connection refused
Error: Failed to connect to KDC at 127.0.0.1:8444
Error: Failed to send key request to KDC
Failed to obtain keys from KDC, falling back to file keys
Loaded keys from fallback files
Cryptographic components initialized
[2025-12-10 07:59:52] NETWORK INFO: Server socket created and listening on port 9234
✓ Smart meter server ready on port 9234
Data transmission interval: 20 seconds (15x accelerated - simulates 5min)
✓ Performance metrics CSV files initialized in performance_data/
Starting continuous smart meter operation...
Press Ctrl+C to stop gracefully
Network server thread started on port 9234
Data generation thread started
[2025-12-10 08:00:12] Meter 234: Generated 2.347 kWh (encrypted: 334309 bytes, 7.429 ms)
[2025-12-10 08:00:28] NETWORK INFO: Server authentication successful for node: aggregator-001
✓ Aggregator connected: aggregator-001 from 127.0.0.1
✓ Sent 334309 bytes to aggregator-001 (0.72ms)
Session completed with aggregator-001
[2025-12-10 08:00:32] Meter 234: Generated 2.457 kWh (encrypted: 334313 bytes, 4.482 ms)
[2025-12-10 08:00:52] Meter 234: Generated 5.328 kWh (encrypted: 334329 bytes, 4.617 ms)
[2025-12-10 08:01:12] Meter 234: Generated 5.973 kWh (encrypted: 334123 bytes, 4.495 ms)
[2025-12-10 08:01:31] NETWORK INFO: Server authentication successful for node: aggregator-001
✓ Aggregator connected: aggregator-001 from 127.0.0.1
✓ Sent 334123 bytes to aggregator-001 (8.73ms)
Session completed with aggregator-001
[2025-12-10 08:01:32] Meter 234: Generated 1.922 kWh (encrypted: 334343 bytes, 4.622 ms)
[2025-12-10 08:01:52] Meter 234: Generated 6.040 kWh (encrypted: 334315 bytes, 4.363 ms)
[2025-12-10 08:02:12] Meter 234: Generated 1.336 kWh (encrypted: 333819 bytes, 4.428 ms)
[2025-12-10 08:02:32] Meter 234: Generated 5.415 kWh (encrypted: 334049 bytes, 4.289 ms)
[2025-12-10 08:02:33] NETWORK INFO: Server authentication successful for node: aggregator-001
✓ Aggregator connected: aggregator-001 from 127.0.0.1
✓ Sent 334049 bytes to aggregator-001 (0.41ms)
Session completed with aggregator-001
[2025-12-10 08:02:52] Meter 234: Generated 7.075 kWh (encrypted: 333835 bytes, 5.492 ms)
[2025-12-10 08:03:12] Meter 234: Generated 4.149 kWh (encrypted: 334316 bytes, 4.494 ms)
[2025-12-10 08:03:32] Meter 234: Generated 5.451 kWh (encrypted: 334191 bytes, 5.391 ms)
[2025-12-10 08:03:36] NETWORK INFO: Server authentication successful for node: aggregator-001
✓ Aggregator connected: aggregator-001 from 127.0.0.1
✓ Sent 334191 bytes to aggregator-001 (0.37ms)
Session completed with aggregator-001
[2025-12-10 08:03:52] Meter 234: Generated 4.288 kWh (encrypted: 334339 bytes, 5.041 ms)
[2025-12-10 08:04:12] Meter 234: Generated 4.808 kWh (encrypted: 334092 bytes, 4.591 ms)
[2025-12-10 08:04:32] Meter 234: Generated 0.930 kWh (encrypted: 334497 bytes, 4.589 ms)
[2025-12-10 08:04:39] NETWORK INFO: Server authentication successful for node: aggregator-001
✓ Aggregator connected: aggregator-001 from 127.0.0.1
✓ Sent 334497 bytes to aggregator-001 (0.38ms)
Session completed with aggregator-001
[2025-12-10 08:04:52] Meter 234: Generated 6.618 kWh (encrypted: 334310 bytes, 5.953 ms)
[2025-12-10 08:05:12] Meter 234: Generated 2.512 kWh (encrypted: 334245 bytes, 5.033 ms)
[2025-12-10 08:05:32] Meter 234: Generated 3.116 kWh (encrypted: 334508 bytes, 6.634 ms)
[2025-12-10 08:05:44] NETWORK INFO: Server authentication successful for node: aggregator-001
✓ Aggregator connected: aggregator-001 from 127.0.0.1
✓ Sent 334508 bytes to aggregator-001 (0.36ms)
Session completed with aggregator-001
[2025-12-10 08:05:52] Meter 234: Generated 5.092 kWh (encrypted: 334002 bytes, 4.396 ms)
[2025-12-10 08:06:12] Meter 234: Generated 6.091 kWh (encrypted: 334479 bytes, 10.517 ms)
[2025-12-10 08:06:32] Meter 234: Generated 6.157 kWh (encrypted: 334181 bytes, 4.624 ms)
[2025-12-10 08:06:50] NETWORK INFO: Server authentication successful for node: aggregator-001
✓ Aggregator connected: aggregator-001 from 127.0.0.1
✓ Sent 334181 bytes to aggregator-001 (0.36ms)
Session completed with aggregator-001
[2025-12-10 08:06:52] Meter 234: Generated 7.447 kWh (encrypted: 334170 bytes, 4.894 ms)
[2025-12-10 08:07:12] Meter 234: Generated 7.431 kWh (encrypted: 334424 bytes, 8.567 ms)
[2025-12-10 08:07:32] Meter 234: Generated 1.333 kWh (encrypted: 334336 bytes, 4.905 ms)
[2025-12-10 08:07:52] Meter 234: Generated 1.931 kWh (encrypted: 334367 bytes, 5.392 ms)
[2025-12-10 08:07:56] NETWORK INFO: Server authentication successful for node: aggregator-001
✓ Aggregator connected: aggregator-001 from 127.0.0.1
✓ Sent 334367 bytes to aggregator-001 (0.36ms)
Session completed with aggregator-001
[2025-12-10 08:08:12] Meter 234: Generated 5.501 kWh (encrypted: 334102 bytes, 6.454 ms)
[2025-12-10 08:08:32] Meter 234: Generated 3.740 kWh (encrypted: 334234 bytes, 4.679 ms)
[2025-12-10 08:08:52] Meter 234: Generated 3.040 kWh (encrypted: 334370 bytes, 5.019 ms)
[2025-12-10 08:09:01] NETWORK INFO: Server authentication successful for node: aggregator-001
✓ Aggregator connected: aggregator-001 from 127.0.0.1
✓ Sent 334370 bytes to aggregator-001 (7.22ms)
Session completed with aggregator-001
[2025-12-10 08:09:12] Meter 234: Generated 2.061 kWh (encrypted: 334356 bytes, 6.636 ms)
[2025-12-10 08:09:32] Meter 234: Generated 0.815 kWh (encrypted: 334343 bytes, 5.101 ms)
[2025-12-10 08:09:52] Meter 234: Generated 6.426 kWh (encrypted: 334347 bytes, 5.216 ms)
[2025-12-10 08:10:06] NETWORK INFO: Server authentication successful for node: aggregator-001
✓ Aggregator connected: aggregator-001 from 127.0.0.1
✓ Sent 334347 bytes to aggregator-001 (0.38ms)
Session completed with aggregator-001
[2025-12-10 08:10:12] Meter 234: Generated 3.238 kWh (encrypted: 334419 bytes, 8.608 ms)
[2025-12-10 08:10:32] Meter 234: Generated 1.402 kWh (encrypted: 334325 bytes, 4.634 ms)
[2025-12-10 08:10:52] Meter 234: Generated 2.135 kWh (encrypted: 334298 bytes, 4.977 ms)
[2025-12-10 08:11:12] NETWORK INFO: Server authentication successful for node: aggregator-001
✓ Aggregator connected: aggregator-001 from 127.0.0.1
✓ Sent 334298 bytes to aggregator-001 (5.15ms)
Session completed with aggregator-001
[2025-12-10 08:11:12] Meter 234: Generated 3.278 kWh (encrypted: 334470 bytes, 12.613 ms)
[2025-12-10 08:11:32] Meter 234: Generated 7.412 kWh (encrypted: 334386 bytes, 4.764 ms)
[2025-12-10 08:11:52] Meter 234: Generated 6.555 kWh (encrypted: 334354 bytes, 4.392 ms)
[2025-12-10 08:12:12] Meter 234: Generated 6.318 kWh (encrypted: 334104 bytes, 5.212 ms)
[2025-12-10 08:12:17] NETWORK INFO: Server authentication successful for node: aggregator-001
✓ Aggregator connected: aggregator-001 from 127.0.0.1
✓ Sent 334104 bytes to aggregator-001 (0.38ms)
Session completed with aggregator-001
[2025-12-10 08:12:32] Meter 234: Generated 6.985 kWh (encrypted: 334242 bytes, 4.463 ms)

Received shutdown signal. Gracefully shutting down smart meter...
Network server thread stopped
Data generation thread stopped
Smart meter 234 shutdown complete
