=== Continuous Smart Meter Server 349 ===
Initializing for continuous operation...
SEAL context initialized
Loaded certificate: smart-meter-349
Requesting public keys from KDC...
[2025-12-10 08:02:15] NETWORK ERROR: Failed to connect to 127.0.0.1:8444: Connection refused
Error: Failed to connect to KDC at 127.0.0.1:8444
Error: Failed to send key request to KDC
Failed to obtain keys from KDC, falling back to file keys
Loaded keys from fallback files
Cryptographic components initialized
[2025-12-10 08:02:15] NETWORK INFO: Server socket created and listening on port 9349
✓ Smart meter server ready on port 9349
Data transmission interval: 20 seconds (15x accelerated - simulates 5min)
✓ Performance metrics CSV files initialized in performance_data/
Starting continuous smart meter operation...
Press Ctrl+C to stop gracefully
Data generation thread started
Network server thread started on port 9349
[2025-12-10 08:02:33] NETWORK INFO: Server authentication successful for node: aggregator-001
✓ Aggregator connected: aggregator-001 from 127.0.0.1
[2025-12-10 08:02:35] Meter 349: Generated 1.368 kWh (encrypted: 334094 bytes, 7.288 ms)
✓ Sent 334094 bytes to aggregator-001 (1.91ms)
Session completed with aggregator-001
[2025-12-10 08:02:55] Meter 349: Generated 1.681 kWh (encrypted: 334331 bytes, 6.407 ms)
[2025-12-10 08:03:15] Meter 349: Generated 1.478 kWh (encrypted: 334340 bytes, 5.063 ms)
[2025-12-10 08:03:35] Meter 349: Generated 5.437 kWh (encrypted: 334385 bytes, 4.564 ms)
[2025-12-10 08:03:36] NETWORK INFO: Server authentication successful for node: aggregator-001
✓ Aggregator connected: aggregator-001 from 127.0.0.1
✓ Sent 334385 bytes to aggregator-001 (1.39ms)
Session completed with aggregator-001
[2025-12-10 08:03:55] Meter 349: Generated 3.695 kWh (encrypted: 334465 bytes, 4.871 ms)
[2025-12-10 08:04:15] Meter 349: Generated 4.045 kWh (encrypted: 334231 bytes, 4.943 ms)
[2025-12-10 08:04:35] Meter 349: Generated 2.142 kWh (encrypted: 334411 bytes, 6.820 ms)
[2025-12-10 08:04:40] NETWORK INFO: Server authentication successful for node: aggregator-001
✓ Aggregator connected: aggregator-001 from 127.0.0.1
✓ Sent 334411 bytes to aggregator-001 (0.42ms)
Session completed with aggregator-001
[2025-12-10 08:04:55] Meter 349: Generated 2.522 kWh (encrypted: 334236 bytes, 5.018 ms)
[2025-12-10 08:05:15] Meter 349: Generated 5.861 kWh (encrypted: 334464 bytes, 6.272 ms)
[2025-12-10 08:05:35] Meter 349: Generated 1.601 kWh (encrypted: 334312 bytes, 5.625 ms)
[2025-12-10 08:05:44] NETWORK INFO: Server authentication successful for node: aggregator-001
✓ Aggregator connected: aggregator-001 from 127.0.0.1
✓ Sent 334312 bytes to aggregator-001 (24.79ms)
Session completed with aggregator-001
[2025-12-10 08:05:55] Meter 349: Generated 1.976 kWh (encrypted: 334106 bytes, 4.425 ms)
[2025-12-10 08:06:15] Meter 349: Generated 2.472 kWh (encrypted: 334413 bytes, 4.595 ms)
[2025-12-10 08:06:35] Meter 349: Generated 5.548 kWh (encrypted: 334075 bytes, 5.174 ms)
[2025-12-10 08:06:50] NETWORK INFO: Server authentication successful for node: aggregator-001
✓ Aggregator connected: aggregator-001 from 127.0.0.1
✓ Sent 334075 bytes to aggregator-001 (0.37ms)
Session completed with aggregator-001
[2025-12-10 08:06:55] Meter 349: Generated 2.642 kWh (encrypted: 334372 bytes, 4.565 ms)
[2025-12-10 08:07:15] Meter 349: Generated 3.211 kWh (encrypted: 334339 bytes, 4.601 ms)
[2025-12-10 08:07:35] Meter 349: Generated 4.316 kWh (encrypted: 334487 bytes, 5.013 ms)
[2025-12-10 08:07:55] Meter 349: Generated 1.617 kWh (encrypted: 334522 bytes, 5.950 ms)
[2025-12-10 08:07:56] NETWORK INFO: Server authentication successful for node: aggregator-001
✓ Aggregator connected: aggregator-001 from 127.0.0.1
✓ Sent 334522 bytes to aggregator-001 (0.42ms)
Session completed with aggregator-001
[2025-12-10 08:08:15] Meter 349: Generated 4.245 kWh (encrypted: 334245 bytes, 5.574 ms)
[2025-12-10 08:08:35] Meter 349: Generated 3.590 kWh (encrypted: 334245 bytes, 6.824 ms)
[2025-12-10 08:08:55] Meter 349: Generated 6.265 kWh (encrypted: 334330 bytes, 4.943 ms)
[2025-12-10 08:09:01] NETWORK INFO: Server authentication successful for node: aggregator-001
✓ Aggregator connected: aggregator-001 from 127.0.0.1
✓ Sent 334330 bytes to aggregator-001 (0.38ms)
Session completed with aggregator-001
[2025-12-10 08:09:15] Meter 349: Generated 3.497 kWh (encrypted: 334431 bytes, 5.410 ms)
[2025-12-10 08:09:35] Meter 349: Generated 6.639 kWh (encrypted: 334312 bytes, 4.681 ms)
[2025-12-10 08:09:55] Meter 349: Generated 6.980 kWh (encrypted: 334078 bytes, 5.919 ms)
[2025-12-10 08:10:06] NETWORK INFO: Server authentication successful for node: aggregator-001
✓ Aggregator connected: aggregator-001 from 127.0.0.1
✓ Sent 334078 bytes to aggregator-001 (28.81ms)
Session completed with aggregator-001
[2025-12-10 08:10:15] Meter 349: Generated 2.779 kWh (encrypted: 334359 bytes, 6.573 ms)
[2025-12-10 08:10:35] Meter 349: Generated 6.212 kWh (encrypted: 334432 bytes, 6.398 ms)
[2025-12-10 08:10:55] Meter 349: Generated 6.395 kWh (encrypted: 334333 bytes, 4.985 ms)
[2025-12-10 08:11:12] NETWORK INFO: Server authentication successful for node: aggregator-001
✓ Aggregator connected: aggregator-001 from 127.0.0.1
✓ Sent 334333 bytes to aggregator-001 (0.35ms)
Session completed with aggregator-001
[2025-12-10 08:11:15] Meter 349: Generated 1.567 kWh (encrypted: 333449 bytes, 6.528 ms)
[2025-12-10 08:11:35] Meter 349: Generated 5.349 kWh (encrypted: 334269 bytes, 6.255 ms)
[2025-12-10 08:11:55] Meter 349: Generated 6.551 kWh (encrypted: 334372 bytes, 4.493 ms)
[2025-12-10 08:12:15] Meter 349: Generated 4.669 kWh (encrypted: 333360 bytes, 4.462 ms)
[2025-12-10 08:12:17] NETWORK INFO: Server authentication successful for node: aggregator-001
✓ Aggregator connected: aggregator-001 from 127.0.0.1
✓ Sent 333360 bytes to aggregator-001 (0.34ms)
Session completed with aggregator-001

Received shutdown signal. Gracefully shutting down smart meter...
Network server thread stopped
Data generation thread stopped
Smart meter 349 shutdown complete
