=== Continuous Smart Meter Server 193 ===
Initializing for continuous operation...
SEAL context initialized
Loaded certificate: smart-meter-193
Requesting public keys from KDC...
[2025-12-10 07:59:01] NETWORK ERROR: Failed to connect to 127.0.0.1:8444: Connection refused
Error: Failed to connect to KDC at 127.0.0.1:8444
Error: Failed to send key request to KDC
Failed to obtain keys from KDC, falling back to file keys
Loaded keys from fallback files
Cryptographic components initialized
[2025-12-10 07:59:01] NETWORK INFO: Server socket created and listening on port 9193
✓ Smart meter server ready on port 9193
Data transmission interval: 20 seconds (15x accelerated - simulates 5min)
✓ Performance metrics CSV files initialized in performance_data/
Starting continuous smart meter operation...
Press Ctrl+C to stop gracefully
Data generation thread started
Network server thread started on port 9193
[2025-12-10 07:59:21] Meter 193: Generated 3.867 kWh (encrypted: 334400 bytes, 5.024 ms)
[2025-12-10 07:59:26] NETWORK INFO: Server authentication successful for node: aggregator-001
✓ Aggregator connected: aggregator-001 from 127.0.0.1
✓ Sent 334400 bytes to aggregator-001 (1.31ms)
Session completed with aggregator-001
[2025-12-10 07:59:41] Meter 193: Generated 6.406 kWh (encrypted: 334457 bytes, 5.507 ms)
[2025-12-10 08:00:01] Meter 193: Generated 3.596 kWh (encrypted: 334316 bytes, 5.353 ms)
[2025-12-10 08:00:21] Meter 193: Generated 6.526 kWh (encrypted: 334447 bytes, 4.891 ms)
[2025-12-10 08:00:28] NETWORK INFO: Server authentication successful for node: aggregator-001
✓ Aggregator connected: aggregator-001 from 127.0.0.1
✓ Sent 334447 bytes to aggregator-001 (0.98ms)
Session completed with aggregator-001
[2025-12-10 08:00:41] Meter 193: Generated 6.428 kWh (encrypted: 334337 bytes, 4.633 ms)
[2025-12-10 08:01:01] Meter 193: Generated 4.544 kWh (encrypted: 334228 bytes, 4.606 ms)
[2025-12-10 08:01:21] Meter 193: Generated 5.535 kWh (encrypted: 334119 bytes, 4.875 ms)
[2025-12-10 08:01:31] NETWORK INFO: Server authentication successful for node: aggregator-001
✓ Aggregator connected: aggregator-001 from 127.0.0.1
✓ Sent 334119 bytes to aggregator-001 (0.38ms)
Session completed with aggregator-001
[2025-12-10 08:01:41] Meter 193: Generated 5.745 kWh (encrypted: 334021 bytes, 4.424 ms)
[2025-12-10 08:02:02] Meter 193: Generated 5.486 kWh (encrypted: 334389 bytes, 4.795 ms)
[2025-12-10 08:02:22] Meter 193: Generated 3.055 kWh (encrypted: 334409 bytes, 5.205 ms)
[2025-12-10 08:02:33] NETWORK INFO: Server authentication successful for node: aggregator-001
✓ Aggregator connected: aggregator-001 from 127.0.0.1
✓ Sent 334409 bytes to aggregator-001 (0.36ms)
Session completed with aggregator-001
[2025-12-10 08:02:42] Meter 193: Generated 3.282 kWh (encrypted: 334064 bytes, 4.560 ms)
[2025-12-10 08:03:02] Meter 193: Generated 6.881 kWh (encrypted: 334426 bytes, 4.936 ms)
[2025-12-10 08:03:22] Meter 193: Generated 4.593 kWh (encrypted: 334405 bytes, 4.533 ms)
[2025-12-10 08:03:36] NETWORK INFO: Server authentication successful for node: aggregator-001
✓ Aggregator connected: aggregator-001 from 127.0.0.1
✓ Sent 334405 bytes to aggregator-001 (0.45ms)
Session completed with aggregator-001
[2025-12-10 08:03:42] Meter 193: Generated 3.930 kWh (encrypted: 334053 bytes, 6.248 ms)
[2025-12-10 08:04:02] Meter 193: Generated 0.729 kWh (encrypted: 334114 bytes, 4.572 ms)
[2025-12-10 08:04:22] Meter 193: Generated 4.652 kWh (encrypted: 334219 bytes, 7.353 ms)
[2025-12-10 08:04:39] NETWORK INFO: Server authentication successful for node: aggregator-001
✓ Aggregator connected: aggregator-001 from 127.0.0.1
✓ Sent 334219 bytes to aggregator-001 (0.39ms)
Session completed with aggregator-001
[2025-12-10 08:04:42] Meter 193: Generated 1.032 kWh (encrypted: 334160 bytes, 6.452 ms)
[2025-12-10 08:05:02] Meter 193: Generated 6.496 kWh (encrypted: 334378 bytes, 4.567 ms)
[2025-12-10 08:05:22] Meter 193: Generated 1.890 kWh (encrypted: 334441 bytes, 4.625 ms)
[2025-12-10 08:05:42] Meter 193: Generated 4.692 kWh (encrypted: 334334 bytes, 4.653 ms)
[2025-12-10 08:05:44] NETWORK INFO: Server authentication successful for node: aggregator-001
✓ Aggregator connected: aggregator-001 from 127.0.0.1
✓ Sent 334334 bytes to aggregator-001 (40.60ms)
Session completed with aggregator-001
[2025-12-10 08:06:02] Meter 193: Generated 2.666 kWh (encrypted: 334236 bytes, 5.111 ms)
[2025-12-10 08:06:22] Meter 193: Generated 4.491 kWh (encrypted: 333884 bytes, 4.669 ms)
[2025-12-10 08:06:42] Meter 193: Generated 3.837 kWh (encrypted: 334094 bytes, 4.759 ms)
[2025-12-10 08:06:50] NETWORK INFO: Server authentication successful for node: aggregator-001
✓ Aggregator connected: aggregator-001 from 127.0.0.1
✓ Sent 334094 bytes to aggregator-001 (26.25ms)
Session completed with aggregator-001
[2025-12-10 08:07:02] Meter 193: Generated 2.198 kWh (encrypted: 334019 bytes, 4.926 ms)
[2025-12-10 08:07:22] Meter 193: Generated 4.800 kWh (encrypted: 334207 bytes, 4.568 ms)
[2025-12-10 08:07:42] Meter 193: Generated 4.168 kWh (encrypted: 334156 bytes, 4.713 ms)
[2025-12-10 08:07:56] NETWORK INFO: Server authentication successful for node: aggregator-001
✓ Aggregator connected: aggregator-001 from 127.0.0.1
✓ Sent 334156 bytes to aggregator-001 (11.76ms)
Session completed with aggregator-001
[2025-12-10 08:08:02] Meter 193: Generated 5.073 kWh (encrypted: 334096 bytes, 4.612 ms)
[2025-12-10 08:08:22] Meter 193: Generated 4.197 kWh (encrypted: 334190 bytes, 4.672 ms)
[2025-12-10 08:08:42] Meter 193: Generated 7.206 kWh (encrypted: 334169 bytes, 5.021 ms)
[2025-12-10 08:09:01] NETWORK INFO: Server authentication successful for node: aggregator-001
✓ Aggregator connected: aggregator-001 from 127.0.0.1
✓ Sent 334169 bytes to aggregator-001 (0.38ms)
Session completed with aggregator-001
[2025-12-10 08:09:02] Meter 193: Generated 6.379 kWh (encrypted: 334398 bytes, 6.509 ms)
[2025-12-10 08:09:22] Meter 193: Generated 6.907 kWh (encrypted: 334484 bytes, 6.668 ms)
[2025-12-10 08:09:42] Meter 193: Generated 5.907 kWh (encrypted: 334379 bytes, 8.260 ms)
[2025-12-10 08:10:02] Meter 193: Generated 4.129 kWh (encrypted: 334402 bytes, 4.796 ms)
[2025-12-10 08:10:06] NETWORK INFO: Server authentication successful for node: aggregator-001
✓ Aggregator connected: aggregator-001 from 127.0.0.1
✓ Sent 334402 bytes to aggregator-001 (0.36ms)
Session completed with aggregator-001
[2025-12-10 08:10:22] Meter 193: Generated 4.812 kWh (encrypted: 334376 bytes, 10.799 ms)
[2025-12-10 08:10:42] Meter 193: Generated 3.710 kWh (encrypted: 334070 bytes, 4.717 ms)
[2025-12-10 08:11:02] Meter 193: Generated 4.756 kWh (encrypted: 334158 bytes, 6.529 ms)
[2025-12-10 08:11:12] NETWORK INFO: Server authentication successful for node: aggregator-001
✓ Aggregator connected: aggregator-001 from 127.0.0.1
✓ Sent 334158 bytes to aggregator-001 (0.37ms)
Session completed with aggregator-001
[2025-12-10 08:11:22] Meter 193: Generated 5.615 kWh (encrypted: 334357 bytes, 6.423 ms)
[2025-12-10 08:11:42] Meter 193: Generated 5.312 kWh (encrypted: 334072 bytes, 4.503 ms)
[2025-12-10 08:12:02] Meter 193: Generated 1.137 kWh (encrypted: 333393 bytes, 4.651 ms)
[2025-12-10 08:12:17] NETWORK INFO: Server authentication successful for node: aggregator-001
✓ Aggregator connected: aggregator-001 from 127.0.0.1
✓ Sent 333393 bytes to aggregator-001 (0.60ms)
Session completed with aggregator-001
[2025-12-10 08:12:22] Meter 193: Generated 1.861 kWh (encrypted: 334246 bytes, 6.499 ms)

Received shutdown signal. Gracefully shutting down smart meter...
Network server thread stopped
Data generation thread stopped
Smart meter 193 shutdown complete
