=== Continuous Smart Meter Server 355 ===
Initializing for continuous operation...
SEAL context initialized
Loaded certificate: smart-meter-355
Requesting public keys from KDC...
[2025-12-10 08:02:22] NETWORK ERROR: Failed to connect to 127.0.0.1:8444: Connection refused
Error: Failed to connect to KDC at 127.0.0.1:8444
Error: Failed to send key request to KDC
Failed to obtain keys from KDC, falling back to file keys
Loaded keys from fallback files
Cryptographic components initialized
[2025-12-10 08:02:22] NETWORK INFO: Server socket created and listening on port 9355
✓ Smart meter server ready on port 9355
Data transmission interval: 20 seconds (15x accelerated - simulates 5min)
✓ Performance metrics CSV files initialized in performance_data/
Starting continuous smart meter operation...
Press Ctrl+C to stop gracefully
Data generation thread started
Network server thread started on port 9355
[2025-12-10 08:02:33] NETWORK INFO: Server authentication successful for node: aggregator-001
✓ Aggregator connected: aggregator-001 from 127.0.0.1
[2025-12-10 08:02:42] Meter 355: Generated 6.938 kWh (encrypted: 334038 bytes, 5.125 ms)
✓ Sent 334038 bytes to aggregator-001 (0.87ms)
Session completed with aggregator-001
[2025-12-10 08:03:02] Meter 355: Generated 5.423 kWh (encrypted: 334445 bytes, 5.299 ms)
[2025-12-10 08:03:22] Meter 355: Generated 2.237 kWh (encrypted: 334273 bytes, 4.682 ms)
[2025-12-10 08:03:36] NETWORK INFO: Server authentication successful for node: aggregator-001
✓ Aggregator connected: aggregator-001 from 127.0.0.1
✓ Sent 334273 bytes to aggregator-001 (0.40ms)
Session completed with aggregator-001
[2025-12-10 08:03:42] Meter 355: Generated 4.796 kWh (encrypted: 334305 bytes, 5.613 ms)
[2025-12-10 08:04:02] Meter 355: Generated 7.133 kWh (encrypted: 334435 bytes, 4.301 ms)
[2025-12-10 08:04:22] Meter 355: Generated 5.256 kWh (encrypted: 334433 bytes, 4.712 ms)
[2025-12-10 08:04:40] NETWORK INFO: Server authentication successful for node: aggregator-001
✓ Aggregator connected: aggregator-001 from 127.0.0.1
✓ Sent 334433 bytes to aggregator-001 (0.32ms)
Session completed with aggregator-001
[2025-12-10 08:04:42] Meter 355: Generated 3.800 kWh (encrypted: 334203 bytes, 4.656 ms)
[2025-12-10 08:05:02] Meter 355: Generated 6.261 kWh (encrypted: 334220 bytes, 5.199 ms)
[2025-12-10 08:05:22] Meter 355: Generated 3.953 kWh (encrypted: 334310 bytes, 4.470 ms)
[2025-12-10 08:05:42] Meter 355: Generated 5.808 kWh (encrypted: 334166 bytes, 4.672 ms)
[2025-12-10 08:05:44] NETWORK INFO: Server authentication successful for node: aggregator-001
✓ Aggregator connected: aggregator-001 from 127.0.0.1
✓ Sent 334166 bytes to aggregator-001 (0.41ms)
Session completed with aggregator-001
[2025-12-10 08:06:02] Meter 355: Generated 6.411 kWh (encrypted: 334444 bytes, 6.505 ms)
[2025-12-10 08:06:22] Meter 355: Generated 4.936 kWh (encrypted: 334492 bytes, 4.662 ms)
[2025-12-10 08:06:42] Meter 355: Generated 1.600 kWh (encrypted: 334486 bytes, 5.034 ms)
[2025-12-10 08:06:50] NETWORK INFO: Server authentication successful for node: aggregator-001
✓ Aggregator connected: aggregator-001 from 127.0.0.1
✓ Sent 334486 bytes to aggregator-001 (0.49ms)
Session completed with aggregator-001
[2025-12-10 08:07:02] Meter 355: Generated 5.097 kWh (encrypted: 334394 bytes, 12.437 ms)
[2025-12-10 08:07:22] Meter 355: Generated 4.547 kWh (encrypted: 334498 bytes, 24.440 ms)
[2025-12-10 08:07:42] Meter 355: Generated 5.346 kWh (encrypted: 334506 bytes, 4.670 ms)
[2025-12-10 08:07:56] NETWORK INFO: Server authentication successful for node: aggregator-001
✓ Aggregator connected: aggregator-001 from 127.0.0.1
✓ Sent 334506 bytes to aggregator-001 (0.32ms)
Session completed with aggregator-001
[2025-12-10 08:08:02] Meter 355: Generated 0.855 kWh (encrypted: 334036 bytes, 6.573 ms)
[2025-12-10 08:08:22] Meter 355: Generated 1.153 kWh (encrypted: 334293 bytes, 6.779 ms)
[2025-12-10 08:08:42] Meter 355: Generated 4.718 kWh (encrypted: 333970 bytes, 4.430 ms)
[2025-12-10 08:09:01] NETWORK INFO: Server authentication successful for node: aggregator-001
✓ Aggregator connected: aggregator-001 from 127.0.0.1
✓ Sent 333970 bytes to aggregator-001 (0.37ms)
Session completed with aggregator-001
[2025-12-10 08:09:02] Meter 355: Generated 6.913 kWh (encrypted: 334275 bytes, 11.247 ms)
[2025-12-10 08:09:22] Meter 355: Generated 6.500 kWh (encrypted: 334402 bytes, 5.052 ms)
[2025-12-10 08:09:42] Meter 355: Generated 2.392 kWh (encrypted: 334217 bytes, 4.882 ms)
[2025-12-10 08:10:02] Meter 355: Generated 1.231 kWh (encrypted: 333820 bytes, 4.989 ms)
[2025-12-10 08:10:06] NETWORK INFO: Server authentication successful for node: aggregator-001
✓ Aggregator connected: aggregator-001 from 127.0.0.1
✓ Sent 333820 bytes to aggregator-001 (0.38ms)
Session completed with aggregator-001
[2025-12-10 08:10:22] Meter 355: Generated 1.508 kWh (encrypted: 334474 bytes, 4.654 ms)
[2025-12-10 08:10:42] Meter 355: Generated 6.695 kWh (encrypted: 334312 bytes, 4.885 ms)
[2025-12-10 08:11:02] Meter 355: Generated 2.709 kWh (encrypted: 334171 bytes, 4.770 ms)
[2025-12-10 08:11:12] NETWORK INFO: Server authentication successful for node: aggregator-001
✓ Aggregator connected: aggregator-001 from 127.0.0.1
✓ Sent 334171 bytes to aggregator-001 (0.38ms)
Session completed with aggregator-001
[2025-12-10 08:11:23] Meter 355: Generated 7.068 kWh (encrypted: 334114 bytes, 4.649 ms)
[2025-12-10 08:11:43] Meter 355: Generated 5.247 kWh (encrypted: 334197 bytes, 4.708 ms)
[2025-12-10 08:12:03] Meter 355: Generated 4.389 kWh (encrypted: 334492 bytes, 6.432 ms)
[2025-12-10 08:12:17] NETWORK INFO: Server authentication successful for node: aggregator-001
✓ Aggregator connected: aggregator-001 from 127.0.0.1
✓ Sent 334492 bytes to aggregator-001 (0.47ms)
Session completed with aggregator-001
[2025-12-10 08:12:23] Meter 355: Generated 5.479 kWh (encrypted: 334045 bytes, 8.147 ms)

Received shutdown signal. Gracefully shutting down smart meter...
Network server thread stopped
Data generation thread stopped
Smart meter 355 shutdown complete
