=== Continuous Smart Meter Server 80 ===
Initializing for continuous operation...
SEAL context initialized
Loaded certificate: smart-meter-080
Requesting public keys from KDC...
[2025-12-10 07:56:43] NETWORK ERROR: Failed to connect to 127.0.0.1:8444: Connection refused
Error: Failed to connect to KDC at 127.0.0.1:8444
Error: Failed to send key request to KDC
Failed to obtain keys from KDC, falling back to file keys
Loaded keys from fallback files
Cryptographic components initialized
[2025-12-10 07:56:43] NETWORK INFO: Server socket created and listening on port 9080
✓ Smart meter server ready on port 9080
Data transmission interval: 20 seconds (15x accelerated - simulates 5min)
✓ Performance metrics CSV files initialized in performance_data/
Starting continuous smart meter operation...
Press Ctrl+C to stop gracefully
Data generation thread started
Network server thread started on port 9080
[2025-12-10 07:57:03] Meter 80: Generated 4.856 kWh (encrypted: 334150 bytes, 4.838 ms)
[2025-12-10 07:57:15] NETWORK INFO: Server authentication successful for node: aggregator-001
✓ Aggregator connected: aggregator-001 from 127.0.0.1
✓ Sent 334150 bytes to aggregator-001 (4.93ms)
Session completed with aggregator-001
[2025-12-10 07:57:23] Meter 80: Generated 3.619 kWh (encrypted: 334469 bytes, 4.300 ms)
[2025-12-10 07:57:43] Meter 80: Generated 7.148 kWh (encrypted: 334525 bytes, 4.262 ms)
[2025-12-10 07:58:03] Meter 80: Generated 1.806 kWh (encrypted: 334137 bytes, 4.517 ms)
[2025-12-10 07:58:23] Meter 80: Generated 7.285 kWh (encrypted: 334388 bytes, 4.364 ms)
[2025-12-10 07:58:25] NETWORK INFO: Server authentication successful for node: aggregator-001
✓ Aggregator connected: aggregator-001 from 127.0.0.1
✓ Sent 334388 bytes to aggregator-001 (0.43ms)
Session completed with aggregator-001
[2025-12-10 07:58:43] Meter 80: Generated 6.958 kWh (encrypted: 334216 bytes, 4.309 ms)
[2025-12-10 07:59:03] Meter 80: Generated 6.799 kWh (encrypted: 334265 bytes, 4.423 ms)
[2025-12-10 07:59:23] Meter 80: Generated 5.893 kWh (encrypted: 334405 bytes, 4.534 ms)
[2025-12-10 07:59:26] NETWORK INFO: Server authentication successful for node: aggregator-001
✓ Aggregator connected: aggregator-001 from 127.0.0.1
✓ Sent 334405 bytes to aggregator-001 (0.48ms)
Session completed with aggregator-001
[2025-12-10 07:59:43] Meter 80: Generated 1.388 kWh (encrypted: 334433 bytes, 6.496 ms)
[2025-12-10 08:00:03] Meter 80: Generated 4.812 kWh (encrypted: 334225 bytes, 4.506 ms)
[2025-12-10 08:00:23] Meter 80: Generated 2.370 kWh (encrypted: 334362 bytes, 4.708 ms)
[2025-12-10 08:00:28] NETWORK INFO: Server authentication successful for node: aggregator-001
✓ Aggregator connected: aggregator-001 from 127.0.0.1
✓ Sent 334362 bytes to aggregator-001 (7.75ms)
Session completed with aggregator-001
[2025-12-10 08:00:43] Meter 80: Generated 5.327 kWh (encrypted: 334042 bytes, 4.662 ms)
[2025-12-10 08:01:03] Meter 80: Generated 2.762 kWh (encrypted: 334022 bytes, 5.079 ms)
[2025-12-10 08:01:23] Meter 80: Generated 2.788 kWh (encrypted: 334328 bytes, 4.533 ms)
[2025-12-10 08:01:31] NETWORK INFO: Server authentication successful for node: aggregator-001
✓ Aggregator connected: aggregator-001 from 127.0.0.1
✓ Sent 334328 bytes to aggregator-001 (0.35ms)
Session completed with aggregator-001
[2025-12-10 08:01:43] Meter 80: Generated 2.225 kWh (encrypted: 333950 bytes, 4.420 ms)
[2025-12-10 08:02:03] Meter 80: Generated 3.269 kWh (encrypted: 334480 bytes, 4.474 ms)
[2025-12-10 08:02:23] Meter 80: Generated 2.047 kWh (encrypted: 334437 bytes, 4.720 ms)
[2025-12-10 08:02:33] NETWORK INFO: Server authentication successful for node: aggregator-001
✓ Aggregator connected: aggregator-001 from 127.0.0.1
✓ Sent 334437 bytes to aggregator-001 (2.52ms)
Session completed with aggregator-001
[2025-12-10 08:02:43] Meter 80: Generated 2.015 kWh (encrypted: 334183 bytes, 5.025 ms)
[2025-12-10 08:03:03] Meter 80: Generated 4.392 kWh (encrypted: 334323 bytes, 4.778 ms)
[2025-12-10 08:03:23] Meter 80: Generated 1.402 kWh (encrypted: 334470 bytes, 4.747 ms)
[2025-12-10 08:03:36] NETWORK INFO: Server authentication successful for node: aggregator-001
✓ Aggregator connected: aggregator-001 from 127.0.0.1
✓ Sent 334470 bytes to aggregator-001 (0.38ms)
Session completed with aggregator-001
[2025-12-10 08:03:43] Meter 80: Generated 1.672 kWh (encrypted: 334387 bytes, 4.769 ms)
[2025-12-10 08:04:03] Meter 80: Generated 2.823 kWh (encrypted: 334377 bytes, 4.618 ms)
[2025-12-10 08:04:23] Meter 80: Generated 2.287 kWh (encrypted: 334164 bytes, 4.652 ms)
[2025-12-10 08:04:39] NETWORK INFO: Server authentication successful for node: aggregator-001
✓ Aggregator connected: aggregator-001 from 127.0.0.1
✓ Sent 334164 bytes to aggregator-001 (0.39ms)
Session completed with aggregator-001
[2025-12-10 08:04:43] Meter 80: Generated 2.180 kWh (encrypted: 334396 bytes, 5.253 ms)
[2025-12-10 08:05:03] Meter 80: Generated 1.111 kWh (encrypted: 334482 bytes, 4.511 ms)
[2025-12-10 08:05:23] Meter 80: Generated 2.535 kWh (encrypted: 334163 bytes, 4.384 ms)
[2025-12-10 08:05:43] Meter 80: Generated 4.196 kWh (encrypted: 333878 bytes, 5.876 ms)
[2025-12-10 08:05:44] NETWORK INFO: Server authentication successful for node: aggregator-001
✓ Aggregator connected: aggregator-001 from 127.0.0.1
✓ Sent 333878 bytes to aggregator-001 (0.37ms)
Session completed with aggregator-001
[2025-12-10 08:06:03] Meter 80: Generated 1.101 kWh (encrypted: 334254 bytes, 6.438 ms)
[2025-12-10 08:06:23] Meter 80: Generated 7.098 kWh (encrypted: 334496 bytes, 6.501 ms)
[2025-12-10 08:06:43] Meter 80: Generated 5.225 kWh (encrypted: 334125 bytes, 4.574 ms)
[2025-12-10 08:06:50] NETWORK INFO: Server authentication successful for node: aggregator-001
✓ Aggregator connected: aggregator-001 from 127.0.0.1
✓ Sent 334125 bytes to aggregator-001 (0.38ms)
Session completed with aggregator-001
[2025-12-10 08:07:03] Meter 80: Generated 2.972 kWh (encrypted: 333831 bytes, 6.564 ms)
[2025-12-10 08:07:23] Meter 80: Generated 6.497 kWh (encrypted: 334437 bytes, 6.561 ms)
[2025-12-10 08:07:43] Meter 80: Generated 2.352 kWh (encrypted: 334255 bytes, 4.745 ms)
[2025-12-10 08:07:55] NETWORK INFO: Server authentication successful for node: aggregator-001
✓ Aggregator connected: aggregator-001 from 127.0.0.1
✓ Sent 334255 bytes to aggregator-001 (9.20ms)
Session completed with aggregator-001
[2025-12-10 08:08:04] Meter 80: Generated 3.773 kWh (encrypted: 334390 bytes, 4.926 ms)
[2025-12-10 08:08:24] Meter 80: Generated 2.118 kWh (encrypted: 334422 bytes, 4.725 ms)
[2025-12-10 08:08:44] Meter 80: Generated 1.345 kWh (encrypted: 334256 bytes, 4.630 ms)
[2025-12-10 08:09:01] NETWORK INFO: Server authentication successful for node: aggregator-001
✓ Aggregator connected: aggregator-001 from 127.0.0.1
✓ Sent 334256 bytes to aggregator-001 (12.66ms)
Session completed with aggregator-001
[2025-12-10 08:09:04] Meter 80: Generated 6.716 kWh (encrypted: 334215 bytes, 4.711 ms)
[2025-12-10 08:09:24] Meter 80: Generated 6.804 kWh (encrypted: 334363 bytes, 5.008 ms)
[2025-12-10 08:09:44] Meter 80: Generated 4.656 kWh (encrypted: 334388 bytes, 4.889 ms)
[2025-12-10 08:10:04] Meter 80: Generated 5.097 kWh (encrypted: 334423 bytes, 7.278 ms)
[2025-12-10 08:10:06] NETWORK INFO: Server authentication successful for node: aggregator-001
✓ Aggregator connected: aggregator-001 from 127.0.0.1
✓ Sent 334423 bytes to aggregator-001 (0.37ms)
Session completed with aggregator-001
[2025-12-10 08:10:24] Meter 80: Generated 2.545 kWh (encrypted: 334383 bytes, 7.069 ms)
[2025-12-10 08:10:44] Meter 80: Generated 4.865 kWh (encrypted: 334318 bytes, 7.417 ms)
[2025-12-10 08:11:04] Meter 80: Generated 4.976 kWh (encrypted: 334505 bytes, 7.233 ms)
[2025-12-10 08:11:12] NETWORK INFO: Server authentication successful for node: aggregator-001
✓ Aggregator connected: aggregator-001 from 127.0.0.1
✓ Sent 334505 bytes to aggregator-001 (0.35ms)
Session completed with aggregator-001
[2025-12-10 08:11:24] Meter 80: Generated 4.470 kWh (encrypted: 334148 bytes, 7.430 ms)
[2025-12-10 08:11:44] Meter 80: Generated 4.125 kWh (encrypted: 334224 bytes, 7.680 ms)
[2025-12-10 08:12:04] Meter 80: Generated 3.048 kWh (encrypted: 334349 bytes, 6.852 ms)
[2025-12-10 08:12:17] NETWORK INFO: Server authentication successful for node: aggregator-001
✓ Aggregator connected: aggregator-001 from 127.0.0.1
✓ Sent 334349 bytes to aggregator-001 (0.39ms)
Session completed with aggregator-001
[2025-12-10 08:12:24] Meter 80: Generated 2.943 kWh (encrypted: 334416 bytes, 8.247 ms)

Received shutdown signal. Gracefully shutting down smart meter...
Network server thread stopped
Data generation thread stopped
Smart meter 80 shutdown complete
