=== Continuous Smart Meter Server 271 ===
Initializing for continuous operation...
SEAL context initialized
Loaded certificate: smart-meter-271
Requesting public keys from KDC...
[2025-12-10 08:00:38] NETWORK ERROR: Failed to connect to 127.0.0.1:8444: Connection refused
Error: Failed to connect to KDC at 127.0.0.1:8444
Error: Failed to send key request to KDC
Failed to obtain keys from KDC, falling back to file keys
Loaded keys from fallback files
Cryptographic components initialized
[2025-12-10 08:00:38] NETWORK INFO: Server socket created and listening on port 9271
✓ Smart meter server ready on port 9271
Data transmission interval: 20 seconds (15x accelerated - simulates 5min)
✓ Performance metrics CSV files initialized in performance_data/
Starting continuous smart meter operation...
Press Ctrl+C to stop gracefully
Data generation thread started
Network server thread started on port 9271
[2025-12-10 08:00:58] Meter 271: Generated 1.233 kWh (encrypted: 334316 bytes, 5.379 ms)
[2025-12-10 08:01:18] Meter 271: Generated 5.677 kWh (encrypted: 334144 bytes, 4.526 ms)
[2025-12-10 08:01:31] NETWORK INFO: Server authentication successful for node: aggregator-001
✓ Aggregator connected: aggregator-001 from 127.0.0.1
✓ Sent 334144 bytes to aggregator-001 (0.68ms)
Session completed with aggregator-001
[2025-12-10 08:01:38] Meter 271: Generated 6.803 kWh (encrypted: 334237 bytes, 4.836 ms)
[2025-12-10 08:01:58] Meter 271: Generated 2.746 kWh (encrypted: 334174 bytes, 5.068 ms)
[2025-12-10 08:02:18] Meter 271: Generated 3.321 kWh (encrypted: 334459 bytes, 4.875 ms)
[2025-12-10 08:02:33] NETWORK INFO: Server authentication successful for node: aggregator-001
✓ Aggregator connected: aggregator-001 from 127.0.0.1
✓ Sent 334459 bytes to aggregator-001 (10.30ms)
Session completed with aggregator-001
[2025-12-10 08:02:38] Meter 271: Generated 4.275 kWh (encrypted: 334370 bytes, 4.848 ms)
[2025-12-10 08:02:58] Meter 271: Generated 6.229 kWh (encrypted: 334185 bytes, 4.674 ms)
[2025-12-10 08:03:18] Meter 271: Generated 4.773 kWh (encrypted: 334032 bytes, 6.429 ms)
[2025-12-10 08:03:36] NETWORK INFO: Server authentication successful for node: aggregator-001
✓ Aggregator connected: aggregator-001 from 127.0.0.1
✓ Sent 334032 bytes to aggregator-001 (0.41ms)
Session completed with aggregator-001
[2025-12-10 08:03:38] Meter 271: Generated 5.409 kWh (encrypted: 334261 bytes, 4.750 ms)
[2025-12-10 08:03:58] Meter 271: Generated 5.844 kWh (encrypted: 334127 bytes, 4.827 ms)
[2025-12-10 08:04:18] Meter 271: Generated 1.499 kWh (encrypted: 334372 bytes, 6.278 ms)
[2025-12-10 08:04:38] Meter 271: Generated 3.966 kWh (encrypted: 334148 bytes, 6.810 ms)
[2025-12-10 08:04:39] NETWORK INFO: Server authentication successful for node: aggregator-001
✓ Aggregator connected: aggregator-001 from 127.0.0.1
✓ Sent 334148 bytes to aggregator-001 (0.37ms)
Session completed with aggregator-001
[2025-12-10 08:04:58] Meter 271: Generated 0.899 kWh (encrypted: 334313 bytes, 6.573 ms)
[2025-12-10 08:05:18] Meter 271: Generated 4.934 kWh (encrypted: 334151 bytes, 4.785 ms)
[2025-12-10 08:05:38] Meter 271: Generated 5.657 kWh (encrypted: 334048 bytes, 4.328 ms)
[2025-12-10 08:05:44] NETWORK INFO: Server authentication successful for node: aggregator-001
✓ Aggregator connected: aggregator-001 from 127.0.0.1
✓ Sent 334048 bytes to aggregator-001 (1.28ms)
Session completed with aggregator-001
[2025-12-10 08:05:58] Meter 271: Generated 0.968 kWh (encrypted: 334119 bytes, 4.612 ms)
[2025-12-10 08:06:18] Meter 271: Generated 2.033 kWh (encrypted: 334357 bytes, 6.555 ms)
[2025-12-10 08:06:38] Meter 271: Generated 3.325 kWh (encrypted: 334344 bytes, 4.485 ms)
[2025-12-10 08:06:50] NETWORK INFO: Server authentication successful for node: aggregator-001
✓ Aggregator connected: aggregator-001 from 127.0.0.1
✓ Sent 334344 bytes to aggregator-001 (0.39ms)
Session completed with aggregator-001
[2025-12-10 08:06:58] Meter 271: Generated 3.872 kWh (encrypted: 334321 bytes, 6.552 ms)
[2025-12-10 08:07:18] Meter 271: Generated 5.179 kWh (encrypted: 334456 bytes, 4.673 ms)
[2025-12-10 08:07:38] Meter 271: Generated 5.973 kWh (encrypted: 334129 bytes, 4.472 ms)
[2025-12-10 08:07:56] NETWORK INFO: Server authentication successful for node: aggregator-001
✓ Aggregator connected: aggregator-001 from 127.0.0.1
✓ Sent 334129 bytes to aggregator-001 (0.37ms)
Session completed with aggregator-001
[2025-12-10 08:07:58] Meter 271: Generated 5.930 kWh (encrypted: 334407 bytes, 4.714 ms)
[2025-12-10 08:08:18] Meter 271: Generated 3.145 kWh (encrypted: 334077 bytes, 6.615 ms)
[2025-12-10 08:08:38] Meter 271: Generated 6.787 kWh (encrypted: 334304 bytes, 4.549 ms)
[2025-12-10 08:08:58] Meter 271: Generated 3.953 kWh (encrypted: 334319 bytes, 6.388 ms)
[2025-12-10 08:09:01] NETWORK INFO: Server authentication successful for node: aggregator-001
✓ Aggregator connected: aggregator-001 from 127.0.0.1
✓ Sent 334319 bytes to aggregator-001 (0.38ms)
Session completed with aggregator-001
[2025-12-10 08:09:18] Meter 271: Generated 7.635 kWh (encrypted: 334381 bytes, 4.673 ms)
[2025-12-10 08:09:38] Meter 271: Generated 7.206 kWh (encrypted: 334341 bytes, 4.762 ms)
[2025-12-10 08:09:58] Meter 271: Generated 6.727 kWh (encrypted: 334372 bytes, 7.672 ms)
[2025-12-10 08:10:06] NETWORK INFO: Server authentication successful for node: aggregator-001
✓ Aggregator connected: aggregator-001 from 127.0.0.1
✓ Sent 334372 bytes to aggregator-001 (0.41ms)
Session completed with aggregator-001
[2025-12-10 08:10:18] Meter 271: Generated 7.563 kWh (encrypted: 334449 bytes, 7.151 ms)
[2025-12-10 08:10:38] Meter 271: Generated 6.879 kWh (encrypted: 334226 bytes, 6.491 ms)
[2025-12-10 08:10:58] Meter 271: Generated 6.393 kWh (encrypted: 334000 bytes, 5.627 ms)
[2025-12-10 08:11:12] NETWORK INFO: Server authentication successful for node: aggregator-001
✓ Aggregator connected: aggregator-001 from 127.0.0.1
✓ Sent 334000 bytes to aggregator-001 (0.36ms)
Session completed with aggregator-001
[2025-12-10 08:11:18] Meter 271: Generated 1.805 kWh (encrypted: 334406 bytes, 7.531 ms)
[2025-12-10 08:11:38] Meter 271: Generated 1.550 kWh (encrypted: 334351 bytes, 6.755 ms)
[2025-12-10 08:11:58] Meter 271: Generated 1.283 kWh (encrypted: 334366 bytes, 6.496 ms)
[2025-12-10 08:12:17] NETWORK INFO: Server authentication successful for node: aggregator-001
✓ Aggregator connected: aggregator-001 from 127.0.0.1
✓ Sent 334366 bytes to aggregator-001 (0.37ms)
Session completed with aggregator-001
[2025-12-10 08:12:18] Meter 271: Generated 7.217 kWh (encrypted: 334353 bytes, 8.024 ms)

Received shutdown signal. Gracefully shutting down smart meter...
Network server thread stopped
Data generation thread stopped
Smart meter 271 shutdown complete
