=== Continuous Smart Meter Server 59 ===
Initializing for continuous operation...
SEAL context initialized
Loaded certificate: smart-meter-059
Requesting public keys from KDC...
[2025-12-10 07:56:18] NETWORK ERROR: Failed to connect to 127.0.0.1:8444: Connection refused
Error: Failed to connect to KDC at 127.0.0.1:8444
Error: Failed to send key request to KDC
Failed to obtain keys from KDC, falling back to file keys
Loaded keys from fallback files
Cryptographic components initialized
[2025-12-10 07:56:18] NETWORK INFO: Server socket created and listening on port 9059
✓ Smart meter server ready on port 9059
Data transmission interval: 20 seconds (15x accelerated - simulates 5min)
✓ Performance metrics CSV files initialized in performance_data/
Starting continuous smart meter operation...
Press Ctrl+C to stop gracefully
Data generation thread started
Network server thread started on port 9059
[2025-12-10 07:56:38] Meter 59: Generated 2.050 kWh (encrypted: 334135 bytes, 5.138 ms)
[2025-12-10 07:56:58] Meter 59: Generated 4.501 kWh (encrypted: 334253 bytes, 4.256 ms)
[2025-12-10 07:57:15] NETWORK INFO: Server authentication successful for node: aggregator-001
✓ Aggregator connected: aggregator-001 from 127.0.0.1
✓ Sent 334253 bytes to aggregator-001 (0.68ms)
Session completed with aggregator-001
[2025-12-10 07:57:18] Meter 59: Generated 4.087 kWh (encrypted: 334451 bytes, 4.378 ms)
[2025-12-10 07:57:38] Meter 59: Generated 5.200 kWh (encrypted: 334191 bytes, 4.368 ms)
[2025-12-10 07:57:58] Meter 59: Generated 5.606 kWh (encrypted: 334358 bytes, 4.468 ms)
[2025-12-10 07:58:18] Meter 59: Generated 6.414 kWh (encrypted: 333803 bytes, 5.645 ms)
[2025-12-10 07:58:25] NETWORK INFO: Server authentication successful for node: aggregator-001
✓ Aggregator connected: aggregator-001 from 127.0.0.1
✓ Sent 333803 bytes to aggregator-001 (8.02ms)
Session completed with aggregator-001
[2025-12-10 07:58:38] Meter 59: Generated 7.339 kWh (encrypted: 334152 bytes, 4.369 ms)
[2025-12-10 07:58:58] Meter 59: Generated 6.278 kWh (encrypted: 334201 bytes, 6.512 ms)
[2025-12-10 07:59:18] Meter 59: Generated 6.321 kWh (encrypted: 334184 bytes, 4.954 ms)
[2025-12-10 07:59:26] NETWORK INFO: Server authentication successful for node: aggregator-001
✓ Aggregator connected: aggregator-001 from 127.0.0.1
✓ Sent 334184 bytes to aggregator-001 (1.55ms)
Session completed with aggregator-001
[2025-12-10 07:59:38] Meter 59: Generated 1.402 kWh (encrypted: 333349 bytes, 6.796 ms)
[2025-12-10 07:59:58] Meter 59: Generated 3.753 kWh (encrypted: 334160 bytes, 4.882 ms)
[2025-12-10 08:00:18] Meter 59: Generated 6.843 kWh (encrypted: 334033 bytes, 5.058 ms)
[2025-12-10 08:00:28] NETWORK INFO: Server authentication successful for node: aggregator-001
✓ Aggregator connected: aggregator-001 from 127.0.0.1
✓ Sent 334033 bytes to aggregator-001 (0.38ms)
Session completed with aggregator-001
[2025-12-10 08:00:38] Meter 59: Generated 5.136 kWh (encrypted: 333999 bytes, 6.542 ms)
[2025-12-10 08:00:58] Meter 59: Generated 3.691 kWh (encrypted: 334426 bytes, 4.515 ms)
[2025-12-10 08:01:18] Meter 59: Generated 5.821 kWh (encrypted: 334555 bytes, 5.627 ms)
[2025-12-10 08:01:31] NETWORK INFO: Server authentication successful for node: aggregator-001
✓ Aggregator connected: aggregator-001 from 127.0.0.1
✓ Sent 334555 bytes to aggregator-001 (18.87ms)
Session completed with aggregator-001
[2025-12-10 08:01:38] Meter 59: Generated 5.033 kWh (encrypted: 334430 bytes, 4.955 ms)
[2025-12-10 08:01:58] Meter 59: Generated 5.046 kWh (encrypted: 334168 bytes, 6.491 ms)
[2025-12-10 08:02:18] Meter 59: Generated 6.527 kWh (encrypted: 334352 bytes, 5.029 ms)
[2025-12-10 08:02:33] NETWORK INFO: Server authentication successful for node: aggregator-001
✓ Aggregator connected: aggregator-001 from 127.0.0.1
✓ Sent 334352 bytes to aggregator-001 (1.65ms)
Session completed with aggregator-001
[2025-12-10 08:02:38] Meter 59: Generated 6.056 kWh (encrypted: 334368 bytes, 4.818 ms)
[2025-12-10 08:02:58] Meter 59: Generated 0.655 kWh (encrypted: 334131 bytes, 4.937 ms)
[2025-12-10 08:03:18] Meter 59: Generated 2.994 kWh (encrypted: 334246 bytes, 4.874 ms)
[2025-12-10 08:03:36] NETWORK INFO: Server authentication successful for node: aggregator-001
✓ Aggregator connected: aggregator-001 from 127.0.0.1
✓ Sent 334246 bytes to aggregator-001 (7.83ms)
Session completed with aggregator-001
[2025-12-10 08:03:38] Meter 59: Generated 2.234 kWh (encrypted: 334142 bytes, 4.861 ms)
[2025-12-10 08:03:58] Meter 59: Generated 3.645 kWh (encrypted: 334083 bytes, 6.614 ms)
[2025-12-10 08:04:18] Meter 59: Generated 4.827 kWh (encrypted: 334275 bytes, 4.582 ms)
[2025-12-10 08:04:38] Meter 59: Generated 2.776 kWh (encrypted: 334161 bytes, 9.314 ms)
[2025-12-10 08:04:39] NETWORK INFO: Server authentication successful for node: aggregator-001
✓ Aggregator connected: aggregator-001 from 127.0.0.1
✓ Sent 334161 bytes to aggregator-001 (14.45ms)
Session completed with aggregator-001
[2025-12-10 08:04:58] Meter 59: Generated 7.549 kWh (encrypted: 334107 bytes, 6.583 ms)
[2025-12-10 08:05:18] Meter 59: Generated 0.705 kWh (encrypted: 334158 bytes, 5.758 ms)
[2025-12-10 08:05:38] Meter 59: Generated 7.484 kWh (encrypted: 334261 bytes, 4.520 ms)
[2025-12-10 08:05:44] NETWORK INFO: Server authentication successful for node: aggregator-001
✓ Aggregator connected: aggregator-001 from 127.0.0.1
✓ Sent 334261 bytes to aggregator-001 (11.99ms)
Session completed with aggregator-001
[2025-12-10 08:05:58] Meter 59: Generated 2.244 kWh (encrypted: 334446 bytes, 6.428 ms)
[2025-12-10 08:06:18] Meter 59: Generated 7.037 kWh (encrypted: 334299 bytes, 4.782 ms)
[2025-12-10 08:06:38] Meter 59: Generated 7.246 kWh (encrypted: 334181 bytes, 4.699 ms)
[2025-12-10 08:06:50] NETWORK INFO: Server authentication successful for node: aggregator-001
✓ Aggregator connected: aggregator-001 from 127.0.0.1
✓ Sent 334181 bytes to aggregator-001 (3.96ms)
Session completed with aggregator-001
[2025-12-10 08:06:58] Meter 59: Generated 4.772 kWh (encrypted: 334380 bytes, 7.236 ms)
[2025-12-10 08:07:18] Meter 59: Generated 1.055 kWh (encrypted: 334043 bytes, 6.801 ms)
[2025-12-10 08:07:38] Meter 59: Generated 4.033 kWh (encrypted: 334409 bytes, 6.250 ms)
[2025-12-10 08:07:56] NETWORK INFO: Server authentication successful for node: aggregator-001
✓ Aggregator connected: aggregator-001 from 127.0.0.1
✓ Sent 334409 bytes to aggregator-001 (0.39ms)
Session completed with aggregator-001
[2025-12-10 08:07:58] Meter 59: Generated 2.637 kWh (encrypted: 334127 bytes, 5.650 ms)
[2025-12-10 08:08:18] Meter 59: Generated 6.119 kWh (encrypted: 333352 bytes, 5.467 ms)
[2025-12-10 08:08:38] Meter 59: Generated 7.330 kWh (encrypted: 333905 bytes, 4.547 ms)
[2025-12-10 08:08:58] Meter 59: Generated 3.184 kWh (encrypted: 334190 bytes, 7.923 ms)
[2025-12-10 08:09:01] NETWORK INFO: Server authentication successful for node: aggregator-001
✓ Aggregator connected: aggregator-001 from 127.0.0.1
✓ Sent 334190 bytes to aggregator-001 (0.43ms)
Session completed with aggregator-001
[2025-12-10 08:09:18] Meter 59: Generated 1.333 kWh (encrypted: 334341 bytes, 6.588 ms)
[2025-12-10 08:09:38] Meter 59: Generated 4.286 kWh (encrypted: 334503 bytes, 4.884 ms)
[2025-12-10 08:09:58] Meter 59: Generated 0.703 kWh (encrypted: 334180 bytes, 6.282 ms)
[2025-12-10 08:10:06] NETWORK INFO: Server authentication successful for node: aggregator-001
✓ Aggregator connected: aggregator-001 from 127.0.0.1
✓ Sent 334180 bytes to aggregator-001 (0.54ms)
Session completed with aggregator-001
[2025-12-10 08:10:18] Meter 59: Generated 5.853 kWh (encrypted: 334222 bytes, 5.530 ms)
[2025-12-10 08:10:38] Meter 59: Generated 1.961 kWh (encrypted: 334438 bytes, 6.137 ms)
[2025-12-10 08:10:58] Meter 59: Generated 0.814 kWh (encrypted: 334319 bytes, 17.741 ms)
[2025-12-10 08:11:12] NETWORK INFO: Server authentication successful for node: aggregator-001
✓ Aggregator connected: aggregator-001 from 127.0.0.1
✓ Sent 334319 bytes to aggregator-001 (0.38ms)
Session completed with aggregator-001
[2025-12-10 08:11:18] Meter 59: Generated 2.033 kWh (encrypted: 333998 bytes, 4.842 ms)
[2025-12-10 08:11:38] Meter 59: Generated 1.846 kWh (encrypted: 334133 bytes, 4.828 ms)
[2025-12-10 08:11:58] Meter 59: Generated 4.409 kWh (encrypted: 334230 bytes, 6.817 ms)
[2025-12-10 08:12:17] NETWORK INFO: Server authentication successful for node: aggregator-001
✓ Aggregator connected: aggregator-001 from 127.0.0.1
✓ Sent 334230 bytes to aggregator-001 (7.67ms)
Session completed with aggregator-001
[2025-12-10 08:12:18] Meter 59: Generated 5.546 kWh (encrypted: 334203 bytes, 7.403 ms)

Received shutdown signal. Gracefully shutting down smart meter...
Network server thread stopped
Data generation thread stopped
Smart meter 59 shutdown complete
