=== Continuous Smart Meter Server 180 ===
Initializing for continuous operation...
SEAL context initialized
Loaded certificate: smart-meter-180
Requesting public keys from KDC...
[2025-12-10 07:58:45] NETWORK ERROR: Failed to connect to 127.0.0.1:8444: Connection refused
Error: Failed to connect to KDC at 127.0.0.1:8444
Error: Failed to send key request to KDC
Failed to obtain keys from KDC, falling back to file keys
Loaded keys from fallback files
Cryptographic components initialized
[2025-12-10 07:58:45] NETWORK INFO: Server socket created and listening on port 9180
✓ Smart meter server ready on port 9180
Data transmission interval: 20 seconds (15x accelerated - simulates 5min)
✓ Performance metrics CSV files initialized in performance_data/
Starting continuous smart meter operation...
Press Ctrl+C to stop gracefully
Data generation thread started
Network server thread started on port 9180
[2025-12-10 07:59:05] Meter 180: Generated 7.033 kWh (encrypted: 334452 bytes, 5.064 ms)
[2025-12-10 07:59:25] Meter 180: Generated 2.202 kWh (encrypted: 334404 bytes, 4.619 ms)
[2025-12-10 07:59:26] NETWORK INFO: Server authentication successful for node: aggregator-001
✓ Aggregator connected: aggregator-001 from 127.0.0.1
✓ Sent 334404 bytes to aggregator-001 (0.71ms)
Session completed with aggregator-001
[2025-12-10 07:59:45] Meter 180: Generated 2.960 kWh (encrypted: 334404 bytes, 4.569 ms)
[2025-12-10 08:00:05] Meter 180: Generated 7.463 kWh (encrypted: 334308 bytes, 6.689 ms)
[2025-12-10 08:00:25] Meter 180: Generated 6.300 kWh (encrypted: 334374 bytes, 7.256 ms)
[2025-12-10 08:00:28] NETWORK INFO: Server authentication successful for node: aggregator-001
✓ Aggregator connected: aggregator-001 from 127.0.0.1
✓ Sent 334374 bytes to aggregator-001 (3.77ms)
Session completed with aggregator-001
[2025-12-10 08:00:46] Meter 180: Generated 4.679 kWh (encrypted: 334139 bytes, 5.698 ms)
[2025-12-10 08:01:06] Meter 180: Generated 1.303 kWh (encrypted: 333845 bytes, 4.677 ms)
[2025-12-10 08:01:26] Meter 180: Generated 6.832 kWh (encrypted: 334452 bytes, 6.279 ms)
[2025-12-10 08:01:31] NETWORK INFO: Server authentication successful for node: aggregator-001
✓ Aggregator connected: aggregator-001 from 127.0.0.1
✓ Sent 334452 bytes to aggregator-001 (0.38ms)
Session completed with aggregator-001
[2025-12-10 08:01:46] Meter 180: Generated 5.850 kWh (encrypted: 334443 bytes, 5.706 ms)
[2025-12-10 08:02:06] Meter 180: Generated 1.693 kWh (encrypted: 334302 bytes, 5.453 ms)
[2025-12-10 08:02:26] Meter 180: Generated 4.206 kWh (encrypted: 333454 bytes, 4.275 ms)
[2025-12-10 08:02:33] NETWORK INFO: Server authentication successful for node: aggregator-001
✓ Aggregator connected: aggregator-001 from 127.0.0.1
✓ Sent 333454 bytes to aggregator-001 (0.36ms)
Session completed with aggregator-001
[2025-12-10 08:02:46] Meter 180: Generated 7.531 kWh (encrypted: 334478 bytes, 4.697 ms)
[2025-12-10 08:03:06] Meter 180: Generated 0.943 kWh (encrypted: 334497 bytes, 16.916 ms)
[2025-12-10 08:03:26] Meter 180: Generated 7.463 kWh (encrypted: 334375 bytes, 7.832 ms)
[2025-12-10 08:03:36] NETWORK INFO: Server authentication successful for node: aggregator-001
✓ Aggregator connected: aggregator-001 from 127.0.0.1
✓ Sent 334375 bytes to aggregator-001 (1.43ms)
Session completed with aggregator-001
[2025-12-10 08:03:46] Meter 180: Generated 7.434 kWh (encrypted: 334117 bytes, 4.387 ms)
[2025-12-10 08:04:06] Meter 180: Generated 3.079 kWh (encrypted: 334169 bytes, 4.434 ms)
[2025-12-10 08:04:26] Meter 180: Generated 7.216 kWh (encrypted: 333710 bytes, 6.619 ms)
[2025-12-10 08:04:39] NETWORK INFO: Server authentication successful for node: aggregator-001
✓ Aggregator connected: aggregator-001 from 127.0.0.1
✓ Sent 333710 bytes to aggregator-001 (0.41ms)
Session completed with aggregator-001
[2025-12-10 08:04:46] Meter 180: Generated 7.125 kWh (encrypted: 334033 bytes, 6.583 ms)
[2025-12-10 08:05:06] Meter 180: Generated 2.209 kWh (encrypted: 334139 bytes, 5.695 ms)
[2025-12-10 08:05:26] Meter 180: Generated 2.668 kWh (encrypted: 334392 bytes, 6.637 ms)
[2025-12-10 08:05:44] NETWORK INFO: Server authentication successful for node: aggregator-001
✓ Aggregator connected: aggregator-001 from 127.0.0.1
✓ Sent 334392 bytes to aggregator-001 (55.98ms)
Session completed with aggregator-001
[2025-12-10 08:05:46] Meter 180: Generated 2.110 kWh (encrypted: 334151 bytes, 6.410 ms)
[2025-12-10 08:06:06] Meter 180: Generated 5.340 kWh (encrypted: 334167 bytes, 6.663 ms)
[2025-12-10 08:06:26] Meter 180: Generated 5.112 kWh (encrypted: 334434 bytes, 7.021 ms)
[2025-12-10 08:06:46] Meter 180: Generated 3.774 kWh (encrypted: 334403 bytes, 5.216 ms)
[2025-12-10 08:06:50] NETWORK INFO: Server authentication successful for node: aggregator-001
✓ Aggregator connected: aggregator-001 from 127.0.0.1
✓ Sent 334403 bytes to aggregator-001 (0.39ms)
Session completed with aggregator-001
[2025-12-10 08:07:06] Meter 180: Generated 5.985 kWh (encrypted: 334363 bytes, 6.568 ms)
[2025-12-10 08:07:26] Meter 180: Generated 2.834 kWh (encrypted: 334095 bytes, 7.199 ms)
[2025-12-10 08:07:46] Meter 180: Generated 6.749 kWh (encrypted: 334406 bytes, 6.636 ms)
[2025-12-10 08:07:56] NETWORK INFO: Server authentication successful for node: aggregator-001
✓ Aggregator connected: aggregator-001 from 127.0.0.1
✓ Sent 334406 bytes to aggregator-001 (2.45ms)
Session completed with aggregator-001
[2025-12-10 08:08:06] Meter 180: Generated 1.483 kWh (encrypted: 334259 bytes, 6.985 ms)
[2025-12-10 08:08:26] Meter 180: Generated 5.481 kWh (encrypted: 334421 bytes, 5.898 ms)
[2025-12-10 08:08:46] Meter 180: Generated 1.055 kWh (encrypted: 334491 bytes, 5.290 ms)
[2025-12-10 08:09:01] NETWORK INFO: Server authentication successful for node: aggregator-001
✓ Aggregator connected: aggregator-001 from 127.0.0.1
✓ Sent 334491 bytes to aggregator-001 (0.37ms)
Session completed with aggregator-001
[2025-12-10 08:09:06] Meter 180: Generated 3.690 kWh (encrypted: 334024 bytes, 13.453 ms)
[2025-12-10 08:09:26] Meter 180: Generated 6.676 kWh (encrypted: 334190 bytes, 9.736 ms)
[2025-12-10 08:09:46] Meter 180: Generated 3.780 kWh (encrypted: 333911 bytes, 9.515 ms)
[2025-12-10 08:10:06] Meter 180: Generated 7.060 kWh (encrypted: 334206 bytes, 6.778 ms)
[2025-12-10 08:10:06] NETWORK INFO: Server authentication successful for node: aggregator-001
✓ Aggregator connected: aggregator-001 from 127.0.0.1
✓ Sent 334206 bytes to aggregator-001 (6.64ms)
Session completed with aggregator-001
[2025-12-10 08:10:26] Meter 180: Generated 4.238 kWh (encrypted: 334410 bytes, 6.464 ms)
[2025-12-10 08:10:46] Meter 180: Generated 5.572 kWh (encrypted: 334075 bytes, 4.949 ms)
[2025-12-10 08:11:06] Meter 180: Generated 7.237 kWh (encrypted: 334313 bytes, 7.266 ms)
[2025-12-10 08:11:12] NETWORK INFO: Server authentication successful for node: aggregator-001
✓ Aggregator connected: aggregator-001 from 127.0.0.1
✓ Sent 334313 bytes to aggregator-001 (0.42ms)
Session completed with aggregator-001
[2025-12-10 08:11:26] Meter 180: Generated 1.814 kWh (encrypted: 334225 bytes, 6.620 ms)
[2025-12-10 08:11:46] Meter 180: Generated 6.348 kWh (encrypted: 334084 bytes, 7.380 ms)
[2025-12-10 08:12:06] Meter 180: Generated 7.142 kWh (encrypted: 334229 bytes, 6.469 ms)
[2025-12-10 08:12:17] NETWORK INFO: Server authentication successful for node: aggregator-001
✓ Aggregator connected: aggregator-001 from 127.0.0.1
✓ Sent 334229 bytes to aggregator-001 (0.36ms)
Session completed with aggregator-001
[2025-12-10 08:12:26] Meter 180: Generated 5.768 kWh (encrypted: 334389 bytes, 4.630 ms)

Received shutdown signal. Gracefully shutting down smart meter...
Network server thread stopped
Data generation thread stopped
Smart meter 180 shutdown complete
