=== Continuous Smart Meter Server 157 ===
Initializing for continuous operation...
SEAL context initialized
Loaded certificate: smart-meter-157
Requesting public keys from KDC...
[2025-12-10 07:58:17] NETWORK ERROR: Failed to connect to 127.0.0.1:8444: Connection refused
Error: Failed to connect to KDC at 127.0.0.1:8444
Error: Failed to send key request to KDC
Failed to obtain keys from KDC, falling back to file keys
Loaded keys from fallback files
Cryptographic components initialized
[2025-12-10 07:58:17] NETWORK INFO: Server socket created and listening on port 9157
✓ Smart meter server ready on port 9157
Data transmission interval: 20 seconds (15x accelerated - simulates 5min)
✓ Performance metrics CSV files initialized in performance_data/
Starting continuous smart meter operation...
Press Ctrl+C to stop gracefully
Data generation thread started
Network server thread started on port 9157
[2025-12-10 07:58:25] NETWORK INFO: Server authentication successful for node: aggregator-001
✓ Aggregator connected: aggregator-001 from 127.0.0.1
[2025-12-10 07:58:37] Meter 157: Generated 4.965 kWh (encrypted: 334292 bytes, 5.178 ms)
✓ Sent 334292 bytes to aggregator-001 (0.86ms)
Session completed with aggregator-001
[2025-12-10 07:58:57] Meter 157: Generated 6.759 kWh (encrypted: 334291 bytes, 4.457 ms)
[2025-12-10 07:59:17] Meter 157: Generated 4.977 kWh (encrypted: 334021 bytes, 6.431 ms)
[2025-12-10 07:59:27] NETWORK INFO: Server authentication successful for node: aggregator-001
✓ Aggregator connected: aggregator-001 from 127.0.0.1
✓ Sent 334021 bytes to aggregator-001 (0.37ms)
Session completed with aggregator-001
[2025-12-10 07:59:37] Meter 157: Generated 0.779 kWh (encrypted: 334487 bytes, 4.626 ms)
[2025-12-10 07:59:57] Meter 157: Generated 3.937 kWh (encrypted: 334435 bytes, 4.783 ms)
[2025-12-10 08:00:17] Meter 157: Generated 6.921 kWh (encrypted: 334537 bytes, 6.647 ms)
[2025-12-10 08:00:28] NETWORK INFO: Server authentication successful for node: aggregator-001
✓ Aggregator connected: aggregator-001 from 127.0.0.1
✓ Sent 334537 bytes to aggregator-001 (0.48ms)
Session completed with aggregator-001
[2025-12-10 08:00:37] Meter 157: Generated 6.801 kWh (encrypted: 334346 bytes, 4.742 ms)
[2025-12-10 08:00:57] Meter 157: Generated 3.025 kWh (encrypted: 334195 bytes, 4.746 ms)
[2025-12-10 08:01:17] Meter 157: Generated 3.519 kWh (encrypted: 334270 bytes, 4.633 ms)
[2025-12-10 08:01:31] NETWORK INFO: Server authentication successful for node: aggregator-001
✓ Aggregator connected: aggregator-001 from 127.0.0.1
✓ Sent 334270 bytes to aggregator-001 (0.35ms)
Session completed with aggregator-001
[2025-12-10 08:01:37] Meter 157: Generated 1.260 kWh (encrypted: 334443 bytes, 5.659 ms)
[2025-12-10 08:01:57] Meter 157: Generated 7.366 kWh (encrypted: 334327 bytes, 4.567 ms)
[2025-12-10 08:02:17] Meter 157: Generated 2.280 kWh (encrypted: 334133 bytes, 4.918 ms)
[2025-12-10 08:02:33] NETWORK INFO: Server authentication successful for node: aggregator-001
✓ Aggregator connected: aggregator-001 from 127.0.0.1
✓ Sent 334133 bytes to aggregator-001 (6.18ms)
Session completed with aggregator-001
[2025-12-10 08:02:37] Meter 157: Generated 3.624 kWh (encrypted: 334428 bytes, 4.669 ms)
[2025-12-10 08:02:57] Meter 157: Generated 2.773 kWh (encrypted: 334409 bytes, 4.712 ms)
[2025-12-10 08:03:17] Meter 157: Generated 6.649 kWh (encrypted: 334113 bytes, 6.183 ms)
[2025-12-10 08:03:36] NETWORK INFO: Server authentication successful for node: aggregator-001
✓ Aggregator connected: aggregator-001 from 127.0.0.1
✓ Sent 334113 bytes to aggregator-001 (0.39ms)
Session completed with aggregator-001
[2025-12-10 08:03:37] Meter 157: Generated 3.232 kWh (encrypted: 334319 bytes, 4.719 ms)
[2025-12-10 08:03:57] Meter 157: Generated 4.459 kWh (encrypted: 334180 bytes, 4.589 ms)
[2025-12-10 08:04:17] Meter 157: Generated 3.425 kWh (encrypted: 334343 bytes, 4.554 ms)
[2025-12-10 08:04:37] Meter 157: Generated 3.196 kWh (encrypted: 334335 bytes, 4.552 ms)
[2025-12-10 08:04:39] NETWORK INFO: Server authentication successful for node: aggregator-001
✓ Aggregator connected: aggregator-001 from 127.0.0.1
✓ Sent 334335 bytes to aggregator-001 (23.44ms)
Session completed with aggregator-001
[2025-12-10 08:04:57] Meter 157: Generated 6.351 kWh (encrypted: 334170 bytes, 4.703 ms)
[2025-12-10 08:05:17] Meter 157: Generated 4.182 kWh (encrypted: 334399 bytes, 5.291 ms)
[2025-12-10 08:05:37] Meter 157: Generated 4.631 kWh (encrypted: 334153 bytes, 7.544 ms)
[2025-12-10 08:05:44] NETWORK INFO: Server authentication successful for node: aggregator-001
✓ Aggregator connected: aggregator-001 from 127.0.0.1
✓ Sent 334153 bytes to aggregator-001 (0.37ms)
Session completed with aggregator-001
[2025-12-10 08:05:57] Meter 157: Generated 6.503 kWh (encrypted: 334201 bytes, 4.667 ms)
[2025-12-10 08:06:17] Meter 157: Generated 4.935 kWh (encrypted: 334529 bytes, 11.043 ms)
[2025-12-10 08:06:37] Meter 157: Generated 2.540 kWh (encrypted: 334200 bytes, 4.764 ms)
[2025-12-10 08:06:50] NETWORK INFO: Server authentication successful for node: aggregator-001
✓ Aggregator connected: aggregator-001 from 127.0.0.1
✓ Sent 334200 bytes to aggregator-001 (1.55ms)
Session completed with aggregator-001
[2025-12-10 08:06:57] Meter 157: Generated 6.359 kWh (encrypted: 334395 bytes, 4.797 ms)
[2025-12-10 08:07:18] Meter 157: Generated 4.229 kWh (encrypted: 334152 bytes, 6.617 ms)
[2025-12-10 08:07:38] Meter 157: Generated 4.619 kWh (encrypted: 334385 bytes, 4.654 ms)
[2025-12-10 08:07:56] NETWORK INFO: Server authentication successful for node: aggregator-001
✓ Aggregator connected: aggregator-001 from 127.0.0.1
✓ Sent 334385 bytes to aggregator-001 (0.39ms)
Session completed with aggregator-001
[2025-12-10 08:07:58] Meter 157: Generated 5.036 kWh (encrypted: 334180 bytes, 4.504 ms)
[2025-12-10 08:08:18] Meter 157: Generated 5.329 kWh (encrypted: 334454 bytes, 4.666 ms)
[2025-12-10 08:08:38] Meter 157: Generated 3.598 kWh (encrypted: 334387 bytes, 4.672 ms)
[2025-12-10 08:08:58] Meter 157: Generated 7.418 kWh (encrypted: 334330 bytes, 4.869 ms)
[2025-12-10 08:09:01] NETWORK INFO: Server authentication successful for node: aggregator-001
✓ Aggregator connected: aggregator-001 from 127.0.0.1
✓ Sent 334330 bytes to aggregator-001 (0.64ms)
Session completed with aggregator-001
[2025-12-10 08:09:18] Meter 157: Generated 4.037 kWh (encrypted: 334202 bytes, 6.210 ms)
[2025-12-10 08:09:38] Meter 157: Generated 4.291 kWh (encrypted: 334187 bytes, 6.326 ms)
[2025-12-10 08:09:58] Meter 157: Generated 6.272 kWh (encrypted: 334352 bytes, 4.536 ms)
[2025-12-10 08:10:06] NETWORK INFO: Server authentication successful for node: aggregator-001
✓ Aggregator connected: aggregator-001 from 127.0.0.1
✓ Sent 334352 bytes to aggregator-001 (0.35ms)
Session completed with aggregator-001
[2025-12-10 08:10:18] Meter 157: Generated 2.135 kWh (encrypted: 334400 bytes, 4.753 ms)
[2025-12-10 08:10:38] Meter 157: Generated 2.968 kWh (encrypted: 334055 bytes, 4.738 ms)
[2025-12-10 08:10:58] Meter 157: Generated 5.429 kWh (encrypted: 334024 bytes, 4.854 ms)
[2025-12-10 08:11:12] NETWORK INFO: Server authentication successful for node: aggregator-001
✓ Aggregator connected: aggregator-001 from 127.0.0.1
✓ Sent 334024 bytes to aggregator-001 (0.35ms)
Session completed with aggregator-001
[2025-12-10 08:11:18] Meter 157: Generated 6.946 kWh (encrypted: 334067 bytes, 4.530 ms)
[2025-12-10 08:11:38] Meter 157: Generated 2.216 kWh (encrypted: 333447 bytes, 5.073 ms)
[2025-12-10 08:11:58] Meter 157: Generated 6.725 kWh (encrypted: 334502 bytes, 6.756 ms)
[2025-12-10 08:12:17] NETWORK INFO: Server authentication successful for node: aggregator-001
✓ Aggregator connected: aggregator-001 from 127.0.0.1
✓ Sent 334502 bytes to aggregator-001 (0.38ms)
Session completed with aggregator-001
[2025-12-10 08:12:18] Meter 157: Generated 0.845 kWh (encrypted: 334194 bytes, 5.717 ms)

Received shutdown signal. Gracefully shutting down smart meter...
Network server thread stopped
Data generation thread stopped
Smart meter 157 shutdown complete
