=== Continuous Smart Meter Server 288 ===
Initializing for continuous operation...
SEAL context initialized
Loaded certificate: smart-meter-288
Requesting public keys from KDC...
[2025-12-10 08:00:59] NETWORK ERROR: Failed to connect to 127.0.0.1:8444: Connection refused
Error: Failed to connect to KDC at 127.0.0.1:8444
Error: Failed to send key request to KDC
Failed to obtain keys from KDC, falling back to file keys
Loaded keys from fallback files
Cryptographic components initialized
[2025-12-10 08:00:59] NETWORK INFO: Server socket created and listening on port 9288
✓ Smart meter server ready on port 9288
Data transmission interval: 20 seconds (15x accelerated - simulates 5min)
✓ Performance metrics CSV files initialized in performance_data/
Starting continuous smart meter operation...
Press Ctrl+C to stop gracefully
Data generation thread started
Network server thread started on port 9288
[2025-12-10 08:01:19] Meter 288: Generated 5.569 kWh (encrypted: 334356 bytes, 6.186 ms)
[2025-12-10 08:01:31] NETWORK INFO: Server authentication successful for node: aggregator-001
✓ Aggregator connected: aggregator-001 from 127.0.0.1
✓ Sent 334356 bytes to aggregator-001 (10.31ms)
Session completed with aggregator-001
[2025-12-10 08:01:39] Meter 288: Generated 1.048 kWh (encrypted: 334491 bytes, 6.911 ms)
[2025-12-10 08:01:59] Meter 288: Generated 4.713 kWh (encrypted: 334326 bytes, 4.557 ms)
[2025-12-10 08:02:19] Meter 288: Generated 6.199 kWh (encrypted: 334255 bytes, 4.421 ms)
[2025-12-10 08:02:33] NETWORK INFO: Server authentication successful for node: aggregator-001
✓ Aggregator connected: aggregator-001 from 127.0.0.1
✓ Sent 334255 bytes to aggregator-001 (10.79ms)
Session completed with aggregator-001
[2025-12-10 08:02:39] Meter 288: Generated 5.003 kWh (encrypted: 333606 bytes, 4.499 ms)
[2025-12-10 08:02:59] Meter 288: Generated 4.573 kWh (encrypted: 334110 bytes, 4.791 ms)
[2025-12-10 08:03:19] Meter 288: Generated 6.714 kWh (encrypted: 334369 bytes, 4.890 ms)
[2025-12-10 08:03:36] NETWORK INFO: Server authentication successful for node: aggregator-001
✓ Aggregator connected: aggregator-001 from 127.0.0.1
✓ Sent 334369 bytes to aggregator-001 (0.37ms)
Session completed with aggregator-001
[2025-12-10 08:03:39] Meter 288: Generated 2.175 kWh (encrypted: 334307 bytes, 5.052 ms)
[2025-12-10 08:03:59] Meter 288: Generated 5.132 kWh (encrypted: 334195 bytes, 5.465 ms)
[2025-12-10 08:04:19] Meter 288: Generated 1.724 kWh (encrypted: 334443 bytes, 5.443 ms)
[2025-12-10 08:04:39] Meter 288: Generated 5.776 kWh (encrypted: 334173 bytes, 5.382 ms)
[2025-12-10 08:04:40] NETWORK INFO: Server authentication successful for node: aggregator-001
✓ Aggregator connected: aggregator-001 from 127.0.0.1
✓ Sent 334173 bytes to aggregator-001 (0.32ms)
Session completed with aggregator-001
[2025-12-10 08:04:59] Meter 288: Generated 5.074 kWh (encrypted: 334289 bytes, 6.499 ms)
[2025-12-10 08:05:19] Meter 288: Generated 5.553 kWh (encrypted: 334487 bytes, 7.685 ms)
[2025-12-10 08:05:39] Meter 288: Generated 5.285 kWh (encrypted: 334245 bytes, 5.381 ms)
[2025-12-10 08:05:44] NETWORK INFO: Server authentication successful for node: aggregator-001
✓ Aggregator connected: aggregator-001 from 127.0.0.1
✓ Sent 334245 bytes to aggregator-001 (11.94ms)
Session completed with aggregator-001
[2025-12-10 08:05:59] Meter 288: Generated 6.319 kWh (encrypted: 334165 bytes, 6.530 ms)
[2025-12-10 08:06:19] Meter 288: Generated 6.696 kWh (encrypted: 334306 bytes, 4.610 ms)
[2025-12-10 08:06:39] Meter 288: Generated 5.210 kWh (encrypted: 334276 bytes, 4.783 ms)
[2025-12-10 08:06:50] NETWORK INFO: Server authentication successful for node: aggregator-001
✓ Aggregator connected: aggregator-001 from 127.0.0.1
✓ Sent 334276 bytes to aggregator-001 (0.36ms)
Session completed with aggregator-001
[2025-12-10 08:06:59] Meter 288: Generated 7.037 kWh (encrypted: 333219 bytes, 5.008 ms)
[2025-12-10 08:07:19] Meter 288: Generated 4.045 kWh (encrypted: 334306 bytes, 6.446 ms)
[2025-12-10 08:07:39] Meter 288: Generated 5.469 kWh (encrypted: 334429 bytes, 4.369 ms)
[2025-12-10 08:07:56] NETWORK INFO: Server authentication successful for node: aggregator-001
✓ Aggregator connected: aggregator-001 from 127.0.0.1
✓ Sent 334429 bytes to aggregator-001 (6.09ms)
Session completed with aggregator-001
[2025-12-10 08:07:59] Meter 288: Generated 6.115 kWh (encrypted: 334178 bytes, 5.031 ms)
[2025-12-10 08:08:19] Meter 288: Generated 2.045 kWh (encrypted: 334461 bytes, 7.770 ms)
[2025-12-10 08:08:39] Meter 288: Generated 4.409 kWh (encrypted: 334422 bytes, 4.460 ms)
[2025-12-10 08:08:59] Meter 288: Generated 5.353 kWh (encrypted: 334180 bytes, 4.533 ms)
[2025-12-10 08:09:01] NETWORK INFO: Server authentication successful for node: aggregator-001
✓ Aggregator connected: aggregator-001 from 127.0.0.1
✓ Sent 334180 bytes to aggregator-001 (0.34ms)
Session completed with aggregator-001
[2025-12-10 08:09:19] Meter 288: Generated 7.190 kWh (encrypted: 334382 bytes, 6.472 ms)
[2025-12-10 08:09:39] Meter 288: Generated 2.466 kWh (encrypted: 334475 bytes, 4.574 ms)
[2025-12-10 08:09:59] Meter 288: Generated 4.781 kWh (encrypted: 334287 bytes, 6.674 ms)
[2025-12-10 08:10:06] NETWORK INFO: Server authentication successful for node: aggregator-001
✓ Aggregator connected: aggregator-001 from 127.0.0.1
✓ Sent 334287 bytes to aggregator-001 (0.36ms)
Session completed with aggregator-001
[2025-12-10 08:10:19] Meter 288: Generated 1.416 kWh (encrypted: 334400 bytes, 6.455 ms)
[2025-12-10 08:10:39] Meter 288: Generated 0.981 kWh (encrypted: 334141 bytes, 4.777 ms)
[2025-12-10 08:10:59] Meter 288: Generated 2.831 kWh (encrypted: 334396 bytes, 6.392 ms)
[2025-12-10 08:11:12] NETWORK INFO: Server authentication successful for node: aggregator-001
✓ Aggregator connected: aggregator-001 from 127.0.0.1
✓ Sent 334396 bytes to aggregator-001 (0.38ms)
Session completed with aggregator-001
[2025-12-10 08:11:19] Meter 288: Generated 0.831 kWh (encrypted: 334057 bytes, 8.727 ms)
[2025-12-10 08:11:39] Meter 288: Generated 6.404 kWh (encrypted: 334167 bytes, 4.706 ms)
[2025-12-10 08:11:59] Meter 288: Generated 3.408 kWh (encrypted: 334410 bytes, 5.126 ms)
[2025-12-10 08:12:17] NETWORK INFO: Server authentication successful for node: aggregator-001
✓ Aggregator connected: aggregator-001 from 127.0.0.1
✓ Sent 334410 bytes to aggregator-001 (0.45ms)
Session completed with aggregator-001
[2025-12-10 08:12:19] Meter 288: Generated 7.141 kWh (encrypted: 334141 bytes, 4.503 ms)

Received shutdown signal. Gracefully shutting down smart meter...
Network server thread stopped
Data generation thread stopped
Smart meter 288 shutdown complete
