=== Continuous Smart Meter Server 162 ===
Initializing for continuous operation...
SEAL context initialized
Loaded certificate: smart-meter-162
Requesting public keys from KDC...
[2025-12-10 07:58:23] NETWORK ERROR: Failed to connect to 127.0.0.1:8444: Connection refused
Error: Failed to connect to KDC at 127.0.0.1:8444
Error: Failed to send key request to KDC
Failed to obtain keys from KDC, falling back to file keys
Loaded keys from fallback files
Cryptographic components initialized
[2025-12-10 07:58:23] NETWORK INFO: Server socket created and listening on port 9162
✓ Smart meter server ready on port 9162
Data transmission interval: 20 seconds (15x accelerated - simulates 5min)
✓ Performance metrics CSV files initialized in performance_data/
Starting continuous smart meter operation...
Press Ctrl+C to stop gracefully
Data generation thread started
Network server thread started on port 9162
[2025-12-10 07:58:25] NETWORK INFO: Server authentication successful for node: aggregator-001
✓ Aggregator connected: aggregator-001 from 127.0.0.1
[2025-12-10 07:58:43] Meter 162: Generated 5.474 kWh (encrypted: 334057 bytes, 5.400 ms)
✓ Sent 334057 bytes to aggregator-001 (0.69ms)
Session completed with aggregator-001
[2025-12-10 07:59:03] Meter 162: Generated 6.725 kWh (encrypted: 334440 bytes, 4.338 ms)
[2025-12-10 07:59:23] Meter 162: Generated 3.559 kWh (encrypted: 334313 bytes, 4.283 ms)
[2025-12-10 07:59:27] NETWORK INFO: Server authentication successful for node: aggregator-001
✓ Aggregator connected: aggregator-001 from 127.0.0.1
✓ Sent 334313 bytes to aggregator-001 (0.94ms)
Session completed with aggregator-001
[2025-12-10 07:59:43] Meter 162: Generated 2.056 kWh (encrypted: 334080 bytes, 4.591 ms)
[2025-12-10 08:00:03] Meter 162: Generated 7.329 kWh (encrypted: 334190 bytes, 4.899 ms)
[2025-12-10 08:00:23] Meter 162: Generated 1.099 kWh (encrypted: 334129 bytes, 6.599 ms)
[2025-12-10 08:00:28] NETWORK INFO: Server authentication successful for node: aggregator-001
✓ Aggregator connected: aggregator-001 from 127.0.0.1
✓ Sent 334129 bytes to aggregator-001 (0.38ms)
Session completed with aggregator-001
[2025-12-10 08:00:43] Meter 162: Generated 6.764 kWh (encrypted: 334341 bytes, 5.018 ms)
[2025-12-10 08:01:03] Meter 162: Generated 2.783 kWh (encrypted: 334127 bytes, 4.521 ms)
[2025-12-10 08:01:23] Meter 162: Generated 4.914 kWh (encrypted: 334365 bytes, 4.598 ms)
[2025-12-10 08:01:31] NETWORK INFO: Server authentication successful for node: aggregator-001
✓ Aggregator connected: aggregator-001 from 127.0.0.1
✓ Sent 334365 bytes to aggregator-001 (0.35ms)
Session completed with aggregator-001
[2025-12-10 08:01:43] Meter 162: Generated 6.243 kWh (encrypted: 334064 bytes, 4.642 ms)
[2025-12-10 08:02:03] Meter 162: Generated 4.647 kWh (encrypted: 334313 bytes, 4.772 ms)
[2025-12-10 08:02:23] Meter 162: Generated 2.057 kWh (encrypted: 333843 bytes, 4.476 ms)
[2025-12-10 08:02:33] NETWORK INFO: Server authentication successful for node: aggregator-001
✓ Aggregator connected: aggregator-001 from 127.0.0.1
✓ Sent 333843 bytes to aggregator-001 (0.35ms)
Session completed with aggregator-001
[2025-12-10 08:02:43] Meter 162: Generated 4.857 kWh (encrypted: 334174 bytes, 5.642 ms)
[2025-12-10 08:03:03] Meter 162: Generated 1.111 kWh (encrypted: 334114 bytes, 4.863 ms)
[2025-12-10 08:03:23] Meter 162: Generated 6.299 kWh (encrypted: 334469 bytes, 5.158 ms)
[2025-12-10 08:03:36] NETWORK INFO: Server authentication successful for node: aggregator-001
✓ Aggregator connected: aggregator-001 from 127.0.0.1
✓ Sent 334469 bytes to aggregator-001 (0.40ms)
Session completed with aggregator-001
[2025-12-10 08:03:44] Meter 162: Generated 2.712 kWh (encrypted: 334342 bytes, 4.928 ms)
[2025-12-10 08:04:04] Meter 162: Generated 4.173 kWh (encrypted: 334176 bytes, 4.340 ms)
[2025-12-10 08:04:24] Meter 162: Generated 5.246 kWh (encrypted: 334156 bytes, 4.456 ms)
[2025-12-10 08:04:40] NETWORK INFO: Server authentication successful for node: aggregator-001
✓ Aggregator connected: aggregator-001 from 127.0.0.1
✓ Sent 334156 bytes to aggregator-001 (3.12ms)
Session completed with aggregator-001
[2025-12-10 08:04:44] Meter 162: Generated 3.855 kWh (encrypted: 334328 bytes, 4.397 ms)
[2025-12-10 08:05:04] Meter 162: Generated 0.920 kWh (encrypted: 334405 bytes, 11.482 ms)
[2025-12-10 08:05:24] Meter 162: Generated 5.701 kWh (encrypted: 334211 bytes, 4.412 ms)
[2025-12-10 08:05:44] Meter 162: Generated 4.948 kWh (encrypted: 334373 bytes, 4.937 ms)
[2025-12-10 08:05:44] NETWORK INFO: Server authentication successful for node: aggregator-001
✓ Aggregator connected: aggregator-001 from 127.0.0.1
✓ Sent 334373 bytes to aggregator-001 (0.40ms)
Session completed with aggregator-001
[2025-12-10 08:06:04] Meter 162: Generated 5.561 kWh (encrypted: 334081 bytes, 4.795 ms)
[2025-12-10 08:06:24] Meter 162: Generated 6.934 kWh (encrypted: 334047 bytes, 20.596 ms)
[2025-12-10 08:06:44] Meter 162: Generated 7.442 kWh (encrypted: 333945 bytes, 4.567 ms)
[2025-12-10 08:06:50] NETWORK INFO: Server authentication successful for node: aggregator-001
✓ Aggregator connected: aggregator-001 from 127.0.0.1
✓ Sent 333945 bytes to aggregator-001 (0.30ms)
Session completed with aggregator-001
[2025-12-10 08:07:04] Meter 162: Generated 4.006 kWh (encrypted: 334180 bytes, 7.354 ms)
[2025-12-10 08:07:24] Meter 162: Generated 2.296 kWh (encrypted: 334355 bytes, 4.536 ms)
[2025-12-10 08:07:44] Meter 162: Generated 2.692 kWh (encrypted: 334067 bytes, 4.574 ms)
[2025-12-10 08:07:55] NETWORK INFO: Server authentication successful for node: aggregator-001
✓ Aggregator connected: aggregator-001 from 127.0.0.1
✓ Sent 334067 bytes to aggregator-001 (0.39ms)
Session completed with aggregator-001
[2025-12-10 08:08:04] Meter 162: Generated 1.067 kWh (encrypted: 334284 bytes, 6.909 ms)
[2025-12-10 08:08:24] Meter 162: Generated 0.828 kWh (encrypted: 334490 bytes, 6.424 ms)
[2025-12-10 08:08:44] Meter 162: Generated 3.678 kWh (encrypted: 334486 bytes, 7.025 ms)
[2025-12-10 08:09:01] NETWORK INFO: Server authentication successful for node: aggregator-001
✓ Aggregator connected: aggregator-001 from 127.0.0.1
✓ Sent 334486 bytes to aggregator-001 (0.38ms)
Session completed with aggregator-001
[2025-12-10 08:09:04] Meter 162: Generated 4.202 kWh (encrypted: 334195 bytes, 6.606 ms)
[2025-12-10 08:09:24] Meter 162: Generated 5.945 kWh (encrypted: 334300 bytes, 6.589 ms)
[2025-12-10 08:09:44] Meter 162: Generated 5.719 kWh (encrypted: 333960 bytes, 6.351 ms)
[2025-12-10 08:10:04] Meter 162: Generated 6.699 kWh (encrypted: 334322 bytes, 7.797 ms)
[2025-12-10 08:10:06] NETWORK INFO: Server authentication successful for node: aggregator-001
✓ Aggregator connected: aggregator-001 from 127.0.0.1
✓ Sent 334322 bytes to aggregator-001 (0.37ms)
Session completed with aggregator-001
[2025-12-10 08:10:24] Meter 162: Generated 1.220 kWh (encrypted: 334419 bytes, 8.105 ms)
[2025-12-10 08:10:44] Meter 162: Generated 3.813 kWh (encrypted: 334115 bytes, 4.491 ms)
[2025-12-10 08:11:04] Meter 162: Generated 2.407 kWh (encrypted: 334180 bytes, 7.004 ms)
[2025-12-10 08:11:12] NETWORK INFO: Server authentication successful for node: aggregator-001
✓ Aggregator connected: aggregator-001 from 127.0.0.1
✓ Sent 334180 bytes to aggregator-001 (0.39ms)
Session completed with aggregator-001
[2025-12-10 08:11:24] Meter 162: Generated 1.365 kWh (encrypted: 334394 bytes, 4.810 ms)
[2025-12-10 08:11:44] Meter 162: Generated 4.356 kWh (encrypted: 334402 bytes, 6.934 ms)
[2025-12-10 08:12:04] Meter 162: Generated 2.736 kWh (encrypted: 334309 bytes, 10.877 ms)
[2025-12-10 08:12:17] NETWORK INFO: Server authentication successful for node: aggregator-001
✓ Aggregator connected: aggregator-001 from 127.0.0.1
✓ Sent 334309 bytes to aggregator-001 (0.35ms)
Session completed with aggregator-001
[2025-12-10 08:12:24] Meter 162: Generated 4.736 kWh (encrypted: 334458 bytes, 6.429 ms)

Received shutdown signal. Gracefully shutting down smart meter...
Network server thread stopped
Data generation thread stopped
Smart meter 162 shutdown complete
