=== Continuous Smart Meter Server 89 ===
Initializing for continuous operation...
SEAL context initialized
Loaded certificate: smart-meter-089
Requesting public keys from KDC...
[2025-12-10 07:56:54] NETWORK ERROR: Failed to connect to 127.0.0.1:8444: Connection refused
Error: Failed to connect to KDC at 127.0.0.1:8444
Error: Failed to send key request to KDC
Failed to obtain keys from KDC, falling back to file keys
Loaded keys from fallback files
Cryptographic components initialized
[2025-12-10 07:56:54] NETWORK INFO: Server socket created and listening on port 9089
✓ Smart meter server ready on port 9089
Data transmission interval: 20 seconds (15x accelerated - simulates 5min)
✓ Performance metrics CSV files initialized in performance_data/
Starting continuous smart meter operation...
Press Ctrl+C to stop gracefully
Data generation thread started
Network server thread started on port 9089
[2025-12-10 07:57:14] Meter 89: Generated 3.467 kWh (encrypted: 334223 bytes, 6.813 ms)
[2025-12-10 07:57:15] NETWORK INFO: Server authentication successful for node: aggregator-001
✓ Aggregator connected: aggregator-001 from 127.0.0.1
✓ Sent 334223 bytes to aggregator-001 (6.45ms)
Session completed with aggregator-001
[2025-12-10 07:57:34] Meter 89: Generated 4.270 kWh (encrypted: 334152 bytes, 4.366 ms)
[2025-12-10 07:57:54] Meter 89: Generated 3.562 kWh (encrypted: 334225 bytes, 4.334 ms)
[2025-12-10 07:58:14] Meter 89: Generated 2.191 kWh (encrypted: 334248 bytes, 4.467 ms)
[2025-12-10 07:58:25] NETWORK INFO: Server authentication successful for node: aggregator-001
✓ Aggregator connected: aggregator-001 from 127.0.0.1
✓ Sent 334248 bytes to aggregator-001 (0.38ms)
Session completed with aggregator-001
[2025-12-10 07:58:34] Meter 89: Generated 1.483 kWh (encrypted: 333912 bytes, 4.679 ms)
[2025-12-10 07:58:54] Meter 89: Generated 6.613 kWh (encrypted: 334309 bytes, 5.221 ms)
[2025-12-10 07:59:14] Meter 89: Generated 3.526 kWh (encrypted: 334280 bytes, 4.551 ms)
[2025-12-10 07:59:26] NETWORK INFO: Server authentication successful for node: aggregator-001
✓ Aggregator connected: aggregator-001 from 127.0.0.1
✓ Sent 334280 bytes to aggregator-001 (0.34ms)
Session completed with aggregator-001
[2025-12-10 07:59:34] Meter 89: Generated 1.922 kWh (encrypted: 334110 bytes, 7.482 ms)
[2025-12-10 07:59:54] Meter 89: Generated 1.034 kWh (encrypted: 334190 bytes, 4.629 ms)
[2025-12-10 08:00:14] Meter 89: Generated 1.341 kWh (encrypted: 334502 bytes, 4.584 ms)
[2025-12-10 08:00:28] NETWORK INFO: Server authentication successful for node: aggregator-001
✓ Aggregator connected: aggregator-001 from 127.0.0.1
✓ Sent 334502 bytes to aggregator-001 (3.14ms)
Session completed with aggregator-001
[2025-12-10 08:00:34] Meter 89: Generated 5.706 kWh (encrypted: 334281 bytes, 6.445 ms)
[2025-12-10 08:00:54] Meter 89: Generated 3.625 kWh (encrypted: 333300 bytes, 6.429 ms)
[2025-12-10 08:01:14] Meter 89: Generated 5.713 kWh (encrypted: 334285 bytes, 4.861 ms)
[2025-12-10 08:01:31] NETWORK INFO: Server authentication successful for node: aggregator-001
✓ Aggregator connected: aggregator-001 from 127.0.0.1
✓ Sent 334285 bytes to aggregator-001 (18.05ms)
Session completed with aggregator-001
[2025-12-10 08:01:34] Meter 89: Generated 5.268 kWh (encrypted: 334143 bytes, 5.601 ms)
[2025-12-10 08:01:54] Meter 89: Generated 3.560 kWh (encrypted: 334212 bytes, 6.119 ms)
[2025-12-10 08:02:14] Meter 89: Generated 5.730 kWh (encrypted: 334070 bytes, 4.968 ms)
[2025-12-10 08:02:33] NETWORK INFO: Server authentication successful for node: aggregator-001
✓ Aggregator connected: aggregator-001 from 127.0.0.1
✓ Sent 334070 bytes to aggregator-001 (0.35ms)
Session completed with aggregator-001
[2025-12-10 08:02:34] Meter 89: Generated 1.470 kWh (encrypted: 334351 bytes, 4.682 ms)
[2025-12-10 08:02:54] Meter 89: Generated 4.398 kWh (encrypted: 334412 bytes, 6.800 ms)
[2025-12-10 08:03:14] Meter 89: Generated 5.058 kWh (encrypted: 334343 bytes, 6.400 ms)
[2025-12-10 08:03:34] Meter 89: Generated 3.551 kWh (encrypted: 334382 bytes, 4.439 ms)
[2025-12-10 08:03:36] NETWORK INFO: Server authentication successful for node: aggregator-001
✓ Aggregator connected: aggregator-001 from 127.0.0.1
✓ Sent 334382 bytes to aggregator-001 (0.41ms)
Session completed with aggregator-001
[2025-12-10 08:03:54] Meter 89: Generated 4.937 kWh (encrypted: 334415 bytes, 5.787 ms)
[2025-12-10 08:04:14] Meter 89: Generated 4.338 kWh (encrypted: 334490 bytes, 5.828 ms)
[2025-12-10 08:04:34] Meter 89: Generated 4.333 kWh (encrypted: 334225 bytes, 5.651 ms)
[2025-12-10 08:04:39] NETWORK INFO: Server authentication successful for node: aggregator-001
✓ Aggregator connected: aggregator-001 from 127.0.0.1
✓ Sent 334225 bytes to aggregator-001 (0.37ms)
Session completed with aggregator-001
[2025-12-10 08:04:54] Meter 89: Generated 3.597 kWh (encrypted: 334019 bytes, 5.777 ms)
[2025-12-10 08:05:14] Meter 89: Generated 2.533 kWh (encrypted: 334118 bytes, 5.740 ms)
[2025-12-10 08:05:34] Meter 89: Generated 3.711 kWh (encrypted: 334419 bytes, 6.829 ms)
[2025-12-10 08:05:44] NETWORK INFO: Server authentication successful for node: aggregator-001
✓ Aggregator connected: aggregator-001 from 127.0.0.1
✓ Sent 334419 bytes to aggregator-001 (0.39ms)
Session completed with aggregator-001
[2025-12-10 08:05:54] Meter 89: Generated 2.899 kWh (encrypted: 334207 bytes, 5.465 ms)
[2025-12-10 08:06:14] Meter 89: Generated 5.850 kWh (encrypted: 334024 bytes, 6.459 ms)
[2025-12-10 08:06:34] Meter 89: Generated 6.762 kWh (encrypted: 334323 bytes, 7.258 ms)
[2025-12-10 08:06:50] NETWORK INFO: Server authentication successful for node: aggregator-001
✓ Aggregator connected: aggregator-001 from 127.0.0.1
✓ Sent 334323 bytes to aggregator-001 (0.36ms)
Session completed with aggregator-001
[2025-12-10 08:06:54] Meter 89: Generated 1.650 kWh (encrypted: 334439 bytes, 5.427 ms)
[2025-12-10 08:07:14] Meter 89: Generated 6.200 kWh (encrypted: 334313 bytes, 6.404 ms)
[2025-12-10 08:07:34] Meter 89: Generated 6.032 kWh (encrypted: 334135 bytes, 6.153 ms)
[2025-12-10 08:07:54] Meter 89: Generated 1.042 kWh (encrypted: 333964 bytes, 4.566 ms)
[2025-12-10 08:07:55] NETWORK INFO: Server authentication successful for node: aggregator-001
✓ Aggregator connected: aggregator-001 from 127.0.0.1
✓ Sent 333964 bytes to aggregator-001 (0.35ms)
Session completed with aggregator-001
[2025-12-10 08:08:14] Meter 89: Generated 7.106 kWh (encrypted: 334472 bytes, 6.534 ms)
[2025-12-10 08:08:34] Meter 89: Generated 5.242 kWh (encrypted: 333976 bytes, 15.642 ms)
[2025-12-10 08:08:55] Meter 89: Generated 1.009 kWh (encrypted: 334298 bytes, 4.640 ms)
[2025-12-10 08:09:01] NETWORK INFO: Server authentication successful for node: aggregator-001
✓ Aggregator connected: aggregator-001 from 127.0.0.1
✓ Sent 334298 bytes to aggregator-001 (3.60ms)
Session completed with aggregator-001
[2025-12-10 08:09:15] Meter 89: Generated 3.386 kWh (encrypted: 334498 bytes, 5.669 ms)
[2025-12-10 08:09:35] Meter 89: Generated 6.094 kWh (encrypted: 334394 bytes, 4.904 ms)
[2025-12-10 08:09:55] Meter 89: Generated 1.812 kWh (encrypted: 334111 bytes, 5.310 ms)
[2025-12-10 08:10:06] NETWORK INFO: Server authentication successful for node: aggregator-001
✓ Aggregator connected: aggregator-001 from 127.0.0.1
✓ Sent 334111 bytes to aggregator-001 (0.38ms)
Session completed with aggregator-001
[2025-12-10 08:10:15] Meter 89: Generated 6.069 kWh (encrypted: 334430 bytes, 9.531 ms)
[2025-12-10 08:10:35] Meter 89: Generated 1.962 kWh (encrypted: 334335 bytes, 7.159 ms)
[2025-12-10 08:10:55] Meter 89: Generated 1.105 kWh (encrypted: 334132 bytes, 6.832 ms)
[2025-12-10 08:11:12] NETWORK INFO: Server authentication successful for node: aggregator-001
✓ Aggregator connected: aggregator-001 from 127.0.0.1
✓ Sent 334132 bytes to aggregator-001 (0.36ms)
Session completed with aggregator-001
[2025-12-10 08:11:15] Meter 89: Generated 1.197 kWh (encrypted: 334538 bytes, 4.778 ms)
[2025-12-10 08:11:35] Meter 89: Generated 5.231 kWh (encrypted: 334355 bytes, 7.486 ms)
[2025-12-10 08:11:55] Meter 89: Generated 3.199 kWh (encrypted: 334306 bytes, 5.320 ms)
[2025-12-10 08:12:15] Meter 89: Generated 3.967 kWh (encrypted: 334418 bytes, 6.828 ms)
[2025-12-10 08:12:17] NETWORK INFO: Server authentication successful for node: aggregator-001
✓ Aggregator connected: aggregator-001 from 127.0.0.1
✓ Sent 334418 bytes to aggregator-001 (0.35ms)
Session completed with aggregator-001

Received shutdown signal. Gracefully shutting down smart meter...
Network server thread stopped
Data generation thread stopped
Smart meter 89 shutdown complete
