=== Continuous Smart Meter Server 341 ===
Initializing for continuous operation...
SEAL context initialized
Loaded certificate: smart-meter-341
Requesting public keys from KDC...
[2025-12-10 08:02:05] NETWORK ERROR: Failed to connect to 127.0.0.1:8444: Connection refused
Error: Failed to connect to KDC at 127.0.0.1:8444
Error: Failed to send key request to KDC
Failed to obtain keys from KDC, falling back to file keys
Loaded keys from fallback files
Cryptographic components initialized
[2025-12-10 08:02:05] NETWORK INFO: Server socket created and listening on port 9341
✓ Smart meter server ready on port 9341
Data transmission interval: 20 seconds (15x accelerated - simulates 5min)
✓ Performance metrics CSV files initialized in performance_data/
Starting continuous smart meter operation...
Press Ctrl+C to stop gracefully
Data generation thread started
Network server thread started on port 9341
[2025-12-10 08:02:25] Meter 341: Generated 4.658 kWh (encrypted: 334245 bytes, 26.852 ms)
[2025-12-10 08:02:33] NETWORK INFO: Server authentication successful for node: aggregator-001
✓ Aggregator connected: aggregator-001 from 127.0.0.1
✓ Sent 334245 bytes to aggregator-001 (7.92ms)
Session completed with aggregator-001
[2025-12-10 08:02:45] Meter 341: Generated 2.976 kWh (encrypted: 334345 bytes, 11.461 ms)
[2025-12-10 08:03:05] Meter 341: Generated 5.041 kWh (encrypted: 334406 bytes, 8.971 ms)
[2025-12-10 08:03:25] Meter 341: Generated 1.472 kWh (encrypted: 334267 bytes, 7.541 ms)
[2025-12-10 08:03:36] NETWORK INFO: Server authentication successful for node: aggregator-001
✓ Aggregator connected: aggregator-001 from 127.0.0.1
✓ Sent 334267 bytes to aggregator-001 (0.36ms)
Session completed with aggregator-001
[2025-12-10 08:03:45] Meter 341: Generated 7.194 kWh (encrypted: 334062 bytes, 7.579 ms)
[2025-12-10 08:04:05] Meter 341: Generated 7.126 kWh (encrypted: 334213 bytes, 6.740 ms)
[2025-12-10 08:04:25] Meter 341: Generated 1.905 kWh (encrypted: 334380 bytes, 15.502 ms)
[2025-12-10 08:04:39] NETWORK INFO: Server authentication successful for node: aggregator-001
✓ Aggregator connected: aggregator-001 from 127.0.0.1
✓ Sent 334380 bytes to aggregator-001 (1.39ms)
Session completed with aggregator-001
[2025-12-10 08:04:45] Meter 341: Generated 1.407 kWh (encrypted: 334103 bytes, 7.099 ms)
[2025-12-10 08:05:05] Meter 341: Generated 7.440 kWh (encrypted: 334502 bytes, 5.024 ms)
[2025-12-10 08:05:25] Meter 341: Generated 6.388 kWh (encrypted: 334269 bytes, 4.438 ms)
[2025-12-10 08:05:44] NETWORK INFO: Server authentication successful for node: aggregator-001
✓ Aggregator connected: aggregator-001 from 127.0.0.1
✓ Sent 334269 bytes to aggregator-001 (0.37ms)
Session completed with aggregator-001
[2025-12-10 08:05:45] Meter 341: Generated 5.173 kWh (encrypted: 334421 bytes, 6.560 ms)
[2025-12-10 08:06:05] Meter 341: Generated 2.340 kWh (encrypted: 334329 bytes, 4.535 ms)
[2025-12-10 08:06:25] Meter 341: Generated 2.082 kWh (encrypted: 334422 bytes, 5.949 ms)
[2025-12-10 08:06:45] Meter 341: Generated 5.084 kWh (encrypted: 334382 bytes, 4.307 ms)
[2025-12-10 08:06:50] NETWORK INFO: Server authentication successful for node: aggregator-001
✓ Aggregator connected: aggregator-001 from 127.0.0.1
✓ Sent 334382 bytes to aggregator-001 (0.35ms)
Session completed with aggregator-001
[2025-12-10 08:07:05] Meter 341: Generated 5.091 kWh (encrypted: 334529 bytes, 4.657 ms)
[2025-12-10 08:07:25] Meter 341: Generated 3.894 kWh (encrypted: 334447 bytes, 4.483 ms)
[2025-12-10 08:07:45] Meter 341: Generated 7.410 kWh (encrypted: 334084 bytes, 4.626 ms)
[2025-12-10 08:07:56] NETWORK INFO: Server authentication successful for node: aggregator-001
✓ Aggregator connected: aggregator-001 from 127.0.0.1
✓ Sent 334084 bytes to aggregator-001 (1.81ms)
Session completed with aggregator-001
[2025-12-10 08:08:05] Meter 341: Generated 3.236 kWh (encrypted: 334284 bytes, 8.616 ms)
[2025-12-10 08:08:25] Meter 341: Generated 3.447 kWh (encrypted: 334407 bytes, 6.939 ms)
[2025-12-10 08:08:45] Meter 341: Generated 0.992 kWh (encrypted: 334162 bytes, 4.498 ms)
[2025-12-10 08:09:01] NETWORK INFO: Server authentication successful for node: aggregator-001
✓ Aggregator connected: aggregator-001 from 127.0.0.1
✓ Sent 334162 bytes to aggregator-001 (0.69ms)
Session completed with aggregator-001
[2025-12-10 08:09:05] Meter 341: Generated 5.529 kWh (encrypted: 334146 bytes, 6.684 ms)
[2025-12-10 08:09:25] Meter 341: Generated 5.829 kWh (encrypted: 334475 bytes, 18.260 ms)
[2025-12-10 08:09:45] Meter 341: Generated 2.311 kWh (encrypted: 334336 bytes, 4.597 ms)
[2025-12-10 08:10:05] Meter 341: Generated 4.370 kWh (encrypted: 334338 bytes, 9.473 ms)
[2025-12-10 08:10:06] NETWORK INFO: Server authentication successful for node: aggregator-001
✓ Aggregator connected: aggregator-001 from 127.0.0.1
✓ Sent 334338 bytes to aggregator-001 (0.38ms)
Session completed with aggregator-001
[2025-12-10 08:10:25] Meter 341: Generated 5.841 kWh (encrypted: 334177 bytes, 5.494 ms)
[2025-12-10 08:10:45] Meter 341: Generated 2.902 kWh (encrypted: 334442 bytes, 4.673 ms)
[2025-12-10 08:11:05] Meter 341: Generated 1.278 kWh (encrypted: 334299 bytes, 6.617 ms)
[2025-12-10 08:11:12] NETWORK INFO: Server authentication successful for node: aggregator-001
✓ Aggregator connected: aggregator-001 from 127.0.0.1
✓ Sent 334299 bytes to aggregator-001 (0.35ms)
Session completed with aggregator-001
[2025-12-10 08:11:25] Meter 341: Generated 0.871 kWh (encrypted: 334250 bytes, 5.857 ms)
[2025-12-10 08:11:45] Meter 341: Generated 5.317 kWh (encrypted: 333741 bytes, 16.677 ms)
[2025-12-10 08:12:05] Meter 341: Generated 4.174 kWh (encrypted: 334203 bytes, 6.668 ms)
[2025-12-10 08:12:17] NETWORK INFO: Server authentication successful for node: aggregator-001
✓ Aggregator connected: aggregator-001 from 127.0.0.1
✓ Sent 334203 bytes to aggregator-001 (0.35ms)
Session completed with aggregator-001
[2025-12-10 08:12:25] Meter 341: Generated 5.655 kWh (encrypted: 334490 bytes, 9.449 ms)

Received shutdown signal. Gracefully shutting down smart meter...
Network server thread stopped
Data generation thread stopped
Smart meter 341 shutdown complete
