=== Continuous Smart Meter Server 15 ===
Initializing for continuous operation...
SEAL context initialized
Loaded certificate: smart-meter-015
Requesting public keys from KDC...
[2025-12-10 07:55:24] NETWORK ERROR: Failed to connect to 127.0.0.1:8444: Connection refused
Error: Failed to connect to KDC at 127.0.0.1:8444
Error: Failed to send key request to KDC
Failed to obtain keys from KDC, falling back to file keys
Loaded keys from fallback files
Cryptographic components initialized
[2025-12-10 07:55:24] NETWORK INFO: Server socket created and listening on port 9015
✓ Smart meter server ready on port 9015
Data transmission interval: 20 seconds (15x accelerated - simulates 5min)
✓ Performance metrics CSV files initialized in performance_data/
Starting continuous smart meter operation...
Press Ctrl+C to stop gracefully
Data generation thread started
Network server thread started on port 9015
[2025-12-10 07:55:44] Meter 15: Generated 2.779 kWh (encrypted: 334314 bytes, 4.925 ms)
[2025-12-10 07:56:04] Meter 15: Generated 1.323 kWh (encrypted: 334485 bytes, 4.293 ms)
[2025-12-10 07:56:05] NETWORK INFO: Server authentication successful for node: aggregator-001
✓ Aggregator connected: aggregator-001 from 127.0.0.1
✓ Sent 334485 bytes to aggregator-001 (0.75ms)
Session completed with aggregator-001
[2025-12-10 07:56:24] Meter 15: Generated 1.390 kWh (encrypted: 334358 bytes, 5.934 ms)
[2025-12-10 07:56:44] Meter 15: Generated 2.094 kWh (encrypted: 334456 bytes, 4.271 ms)
[2025-12-10 07:57:04] Meter 15: Generated 4.940 kWh (encrypted: 334208 bytes, 4.739 ms)
[2025-12-10 07:57:15] NETWORK INFO: Server authentication successful for node: aggregator-001
✓ Aggregator connected: aggregator-001 from 127.0.0.1
✓ Sent 334208 bytes to aggregator-001 (2.17ms)
Session completed with aggregator-001
[2025-12-10 07:57:24] Meter 15: Generated 4.371 kWh (encrypted: 334111 bytes, 4.871 ms)
[2025-12-10 07:57:44] Meter 15: Generated 2.874 kWh (encrypted: 333813 bytes, 5.249 ms)
[2025-12-10 07:58:04] Meter 15: Generated 2.000 kWh (encrypted: 334478 bytes, 4.348 ms)
[2025-12-10 07:58:24] Meter 15: Generated 5.580 kWh (encrypted: 334318 bytes, 4.311 ms)
[2025-12-10 07:58:25] NETWORK INFO: Server authentication successful for node: aggregator-001
✓ Aggregator connected: aggregator-001 from 127.0.0.1
✓ Sent 334318 bytes to aggregator-001 (0.36ms)
Session completed with aggregator-001
[2025-12-10 07:58:44] Meter 15: Generated 5.961 kWh (encrypted: 334288 bytes, 4.295 ms)
[2025-12-10 07:59:04] Meter 15: Generated 5.611 kWh (encrypted: 334410 bytes, 4.622 ms)
[2025-12-10 07:59:24] Meter 15: Generated 3.786 kWh (encrypted: 334442 bytes, 4.682 ms)
[2025-12-10 07:59:26] NETWORK INFO: Server authentication successful for node: aggregator-001
✓ Aggregator connected: aggregator-001 from 127.0.0.1
✓ Sent 334442 bytes to aggregator-001 (0.35ms)
Session completed with aggregator-001
[2025-12-10 07:59:44] Meter 15: Generated 4.474 kWh (encrypted: 334183 bytes, 4.410 ms)
[2025-12-10 08:00:04] Meter 15: Generated 7.089 kWh (encrypted: 334249 bytes, 4.684 ms)
[2025-12-10 08:00:24] Meter 15: Generated 1.824 kWh (encrypted: 334056 bytes, 5.473 ms)
[2025-12-10 08:00:28] NETWORK INFO: Server authentication successful for node: aggregator-001
✓ Aggregator connected: aggregator-001 from 127.0.0.1
✓ Sent 334056 bytes to aggregator-001 (0.36ms)
Session completed with aggregator-001
[2025-12-10 08:00:44] Meter 15: Generated 3.711 kWh (encrypted: 334533 bytes, 4.846 ms)
[2025-12-10 08:01:04] Meter 15: Generated 3.560 kWh (encrypted: 333969 bytes, 5.817 ms)
[2025-12-10 08:01:24] Meter 15: Generated 1.446 kWh (encrypted: 334465 bytes, 5.857 ms)
[2025-12-10 08:01:31] NETWORK INFO: Server authentication successful for node: aggregator-001
✓ Aggregator connected: aggregator-001 from 127.0.0.1
✓ Sent 334465 bytes to aggregator-001 (0.35ms)
Session completed with aggregator-001
[2025-12-10 08:01:44] Meter 15: Generated 1.605 kWh (encrypted: 334327 bytes, 5.108 ms)
[2025-12-10 08:02:04] Meter 15: Generated 3.261 kWh (encrypted: 334335 bytes, 5.444 ms)
[2025-12-10 08:02:24] Meter 15: Generated 2.381 kWh (encrypted: 334212 bytes, 6.599 ms)
[2025-12-10 08:02:33] NETWORK INFO: Server authentication successful for node: aggregator-001
✓ Aggregator connected: aggregator-001 from 127.0.0.1
✓ Sent 334212 bytes to aggregator-001 (1.98ms)
Session completed with aggregator-001
[2025-12-10 08:02:44] Meter 15: Generated 1.112 kWh (encrypted: 334270 bytes, 4.897 ms)
[2025-12-10 08:03:04] Meter 15: Generated 2.280 kWh (encrypted: 334234 bytes, 4.992 ms)
[2025-12-10 08:03:24] Meter 15: Generated 4.378 kWh (encrypted: 334006 bytes, 5.502 ms)
[2025-12-10 08:03:36] NETWORK INFO: Server authentication successful for node: aggregator-001
✓ Aggregator connected: aggregator-001 from 127.0.0.1
✓ Sent 334006 bytes to aggregator-001 (0.40ms)
Session completed with aggregator-001
[2025-12-10 08:03:45] Meter 15: Generated 3.409 kWh (encrypted: 334175 bytes, 5.447 ms)
[2025-12-10 08:04:05] Meter 15: Generated 0.677 kWh (encrypted: 333993 bytes, 5.388 ms)
[2025-12-10 08:04:25] Meter 15: Generated 5.470 kWh (encrypted: 334409 bytes, 6.365 ms)
[2025-12-10 08:04:39] NETWORK INFO: Server authentication successful for node: aggregator-001
✓ Aggregator connected: aggregator-001 from 127.0.0.1
✓ Sent 334409 bytes to aggregator-001 (0.42ms)
Session completed with aggregator-001
[2025-12-10 08:04:45] Meter 15: Generated 4.499 kWh (encrypted: 334367 bytes, 4.771 ms)
[2025-12-10 08:05:05] Meter 15: Generated 6.175 kWh (encrypted: 334339 bytes, 4.735 ms)
[2025-12-10 08:05:25] Meter 15: Generated 1.684 kWh (encrypted: 334387 bytes, 4.565 ms)
[2025-12-10 08:05:44] NETWORK INFO: Server authentication successful for node: aggregator-001
✓ Aggregator connected: aggregator-001 from 127.0.0.1
✓ Sent 334387 bytes to aggregator-001 (0.40ms)
Session completed with aggregator-001
[2025-12-10 08:05:45] Meter 15: Generated 1.390 kWh (encrypted: 334486 bytes, 4.609 ms)
[2025-12-10 08:06:05] Meter 15: Generated 3.581 kWh (encrypted: 334313 bytes, 6.359 ms)
[2025-12-10 08:06:25] Meter 15: Generated 3.305 kWh (encrypted: 334083 bytes, 4.762 ms)
[2025-12-10 08:06:45] Meter 15: Generated 3.109 kWh (encrypted: 334341 bytes, 4.573 ms)
[2025-12-10 08:06:50] NETWORK INFO: Server authentication successful for node: aggregator-001
✓ Aggregator connected: aggregator-001 from 127.0.0.1
✓ Sent 334341 bytes to aggregator-001 (1.58ms)
Session completed with aggregator-001
[2025-12-10 08:07:05] Meter 15: Generated 6.455 kWh (encrypted: 333336 bytes, 4.816 ms)
[2025-12-10 08:07:25] Meter 15: Generated 2.110 kWh (encrypted: 334247 bytes, 6.411 ms)
[2025-12-10 08:07:45] Meter 15: Generated 2.444 kWh (encrypted: 333849 bytes, 6.310 ms)
[2025-12-10 08:07:56] NETWORK INFO: Server authentication successful for node: aggregator-001
✓ Aggregator connected: aggregator-001 from 127.0.0.1
✓ Sent 333849 bytes to aggregator-001 (0.39ms)
Session completed with aggregator-001
[2025-12-10 08:08:05] Meter 15: Generated 7.325 kWh (encrypted: 334232 bytes, 6.605 ms)
[2025-12-10 08:08:25] Meter 15: Generated 2.386 kWh (encrypted: 334515 bytes, 12.724 ms)
[2025-12-10 08:08:45] Meter 15: Generated 7.058 kWh (encrypted: 334301 bytes, 4.422 ms)
[2025-12-10 08:09:01] NETWORK INFO: Server authentication successful for node: aggregator-001
✓ Aggregator connected: aggregator-001 from 127.0.0.1
✓ Sent 334301 bytes to aggregator-001 (8.30ms)
Session completed with aggregator-001
[2025-12-10 08:09:05] Meter 15: Generated 1.855 kWh (encrypted: 334324 bytes, 6.721 ms)
[2025-12-10 08:09:25] Meter 15: Generated 2.656 kWh (encrypted: 334303 bytes, 7.267 ms)
[2025-12-10 08:09:45] Meter 15: Generated 2.454 kWh (encrypted: 334395 bytes, 4.834 ms)
[2025-12-10 08:10:05] Meter 15: Generated 3.610 kWh (encrypted: 334480 bytes, 10.064 ms)
[2025-12-10 08:10:06] NETWORK INFO: Server authentication successful for node: aggregator-001
✓ Aggregator connected: aggregator-001 from 127.0.0.1
✓ Sent 334480 bytes to aggregator-001 (0.42ms)
Session completed with aggregator-001
[2025-12-10 08:10:25] Meter 15: Generated 3.993 kWh (encrypted: 333998 bytes, 5.448 ms)
[2025-12-10 08:10:45] Meter 15: Generated 5.377 kWh (encrypted: 334490 bytes, 4.961 ms)
[2025-12-10 08:11:05] Meter 15: Generated 1.602 kWh (encrypted: 334220 bytes, 4.660 ms)
[2025-12-10 08:11:12] NETWORK INFO: Server authentication successful for node: aggregator-001
✓ Aggregator connected: aggregator-001 from 127.0.0.1
✓ Sent 334220 bytes to aggregator-001 (0.44ms)
Session completed with aggregator-001
[2025-12-10 08:11:25] Meter 15: Generated 3.439 kWh (encrypted: 334187 bytes, 6.596 ms)
[2025-12-10 08:11:45] Meter 15: Generated 2.312 kWh (encrypted: 334339 bytes, 4.803 ms)
[2025-12-10 08:12:05] Meter 15: Generated 1.523 kWh (encrypted: 334353 bytes, 5.155 ms)
[2025-12-10 08:12:17] NETWORK INFO: Server authentication successful for node: aggregator-001
✓ Aggregator connected: aggregator-001 from 127.0.0.1
✓ Sent 334353 bytes to aggregator-001 (0.38ms)
Session completed with aggregator-001
[2025-12-10 08:12:25] Meter 15: Generated 2.312 kWh (encrypted: 334104 bytes, 8.799 ms)

Received shutdown signal. Gracefully shutting down smart meter...
Network server thread stopped
Data generation thread stopped

Received shutdown signal. Gracefully shutting down smart meter...
Smart meter 15 shutdown complete
