=== Continuous Smart Meter Server 302 ===
Initializing for continuous operation...
SEAL context initialized
Loaded certificate: smart-meter-302
Requesting public keys from KDC...
[2025-12-10 08:01:16] NETWORK ERROR: Failed to connect to 127.0.0.1:8444: Connection refused
Error: Failed to connect to KDC at 127.0.0.1:8444
Error: Failed to send key request to KDC
Failed to obtain keys from KDC, falling back to file keys
Loaded keys from fallback files
Cryptographic components initialized
[2025-12-10 08:01:16] NETWORK INFO: Server socket created and listening on port 9302
✓ Smart meter server ready on port 9302
Data transmission interval: 20 seconds (15x accelerated - simulates 5min)
✓ Performance metrics CSV files initialized in performance_data/
Starting continuous smart meter operation...
Press Ctrl+C to stop gracefully
Data generation thread started
Network server thread started on port 9302
[2025-12-10 08:01:31] NETWORK INFO: Server authentication successful for node: aggregator-001
✓ Aggregator connected: aggregator-001 from 127.0.0.1
[2025-12-10 08:01:36] Meter 302: Generated 1.865 kWh (encrypted: 334361 bytes, 5.101 ms)
✓ Sent 334361 bytes to aggregator-001 (0.72ms)
Session completed with aggregator-001
[2025-12-10 08:01:56] Meter 302: Generated 2.690 kWh (encrypted: 334178 bytes, 4.763 ms)
[2025-12-10 08:02:16] Meter 302: Generated 6.074 kWh (encrypted: 334226 bytes, 4.782 ms)
[2025-12-10 08:02:33] NETWORK INFO: Server authentication successful for node: aggregator-001
✓ Aggregator connected: aggregator-001 from 127.0.0.1
✓ Sent 334226 bytes to aggregator-001 (6.07ms)
Session completed with aggregator-001
[2025-12-10 08:02:36] Meter 302: Generated 5.080 kWh (encrypted: 334182 bytes, 5.406 ms)
[2025-12-10 08:02:56] Meter 302: Generated 2.645 kWh (encrypted: 334074 bytes, 4.487 ms)
[2025-12-10 08:03:16] Meter 302: Generated 3.094 kWh (encrypted: 334088 bytes, 5.855 ms)
[2025-12-10 08:03:36] Meter 302: Generated 6.005 kWh (encrypted: 334210 bytes, 14.275 ms)
[2025-12-10 08:03:36] NETWORK INFO: Server authentication successful for node: aggregator-001
✓ Aggregator connected: aggregator-001 from 127.0.0.1
✓ Sent 334210 bytes to aggregator-001 (0.39ms)
Session completed with aggregator-001
[2025-12-10 08:03:56] Meter 302: Generated 1.637 kWh (encrypted: 334174 bytes, 4.634 ms)
[2025-12-10 08:04:16] Meter 302: Generated 2.429 kWh (encrypted: 334386 bytes, 4.830 ms)
[2025-12-10 08:04:36] Meter 302: Generated 5.651 kWh (encrypted: 334360 bytes, 4.445 ms)
[2025-12-10 08:04:39] NETWORK INFO: Server authentication successful for node: aggregator-001
✓ Aggregator connected: aggregator-001 from 127.0.0.1
✓ Sent 334360 bytes to aggregator-001 (0.37ms)
Session completed with aggregator-001
[2025-12-10 08:04:56] Meter 302: Generated 3.014 kWh (encrypted: 334104 bytes, 4.495 ms)
[2025-12-10 08:05:16] Meter 302: Generated 6.596 kWh (encrypted: 333998 bytes, 4.772 ms)
[2025-12-10 08:05:36] Meter 302: Generated 1.369 kWh (encrypted: 334428 bytes, 5.141 ms)
[2025-12-10 08:05:44] NETWORK INFO: Server authentication successful for node: aggregator-001
✓ Aggregator connected: aggregator-001 from 127.0.0.1
✓ Sent 334428 bytes to aggregator-001 (0.36ms)
Session completed with aggregator-001
[2025-12-10 08:05:56] Meter 302: Generated 0.839 kWh (encrypted: 334136 bytes, 6.751 ms)
[2025-12-10 08:06:16] Meter 302: Generated 1.204 kWh (encrypted: 334237 bytes, 7.173 ms)
[2025-12-10 08:06:36] Meter 302: Generated 5.195 kWh (encrypted: 334194 bytes, 6.490 ms)
[2025-12-10 08:06:50] NETWORK INFO: Server authentication successful for node: aggregator-001
✓ Aggregator connected: aggregator-001 from 127.0.0.1
✓ Sent 334194 bytes to aggregator-001 (41.38ms)
Session completed with aggregator-001
[2025-12-10 08:06:56] Meter 302: Generated 4.217 kWh (encrypted: 334129 bytes, 4.935 ms)
[2025-12-10 08:07:16] Meter 302: Generated 2.037 kWh (encrypted: 334279 bytes, 4.835 ms)
[2025-12-10 08:07:36] Meter 302: Generated 3.890 kWh (encrypted: 334316 bytes, 4.347 ms)
[2025-12-10 08:07:56] NETWORK INFO: Server authentication successful for node: aggregator-001
✓ Aggregator connected: aggregator-001 from 127.0.0.1
✓ Sent 334316 bytes to aggregator-001 (0.38ms)
Session completed with aggregator-001
[2025-12-10 08:07:56] Meter 302: Generated 1.633 kWh (encrypted: 334069 bytes, 4.808 ms)
[2025-12-10 08:08:16] Meter 302: Generated 2.301 kWh (encrypted: 334135 bytes, 9.980 ms)
[2025-12-10 08:08:36] Meter 302: Generated 1.065 kWh (encrypted: 334133 bytes, 4.385 ms)
[2025-12-10 08:08:56] Meter 302: Generated 7.665 kWh (encrypted: 334510 bytes, 9.492 ms)
[2025-12-10 08:09:01] NETWORK INFO: Server authentication successful for node: aggregator-001
✓ Aggregator connected: aggregator-001 from 127.0.0.1
✓ Sent 334510 bytes to aggregator-001 (0.37ms)
Session completed with aggregator-001
[2025-12-10 08:09:16] Meter 302: Generated 6.172 kWh (encrypted: 334184 bytes, 4.948 ms)
[2025-12-10 08:09:36] Meter 302: Generated 1.111 kWh (encrypted: 333297 bytes, 6.114 ms)
[2025-12-10 08:09:56] Meter 302: Generated 6.016 kWh (encrypted: 334255 bytes, 4.529 ms)
[2025-12-10 08:10:06] NETWORK INFO: Server authentication successful for node: aggregator-001
✓ Aggregator connected: aggregator-001 from 127.0.0.1
✓ Sent 334255 bytes to aggregator-001 (0.40ms)
Session completed with aggregator-001
[2025-12-10 08:10:16] Meter 302: Generated 4.157 kWh (encrypted: 334190 bytes, 7.733 ms)
[2025-12-10 08:10:36] Meter 302: Generated 1.017 kWh (encrypted: 334097 bytes, 7.027 ms)
[2025-12-10 08:10:57] Meter 302: Generated 7.129 kWh (encrypted: 333902 bytes, 7.382 ms)
[2025-12-10 08:11:12] NETWORK INFO: Server authentication successful for node: aggregator-001
✓ Aggregator connected: aggregator-001 from 127.0.0.1
✓ Sent 333902 bytes to aggregator-001 (0.34ms)
Session completed with aggregator-001
[2025-12-10 08:11:17] Meter 302: Generated 7.394 kWh (encrypted: 334128 bytes, 13.073 ms)
[2025-12-10 08:11:37] Meter 302: Generated 4.663 kWh (encrypted: 334112 bytes, 4.847 ms)
[2025-12-10 08:11:57] Meter 302: Generated 4.533 kWh (encrypted: 333904 bytes, 7.332 ms)
[2025-12-10 08:12:17] Meter 302: Generated 3.991 kWh (encrypted: 334098 bytes, 5.008 ms)
[2025-12-10 08:12:17] NETWORK INFO: Server authentication successful for node: aggregator-001
✓ Aggregator connected: aggregator-001 from 127.0.0.1
✓ Sent 334098 bytes to aggregator-001 (0.36ms)
Session completed with aggregator-001

Received shutdown signal. Gracefully shutting down smart meter...
Network server thread stopped
Data generation thread stopped
Smart meter 302 shutdown complete
