=== Continuous Smart Meter Server 382 ===
Initializing for continuous operation...
SEAL context initialized
Loaded certificate: smart-meter-382
Requesting public keys from KDC...
[2025-12-10 08:02:56] NETWORK ERROR: Failed to connect to 127.0.0.1:8444: Connection refused
Error: Failed to connect to KDC at 127.0.0.1:8444
Error: Failed to send key request to KDC
Failed to obtain keys from KDC, falling back to file keys
Loaded keys from fallback files
Cryptographic components initialized
[2025-12-10 08:02:56] NETWORK INFO: Server socket created and listening on port 9382
✓ Smart meter server ready on port 9382
Data transmission interval: 20 seconds (15x accelerated - simulates 5min)
✓ Performance metrics CSV files initialized in performance_data/
Starting continuous smart meter operation...
Press Ctrl+C to stop gracefully
Data generation thread started
Network server thread started on port 9382
[2025-12-10 08:03:16] Meter 382: Generated 6.984 kWh (encrypted: 334454 bytes, 4.985 ms)
[2025-12-10 08:03:36] NETWORK INFO: Server authentication successful for node: aggregator-001
✓ Aggregator connected: aggregator-001 from 127.0.0.1
[2025-12-10 08:03:36] Meter 382: Generated 4.039 kWh (encrypted: 334185 bytes, 27.841 ms)
✓ Sent 334185 bytes to aggregator-001 (0.73ms)
Session completed with aggregator-001
[2025-12-10 08:03:56] Meter 382: Generated 4.880 kWh (encrypted: 334325 bytes, 4.644 ms)
[2025-12-10 08:04:16] Meter 382: Generated 4.152 kWh (encrypted: 334230 bytes, 4.565 ms)
[2025-12-10 08:04:36] Meter 382: Generated 5.641 kWh (encrypted: 334143 bytes, 4.283 ms)
[2025-12-10 08:04:39] NETWORK INFO: Server authentication successful for node: aggregator-001
✓ Aggregator connected: aggregator-001 from 127.0.0.1
✓ Sent 334143 bytes to aggregator-001 (0.41ms)
Session completed with aggregator-001
[2025-12-10 08:04:56] Meter 382: Generated 2.997 kWh (encrypted: 334493 bytes, 4.356 ms)
[2025-12-10 08:05:16] Meter 382: Generated 4.763 kWh (encrypted: 334254 bytes, 4.585 ms)
[2025-12-10 08:05:36] Meter 382: Generated 6.242 kWh (encrypted: 334417 bytes, 4.752 ms)
[2025-12-10 08:05:44] NETWORK INFO: Server authentication successful for node: aggregator-001
✓ Aggregator connected: aggregator-001 from 127.0.0.1
✓ Sent 334417 bytes to aggregator-001 (4.78ms)
Session completed with aggregator-001
[2025-12-10 08:05:56] Meter 382: Generated 3.644 kWh (encrypted: 334255 bytes, 6.775 ms)
[2025-12-10 08:06:16] Meter 382: Generated 6.199 kWh (encrypted: 334427 bytes, 8.965 ms)
[2025-12-10 08:06:36] Meter 382: Generated 3.736 kWh (encrypted: 334467 bytes, 4.735 ms)
[2025-12-10 08:06:50] NETWORK INFO: Server authentication successful for node: aggregator-001
✓ Aggregator connected: aggregator-001 from 127.0.0.1
✓ Sent 334467 bytes to aggregator-001 (3.10ms)
Session completed with aggregator-001
[2025-12-10 08:06:56] Meter 382: Generated 1.211 kWh (encrypted: 334384 bytes, 6.553 ms)
[2025-12-10 08:07:16] Meter 382: Generated 7.359 kWh (encrypted: 334361 bytes, 4.717 ms)
[2025-12-10 08:07:36] Meter 382: Generated 3.825 kWh (encrypted: 334365 bytes, 5.230 ms)
[2025-12-10 08:07:56] NETWORK INFO: Server authentication successful for node: aggregator-001
✓ Aggregator connected: aggregator-001 from 127.0.0.1
✓ Sent 334365 bytes to aggregator-001 (0.35ms)
Session completed with aggregator-001
[2025-12-10 08:07:56] Meter 382: Generated 3.011 kWh (encrypted: 334454 bytes, 4.782 ms)
[2025-12-10 08:08:16] Meter 382: Generated 1.735 kWh (encrypted: 334462 bytes, 4.742 ms)
[2025-12-10 08:08:36] Meter 382: Generated 6.965 kWh (encrypted: 333750 bytes, 4.710 ms)
[2025-12-10 08:08:56] Meter 382: Generated 5.101 kWh (encrypted: 334455 bytes, 4.442 ms)
[2025-12-10 08:09:01] NETWORK INFO: Server authentication successful for node: aggregator-001
✓ Aggregator connected: aggregator-001 from 127.0.0.1
✓ Sent 334455 bytes to aggregator-001 (0.38ms)
Session completed with aggregator-001
[2025-12-10 08:09:16] Meter 382: Generated 1.761 kWh (encrypted: 333889 bytes, 6.512 ms)
[2025-12-10 08:09:36] Meter 382: Generated 7.001 kWh (encrypted: 334311 bytes, 7.706 ms)
[2025-12-10 08:09:56] Meter 382: Generated 1.417 kWh (encrypted: 334367 bytes, 4.580 ms)
[2025-12-10 08:10:06] NETWORK INFO: Server authentication successful for node: aggregator-001
✓ Aggregator connected: aggregator-001 from 127.0.0.1
✓ Sent 334367 bytes to aggregator-001 (0.37ms)
Session completed with aggregator-001
[2025-12-10 08:10:16] Meter 382: Generated 4.085 kWh (encrypted: 334312 bytes, 4.678 ms)
[2025-12-10 08:10:36] Meter 382: Generated 4.359 kWh (encrypted: 334323 bytes, 5.628 ms)
[2025-12-10 08:10:56] Meter 382: Generated 6.334 kWh (encrypted: 334095 bytes, 4.787 ms)
[2025-12-10 08:11:12] NETWORK INFO: Server authentication successful for node: aggregator-001
✓ Aggregator connected: aggregator-001 from 127.0.0.1
✓ Sent 334095 bytes to aggregator-001 (0.36ms)
Session completed with aggregator-001
[2025-12-10 08:11:16] Meter 382: Generated 1.473 kWh (encrypted: 334282 bytes, 6.372 ms)
[2025-12-10 08:11:36] Meter 382: Generated 4.268 kWh (encrypted: 334344 bytes, 4.380 ms)
[2025-12-10 08:11:56] Meter 382: Generated 4.834 kWh (encrypted: 334213 bytes, 4.707 ms)
[2025-12-10 08:12:16] Meter 382: Generated 6.093 kWh (encrypted: 334459 bytes, 6.591 ms)
[2025-12-10 08:12:17] NETWORK INFO: Server authentication successful for node: aggregator-001
✓ Aggregator connected: aggregator-001 from 127.0.0.1
✓ Sent 334459 bytes to aggregator-001 (0.38ms)
Session completed with aggregator-001

Received shutdown signal. Gracefully shutting down smart meter...
Data generation thread stopped
Network server thread stopped
Smart meter 382 shutdown complete
