=== Continuous Smart Meter Server 62 ===
Initializing for continuous operation...
SEAL context initialized
Loaded certificate: smart-meter-062
Requesting public keys from KDC...
[2025-12-10 07:56:21] NETWORK ERROR: Failed to connect to 127.0.0.1:8444: Connection refused
Error: Failed to connect to KDC at 127.0.0.1:8444
Error: Failed to send key request to KDC
Failed to obtain keys from KDC, falling back to file keys
Loaded keys from fallback files
Cryptographic components initialized
[2025-12-10 07:56:21] NETWORK INFO: Server socket created and listening on port 9062
✓ Smart meter server ready on port 9062
Data transmission interval: 20 seconds (15x accelerated - simulates 5min)
✓ Performance metrics CSV files initialized in performance_data/
Starting continuous smart meter operation...
Press Ctrl+C to stop gracefully
Data generation thread started
Network server thread started on port 9062
[2025-12-10 07:56:41] Meter 62: Generated 0.656 kWh (encrypted: 334352 bytes, 4.903 ms)
[2025-12-10 07:57:01] Meter 62: Generated 0.759 kWh (encrypted: 334141 bytes, 4.274 ms)
[2025-12-10 07:57:15] NETWORK INFO: Server authentication successful for node: aggregator-001
✓ Aggregator connected: aggregator-001 from 127.0.0.1
✓ Sent 334141 bytes to aggregator-001 (1.49ms)
Session completed with aggregator-001
[2025-12-10 07:57:21] Meter 62: Generated 1.068 kWh (encrypted: 334478 bytes, 5.015 ms)
[2025-12-10 07:57:41] Meter 62: Generated 4.651 kWh (encrypted: 334473 bytes, 4.280 ms)
[2025-12-10 07:58:01] Meter 62: Generated 6.195 kWh (encrypted: 334361 bytes, 4.441 ms)
[2025-12-10 07:58:21] Meter 62: Generated 4.663 kWh (encrypted: 334245 bytes, 4.451 ms)
[2025-12-10 07:58:25] NETWORK INFO: Server authentication successful for node: aggregator-001
✓ Aggregator connected: aggregator-001 from 127.0.0.1
✓ Sent 334245 bytes to aggregator-001 (0.40ms)
Session completed with aggregator-001
[2025-12-10 07:58:41] Meter 62: Generated 1.009 kWh (encrypted: 334220 bytes, 4.504 ms)
[2025-12-10 07:59:01] Meter 62: Generated 5.683 kWh (encrypted: 334300 bytes, 5.354 ms)
[2025-12-10 07:59:21] Meter 62: Generated 7.346 kWh (encrypted: 334194 bytes, 4.374 ms)
[2025-12-10 07:59:26] NETWORK INFO: Server authentication successful for node: aggregator-001
✓ Aggregator connected: aggregator-001 from 127.0.0.1
✓ Sent 334194 bytes to aggregator-001 (8.16ms)
Session completed with aggregator-001
[2025-12-10 07:59:41] Meter 62: Generated 4.165 kWh (encrypted: 334417 bytes, 4.313 ms)
[2025-12-10 08:00:01] Meter 62: Generated 2.591 kWh (encrypted: 334212 bytes, 6.411 ms)
[2025-12-10 08:00:21] Meter 62: Generated 4.367 kWh (encrypted: 334025 bytes, 4.572 ms)
[2025-12-10 08:00:28] NETWORK INFO: Server authentication successful for node: aggregator-001
✓ Aggregator connected: aggregator-001 from 127.0.0.1
✓ Sent 334025 bytes to aggregator-001 (0.39ms)
Session completed with aggregator-001
[2025-12-10 08:00:41] Meter 62: Generated 1.772 kWh (encrypted: 334317 bytes, 5.424 ms)
[2025-12-10 08:01:01] Meter 62: Generated 3.615 kWh (encrypted: 334378 bytes, 4.569 ms)
[2025-12-10 08:01:21] Meter 62: Generated 5.835 kWh (encrypted: 334185 bytes, 5.015 ms)
[2025-12-10 08:01:31] NETWORK INFO: Server authentication successful for node: aggregator-001
✓ Aggregator connected: aggregator-001 from 127.0.0.1
✓ Sent 334185 bytes to aggregator-001 (2.22ms)
Session completed with aggregator-001
[2025-12-10 08:01:41] Meter 62: Generated 2.808 kWh (encrypted: 334342 bytes, 5.303 ms)
[2025-12-10 08:02:01] Meter 62: Generated 1.772 kWh (encrypted: 334130 bytes, 4.708 ms)
[2025-12-10 08:02:21] Meter 62: Generated 6.868 kWh (encrypted: 334338 bytes, 6.023 ms)
[2025-12-10 08:02:33] NETWORK INFO: Server authentication successful for node: aggregator-001
✓ Aggregator connected: aggregator-001 from 127.0.0.1
✓ Sent 334338 bytes to aggregator-001 (0.38ms)
Session completed with aggregator-001
[2025-12-10 08:02:41] Meter 62: Generated 2.653 kWh (encrypted: 334269 bytes, 6.425 ms)
[2025-12-10 08:03:01] Meter 62: Generated 5.794 kWh (encrypted: 334179 bytes, 5.303 ms)
[2025-12-10 08:03:21] Meter 62: Generated 1.140 kWh (encrypted: 334383 bytes, 6.023 ms)
[2025-12-10 08:03:36] NETWORK INFO: Server authentication successful for node: aggregator-001
✓ Aggregator connected: aggregator-001 from 127.0.0.1
✓ Sent 334383 bytes to aggregator-001 (0.36ms)
Session completed with aggregator-001
[2025-12-10 08:03:41] Meter 62: Generated 4.103 kWh (encrypted: 334364 bytes, 7.090 ms)
[2025-12-10 08:04:02] Meter 62: Generated 2.790 kWh (encrypted: 334457 bytes, 5.431 ms)
[2025-12-10 08:04:22] Meter 62: Generated 6.625 kWh (encrypted: 334306 bytes, 5.546 ms)
[2025-12-10 08:04:39] NETWORK INFO: Server authentication successful for node: aggregator-001
✓ Aggregator connected: aggregator-001 from 127.0.0.1
✓ Sent 334306 bytes to aggregator-001 (0.35ms)
Session completed with aggregator-001
[2025-12-10 08:04:42] Meter 62: Generated 0.904 kWh (encrypted: 334468 bytes, 6.566 ms)
[2025-12-10 08:05:02] Meter 62: Generated 5.436 kWh (encrypted: 334404 bytes, 4.828 ms)
[2025-12-10 08:05:22] Meter 62: Generated 4.097 kWh (encrypted: 334421 bytes, 4.642 ms)
[2025-12-10 08:05:42] Meter 62: Generated 4.526 kWh (encrypted: 334303 bytes, 4.349 ms)
[2025-12-10 08:05:44] NETWORK INFO: Server authentication successful for node: aggregator-001
✓ Aggregator connected: aggregator-001 from 127.0.0.1
✓ Sent 334303 bytes to aggregator-001 (0.43ms)
Session completed with aggregator-001
[2025-12-10 08:06:02] Meter 62: Generated 6.588 kWh (encrypted: 334289 bytes, 6.616 ms)
[2025-12-10 08:06:22] Meter 62: Generated 4.600 kWh (encrypted: 334466 bytes, 4.520 ms)
[2025-12-10 08:06:42] Meter 62: Generated 5.826 kWh (encrypted: 334128 bytes, 4.951 ms)
[2025-12-10 08:06:50] NETWORK INFO: Server authentication successful for node: aggregator-001
✓ Aggregator connected: aggregator-001 from 127.0.0.1
✓ Sent 334128 bytes to aggregator-001 (0.91ms)
Session completed with aggregator-001
[2025-12-10 08:07:02] Meter 62: Generated 4.043 kWh (encrypted: 334113 bytes, 5.769 ms)
[2025-12-10 08:07:22] Meter 62: Generated 6.808 kWh (encrypted: 334389 bytes, 6.525 ms)
[2025-12-10 08:07:42] Meter 62: Generated 5.808 kWh (encrypted: 334456 bytes, 4.387 ms)
[2025-12-10 08:07:55] NETWORK INFO: Server authentication successful for node: aggregator-001
✓ Aggregator connected: aggregator-001 from 127.0.0.1
✓ Sent 334456 bytes to aggregator-001 (0.38ms)
Session completed with aggregator-001
[2025-12-10 08:08:02] Meter 62: Generated 0.737 kWh (encrypted: 334176 bytes, 6.864 ms)
[2025-12-10 08:08:22] Meter 62: Generated 6.760 kWh (encrypted: 333912 bytes, 6.796 ms)
[2025-12-10 08:08:42] Meter 62: Generated 5.577 kWh (encrypted: 334295 bytes, 7.981 ms)
[2025-12-10 08:09:01] NETWORK INFO: Server authentication successful for node: aggregator-001
✓ Aggregator connected: aggregator-001 from 127.0.0.1
✓ Sent 334295 bytes to aggregator-001 (0.58ms)
Session completed with aggregator-001
[2025-12-10 08:09:02] Meter 62: Generated 6.196 kWh (encrypted: 334014 bytes, 4.521 ms)
[2025-12-10 08:09:22] Meter 62: Generated 7.311 kWh (encrypted: 334162 bytes, 5.133 ms)
[2025-12-10 08:09:42] Meter 62: Generated 5.901 kWh (encrypted: 334383 bytes, 6.883 ms)
[2025-12-10 08:10:02] Meter 62: Generated 2.909 kWh (encrypted: 334130 bytes, 4.309 ms)
[2025-12-10 08:10:06] NETWORK INFO: Server authentication successful for node: aggregator-001
✓ Aggregator connected: aggregator-001 from 127.0.0.1
✓ Sent 334130 bytes to aggregator-001 (0.37ms)
Session completed with aggregator-001
[2025-12-10 08:10:22] Meter 62: Generated 3.875 kWh (encrypted: 334455 bytes, 7.334 ms)
[2025-12-10 08:10:42] Meter 62: Generated 2.268 kWh (encrypted: 334388 bytes, 4.832 ms)
[2025-12-10 08:11:02] Meter 62: Generated 6.710 kWh (encrypted: 334236 bytes, 6.416 ms)
[2025-12-10 08:11:12] NETWORK INFO: Server authentication successful for node: aggregator-001
✓ Aggregator connected: aggregator-001 from 127.0.0.1
✓ Sent 334236 bytes to aggregator-001 (0.38ms)
Session completed with aggregator-001
[2025-12-10 08:11:22] Meter 62: Generated 7.606 kWh (encrypted: 334162 bytes, 7.940 ms)
[2025-12-10 08:11:42] Meter 62: Generated 3.977 kWh (encrypted: 334160 bytes, 5.940 ms)
[2025-12-10 08:12:02] Meter 62: Generated 3.907 kWh (encrypted: 334028 bytes, 8.974 ms)
[2025-12-10 08:12:17] NETWORK INFO: Server authentication successful for node: aggregator-001
✓ Aggregator connected: aggregator-001 from 127.0.0.1
✓ Sent 334028 bytes to aggregator-001 (0.39ms)
Session completed with aggregator-001
[2025-12-10 08:12:22] Meter 62: Generated 1.919 kWh (encrypted: 334422 bytes, 4.434 ms)

Received shutdown signal. Gracefully shutting down smart meter...
Network server thread stopped
Data generation thread stopped
Smart meter 62 shutdown complete
