=== Continuous Smart Meter Server 44 ===
Initializing for continuous operation...
SEAL context initialized
Loaded certificate: smart-meter-044
Requesting public keys from KDC...
[2025-12-10 07:55:59] NETWORK ERROR: Failed to connect to 127.0.0.1:8444: Connection refused
Error: Failed to connect to KDC at 127.0.0.1:8444
Error: Failed to send key request to KDC
Failed to obtain keys from KDC, falling back to file keys
Loaded keys from fallback files
Cryptographic components initialized
[2025-12-10 07:55:59] NETWORK INFO: Server socket created and listening on port 9044
✓ Smart meter server ready on port 9044
Data transmission interval: 20 seconds (15x accelerated - simulates 5min)
✓ Performance metrics CSV files initialized in performance_data/
Starting continuous smart meter operation...
Press Ctrl+C to stop gracefully
Data generation thread started
Network server thread started on port 9044
[2025-12-10 07:56:05] NETWORK INFO: Server authentication successful for node: aggregator-001
✓ Aggregator connected: aggregator-001 from 127.0.0.1
[2025-12-10 07:56:19] Meter 44: Generated 3.091 kWh (encrypted: 334273 bytes, 5.284 ms)
✓ Sent 334273 bytes to aggregator-001 (0.65ms)
Session completed with aggregator-001
[2025-12-10 07:56:39] Meter 44: Generated 4.097 kWh (encrypted: 334362 bytes, 4.820 ms)
[2025-12-10 07:56:59] Meter 44: Generated 3.314 kWh (encrypted: 334460 bytes, 4.791 ms)
[2025-12-10 07:57:15] NETWORK INFO: Server authentication successful for node: aggregator-001
✓ Aggregator connected: aggregator-001 from 127.0.0.1
✓ Sent 334460 bytes to aggregator-001 (0.80ms)
Session completed with aggregator-001
[2025-12-10 07:57:19] Meter 44: Generated 1.471 kWh (encrypted: 334480 bytes, 4.744 ms)
[2025-12-10 07:57:39] Meter 44: Generated 7.382 kWh (encrypted: 334398 bytes, 5.243 ms)
[2025-12-10 07:57:59] Meter 44: Generated 2.045 kWh (encrypted: 334101 bytes, 4.816 ms)
[2025-12-10 07:58:19] Meter 44: Generated 2.816 kWh (encrypted: 334252 bytes, 4.961 ms)
[2025-12-10 07:58:25] NETWORK INFO: Server authentication successful for node: aggregator-001
✓ Aggregator connected: aggregator-001 from 127.0.0.1
✓ Sent 334252 bytes to aggregator-001 (2.81ms)
Session completed with aggregator-001
[2025-12-10 07:58:40] Meter 44: Generated 2.532 kWh (encrypted: 334316 bytes, 5.863 ms)
[2025-12-10 07:59:00] Meter 44: Generated 6.841 kWh (encrypted: 333351 bytes, 5.062 ms)
[2025-12-10 07:59:20] Meter 44: Generated 2.821 kWh (encrypted: 334434 bytes, 5.132 ms)
[2025-12-10 07:59:26] NETWORK INFO: Server authentication successful for node: aggregator-001
✓ Aggregator connected: aggregator-001 from 127.0.0.1
✓ Sent 334434 bytes to aggregator-001 (0.36ms)
Session completed with aggregator-001
[2025-12-10 07:59:40] Meter 44: Generated 2.283 kWh (encrypted: 334138 bytes, 4.957 ms)
[2025-12-10 08:00:00] Meter 44: Generated 5.275 kWh (encrypted: 334159 bytes, 5.053 ms)
[2025-12-10 08:00:20] Meter 44: Generated 1.866 kWh (encrypted: 333688 bytes, 5.368 ms)
[2025-12-10 08:00:28] NETWORK INFO: Server authentication successful for node: aggregator-001
✓ Aggregator connected: aggregator-001 from 127.0.0.1
✓ Sent 333688 bytes to aggregator-001 (6.14ms)
Session completed with aggregator-001
[2025-12-10 08:00:40] Meter 44: Generated 4.815 kWh (encrypted: 334474 bytes, 5.307 ms)
[2025-12-10 08:01:00] Meter 44: Generated 4.122 kWh (encrypted: 334408 bytes, 6.548 ms)
[2025-12-10 08:01:20] Meter 44: Generated 5.149 kWh (encrypted: 334212 bytes, 5.928 ms)
[2025-12-10 08:01:31] NETWORK INFO: Server authentication successful for node: aggregator-001
✓ Aggregator connected: aggregator-001 from 127.0.0.1
✓ Sent 334212 bytes to aggregator-001 (0.42ms)
Session completed with aggregator-001
[2025-12-10 08:01:40] Meter 44: Generated 5.599 kWh (encrypted: 334415 bytes, 5.289 ms)
[2025-12-10 08:02:00] Meter 44: Generated 3.439 kWh (encrypted: 334392 bytes, 5.481 ms)
[2025-12-10 08:02:20] Meter 44: Generated 5.847 kWh (encrypted: 334402 bytes, 5.299 ms)
[2025-12-10 08:02:33] NETWORK INFO: Server authentication successful for node: aggregator-001
✓ Aggregator connected: aggregator-001 from 127.0.0.1
✓ Sent 334402 bytes to aggregator-001 (0.54ms)
Session completed with aggregator-001
[2025-12-10 08:02:40] Meter 44: Generated 3.457 kWh (encrypted: 333974 bytes, 5.879 ms)
[2025-12-10 08:03:00] Meter 44: Generated 2.536 kWh (encrypted: 334397 bytes, 6.810 ms)
[2025-12-10 08:03:20] Meter 44: Generated 0.856 kWh (encrypted: 334362 bytes, 6.677 ms)
[2025-12-10 08:03:36] NETWORK INFO: Server authentication successful for node: aggregator-001
✓ Aggregator connected: aggregator-001 from 127.0.0.1
✓ Sent 334362 bytes to aggregator-001 (0.44ms)
Session completed with aggregator-001
[2025-12-10 08:03:40] Meter 44: Generated 4.391 kWh (encrypted: 333863 bytes, 6.439 ms)
[2025-12-10 08:04:00] Meter 44: Generated 5.402 kWh (encrypted: 334502 bytes, 5.992 ms)
[2025-12-10 08:04:20] Meter 44: Generated 3.328 kWh (encrypted: 334382 bytes, 5.549 ms)
[2025-12-10 08:04:39] NETWORK INFO: Server authentication successful for node: aggregator-001
✓ Aggregator connected: aggregator-001 from 127.0.0.1
✓ Sent 334382 bytes to aggregator-001 (4.50ms)
Session completed with aggregator-001
[2025-12-10 08:04:40] Meter 44: Generated 6.135 kWh (encrypted: 334364 bytes, 4.984 ms)
[2025-12-10 08:05:00] Meter 44: Generated 1.580 kWh (encrypted: 334377 bytes, 5.447 ms)
[2025-12-10 08:05:20] Meter 44: Generated 3.268 kWh (encrypted: 334298 bytes, 5.446 ms)
[2025-12-10 08:05:40] Meter 44: Generated 5.877 kWh (encrypted: 334356 bytes, 5.115 ms)
[2025-12-10 08:05:44] NETWORK INFO: Server authentication successful for node: aggregator-001
✓ Aggregator connected: aggregator-001 from 127.0.0.1
✓ Sent 334356 bytes to aggregator-001 (0.37ms)
Session completed with aggregator-001
[2025-12-10 08:06:00] Meter 44: Generated 2.304 kWh (encrypted: 334323 bytes, 5.077 ms)
[2025-12-10 08:06:20] Meter 44: Generated 5.178 kWh (encrypted: 334269 bytes, 6.748 ms)
[2025-12-10 08:06:40] Meter 44: Generated 7.646 kWh (encrypted: 334323 bytes, 5.083 ms)
[2025-12-10 08:06:50] NETWORK INFO: Server authentication successful for node: aggregator-001
✓ Aggregator connected: aggregator-001 from 127.0.0.1
✓ Sent 334323 bytes to aggregator-001 (0.37ms)
Session completed with aggregator-001
[2025-12-10 08:07:00] Meter 44: Generated 2.555 kWh (encrypted: 334449 bytes, 5.244 ms)
[2025-12-10 08:07:20] Meter 44: Generated 7.180 kWh (encrypted: 334420 bytes, 6.548 ms)
[2025-12-10 08:07:40] Meter 44: Generated 6.440 kWh (encrypted: 334340 bytes, 5.049 ms)
[2025-12-10 08:07:56] NETWORK INFO: Server authentication successful for node: aggregator-001
✓ Aggregator connected: aggregator-001 from 127.0.0.1
✓ Sent 334340 bytes to aggregator-001 (0.37ms)
Session completed with aggregator-001
[2025-12-10 08:08:00] Meter 44: Generated 1.513 kWh (encrypted: 334494 bytes, 5.283 ms)
[2025-12-10 08:08:20] Meter 44: Generated 6.144 kWh (encrypted: 334143 bytes, 5.079 ms)
[2025-12-10 08:08:40] Meter 44: Generated 3.187 kWh (encrypted: 334410 bytes, 5.301 ms)
[2025-12-10 08:09:00] Meter 44: Generated 4.166 kWh (encrypted: 334177 bytes, 7.442 ms)
[2025-12-10 08:09:01] NETWORK INFO: Server authentication successful for node: aggregator-001
✓ Aggregator connected: aggregator-001 from 127.0.0.1
✓ Sent 334177 bytes to aggregator-001 (0.45ms)
Session completed with aggregator-001
[2025-12-10 08:09:20] Meter 44: Generated 6.447 kWh (encrypted: 333559 bytes, 6.489 ms)
[2025-12-10 08:09:40] Meter 44: Generated 2.014 kWh (encrypted: 334387 bytes, 5.337 ms)
[2025-12-10 08:10:00] Meter 44: Generated 3.398 kWh (encrypted: 334331 bytes, 6.638 ms)
[2025-12-10 08:10:06] NETWORK INFO: Server authentication successful for node: aggregator-001
✓ Aggregator connected: aggregator-001 from 127.0.0.1
✓ Sent 334331 bytes to aggregator-001 (17.95ms)
Session completed with aggregator-001
[2025-12-10 08:10:20] Meter 44: Generated 4.944 kWh (encrypted: 334136 bytes, 5.043 ms)
[2025-12-10 08:10:40] Meter 44: Generated 6.883 kWh (encrypted: 334418 bytes, 5.323 ms)
[2025-12-10 08:11:00] Meter 44: Generated 1.768 kWh (encrypted: 334282 bytes, 6.733 ms)
[2025-12-10 08:11:12] NETWORK INFO: Server authentication successful for node: aggregator-001
✓ Aggregator connected: aggregator-001 from 127.0.0.1
✓ Sent 334282 bytes to aggregator-001 (0.34ms)
Session completed with aggregator-001
[2025-12-10 08:11:20] Meter 44: Generated 4.302 kWh (encrypted: 334058 bytes, 6.726 ms)
[2025-12-10 08:11:40] Meter 44: Generated 2.809 kWh (encrypted: 334433 bytes, 5.000 ms)
[2025-12-10 08:12:00] Meter 44: Generated 2.740 kWh (encrypted: 334478 bytes, 7.508 ms)
[2025-12-10 08:12:17] NETWORK INFO: Server authentication successful for node: aggregator-001
✓ Aggregator connected: aggregator-001 from 127.0.0.1
✓ Sent 334478 bytes to aggregator-001 (18.63ms)
Session completed with aggregator-001
[2025-12-10 08:12:20] Meter 44: Generated 1.872 kWh (encrypted: 334382 bytes, 7.079 ms)

Received shutdown signal. Gracefully shutting down smart meter...
Network server thread stopped
Data generation thread stopped
Smart meter 44 shutdown complete
