=== Continuous Smart Meter Server 392 ===
Initializing for continuous operation...
SEAL context initialized
Loaded certificate: smart-meter-392
Requesting public keys from KDC...
[2025-12-10 08:03:09] NETWORK ERROR: Failed to connect to 127.0.0.1:8444: Connection refused
Error: Failed to connect to KDC at 127.0.0.1:8444
Error: Failed to send key request to KDC
Failed to obtain keys from KDC, falling back to file keys
Loaded keys from fallback files
Cryptographic components initialized
[2025-12-10 08:03:09] NETWORK INFO: Server socket created and listening on port 9392
✓ Smart meter server ready on port 9392
Data transmission interval: 20 seconds (15x accelerated - simulates 5min)
✓ Performance metrics CSV files initialized in performance_data/
Starting continuous smart meter operation...
Press Ctrl+C to stop gracefully
Network server thread started on port 9392
Data generation thread started
[2025-12-10 08:03:29] Meter 392: Generated 6.238 kWh (encrypted: 334337 bytes, 4.978 ms)
[2025-12-10 08:03:36] NETWORK INFO: Server authentication successful for node: aggregator-001
✓ Aggregator connected: aggregator-001 from 127.0.0.1
✓ Sent 334337 bytes to aggregator-001 (0.74ms)
Session completed with aggregator-001
[2025-12-10 08:03:49] Meter 392: Generated 2.843 kWh (encrypted: 334352 bytes, 5.048 ms)
[2025-12-10 08:04:09] Meter 392: Generated 4.814 kWh (encrypted: 334461 bytes, 4.584 ms)
[2025-12-10 08:04:29] Meter 392: Generated 1.466 kWh (encrypted: 334395 bytes, 5.017 ms)
[2025-12-10 08:04:39] NETWORK INFO: Server authentication successful for node: aggregator-001
✓ Aggregator connected: aggregator-001 from 127.0.0.1
✓ Sent 334395 bytes to aggregator-001 (1.59ms)
Session completed with aggregator-001
[2025-12-10 08:04:49] Meter 392: Generated 2.188 kWh (encrypted: 334538 bytes, 6.451 ms)
[2025-12-10 08:05:09] Meter 392: Generated 2.456 kWh (encrypted: 334295 bytes, 6.683 ms)
[2025-12-10 08:05:29] Meter 392: Generated 1.789 kWh (encrypted: 334501 bytes, 6.284 ms)
[2025-12-10 08:05:44] NETWORK INFO: Server authentication successful for node: aggregator-001
✓ Aggregator connected: aggregator-001 from 127.0.0.1
✓ Sent 334501 bytes to aggregator-001 (29.42ms)
Session completed with aggregator-001
[2025-12-10 08:05:49] Meter 392: Generated 6.036 kWh (encrypted: 334223 bytes, 4.894 ms)
[2025-12-10 08:06:09] Meter 392: Generated 7.050 kWh (encrypted: 333925 bytes, 5.352 ms)
[2025-12-10 08:06:29] Meter 392: Generated 5.313 kWh (encrypted: 334477 bytes, 4.454 ms)
[2025-12-10 08:06:49] Meter 392: Generated 6.687 kWh (encrypted: 334403 bytes, 4.904 ms)
[2025-12-10 08:06:50] NETWORK INFO: Server authentication successful for node: aggregator-001
✓ Aggregator connected: aggregator-001 from 127.0.0.1
✓ Sent 334403 bytes to aggregator-001 (7.14ms)
Session completed with aggregator-001
[2025-12-10 08:07:09] Meter 392: Generated 6.154 kWh (encrypted: 334414 bytes, 4.682 ms)
[2025-12-10 08:07:29] Meter 392: Generated 7.172 kWh (encrypted: 334398 bytes, 4.613 ms)
[2025-12-10 08:07:49] Meter 392: Generated 1.841 kWh (encrypted: 334371 bytes, 4.711 ms)
[2025-12-10 08:07:56] NETWORK INFO: Server authentication successful for node: aggregator-001
✓ Aggregator connected: aggregator-001 from 127.0.0.1
✓ Sent 334371 bytes to aggregator-001 (1.06ms)
Session completed with aggregator-001
[2025-12-10 08:08:09] Meter 392: Generated 2.849 kWh (encrypted: 334394 bytes, 6.377 ms)
[2025-12-10 08:08:29] Meter 392: Generated 4.220 kWh (encrypted: 334072 bytes, 6.047 ms)
[2025-12-10 08:08:49] Meter 392: Generated 4.457 kWh (encrypted: 334214 bytes, 4.619 ms)
[2025-12-10 08:09:01] NETWORK INFO: Server authentication successful for node: aggregator-001
✓ Aggregator connected: aggregator-001 from 127.0.0.1
✓ Sent 334214 bytes to aggregator-001 (0.35ms)
Session completed with aggregator-001
[2025-12-10 08:09:09] Meter 392: Generated 1.002 kWh (encrypted: 334121 bytes, 6.413 ms)
[2025-12-10 08:09:29] Meter 392: Generated 6.832 kWh (encrypted: 334178 bytes, 7.837 ms)
[2025-12-10 08:09:49] Meter 392: Generated 1.741 kWh (encrypted: 334486 bytes, 4.386 ms)
[2025-12-10 08:10:06] NETWORK INFO: Server authentication successful for node: aggregator-001
✓ Aggregator connected: aggregator-001 from 127.0.0.1
✓ Sent 334486 bytes to aggregator-001 (0.36ms)
Session completed with aggregator-001
[2025-12-10 08:10:09] Meter 392: Generated 4.329 kWh (encrypted: 334467 bytes, 4.464 ms)
[2025-12-10 08:10:29] Meter 392: Generated 6.456 kWh (encrypted: 334174 bytes, 4.923 ms)
[2025-12-10 08:10:49] Meter 392: Generated 6.539 kWh (encrypted: 334168 bytes, 5.442 ms)
[2025-12-10 08:11:09] Meter 392: Generated 1.560 kWh (encrypted: 334364 bytes, 5.272 ms)
[2025-12-10 08:11:12] NETWORK INFO: Server authentication successful for node: aggregator-001
✓ Aggregator connected: aggregator-001 from 127.0.0.1
✓ Sent 334364 bytes to aggregator-001 (67.73ms)
Session completed with aggregator-001
[2025-12-10 08:11:29] Meter 392: Generated 3.442 kWh (encrypted: 334398 bytes, 6.992 ms)
[2025-12-10 08:11:49] Meter 392: Generated 3.816 kWh (encrypted: 334251 bytes, 4.690 ms)
[2025-12-10 08:12:09] Meter 392: Generated 5.517 kWh (encrypted: 334368 bytes, 7.634 ms)
[2025-12-10 08:12:17] NETWORK INFO: Server authentication successful for node: aggregator-001
✓ Aggregator connected: aggregator-001 from 127.0.0.1
✓ Sent 334368 bytes to aggregator-001 (0.59ms)
Session completed with aggregator-001
[2025-12-10 08:12:29] Meter 392: Generated 2.895 kWh (encrypted: 334356 bytes, 4.292 ms)

Received shutdown signal. Gracefully shutting down smart meter...
Network server thread stopped
Data generation thread stopped
Smart meter 392 shutdown complete
