=== Continuous Smart Meter Server 141 ===
Initializing for continuous operation...
SEAL context initialized
Loaded certificate: smart-meter-141
Requesting public keys from KDC...
[2025-12-10 07:57:58] NETWORK ERROR: Failed to connect to 127.0.0.1:8444: Connection refused
Error: Failed to connect to KDC at 127.0.0.1:8444
Error: Failed to send key request to KDC
Failed to obtain keys from KDC, falling back to file keys
Loaded keys from fallback files
Cryptographic components initialized
[2025-12-10 07:57:58] NETWORK INFO: Server socket created and listening on port 9141
✓ Smart meter server ready on port 9141
Data transmission interval: 20 seconds (15x accelerated - simulates 5min)
✓ Performance metrics CSV files initialized in performance_data/
Starting continuous smart meter operation...
Press Ctrl+C to stop gracefully
Data generation thread started
Network server thread started on port 9141
[2025-12-10 07:58:18] Meter 141: Generated 2.403 kWh (encrypted: 334127 bytes, 4.844 ms)
[2025-12-10 07:58:25] NETWORK INFO: Server authentication successful for node: aggregator-001
✓ Aggregator connected: aggregator-001 from 127.0.0.1
✓ Sent 334127 bytes to aggregator-001 (5.41ms)
Session completed with aggregator-001
[2025-12-10 07:58:38] Meter 141: Generated 3.798 kWh (encrypted: 334307 bytes, 4.689 ms)
[2025-12-10 07:58:58] Meter 141: Generated 3.731 kWh (encrypted: 334119 bytes, 4.500 ms)
[2025-12-10 07:59:18] Meter 141: Generated 7.042 kWh (encrypted: 334186 bytes, 4.468 ms)
[2025-12-10 07:59:26] NETWORK INFO: Server authentication successful for node: aggregator-001
✓ Aggregator connected: aggregator-001 from 127.0.0.1
✓ Sent 334186 bytes to aggregator-001 (2.65ms)
Session completed with aggregator-001
[2025-12-10 07:59:38] Meter 141: Generated 3.746 kWh (encrypted: 334268 bytes, 6.529 ms)
[2025-12-10 07:59:58] Meter 141: Generated 5.583 kWh (encrypted: 334192 bytes, 4.788 ms)
[2025-12-10 08:00:18] Meter 141: Generated 3.621 kWh (encrypted: 333400 bytes, 4.633 ms)
[2025-12-10 08:00:28] NETWORK INFO: Server authentication successful for node: aggregator-001
✓ Aggregator connected: aggregator-001 from 127.0.0.1
✓ Sent 333400 bytes to aggregator-001 (0.37ms)
Session completed with aggregator-001
[2025-12-10 08:00:38] Meter 141: Generated 4.361 kWh (encrypted: 334114 bytes, 8.072 ms)
[2025-12-10 08:00:58] Meter 141: Generated 2.730 kWh (encrypted: 334262 bytes, 4.719 ms)
[2025-12-10 08:01:18] Meter 141: Generated 0.904 kWh (encrypted: 334421 bytes, 4.815 ms)
[2025-12-10 08:01:31] NETWORK INFO: Server authentication successful for node: aggregator-001
✓ Aggregator connected: aggregator-001 from 127.0.0.1
✓ Sent 334421 bytes to aggregator-001 (0.34ms)
Session completed with aggregator-001
[2025-12-10 08:01:38] Meter 141: Generated 6.707 kWh (encrypted: 334293 bytes, 5.985 ms)
[2025-12-10 08:01:58] Meter 141: Generated 4.661 kWh (encrypted: 334226 bytes, 5.052 ms)
[2025-12-10 08:02:18] Meter 141: Generated 5.851 kWh (encrypted: 334406 bytes, 5.602 ms)
[2025-12-10 08:02:33] NETWORK INFO: Server authentication successful for node: aggregator-001
✓ Aggregator connected: aggregator-001 from 127.0.0.1
✓ Sent 334406 bytes to aggregator-001 (0.38ms)
Session completed with aggregator-001
[2025-12-10 08:02:38] Meter 141: Generated 4.914 kWh (encrypted: 334186 bytes, 5.011 ms)
[2025-12-10 08:02:58] Meter 141: Generated 5.560 kWh (encrypted: 334315 bytes, 5.116 ms)
[2025-12-10 08:03:18] Meter 141: Generated 6.569 kWh (encrypted: 334297 bytes, 5.651 ms)
[2025-12-10 08:03:36] NETWORK INFO: Server authentication successful for node: aggregator-001
✓ Aggregator connected: aggregator-001 from 127.0.0.1
✓ Sent 334297 bytes to aggregator-001 (0.37ms)
Session completed with aggregator-001
[2025-12-10 08:03:38] Meter 141: Generated 4.405 kWh (encrypted: 334406 bytes, 5.401 ms)
[2025-12-10 08:03:58] Meter 141: Generated 7.056 kWh (encrypted: 334392 bytes, 5.406 ms)
[2025-12-10 08:04:18] Meter 141: Generated 2.223 kWh (encrypted: 334322 bytes, 6.564 ms)
[2025-12-10 08:04:38] Meter 141: Generated 3.391 kWh (encrypted: 334397 bytes, 8.658 ms)
[2025-12-10 08:04:39] NETWORK INFO: Server authentication successful for node: aggregator-001
✓ Aggregator connected: aggregator-001 from 127.0.0.1
✓ Sent 334397 bytes to aggregator-001 (29.83ms)
Session completed with aggregator-001
[2025-12-10 08:04:58] Meter 141: Generated 6.219 kWh (encrypted: 334254 bytes, 6.646 ms)
[2025-12-10 08:05:18] Meter 141: Generated 2.360 kWh (encrypted: 334374 bytes, 4.527 ms)
[2025-12-10 08:05:38] Meter 141: Generated 4.976 kWh (encrypted: 334288 bytes, 4.767 ms)
[2025-12-10 08:05:44] NETWORK INFO: Server authentication successful for node: aggregator-001
✓ Aggregator connected: aggregator-001 from 127.0.0.1
✓ Sent 334288 bytes to aggregator-001 (0.36ms)
Session completed with aggregator-001
[2025-12-10 08:05:58] Meter 141: Generated 3.970 kWh (encrypted: 334270 bytes, 6.462 ms)
[2025-12-10 08:06:18] Meter 141: Generated 1.958 kWh (encrypted: 334369 bytes, 5.422 ms)
[2025-12-10 08:06:38] Meter 141: Generated 1.450 kWh (encrypted: 333968 bytes, 5.040 ms)
[2025-12-10 08:06:50] NETWORK INFO: Server authentication successful for node: aggregator-001
✓ Aggregator connected: aggregator-001 from 127.0.0.1
✓ Sent 333968 bytes to aggregator-001 (0.38ms)
Session completed with aggregator-001
[2025-12-10 08:06:58] Meter 141: Generated 5.214 kWh (encrypted: 334281 bytes, 6.464 ms)
[2025-12-10 08:07:18] Meter 141: Generated 2.025 kWh (encrypted: 334202 bytes, 6.730 ms)
[2025-12-10 08:07:38] Meter 141: Generated 2.594 kWh (encrypted: 334295 bytes, 5.186 ms)
[2025-12-10 08:07:55] NETWORK INFO: Server authentication successful for node: aggregator-001
✓ Aggregator connected: aggregator-001 from 127.0.0.1
✓ Sent 334295 bytes to aggregator-001 (0.38ms)
Session completed with aggregator-001
[2025-12-10 08:07:58] Meter 141: Generated 4.156 kWh (encrypted: 334412 bytes, 6.463 ms)
[2025-12-10 08:08:18] Meter 141: Generated 4.260 kWh (encrypted: 334334 bytes, 6.572 ms)
[2025-12-10 08:08:38] Meter 141: Generated 1.231 kWh (encrypted: 334401 bytes, 5.354 ms)
[2025-12-10 08:08:58] Meter 141: Generated 6.362 kWh (encrypted: 334145 bytes, 6.264 ms)
[2025-12-10 08:09:01] NETWORK INFO: Server authentication successful for node: aggregator-001
✓ Aggregator connected: aggregator-001 from 127.0.0.1
✓ Sent 334145 bytes to aggregator-001 (0.38ms)
Session completed with aggregator-001
[2025-12-10 08:09:18] Meter 141: Generated 1.577 kWh (encrypted: 334324 bytes, 7.062 ms)
[2025-12-10 08:09:38] Meter 141: Generated 2.826 kWh (encrypted: 334471 bytes, 4.438 ms)
[2025-12-10 08:09:58] Meter 141: Generated 0.947 kWh (encrypted: 334191 bytes, 6.433 ms)
[2025-12-10 08:10:06] NETWORK INFO: Server authentication successful for node: aggregator-001
✓ Aggregator connected: aggregator-001 from 127.0.0.1
✓ Sent 334191 bytes to aggregator-001 (0.39ms)
Session completed with aggregator-001
[2025-12-10 08:10:18] Meter 141: Generated 5.185 kWh (encrypted: 334418 bytes, 6.585 ms)
[2025-12-10 08:10:38] Meter 141: Generated 1.572 kWh (encrypted: 333840 bytes, 4.438 ms)
[2025-12-10 08:10:58] Meter 141: Generated 6.661 kWh (encrypted: 333351 bytes, 7.093 ms)
[2025-12-10 08:11:12] NETWORK INFO: Server authentication successful for node: aggregator-001
✓ Aggregator connected: aggregator-001 from 127.0.0.1
✓ Sent 333351 bytes to aggregator-001 (5.87ms)
Session completed with aggregator-001
[2025-12-10 08:11:18] Meter 141: Generated 1.630 kWh (encrypted: 334377 bytes, 12.121 ms)
[2025-12-10 08:11:38] Meter 141: Generated 3.179 kWh (encrypted: 334168 bytes, 5.317 ms)
[2025-12-10 08:11:58] Meter 141: Generated 2.968 kWh (encrypted: 334353 bytes, 8.966 ms)
[2025-12-10 08:12:17] NETWORK INFO: Server authentication successful for node: aggregator-001
✓ Aggregator connected: aggregator-001 from 127.0.0.1
✓ Sent 334353 bytes to aggregator-001 (0.84ms)
Session completed with aggregator-001
[2025-12-10 08:12:18] Meter 141: Generated 3.068 kWh (encrypted: 334356 bytes, 6.938 ms)

Received shutdown signal. Gracefully shutting down smart meter...
Network server thread stopped
Data generation thread stopped
Smart meter 141 shutdown complete
