=== Continuous Smart Meter Server 219 ===
Initializing for continuous operation...
SEAL context initialized
Loaded certificate: smart-meter-219
Requesting public keys from KDC...
[2025-12-10 07:59:33] NETWORK ERROR: Failed to connect to 127.0.0.1:8444: Connection refused
Error: Failed to connect to KDC at 127.0.0.1:8444
Error: Failed to send key request to KDC
Failed to obtain keys from KDC, falling back to file keys
Loaded keys from fallback files
Cryptographic components initialized
[2025-12-10 07:59:33] NETWORK INFO: Server socket created and listening on port 9219
✓ Smart meter server ready on port 9219
Data transmission interval: 20 seconds (15x accelerated - simulates 5min)
✓ Performance metrics CSV files initialized in performance_data/
Starting continuous smart meter operation...
Press Ctrl+C to stop gracefully
Data generation thread started
Network server thread started on port 9219
[2025-12-10 07:59:53] Meter 219: Generated 6.141 kWh (encrypted: 334356 bytes, 5.106 ms)
[2025-12-10 08:00:13] Meter 219: Generated 5.170 kWh (encrypted: 334176 bytes, 4.553 ms)
[2025-12-10 08:00:28] NETWORK INFO: Server authentication successful for node: aggregator-001
✓ Aggregator connected: aggregator-001 from 127.0.0.1
✓ Sent 334176 bytes to aggregator-001 (0.69ms)
Session completed with aggregator-001
[2025-12-10 08:00:33] Meter 219: Generated 0.864 kWh (encrypted: 334150 bytes, 4.981 ms)
[2025-12-10 08:00:53] Meter 219: Generated 3.445 kWh (encrypted: 334135 bytes, 4.650 ms)
[2025-12-10 08:01:13] Meter 219: Generated 3.219 kWh (encrypted: 334376 bytes, 4.942 ms)
[2025-12-10 08:01:31] NETWORK INFO: Server authentication successful for node: aggregator-001
✓ Aggregator connected: aggregator-001 from 127.0.0.1
✓ Sent 334376 bytes to aggregator-001 (0.35ms)
Session completed with aggregator-001
[2025-12-10 08:01:33] Meter 219: Generated 5.719 kWh (encrypted: 334323 bytes, 4.547 ms)
[2025-12-10 08:01:53] Meter 219: Generated 1.656 kWh (encrypted: 334244 bytes, 4.625 ms)
[2025-12-10 08:02:13] Meter 219: Generated 4.021 kWh (encrypted: 334271 bytes, 6.519 ms)
[2025-12-10 08:02:33] NETWORK INFO: Server authentication successful for node: aggregator-001
✓ Aggregator connected: aggregator-001 from 127.0.0.1
✓ Sent 334271 bytes to aggregator-001 (0.39ms)
Session completed with aggregator-001
[2025-12-10 08:02:33] Meter 219: Generated 3.011 kWh (encrypted: 334369 bytes, 5.033 ms)
[2025-12-10 08:02:54] Meter 219: Generated 7.343 kWh (encrypted: 334401 bytes, 5.050 ms)
[2025-12-10 08:03:14] Meter 219: Generated 3.699 kWh (encrypted: 334493 bytes, 4.377 ms)
[2025-12-10 08:03:34] Meter 219: Generated 4.228 kWh (encrypted: 334502 bytes, 4.478 ms)
[2025-12-10 08:03:36] NETWORK INFO: Server authentication successful for node: aggregator-001
✓ Aggregator connected: aggregator-001 from 127.0.0.1
✓ Sent 334502 bytes to aggregator-001 (0.36ms)
Session completed with aggregator-001
[2025-12-10 08:03:54] Meter 219: Generated 2.434 kWh (encrypted: 334392 bytes, 4.779 ms)
[2025-12-10 08:04:14] Meter 219: Generated 6.830 kWh (encrypted: 334458 bytes, 4.609 ms)
[2025-12-10 08:04:34] Meter 219: Generated 5.453 kWh (encrypted: 334144 bytes, 4.316 ms)
[2025-12-10 08:04:39] NETWORK INFO: Server authentication successful for node: aggregator-001
✓ Aggregator connected: aggregator-001 from 127.0.0.1
✓ Sent 334144 bytes to aggregator-001 (0.35ms)
Session completed with aggregator-001
[2025-12-10 08:04:54] Meter 219: Generated 3.707 kWh (encrypted: 334377 bytes, 4.357 ms)
[2025-12-10 08:05:14] Meter 219: Generated 7.166 kWh (encrypted: 334109 bytes, 4.489 ms)
[2025-12-10 08:05:34] Meter 219: Generated 0.930 kWh (encrypted: 334410 bytes, 4.637 ms)
[2025-12-10 08:05:44] NETWORK INFO: Server authentication successful for node: aggregator-001
✓ Aggregator connected: aggregator-001 from 127.0.0.1
✓ Sent 334410 bytes to aggregator-001 (33.43ms)
Session completed with aggregator-001
[2025-12-10 08:05:54] Meter 219: Generated 1.225 kWh (encrypted: 334320 bytes, 4.952 ms)
[2025-12-10 08:06:14] Meter 219: Generated 2.689 kWh (encrypted: 334087 bytes, 7.277 ms)
[2025-12-10 08:06:34] Meter 219: Generated 1.061 kWh (encrypted: 334151 bytes, 7.062 ms)
[2025-12-10 08:06:50] NETWORK INFO: Server authentication successful for node: aggregator-001
✓ Aggregator connected: aggregator-001 from 127.0.0.1
✓ Sent 334151 bytes to aggregator-001 (4.00ms)
Session completed with aggregator-001
[2025-12-10 08:06:54] Meter 219: Generated 5.787 kWh (encrypted: 334152 bytes, 7.819 ms)
[2025-12-10 08:07:14] Meter 219: Generated 4.864 kWh (encrypted: 334163 bytes, 6.410 ms)
[2025-12-10 08:07:34] Meter 219: Generated 1.999 kWh (encrypted: 334366 bytes, 4.320 ms)
[2025-12-10 08:07:54] Meter 219: Generated 7.102 kWh (encrypted: 334402 bytes, 4.329 ms)
[2025-12-10 08:07:56] NETWORK INFO: Server authentication successful for node: aggregator-001
✓ Aggregator connected: aggregator-001 from 127.0.0.1
✓ Sent 334402 bytes to aggregator-001 (0.36ms)
Session completed with aggregator-001
[2025-12-10 08:08:14] Meter 219: Generated 6.555 kWh (encrypted: 334020 bytes, 4.913 ms)
[2025-12-10 08:08:34] Meter 219: Generated 3.040 kWh (encrypted: 334267 bytes, 6.767 ms)
[2025-12-10 08:08:54] Meter 219: Generated 5.708 kWh (encrypted: 334392 bytes, 4.408 ms)
[2025-12-10 08:09:01] NETWORK INFO: Server authentication successful for node: aggregator-001
✓ Aggregator connected: aggregator-001 from 127.0.0.1
✓ Sent 334392 bytes to aggregator-001 (2.26ms)
Session completed with aggregator-001
[2025-12-10 08:09:14] Meter 219: Generated 1.705 kWh (encrypted: 334169 bytes, 6.847 ms)
[2025-12-10 08:09:34] Meter 219: Generated 4.097 kWh (encrypted: 334125 bytes, 4.478 ms)
[2025-12-10 08:09:54] Meter 219: Generated 2.937 kWh (encrypted: 334421 bytes, 6.592 ms)
[2025-12-10 08:10:06] NETWORK INFO: Server authentication successful for node: aggregator-001
✓ Aggregator connected: aggregator-001 from 127.0.0.1
✓ Sent 334421 bytes to aggregator-001 (0.37ms)
Session completed with aggregator-001
[2025-12-10 08:10:14] Meter 219: Generated 2.910 kWh (encrypted: 334230 bytes, 6.217 ms)
[2025-12-10 08:10:34] Meter 219: Generated 6.301 kWh (encrypted: 334429 bytes, 6.514 ms)
[2025-12-10 08:10:54] Meter 219: Generated 1.459 kWh (encrypted: 334135 bytes, 6.441 ms)
[2025-12-10 08:11:12] NETWORK INFO: Server authentication successful for node: aggregator-001
✓ Aggregator connected: aggregator-001 from 127.0.0.1
✓ Sent 334135 bytes to aggregator-001 (0.37ms)
Session completed with aggregator-001
[2025-12-10 08:11:14] Meter 219: Generated 5.010 kWh (encrypted: 334401 bytes, 7.437 ms)
[2025-12-10 08:11:34] Meter 219: Generated 3.498 kWh (encrypted: 334425 bytes, 4.488 ms)
[2025-12-10 08:11:54] Meter 219: Generated 0.953 kWh (encrypted: 333496 bytes, 7.124 ms)
[2025-12-10 08:12:14] Meter 219: Generated 5.178 kWh (encrypted: 334242 bytes, 7.810 ms)
[2025-12-10 08:12:17] NETWORK INFO: Server authentication successful for node: aggregator-001
✓ Aggregator connected: aggregator-001 from 127.0.0.1
✓ Sent 334242 bytes to aggregator-001 (0.35ms)
Session completed with aggregator-001
[2025-12-10 08:12:34] Meter 219: Generated 0.888 kWh (encrypted: 334370 bytes, 15.433 ms)

Received shutdown signal. Gracefully shutting down smart meter...
Network server thread stopped
Data generation thread stopped
Smart meter 219 shutdown complete
