=== Continuous Smart Meter Server 438 ===
Initializing for continuous operation...
SEAL context initialized
Loaded certificate: smart-meter-438
Requesting public keys from KDC...
[2025-12-10 08:04:07] NETWORK ERROR: Failed to connect to 127.0.0.1:8444: Connection refused
Error: Failed to connect to KDC at 127.0.0.1:8444
Error: Failed to send key request to KDC
Failed to obtain keys from KDC, falling back to file keys
Loaded keys from fallback files
Cryptographic components initialized
[2025-12-10 08:04:07] NETWORK INFO: Server socket created and listening on port 9438
✓ Smart meter server ready on port 9438
Data transmission interval: 20 seconds (15x accelerated - simulates 5min)
✓ Performance metrics CSV files initialized in performance_data/
Starting continuous smart meter operation...
Press Ctrl+C to stop gracefully
Data generation thread started
Network server thread started on port 9438
[2025-12-10 08:04:27] Meter 438: Generated 5.094 kWh (encrypted: 334368 bytes, 4.958 ms)
[2025-12-10 08:04:39] NETWORK INFO: Server authentication successful for node: aggregator-001
✓ Aggregator connected: aggregator-001 from 127.0.0.1
✓ Sent 334368 bytes to aggregator-001 (0.69ms)
Session completed with aggregator-001
[2025-12-10 08:04:47] Meter 438: Generated 2.751 kWh (encrypted: 334429 bytes, 5.651 ms)
[2025-12-10 08:05:07] Meter 438: Generated 5.104 kWh (encrypted: 334287 bytes, 4.330 ms)
[2025-12-10 08:05:27] Meter 438: Generated 2.681 kWh (encrypted: 334433 bytes, 4.541 ms)
[2025-12-10 08:05:44] NETWORK INFO: Server authentication successful for node: aggregator-001
✓ Aggregator connected: aggregator-001 from 127.0.0.1
✓ Sent 334433 bytes to aggregator-001 (0.35ms)
Session completed with aggregator-001
[2025-12-10 08:05:47] Meter 438: Generated 0.746 kWh (encrypted: 334214 bytes, 4.814 ms)
[2025-12-10 08:06:07] Meter 438: Generated 4.448 kWh (encrypted: 334112 bytes, 4.729 ms)
[2025-12-10 08:06:27] Meter 438: Generated 4.456 kWh (encrypted: 334471 bytes, 4.687 ms)
[2025-12-10 08:06:47] Meter 438: Generated 3.782 kWh (encrypted: 333979 bytes, 6.031 ms)
[2025-12-10 08:06:50] NETWORK INFO: Server authentication successful for node: aggregator-001
✓ Aggregator connected: aggregator-001 from 127.0.0.1
✓ Sent 333979 bytes to aggregator-001 (0.35ms)
Session completed with aggregator-001
[2025-12-10 08:07:07] Meter 438: Generated 3.296 kWh (encrypted: 334447 bytes, 5.287 ms)
[2025-12-10 08:07:27] Meter 438: Generated 4.015 kWh (encrypted: 334101 bytes, 12.240 ms)
[2025-12-10 08:07:47] Meter 438: Generated 6.176 kWh (encrypted: 334366 bytes, 7.703 ms)
[2025-12-10 08:07:56] NETWORK INFO: Server authentication successful for node: aggregator-001
✓ Aggregator connected: aggregator-001 from 127.0.0.1
✓ Sent 334366 bytes to aggregator-001 (1.29ms)
Session completed with aggregator-001
[2025-12-10 08:08:07] Meter 438: Generated 2.114 kWh (encrypted: 334139 bytes, 6.099 ms)
[2025-12-10 08:08:27] Meter 438: Generated 1.251 kWh (encrypted: 334439 bytes, 5.170 ms)
[2025-12-10 08:08:47] Meter 438: Generated 3.769 kWh (encrypted: 334337 bytes, 5.899 ms)
[2025-12-10 08:09:01] NETWORK INFO: Server authentication successful for node: aggregator-001
✓ Aggregator connected: aggregator-001 from 127.0.0.1
✓ Sent 334337 bytes to aggregator-001 (2.87ms)
Session completed with aggregator-001
[2025-12-10 08:09:07] Meter 438: Generated 3.280 kWh (encrypted: 334431 bytes, 11.512 ms)
[2025-12-10 08:09:27] Meter 438: Generated 5.620 kWh (encrypted: 334236 bytes, 6.360 ms)
[2025-12-10 08:09:47] Meter 438: Generated 6.260 kWh (encrypted: 334191 bytes, 4.610 ms)
[2025-12-10 08:10:06] NETWORK INFO: Server authentication successful for node: aggregator-001
✓ Aggregator connected: aggregator-001 from 127.0.0.1
✓ Sent 334191 bytes to aggregator-001 (0.41ms)
Session completed with aggregator-001
[2025-12-10 08:10:07] Meter 438: Generated 2.686 kWh (encrypted: 334183 bytes, 5.147 ms)
[2025-12-10 08:10:27] Meter 438: Generated 6.902 kWh (encrypted: 334344 bytes, 6.461 ms)
[2025-12-10 08:10:47] Meter 438: Generated 6.133 kWh (encrypted: 334089 bytes, 7.483 ms)
[2025-12-10 08:11:07] Meter 438: Generated 7.482 kWh (encrypted: 334262 bytes, 7.733 ms)
[2025-12-10 08:11:12] NETWORK INFO: Server authentication successful for node: aggregator-001
✓ Aggregator connected: aggregator-001 from 127.0.0.1
✓ Sent 334262 bytes to aggregator-001 (1.04ms)
Session completed with aggregator-001
[2025-12-10 08:11:27] Meter 438: Generated 6.108 kWh (encrypted: 334408 bytes, 7.185 ms)
[2025-12-10 08:11:47] Meter 438: Generated 6.476 kWh (encrypted: 334343 bytes, 7.399 ms)
[2025-12-10 08:12:07] Meter 438: Generated 1.968 kWh (encrypted: 334374 bytes, 4.780 ms)
[2025-12-10 08:12:17] NETWORK INFO: Server authentication successful for node: aggregator-001
✓ Aggregator connected: aggregator-001 from 127.0.0.1
✓ Sent 334374 bytes to aggregator-001 (0.38ms)
Session completed with aggregator-001
[2025-12-10 08:12:27] Meter 438: Generated 5.073 kWh (encrypted: 333548 bytes, 4.647 ms)

Received shutdown signal. Gracefully shutting down smart meter...
Network server thread stopped
Data generation thread stopped
Smart meter 438 shutdown complete
