=== Continuous Smart Meter Server 48 ===
Initializing for continuous operation...
SEAL context initialized
Loaded certificate: smart-meter-048
Requesting public keys from KDC...
[2025-12-10 07:56:04] NETWORK ERROR: Failed to connect to 127.0.0.1:8444: Connection refused
Error: Failed to connect to KDC at 127.0.0.1:8444
Error: Failed to send key request to KDC
Failed to obtain keys from KDC, falling back to file keys
Loaded keys from fallback files
Cryptographic components initialized
[2025-12-10 07:56:04] NETWORK INFO: Server socket created and listening on port 9048
✓ Smart meter server ready on port 9048
Data transmission interval: 20 seconds (15x accelerated - simulates 5min)
✓ Performance metrics CSV files initialized in performance_data/
Starting continuous smart meter operation...
Press Ctrl+C to stop gracefully
Data generation thread started
Network server thread started on port 9048
[2025-12-10 07:56:05] NETWORK INFO: Server authentication successful for node: aggregator-001
✓ Aggregator connected: aggregator-001 from 127.0.0.1
[2025-12-10 07:56:24] Meter 48: Generated 1.900 kWh (encrypted: 334084 bytes, 4.829 ms)
✓ Sent 334084 bytes to aggregator-001 (0.82ms)
Session completed with aggregator-001
[2025-12-10 07:56:44] Meter 48: Generated 5.773 kWh (encrypted: 334355 bytes, 4.344 ms)
[2025-12-10 07:57:04] Meter 48: Generated 6.820 kWh (encrypted: 334349 bytes, 4.463 ms)
[2025-12-10 07:57:15] NETWORK INFO: Server authentication successful for node: aggregator-001
✓ Aggregator connected: aggregator-001 from 127.0.0.1
✓ Sent 334349 bytes to aggregator-001 (0.39ms)
Session completed with aggregator-001
[2025-12-10 07:57:24] Meter 48: Generated 2.600 kWh (encrypted: 334455 bytes, 5.629 ms)
[2025-12-10 07:57:44] Meter 48: Generated 5.711 kWh (encrypted: 334200 bytes, 4.444 ms)
[2025-12-10 07:58:04] Meter 48: Generated 6.917 kWh (encrypted: 334490 bytes, 4.526 ms)
[2025-12-10 07:58:24] Meter 48: Generated 5.044 kWh (encrypted: 334216 bytes, 4.688 ms)
[2025-12-10 07:58:25] NETWORK INFO: Server authentication successful for node: aggregator-001
✓ Aggregator connected: aggregator-001 from 127.0.0.1
✓ Sent 334216 bytes to aggregator-001 (0.38ms)
Session completed with aggregator-001
[2025-12-10 07:58:44] Meter 48: Generated 6.941 kWh (encrypted: 334394 bytes, 4.631 ms)
[2025-12-10 07:59:04] Meter 48: Generated 6.127 kWh (encrypted: 334509 bytes, 4.654 ms)
[2025-12-10 07:59:24] Meter 48: Generated 3.930 kWh (encrypted: 334325 bytes, 4.749 ms)
[2025-12-10 07:59:26] NETWORK INFO: Server authentication successful for node: aggregator-001
✓ Aggregator connected: aggregator-001 from 127.0.0.1
✓ Sent 334325 bytes to aggregator-001 (0.38ms)
Session completed with aggregator-001
[2025-12-10 07:59:44] Meter 48: Generated 3.063 kWh (encrypted: 334147 bytes, 4.480 ms)
[2025-12-10 08:00:04] Meter 48: Generated 4.302 kWh (encrypted: 334479 bytes, 4.859 ms)
[2025-12-10 08:00:24] Meter 48: Generated 4.586 kWh (encrypted: 334056 bytes, 4.615 ms)
[2025-12-10 08:00:28] NETWORK INFO: Server authentication successful for node: aggregator-001
✓ Aggregator connected: aggregator-001 from 127.0.0.1
✓ Sent 334056 bytes to aggregator-001 (0.39ms)
Session completed with aggregator-001
[2025-12-10 08:00:44] Meter 48: Generated 1.154 kWh (encrypted: 334315 bytes, 4.787 ms)
[2025-12-10 08:01:04] Meter 48: Generated 1.074 kWh (encrypted: 333453 bytes, 4.491 ms)
[2025-12-10 08:01:24] Meter 48: Generated 6.010 kWh (encrypted: 334369 bytes, 4.710 ms)
[2025-12-10 08:01:31] NETWORK INFO: Server authentication successful for node: aggregator-001
✓ Aggregator connected: aggregator-001 from 127.0.0.1
✓ Sent 334369 bytes to aggregator-001 (0.36ms)
Session completed with aggregator-001
[2025-12-10 08:01:44] Meter 48: Generated 6.427 kWh (encrypted: 334435 bytes, 4.549 ms)
[2025-12-10 08:02:04] Meter 48: Generated 0.773 kWh (encrypted: 334458 bytes, 5.402 ms)
[2025-12-10 08:02:24] Meter 48: Generated 7.607 kWh (encrypted: 334137 bytes, 5.999 ms)
[2025-12-10 08:02:33] NETWORK INFO: Server authentication successful for node: aggregator-001
✓ Aggregator connected: aggregator-001 from 127.0.0.1
✓ Sent 334137 bytes to aggregator-001 (0.36ms)
Session completed with aggregator-001
[2025-12-10 08:02:44] Meter 48: Generated 1.697 kWh (encrypted: 334153 bytes, 5.425 ms)
[2025-12-10 08:03:04] Meter 48: Generated 2.485 kWh (encrypted: 334400 bytes, 6.018 ms)
[2025-12-10 08:03:25] Meter 48: Generated 3.417 kWh (encrypted: 334081 bytes, 4.977 ms)
[2025-12-10 08:03:36] NETWORK INFO: Server authentication successful for node: aggregator-001
✓ Aggregator connected: aggregator-001 from 127.0.0.1
✓ Sent 334081 bytes to aggregator-001 (6.03ms)
Session completed with aggregator-001
[2025-12-10 08:03:45] Meter 48: Generated 1.149 kWh (encrypted: 334052 bytes, 6.439 ms)
[2025-12-10 08:04:05] Meter 48: Generated 2.621 kWh (encrypted: 334474 bytes, 6.277 ms)
[2025-12-10 08:04:25] Meter 48: Generated 6.617 kWh (encrypted: 334287 bytes, 6.972 ms)
[2025-12-10 08:04:39] NETWORK INFO: Server authentication successful for node: aggregator-001
✓ Aggregator connected: aggregator-001 from 127.0.0.1
✓ Sent 334287 bytes to aggregator-001 (0.71ms)
Session completed with aggregator-001
[2025-12-10 08:04:45] Meter 48: Generated 2.926 kWh (encrypted: 334167 bytes, 4.505 ms)
[2025-12-10 08:05:05] Meter 48: Generated 2.978 kWh (encrypted: 334368 bytes, 5.015 ms)
[2025-12-10 08:05:25] Meter 48: Generated 5.799 kWh (encrypted: 334350 bytes, 4.819 ms)
[2025-12-10 08:05:44] NETWORK INFO: Server authentication successful for node: aggregator-001
✓ Aggregator connected: aggregator-001 from 127.0.0.1
✓ Sent 334350 bytes to aggregator-001 (0.34ms)
Session completed with aggregator-001
[2025-12-10 08:05:45] Meter 48: Generated 7.479 kWh (encrypted: 334237 bytes, 4.833 ms)
[2025-12-10 08:06:05] Meter 48: Generated 1.797 kWh (encrypted: 334175 bytes, 6.756 ms)
[2025-12-10 08:06:25] Meter 48: Generated 3.284 kWh (encrypted: 334249 bytes, 6.438 ms)
[2025-12-10 08:06:45] Meter 48: Generated 1.391 kWh (encrypted: 334441 bytes, 4.360 ms)
[2025-12-10 08:06:50] NETWORK INFO: Server authentication successful for node: aggregator-001
✓ Aggregator connected: aggregator-001 from 127.0.0.1
✓ Sent 334441 bytes to aggregator-001 (1.40ms)
Session completed with aggregator-001
[2025-12-10 08:07:05] Meter 48: Generated 3.029 kWh (encrypted: 334257 bytes, 6.458 ms)
[2025-12-10 08:07:25] Meter 48: Generated 2.068 kWh (encrypted: 333955 bytes, 4.923 ms)
[2025-12-10 08:07:45] Meter 48: Generated 6.154 kWh (encrypted: 334261 bytes, 5.959 ms)
[2025-12-10 08:07:56] NETWORK INFO: Server authentication successful for node: aggregator-001
✓ Aggregator connected: aggregator-001 from 127.0.0.1
✓ Sent 334261 bytes to aggregator-001 (2.25ms)
Session completed with aggregator-001
[2025-12-10 08:08:05] Meter 48: Generated 6.088 kWh (encrypted: 334465 bytes, 7.136 ms)
[2025-12-10 08:08:25] Meter 48: Generated 5.524 kWh (encrypted: 334225 bytes, 13.577 ms)
[2025-12-10 08:08:45] Meter 48: Generated 0.926 kWh (encrypted: 334493 bytes, 4.567 ms)
[2025-12-10 08:09:01] NETWORK INFO: Server authentication successful for node: aggregator-001
✓ Aggregator connected: aggregator-001 from 127.0.0.1
✓ Sent 334493 bytes to aggregator-001 (0.38ms)
Session completed with aggregator-001
[2025-12-10 08:09:05] Meter 48: Generated 1.424 kWh (encrypted: 334097 bytes, 5.026 ms)
[2025-12-10 08:09:25] Meter 48: Generated 7.276 kWh (encrypted: 334303 bytes, 6.571 ms)
[2025-12-10 08:09:45] Meter 48: Generated 1.507 kWh (encrypted: 334427 bytes, 4.851 ms)
[2025-12-10 08:10:05] Meter 48: Generated 1.037 kWh (encrypted: 334473 bytes, 16.427 ms)
[2025-12-10 08:10:06] NETWORK INFO: Server authentication successful for node: aggregator-001
✓ Aggregator connected: aggregator-001 from 127.0.0.1
✓ Sent 334473 bytes to aggregator-001 (23.21ms)
Session completed with aggregator-001
[2025-12-10 08:10:25] Meter 48: Generated 4.910 kWh (encrypted: 333913 bytes, 10.831 ms)
[2025-12-10 08:10:45] Meter 48: Generated 5.052 kWh (encrypted: 334485 bytes, 4.425 ms)
[2025-12-10 08:11:05] Meter 48: Generated 7.481 kWh (encrypted: 334161 bytes, 6.556 ms)
[2025-12-10 08:11:12] NETWORK INFO: Server authentication successful for node: aggregator-001
✓ Aggregator connected: aggregator-001 from 127.0.0.1
✓ Sent 334161 bytes to aggregator-001 (0.36ms)
Session completed with aggregator-001
[2025-12-10 08:11:25] Meter 48: Generated 3.444 kWh (encrypted: 333863 bytes, 4.897 ms)
[2025-12-10 08:11:45] Meter 48: Generated 1.989 kWh (encrypted: 334251 bytes, 10.612 ms)
[2025-12-10 08:12:05] Meter 48: Generated 6.303 kWh (encrypted: 334352 bytes, 6.718 ms)
[2025-12-10 08:12:17] NETWORK INFO: Server authentication successful for node: aggregator-001
✓ Aggregator connected: aggregator-001 from 127.0.0.1
✓ Sent 334352 bytes to aggregator-001 (7.96ms)
Session completed with aggregator-001
[2025-12-10 08:12:25] Meter 48: Generated 5.998 kWh (encrypted: 334382 bytes, 4.348 ms)

Received shutdown signal. Gracefully shutting down smart meter...
Network server thread stopped
Data generation thread stopped
Smart meter 48 shutdown complete
