=== Continuous Smart Meter Server 357 ===
Initializing for continuous operation...
SEAL context initialized
Loaded certificate: smart-meter-357
Requesting public keys from KDC...
[2025-12-10 08:02:25] NETWORK ERROR: Failed to connect to 127.0.0.1:8444: Connection refused
Error: Failed to connect to KDC at 127.0.0.1:8444
Error: Failed to send key request to KDC
Failed to obtain keys from KDC, falling back to file keys
Loaded keys from fallback files
Cryptographic components initialized
[2025-12-10 08:02:25] NETWORK INFO: Server socket created and listening on port 9357
✓ Smart meter server ready on port 9357
Data transmission interval: 20 seconds (15x accelerated - simulates 5min)
✓ Performance metrics CSV files initialized in performance_data/
Starting continuous smart meter operation...
Press Ctrl+C to stop gracefully
Data generation thread started
Network server thread started on port 9357
[2025-12-10 08:02:33] NETWORK INFO: Server authentication successful for node: aggregator-001
✓ Aggregator connected: aggregator-001 from 127.0.0.1
[2025-12-10 08:02:45] Meter 357: Generated 5.566 kWh (encrypted: 334211 bytes, 10.144 ms)
✓ Sent 334211 bytes to aggregator-001 (0.80ms)
Session completed with aggregator-001
[2025-12-10 08:03:05] Meter 357: Generated 2.839 kWh (encrypted: 334019 bytes, 6.944 ms)
[2025-12-10 08:03:25] Meter 357: Generated 6.596 kWh (encrypted: 334255 bytes, 6.088 ms)
[2025-12-10 08:03:36] NETWORK INFO: Server authentication successful for node: aggregator-001
✓ Aggregator connected: aggregator-001 from 127.0.0.1
✓ Sent 334255 bytes to aggregator-001 (0.43ms)
Session completed with aggregator-001
[2025-12-10 08:03:45] Meter 357: Generated 1.505 kWh (encrypted: 333259 bytes, 6.978 ms)
[2025-12-10 08:04:05] Meter 357: Generated 0.900 kWh (encrypted: 334308 bytes, 7.146 ms)
[2025-12-10 08:04:25] Meter 357: Generated 1.041 kWh (encrypted: 333872 bytes, 13.895 ms)
[2025-12-10 08:04:39] NETWORK INFO: Server authentication successful for node: aggregator-001
✓ Aggregator connected: aggregator-001 from 127.0.0.1
✓ Sent 333872 bytes to aggregator-001 (8.05ms)
Session completed with aggregator-001
[2025-12-10 08:04:45] Meter 357: Generated 3.215 kWh (encrypted: 334534 bytes, 7.211 ms)
[2025-12-10 08:05:05] Meter 357: Generated 5.359 kWh (encrypted: 334141 bytes, 5.950 ms)
[2025-12-10 08:05:25] Meter 357: Generated 1.132 kWh (encrypted: 334407 bytes, 5.004 ms)
[2025-12-10 08:05:44] NETWORK INFO: Server authentication successful for node: aggregator-001
✓ Aggregator connected: aggregator-001 from 127.0.0.1
✓ Sent 334407 bytes to aggregator-001 (0.40ms)
Session completed with aggregator-001
[2025-12-10 08:05:45] Meter 357: Generated 3.870 kWh (encrypted: 334333 bytes, 6.649 ms)
[2025-12-10 08:06:05] Meter 357: Generated 1.765 kWh (encrypted: 333755 bytes, 6.460 ms)
[2025-12-10 08:06:25] Meter 357: Generated 3.947 kWh (encrypted: 334397 bytes, 5.694 ms)
[2025-12-10 08:06:45] Meter 357: Generated 5.570 kWh (encrypted: 334207 bytes, 5.075 ms)
[2025-12-10 08:06:50] NETWORK INFO: Server authentication successful for node: aggregator-001
✓ Aggregator connected: aggregator-001 from 127.0.0.1
✓ Sent 334207 bytes to aggregator-001 (0.38ms)
Session completed with aggregator-001
[2025-12-10 08:07:05] Meter 357: Generated 1.015 kWh (encrypted: 334302 bytes, 5.168 ms)
[2025-12-10 08:07:25] Meter 357: Generated 7.433 kWh (encrypted: 334399 bytes, 5.210 ms)
[2025-12-10 08:07:45] Meter 357: Generated 2.938 kWh (encrypted: 334491 bytes, 4.357 ms)
[2025-12-10 08:07:56] NETWORK INFO: Server authentication successful for node: aggregator-001
✓ Aggregator connected: aggregator-001 from 127.0.0.1
✓ Sent 334491 bytes to aggregator-001 (1.47ms)
Session completed with aggregator-001
[2025-12-10 08:08:05] Meter 357: Generated 1.788 kWh (encrypted: 334305 bytes, 8.724 ms)
[2025-12-10 08:08:25] Meter 357: Generated 5.613 kWh (encrypted: 334427 bytes, 4.961 ms)
[2025-12-10 08:08:45] Meter 357: Generated 4.749 kWh (encrypted: 334350 bytes, 4.631 ms)
[2025-12-10 08:09:01] NETWORK INFO: Server authentication successful for node: aggregator-001
✓ Aggregator connected: aggregator-001 from 127.0.0.1
✓ Sent 334350 bytes to aggregator-001 (0.36ms)
Session completed with aggregator-001
[2025-12-10 08:09:05] Meter 357: Generated 2.618 kWh (encrypted: 334272 bytes, 6.477 ms)
[2025-12-10 08:09:25] Meter 357: Generated 1.761 kWh (encrypted: 334384 bytes, 17.624 ms)
[2025-12-10 08:09:45] Meter 357: Generated 3.805 kWh (encrypted: 334366 bytes, 4.721 ms)
[2025-12-10 08:10:05] Meter 357: Generated 3.507 kWh (encrypted: 334103 bytes, 7.267 ms)
[2025-12-10 08:10:06] NETWORK INFO: Server authentication successful for node: aggregator-001
✓ Aggregator connected: aggregator-001 from 127.0.0.1
✓ Sent 334103 bytes to aggregator-001 (0.36ms)
Session completed with aggregator-001
[2025-12-10 08:10:25] Meter 357: Generated 4.107 kWh (encrypted: 334299 bytes, 4.875 ms)
[2025-12-10 08:10:45] Meter 357: Generated 4.839 kWh (encrypted: 334446 bytes, 4.704 ms)
[2025-12-10 08:11:05] Meter 357: Generated 4.918 kWh (encrypted: 334113 bytes, 5.689 ms)
[2025-12-10 08:11:12] NETWORK INFO: Server authentication successful for node: aggregator-001
✓ Aggregator connected: aggregator-001 from 127.0.0.1
✓ Sent 334113 bytes to aggregator-001 (0.36ms)
Session completed with aggregator-001
[2025-12-10 08:11:25] Meter 357: Generated 2.498 kWh (encrypted: 334295 bytes, 6.446 ms)
[2025-12-10 08:11:45] Meter 357: Generated 4.358 kWh (encrypted: 334422 bytes, 10.820 ms)
[2025-12-10 08:12:05] Meter 357: Generated 1.826 kWh (encrypted: 334022 bytes, 7.572 ms)
[2025-12-10 08:12:17] NETWORK INFO: Server authentication successful for node: aggregator-001
✓ Aggregator connected: aggregator-001 from 127.0.0.1
✓ Sent 334022 bytes to aggregator-001 (0.30ms)
Session completed with aggregator-001
[2025-12-10 08:12:25] Meter 357: Generated 1.413 kWh (encrypted: 334244 bytes, 9.220 ms)

Received shutdown signal. Gracefully shutting down smart meter...
Network server thread stopped
Data generation thread stopped
Smart meter 357 shutdown complete
