=== Continuous Smart Meter Server 95 ===
Initializing for continuous operation...
SEAL context initialized
Loaded certificate: smart-meter-095
Requesting public keys from KDC...
[2025-12-10 07:57:01] NETWORK ERROR: Failed to connect to 127.0.0.1:8444: Connection refused
Error: Failed to connect to KDC at 127.0.0.1:8444
Error: Failed to send key request to KDC
Failed to obtain keys from KDC, falling back to file keys
Loaded keys from fallback files
Cryptographic components initialized
[2025-12-10 07:57:01] NETWORK INFO: Server socket created and listening on port 9095
✓ Smart meter server ready on port 9095
Data transmission interval: 20 seconds (15x accelerated - simulates 5min)
✓ Performance metrics CSV files initialized in performance_data/
Starting continuous smart meter operation...
Press Ctrl+C to stop gracefully
Data generation thread started
Network server thread started on port 9095
[2025-12-10 07:57:15] NETWORK INFO: Server authentication successful for node: aggregator-001
✓ Aggregator connected: aggregator-001 from 127.0.0.1
[2025-12-10 07:57:21] Meter 95: Generated 5.420 kWh (encrypted: 334467 bytes, 4.886 ms)
✓ Sent 334467 bytes to aggregator-001 (0.70ms)
Session completed with aggregator-001
[2025-12-10 07:57:41] Meter 95: Generated 6.102 kWh (encrypted: 334266 bytes, 4.299 ms)
[2025-12-10 07:58:01] Meter 95: Generated 4.588 kWh (encrypted: 334434 bytes, 4.475 ms)
[2025-12-10 07:58:21] Meter 95: Generated 3.384 kWh (encrypted: 334282 bytes, 4.599 ms)
[2025-12-10 07:58:25] NETWORK INFO: Server authentication successful for node: aggregator-001
✓ Aggregator connected: aggregator-001 from 127.0.0.1
✓ Sent 334282 bytes to aggregator-001 (3.27ms)
Session completed with aggregator-001
[2025-12-10 07:58:41] Meter 95: Generated 5.214 kWh (encrypted: 334415 bytes, 4.459 ms)
[2025-12-10 07:59:02] Meter 95: Generated 6.711 kWh (encrypted: 334399 bytes, 4.617 ms)
[2025-12-10 07:59:22] Meter 95: Generated 1.826 kWh (encrypted: 334219 bytes, 4.858 ms)
[2025-12-10 07:59:26] NETWORK INFO: Server authentication successful for node: aggregator-001
✓ Aggregator connected: aggregator-001 from 127.0.0.1
✓ Sent 334219 bytes to aggregator-001 (0.38ms)
Session completed with aggregator-001
[2025-12-10 07:59:42] Meter 95: Generated 6.658 kWh (encrypted: 334438 bytes, 5.484 ms)
[2025-12-10 08:00:02] Meter 95: Generated 2.391 kWh (encrypted: 334469 bytes, 4.709 ms)
[2025-12-10 08:00:22] Meter 95: Generated 4.958 kWh (encrypted: 334302 bytes, 4.825 ms)
[2025-12-10 08:00:28] NETWORK INFO: Server authentication successful for node: aggregator-001
✓ Aggregator connected: aggregator-001 from 127.0.0.1
✓ Sent 334302 bytes to aggregator-001 (0.41ms)
Session completed with aggregator-001
[2025-12-10 08:00:42] Meter 95: Generated 7.303 kWh (encrypted: 334494 bytes, 4.961 ms)
[2025-12-10 08:01:02] Meter 95: Generated 6.933 kWh (encrypted: 334469 bytes, 4.619 ms)
[2025-12-10 08:01:22] Meter 95: Generated 7.173 kWh (encrypted: 333934 bytes, 4.554 ms)
[2025-12-10 08:01:31] NETWORK INFO: Server authentication successful for node: aggregator-001
✓ Aggregator connected: aggregator-001 from 127.0.0.1
✓ Sent 333934 bytes to aggregator-001 (0.36ms)
Session completed with aggregator-001
[2025-12-10 08:01:42] Meter 95: Generated 6.123 kWh (encrypted: 334248 bytes, 5.500 ms)
[2025-12-10 08:02:02] Meter 95: Generated 6.386 kWh (encrypted: 334524 bytes, 5.283 ms)
[2025-12-10 08:02:22] Meter 95: Generated 3.163 kWh (encrypted: 334434 bytes, 4.582 ms)
[2025-12-10 08:02:33] NETWORK INFO: Server authentication successful for node: aggregator-001
✓ Aggregator connected: aggregator-001 from 127.0.0.1
✓ Sent 334434 bytes to aggregator-001 (9.60ms)
Session completed with aggregator-001
[2025-12-10 08:02:42] Meter 95: Generated 7.147 kWh (encrypted: 334086 bytes, 4.885 ms)
[2025-12-10 08:03:02] Meter 95: Generated 4.049 kWh (encrypted: 334231 bytes, 5.155 ms)
[2025-12-10 08:03:22] Meter 95: Generated 0.826 kWh (encrypted: 334101 bytes, 4.330 ms)
[2025-12-10 08:03:36] NETWORK INFO: Server authentication successful for node: aggregator-001
✓ Aggregator connected: aggregator-001 from 127.0.0.1
✓ Sent 334101 bytes to aggregator-001 (0.43ms)
Session completed with aggregator-001
[2025-12-10 08:03:42] Meter 95: Generated 4.437 kWh (encrypted: 334356 bytes, 6.876 ms)
[2025-12-10 08:04:02] Meter 95: Generated 4.818 kWh (encrypted: 334443 bytes, 4.596 ms)
[2025-12-10 08:04:22] Meter 95: Generated 5.610 kWh (encrypted: 334171 bytes, 4.758 ms)
[2025-12-10 08:04:39] NETWORK INFO: Server authentication successful for node: aggregator-001
✓ Aggregator connected: aggregator-001 from 127.0.0.1
✓ Sent 334171 bytes to aggregator-001 (0.39ms)
Session completed with aggregator-001
[2025-12-10 08:04:42] Meter 95: Generated 1.932 kWh (encrypted: 333899 bytes, 4.978 ms)
[2025-12-10 08:05:02] Meter 95: Generated 6.925 kWh (encrypted: 334284 bytes, 4.686 ms)
[2025-12-10 08:05:22] Meter 95: Generated 2.452 kWh (encrypted: 334194 bytes, 4.354 ms)
[2025-12-10 08:05:42] Meter 95: Generated 1.961 kWh (encrypted: 334409 bytes, 4.381 ms)
[2025-12-10 08:05:44] NETWORK INFO: Server authentication successful for node: aggregator-001
✓ Aggregator connected: aggregator-001 from 127.0.0.1
✓ Sent 334409 bytes to aggregator-001 (0.38ms)
Session completed with aggregator-001
[2025-12-10 08:06:02] Meter 95: Generated 6.316 kWh (encrypted: 334418 bytes, 4.610 ms)
[2025-12-10 08:06:22] Meter 95: Generated 3.766 kWh (encrypted: 334463 bytes, 6.512 ms)
[2025-12-10 08:06:42] Meter 95: Generated 7.232 kWh (encrypted: 334411 bytes, 4.743 ms)
[2025-12-10 08:06:50] NETWORK INFO: Server authentication successful for node: aggregator-001
✓ Aggregator connected: aggregator-001 from 127.0.0.1
✓ Sent 334411 bytes to aggregator-001 (0.36ms)
Session completed with aggregator-001
[2025-12-10 08:07:02] Meter 95: Generated 7.440 kWh (encrypted: 334315 bytes, 4.660 ms)
[2025-12-10 08:07:22] Meter 95: Generated 6.240 kWh (encrypted: 334125 bytes, 5.622 ms)
[2025-12-10 08:07:42] Meter 95: Generated 1.278 kWh (encrypted: 334095 bytes, 4.285 ms)
[2025-12-10 08:07:56] NETWORK INFO: Server authentication successful for node: aggregator-001
✓ Aggregator connected: aggregator-001 from 127.0.0.1
✓ Sent 334095 bytes to aggregator-001 (0.38ms)
Session completed with aggregator-001
[2025-12-10 08:08:02] Meter 95: Generated 0.930 kWh (encrypted: 334422 bytes, 4.606 ms)
[2025-12-10 08:08:22] Meter 95: Generated 2.022 kWh (encrypted: 334171 bytes, 6.484 ms)
[2025-12-10 08:08:42] Meter 95: Generated 5.489 kWh (encrypted: 334292 bytes, 4.494 ms)
[2025-12-10 08:09:01] NETWORK INFO: Server authentication successful for node: aggregator-001
✓ Aggregator connected: aggregator-001 from 127.0.0.1
✓ Sent 334292 bytes to aggregator-001 (0.36ms)
Session completed with aggregator-001
[2025-12-10 08:09:02] Meter 95: Generated 4.681 kWh (encrypted: 334467 bytes, 5.216 ms)
[2025-12-10 08:09:22] Meter 95: Generated 4.094 kWh (encrypted: 334258 bytes, 4.488 ms)
[2025-12-10 08:09:42] Meter 95: Generated 5.141 kWh (encrypted: 334361 bytes, 8.590 ms)
[2025-12-10 08:10:02] Meter 95: Generated 7.202 kWh (encrypted: 333486 bytes, 4.483 ms)
[2025-12-10 08:10:06] NETWORK INFO: Server authentication successful for node: aggregator-001
✓ Aggregator connected: aggregator-001 from 127.0.0.1
✓ Sent 333486 bytes to aggregator-001 (0.38ms)
Session completed with aggregator-001
[2025-12-10 08:10:22] Meter 95: Generated 2.614 kWh (encrypted: 334458 bytes, 18.040 ms)
[2025-12-10 08:10:42] Meter 95: Generated 5.726 kWh (encrypted: 334180 bytes, 4.661 ms)
[2025-12-10 08:11:02] Meter 95: Generated 6.650 kWh (encrypted: 334191 bytes, 6.397 ms)
[2025-12-10 08:11:12] NETWORK INFO: Server authentication successful for node: aggregator-001
✓ Aggregator connected: aggregator-001 from 127.0.0.1
✓ Sent 334191 bytes to aggregator-001 (0.34ms)
Session completed with aggregator-001
[2025-12-10 08:11:22] Meter 95: Generated 4.675 kWh (encrypted: 334385 bytes, 6.533 ms)
[2025-12-10 08:11:42] Meter 95: Generated 4.458 kWh (encrypted: 334383 bytes, 4.571 ms)
[2025-12-10 08:12:02] Meter 95: Generated 4.629 kWh (encrypted: 334310 bytes, 4.314 ms)
[2025-12-10 08:12:17] NETWORK INFO: Server authentication successful for node: aggregator-001
✓ Aggregator connected: aggregator-001 from 127.0.0.1
✓ Sent 334310 bytes to aggregator-001 (10.45ms)
Session completed with aggregator-001
[2025-12-10 08:12:22] Meter 95: Generated 6.359 kWh (encrypted: 334426 bytes, 6.164 ms)

Received shutdown signal. Gracefully shutting down smart meter...
Network server thread stopped
Data generation thread stopped
Smart meter 95 shutdown complete
