=== Continuous Smart Meter Server 415 ===
Initializing for continuous operation...
SEAL context initialized
Loaded certificate: smart-meter-415
Requesting public keys from KDC...
[2025-12-10 08:03:38] NETWORK ERROR: Failed to connect to 127.0.0.1:8444: Connection refused
Error: Failed to connect to KDC at 127.0.0.1:8444
Error: Failed to send key request to KDC
Failed to obtain keys from KDC, falling back to file keys
Loaded keys from fallback files
Cryptographic components initialized
[2025-12-10 08:03:38] NETWORK INFO: Server socket created and listening on port 9415
✓ Smart meter server ready on port 9415
Data transmission interval: 20 seconds (15x accelerated - simulates 5min)
✓ Performance metrics CSV files initialized in performance_data/
Starting continuous smart meter operation...
Press Ctrl+C to stop gracefully
Data generation thread started
Network server thread started on port 9415
[2025-12-10 08:03:58] Meter 415: Generated 1.442 kWh (encrypted: 334365 bytes, 5.271 ms)
[2025-12-10 08:04:18] Meter 415: Generated 4.754 kWh (encrypted: 334363 bytes, 4.552 ms)
[2025-12-10 08:04:38] Meter 415: Generated 6.501 kWh (encrypted: 334428 bytes, 4.944 ms)
[2025-12-10 08:04:39] NETWORK INFO: Server authentication successful for node: aggregator-001
✓ Aggregator connected: aggregator-001 from 127.0.0.1
✓ Sent 334428 bytes to aggregator-001 (5.37ms)
Session completed with aggregator-001
[2025-12-10 08:04:58] Meter 415: Generated 3.927 kWh (encrypted: 334495 bytes, 4.853 ms)
[2025-12-10 08:05:18] Meter 415: Generated 5.180 kWh (encrypted: 334186 bytes, 4.597 ms)
[2025-12-10 08:05:38] Meter 415: Generated 3.982 kWh (encrypted: 334469 bytes, 4.452 ms)
[2025-12-10 08:05:44] NETWORK INFO: Server authentication successful for node: aggregator-001
✓ Aggregator connected: aggregator-001 from 127.0.0.1
✓ Sent 334469 bytes to aggregator-001 (0.38ms)
Session completed with aggregator-001
[2025-12-10 08:05:58] Meter 415: Generated 5.596 kWh (encrypted: 334364 bytes, 4.450 ms)
[2025-12-10 08:06:18] Meter 415: Generated 4.863 kWh (encrypted: 334259 bytes, 7.167 ms)
[2025-12-10 08:06:38] Meter 415: Generated 1.834 kWh (encrypted: 334264 bytes, 4.976 ms)
[2025-12-10 08:06:50] NETWORK INFO: Server authentication successful for node: aggregator-001
✓ Aggregator connected: aggregator-001 from 127.0.0.1
✓ Sent 334264 bytes to aggregator-001 (2.51ms)
Session completed with aggregator-001
[2025-12-10 08:06:58] Meter 415: Generated 7.192 kWh (encrypted: 334331 bytes, 4.684 ms)
[2025-12-10 08:07:18] Meter 415: Generated 3.112 kWh (encrypted: 334225 bytes, 5.676 ms)
[2025-12-10 08:07:38] Meter 415: Generated 5.273 kWh (encrypted: 333838 bytes, 6.368 ms)
[2025-12-10 08:07:56] NETWORK INFO: Server authentication successful for node: aggregator-001
✓ Aggregator connected: aggregator-001 from 127.0.0.1
✓ Sent 333838 bytes to aggregator-001 (6.38ms)
Session completed with aggregator-001
[2025-12-10 08:07:58] Meter 415: Generated 5.750 kWh (encrypted: 334290 bytes, 4.869 ms)
[2025-12-10 08:08:18] Meter 415: Generated 4.404 kWh (encrypted: 334362 bytes, 6.523 ms)
[2025-12-10 08:08:38] Meter 415: Generated 2.369 kWh (encrypted: 333549 bytes, 4.558 ms)
[2025-12-10 08:08:58] Meter 415: Generated 7.327 kWh (encrypted: 334340 bytes, 5.632 ms)
[2025-12-10 08:09:01] NETWORK INFO: Server authentication successful for node: aggregator-001
✓ Aggregator connected: aggregator-001 from 127.0.0.1
✓ Sent 334340 bytes to aggregator-001 (1.01ms)
Session completed with aggregator-001
[2025-12-10 08:09:18] Meter 415: Generated 0.986 kWh (encrypted: 334338 bytes, 4.639 ms)
[2025-12-10 08:09:38] Meter 415: Generated 3.689 kWh (encrypted: 334228 bytes, 4.604 ms)
[2025-12-10 08:09:58] Meter 415: Generated 4.356 kWh (encrypted: 334371 bytes, 6.564 ms)
[2025-12-10 08:10:06] NETWORK INFO: Server authentication successful for node: aggregator-001
✓ Aggregator connected: aggregator-001 from 127.0.0.1
✓ Sent 334371 bytes to aggregator-001 (0.34ms)
Session completed with aggregator-001
[2025-12-10 08:10:18] Meter 415: Generated 3.203 kWh (encrypted: 333998 bytes, 6.499 ms)
[2025-12-10 08:10:38] Meter 415: Generated 6.386 kWh (encrypted: 334264 bytes, 4.758 ms)
[2025-12-10 08:10:58] Meter 415: Generated 6.480 kWh (encrypted: 334358 bytes, 6.206 ms)
[2025-12-10 08:11:12] NETWORK INFO: Server authentication successful for node: aggregator-001
✓ Aggregator connected: aggregator-001 from 127.0.0.1
✓ Sent 334358 bytes to aggregator-001 (0.36ms)
Session completed with aggregator-001
[2025-12-10 08:11:18] Meter 415: Generated 7.361 kWh (encrypted: 334172 bytes, 6.552 ms)
[2025-12-10 08:11:38] Meter 415: Generated 6.916 kWh (encrypted: 334118 bytes, 6.364 ms)
[2025-12-10 08:11:58] Meter 415: Generated 6.189 kWh (encrypted: 334282 bytes, 4.697 ms)
[2025-12-10 08:12:17] NETWORK INFO: Server authentication successful for node: aggregator-001
✓ Aggregator connected: aggregator-001 from 127.0.0.1
✓ Sent 334282 bytes to aggregator-001 (0.38ms)
Session completed with aggregator-001
[2025-12-10 08:12:18] Meter 415: Generated 1.912 kWh (encrypted: 334289 bytes, 4.678 ms)

Received shutdown signal. Gracefully shutting down smart meter...
Network server thread stopped
Data generation thread stopped
Smart meter 415 shutdown complete
