=== Continuous Smart Meter Server 184 ===
Initializing for continuous operation...
SEAL context initialized
Loaded certificate: smart-meter-184
Requesting public keys from KDC...
[2025-12-10 07:58:50] NETWORK ERROR: Failed to connect to 127.0.0.1:8444: Connection refused
Error: Failed to connect to KDC at 127.0.0.1:8444
Error: Failed to send key request to KDC
Failed to obtain keys from KDC, falling back to file keys
Loaded keys from fallback files
Cryptographic components initialized
[2025-12-10 07:58:50] NETWORK INFO: Server socket created and listening on port 9184
✓ Smart meter server ready on port 9184
Data transmission interval: 20 seconds (15x accelerated - simulates 5min)
✓ Performance metrics CSV files initialized in performance_data/
Starting continuous smart meter operation...
Press Ctrl+C to stop gracefully
Data generation thread started
Network server thread started on port 9184
[2025-12-10 07:59:10] Meter 184: Generated 0.990 kWh (encrypted: 334385 bytes, 5.136 ms)
[2025-12-10 07:59:26] NETWORK INFO: Server authentication successful for node: aggregator-001
✓ Aggregator connected: aggregator-001 from 127.0.0.1
✓ Sent 334385 bytes to aggregator-001 (15.70ms)
Session completed with aggregator-001
[2025-12-10 07:59:30] Meter 184: Generated 1.297 kWh (encrypted: 334111 bytes, 4.540 ms)
[2025-12-10 07:59:50] Meter 184: Generated 3.490 kWh (encrypted: 334307 bytes, 4.491 ms)
[2025-12-10 08:00:10] Meter 184: Generated 6.383 kWh (encrypted: 334356 bytes, 4.778 ms)
[2025-12-10 08:00:28] NETWORK INFO: Server authentication successful for node: aggregator-001
✓ Aggregator connected: aggregator-001 from 127.0.0.1
✓ Sent 334356 bytes to aggregator-001 (0.36ms)
Session completed with aggregator-001
[2025-12-10 08:00:30] Meter 184: Generated 1.032 kWh (encrypted: 334205 bytes, 4.765 ms)
[2025-12-10 08:00:50] Meter 184: Generated 3.094 kWh (encrypted: 334404 bytes, 4.578 ms)
[2025-12-10 08:01:10] Meter 184: Generated 2.038 kWh (encrypted: 334451 bytes, 4.559 ms)
[2025-12-10 08:01:30] Meter 184: Generated 3.126 kWh (encrypted: 334232 bytes, 6.542 ms)
[2025-12-10 08:01:31] NETWORK INFO: Server authentication successful for node: aggregator-001
✓ Aggregator connected: aggregator-001 from 127.0.0.1
✓ Sent 334232 bytes to aggregator-001 (0.35ms)
Session completed with aggregator-001
[2025-12-10 08:01:50] Meter 184: Generated 2.470 kWh (encrypted: 334080 bytes, 4.981 ms)
[2025-12-10 08:02:10] Meter 184: Generated 2.439 kWh (encrypted: 334238 bytes, 4.620 ms)
[2025-12-10 08:02:30] Meter 184: Generated 5.224 kWh (encrypted: 334396 bytes, 6.604 ms)
[2025-12-10 08:02:33] NETWORK INFO: Server authentication successful for node: aggregator-001
✓ Aggregator connected: aggregator-001 from 127.0.0.1
✓ Sent 334396 bytes to aggregator-001 (0.40ms)
Session completed with aggregator-001
[2025-12-10 08:02:50] Meter 184: Generated 3.567 kWh (encrypted: 334280 bytes, 6.100 ms)
[2025-12-10 08:03:11] Meter 184: Generated 2.825 kWh (encrypted: 333865 bytes, 4.842 ms)
[2025-12-10 08:03:31] Meter 184: Generated 1.059 kWh (encrypted: 334314 bytes, 5.993 ms)
[2025-12-10 08:03:36] NETWORK INFO: Server authentication successful for node: aggregator-001
✓ Aggregator connected: aggregator-001 from 127.0.0.1
✓ Sent 334314 bytes to aggregator-001 (3.31ms)
Session completed with aggregator-001
[2025-12-10 08:03:51] Meter 184: Generated 6.884 kWh (encrypted: 334294 bytes, 6.538 ms)
[2025-12-10 08:04:11] Meter 184: Generated 3.376 kWh (encrypted: 334418 bytes, 5.757 ms)
[2025-12-10 08:04:31] Meter 184: Generated 2.123 kWh (encrypted: 334277 bytes, 4.731 ms)
[2025-12-10 08:04:39] NETWORK INFO: Server authentication successful for node: aggregator-001
✓ Aggregator connected: aggregator-001 from 127.0.0.1
✓ Sent 334277 bytes to aggregator-001 (0.39ms)
Session completed with aggregator-001
[2025-12-10 08:04:51] Meter 184: Generated 7.117 kWh (encrypted: 334037 bytes, 4.489 ms)
[2025-12-10 08:05:11] Meter 184: Generated 2.170 kWh (encrypted: 334205 bytes, 4.320 ms)
[2025-12-10 08:05:31] Meter 184: Generated 5.229 kWh (encrypted: 334313 bytes, 4.339 ms)
[2025-12-10 08:05:44] NETWORK INFO: Server authentication successful for node: aggregator-001
✓ Aggregator connected: aggregator-001 from 127.0.0.1
✓ Sent 334313 bytes to aggregator-001 (25.53ms)
Session completed with aggregator-001
[2025-12-10 08:05:51] Meter 184: Generated 3.113 kWh (encrypted: 334160 bytes, 6.629 ms)
[2025-12-10 08:06:11] Meter 184: Generated 3.446 kWh (encrypted: 334491 bytes, 5.018 ms)
[2025-12-10 08:06:31] Meter 184: Generated 3.810 kWh (encrypted: 334163 bytes, 4.479 ms)
[2025-12-10 08:06:50] NETWORK INFO: Server authentication successful for node: aggregator-001
✓ Aggregator connected: aggregator-001 from 127.0.0.1
✓ Sent 334163 bytes to aggregator-001 (6.01ms)
Session completed with aggregator-001
[2025-12-10 08:06:51] Meter 184: Generated 6.723 kWh (encrypted: 334480 bytes, 12.229 ms)
[2025-12-10 08:07:11] Meter 184: Generated 7.082 kWh (encrypted: 334103 bytes, 6.495 ms)
[2025-12-10 08:07:31] Meter 184: Generated 3.029 kWh (encrypted: 334456 bytes, 4.533 ms)
[2025-12-10 08:07:51] Meter 184: Generated 0.878 kWh (encrypted: 334326 bytes, 5.274 ms)
[2025-12-10 08:07:55] NETWORK INFO: Server authentication successful for node: aggregator-001
✓ Aggregator connected: aggregator-001 from 127.0.0.1
✓ Sent 334326 bytes to aggregator-001 (0.37ms)
Session completed with aggregator-001
[2025-12-10 08:08:11] Meter 184: Generated 4.282 kWh (encrypted: 333313 bytes, 10.117 ms)
[2025-12-10 08:08:31] Meter 184: Generated 1.305 kWh (encrypted: 334250 bytes, 5.813 ms)
[2025-12-10 08:08:51] Meter 184: Generated 2.590 kWh (encrypted: 334390 bytes, 4.728 ms)
[2025-12-10 08:09:01] NETWORK INFO: Server authentication successful for node: aggregator-001
✓ Aggregator connected: aggregator-001 from 127.0.0.1
✓ Sent 334390 bytes to aggregator-001 (21.34ms)
Session completed with aggregator-001
[2025-12-10 08:09:11] Meter 184: Generated 5.263 kWh (encrypted: 334234 bytes, 6.667 ms)
[2025-12-10 08:09:31] Meter 184: Generated 4.245 kWh (encrypted: 334312 bytes, 8.558 ms)
[2025-12-10 08:09:51] Meter 184: Generated 7.423 kWh (encrypted: 334300 bytes, 4.318 ms)
[2025-12-10 08:10:06] NETWORK INFO: Server authentication successful for node: aggregator-001
✓ Aggregator connected: aggregator-001 from 127.0.0.1
✓ Sent 334300 bytes to aggregator-001 (0.39ms)
Session completed with aggregator-001
[2025-12-10 08:10:11] Meter 184: Generated 4.949 kWh (encrypted: 334421 bytes, 6.349 ms)
[2025-12-10 08:10:31] Meter 184: Generated 3.989 kWh (encrypted: 334285 bytes, 4.587 ms)
[2025-12-10 08:10:51] Meter 184: Generated 3.172 kWh (encrypted: 334208 bytes, 4.804 ms)
[2025-12-10 08:11:11] Meter 184: Generated 2.856 kWh (encrypted: 334109 bytes, 5.154 ms)
[2025-12-10 08:11:12] NETWORK INFO: Server authentication successful for node: aggregator-001
✓ Aggregator connected: aggregator-001 from 127.0.0.1
✓ Sent 334109 bytes to aggregator-001 (0.41ms)
Session completed with aggregator-001
[2025-12-10 08:11:31] Meter 184: Generated 6.807 kWh (encrypted: 334441 bytes, 6.310 ms)
[2025-12-10 08:11:51] Meter 184: Generated 1.552 kWh (encrypted: 334412 bytes, 4.362 ms)
[2025-12-10 08:12:11] Meter 184: Generated 7.006 kWh (encrypted: 334308 bytes, 6.518 ms)
[2025-12-10 08:12:17] NETWORK INFO: Server authentication successful for node: aggregator-001
✓ Aggregator connected: aggregator-001 from 127.0.0.1
✓ Sent 334308 bytes to aggregator-001 (0.34ms)
Session completed with aggregator-001
[2025-12-10 08:12:31] Meter 184: Generated 3.593 kWh (encrypted: 334387 bytes, 5.296 ms)

Received shutdown signal. Gracefully shutting down smart meter...
Network server thread stopped
Data generation thread stopped
Smart meter 184 shutdown complete
