=== Continuous Smart Meter Server 31 ===
Initializing for continuous operation...
SEAL context initialized
Loaded certificate: smart-meter-031
Requesting public keys from KDC...
[2025-12-10 07:55:44] NETWORK ERROR: Failed to connect to 127.0.0.1:8444: Connection refused
Error: Failed to connect to KDC at 127.0.0.1:8444
Error: Failed to send key request to KDC
Failed to obtain keys from KDC, falling back to file keys
Loaded keys from fallback files
Cryptographic components initialized
[2025-12-10 07:55:44] NETWORK INFO: Server socket created and listening on port 9031
✓ Smart meter server ready on port 9031
Data transmission interval: 20 seconds (15x accelerated - simulates 5min)
✓ Performance metrics CSV files initialized in performance_data/
Starting continuous smart meter operation...
Press Ctrl+C to stop gracefully
Data generation thread started
Network server thread started on port 9031
[2025-12-10 07:56:04] Meter 31: Generated 3.548 kWh (encrypted: 334026 bytes, 4.867 ms)
[2025-12-10 07:56:05] NETWORK INFO: Server authentication successful for node: aggregator-001
✓ Aggregator connected: aggregator-001 from 127.0.0.1
✓ Sent 334026 bytes to aggregator-001 (0.70ms)
Session completed with aggregator-001
[2025-12-10 07:56:24] Meter 31: Generated 3.631 kWh (encrypted: 334184 bytes, 5.263 ms)
[2025-12-10 07:56:44] Meter 31: Generated 1.480 kWh (encrypted: 334078 bytes, 4.729 ms)
[2025-12-10 07:57:04] Meter 31: Generated 0.926 kWh (encrypted: 334400 bytes, 4.873 ms)
[2025-12-10 07:57:15] NETWORK INFO: Server authentication successful for node: aggregator-001
✓ Aggregator connected: aggregator-001 from 127.0.0.1
✓ Sent 334400 bytes to aggregator-001 (11.78ms)
Session completed with aggregator-001
[2025-12-10 07:57:24] Meter 31: Generated 4.814 kWh (encrypted: 334190 bytes, 4.910 ms)
[2025-12-10 07:57:44] Meter 31: Generated 4.370 kWh (encrypted: 334405 bytes, 6.251 ms)
[2025-12-10 07:58:04] Meter 31: Generated 3.774 kWh (encrypted: 334323 bytes, 4.355 ms)
[2025-12-10 07:58:24] Meter 31: Generated 3.574 kWh (encrypted: 334454 bytes, 4.829 ms)
[2025-12-10 07:58:25] NETWORK INFO: Server authentication successful for node: aggregator-001
✓ Aggregator connected: aggregator-001 from 127.0.0.1
✓ Sent 334454 bytes to aggregator-001 (0.45ms)
Session completed with aggregator-001
[2025-12-10 07:58:44] Meter 31: Generated 3.149 kWh (encrypted: 334168 bytes, 7.238 ms)
[2025-12-10 07:59:04] Meter 31: Generated 3.011 kWh (encrypted: 334337 bytes, 5.019 ms)
[2025-12-10 07:59:24] Meter 31: Generated 3.591 kWh (encrypted: 334375 bytes, 4.444 ms)
[2025-12-10 07:59:26] NETWORK INFO: Server authentication successful for node: aggregator-001
✓ Aggregator connected: aggregator-001 from 127.0.0.1
✓ Sent 334375 bytes to aggregator-001 (0.37ms)
Session completed with aggregator-001
[2025-12-10 07:59:44] Meter 31: Generated 6.700 kWh (encrypted: 334101 bytes, 4.441 ms)
[2025-12-10 08:00:04] Meter 31: Generated 4.897 kWh (encrypted: 334501 bytes, 4.713 ms)
[2025-12-10 08:00:24] Meter 31: Generated 3.590 kWh (encrypted: 334120 bytes, 4.862 ms)
[2025-12-10 08:00:28] NETWORK INFO: Server authentication successful for node: aggregator-001
✓ Aggregator connected: aggregator-001 from 127.0.0.1
✓ Sent 334120 bytes to aggregator-001 (0.44ms)
Session completed with aggregator-001
[2025-12-10 08:00:44] Meter 31: Generated 5.567 kWh (encrypted: 334408 bytes, 4.606 ms)
[2025-12-10 08:01:04] Meter 31: Generated 5.429 kWh (encrypted: 334332 bytes, 4.948 ms)
[2025-12-10 08:01:24] Meter 31: Generated 6.383 kWh (encrypted: 334429 bytes, 4.699 ms)
[2025-12-10 08:01:31] NETWORK INFO: Server authentication successful for node: aggregator-001
✓ Aggregator connected: aggregator-001 from 127.0.0.1
✓ Sent 334429 bytes to aggregator-001 (15.14ms)
Session completed with aggregator-001
[2025-12-10 08:01:44] Meter 31: Generated 2.646 kWh (encrypted: 334391 bytes, 4.745 ms)
[2025-12-10 08:02:04] Meter 31: Generated 3.746 kWh (encrypted: 334249 bytes, 4.769 ms)
[2025-12-10 08:02:24] Meter 31: Generated 4.063 kWh (encrypted: 334485 bytes, 4.612 ms)
[2025-12-10 08:02:33] NETWORK INFO: Server authentication successful for node: aggregator-001
✓ Aggregator connected: aggregator-001 from 127.0.0.1
✓ Sent 334485 bytes to aggregator-001 (0.35ms)
Session completed with aggregator-001
[2025-12-10 08:02:44] Meter 31: Generated 4.767 kWh (encrypted: 333998 bytes, 4.602 ms)
[2025-12-10 08:03:04] Meter 31: Generated 2.939 kWh (encrypted: 334362 bytes, 4.950 ms)
[2025-12-10 08:03:24] Meter 31: Generated 1.084 kWh (encrypted: 334413 bytes, 4.493 ms)
[2025-12-10 08:03:36] NETWORK INFO: Server authentication successful for node: aggregator-001
✓ Aggregator connected: aggregator-001 from 127.0.0.1
✓ Sent 334413 bytes to aggregator-001 (0.39ms)
Session completed with aggregator-001
[2025-12-10 08:03:44] Meter 31: Generated 5.898 kWh (encrypted: 334500 bytes, 4.664 ms)
[2025-12-10 08:04:04] Meter 31: Generated 3.422 kWh (encrypted: 334265 bytes, 5.540 ms)
[2025-12-10 08:04:24] Meter 31: Generated 6.898 kWh (encrypted: 334397 bytes, 4.444 ms)
[2025-12-10 08:04:39] NETWORK INFO: Server authentication successful for node: aggregator-001
✓ Aggregator connected: aggregator-001 from 127.0.0.1
✓ Sent 334397 bytes to aggregator-001 (0.37ms)
Session completed with aggregator-001
[2025-12-10 08:04:44] Meter 31: Generated 6.300 kWh (encrypted: 334260 bytes, 4.561 ms)
[2025-12-10 08:05:04] Meter 31: Generated 2.626 kWh (encrypted: 334337 bytes, 4.557 ms)
[2025-12-10 08:05:24] Meter 31: Generated 6.855 kWh (encrypted: 334411 bytes, 5.320 ms)
[2025-12-10 08:05:44] Meter 31: Generated 1.432 kWh (encrypted: 334120 bytes, 4.531 ms)
[2025-12-10 08:05:44] NETWORK INFO: Server authentication successful for node: aggregator-001
✓ Aggregator connected: aggregator-001 from 127.0.0.1
✓ Sent 334120 bytes to aggregator-001 (0.35ms)
Session completed with aggregator-001
[2025-12-10 08:06:04] Meter 31: Generated 1.647 kWh (encrypted: 334323 bytes, 4.396 ms)
[2025-12-10 08:06:24] Meter 31: Generated 2.392 kWh (encrypted: 334429 bytes, 5.422 ms)
[2025-12-10 08:06:44] Meter 31: Generated 5.481 kWh (encrypted: 333731 bytes, 4.862 ms)
[2025-12-10 08:06:50] NETWORK INFO: Server authentication successful for node: aggregator-001
✓ Aggregator connected: aggregator-001 from 127.0.0.1
✓ Sent 333731 bytes to aggregator-001 (0.38ms)
Session completed with aggregator-001
[2025-12-10 08:07:04] Meter 31: Generated 3.852 kWh (encrypted: 334021 bytes, 6.843 ms)
[2025-12-10 08:07:24] Meter 31: Generated 1.304 kWh (encrypted: 334329 bytes, 6.287 ms)
[2025-12-10 08:07:44] Meter 31: Generated 1.296 kWh (encrypted: 334127 bytes, 5.147 ms)
[2025-12-10 08:07:55] NETWORK INFO: Server authentication successful for node: aggregator-001
✓ Aggregator connected: aggregator-001 from 127.0.0.1
✓ Sent 334127 bytes to aggregator-001 (0.39ms)
Session completed with aggregator-001
[2025-12-10 08:08:04] Meter 31: Generated 1.822 kWh (encrypted: 334400 bytes, 4.596 ms)
[2025-12-10 08:08:24] Meter 31: Generated 5.516 kWh (encrypted: 334416 bytes, 6.238 ms)
[2025-12-10 08:08:44] Meter 31: Generated 2.853 kWh (encrypted: 333311 bytes, 4.384 ms)
[2025-12-10 08:09:01] NETWORK INFO: Server authentication successful for node: aggregator-001
✓ Aggregator connected: aggregator-001 from 127.0.0.1
✓ Sent 333311 bytes to aggregator-001 (0.37ms)
Session completed with aggregator-001
[2025-12-10 08:09:04] Meter 31: Generated 7.036 kWh (encrypted: 334479 bytes, 6.240 ms)
[2025-12-10 08:09:24] Meter 31: Generated 4.157 kWh (encrypted: 334092 bytes, 6.807 ms)
[2025-12-10 08:09:44] Meter 31: Generated 4.578 kWh (encrypted: 334435 bytes, 6.165 ms)
[2025-12-10 08:10:04] Meter 31: Generated 7.059 kWh (encrypted: 334339 bytes, 6.476 ms)
[2025-12-10 08:10:06] NETWORK INFO: Server authentication successful for node: aggregator-001
✓ Aggregator connected: aggregator-001 from 127.0.0.1
✓ Sent 334339 bytes to aggregator-001 (0.37ms)
Session completed with aggregator-001
[2025-12-10 08:10:24] Meter 31: Generated 3.897 kWh (encrypted: 334013 bytes, 4.950 ms)
[2025-12-10 08:10:44] Meter 31: Generated 3.623 kWh (encrypted: 334133 bytes, 4.678 ms)
[2025-12-10 08:11:04] Meter 31: Generated 2.683 kWh (encrypted: 334094 bytes, 9.635 ms)
[2025-12-10 08:11:12] NETWORK INFO: Server authentication successful for node: aggregator-001
✓ Aggregator connected: aggregator-001 from 127.0.0.1
✓ Sent 334094 bytes to aggregator-001 (9.82ms)
Session completed with aggregator-001
[2025-12-10 08:11:24] Meter 31: Generated 1.473 kWh (encrypted: 333968 bytes, 6.241 ms)
[2025-12-10 08:11:44] Meter 31: Generated 7.072 kWh (encrypted: 334296 bytes, 4.777 ms)
[2025-12-10 08:12:04] Meter 31: Generated 1.888 kWh (encrypted: 334215 bytes, 22.856 ms)
[2025-12-10 08:12:17] NETWORK INFO: Server authentication successful for node: aggregator-001
✓ Aggregator connected: aggregator-001 from 127.0.0.1
✓ Sent 334215 bytes to aggregator-001 (0.36ms)
Session completed with aggregator-001
[2025-12-10 08:12:24] Meter 31: Generated 1.350 kWh (encrypted: 334424 bytes, 4.931 ms)

Received shutdown signal. Gracefully shutting down smart meter...
Network server thread stopped

Received shutdown signal. Gracefully shutting down smart meter...
Data generation thread stopped
Smart meter 31 shutdown complete
