=== Continuous Smart Meter Server 173 ===
Initializing for continuous operation...
SEAL context initialized
Loaded certificate: smart-meter-173
Requesting public keys from KDC...
[2025-12-10 07:58:37] NETWORK ERROR: Failed to connect to 127.0.0.1:8444: Connection refused
Error: Failed to connect to KDC at 127.0.0.1:8444
Error: Failed to send key request to KDC
Failed to obtain keys from KDC, falling back to file keys
Loaded keys from fallback files
Cryptographic components initialized
[2025-12-10 07:58:37] NETWORK INFO: Server socket created and listening on port 9173
✓ Smart meter server ready on port 9173
Data transmission interval: 20 seconds (15x accelerated - simulates 5min)
✓ Performance metrics CSV files initialized in performance_data/
Starting continuous smart meter operation...
Press Ctrl+C to stop gracefully
Data generation thread started
Network server thread started on port 9173
[2025-12-10 07:58:57] Meter 173: Generated 6.425 kWh (encrypted: 334487 bytes, 5.622 ms)
[2025-12-10 07:59:17] Meter 173: Generated 6.356 kWh (encrypted: 334407 bytes, 4.504 ms)
[2025-12-10 07:59:26] NETWORK INFO: Server authentication successful for node: aggregator-001
✓ Aggregator connected: aggregator-001 from 127.0.0.1
✓ Sent 334407 bytes to aggregator-001 (15.80ms)
Session completed with aggregator-001
[2025-12-10 07:59:37] Meter 173: Generated 2.446 kWh (encrypted: 334312 bytes, 4.590 ms)
[2025-12-10 07:59:57] Meter 173: Generated 6.930 kWh (encrypted: 334449 bytes, 4.506 ms)
[2025-12-10 08:00:17] Meter 173: Generated 1.573 kWh (encrypted: 334068 bytes, 4.720 ms)
[2025-12-10 08:00:28] NETWORK INFO: Server authentication successful for node: aggregator-001
✓ Aggregator connected: aggregator-001 from 127.0.0.1
✓ Sent 334068 bytes to aggregator-001 (0.36ms)
Session completed with aggregator-001
[2025-12-10 08:00:37] Meter 173: Generated 3.040 kWh (encrypted: 334272 bytes, 8.580 ms)
[2025-12-10 08:00:57] Meter 173: Generated 5.808 kWh (encrypted: 334272 bytes, 4.493 ms)
[2025-12-10 08:01:17] Meter 173: Generated 2.981 kWh (encrypted: 334182 bytes, 4.604 ms)
[2025-12-10 08:01:31] NETWORK INFO: Server authentication successful for node: aggregator-001
✓ Aggregator connected: aggregator-001 from 127.0.0.1
✓ Sent 334182 bytes to aggregator-001 (0.39ms)
Session completed with aggregator-001
[2025-12-10 08:01:37] Meter 173: Generated 6.400 kWh (encrypted: 334451 bytes, 4.586 ms)
[2025-12-10 08:01:57] Meter 173: Generated 1.249 kWh (encrypted: 334336 bytes, 5.054 ms)
[2025-12-10 08:02:17] Meter 173: Generated 5.440 kWh (encrypted: 334380 bytes, 4.856 ms)
[2025-12-10 08:02:33] NETWORK INFO: Server authentication successful for node: aggregator-001
✓ Aggregator connected: aggregator-001 from 127.0.0.1
✓ Sent 334380 bytes to aggregator-001 (0.37ms)
Session completed with aggregator-001
[2025-12-10 08:02:37] Meter 173: Generated 6.911 kWh (encrypted: 334392 bytes, 5.141 ms)
[2025-12-10 08:02:57] Meter 173: Generated 3.283 kWh (encrypted: 334373 bytes, 4.439 ms)
[2025-12-10 08:03:17] Meter 173: Generated 6.496 kWh (encrypted: 334121 bytes, 4.985 ms)
[2025-12-10 08:03:36] NETWORK INFO: Server authentication successful for node: aggregator-001
✓ Aggregator connected: aggregator-001 from 127.0.0.1
✓ Sent 334121 bytes to aggregator-001 (0.38ms)
Session completed with aggregator-001
[2025-12-10 08:03:37] Meter 173: Generated 4.952 kWh (encrypted: 334498 bytes, 4.931 ms)
[2025-12-10 08:03:57] Meter 173: Generated 3.830 kWh (encrypted: 334172 bytes, 4.448 ms)
[2025-12-10 08:04:17] Meter 173: Generated 6.902 kWh (encrypted: 334149 bytes, 4.546 ms)
[2025-12-10 08:04:37] Meter 173: Generated 7.062 kWh (encrypted: 334440 bytes, 4.616 ms)
[2025-12-10 08:04:39] NETWORK INFO: Server authentication successful for node: aggregator-001
✓ Aggregator connected: aggregator-001 from 127.0.0.1
✓ Sent 334440 bytes to aggregator-001 (14.67ms)
Session completed with aggregator-001
[2025-12-10 08:04:57] Meter 173: Generated 6.637 kWh (encrypted: 334155 bytes, 4.647 ms)
[2025-12-10 08:05:17] Meter 173: Generated 3.171 kWh (encrypted: 334376 bytes, 4.560 ms)
[2025-12-10 08:05:37] Meter 173: Generated 5.649 kWh (encrypted: 334316 bytes, 4.756 ms)
[2025-12-10 08:05:44] NETWORK INFO: Server authentication successful for node: aggregator-001
✓ Aggregator connected: aggregator-001 from 127.0.0.1
✓ Sent 334316 bytes to aggregator-001 (0.38ms)
Session completed with aggregator-001
[2025-12-10 08:05:57] Meter 173: Generated 0.655 kWh (encrypted: 334331 bytes, 6.499 ms)
[2025-12-10 08:06:17] Meter 173: Generated 5.851 kWh (encrypted: 334411 bytes, 4.675 ms)
[2025-12-10 08:06:37] Meter 173: Generated 3.527 kWh (encrypted: 334403 bytes, 4.686 ms)
[2025-12-10 08:06:50] NETWORK INFO: Server authentication successful for node: aggregator-001
✓ Aggregator connected: aggregator-001 from 127.0.0.1
✓ Sent 334403 bytes to aggregator-001 (0.37ms)
Session completed with aggregator-001
[2025-12-10 08:06:57] Meter 173: Generated 4.576 kWh (encrypted: 334424 bytes, 4.442 ms)
[2025-12-10 08:07:17] Meter 173: Generated 3.133 kWh (encrypted: 334155 bytes, 4.535 ms)
[2025-12-10 08:07:37] Meter 173: Generated 5.054 kWh (encrypted: 334246 bytes, 4.912 ms)
[2025-12-10 08:07:55] NETWORK INFO: Server authentication successful for node: aggregator-001
✓ Aggregator connected: aggregator-001 from 127.0.0.1
✓ Sent 334246 bytes to aggregator-001 (0.38ms)
Session completed with aggregator-001
[2025-12-10 08:07:57] Meter 173: Generated 7.154 kWh (encrypted: 334347 bytes, 6.475 ms)
[2025-12-10 08:08:17] Meter 173: Generated 2.969 kWh (encrypted: 334405 bytes, 4.786 ms)
[2025-12-10 08:08:37] Meter 173: Generated 3.988 kWh (encrypted: 334149 bytes, 5.483 ms)
[2025-12-10 08:08:57] Meter 173: Generated 0.802 kWh (encrypted: 333445 bytes, 5.996 ms)
[2025-12-10 08:09:01] NETWORK INFO: Server authentication successful for node: aggregator-001
✓ Aggregator connected: aggregator-001 from 127.0.0.1
✓ Sent 333445 bytes to aggregator-001 (0.35ms)
Session completed with aggregator-001
[2025-12-10 08:09:17] Meter 173: Generated 7.381 kWh (encrypted: 334319 bytes, 5.624 ms)
[2025-12-10 08:09:37] Meter 173: Generated 0.985 kWh (encrypted: 334235 bytes, 4.647 ms)
[2025-12-10 08:09:57] Meter 173: Generated 4.552 kWh (encrypted: 333838 bytes, 5.199 ms)
[2025-12-10 08:10:06] NETWORK INFO: Server authentication successful for node: aggregator-001
✓ Aggregator connected: aggregator-001 from 127.0.0.1
✓ Sent 333838 bytes to aggregator-001 (67.08ms)
Session completed with aggregator-001
[2025-12-10 08:10:17] Meter 173: Generated 7.413 kWh (encrypted: 334134 bytes, 6.131 ms)
[2025-12-10 08:10:37] Meter 173: Generated 1.868 kWh (encrypted: 334404 bytes, 5.093 ms)
[2025-12-10 08:10:57] Meter 173: Generated 5.875 kWh (encrypted: 334356 bytes, 4.705 ms)
[2025-12-10 08:11:12] NETWORK INFO: Server authentication successful for node: aggregator-001
✓ Aggregator connected: aggregator-001 from 127.0.0.1
✓ Sent 334356 bytes to aggregator-001 (0.39ms)
Session completed with aggregator-001
[2025-12-10 08:11:17] Meter 173: Generated 6.132 kWh (encrypted: 334455 bytes, 7.346 ms)
[2025-12-10 08:11:37] Meter 173: Generated 3.388 kWh (encrypted: 334430 bytes, 6.238 ms)
[2025-12-10 08:11:57] Meter 173: Generated 1.694 kWh (encrypted: 334495 bytes, 4.634 ms)
[2025-12-10 08:12:17] NETWORK INFO: Server authentication successful for node: aggregator-001
✓ Aggregator connected: aggregator-001 from 127.0.0.1
✓ Sent 334495 bytes to aggregator-001 (5.05ms)
Session completed with aggregator-001
[2025-12-10 08:12:17] Meter 173: Generated 3.356 kWh (encrypted: 334408 bytes, 12.420 ms)

Received shutdown signal. Gracefully shutting down smart meter...
Network server thread stopped
Data generation thread stopped
Smart meter 173 shutdown complete
