=== Continuous Smart Meter Server 472 ===
Initializing for continuous operation...
SEAL context initialized
Loaded certificate: smart-meter-472
Requesting public keys from KDC...
[2025-12-10 08:04:49] NETWORK ERROR: Failed to connect to 127.0.0.1:8444: Connection refused
Error: Failed to connect to KDC at 127.0.0.1:8444
Error: Failed to send key request to KDC
Failed to obtain keys from KDC, falling back to file keys
Loaded keys from fallback files
Cryptographic components initialized
[2025-12-10 08:04:49] NETWORK INFO: Server socket created and listening on port 9472
✓ Smart meter server ready on port 9472
Data transmission interval: 20 seconds (15x accelerated - simulates 5min)
✓ Performance metrics CSV files initialized in performance_data/
Starting continuous smart meter operation...
Press Ctrl+C to stop gracefully
Data generation thread started
Network server thread started on port 9472
[2025-12-10 08:05:09] Meter 472: Generated 2.457 kWh (encrypted: 334283 bytes, 7.427 ms)
[2025-12-10 08:05:30] Meter 472: Generated 7.264 kWh (encrypted: 334201 bytes, 5.488 ms)
[2025-12-10 08:05:44] NETWORK INFO: Server authentication successful for node: aggregator-001
✓ Aggregator connected: aggregator-001 from 127.0.0.1
✓ Sent 334201 bytes to aggregator-001 (0.79ms)
Session completed with aggregator-001
[2025-12-10 08:05:50] Meter 472: Generated 5.138 kWh (encrypted: 334398 bytes, 4.736 ms)
[2025-12-10 08:06:10] Meter 472: Generated 1.395 kWh (encrypted: 333625 bytes, 5.113 ms)
[2025-12-10 08:06:30] Meter 472: Generated 2.520 kWh (encrypted: 333334 bytes, 5.245 ms)
[2025-12-10 08:06:50] Meter 472: Generated 6.827 kWh (encrypted: 334318 bytes, 4.311 ms)
[2025-12-10 08:06:50] NETWORK INFO: Server authentication successful for node: aggregator-001
✓ Aggregator connected: aggregator-001 from 127.0.0.1
✓ Sent 334318 bytes to aggregator-001 (2.51ms)
Session completed with aggregator-001
[2025-12-10 08:07:10] Meter 472: Generated 6.771 kWh (encrypted: 334235 bytes, 5.612 ms)
[2025-12-10 08:07:30] Meter 472: Generated 1.210 kWh (encrypted: 334001 bytes, 7.044 ms)
[2025-12-10 08:07:50] Meter 472: Generated 4.149 kWh (encrypted: 334014 bytes, 4.992 ms)
[2025-12-10 08:07:56] NETWORK INFO: Server authentication successful for node: aggregator-001
✓ Aggregator connected: aggregator-001 from 127.0.0.1
✓ Sent 334014 bytes to aggregator-001 (1.53ms)
Session completed with aggregator-001
[2025-12-10 08:08:10] Meter 472: Generated 5.345 kWh (encrypted: 334105 bytes, 4.806 ms)
[2025-12-10 08:08:30] Meter 472: Generated 4.683 kWh (encrypted: 334197 bytes, 6.920 ms)
[2025-12-10 08:08:50] Meter 472: Generated 7.022 kWh (encrypted: 334034 bytes, 6.435 ms)
[2025-12-10 08:09:01] NETWORK INFO: Server authentication successful for node: aggregator-001
✓ Aggregator connected: aggregator-001 from 127.0.0.1
✓ Sent 334034 bytes to aggregator-001 (2.33ms)
Session completed with aggregator-001
[2025-12-10 08:09:10] Meter 472: Generated 3.081 kWh (encrypted: 334262 bytes, 4.840 ms)
[2025-12-10 08:09:30] Meter 472: Generated 6.198 kWh (encrypted: 334442 bytes, 4.558 ms)
[2025-12-10 08:09:50] Meter 472: Generated 5.855 kWh (encrypted: 334215 bytes, 4.922 ms)
[2025-12-10 08:10:06] NETWORK INFO: Server authentication successful for node: aggregator-001
✓ Aggregator connected: aggregator-001 from 127.0.0.1
✓ Sent 334215 bytes to aggregator-001 (13.59ms)
Session completed with aggregator-001
[2025-12-10 08:10:10] Meter 472: Generated 4.728 kWh (encrypted: 334374 bytes, 6.462 ms)
[2025-12-10 08:10:30] Meter 472: Generated 4.044 kWh (encrypted: 334148 bytes, 4.922 ms)
[2025-12-10 08:10:50] Meter 472: Generated 1.618 kWh (encrypted: 334323 bytes, 4.285 ms)
[2025-12-10 08:11:10] Meter 472: Generated 5.846 kWh (encrypted: 334268 bytes, 4.728 ms)
[2025-12-10 08:11:12] NETWORK INFO: Server authentication successful for node: aggregator-001
✓ Aggregator connected: aggregator-001 from 127.0.0.1
✓ Sent 334268 bytes to aggregator-001 (5.66ms)
Session completed with aggregator-001
[2025-12-10 08:11:30] Meter 472: Generated 1.159 kWh (encrypted: 334200 bytes, 7.250 ms)
[2025-12-10 08:11:50] Meter 472: Generated 3.451 kWh (encrypted: 334361 bytes, 5.557 ms)
[2025-12-10 08:12:10] Meter 472: Generated 5.029 kWh (encrypted: 334442 bytes, 4.910 ms)
[2025-12-10 08:12:17] NETWORK INFO: Server authentication successful for node: aggregator-001
✓ Aggregator connected: aggregator-001 from 127.0.0.1
✓ Sent 334442 bytes to aggregator-001 (0.70ms)
Session completed with aggregator-001
[2025-12-10 08:12:30] Meter 472: Generated 6.990 kWh (encrypted: 334360 bytes, 6.931 ms)

Received shutdown signal. Gracefully shutting down smart meter...
Network server thread stopped
Data generation thread stopped
Smart meter 472 shutdown complete
