=== Continuous Smart Meter Server 492 ===
Initializing for continuous operation...
SEAL context initialized
Loaded certificate: smart-meter-492
Requesting public keys from KDC...
[2025-12-10 08:05:15] NETWORK ERROR: Failed to connect to 127.0.0.1:8444: Connection refused
Error: Failed to connect to KDC at 127.0.0.1:8444
Error: Failed to send key request to KDC
Failed to obtain keys from KDC, falling back to file keys
Loaded keys from fallback files
Cryptographic components initialized
[2025-12-10 08:05:15] NETWORK INFO: Server socket created and listening on port 9492
✓ Smart meter server ready on port 9492
Data transmission interval: 20 seconds (15x accelerated - simulates 5min)
✓ Performance metrics CSV files initialized in performance_data/
Starting continuous smart meter operation...
Press Ctrl+C to stop gracefully
Data generation thread started
Network server thread started on port 9492
[2025-12-10 08:05:35] Meter 492: Generated 1.964 kWh (encrypted: 334379 bytes, 6.857 ms)
[2025-12-10 08:05:44] NETWORK INFO: Server authentication successful for node: aggregator-001
✓ Aggregator connected: aggregator-001 from 127.0.0.1
✓ Sent 334379 bytes to aggregator-001 (2.77ms)
Session completed with aggregator-001
[2025-12-10 08:05:55] Meter 492: Generated 6.766 kWh (encrypted: 334236 bytes, 7.253 ms)
[2025-12-10 08:06:15] Meter 492: Generated 1.273 kWh (encrypted: 334444 bytes, 7.030 ms)
[2025-12-10 08:06:35] Meter 492: Generated 2.114 kWh (encrypted: 334401 bytes, 30.189 ms)
[2025-12-10 08:06:50] NETWORK INFO: Server authentication successful for node: aggregator-001
✓ Aggregator connected: aggregator-001 from 127.0.0.1
✓ Sent 334401 bytes to aggregator-001 (0.36ms)
Session completed with aggregator-001
[2025-12-10 08:06:55] Meter 492: Generated 4.844 kWh (encrypted: 334261 bytes, 4.645 ms)
[2025-12-10 08:07:15] Meter 492: Generated 1.886 kWh (encrypted: 334477 bytes, 4.567 ms)
[2025-12-10 08:07:35] Meter 492: Generated 6.563 kWh (encrypted: 334117 bytes, 4.894 ms)
[2025-12-10 08:07:55] Meter 492: Generated 2.697 kWh (encrypted: 334421 bytes, 4.666 ms)
[2025-12-10 08:07:56] NETWORK INFO: Server authentication successful for node: aggregator-001
✓ Aggregator connected: aggregator-001 from 127.0.0.1
✓ Sent 334421 bytes to aggregator-001 (1.76ms)
Session completed with aggregator-001
[2025-12-10 08:08:15] Meter 492: Generated 3.305 kWh (encrypted: 334477 bytes, 4.864 ms)
[2025-12-10 08:08:35] Meter 492: Generated 5.312 kWh (encrypted: 334412 bytes, 6.082 ms)
[2025-12-10 08:08:55] Meter 492: Generated 2.226 kWh (encrypted: 334147 bytes, 6.412 ms)
[2025-12-10 08:09:01] NETWORK INFO: Server authentication successful for node: aggregator-001
✓ Aggregator connected: aggregator-001 from 127.0.0.1
✓ Sent 334147 bytes to aggregator-001 (0.36ms)
Session completed with aggregator-001
[2025-12-10 08:09:15] Meter 492: Generated 0.921 kWh (encrypted: 334214 bytes, 5.576 ms)
[2025-12-10 08:09:35] Meter 492: Generated 7.259 kWh (encrypted: 334091 bytes, 5.975 ms)
[2025-12-10 08:09:55] Meter 492: Generated 3.887 kWh (encrypted: 334442 bytes, 6.388 ms)
[2025-12-10 08:10:06] NETWORK INFO: Server authentication successful for node: aggregator-001
✓ Aggregator connected: aggregator-001 from 127.0.0.1
✓ Sent 334442 bytes to aggregator-001 (0.36ms)
Session completed with aggregator-001
[2025-12-10 08:10:15] Meter 492: Generated 5.288 kWh (encrypted: 334406 bytes, 6.448 ms)
[2025-12-10 08:10:35] Meter 492: Generated 4.142 kWh (encrypted: 334333 bytes, 6.028 ms)
[2025-12-10 08:10:55] Meter 492: Generated 0.940 kWh (encrypted: 334419 bytes, 4.783 ms)
[2025-12-10 08:11:12] NETWORK INFO: Server authentication successful for node: aggregator-001
✓ Aggregator connected: aggregator-001 from 127.0.0.1
✓ Sent 334419 bytes to aggregator-001 (3.35ms)
Session completed with aggregator-001
[2025-12-10 08:11:15] Meter 492: Generated 3.121 kWh (encrypted: 334283 bytes, 4.490 ms)
[2025-12-10 08:11:35] Meter 492: Generated 3.413 kWh (encrypted: 334299 bytes, 6.948 ms)
[2025-12-10 08:11:55] Meter 492: Generated 4.737 kWh (encrypted: 334135 bytes, 6.581 ms)
[2025-12-10 08:12:15] Meter 492: Generated 3.543 kWh (encrypted: 334069 bytes, 6.477 ms)
[2025-12-10 08:12:17] NETWORK INFO: Server authentication successful for node: aggregator-001
✓ Aggregator connected: aggregator-001 from 127.0.0.1
✓ Sent 334069 bytes to aggregator-001 (1.31ms)
Session completed with aggregator-001

Received shutdown signal. Gracefully shutting down smart meter...
Network server thread stopped
Data generation thread stopped
Smart meter 492 shutdown complete
