=== Continuous Smart Meter Server 168 ===
Initializing for continuous operation...
SEAL context initialized
Loaded certificate: smart-meter-168
Requesting public keys from KDC...
[2025-12-10 07:58:31] NETWORK ERROR: Failed to connect to 127.0.0.1:8444: Connection refused
Error: Failed to connect to KDC at 127.0.0.1:8444
Error: Failed to send key request to KDC
Failed to obtain keys from KDC, falling back to file keys
Loaded keys from fallback files
Cryptographic components initialized
[2025-12-10 07:58:31] NETWORK INFO: Server socket created and listening on port 9168
✓ Smart meter server ready on port 9168
Data transmission interval: 20 seconds (15x accelerated - simulates 5min)
✓ Performance metrics CSV files initialized in performance_data/
Starting continuous smart meter operation...
Press Ctrl+C to stop gracefully
Data generation thread started
Network server thread started on port 9168
[2025-12-10 07:58:51] Meter 168: Generated 0.695 kWh (encrypted: 334021 bytes, 5.110 ms)
[2025-12-10 07:59:11] Meter 168: Generated 6.982 kWh (encrypted: 334093 bytes, 4.589 ms)
[2025-12-10 07:59:26] NETWORK INFO: Server authentication successful for node: aggregator-001
✓ Aggregator connected: aggregator-001 from 127.0.0.1
✓ Sent 334093 bytes to aggregator-001 (0.67ms)
Session completed with aggregator-001
[2025-12-10 07:59:31] Meter 168: Generated 4.236 kWh (encrypted: 334174 bytes, 4.691 ms)
[2025-12-10 07:59:51] Meter 168: Generated 2.937 kWh (encrypted: 334140 bytes, 4.627 ms)
[2025-12-10 08:00:11] Meter 168: Generated 5.449 kWh (encrypted: 334018 bytes, 5.861 ms)
[2025-12-10 08:00:28] NETWORK INFO: Server authentication successful for node: aggregator-001
✓ Aggregator connected: aggregator-001 from 127.0.0.1
✓ Sent 334018 bytes to aggregator-001 (14.19ms)
Session completed with aggregator-001
[2025-12-10 08:00:31] Meter 168: Generated 1.987 kWh (encrypted: 334151 bytes, 4.731 ms)
[2025-12-10 08:00:51] Meter 168: Generated 3.052 kWh (encrypted: 334253 bytes, 4.821 ms)
[2025-12-10 08:01:11] Meter 168: Generated 0.829 kWh (encrypted: 334440 bytes, 4.509 ms)
[2025-12-10 08:01:31] NETWORK INFO: Server authentication successful for node: aggregator-001
✓ Aggregator connected: aggregator-001 from 127.0.0.1
✓ Sent 334440 bytes to aggregator-001 (5.82ms)
Session completed with aggregator-001
[2025-12-10 08:01:31] Meter 168: Generated 6.620 kWh (encrypted: 334167 bytes, 5.415 ms)
[2025-12-10 08:01:51] Meter 168: Generated 1.755 kWh (encrypted: 334307 bytes, 4.590 ms)
[2025-12-10 08:02:11] Meter 168: Generated 3.944 kWh (encrypted: 334406 bytes, 4.409 ms)
[2025-12-10 08:02:31] Meter 168: Generated 3.666 kWh (encrypted: 334413 bytes, 4.390 ms)
[2025-12-10 08:02:33] NETWORK INFO: Server authentication successful for node: aggregator-001
✓ Aggregator connected: aggregator-001 from 127.0.0.1
✓ Sent 334413 bytes to aggregator-001 (0.42ms)
Session completed with aggregator-001
[2025-12-10 08:02:51] Meter 168: Generated 0.725 kWh (encrypted: 334136 bytes, 5.147 ms)
[2025-12-10 08:03:11] Meter 168: Generated 1.431 kWh (encrypted: 334297 bytes, 5.131 ms)
[2025-12-10 08:03:31] Meter 168: Generated 2.125 kWh (encrypted: 334164 bytes, 4.629 ms)
[2025-12-10 08:03:36] NETWORK INFO: Server authentication successful for node: aggregator-001
✓ Aggregator connected: aggregator-001 from 127.0.0.1
✓ Sent 334164 bytes to aggregator-001 (3.65ms)
Session completed with aggregator-001
[2025-12-10 08:03:51] Meter 168: Generated 6.189 kWh (encrypted: 334323 bytes, 4.576 ms)
[2025-12-10 08:04:11] Meter 168: Generated 1.391 kWh (encrypted: 334111 bytes, 4.467 ms)
[2025-12-10 08:04:31] Meter 168: Generated 5.556 kWh (encrypted: 334364 bytes, 4.573 ms)
[2025-12-10 08:04:39] NETWORK INFO: Server authentication successful for node: aggregator-001
✓ Aggregator connected: aggregator-001 from 127.0.0.1
✓ Sent 334364 bytes to aggregator-001 (0.38ms)
Session completed with aggregator-001
[2025-12-10 08:04:51] Meter 168: Generated 2.514 kWh (encrypted: 334243 bytes, 4.516 ms)
[2025-12-10 08:05:11] Meter 168: Generated 1.760 kWh (encrypted: 334215 bytes, 4.452 ms)
[2025-12-10 08:05:31] Meter 168: Generated 1.605 kWh (encrypted: 334229 bytes, 4.503 ms)
[2025-12-10 08:05:44] NETWORK INFO: Server authentication successful for node: aggregator-001
✓ Aggregator connected: aggregator-001 from 127.0.0.1
✓ Sent 334229 bytes to aggregator-001 (0.39ms)
Session completed with aggregator-001
[2025-12-10 08:05:51] Meter 168: Generated 5.263 kWh (encrypted: 334095 bytes, 4.624 ms)
[2025-12-10 08:06:11] Meter 168: Generated 6.210 kWh (encrypted: 334312 bytes, 6.444 ms)
[2025-12-10 08:06:31] Meter 168: Generated 4.604 kWh (encrypted: 334143 bytes, 7.226 ms)
[2025-12-10 08:06:50] NETWORK INFO: Server authentication successful for node: aggregator-001
✓ Aggregator connected: aggregator-001 from 127.0.0.1
✓ Sent 334143 bytes to aggregator-001 (8.83ms)
Session completed with aggregator-001
[2025-12-10 08:06:51] Meter 168: Generated 6.576 kWh (encrypted: 334374 bytes, 4.550 ms)
[2025-12-10 08:07:11] Meter 168: Generated 2.929 kWh (encrypted: 334103 bytes, 4.803 ms)
[2025-12-10 08:07:31] Meter 168: Generated 3.205 kWh (encrypted: 334333 bytes, 6.171 ms)
[2025-12-10 08:07:51] Meter 168: Generated 4.631 kWh (encrypted: 334309 bytes, 8.627 ms)
[2025-12-10 08:07:55] NETWORK INFO: Server authentication successful for node: aggregator-001
✓ Aggregator connected: aggregator-001 from 127.0.0.1
✓ Sent 334309 bytes to aggregator-001 (0.36ms)
Session completed with aggregator-001
[2025-12-10 08:08:11] Meter 168: Generated 6.181 kWh (encrypted: 334329 bytes, 6.931 ms)
[2025-12-10 08:08:31] Meter 168: Generated 2.785 kWh (encrypted: 334207 bytes, 4.729 ms)
[2025-12-10 08:08:51] Meter 168: Generated 5.845 kWh (encrypted: 334382 bytes, 4.777 ms)
[2025-12-10 08:09:01] NETWORK INFO: Server authentication successful for node: aggregator-001
✓ Aggregator connected: aggregator-001 from 127.0.0.1
✓ Sent 334382 bytes to aggregator-001 (0.36ms)
Session completed with aggregator-001
[2025-12-10 08:09:11] Meter 168: Generated 1.386 kWh (encrypted: 333373 bytes, 5.707 ms)
[2025-12-10 08:09:31] Meter 168: Generated 5.854 kWh (encrypted: 334129 bytes, 4.737 ms)
[2025-12-10 08:09:51] Meter 168: Generated 6.037 kWh (encrypted: 334116 bytes, 6.592 ms)
[2025-12-10 08:10:06] NETWORK INFO: Server authentication successful for node: aggregator-001
✓ Aggregator connected: aggregator-001 from 127.0.0.1
✓ Sent 334116 bytes to aggregator-001 (0.61ms)
Session completed with aggregator-001
[2025-12-10 08:10:11] Meter 168: Generated 7.262 kWh (encrypted: 334238 bytes, 6.430 ms)
[2025-12-10 08:10:31] Meter 168: Generated 4.573 kWh (encrypted: 334377 bytes, 6.870 ms)
[2025-12-10 08:10:51] Meter 168: Generated 7.222 kWh (encrypted: 334398 bytes, 4.721 ms)
[2025-12-10 08:11:11] Meter 168: Generated 6.558 kWh (encrypted: 334431 bytes, 6.478 ms)
[2025-12-10 08:11:12] NETWORK INFO: Server authentication successful for node: aggregator-001
✓ Aggregator connected: aggregator-001 from 127.0.0.1
✓ Sent 334431 bytes to aggregator-001 (18.13ms)
Session completed with aggregator-001
[2025-12-10 08:11:31] Meter 168: Generated 3.836 kWh (encrypted: 334379 bytes, 4.906 ms)
[2025-12-10 08:11:51] Meter 168: Generated 5.913 kWh (encrypted: 334402 bytes, 4.648 ms)
[2025-12-10 08:12:11] Meter 168: Generated 2.346 kWh (encrypted: 334330 bytes, 4.560 ms)
[2025-12-10 08:12:17] NETWORK INFO: Server authentication successful for node: aggregator-001
✓ Aggregator connected: aggregator-001 from 127.0.0.1
✓ Sent 334330 bytes to aggregator-001 (0.38ms)
Session completed with aggregator-001
[2025-12-10 08:12:31] Meter 168: Generated 1.195 kWh (encrypted: 334268 bytes, 4.755 ms)

Received shutdown signal. Gracefully shutting down smart meter...
Network server thread stopped
Data generation thread stopped
Smart meter 168 shutdown complete
