=== Continuous Smart Meter Server 86 ===
Initializing for continuous operation...
SEAL context initialized
Loaded certificate: smart-meter-086
Requesting public keys from KDC...
[2025-12-10 07:56:50] NETWORK ERROR: Failed to connect to 127.0.0.1:8444: Connection refused
Error: Failed to connect to KDC at 127.0.0.1:8444
Error: Failed to send key request to KDC
Failed to obtain keys from KDC, falling back to file keys
Loaded keys from fallback files
Cryptographic components initialized
[2025-12-10 07:56:50] NETWORK INFO: Server socket created and listening on port 9086
✓ Smart meter server ready on port 9086
Data transmission interval: 20 seconds (15x accelerated - simulates 5min)
✓ Performance metrics CSV files initialized in performance_data/
Starting continuous smart meter operation...
Press Ctrl+C to stop gracefully
Data generation thread started
Network server thread started on port 9086
[2025-12-10 07:57:10] Meter 86: Generated 1.368 kWh (encrypted: 334164 bytes, 4.884 ms)
[2025-12-10 07:57:15] NETWORK INFO: Server authentication successful for node: aggregator-001
✓ Aggregator connected: aggregator-001 from 127.0.0.1
✓ Sent 334164 bytes to aggregator-001 (12.93ms)
Session completed with aggregator-001
[2025-12-10 07:57:31] Meter 86: Generated 4.917 kWh (encrypted: 334470 bytes, 4.390 ms)
[2025-12-10 07:57:51] Meter 86: Generated 2.301 kWh (encrypted: 334195 bytes, 4.813 ms)
[2025-12-10 07:58:11] Meter 86: Generated 5.663 kWh (encrypted: 333789 bytes, 4.568 ms)
[2025-12-10 07:58:25] NETWORK INFO: Server authentication successful for node: aggregator-001
✓ Aggregator connected: aggregator-001 from 127.0.0.1
✓ Sent 333789 bytes to aggregator-001 (0.39ms)
Session completed with aggregator-001
[2025-12-10 07:58:31] Meter 86: Generated 6.351 kWh (encrypted: 334251 bytes, 4.550 ms)
[2025-12-10 07:58:51] Meter 86: Generated 7.063 kWh (encrypted: 334405 bytes, 4.653 ms)
[2025-12-10 07:59:11] Meter 86: Generated 6.096 kWh (encrypted: 333928 bytes, 4.567 ms)
[2025-12-10 07:59:26] NETWORK INFO: Server authentication successful for node: aggregator-001
✓ Aggregator connected: aggregator-001 from 127.0.0.1
✓ Sent 333928 bytes to aggregator-001 (0.36ms)
Session completed with aggregator-001
[2025-12-10 07:59:31] Meter 86: Generated 3.228 kWh (encrypted: 334489 bytes, 4.655 ms)
[2025-12-10 07:59:51] Meter 86: Generated 4.208 kWh (encrypted: 334281 bytes, 4.688 ms)
[2025-12-10 08:00:11] Meter 86: Generated 4.818 kWh (encrypted: 333522 bytes, 4.827 ms)
[2025-12-10 08:00:28] NETWORK INFO: Server authentication successful for node: aggregator-001
✓ Aggregator connected: aggregator-001 from 127.0.0.1
✓ Sent 333522 bytes to aggregator-001 (18.19ms)
Session completed with aggregator-001
[2025-12-10 08:00:31] Meter 86: Generated 2.235 kWh (encrypted: 334423 bytes, 4.938 ms)
[2025-12-10 08:00:51] Meter 86: Generated 4.440 kWh (encrypted: 334316 bytes, 4.858 ms)
[2025-12-10 08:01:11] Meter 86: Generated 4.063 kWh (encrypted: 334176 bytes, 5.460 ms)
[2025-12-10 08:01:31] NETWORK INFO: Server authentication successful for node: aggregator-001
✓ Aggregator connected: aggregator-001 from 127.0.0.1
[2025-12-10 08:01:31] Meter 86: Generated 6.922 kWh (encrypted: 334288 bytes, 88.603 ms)
✓ Sent 334288 bytes to aggregator-001 (0.44ms)
Session completed with aggregator-001
[2025-12-10 08:01:51] Meter 86: Generated 6.660 kWh (encrypted: 334225 bytes, 5.046 ms)
[2025-12-10 08:02:11] Meter 86: Generated 0.912 kWh (encrypted: 334237 bytes, 5.560 ms)
[2025-12-10 08:02:31] Meter 86: Generated 5.514 kWh (encrypted: 334482 bytes, 4.730 ms)
[2025-12-10 08:02:33] NETWORK INFO: Server authentication successful for node: aggregator-001
✓ Aggregator connected: aggregator-001 from 127.0.0.1
✓ Sent 334482 bytes to aggregator-001 (0.41ms)
Session completed with aggregator-001
[2025-12-10 08:02:51] Meter 86: Generated 7.437 kWh (encrypted: 334148 bytes, 4.717 ms)
[2025-12-10 08:03:11] Meter 86: Generated 1.075 kWh (encrypted: 334292 bytes, 4.877 ms)
[2025-12-10 08:03:31] Meter 86: Generated 6.317 kWh (encrypted: 334278 bytes, 4.485 ms)
[2025-12-10 08:03:36] NETWORK INFO: Server authentication successful for node: aggregator-001
✓ Aggregator connected: aggregator-001 from 127.0.0.1
✓ Sent 334278 bytes to aggregator-001 (3.48ms)
Session completed with aggregator-001
[2025-12-10 08:03:51] Meter 86: Generated 1.866 kWh (encrypted: 334446 bytes, 4.989 ms)
[2025-12-10 08:04:11] Meter 86: Generated 2.411 kWh (encrypted: 334117 bytes, 4.471 ms)
[2025-12-10 08:04:31] Meter 86: Generated 4.963 kWh (encrypted: 334140 bytes, 4.535 ms)
[2025-12-10 08:04:39] NETWORK INFO: Server authentication successful for node: aggregator-001
✓ Aggregator connected: aggregator-001 from 127.0.0.1
✓ Sent 334140 bytes to aggregator-001 (0.39ms)
Session completed with aggregator-001
[2025-12-10 08:04:51] Meter 86: Generated 1.370 kWh (encrypted: 334356 bytes, 4.375 ms)
[2025-12-10 08:05:11] Meter 86: Generated 6.672 kWh (encrypted: 334109 bytes, 4.854 ms)
[2025-12-10 08:05:31] Meter 86: Generated 7.228 kWh (encrypted: 334387 bytes, 5.053 ms)
[2025-12-10 08:05:44] NETWORK INFO: Server authentication successful for node: aggregator-001
✓ Aggregator connected: aggregator-001 from 127.0.0.1
✓ Sent 334387 bytes to aggregator-001 (0.40ms)
Session completed with aggregator-001
[2025-12-10 08:05:51] Meter 86: Generated 3.522 kWh (encrypted: 334292 bytes, 4.626 ms)
[2025-12-10 08:06:11] Meter 86: Generated 5.123 kWh (encrypted: 334411 bytes, 6.457 ms)
[2025-12-10 08:06:31] Meter 86: Generated 5.174 kWh (encrypted: 334473 bytes, 5.004 ms)
[2025-12-10 08:06:50] NETWORK INFO: Server authentication successful for node: aggregator-001
✓ Aggregator connected: aggregator-001 from 127.0.0.1
✓ Sent 334473 bytes to aggregator-001 (0.39ms)
Session completed with aggregator-001
[2025-12-10 08:06:51] Meter 86: Generated 5.451 kWh (encrypted: 334074 bytes, 4.395 ms)
[2025-12-10 08:07:11] Meter 86: Generated 6.046 kWh (encrypted: 334307 bytes, 4.323 ms)
[2025-12-10 08:07:31] Meter 86: Generated 7.308 kWh (encrypted: 334202 bytes, 4.534 ms)
[2025-12-10 08:07:51] Meter 86: Generated 1.385 kWh (encrypted: 334425 bytes, 17.228 ms)
[2025-12-10 08:07:55] NETWORK INFO: Server authentication successful for node: aggregator-001
✓ Aggregator connected: aggregator-001 from 127.0.0.1
✓ Sent 334425 bytes to aggregator-001 (0.43ms)
Session completed with aggregator-001
[2025-12-10 08:08:11] Meter 86: Generated 3.055 kWh (encrypted: 334423 bytes, 4.701 ms)
[2025-12-10 08:08:31] Meter 86: Generated 4.241 kWh (encrypted: 334072 bytes, 4.609 ms)
[2025-12-10 08:08:51] Meter 86: Generated 5.915 kWh (encrypted: 334295 bytes, 4.652 ms)
[2025-12-10 08:09:01] NETWORK INFO: Server authentication successful for node: aggregator-001
✓ Aggregator connected: aggregator-001 from 127.0.0.1
✓ Sent 334295 bytes to aggregator-001 (0.58ms)
Session completed with aggregator-001
[2025-12-10 08:09:11] Meter 86: Generated 2.184 kWh (encrypted: 334140 bytes, 7.235 ms)
[2025-12-10 08:09:31] Meter 86: Generated 6.100 kWh (encrypted: 334393 bytes, 5.230 ms)
[2025-12-10 08:09:51] Meter 86: Generated 3.498 kWh (encrypted: 334323 bytes, 4.996 ms)
[2025-12-10 08:10:06] NETWORK INFO: Server authentication successful for node: aggregator-001
✓ Aggregator connected: aggregator-001 from 127.0.0.1
✓ Sent 334323 bytes to aggregator-001 (0.36ms)
Session completed with aggregator-001
[2025-12-10 08:10:11] Meter 86: Generated 6.107 kWh (encrypted: 334299 bytes, 4.521 ms)
[2025-12-10 08:10:31] Meter 86: Generated 2.869 kWh (encrypted: 334432 bytes, 6.287 ms)
[2025-12-10 08:10:51] Meter 86: Generated 6.051 kWh (encrypted: 334234 bytes, 4.820 ms)
[2025-12-10 08:11:11] Meter 86: Generated 0.937 kWh (encrypted: 334452 bytes, 5.692 ms)
[2025-12-10 08:11:12] NETWORK INFO: Server authentication successful for node: aggregator-001
✓ Aggregator connected: aggregator-001 from 127.0.0.1
✓ Sent 334452 bytes to aggregator-001 (0.41ms)
Session completed with aggregator-001
[2025-12-10 08:11:31] Meter 86: Generated 4.361 kWh (encrypted: 334404 bytes, 4.446 ms)
[2025-12-10 08:11:51] Meter 86: Generated 6.301 kWh (encrypted: 334060 bytes, 4.588 ms)
[2025-12-10 08:12:11] Meter 86: Generated 6.787 kWh (encrypted: 334102 bytes, 6.873 ms)
[2025-12-10 08:12:17] NETWORK INFO: Server authentication successful for node: aggregator-001
✓ Aggregator connected: aggregator-001 from 127.0.0.1
✓ Sent 334102 bytes to aggregator-001 (0.39ms)
Session completed with aggregator-001
[2025-12-10 08:12:31] Meter 86: Generated 6.998 kWh (encrypted: 334425 bytes, 6.692 ms)

Received shutdown signal. Gracefully shutting down smart meter...
Network server thread stopped
Data generation thread stopped
Smart meter 86 shutdown complete
