=== Continuous Smart Meter Server 247 ===
Initializing for continuous operation...
SEAL context initialized
Loaded certificate: smart-meter-247
Requesting public keys from KDC...
[2025-12-10 08:00:08] NETWORK ERROR: Failed to connect to 127.0.0.1:8444: Connection refused
Error: Failed to connect to KDC at 127.0.0.1:8444
Error: Failed to send key request to KDC
Failed to obtain keys from KDC, falling back to file keys
Loaded keys from fallback files
Cryptographic components initialized
[2025-12-10 08:00:08] NETWORK INFO: Server socket created and listening on port 9247
✓ Smart meter server ready on port 9247
Data transmission interval: 20 seconds (15x accelerated - simulates 5min)
✓ Performance metrics CSV files initialized in performance_data/
Starting continuous smart meter operation...
Press Ctrl+C to stop gracefully
Data generation thread started
Network server thread started on port 9247
[2025-12-10 08:00:28] Meter 247: Generated 2.989 kWh (encrypted: 334094 bytes, 5.375 ms)
[2025-12-10 08:00:28] NETWORK INFO: Server authentication successful for node: aggregator-001
✓ Aggregator connected: aggregator-001 from 127.0.0.1
✓ Sent 334094 bytes to aggregator-001 (38.62ms)
Session completed with aggregator-001
[2025-12-10 08:00:48] Meter 247: Generated 7.446 kWh (encrypted: 334261 bytes, 5.869 ms)
[2025-12-10 08:01:08] Meter 247: Generated 1.832 kWh (encrypted: 334383 bytes, 4.652 ms)
[2025-12-10 08:01:28] Meter 247: Generated 5.728 kWh (encrypted: 334347 bytes, 4.564 ms)
[2025-12-10 08:01:31] NETWORK INFO: Server authentication successful for node: aggregator-001
✓ Aggregator connected: aggregator-001 from 127.0.0.1
✓ Sent 334347 bytes to aggregator-001 (0.35ms)
Session completed with aggregator-001
[2025-12-10 08:01:48] Meter 247: Generated 2.127 kWh (encrypted: 334391 bytes, 4.577 ms)
[2025-12-10 08:02:08] Meter 247: Generated 0.819 kWh (encrypted: 334373 bytes, 6.417 ms)
[2025-12-10 08:02:28] Meter 247: Generated 6.159 kWh (encrypted: 334378 bytes, 5.058 ms)
[2025-12-10 08:02:33] NETWORK INFO: Server authentication successful for node: aggregator-001
✓ Aggregator connected: aggregator-001 from 127.0.0.1
✓ Sent 334378 bytes to aggregator-001 (0.35ms)
Session completed with aggregator-001
[2025-12-10 08:02:48] Meter 247: Generated 1.607 kWh (encrypted: 334501 bytes, 5.148 ms)
[2025-12-10 08:03:08] Meter 247: Generated 4.060 kWh (encrypted: 334457 bytes, 5.191 ms)
[2025-12-10 08:03:28] Meter 247: Generated 4.093 kWh (encrypted: 334417 bytes, 4.866 ms)
[2025-12-10 08:03:36] NETWORK INFO: Server authentication successful for node: aggregator-001
✓ Aggregator connected: aggregator-001 from 127.0.0.1
✓ Sent 334417 bytes to aggregator-001 (0.43ms)
Session completed with aggregator-001
[2025-12-10 08:03:48] Meter 247: Generated 2.607 kWh (encrypted: 334262 bytes, 4.617 ms)
[2025-12-10 08:04:08] Meter 247: Generated 5.093 kWh (encrypted: 334392 bytes, 4.679 ms)
[2025-12-10 08:04:28] Meter 247: Generated 2.993 kWh (encrypted: 333695 bytes, 5.803 ms)
[2025-12-10 08:04:39] NETWORK INFO: Server authentication successful for node: aggregator-001
✓ Aggregator connected: aggregator-001 from 127.0.0.1
✓ Sent 333695 bytes to aggregator-001 (0.42ms)
Session completed with aggregator-001
[2025-12-10 08:04:48] Meter 247: Generated 0.656 kWh (encrypted: 334402 bytes, 12.790 ms)
[2025-12-10 08:05:08] Meter 247: Generated 0.858 kWh (encrypted: 334216 bytes, 4.443 ms)
[2025-12-10 08:05:28] Meter 247: Generated 1.801 kWh (encrypted: 334460 bytes, 4.893 ms)
[2025-12-10 08:05:44] NETWORK INFO: Server authentication successful for node: aggregator-001
✓ Aggregator connected: aggregator-001 from 127.0.0.1
✓ Sent 334460 bytes to aggregator-001 (0.39ms)
Session completed with aggregator-001
[2025-12-10 08:05:48] Meter 247: Generated 1.869 kWh (encrypted: 334154 bytes, 4.488 ms)
[2025-12-10 08:06:08] Meter 247: Generated 7.238 kWh (encrypted: 334153 bytes, 5.516 ms)
[2025-12-10 08:06:28] Meter 247: Generated 3.791 kWh (encrypted: 334194 bytes, 5.632 ms)
[2025-12-10 08:06:48] Meter 247: Generated 6.954 kWh (encrypted: 334160 bytes, 5.715 ms)
[2025-12-10 08:06:50] NETWORK INFO: Server authentication successful for node: aggregator-001
✓ Aggregator connected: aggregator-001 from 127.0.0.1
✓ Sent 334160 bytes to aggregator-001 (0.47ms)
Session completed with aggregator-001
[2025-12-10 08:07:08] Meter 247: Generated 4.984 kWh (encrypted: 334516 bytes, 7.145 ms)
[2025-12-10 08:07:28] Meter 247: Generated 7.008 kWh (encrypted: 334395 bytes, 4.453 ms)
[2025-12-10 08:07:48] Meter 247: Generated 2.646 kWh (encrypted: 334364 bytes, 7.143 ms)
[2025-12-10 08:07:56] NETWORK INFO: Server authentication successful for node: aggregator-001
✓ Aggregator connected: aggregator-001 from 127.0.0.1
✓ Sent 334364 bytes to aggregator-001 (1.49ms)
Session completed with aggregator-001
[2025-12-10 08:08:08] Meter 247: Generated 6.513 kWh (encrypted: 334374 bytes, 9.708 ms)
[2025-12-10 08:08:28] Meter 247: Generated 7.380 kWh (encrypted: 334508 bytes, 4.700 ms)
[2025-12-10 08:08:48] Meter 247: Generated 4.743 kWh (encrypted: 334463 bytes, 4.926 ms)
[2025-12-10 08:09:01] NETWORK INFO: Server authentication successful for node: aggregator-001
✓ Aggregator connected: aggregator-001 from 127.0.0.1
✓ Sent 334463 bytes to aggregator-001 (0.42ms)
Session completed with aggregator-001
[2025-12-10 08:09:08] Meter 247: Generated 4.614 kWh (encrypted: 334178 bytes, 6.316 ms)
[2025-12-10 08:09:28] Meter 247: Generated 1.894 kWh (encrypted: 334153 bytes, 5.566 ms)
[2025-12-10 08:09:48] Meter 247: Generated 3.675 kWh (encrypted: 334353 bytes, 5.670 ms)
[2025-12-10 08:10:06] NETWORK INFO: Server authentication successful for node: aggregator-001
✓ Aggregator connected: aggregator-001 from 127.0.0.1
✓ Sent 334353 bytes to aggregator-001 (0.38ms)
Session completed with aggregator-001
[2025-12-10 08:10:08] Meter 247: Generated 3.179 kWh (encrypted: 334114 bytes, 6.346 ms)
[2025-12-10 08:10:28] Meter 247: Generated 0.953 kWh (encrypted: 334368 bytes, 4.756 ms)
[2025-12-10 08:10:48] Meter 247: Generated 7.452 kWh (encrypted: 334473 bytes, 5.481 ms)
[2025-12-10 08:11:08] Meter 247: Generated 0.880 kWh (encrypted: 334414 bytes, 4.934 ms)
[2025-12-10 08:11:12] NETWORK INFO: Server authentication successful for node: aggregator-001
✓ Aggregator connected: aggregator-001 from 127.0.0.1
✓ Sent 334414 bytes to aggregator-001 (0.37ms)
Session completed with aggregator-001
[2025-12-10 08:11:28] Meter 247: Generated 3.215 kWh (encrypted: 334064 bytes, 10.174 ms)
[2025-12-10 08:11:48] Meter 247: Generated 5.772 kWh (encrypted: 334411 bytes, 4.791 ms)
[2025-12-10 08:12:08] Meter 247: Generated 7.075 kWh (encrypted: 334279 bytes, 5.516 ms)
[2025-12-10 08:12:17] NETWORK INFO: Server authentication successful for node: aggregator-001
✓ Aggregator connected: aggregator-001 from 127.0.0.1
✓ Sent 334279 bytes to aggregator-001 (0.36ms)
Session completed with aggregator-001
[2025-12-10 08:12:28] Meter 247: Generated 7.265 kWh (encrypted: 334405 bytes, 7.264 ms)

Received shutdown signal. Gracefully shutting down smart meter...
Network server thread stopped
Data generation thread stopped
Smart meter 247 shutdown complete
