=== Continuous Smart Meter Server 459 ===
Initializing for continuous operation...
SEAL context initialized
Loaded certificate: smart-meter-459
Requesting public keys from KDC...
[2025-12-10 08:04:33] NETWORK ERROR: Failed to connect to 127.0.0.1:8444: Connection refused
Error: Failed to connect to KDC at 127.0.0.1:8444
Error: Failed to send key request to KDC
Failed to obtain keys from KDC, falling back to file keys
Loaded keys from fallback files
Cryptographic components initialized
[2025-12-10 08:04:33] NETWORK INFO: Server socket created and listening on port 9459
✓ Smart meter server ready on port 9459
Data transmission interval: 20 seconds (15x accelerated - simulates 5min)
✓ Performance metrics CSV files initialized in performance_data/
Starting continuous smart meter operation...
Press Ctrl+C to stop gracefully
Data generation thread started
Network server thread started on port 9459
[2025-12-10 08:04:40] NETWORK INFO: Server authentication successful for node: aggregator-001
✓ Aggregator connected: aggregator-001 from 127.0.0.1
[2025-12-10 08:04:53] Meter 459: Generated 6.129 kWh (encrypted: 334410 bytes, 6.653 ms)
✓ Sent 334410 bytes to aggregator-001 (0.84ms)
Session completed with aggregator-001
[2025-12-10 08:05:13] Meter 459: Generated 6.448 kWh (encrypted: 334308 bytes, 8.571 ms)
[2025-12-10 08:05:33] Meter 459: Generated 5.113 kWh (encrypted: 334149 bytes, 7.560 ms)
[2025-12-10 08:05:44] NETWORK INFO: Server authentication successful for node: aggregator-001
✓ Aggregator connected: aggregator-001 from 127.0.0.1
✓ Sent 334149 bytes to aggregator-001 (0.37ms)
Session completed with aggregator-001
[2025-12-10 08:05:53] Meter 459: Generated 5.454 kWh (encrypted: 334251 bytes, 9.951 ms)
[2025-12-10 08:06:13] Meter 459: Generated 4.490 kWh (encrypted: 334192 bytes, 6.552 ms)
[2025-12-10 08:06:33] Meter 459: Generated 4.771 kWh (encrypted: 334393 bytes, 4.362 ms)
[2025-12-10 08:06:50] NETWORK INFO: Server authentication successful for node: aggregator-001
✓ Aggregator connected: aggregator-001 from 127.0.0.1
✓ Sent 334393 bytes to aggregator-001 (1.14ms)
Session completed with aggregator-001
[2025-12-10 08:06:53] Meter 459: Generated 5.290 kWh (encrypted: 334194 bytes, 4.498 ms)
[2025-12-10 08:07:13] Meter 459: Generated 6.266 kWh (encrypted: 334129 bytes, 6.706 ms)
[2025-12-10 08:07:33] Meter 459: Generated 6.091 kWh (encrypted: 333984 bytes, 6.873 ms)
[2025-12-10 08:07:53] Meter 459: Generated 5.225 kWh (encrypted: 334400 bytes, 4.526 ms)
[2025-12-10 08:07:56] NETWORK INFO: Server authentication successful for node: aggregator-001
✓ Aggregator connected: aggregator-001 from 127.0.0.1
✓ Sent 334400 bytes to aggregator-001 (2.15ms)
Session completed with aggregator-001
[2025-12-10 08:08:13] Meter 459: Generated 4.618 kWh (encrypted: 334140 bytes, 7.346 ms)
[2025-12-10 08:08:33] Meter 459: Generated 0.989 kWh (encrypted: 334334 bytes, 6.521 ms)
[2025-12-10 08:08:53] Meter 459: Generated 5.925 kWh (encrypted: 334053 bytes, 4.837 ms)
[2025-12-10 08:09:01] NETWORK INFO: Server authentication successful for node: aggregator-001
✓ Aggregator connected: aggregator-001 from 127.0.0.1
✓ Sent 334053 bytes to aggregator-001 (5.41ms)
Session completed with aggregator-001
[2025-12-10 08:09:13] Meter 459: Generated 6.193 kWh (encrypted: 334491 bytes, 4.767 ms)
[2025-12-10 08:09:33] Meter 459: Generated 1.099 kWh (encrypted: 333996 bytes, 6.620 ms)
[2025-12-10 08:09:53] Meter 459: Generated 1.953 kWh (encrypted: 334055 bytes, 4.801 ms)
[2025-12-10 08:10:06] NETWORK INFO: Server authentication successful for node: aggregator-001
✓ Aggregator connected: aggregator-001 from 127.0.0.1
✓ Sent 334055 bytes to aggregator-001 (0.46ms)
Session completed with aggregator-001
[2025-12-10 08:10:13] Meter 459: Generated 4.590 kWh (encrypted: 334201 bytes, 6.498 ms)
[2025-12-10 08:10:33] Meter 459: Generated 1.987 kWh (encrypted: 334382 bytes, 4.351 ms)
[2025-12-10 08:10:53] Meter 459: Generated 1.902 kWh (encrypted: 334312 bytes, 5.961 ms)
[2025-12-10 08:11:12] NETWORK INFO: Server authentication successful for node: aggregator-001
✓ Aggregator connected: aggregator-001 from 127.0.0.1
✓ Sent 334312 bytes to aggregator-001 (0.36ms)
Session completed with aggregator-001
[2025-12-10 08:11:13] Meter 459: Generated 4.605 kWh (encrypted: 334429 bytes, 9.139 ms)
[2025-12-10 08:11:33] Meter 459: Generated 1.250 kWh (encrypted: 334129 bytes, 4.555 ms)
[2025-12-10 08:11:53] Meter 459: Generated 4.979 kWh (encrypted: 334493 bytes, 4.342 ms)
[2025-12-10 08:12:13] Meter 459: Generated 5.850 kWh (encrypted: 334050 bytes, 7.552 ms)
[2025-12-10 08:12:17] NETWORK INFO: Server authentication successful for node: aggregator-001
✓ Aggregator connected: aggregator-001 from 127.0.0.1
✓ Sent 334050 bytes to aggregator-001 (0.33ms)
Session completed with aggregator-001
[2025-12-10 08:12:33] Meter 459: Generated 3.048 kWh (encrypted: 334057 bytes, 4.562 ms)

Received shutdown signal. Gracefully shutting down smart meter...
Network server thread stopped
Data generation thread stopped
Smart meter 459 shutdown complete
