=== Continuous Smart Meter Server 241 ===
Initializing for continuous operation...
SEAL context initialized
Loaded certificate: smart-meter-241
Requesting public keys from KDC...
[2025-12-10 08:00:01] NETWORK ERROR: Failed to connect to 127.0.0.1:8444: Connection refused
Error: Failed to connect to KDC at 127.0.0.1:8444
Error: Failed to send key request to KDC
Failed to obtain keys from KDC, falling back to file keys
Loaded keys from fallback files
Cryptographic components initialized
[2025-12-10 08:00:01] NETWORK INFO: Server socket created and listening on port 9241
✓ Smart meter server ready on port 9241
Data transmission interval: 20 seconds (15x accelerated - simulates 5min)
✓ Performance metrics CSV files initialized in performance_data/
Starting continuous smart meter operation...
Press Ctrl+C to stop gracefully
Data generation thread started
Network server thread started on port 9241
[2025-12-10 08:00:21] Meter 241: Generated 5.672 kWh (encrypted: 334502 bytes, 5.349 ms)
[2025-12-10 08:00:28] NETWORK INFO: Server authentication successful for node: aggregator-001
✓ Aggregator connected: aggregator-001 from 127.0.0.1
✓ Sent 334502 bytes to aggregator-001 (3.61ms)
Session completed with aggregator-001
[2025-12-10 08:00:41] Meter 241: Generated 6.367 kWh (encrypted: 334472 bytes, 4.894 ms)
[2025-12-10 08:01:01] Meter 241: Generated 1.286 kWh (encrypted: 334412 bytes, 4.872 ms)
[2025-12-10 08:01:21] Meter 241: Generated 7.168 kWh (encrypted: 334126 bytes, 4.445 ms)
[2025-12-10 08:01:31] NETWORK INFO: Server authentication successful for node: aggregator-001
✓ Aggregator connected: aggregator-001 from 127.0.0.1
✓ Sent 334126 bytes to aggregator-001 (9.78ms)
Session completed with aggregator-001
[2025-12-10 08:01:41] Meter 241: Generated 5.014 kWh (encrypted: 334344 bytes, 4.526 ms)
[2025-12-10 08:02:01] Meter 241: Generated 5.005 kWh (encrypted: 334068 bytes, 4.693 ms)
[2025-12-10 08:02:21] Meter 241: Generated 0.847 kWh (encrypted: 334396 bytes, 4.504 ms)
[2025-12-10 08:02:33] NETWORK INFO: Server authentication successful for node: aggregator-001
✓ Aggregator connected: aggregator-001 from 127.0.0.1
✓ Sent 334396 bytes to aggregator-001 (0.39ms)
Session completed with aggregator-001
[2025-12-10 08:02:41] Meter 241: Generated 1.364 kWh (encrypted: 334229 bytes, 4.756 ms)
[2025-12-10 08:03:01] Meter 241: Generated 2.576 kWh (encrypted: 334253 bytes, 6.544 ms)
[2025-12-10 08:03:21] Meter 241: Generated 2.616 kWh (encrypted: 334496 bytes, 4.654 ms)
[2025-12-10 08:03:36] NETWORK INFO: Server authentication successful for node: aggregator-001
✓ Aggregator connected: aggregator-001 from 127.0.0.1
✓ Sent 334496 bytes to aggregator-001 (0.45ms)
Session completed with aggregator-001
[2025-12-10 08:03:41] Meter 241: Generated 6.055 kWh (encrypted: 334140 bytes, 4.650 ms)
[2025-12-10 08:04:01] Meter 241: Generated 6.831 kWh (encrypted: 334290 bytes, 4.667 ms)
[2025-12-10 08:04:21] Meter 241: Generated 5.845 kWh (encrypted: 334361 bytes, 4.591 ms)
[2025-12-10 08:04:39] NETWORK INFO: Server authentication successful for node: aggregator-001
✓ Aggregator connected: aggregator-001 from 127.0.0.1
✓ Sent 334361 bytes to aggregator-001 (0.36ms)
Session completed with aggregator-001
[2025-12-10 08:04:41] Meter 241: Generated 6.536 kWh (encrypted: 334373 bytes, 5.964 ms)
[2025-12-10 08:05:01] Meter 241: Generated 1.781 kWh (encrypted: 334333 bytes, 4.673 ms)
[2025-12-10 08:05:21] Meter 241: Generated 2.661 kWh (encrypted: 334370 bytes, 4.753 ms)
[2025-12-10 08:05:41] Meter 241: Generated 6.013 kWh (encrypted: 333874 bytes, 4.423 ms)
[2025-12-10 08:05:44] NETWORK INFO: Server authentication successful for node: aggregator-001
✓ Aggregator connected: aggregator-001 from 127.0.0.1
✓ Sent 333874 bytes to aggregator-001 (0.36ms)
Session completed with aggregator-001
[2025-12-10 08:06:01] Meter 241: Generated 1.891 kWh (encrypted: 334380 bytes, 5.001 ms)
[2025-12-10 08:06:21] Meter 241: Generated 4.531 kWh (encrypted: 334157 bytes, 4.725 ms)
[2025-12-10 08:06:41] Meter 241: Generated 7.478 kWh (encrypted: 334230 bytes, 4.596 ms)
[2025-12-10 08:06:50] NETWORK INFO: Server authentication successful for node: aggregator-001
✓ Aggregator connected: aggregator-001 from 127.0.0.1
✓ Sent 334230 bytes to aggregator-001 (9.00ms)
Session completed with aggregator-001
[2025-12-10 08:07:01] Meter 241: Generated 3.712 kWh (encrypted: 334221 bytes, 6.435 ms)
[2025-12-10 08:07:21] Meter 241: Generated 2.809 kWh (encrypted: 334432 bytes, 4.649 ms)
[2025-12-10 08:07:41] Meter 241: Generated 1.638 kWh (encrypted: 334248 bytes, 4.601 ms)
[2025-12-10 08:07:56] NETWORK INFO: Server authentication successful for node: aggregator-001
✓ Aggregator connected: aggregator-001 from 127.0.0.1
✓ Sent 334248 bytes to aggregator-001 (1.15ms)
Session completed with aggregator-001
[2025-12-10 08:08:01] Meter 241: Generated 6.496 kWh (encrypted: 334124 bytes, 4.568 ms)
[2025-12-10 08:08:21] Meter 241: Generated 2.885 kWh (encrypted: 334157 bytes, 6.605 ms)
[2025-12-10 08:08:41] Meter 241: Generated 4.061 kWh (encrypted: 334340 bytes, 4.411 ms)
[2025-12-10 08:09:01] NETWORK INFO: Server authentication successful for node: aggregator-001
✓ Aggregator connected: aggregator-001 from 127.0.0.1
✓ Sent 334340 bytes to aggregator-001 (0.41ms)
Session completed with aggregator-001
[2025-12-10 08:09:01] Meter 241: Generated 5.688 kWh (encrypted: 334365 bytes, 74.366 ms)
[2025-12-10 08:09:21] Meter 241: Generated 3.127 kWh (encrypted: 334346 bytes, 9.098 ms)
[2025-12-10 08:09:41] Meter 241: Generated 5.952 kWh (encrypted: 334141 bytes, 4.615 ms)
[2025-12-10 08:10:01] Meter 241: Generated 2.767 kWh (encrypted: 334088 bytes, 4.501 ms)
[2025-12-10 08:10:06] NETWORK INFO: Server authentication successful for node: aggregator-001
✓ Aggregator connected: aggregator-001 from 127.0.0.1
✓ Sent 334088 bytes to aggregator-001 (0.38ms)
Session completed with aggregator-001
[2025-12-10 08:10:21] Meter 241: Generated 6.092 kWh (encrypted: 334149 bytes, 6.642 ms)
[2025-12-10 08:10:41] Meter 241: Generated 6.529 kWh (encrypted: 334349 bytes, 6.802 ms)
[2025-12-10 08:11:01] Meter 241: Generated 4.836 kWh (encrypted: 334340 bytes, 6.985 ms)
[2025-12-10 08:11:12] NETWORK INFO: Server authentication successful for node: aggregator-001
✓ Aggregator connected: aggregator-001 from 127.0.0.1
✓ Sent 334340 bytes to aggregator-001 (6.62ms)
Session completed with aggregator-001
[2025-12-10 08:11:21] Meter 241: Generated 6.532 kWh (encrypted: 334125 bytes, 7.714 ms)
[2025-12-10 08:11:41] Meter 241: Generated 4.039 kWh (encrypted: 334391 bytes, 4.348 ms)
[2025-12-10 08:12:01] Meter 241: Generated 6.711 kWh (encrypted: 334352 bytes, 5.908 ms)
[2025-12-10 08:12:17] NETWORK INFO: Server authentication successful for node: aggregator-001
✓ Aggregator connected: aggregator-001 from 127.0.0.1
✓ Sent 334352 bytes to aggregator-001 (0.35ms)
Session completed with aggregator-001
[2025-12-10 08:12:21] Meter 241: Generated 1.531 kWh (encrypted: 334407 bytes, 6.668 ms)

Received shutdown signal. Gracefully shutting down smart meter...
Network server thread stopped
Data generation thread stopped
Smart meter 241 shutdown complete
