=== Continuous Smart Meter Server 54 ===
Initializing for continuous operation...
SEAL context initialized
Loaded certificate: smart-meter-054
Requesting public keys from KDC...
[2025-12-10 07:56:12] NETWORK ERROR: Failed to connect to 127.0.0.1:8444: Connection refused
Error: Failed to connect to KDC at 127.0.0.1:8444
Error: Failed to send key request to KDC
Failed to obtain keys from KDC, falling back to file keys
Loaded keys from fallback files
Cryptographic components initialized
[2025-12-10 07:56:12] NETWORK INFO: Server socket created and listening on port 9054
✓ Smart meter server ready on port 9054
Data transmission interval: 20 seconds (15x accelerated - simulates 5min)
✓ Performance metrics CSV files initialized in performance_data/
Starting continuous smart meter operation...
Press Ctrl+C to stop gracefully
Data generation thread started
Network server thread started on port 9054
[2025-12-10 07:56:32] Meter 54: Generated 1.228 kWh (encrypted: 334293 bytes, 4.889 ms)
[2025-12-10 07:56:52] Meter 54: Generated 2.827 kWh (encrypted: 334222 bytes, 4.316 ms)
[2025-12-10 07:57:12] Meter 54: Generated 7.197 kWh (encrypted: 334344 bytes, 4.243 ms)
[2025-12-10 07:57:15] NETWORK INFO: Server authentication successful for node: aggregator-001
✓ Aggregator connected: aggregator-001 from 127.0.0.1
✓ Sent 334344 bytes to aggregator-001 (0.83ms)
Session completed with aggregator-001
[2025-12-10 07:57:32] Meter 54: Generated 4.466 kWh (encrypted: 334137 bytes, 4.297 ms)
[2025-12-10 07:57:52] Meter 54: Generated 4.629 kWh (encrypted: 334343 bytes, 4.260 ms)
[2025-12-10 07:58:12] Meter 54: Generated 4.362 kWh (encrypted: 334403 bytes, 4.341 ms)
[2025-12-10 07:58:25] NETWORK INFO: Server authentication successful for node: aggregator-001
✓ Aggregator connected: aggregator-001 from 127.0.0.1
✓ Sent 334403 bytes to aggregator-001 (4.36ms)
Session completed with aggregator-001
[2025-12-10 07:58:32] Meter 54: Generated 7.340 kWh (encrypted: 334532 bytes, 4.490 ms)
[2025-12-10 07:58:52] Meter 54: Generated 1.869 kWh (encrypted: 334508 bytes, 4.258 ms)
[2025-12-10 07:59:12] Meter 54: Generated 3.450 kWh (encrypted: 334417 bytes, 6.460 ms)
[2025-12-10 07:59:26] NETWORK INFO: Server authentication successful for node: aggregator-001
✓ Aggregator connected: aggregator-001 from 127.0.0.1
✓ Sent 334417 bytes to aggregator-001 (0.34ms)
Session completed with aggregator-001
[2025-12-10 07:59:32] Meter 54: Generated 2.117 kWh (encrypted: 334334 bytes, 4.876 ms)
[2025-12-10 07:59:52] Meter 54: Generated 5.146 kWh (encrypted: 334269 bytes, 4.566 ms)
[2025-12-10 08:00:12] Meter 54: Generated 2.963 kWh (encrypted: 334064 bytes, 4.641 ms)
[2025-12-10 08:00:28] NETWORK INFO: Server authentication successful for node: aggregator-001
✓ Aggregator connected: aggregator-001 from 127.0.0.1
✓ Sent 334064 bytes to aggregator-001 (0.39ms)
Session completed with aggregator-001
[2025-12-10 08:00:32] Meter 54: Generated 5.862 kWh (encrypted: 334421 bytes, 5.404 ms)
[2025-12-10 08:00:52] Meter 54: Generated 5.373 kWh (encrypted: 334316 bytes, 7.002 ms)
[2025-12-10 08:01:12] Meter 54: Generated 6.463 kWh (encrypted: 334094 bytes, 4.478 ms)
[2025-12-10 08:01:31] NETWORK INFO: Server authentication successful for node: aggregator-001
✓ Aggregator connected: aggregator-001 from 127.0.0.1
✓ Sent 334094 bytes to aggregator-001 (0.41ms)
Session completed with aggregator-001
[2025-12-10 08:01:32] Meter 54: Generated 5.815 kWh (encrypted: 334217 bytes, 7.130 ms)
[2025-12-10 08:01:52] Meter 54: Generated 6.924 kWh (encrypted: 334415 bytes, 6.055 ms)
[2025-12-10 08:02:12] Meter 54: Generated 1.471 kWh (encrypted: 334334 bytes, 4.623 ms)
[2025-12-10 08:02:32] Meter 54: Generated 3.488 kWh (encrypted: 334460 bytes, 4.365 ms)
[2025-12-10 08:02:33] NETWORK INFO: Server authentication successful for node: aggregator-001
✓ Aggregator connected: aggregator-001 from 127.0.0.1
✓ Sent 334460 bytes to aggregator-001 (0.40ms)
Session completed with aggregator-001
[2025-12-10 08:02:52] Meter 54: Generated 6.877 kWh (encrypted: 333806 bytes, 4.691 ms)
[2025-12-10 08:03:12] Meter 54: Generated 1.077 kWh (encrypted: 334443 bytes, 4.421 ms)
[2025-12-10 08:03:32] Meter 54: Generated 3.947 kWh (encrypted: 334353 bytes, 4.650 ms)
[2025-12-10 08:03:36] NETWORK INFO: Server authentication successful for node: aggregator-001
✓ Aggregator connected: aggregator-001 from 127.0.0.1
✓ Sent 334353 bytes to aggregator-001 (0.36ms)
Session completed with aggregator-001
[2025-12-10 08:03:52] Meter 54: Generated 6.703 kWh (encrypted: 334329 bytes, 6.514 ms)
[2025-12-10 08:04:12] Meter 54: Generated 3.074 kWh (encrypted: 334314 bytes, 4.375 ms)
[2025-12-10 08:04:32] Meter 54: Generated 2.390 kWh (encrypted: 334325 bytes, 4.520 ms)
[2025-12-10 08:04:39] NETWORK INFO: Server authentication successful for node: aggregator-001
✓ Aggregator connected: aggregator-001 from 127.0.0.1
✓ Sent 334325 bytes to aggregator-001 (1.52ms)
Session completed with aggregator-001
[2025-12-10 08:04:52] Meter 54: Generated 1.037 kWh (encrypted: 334471 bytes, 4.478 ms)
[2025-12-10 08:05:12] Meter 54: Generated 6.102 kWh (encrypted: 334413 bytes, 4.546 ms)
[2025-12-10 08:05:32] Meter 54: Generated 6.682 kWh (encrypted: 334303 bytes, 5.325 ms)
[2025-12-10 08:05:44] NETWORK INFO: Server authentication successful for node: aggregator-001
✓ Aggregator connected: aggregator-001 from 127.0.0.1
✓ Sent 334303 bytes to aggregator-001 (5.53ms)
Session completed with aggregator-001
[2025-12-10 08:05:52] Meter 54: Generated 4.605 kWh (encrypted: 334330 bytes, 4.832 ms)
[2025-12-10 08:06:12] Meter 54: Generated 3.046 kWh (encrypted: 334435 bytes, 18.546 ms)
[2025-12-10 08:06:32] Meter 54: Generated 3.070 kWh (encrypted: 334288 bytes, 5.950 ms)
[2025-12-10 08:06:50] NETWORK INFO: Server authentication successful for node: aggregator-001
✓ Aggregator connected: aggregator-001 from 127.0.0.1
✓ Sent 334288 bytes to aggregator-001 (4.34ms)
Session completed with aggregator-001
[2025-12-10 08:06:52] Meter 54: Generated 3.197 kWh (encrypted: 334455 bytes, 4.581 ms)
[2025-12-10 08:07:12] Meter 54: Generated 5.351 kWh (encrypted: 334455 bytes, 5.014 ms)
[2025-12-10 08:07:32] Meter 54: Generated 6.829 kWh (encrypted: 334280 bytes, 5.671 ms)
[2025-12-10 08:07:52] Meter 54: Generated 7.513 kWh (encrypted: 334104 bytes, 5.691 ms)
[2025-12-10 08:07:56] NETWORK INFO: Server authentication successful for node: aggregator-001
✓ Aggregator connected: aggregator-001 from 127.0.0.1
✓ Sent 334104 bytes to aggregator-001 (0.36ms)
Session completed with aggregator-001
[2025-12-10 08:08:12] Meter 54: Generated 2.856 kWh (encrypted: 333353 bytes, 6.558 ms)
[2025-12-10 08:08:32] Meter 54: Generated 4.791 kWh (encrypted: 334457 bytes, 4.654 ms)
[2025-12-10 08:08:52] Meter 54: Generated 1.188 kWh (encrypted: 334089 bytes, 7.291 ms)
[2025-12-10 08:09:01] NETWORK INFO: Server authentication successful for node: aggregator-001
✓ Aggregator connected: aggregator-001 from 127.0.0.1
✓ Sent 334089 bytes to aggregator-001 (2.25ms)
Session completed with aggregator-001
[2025-12-10 08:09:12] Meter 54: Generated 5.538 kWh (encrypted: 334333 bytes, 6.994 ms)
[2025-12-10 08:09:32] Meter 54: Generated 5.859 kWh (encrypted: 334452 bytes, 4.652 ms)
[2025-12-10 08:09:52] Meter 54: Generated 6.041 kWh (encrypted: 334381 bytes, 6.583 ms)
[2025-12-10 08:10:06] NETWORK INFO: Server authentication successful for node: aggregator-001
✓ Aggregator connected: aggregator-001 from 127.0.0.1
✓ Sent 334381 bytes to aggregator-001 (0.42ms)
Session completed with aggregator-001
[2025-12-10 08:10:12] Meter 54: Generated 6.420 kWh (encrypted: 334223 bytes, 4.595 ms)
[2025-12-10 08:10:32] Meter 54: Generated 6.639 kWh (encrypted: 334240 bytes, 4.810 ms)
[2025-12-10 08:10:52] Meter 54: Generated 1.295 kWh (encrypted: 334317 bytes, 4.946 ms)
[2025-12-10 08:11:12] NETWORK INFO: Server authentication successful for node: aggregator-001
✓ Aggregator connected: aggregator-001 from 127.0.0.1
✓ Sent 334317 bytes to aggregator-001 (0.38ms)
Session completed with aggregator-001
[2025-12-10 08:11:12] Meter 54: Generated 7.057 kWh (encrypted: 334144 bytes, 5.166 ms)
[2025-12-10 08:11:32] Meter 54: Generated 4.411 kWh (encrypted: 334388 bytes, 5.039 ms)
[2025-12-10 08:11:52] Meter 54: Generated 7.144 kWh (encrypted: 334201 bytes, 4.840 ms)
[2025-12-10 08:12:12] Meter 54: Generated 5.098 kWh (encrypted: 334180 bytes, 4.840 ms)
[2025-12-10 08:12:17] NETWORK INFO: Server authentication successful for node: aggregator-001
✓ Aggregator connected: aggregator-001 from 127.0.0.1
✓ Sent 334180 bytes to aggregator-001 (0.36ms)
Session completed with aggregator-001
[2025-12-10 08:12:32] Meter 54: Generated 2.180 kWh (encrypted: 334063 bytes, 5.610 ms)

Received shutdown signal. Gracefully shutting down smart meter...
Network server thread stopped
Data generation thread stopped
Smart meter 54 shutdown complete
