=== Continuous Smart Meter Server 208 ===
Initializing for continuous operation...
SEAL context initialized
Loaded certificate: smart-meter-208
Requesting public keys from KDC...
[2025-12-10 07:59:20] NETWORK ERROR: Failed to connect to 127.0.0.1:8444: Connection refused
Error: Failed to connect to KDC at 127.0.0.1:8444
Error: Failed to send key request to KDC
Failed to obtain keys from KDC, falling back to file keys
Loaded keys from fallback files
Cryptographic components initialized
[2025-12-10 07:59:20] NETWORK INFO: Server socket created and listening on port 9208
✓ Smart meter server ready on port 9208
Data transmission interval: 20 seconds (15x accelerated - simulates 5min)
✓ Performance metrics CSV files initialized in performance_data/
Starting continuous smart meter operation...
Press Ctrl+C to stop gracefully
Data generation thread started
Network server thread started on port 9208
[2025-12-10 07:59:26] NETWORK INFO: Server authentication successful for node: aggregator-001
✓ Aggregator connected: aggregator-001 from 127.0.0.1
[2025-12-10 07:59:40] Meter 208: Generated 3.022 kWh (encrypted: 334420 bytes, 4.928 ms)
✓ Sent 334420 bytes to aggregator-001 (0.65ms)
Session completed with aggregator-001
[2025-12-10 08:00:00] Meter 208: Generated 4.235 kWh (encrypted: 334415 bytes, 4.390 ms)
[2025-12-10 08:00:20] Meter 208: Generated 2.535 kWh (encrypted: 334158 bytes, 4.523 ms)
[2025-12-10 08:00:28] NETWORK INFO: Server authentication successful for node: aggregator-001
✓ Aggregator connected: aggregator-001 from 127.0.0.1
✓ Sent 334158 bytes to aggregator-001 (0.37ms)
Session completed with aggregator-001
[2025-12-10 08:00:40] Meter 208: Generated 1.443 kWh (encrypted: 334328 bytes, 5.113 ms)
[2025-12-10 08:01:00] Meter 208: Generated 2.511 kWh (encrypted: 334052 bytes, 4.615 ms)
[2025-12-10 08:01:20] Meter 208: Generated 1.464 kWh (encrypted: 334436 bytes, 6.537 ms)
[2025-12-10 08:01:31] NETWORK INFO: Server authentication successful for node: aggregator-001
✓ Aggregator connected: aggregator-001 from 127.0.0.1
✓ Sent 334436 bytes to aggregator-001 (0.37ms)
Session completed with aggregator-001
[2025-12-10 08:01:40] Meter 208: Generated 1.883 kWh (encrypted: 334095 bytes, 4.476 ms)
[2025-12-10 08:02:00] Meter 208: Generated 7.429 kWh (encrypted: 334413 bytes, 4.526 ms)
[2025-12-10 08:02:20] Meter 208: Generated 6.397 kWh (encrypted: 334296 bytes, 4.302 ms)
[2025-12-10 08:02:33] NETWORK INFO: Server authentication successful for node: aggregator-001
✓ Aggregator connected: aggregator-001 from 127.0.0.1
✓ Sent 334296 bytes to aggregator-001 (24.59ms)
Session completed with aggregator-001
[2025-12-10 08:02:40] Meter 208: Generated 3.911 kWh (encrypted: 334095 bytes, 4.629 ms)
[2025-12-10 08:03:00] Meter 208: Generated 0.971 kWh (encrypted: 334429 bytes, 4.836 ms)
[2025-12-10 08:03:20] Meter 208: Generated 1.200 kWh (encrypted: 334460 bytes, 4.883 ms)
[2025-12-10 08:03:36] NETWORK INFO: Server authentication successful for node: aggregator-001
✓ Aggregator connected: aggregator-001 from 127.0.0.1
✓ Sent 334460 bytes to aggregator-001 (0.38ms)
Session completed with aggregator-001
[2025-12-10 08:03:40] Meter 208: Generated 2.067 kWh (encrypted: 334260 bytes, 4.729 ms)
[2025-12-10 08:04:00] Meter 208: Generated 4.742 kWh (encrypted: 334322 bytes, 4.598 ms)
[2025-12-10 08:04:20] Meter 208: Generated 1.639 kWh (encrypted: 334442 bytes, 5.141 ms)
[2025-12-10 08:04:39] NETWORK INFO: Server authentication successful for node: aggregator-001
✓ Aggregator connected: aggregator-001 from 127.0.0.1
✓ Sent 334442 bytes to aggregator-001 (0.38ms)
Session completed with aggregator-001
[2025-12-10 08:04:40] Meter 208: Generated 3.753 kWh (encrypted: 333350 bytes, 6.553 ms)
[2025-12-10 08:05:00] Meter 208: Generated 5.528 kWh (encrypted: 334422 bytes, 4.970 ms)
[2025-12-10 08:05:20] Meter 208: Generated 2.601 kWh (encrypted: 334394 bytes, 4.646 ms)
[2025-12-10 08:05:40] Meter 208: Generated 1.374 kWh (encrypted: 333909 bytes, 4.561 ms)
[2025-12-10 08:05:44] NETWORK INFO: Server authentication successful for node: aggregator-001
✓ Aggregator connected: aggregator-001 from 127.0.0.1
✓ Sent 333909 bytes to aggregator-001 (0.36ms)
Session completed with aggregator-001
[2025-12-10 08:06:00] Meter 208: Generated 1.727 kWh (encrypted: 334310 bytes, 7.261 ms)
[2025-12-10 08:06:20] Meter 208: Generated 7.330 kWh (encrypted: 334062 bytes, 6.183 ms)
[2025-12-10 08:06:40] Meter 208: Generated 3.009 kWh (encrypted: 334384 bytes, 6.508 ms)
[2025-12-10 08:06:50] NETWORK INFO: Server authentication successful for node: aggregator-001
✓ Aggregator connected: aggregator-001 from 127.0.0.1
✓ Sent 334384 bytes to aggregator-001 (1.00ms)
Session completed with aggregator-001
[2025-12-10 08:07:00] Meter 208: Generated 6.188 kWh (encrypted: 334470 bytes, 5.620 ms)
[2025-12-10 08:07:20] Meter 208: Generated 1.735 kWh (encrypted: 334395 bytes, 5.349 ms)
[2025-12-10 08:07:40] Meter 208: Generated 5.259 kWh (encrypted: 334159 bytes, 5.069 ms)
[2025-12-10 08:07:56] NETWORK INFO: Server authentication successful for node: aggregator-001
✓ Aggregator connected: aggregator-001 from 127.0.0.1
✓ Sent 334159 bytes to aggregator-001 (6.48ms)
Session completed with aggregator-001
[2025-12-10 08:08:00] Meter 208: Generated 0.863 kWh (encrypted: 334440 bytes, 4.500 ms)
[2025-12-10 08:08:20] Meter 208: Generated 6.392 kWh (encrypted: 334424 bytes, 6.620 ms)
[2025-12-10 08:08:40] Meter 208: Generated 4.137 kWh (encrypted: 334459 bytes, 4.609 ms)
[2025-12-10 08:09:00] Meter 208: Generated 1.355 kWh (encrypted: 334370 bytes, 6.574 ms)
[2025-12-10 08:09:01] NETWORK INFO: Server authentication successful for node: aggregator-001
✓ Aggregator connected: aggregator-001 from 127.0.0.1
✓ Sent 334370 bytes to aggregator-001 (0.46ms)
Session completed with aggregator-001
[2025-12-10 08:09:20] Meter 208: Generated 7.093 kWh (encrypted: 334504 bytes, 4.418 ms)
[2025-12-10 08:09:40] Meter 208: Generated 2.249 kWh (encrypted: 334434 bytes, 5.052 ms)
[2025-12-10 08:10:00] Meter 208: Generated 4.892 kWh (encrypted: 334367 bytes, 4.888 ms)
[2025-12-10 08:10:06] NETWORK INFO: Server authentication successful for node: aggregator-001
✓ Aggregator connected: aggregator-001 from 127.0.0.1
✓ Sent 334367 bytes to aggregator-001 (0.39ms)
Session completed with aggregator-001
[2025-12-10 08:10:20] Meter 208: Generated 4.413 kWh (encrypted: 334319 bytes, 6.491 ms)
[2025-12-10 08:10:40] Meter 208: Generated 1.777 kWh (encrypted: 334424 bytes, 4.677 ms)
[2025-12-10 08:11:00] Meter 208: Generated 3.042 kWh (encrypted: 334421 bytes, 6.695 ms)
[2025-12-10 08:11:12] NETWORK INFO: Server authentication successful for node: aggregator-001
✓ Aggregator connected: aggregator-001 from 127.0.0.1
✓ Sent 334421 bytes to aggregator-001 (0.40ms)
Session completed with aggregator-001
[2025-12-10 08:11:20] Meter 208: Generated 7.206 kWh (encrypted: 334391 bytes, 4.636 ms)
[2025-12-10 08:11:40] Meter 208: Generated 6.591 kWh (encrypted: 334439 bytes, 5.835 ms)
[2025-12-10 08:12:00] Meter 208: Generated 6.589 kWh (encrypted: 334290 bytes, 7.798 ms)
[2025-12-10 08:12:17] NETWORK INFO: Server authentication successful for node: aggregator-001
✓ Aggregator connected: aggregator-001 from 127.0.0.1
✓ Sent 334290 bytes to aggregator-001 (0.38ms)
Session completed with aggregator-001
[2025-12-10 08:12:20] Meter 208: Generated 6.284 kWh (encrypted: 334404 bytes, 7.845 ms)

Received shutdown signal. Gracefully shutting down smart meter...
Network server thread stopped
Data generation thread stopped
Smart meter 208 shutdown complete
