=== Continuous Smart Meter Server 259 ===
Initializing for continuous operation...
SEAL context initialized
Loaded certificate: smart-meter-259
Requesting public keys from KDC...
[2025-12-10 08:00:23] NETWORK ERROR: Failed to connect to 127.0.0.1:8444: Connection refused
Error: Failed to connect to KDC at 127.0.0.1:8444
Error: Failed to send key request to KDC
Failed to obtain keys from KDC, falling back to file keys
Loaded keys from fallback files
Cryptographic components initialized
[2025-12-10 08:00:23] NETWORK INFO: Server socket created and listening on port 9259
✓ Smart meter server ready on port 9259
Data transmission interval: 20 seconds (15x accelerated - simulates 5min)
✓ Performance metrics CSV files initialized in performance_data/
Starting continuous smart meter operation...
Press Ctrl+C to stop gracefully
Data generation thread started
Network server thread started on port 9259
[2025-12-10 08:00:28] NETWORK INFO: Server authentication successful for node: aggregator-001
✓ Aggregator connected: aggregator-001 from 127.0.0.1
[2025-12-10 08:00:43] Meter 259: Generated 3.006 kWh (encrypted: 334447 bytes, 5.663 ms)
✓ Sent 334447 bytes to aggregator-001 (0.85ms)
Session completed with aggregator-001
[2025-12-10 08:01:03] Meter 259: Generated 4.780 kWh (encrypted: 334308 bytes, 4.729 ms)
[2025-12-10 08:01:23] Meter 259: Generated 3.869 kWh (encrypted: 334456 bytes, 4.813 ms)
[2025-12-10 08:01:31] NETWORK INFO: Server authentication successful for node: aggregator-001
✓ Aggregator connected: aggregator-001 from 127.0.0.1
✓ Sent 334456 bytes to aggregator-001 (9.24ms)
Session completed with aggregator-001
[2025-12-10 08:01:43] Meter 259: Generated 1.664 kWh (encrypted: 334325 bytes, 5.173 ms)
[2025-12-10 08:02:03] Meter 259: Generated 6.133 kWh (encrypted: 334144 bytes, 4.994 ms)
[2025-12-10 08:02:23] Meter 259: Generated 4.256 kWh (encrypted: 334400 bytes, 5.016 ms)
[2025-12-10 08:02:33] NETWORK INFO: Server authentication successful for node: aggregator-001
✓ Aggregator connected: aggregator-001 from 127.0.0.1
✓ Sent 334400 bytes to aggregator-001 (0.41ms)
Session completed with aggregator-001
[2025-12-10 08:02:43] Meter 259: Generated 1.080 kWh (encrypted: 334341 bytes, 4.871 ms)
[2025-12-10 08:03:03] Meter 259: Generated 4.666 kWh (encrypted: 334134 bytes, 4.749 ms)
[2025-12-10 08:03:23] Meter 259: Generated 5.172 kWh (encrypted: 334235 bytes, 6.521 ms)
[2025-12-10 08:03:36] NETWORK INFO: Server authentication successful for node: aggregator-001
✓ Aggregator connected: aggregator-001 from 127.0.0.1
✓ Sent 334235 bytes to aggregator-001 (0.39ms)
Session completed with aggregator-001
[2025-12-10 08:03:43] Meter 259: Generated 1.061 kWh (encrypted: 334491 bytes, 4.871 ms)
[2025-12-10 08:04:03] Meter 259: Generated 2.598 kWh (encrypted: 334290 bytes, 5.616 ms)
[2025-12-10 08:04:23] Meter 259: Generated 5.204 kWh (encrypted: 334165 bytes, 4.525 ms)
[2025-12-10 08:04:39] NETWORK INFO: Server authentication successful for node: aggregator-001
✓ Aggregator connected: aggregator-001 from 127.0.0.1
✓ Sent 334165 bytes to aggregator-001 (0.35ms)
Session completed with aggregator-001
[2025-12-10 08:04:43] Meter 259: Generated 6.749 kWh (encrypted: 334288 bytes, 10.338 ms)
[2025-12-10 08:05:03] Meter 259: Generated 7.357 kWh (encrypted: 334412 bytes, 4.669 ms)
[2025-12-10 08:05:23] Meter 259: Generated 3.407 kWh (encrypted: 334486 bytes, 5.103 ms)
[2025-12-10 08:05:43] Meter 259: Generated 3.525 kWh (encrypted: 334362 bytes, 4.698 ms)
[2025-12-10 08:05:44] NETWORK INFO: Server authentication successful for node: aggregator-001
✓ Aggregator connected: aggregator-001 from 127.0.0.1
✓ Sent 334362 bytes to aggregator-001 (0.40ms)
Session completed with aggregator-001
[2025-12-10 08:06:03] Meter 259: Generated 3.922 kWh (encrypted: 334144 bytes, 4.420 ms)
[2025-12-10 08:06:23] Meter 259: Generated 2.586 kWh (encrypted: 334013 bytes, 6.329 ms)
[2025-12-10 08:06:43] Meter 259: Generated 4.959 kWh (encrypted: 334482 bytes, 4.498 ms)
[2025-12-10 08:06:50] NETWORK INFO: Server authentication successful for node: aggregator-001
✓ Aggregator connected: aggregator-001 from 127.0.0.1
✓ Sent 334482 bytes to aggregator-001 (0.59ms)
Session completed with aggregator-001
[2025-12-10 08:07:03] Meter 259: Generated 5.234 kWh (encrypted: 334415 bytes, 5.951 ms)
[2025-12-10 08:07:23] Meter 259: Generated 4.411 kWh (encrypted: 334119 bytes, 4.674 ms)
[2025-12-10 08:07:43] Meter 259: Generated 3.563 kWh (encrypted: 334102 bytes, 6.748 ms)
[2025-12-10 08:07:55] NETWORK INFO: Server authentication successful for node: aggregator-001
✓ Aggregator connected: aggregator-001 from 127.0.0.1
✓ Sent 334102 bytes to aggregator-001 (0.36ms)
Session completed with aggregator-001
[2025-12-10 08:08:03] Meter 259: Generated 6.231 kWh (encrypted: 334376 bytes, 4.743 ms)
[2025-12-10 08:08:23] Meter 259: Generated 4.002 kWh (encrypted: 334333 bytes, 4.978 ms)
[2025-12-10 08:08:43] Meter 259: Generated 3.312 kWh (encrypted: 334349 bytes, 4.628 ms)
[2025-12-10 08:09:01] NETWORK INFO: Server authentication successful for node: aggregator-001
✓ Aggregator connected: aggregator-001 from 127.0.0.1
✓ Sent 334349 bytes to aggregator-001 (4.16ms)
Session completed with aggregator-001
[2025-12-10 08:09:03] Meter 259: Generated 2.694 kWh (encrypted: 334124 bytes, 4.866 ms)
[2025-12-10 08:09:23] Meter 259: Generated 5.427 kWh (encrypted: 334188 bytes, 6.839 ms)
[2025-12-10 08:09:43] Meter 259: Generated 4.549 kWh (encrypted: 334250 bytes, 4.445 ms)
[2025-12-10 08:10:03] Meter 259: Generated 6.413 kWh (encrypted: 334374 bytes, 5.535 ms)
[2025-12-10 08:10:06] NETWORK INFO: Server authentication successful for node: aggregator-001
✓ Aggregator connected: aggregator-001 from 127.0.0.1
✓ Sent 334374 bytes to aggregator-001 (4.84ms)
Session completed with aggregator-001
[2025-12-10 08:10:23] Meter 259: Generated 5.399 kWh (encrypted: 334295 bytes, 4.759 ms)
[2025-12-10 08:10:43] Meter 259: Generated 5.413 kWh (encrypted: 334464 bytes, 6.560 ms)
[2025-12-10 08:11:03] Meter 259: Generated 5.150 kWh (encrypted: 334399 bytes, 6.560 ms)
[2025-12-10 08:11:12] NETWORK INFO: Server authentication successful for node: aggregator-001
✓ Aggregator connected: aggregator-001 from 127.0.0.1
✓ Sent 334399 bytes to aggregator-001 (0.36ms)
Session completed with aggregator-001
[2025-12-10 08:11:23] Meter 259: Generated 3.463 kWh (encrypted: 334160 bytes, 4.540 ms)
[2025-12-10 08:11:43] Meter 259: Generated 7.011 kWh (encrypted: 334220 bytes, 4.766 ms)
[2025-12-10 08:12:03] Meter 259: Generated 1.790 kWh (encrypted: 334160 bytes, 5.822 ms)
[2025-12-10 08:12:17] NETWORK INFO: Server authentication successful for node: aggregator-001
✓ Aggregator connected: aggregator-001 from 127.0.0.1
✓ Sent 334160 bytes to aggregator-001 (1.09ms)
Session completed with aggregator-001
[2025-12-10 08:12:23] Meter 259: Generated 6.178 kWh (encrypted: 333910 bytes, 6.523 ms)

Received shutdown signal. Gracefully shutting down smart meter...
Network server thread stopped
Data generation thread stopped
Smart meter 259 shutdown complete
