=== Continuous Smart Meter Server 221 ===
Initializing for continuous operation...
SEAL context initialized
Loaded certificate: smart-meter-221
Requesting public keys from KDC...
[2025-12-10 07:59:36] NETWORK ERROR: Failed to connect to 127.0.0.1:8444: Connection refused
Error: Failed to connect to KDC at 127.0.0.1:8444
Error: Failed to send key request to KDC
Failed to obtain keys from KDC, falling back to file keys
Loaded keys from fallback files
Cryptographic components initialized
[2025-12-10 07:59:36] NETWORK INFO: Server socket created and listening on port 9221
✓ Smart meter server ready on port 9221
Data transmission interval: 20 seconds (15x accelerated - simulates 5min)
✓ Performance metrics CSV files initialized in performance_data/
Starting continuous smart meter operation...
Press Ctrl+C to stop gracefully
Data generation thread started
Network server thread started on port 9221
[2025-12-10 07:59:56] Meter 221: Generated 2.522 kWh (encrypted: 334211 bytes, 6.782 ms)
[2025-12-10 08:00:16] Meter 221: Generated 5.320 kWh (encrypted: 334425 bytes, 4.361 ms)
[2025-12-10 08:00:28] NETWORK INFO: Server authentication successful for node: aggregator-001
✓ Aggregator connected: aggregator-001 from 127.0.0.1
✓ Sent 334425 bytes to aggregator-001 (47.59ms)
Session completed with aggregator-001
[2025-12-10 08:00:36] Meter 221: Generated 6.097 kWh (encrypted: 334455 bytes, 4.774 ms)
[2025-12-10 08:00:56] Meter 221: Generated 5.040 kWh (encrypted: 334326 bytes, 4.693 ms)
[2025-12-10 08:01:16] Meter 221: Generated 3.897 kWh (encrypted: 334344 bytes, 4.355 ms)
[2025-12-10 08:01:31] NETWORK INFO: Server authentication successful for node: aggregator-001
✓ Aggregator connected: aggregator-001 from 127.0.0.1
✓ Sent 334344 bytes to aggregator-001 (0.38ms)
Session completed with aggregator-001
[2025-12-10 08:01:36] Meter 221: Generated 4.730 kWh (encrypted: 334057 bytes, 4.334 ms)
[2025-12-10 08:01:56] Meter 221: Generated 4.107 kWh (encrypted: 334334 bytes, 4.894 ms)
[2025-12-10 08:02:16] Meter 221: Generated 4.678 kWh (encrypted: 334271 bytes, 6.724 ms)
[2025-12-10 08:02:33] NETWORK INFO: Server authentication successful for node: aggregator-001
✓ Aggregator connected: aggregator-001 from 127.0.0.1
✓ Sent 334271 bytes to aggregator-001 (5.01ms)
Session completed with aggregator-001
[2025-12-10 08:02:36] Meter 221: Generated 1.392 kWh (encrypted: 334263 bytes, 6.997 ms)
[2025-12-10 08:02:56] Meter 221: Generated 2.434 kWh (encrypted: 334468 bytes, 6.457 ms)
[2025-12-10 08:03:16] Meter 221: Generated 7.566 kWh (encrypted: 334415 bytes, 4.718 ms)
[2025-12-10 08:03:36] Meter 221: Generated 1.505 kWh (encrypted: 334468 bytes, 5.475 ms)
[2025-12-10 08:03:36] NETWORK INFO: Server authentication successful for node: aggregator-001
✓ Aggregator connected: aggregator-001 from 127.0.0.1
✓ Sent 334468 bytes to aggregator-001 (0.38ms)
Session completed with aggregator-001
[2025-12-10 08:03:56] Meter 221: Generated 1.979 kWh (encrypted: 334153 bytes, 5.935 ms)
[2025-12-10 08:04:16] Meter 221: Generated 1.069 kWh (encrypted: 334419 bytes, 4.584 ms)
[2025-12-10 08:04:36] Meter 221: Generated 6.818 kWh (encrypted: 334489 bytes, 4.453 ms)
[2025-12-10 08:04:39] NETWORK INFO: Server authentication successful for node: aggregator-001
✓ Aggregator connected: aggregator-001 from 127.0.0.1
✓ Sent 334489 bytes to aggregator-001 (0.38ms)
Session completed with aggregator-001
[2025-12-10 08:04:56] Meter 221: Generated 7.239 kWh (encrypted: 334036 bytes, 4.450 ms)
[2025-12-10 08:05:16] Meter 221: Generated 2.710 kWh (encrypted: 334115 bytes, 4.405 ms)
[2025-12-10 08:05:36] Meter 221: Generated 5.412 kWh (encrypted: 334527 bytes, 4.581 ms)
[2025-12-10 08:05:44] NETWORK INFO: Server authentication successful for node: aggregator-001
✓ Aggregator connected: aggregator-001 from 127.0.0.1
✓ Sent 334527 bytes to aggregator-001 (44.07ms)
Session completed with aggregator-001
[2025-12-10 08:05:56] Meter 221: Generated 2.818 kWh (encrypted: 334386 bytes, 4.444 ms)
[2025-12-10 08:06:16] Meter 221: Generated 3.529 kWh (encrypted: 334417 bytes, 4.464 ms)
[2025-12-10 08:06:36] Meter 221: Generated 2.956 kWh (encrypted: 334246 bytes, 6.344 ms)
[2025-12-10 08:06:50] NETWORK INFO: Server authentication successful for node: aggregator-001
✓ Aggregator connected: aggregator-001 from 127.0.0.1
✓ Sent 334246 bytes to aggregator-001 (0.38ms)
Session completed with aggregator-001
[2025-12-10 08:06:56] Meter 221: Generated 5.632 kWh (encrypted: 334425 bytes, 4.381 ms)
[2025-12-10 08:07:16] Meter 221: Generated 7.283 kWh (encrypted: 334260 bytes, 4.305 ms)
[2025-12-10 08:07:36] Meter 221: Generated 1.512 kWh (encrypted: 334336 bytes, 4.379 ms)
[2025-12-10 08:07:56] NETWORK INFO: Server authentication successful for node: aggregator-001
✓ Aggregator connected: aggregator-001 from 127.0.0.1
✓ Sent 334336 bytes to aggregator-001 (0.42ms)
Session completed with aggregator-001
[2025-12-10 08:07:56] Meter 221: Generated 3.160 kWh (encrypted: 334161 bytes, 4.678 ms)
[2025-12-10 08:08:16] Meter 221: Generated 5.954 kWh (encrypted: 334298 bytes, 7.354 ms)
[2025-12-10 08:08:36] Meter 221: Generated 3.456 kWh (encrypted: 334368 bytes, 4.458 ms)
[2025-12-10 08:08:56] Meter 221: Generated 7.200 kWh (encrypted: 334316 bytes, 6.310 ms)
[2025-12-10 08:09:01] NETWORK INFO: Server authentication successful for node: aggregator-001
✓ Aggregator connected: aggregator-001 from 127.0.0.1
✓ Sent 334316 bytes to aggregator-001 (8.22ms)
Session completed with aggregator-001
[2025-12-10 08:09:16] Meter 221: Generated 2.535 kWh (encrypted: 334356 bytes, 4.411 ms)
[2025-12-10 08:09:36] Meter 221: Generated 1.472 kWh (encrypted: 334312 bytes, 4.850 ms)
[2025-12-10 08:09:56] Meter 221: Generated 0.861 kWh (encrypted: 334419 bytes, 4.919 ms)
[2025-12-10 08:10:06] NETWORK INFO: Server authentication successful for node: aggregator-001
✓ Aggregator connected: aggregator-001 from 127.0.0.1
✓ Sent 334419 bytes to aggregator-001 (0.36ms)
Session completed with aggregator-001
[2025-12-10 08:10:16] Meter 221: Generated 4.559 kWh (encrypted: 334424 bytes, 4.344 ms)
[2025-12-10 08:10:36] Meter 221: Generated 3.263 kWh (encrypted: 334357 bytes, 5.102 ms)
[2025-12-10 08:10:56] Meter 221: Generated 5.655 kWh (encrypted: 334498 bytes, 6.922 ms)
[2025-12-10 08:11:12] NETWORK INFO: Server authentication successful for node: aggregator-001
✓ Aggregator connected: aggregator-001 from 127.0.0.1
✓ Sent 334498 bytes to aggregator-001 (0.35ms)
Session completed with aggregator-001
[2025-12-10 08:11:16] Meter 221: Generated 1.189 kWh (encrypted: 334404 bytes, 11.437 ms)
[2025-12-10 08:11:36] Meter 221: Generated 3.827 kWh (encrypted: 334251 bytes, 4.393 ms)
[2025-12-10 08:11:56] Meter 221: Generated 3.956 kWh (encrypted: 334393 bytes, 4.590 ms)
[2025-12-10 08:12:16] Meter 221: Generated 7.488 kWh (encrypted: 334143 bytes, 6.527 ms)
[2025-12-10 08:12:17] NETWORK INFO: Server authentication successful for node: aggregator-001
✓ Aggregator connected: aggregator-001 from 127.0.0.1
✓ Sent 334143 bytes to aggregator-001 (0.36ms)
Session completed with aggregator-001

Received shutdown signal. Gracefully shutting down smart meter...
Network server thread stopped
Data generation thread stopped
Smart meter 221 shutdown complete
