=== Continuous Smart Meter Server 170 ===
Initializing for continuous operation...
SEAL context initialized
Loaded certificate: smart-meter-170
Requesting public keys from KDC...
[2025-12-10 07:58:33] NETWORK ERROR: Failed to connect to 127.0.0.1:8444: Connection refused
Error: Failed to connect to KDC at 127.0.0.1:8444
Error: Failed to send key request to KDC
Failed to obtain keys from KDC, falling back to file keys
Loaded keys from fallback files
Cryptographic components initialized
[2025-12-10 07:58:33] NETWORK INFO: Server socket created and listening on port 9170
✓ Smart meter server ready on port 9170
Data transmission interval: 20 seconds (15x accelerated - simulates 5min)
✓ Performance metrics CSV files initialized in performance_data/
Starting continuous smart meter operation...
Press Ctrl+C to stop gracefully
Data generation thread started
Network server thread started on port 9170
[2025-12-10 07:58:53] Meter 170: Generated 3.564 kWh (encrypted: 333220 bytes, 5.126 ms)
[2025-12-10 07:59:13] Meter 170: Generated 2.844 kWh (encrypted: 334287 bytes, 4.584 ms)
[2025-12-10 07:59:26] NETWORK INFO: Server authentication successful for node: aggregator-001
✓ Aggregator connected: aggregator-001 from 127.0.0.1
✓ Sent 334287 bytes to aggregator-001 (1.32ms)
Session completed with aggregator-001
[2025-12-10 07:59:33] Meter 170: Generated 7.555 kWh (encrypted: 334030 bytes, 5.141 ms)
[2025-12-10 07:59:53] Meter 170: Generated 2.342 kWh (encrypted: 334229 bytes, 4.362 ms)
[2025-12-10 08:00:13] Meter 170: Generated 1.155 kWh (encrypted: 334424 bytes, 4.775 ms)
[2025-12-10 08:00:28] NETWORK INFO: Server authentication successful for node: aggregator-001
✓ Aggregator connected: aggregator-001 from 127.0.0.1
✓ Sent 334424 bytes to aggregator-001 (0.41ms)
Session completed with aggregator-001
[2025-12-10 08:00:33] Meter 170: Generated 0.836 kWh (encrypted: 334008 bytes, 4.540 ms)
[2025-12-10 08:00:53] Meter 170: Generated 1.841 kWh (encrypted: 333917 bytes, 5.479 ms)
[2025-12-10 08:01:13] Meter 170: Generated 6.137 kWh (encrypted: 334198 bytes, 4.580 ms)
[2025-12-10 08:01:31] NETWORK INFO: Server authentication successful for node: aggregator-001
✓ Aggregator connected: aggregator-001 from 127.0.0.1
✓ Sent 334198 bytes to aggregator-001 (0.37ms)
Session completed with aggregator-001
[2025-12-10 08:01:33] Meter 170: Generated 2.888 kWh (encrypted: 334275 bytes, 4.710 ms)
[2025-12-10 08:01:53] Meter 170: Generated 5.867 kWh (encrypted: 334564 bytes, 5.263 ms)
[2025-12-10 08:02:13] Meter 170: Generated 3.491 kWh (encrypted: 334193 bytes, 5.050 ms)
[2025-12-10 08:02:33] NETWORK INFO: Server authentication successful for node: aggregator-001
✓ Aggregator connected: aggregator-001 from 127.0.0.1
✓ Sent 334193 bytes to aggregator-001 (0.35ms)
Session completed with aggregator-001
[2025-12-10 08:02:33] Meter 170: Generated 1.310 kWh (encrypted: 334440 bytes, 7.398 ms)
[2025-12-10 08:02:53] Meter 170: Generated 3.999 kWh (encrypted: 334402 bytes, 4.812 ms)
[2025-12-10 08:03:13] Meter 170: Generated 4.134 kWh (encrypted: 334464 bytes, 4.596 ms)
[2025-12-10 08:03:33] Meter 170: Generated 2.990 kWh (encrypted: 334041 bytes, 4.626 ms)
[2025-12-10 08:03:36] NETWORK INFO: Server authentication successful for node: aggregator-001
✓ Aggregator connected: aggregator-001 from 127.0.0.1
✓ Sent 334041 bytes to aggregator-001 (0.44ms)
Session completed with aggregator-001
[2025-12-10 08:03:53] Meter 170: Generated 1.582 kWh (encrypted: 334342 bytes, 5.310 ms)
[2025-12-10 08:04:13] Meter 170: Generated 4.788 kWh (encrypted: 334035 bytes, 5.120 ms)
[2025-12-10 08:04:33] Meter 170: Generated 3.973 kWh (encrypted: 334516 bytes, 4.680 ms)
[2025-12-10 08:04:39] NETWORK INFO: Server authentication successful for node: aggregator-001
✓ Aggregator connected: aggregator-001 from 127.0.0.1
✓ Sent 334516 bytes to aggregator-001 (0.39ms)
Session completed with aggregator-001
[2025-12-10 08:04:53] Meter 170: Generated 2.934 kWh (encrypted: 334349 bytes, 5.762 ms)
[2025-12-10 08:05:13] Meter 170: Generated 3.494 kWh (encrypted: 334406 bytes, 4.556 ms)
[2025-12-10 08:05:33] Meter 170: Generated 3.092 kWh (encrypted: 334320 bytes, 4.639 ms)
[2025-12-10 08:05:44] NETWORK INFO: Server authentication successful for node: aggregator-001
✓ Aggregator connected: aggregator-001 from 127.0.0.1
✓ Sent 334320 bytes to aggregator-001 (0.40ms)
Session completed with aggregator-001
[2025-12-10 08:05:53] Meter 170: Generated 4.279 kWh (encrypted: 334063 bytes, 4.877 ms)
[2025-12-10 08:06:13] Meter 170: Generated 1.680 kWh (encrypted: 334312 bytes, 6.698 ms)
[2025-12-10 08:06:33] Meter 170: Generated 4.185 kWh (encrypted: 334372 bytes, 4.728 ms)
[2025-12-10 08:06:50] NETWORK INFO: Server authentication successful for node: aggregator-001
✓ Aggregator connected: aggregator-001 from 127.0.0.1
✓ Sent 334372 bytes to aggregator-001 (0.38ms)
Session completed with aggregator-001
[2025-12-10 08:06:53] Meter 170: Generated 2.710 kWh (encrypted: 333341 bytes, 4.726 ms)
[2025-12-10 08:07:13] Meter 170: Generated 4.796 kWh (encrypted: 334156 bytes, 6.531 ms)
[2025-12-10 08:07:33] Meter 170: Generated 3.296 kWh (encrypted: 334445 bytes, 6.459 ms)
[2025-12-10 08:07:53] Meter 170: Generated 2.638 kWh (encrypted: 333819 bytes, 4.647 ms)
[2025-12-10 08:07:56] NETWORK INFO: Server authentication successful for node: aggregator-001
✓ Aggregator connected: aggregator-001 from 127.0.0.1
✓ Sent 333819 bytes to aggregator-001 (0.36ms)
Session completed with aggregator-001
[2025-12-10 08:08:13] Meter 170: Generated 5.538 kWh (encrypted: 334258 bytes, 4.749 ms)
[2025-12-10 08:08:33] Meter 170: Generated 2.260 kWh (encrypted: 333702 bytes, 6.599 ms)
[2025-12-10 08:08:53] Meter 170: Generated 6.758 kWh (encrypted: 334451 bytes, 6.148 ms)
[2025-12-10 08:09:01] NETWORK INFO: Server authentication successful for node: aggregator-001
✓ Aggregator connected: aggregator-001 from 127.0.0.1
✓ Sent 334451 bytes to aggregator-001 (21.81ms)
Session completed with aggregator-001
[2025-12-10 08:09:13] Meter 170: Generated 6.731 kWh (encrypted: 334371 bytes, 6.443 ms)
[2025-12-10 08:09:33] Meter 170: Generated 1.754 kWh (encrypted: 334208 bytes, 4.917 ms)
[2025-12-10 08:09:54] Meter 170: Generated 5.974 kWh (encrypted: 334288 bytes, 4.892 ms)
[2025-12-10 08:10:06] NETWORK INFO: Server authentication successful for node: aggregator-001
✓ Aggregator connected: aggregator-001 from 127.0.0.1
✓ Sent 334288 bytes to aggregator-001 (0.44ms)
Session completed with aggregator-001
[2025-12-10 08:10:14] Meter 170: Generated 6.910 kWh (encrypted: 334369 bytes, 6.280 ms)
[2025-12-10 08:10:34] Meter 170: Generated 6.863 kWh (encrypted: 334369 bytes, 4.477 ms)
[2025-12-10 08:10:54] Meter 170: Generated 0.906 kWh (encrypted: 334016 bytes, 6.870 ms)
[2025-12-10 08:11:12] NETWORK INFO: Server authentication successful for node: aggregator-001
✓ Aggregator connected: aggregator-001 from 127.0.0.1
✓ Sent 334016 bytes to aggregator-001 (0.35ms)
Session completed with aggregator-001
[2025-12-10 08:11:14] Meter 170: Generated 3.462 kWh (encrypted: 334380 bytes, 5.604 ms)
[2025-12-10 08:11:34] Meter 170: Generated 6.416 kWh (encrypted: 334407 bytes, 4.599 ms)
[2025-12-10 08:11:54] Meter 170: Generated 6.667 kWh (encrypted: 334303 bytes, 5.087 ms)
[2025-12-10 08:12:14] Meter 170: Generated 6.980 kWh (encrypted: 334248 bytes, 8.973 ms)
[2025-12-10 08:12:17] NETWORK INFO: Server authentication successful for node: aggregator-001
✓ Aggregator connected: aggregator-001 from 127.0.0.1
✓ Sent 334248 bytes to aggregator-001 (0.38ms)
Session completed with aggregator-001
[2025-12-10 08:12:34] Meter 170: Generated 7.087 kWh (encrypted: 334128 bytes, 4.507 ms)

Received shutdown signal. Gracefully shutting down smart meter...
Network server thread stopped
Data generation thread stopped
Smart meter 170 shutdown complete
