=== Continuous Smart Meter Server 181 ===
Initializing for continuous operation...
SEAL context initialized
Loaded certificate: smart-meter-181
Requesting public keys from KDC...
[2025-12-10 07:58:47] NETWORK ERROR: Failed to connect to 127.0.0.1:8444: Connection refused
Error: Failed to connect to KDC at 127.0.0.1:8444
Error: Failed to send key request to KDC
Failed to obtain keys from KDC, falling back to file keys
Loaded keys from fallback files
Cryptographic components initialized
[2025-12-10 07:58:47] NETWORK INFO: Server socket created and listening on port 9181
✓ Smart meter server ready on port 9181
Data transmission interval: 20 seconds (15x accelerated - simulates 5min)
✓ Performance metrics CSV files initialized in performance_data/
Starting continuous smart meter operation...
Press Ctrl+C to stop gracefully
Data generation thread started
Network server thread started on port 9181
[2025-12-10 07:59:07] Meter 181: Generated 6.261 kWh (encrypted: 334357 bytes, 4.855 ms)
[2025-12-10 07:59:26] NETWORK INFO: Server authentication successful for node: aggregator-001
✓ Aggregator connected: aggregator-001 from 127.0.0.1
✓ Sent 334357 bytes to aggregator-001 (16.82ms)
Session completed with aggregator-001
[2025-12-10 07:59:27] Meter 181: Generated 2.305 kWh (encrypted: 334134 bytes, 4.654 ms)
[2025-12-10 07:59:47] Meter 181: Generated 0.705 kWh (encrypted: 334415 bytes, 4.224 ms)
[2025-12-10 08:00:07] Meter 181: Generated 3.759 kWh (encrypted: 333272 bytes, 4.626 ms)
[2025-12-10 08:00:27] Meter 181: Generated 5.566 kWh (encrypted: 334313 bytes, 6.269 ms)
[2025-12-10 08:00:28] NETWORK INFO: Server authentication successful for node: aggregator-001
✓ Aggregator connected: aggregator-001 from 127.0.0.1
✓ Sent 334313 bytes to aggregator-001 (11.83ms)
Session completed with aggregator-001
[2025-12-10 08:00:47] Meter 181: Generated 3.570 kWh (encrypted: 334112 bytes, 4.690 ms)
[2025-12-10 08:01:07] Meter 181: Generated 2.387 kWh (encrypted: 334250 bytes, 5.390 ms)
[2025-12-10 08:01:27] Meter 181: Generated 0.893 kWh (encrypted: 334392 bytes, 5.109 ms)
[2025-12-10 08:01:31] NETWORK INFO: Server authentication successful for node: aggregator-001
✓ Aggregator connected: aggregator-001 from 127.0.0.1
✓ Sent 334392 bytes to aggregator-001 (10.27ms)
Session completed with aggregator-001
[2025-12-10 08:01:47] Meter 181: Generated 5.157 kWh (encrypted: 334089 bytes, 4.594 ms)
[2025-12-10 08:02:07] Meter 181: Generated 7.036 kWh (encrypted: 334485 bytes, 4.775 ms)
[2025-12-10 08:02:27] Meter 181: Generated 7.425 kWh (encrypted: 334097 bytes, 4.428 ms)
[2025-12-10 08:02:33] NETWORK INFO: Server authentication successful for node: aggregator-001
✓ Aggregator connected: aggregator-001 from 127.0.0.1
✓ Sent 334097 bytes to aggregator-001 (8.82ms)
Session completed with aggregator-001
[2025-12-10 08:02:47] Meter 181: Generated 2.617 kWh (encrypted: 334302 bytes, 4.560 ms)
[2025-12-10 08:03:07] Meter 181: Generated 5.623 kWh (encrypted: 334456 bytes, 4.525 ms)
[2025-12-10 08:03:27] Meter 181: Generated 6.214 kWh (encrypted: 333684 bytes, 4.365 ms)
[2025-12-10 08:03:36] NETWORK INFO: Server authentication successful for node: aggregator-001
✓ Aggregator connected: aggregator-001 from 127.0.0.1
✓ Sent 333684 bytes to aggregator-001 (3.42ms)
Session completed with aggregator-001
[2025-12-10 08:03:47] Meter 181: Generated 1.299 kWh (encrypted: 334154 bytes, 4.907 ms)
[2025-12-10 08:04:07] Meter 181: Generated 3.345 kWh (encrypted: 334444 bytes, 4.973 ms)
[2025-12-10 08:04:27] Meter 181: Generated 1.073 kWh (encrypted: 334188 bytes, 5.141 ms)
[2025-12-10 08:04:39] NETWORK INFO: Server authentication successful for node: aggregator-001
✓ Aggregator connected: aggregator-001 from 127.0.0.1
✓ Sent 334188 bytes to aggregator-001 (0.36ms)
Session completed with aggregator-001
[2025-12-10 08:04:47] Meter 181: Generated 1.445 kWh (encrypted: 334384 bytes, 5.800 ms)
[2025-12-10 08:05:07] Meter 181: Generated 1.633 kWh (encrypted: 334273 bytes, 4.852 ms)
[2025-12-10 08:05:27] Meter 181: Generated 6.539 kWh (encrypted: 334340 bytes, 6.060 ms)
[2025-12-10 08:05:44] NETWORK INFO: Server authentication successful for node: aggregator-001
✓ Aggregator connected: aggregator-001 from 127.0.0.1
✓ Sent 334340 bytes to aggregator-001 (37.05ms)
Session completed with aggregator-001
[2025-12-10 08:05:47] Meter 181: Generated 3.640 kWh (encrypted: 334337 bytes, 5.759 ms)
[2025-12-10 08:06:07] Meter 181: Generated 5.810 kWh (encrypted: 334070 bytes, 5.279 ms)
[2025-12-10 08:06:27] Meter 181: Generated 6.757 kWh (encrypted: 334451 bytes, 5.255 ms)
[2025-12-10 08:06:47] Meter 181: Generated 3.982 kWh (encrypted: 334294 bytes, 4.397 ms)
[2025-12-10 08:06:50] NETWORK INFO: Server authentication successful for node: aggregator-001
✓ Aggregator connected: aggregator-001 from 127.0.0.1
✓ Sent 334294 bytes to aggregator-001 (1.32ms)
Session completed with aggregator-001
[2025-12-10 08:07:07] Meter 181: Generated 1.104 kWh (encrypted: 334085 bytes, 4.911 ms)
[2025-12-10 08:07:27] Meter 181: Generated 1.152 kWh (encrypted: 334244 bytes, 5.903 ms)
[2025-12-10 08:07:47] Meter 181: Generated 6.050 kWh (encrypted: 334130 bytes, 4.517 ms)
[2025-12-10 08:07:56] NETWORK INFO: Server authentication successful for node: aggregator-001
✓ Aggregator connected: aggregator-001 from 127.0.0.1
✓ Sent 334130 bytes to aggregator-001 (10.33ms)
Session completed with aggregator-001
[2025-12-10 08:08:07] Meter 181: Generated 6.312 kWh (encrypted: 334263 bytes, 6.389 ms)
[2025-12-10 08:08:27] Meter 181: Generated 7.290 kWh (encrypted: 334348 bytes, 4.744 ms)
[2025-12-10 08:08:47] Meter 181: Generated 2.959 kWh (encrypted: 334388 bytes, 5.976 ms)
[2025-12-10 08:09:01] NETWORK INFO: Server authentication successful for node: aggregator-001
✓ Aggregator connected: aggregator-001 from 127.0.0.1
✓ Sent 334388 bytes to aggregator-001 (1.64ms)
Session completed with aggregator-001
[2025-12-10 08:09:07] Meter 181: Generated 5.647 kWh (encrypted: 334418 bytes, 7.010 ms)
[2025-12-10 08:09:27] Meter 181: Generated 6.123 kWh (encrypted: 334359 bytes, 6.223 ms)
[2025-12-10 08:09:47] Meter 181: Generated 5.845 kWh (encrypted: 334396 bytes, 4.596 ms)
[2025-12-10 08:10:06] NETWORK INFO: Server authentication successful for node: aggregator-001
✓ Aggregator connected: aggregator-001 from 127.0.0.1
✓ Sent 334396 bytes to aggregator-001 (0.38ms)
Session completed with aggregator-001
[2025-12-10 08:10:07] Meter 181: Generated 5.187 kWh (encrypted: 334407 bytes, 5.307 ms)
[2025-12-10 08:10:27] Meter 181: Generated 4.102 kWh (encrypted: 334219 bytes, 4.770 ms)
[2025-12-10 08:10:47] Meter 181: Generated 3.448 kWh (encrypted: 334207 bytes, 9.018 ms)
[2025-12-10 08:11:07] Meter 181: Generated 3.013 kWh (encrypted: 334376 bytes, 7.208 ms)
[2025-12-10 08:11:12] NETWORK INFO: Server authentication successful for node: aggregator-001
✓ Aggregator connected: aggregator-001 from 127.0.0.1
✓ Sent 334376 bytes to aggregator-001 (0.37ms)
Session completed with aggregator-001
[2025-12-10 08:11:27] Meter 181: Generated 2.126 kWh (encrypted: 334408 bytes, 7.455 ms)
[2025-12-10 08:11:47] Meter 181: Generated 1.898 kWh (encrypted: 334366 bytes, 7.703 ms)
[2025-12-10 08:12:07] Meter 181: Generated 2.223 kWh (encrypted: 334447 bytes, 12.445 ms)
[2025-12-10 08:12:17] NETWORK INFO: Server authentication successful for node: aggregator-001
✓ Aggregator connected: aggregator-001 from 127.0.0.1
✓ Sent 334447 bytes to aggregator-001 (0.36ms)
Session completed with aggregator-001
[2025-12-10 08:12:27] Meter 181: Generated 5.885 kWh (encrypted: 334376 bytes, 21.264 ms)

Received shutdown signal. Gracefully shutting down smart meter...
Network server thread stopped
Data generation thread stopped
Smart meter 181 shutdown complete
