=== Continuous Smart Meter Server 298 ===
Initializing for continuous operation...
SEAL context initialized
Loaded certificate: smart-meter-298
Requesting public keys from KDC...
[2025-12-10 08:01:11] NETWORK ERROR: Failed to connect to 127.0.0.1:8444: Connection refused
Error: Failed to connect to KDC at 127.0.0.1:8444
Error: Failed to send key request to KDC
Failed to obtain keys from KDC, falling back to file keys
Loaded keys from fallback files
Cryptographic components initialized
[2025-12-10 08:01:11] NETWORK INFO: Server socket created and listening on port 9298
✓ Smart meter server ready on port 9298
Data transmission interval: 20 seconds (15x accelerated - simulates 5min)
✓ Performance metrics CSV files initialized in performance_data/
Starting continuous smart meter operation...
Press Ctrl+C to stop gracefully
Data generation thread started
Network server thread started on port 9298
[2025-12-10 08:01:31] NETWORK INFO: Server authentication successful for node: aggregator-001
✓ Aggregator connected: aggregator-001 from 127.0.0.1
[2025-12-10 08:01:31] Meter 298: Generated 3.366 kWh (encrypted: 334230 bytes, 7.472 ms)
✓ Sent 334230 bytes to aggregator-001 (0.69ms)
Session completed with aggregator-001
[2025-12-10 08:01:51] Meter 298: Generated 1.615 kWh (encrypted: 334458 bytes, 4.655 ms)
[2025-12-10 08:02:11] Meter 298: Generated 5.951 kWh (encrypted: 334208 bytes, 4.561 ms)
[2025-12-10 08:02:31] Meter 298: Generated 2.912 kWh (encrypted: 334064 bytes, 7.315 ms)
[2025-12-10 08:02:33] NETWORK INFO: Server authentication successful for node: aggregator-001
✓ Aggregator connected: aggregator-001 from 127.0.0.1
✓ Sent 334064 bytes to aggregator-001 (0.36ms)
Session completed with aggregator-001
[2025-12-10 08:02:51] Meter 298: Generated 1.927 kWh (encrypted: 334328 bytes, 4.781 ms)
[2025-12-10 08:03:11] Meter 298: Generated 2.334 kWh (encrypted: 334355 bytes, 4.351 ms)
[2025-12-10 08:03:31] Meter 298: Generated 3.700 kWh (encrypted: 333961 bytes, 4.429 ms)
[2025-12-10 08:03:36] NETWORK INFO: Server authentication successful for node: aggregator-001
✓ Aggregator connected: aggregator-001 from 127.0.0.1
✓ Sent 333961 bytes to aggregator-001 (0.42ms)
Session completed with aggregator-001
[2025-12-10 08:03:51] Meter 298: Generated 5.968 kWh (encrypted: 334272 bytes, 5.736 ms)
[2025-12-10 08:04:11] Meter 298: Generated 5.736 kWh (encrypted: 334424 bytes, 5.105 ms)
[2025-12-10 08:04:31] Meter 298: Generated 2.562 kWh (encrypted: 334396 bytes, 4.319 ms)
[2025-12-10 08:04:39] NETWORK INFO: Server authentication successful for node: aggregator-001
✓ Aggregator connected: aggregator-001 from 127.0.0.1
✓ Sent 334396 bytes to aggregator-001 (0.38ms)
Session completed with aggregator-001
[2025-12-10 08:04:51] Meter 298: Generated 5.706 kWh (encrypted: 334214 bytes, 4.578 ms)
[2025-12-10 08:05:11] Meter 298: Generated 4.410 kWh (encrypted: 334400 bytes, 4.648 ms)
[2025-12-10 08:05:31] Meter 298: Generated 3.860 kWh (encrypted: 334500 bytes, 13.474 ms)
[2025-12-10 08:05:44] NETWORK INFO: Server authentication successful for node: aggregator-001
✓ Aggregator connected: aggregator-001 from 127.0.0.1
✓ Sent 334500 bytes to aggregator-001 (0.35ms)
Session completed with aggregator-001
[2025-12-10 08:05:51] Meter 298: Generated 6.387 kWh (encrypted: 334194 bytes, 4.716 ms)
[2025-12-10 08:06:11] Meter 298: Generated 4.807 kWh (encrypted: 334333 bytes, 4.863 ms)
[2025-12-10 08:06:31] Meter 298: Generated 1.892 kWh (encrypted: 334216 bytes, 5.370 ms)
[2025-12-10 08:06:50] NETWORK INFO: Server authentication successful for node: aggregator-001
✓ Aggregator connected: aggregator-001 from 127.0.0.1
✓ Sent 334216 bytes to aggregator-001 (0.34ms)
Session completed with aggregator-001
[2025-12-10 08:06:51] Meter 298: Generated 6.731 kWh (encrypted: 334425 bytes, 4.803 ms)
[2025-12-10 08:07:11] Meter 298: Generated 4.926 kWh (encrypted: 334427 bytes, 4.781 ms)
[2025-12-10 08:07:31] Meter 298: Generated 5.659 kWh (encrypted: 334379 bytes, 4.652 ms)
[2025-12-10 08:07:51] Meter 298: Generated 3.546 kWh (encrypted: 334447 bytes, 4.656 ms)
[2025-12-10 08:07:56] NETWORK INFO: Server authentication successful for node: aggregator-001
✓ Aggregator connected: aggregator-001 from 127.0.0.1
✓ Sent 334447 bytes to aggregator-001 (0.35ms)
Session completed with aggregator-001
[2025-12-10 08:08:11] Meter 298: Generated 5.567 kWh (encrypted: 334375 bytes, 4.668 ms)
[2025-12-10 08:08:31] Meter 298: Generated 0.959 kWh (encrypted: 334382 bytes, 6.572 ms)
[2025-12-10 08:08:51] Meter 298: Generated 1.656 kWh (encrypted: 334378 bytes, 5.331 ms)
[2025-12-10 08:09:01] NETWORK INFO: Server authentication successful for node: aggregator-001
✓ Aggregator connected: aggregator-001 from 127.0.0.1
✓ Sent 334378 bytes to aggregator-001 (1.56ms)
Session completed with aggregator-001
[2025-12-10 08:09:11] Meter 298: Generated 5.174 kWh (encrypted: 334023 bytes, 4.839 ms)
[2025-12-10 08:09:31] Meter 298: Generated 4.408 kWh (encrypted: 334258 bytes, 6.416 ms)
[2025-12-10 08:09:51] Meter 298: Generated 1.397 kWh (encrypted: 334427 bytes, 4.795 ms)
[2025-12-10 08:10:06] NETWORK INFO: Server authentication successful for node: aggregator-001
✓ Aggregator connected: aggregator-001 from 127.0.0.1
✓ Sent 334427 bytes to aggregator-001 (0.42ms)
Session completed with aggregator-001
[2025-12-10 08:10:11] Meter 298: Generated 2.992 kWh (encrypted: 334511 bytes, 7.288 ms)
[2025-12-10 08:10:31] Meter 298: Generated 4.524 kWh (encrypted: 334277 bytes, 6.478 ms)
[2025-12-10 08:10:51] Meter 298: Generated 1.425 kWh (encrypted: 334324 bytes, 4.701 ms)
[2025-12-10 08:11:11] Meter 298: Generated 3.970 kWh (encrypted: 334480 bytes, 4.496 ms)
[2025-12-10 08:11:12] NETWORK INFO: Server authentication successful for node: aggregator-001
✓ Aggregator connected: aggregator-001 from 127.0.0.1
✓ Sent 334480 bytes to aggregator-001 (0.39ms)
Session completed with aggregator-001
[2025-12-10 08:11:32] Meter 298: Generated 3.835 kWh (encrypted: 334329 bytes, 4.891 ms)
[2025-12-10 08:11:52] Meter 298: Generated 0.838 kWh (encrypted: 334471 bytes, 4.445 ms)
[2025-12-10 08:12:12] Meter 298: Generated 2.219 kWh (encrypted: 334129 bytes, 6.733 ms)
[2025-12-10 08:12:17] NETWORK INFO: Server authentication successful for node: aggregator-001
✓ Aggregator connected: aggregator-001 from 127.0.0.1
✓ Sent 334129 bytes to aggregator-001 (0.94ms)
Session completed with aggregator-001
[2025-12-10 08:12:32] Meter 298: Generated 7.393 kWh (encrypted: 334132 bytes, 4.737 ms)

Received shutdown signal. Gracefully shutting down smart meter...
Network server thread stopped
Data generation thread stopped
Smart meter 298 shutdown complete
