=== Continuous Smart Meter Server 398 ===
Initializing for continuous operation...
SEAL context initialized
Loaded certificate: smart-meter-398
Requesting public keys from KDC...
[2025-12-10 08:03:16] NETWORK ERROR: Failed to connect to 127.0.0.1:8444: Connection refused
Error: Failed to connect to KDC at 127.0.0.1:8444
Error: Failed to send key request to KDC
Failed to obtain keys from KDC, falling back to file keys
Loaded keys from fallback files
Cryptographic components initialized
[2025-12-10 08:03:16] NETWORK INFO: Server socket created and listening on port 9398
✓ Smart meter server ready on port 9398
Data transmission interval: 20 seconds (15x accelerated - simulates 5min)
✓ Performance metrics CSV files initialized in performance_data/
Starting continuous smart meter operation...
Press Ctrl+C to stop gracefully
Data generation thread started
Network server thread started on port 9398
[2025-12-10 08:03:36] Meter 398: Generated 1.927 kWh (encrypted: 334447 bytes, 90.002 ms)
[2025-12-10 08:03:36] NETWORK INFO: Server authentication successful for node: aggregator-001
✓ Aggregator connected: aggregator-001 from 127.0.0.1
✓ Sent 334447 bytes to aggregator-001 (0.70ms)
Session completed with aggregator-001
[2025-12-10 08:03:56] Meter 398: Generated 5.272 kWh (encrypted: 334141 bytes, 6.627 ms)
[2025-12-10 08:04:16] Meter 398: Generated 4.581 kWh (encrypted: 334371 bytes, 4.903 ms)
[2025-12-10 08:04:36] Meter 398: Generated 2.580 kWh (encrypted: 334352 bytes, 6.588 ms)
[2025-12-10 08:04:39] NETWORK INFO: Server authentication successful for node: aggregator-001
✓ Aggregator connected: aggregator-001 from 127.0.0.1
✓ Sent 334352 bytes to aggregator-001 (6.69ms)
Session completed with aggregator-001
[2025-12-10 08:04:56] Meter 398: Generated 3.007 kWh (encrypted: 334156 bytes, 4.606 ms)
[2025-12-10 08:05:16] Meter 398: Generated 4.892 kWh (encrypted: 334386 bytes, 4.592 ms)
[2025-12-10 08:05:36] Meter 398: Generated 5.942 kWh (encrypted: 334379 bytes, 4.601 ms)
[2025-12-10 08:05:44] NETWORK INFO: Server authentication successful for node: aggregator-001
✓ Aggregator connected: aggregator-001 from 127.0.0.1
✓ Sent 334379 bytes to aggregator-001 (0.38ms)
Session completed with aggregator-001
[2025-12-10 08:05:56] Meter 398: Generated 4.722 kWh (encrypted: 334277 bytes, 7.293 ms)
[2025-12-10 08:06:16] Meter 398: Generated 4.062 kWh (encrypted: 334485 bytes, 15.513 ms)
[2025-12-10 08:06:36] Meter 398: Generated 4.674 kWh (encrypted: 334186 bytes, 9.785 ms)
[2025-12-10 08:06:50] NETWORK INFO: Server authentication successful for node: aggregator-001
✓ Aggregator connected: aggregator-001 from 127.0.0.1
✓ Sent 334186 bytes to aggregator-001 (0.41ms)
Session completed with aggregator-001
[2025-12-10 08:06:56] Meter 398: Generated 5.338 kWh (encrypted: 334172 bytes, 6.669 ms)
[2025-12-10 08:07:16] Meter 398: Generated 3.317 kWh (encrypted: 334275 bytes, 6.449 ms)
[2025-12-10 08:07:36] Meter 398: Generated 6.514 kWh (encrypted: 334198 bytes, 5.712 ms)
[2025-12-10 08:07:56] NETWORK INFO: Server authentication successful for node: aggregator-001
✓ Aggregator connected: aggregator-001 from 127.0.0.1
✓ Sent 334198 bytes to aggregator-001 (0.42ms)
Session completed with aggregator-001
[2025-12-10 08:07:56] Meter 398: Generated 1.643 kWh (encrypted: 334295 bytes, 6.000 ms)
[2025-12-10 08:08:16] Meter 398: Generated 4.500 kWh (encrypted: 334362 bytes, 12.464 ms)
[2025-12-10 08:08:36] Meter 398: Generated 5.352 kWh (encrypted: 334498 bytes, 6.184 ms)
[2025-12-10 08:08:56] Meter 398: Generated 6.145 kWh (encrypted: 334144 bytes, 10.190 ms)
[2025-12-10 08:09:01] NETWORK INFO: Server authentication successful for node: aggregator-001
✓ Aggregator connected: aggregator-001 from 127.0.0.1
✓ Sent 334144 bytes to aggregator-001 (30.41ms)
Session completed with aggregator-001
[2025-12-10 08:09:16] Meter 398: Generated 2.499 kWh (encrypted: 334404 bytes, 7.533 ms)
[2025-12-10 08:09:36] Meter 398: Generated 7.106 kWh (encrypted: 334411 bytes, 9.087 ms)
[2025-12-10 08:09:56] Meter 398: Generated 5.424 kWh (encrypted: 334440 bytes, 4.458 ms)
[2025-12-10 08:10:06] NETWORK INFO: Server authentication successful for node: aggregator-001
✓ Aggregator connected: aggregator-001 from 127.0.0.1
✓ Sent 334440 bytes to aggregator-001 (0.34ms)
Session completed with aggregator-001
[2025-12-10 08:10:16] Meter 398: Generated 5.745 kWh (encrypted: 334345 bytes, 7.746 ms)
[2025-12-10 08:10:36] Meter 398: Generated 6.846 kWh (encrypted: 333934 bytes, 6.513 ms)
[2025-12-10 08:10:56] Meter 398: Generated 7.107 kWh (encrypted: 334053 bytes, 7.085 ms)
[2025-12-10 08:11:12] NETWORK INFO: Server authentication successful for node: aggregator-001
✓ Aggregator connected: aggregator-001 from 127.0.0.1
✓ Sent 334053 bytes to aggregator-001 (0.39ms)
Session completed with aggregator-001
[2025-12-10 08:11:17] Meter 398: Generated 5.870 kWh (encrypted: 334530 bytes, 17.420 ms)
[2025-12-10 08:11:37] Meter 398: Generated 1.809 kWh (encrypted: 333921 bytes, 4.868 ms)
[2025-12-10 08:11:57] Meter 398: Generated 7.398 kWh (encrypted: 334109 bytes, 10.534 ms)
[2025-12-10 08:12:17] Meter 398: Generated 1.097 kWh (encrypted: 334360 bytes, 5.969 ms)
[2025-12-10 08:12:17] NETWORK INFO: Server authentication successful for node: aggregator-001
✓ Aggregator connected: aggregator-001 from 127.0.0.1
✓ Sent 334360 bytes to aggregator-001 (0.39ms)
Session completed with aggregator-001

Received shutdown signal. Gracefully shutting down smart meter...
Network server thread stopped
Data generation thread stopped
Smart meter 398 shutdown complete
