=== Continuous Smart Meter Server 390 ===
Initializing for continuous operation...
SEAL context initialized
Loaded certificate: smart-meter-390
Requesting public keys from KDC...
[2025-12-10 08:03:06] NETWORK ERROR: Failed to connect to 127.0.0.1:8444: Connection refused
Error: Failed to connect to KDC at 127.0.0.1:8444
Error: Failed to send key request to KDC
Failed to obtain keys from KDC, falling back to file keys
Loaded keys from fallback files
Cryptographic components initialized
[2025-12-10 08:03:06] NETWORK INFO: Server socket created and listening on port 9390
✓ Smart meter server ready on port 9390
Data transmission interval: 20 seconds (15x accelerated - simulates 5min)
✓ Performance metrics CSV files initialized in performance_data/
Starting continuous smart meter operation...
Press Ctrl+C to stop gracefully
Data generation thread started
Network server thread started on port 9390
[2025-12-10 08:03:26] Meter 390: Generated 3.539 kWh (encrypted: 334440 bytes, 7.457 ms)
[2025-12-10 08:03:36] NETWORK INFO: Server authentication successful for node: aggregator-001
✓ Aggregator connected: aggregator-001 from 127.0.0.1
✓ Sent 334440 bytes to aggregator-001 (8.14ms)
Session completed with aggregator-001
[2025-12-10 08:03:46] Meter 390: Generated 3.956 kWh (encrypted: 334130 bytes, 4.580 ms)
[2025-12-10 08:04:06] Meter 390: Generated 5.804 kWh (encrypted: 334039 bytes, 4.682 ms)
[2025-12-10 08:04:26] Meter 390: Generated 1.427 kWh (encrypted: 334131 bytes, 4.914 ms)
[2025-12-10 08:04:40] NETWORK INFO: Server authentication successful for node: aggregator-001
✓ Aggregator connected: aggregator-001 from 127.0.0.1
✓ Sent 334131 bytes to aggregator-001 (0.35ms)
Session completed with aggregator-001
[2025-12-10 08:04:46] Meter 390: Generated 3.767 kWh (encrypted: 334480 bytes, 4.589 ms)
[2025-12-10 08:05:06] Meter 390: Generated 2.047 kWh (encrypted: 334441 bytes, 4.508 ms)
[2025-12-10 08:05:26] Meter 390: Generated 1.813 kWh (encrypted: 334128 bytes, 6.440 ms)
[2025-12-10 08:05:44] NETWORK INFO: Server authentication successful for node: aggregator-001
✓ Aggregator connected: aggregator-001 from 127.0.0.1
✓ Sent 334128 bytes to aggregator-001 (48.62ms)
Session completed with aggregator-001
[2025-12-10 08:05:46] Meter 390: Generated 2.605 kWh (encrypted: 334171 bytes, 6.649 ms)
[2025-12-10 08:06:06] Meter 390: Generated 3.296 kWh (encrypted: 334210 bytes, 6.509 ms)
[2025-12-10 08:06:26] Meter 390: Generated 5.060 kWh (encrypted: 334269 bytes, 4.542 ms)
[2025-12-10 08:06:46] Meter 390: Generated 7.617 kWh (encrypted: 334188 bytes, 6.040 ms)
[2025-12-10 08:06:50] NETWORK INFO: Server authentication successful for node: aggregator-001
✓ Aggregator connected: aggregator-001 from 127.0.0.1
✓ Sent 334188 bytes to aggregator-001 (0.39ms)
Session completed with aggregator-001
[2025-12-10 08:07:06] Meter 390: Generated 3.044 kWh (encrypted: 334224 bytes, 6.829 ms)
[2025-12-10 08:07:26] Meter 390: Generated 1.495 kWh (encrypted: 334460 bytes, 6.309 ms)
[2025-12-10 08:07:46] Meter 390: Generated 6.098 kWh (encrypted: 334284 bytes, 4.396 ms)
[2025-12-10 08:07:56] NETWORK INFO: Server authentication successful for node: aggregator-001
✓ Aggregator connected: aggregator-001 from 127.0.0.1
✓ Sent 334284 bytes to aggregator-001 (20.31ms)
Session completed with aggregator-001
[2025-12-10 08:08:06] Meter 390: Generated 6.159 kWh (encrypted: 334292 bytes, 6.613 ms)
[2025-12-10 08:08:26] Meter 390: Generated 7.559 kWh (encrypted: 334034 bytes, 4.446 ms)
[2025-12-10 08:08:46] Meter 390: Generated 5.004 kWh (encrypted: 334334 bytes, 4.388 ms)
[2025-12-10 08:09:01] NETWORK INFO: Server authentication successful for node: aggregator-001
✓ Aggregator connected: aggregator-001 from 127.0.0.1
✓ Sent 334334 bytes to aggregator-001 (8.16ms)
Session completed with aggregator-001
[2025-12-10 08:09:06] Meter 390: Generated 3.996 kWh (encrypted: 334403 bytes, 4.823 ms)
[2025-12-10 08:09:26] Meter 390: Generated 3.419 kWh (encrypted: 334424 bytes, 6.805 ms)
[2025-12-10 08:09:46] Meter 390: Generated 2.508 kWh (encrypted: 334370 bytes, 11.473 ms)
[2025-12-10 08:10:06] NETWORK INFO: Server authentication successful for node: aggregator-001
✓ Aggregator connected: aggregator-001 from 127.0.0.1
✓ Sent 334370 bytes to aggregator-001 (1.21ms)
Session completed with aggregator-001
[2025-12-10 08:10:06] Meter 390: Generated 4.446 kWh (encrypted: 334547 bytes, 7.402 ms)
[2025-12-10 08:10:26] Meter 390: Generated 5.981 kWh (encrypted: 334227 bytes, 17.760 ms)
[2025-12-10 08:10:46] Meter 390: Generated 7.334 kWh (encrypted: 334351 bytes, 5.984 ms)
[2025-12-10 08:11:06] Meter 390: Generated 4.094 kWh (encrypted: 333813 bytes, 7.757 ms)
[2025-12-10 08:11:12] NETWORK INFO: Server authentication successful for node: aggregator-001
✓ Aggregator connected: aggregator-001 from 127.0.0.1
✓ Sent 333813 bytes to aggregator-001 (4.80ms)
Session completed with aggregator-001
[2025-12-10 08:11:26] Meter 390: Generated 6.483 kWh (encrypted: 334414 bytes, 4.657 ms)
[2025-12-10 08:11:46] Meter 390: Generated 1.885 kWh (encrypted: 333892 bytes, 4.647 ms)
[2025-12-10 08:12:06] Meter 390: Generated 3.277 kWh (encrypted: 334562 bytes, 5.157 ms)
[2025-12-10 08:12:17] NETWORK INFO: Server authentication successful for node: aggregator-001
✓ Aggregator connected: aggregator-001 from 127.0.0.1
✓ Sent 334562 bytes to aggregator-001 (0.35ms)
Session completed with aggregator-001
[2025-12-10 08:12:26] Meter 390: Generated 2.842 kWh (encrypted: 334256 bytes, 6.439 ms)

Received shutdown signal. Gracefully shutting down smart meter...
Network server thread stopped
Data generation thread stopped
Smart meter 390 shutdown complete
