=== Continuous Smart Meter Server 161 ===
Initializing for continuous operation...
SEAL context initialized
Loaded certificate: smart-meter-161
Requesting public keys from KDC...
[2025-12-10 07:58:22] NETWORK ERROR: Failed to connect to 127.0.0.1:8444: Connection refused
Error: Failed to connect to KDC at 127.0.0.1:8444
Error: Failed to send key request to KDC
Failed to obtain keys from KDC, falling back to file keys
Loaded keys from fallback files
Cryptographic components initialized
[2025-12-10 07:58:22] NETWORK INFO: Server socket created and listening on port 9161
✓ Smart meter server ready on port 9161
Data transmission interval: 20 seconds (15x accelerated - simulates 5min)
✓ Performance metrics CSV files initialized in performance_data/
Starting continuous smart meter operation...
Press Ctrl+C to stop gracefully
Data generation thread started
Network server thread started on port 9161
[2025-12-10 07:58:25] NETWORK INFO: Server authentication successful for node: aggregator-001
✓ Aggregator connected: aggregator-001 from 127.0.0.1
[2025-12-10 07:58:42] Meter 161: Generated 6.611 kWh (encrypted: 334385 bytes, 5.524 ms)
✓ Sent 334385 bytes to aggregator-001 (0.68ms)
Session completed with aggregator-001
[2025-12-10 07:59:02] Meter 161: Generated 5.969 kWh (encrypted: 334160 bytes, 4.630 ms)
[2025-12-10 07:59:22] Meter 161: Generated 7.020 kWh (encrypted: 333994 bytes, 4.590 ms)
[2025-12-10 07:59:26] NETWORK INFO: Server authentication successful for node: aggregator-001
✓ Aggregator connected: aggregator-001 from 127.0.0.1
✓ Sent 333994 bytes to aggregator-001 (0.40ms)
Session completed with aggregator-001
[2025-12-10 07:59:42] Meter 161: Generated 5.438 kWh (encrypted: 334474 bytes, 5.210 ms)
[2025-12-10 08:00:02] Meter 161: Generated 1.490 kWh (encrypted: 333296 bytes, 4.373 ms)
[2025-12-10 08:00:22] Meter 161: Generated 6.427 kWh (encrypted: 334355 bytes, 6.428 ms)
[2025-12-10 08:00:28] NETWORK INFO: Server authentication successful for node: aggregator-001
✓ Aggregator connected: aggregator-001 from 127.0.0.1
✓ Sent 334355 bytes to aggregator-001 (0.39ms)
Session completed with aggregator-001
[2025-12-10 08:00:42] Meter 161: Generated 3.558 kWh (encrypted: 333353 bytes, 4.782 ms)
[2025-12-10 08:01:02] Meter 161: Generated 4.478 kWh (encrypted: 334345 bytes, 4.344 ms)
[2025-12-10 08:01:22] Meter 161: Generated 0.889 kWh (encrypted: 333924 bytes, 5.618 ms)
[2025-12-10 08:01:31] NETWORK INFO: Server authentication successful for node: aggregator-001
✓ Aggregator connected: aggregator-001 from 127.0.0.1
✓ Sent 333924 bytes to aggregator-001 (0.36ms)
Session completed with aggregator-001
[2025-12-10 08:01:42] Meter 161: Generated 2.347 kWh (encrypted: 334331 bytes, 4.611 ms)
[2025-12-10 08:02:02] Meter 161: Generated 6.378 kWh (encrypted: 334454 bytes, 4.683 ms)
[2025-12-10 08:02:22] Meter 161: Generated 3.008 kWh (encrypted: 334211 bytes, 4.594 ms)
[2025-12-10 08:02:33] NETWORK INFO: Server authentication successful for node: aggregator-001
✓ Aggregator connected: aggregator-001 from 127.0.0.1
✓ Sent 334211 bytes to aggregator-001 (0.35ms)
Session completed with aggregator-001
[2025-12-10 08:02:42] Meter 161: Generated 3.888 kWh (encrypted: 334453 bytes, 5.046 ms)
[2025-12-10 08:03:02] Meter 161: Generated 2.277 kWh (encrypted: 334382 bytes, 6.120 ms)
[2025-12-10 08:03:22] Meter 161: Generated 5.834 kWh (encrypted: 334093 bytes, 4.734 ms)
[2025-12-10 08:03:36] NETWORK INFO: Server authentication successful for node: aggregator-001
✓ Aggregator connected: aggregator-001 from 127.0.0.1
✓ Sent 334093 bytes to aggregator-001 (22.48ms)
Session completed with aggregator-001
[2025-12-10 08:03:42] Meter 161: Generated 4.915 kWh (encrypted: 334429 bytes, 5.250 ms)
[2025-12-10 08:04:02] Meter 161: Generated 5.500 kWh (encrypted: 334427 bytes, 4.715 ms)
[2025-12-10 08:04:22] Meter 161: Generated 2.191 kWh (encrypted: 334509 bytes, 4.511 ms)
[2025-12-10 08:04:39] NETWORK INFO: Server authentication successful for node: aggregator-001
✓ Aggregator connected: aggregator-001 from 127.0.0.1
✓ Sent 334509 bytes to aggregator-001 (18.24ms)
Session completed with aggregator-001
[2025-12-10 08:04:42] Meter 161: Generated 0.927 kWh (encrypted: 334354 bytes, 4.679 ms)
[2025-12-10 08:05:02] Meter 161: Generated 2.750 kWh (encrypted: 333876 bytes, 7.025 ms)
[2025-12-10 08:05:22] Meter 161: Generated 1.278 kWh (encrypted: 334401 bytes, 4.504 ms)
[2025-12-10 08:05:42] Meter 161: Generated 3.590 kWh (encrypted: 333737 bytes, 4.946 ms)
[2025-12-10 08:05:44] NETWORK INFO: Server authentication successful for node: aggregator-001
✓ Aggregator connected: aggregator-001 from 127.0.0.1
✓ Sent 333737 bytes to aggregator-001 (12.95ms)
Session completed with aggregator-001
[2025-12-10 08:06:02] Meter 161: Generated 5.255 kWh (encrypted: 334384 bytes, 6.479 ms)
[2025-12-10 08:06:22] Meter 161: Generated 2.787 kWh (encrypted: 334154 bytes, 6.164 ms)
[2025-12-10 08:06:42] Meter 161: Generated 2.531 kWh (encrypted: 334414 bytes, 13.666 ms)
[2025-12-10 08:06:50] NETWORK INFO: Server authentication successful for node: aggregator-001
✓ Aggregator connected: aggregator-001 from 127.0.0.1
✓ Sent 334414 bytes to aggregator-001 (0.36ms)
Session completed with aggregator-001
[2025-12-10 08:07:02] Meter 161: Generated 5.953 kWh (encrypted: 334332 bytes, 7.713 ms)
[2025-12-10 08:07:22] Meter 161: Generated 1.701 kWh (encrypted: 334390 bytes, 28.122 ms)
[2025-12-10 08:07:42] Meter 161: Generated 3.773 kWh (encrypted: 334348 bytes, 5.965 ms)
[2025-12-10 08:07:56] NETWORK INFO: Server authentication successful for node: aggregator-001
✓ Aggregator connected: aggregator-001 from 127.0.0.1
✓ Sent 334348 bytes to aggregator-001 (8.41ms)
Session completed with aggregator-001
[2025-12-10 08:08:02] Meter 161: Generated 5.009 kWh (encrypted: 334179 bytes, 4.468 ms)
[2025-12-10 08:08:22] Meter 161: Generated 0.761 kWh (encrypted: 334430 bytes, 8.956 ms)
[2025-12-10 08:08:43] Meter 161: Generated 5.916 kWh (encrypted: 334448 bytes, 4.773 ms)
[2025-12-10 08:09:01] NETWORK INFO: Server authentication successful for node: aggregator-001
✓ Aggregator connected: aggregator-001 from 127.0.0.1
✓ Sent 334448 bytes to aggregator-001 (0.42ms)
Session completed with aggregator-001
[2025-12-10 08:09:03] Meter 161: Generated 6.176 kWh (encrypted: 334456 bytes, 6.259 ms)
[2025-12-10 08:09:23] Meter 161: Generated 2.317 kWh (encrypted: 334100 bytes, 4.831 ms)
[2025-12-10 08:09:43] Meter 161: Generated 6.632 kWh (encrypted: 334356 bytes, 5.052 ms)
[2025-12-10 08:10:03] Meter 161: Generated 3.610 kWh (encrypted: 334150 bytes, 4.520 ms)
[2025-12-10 08:10:06] NETWORK INFO: Server authentication successful for node: aggregator-001
✓ Aggregator connected: aggregator-001 from 127.0.0.1
✓ Sent 334150 bytes to aggregator-001 (0.42ms)
Session completed with aggregator-001
[2025-12-10 08:10:23] Meter 161: Generated 4.806 kWh (encrypted: 334435 bytes, 15.066 ms)
[2025-12-10 08:10:43] Meter 161: Generated 6.904 kWh (encrypted: 334139 bytes, 4.930 ms)
[2025-12-10 08:11:03] Meter 161: Generated 3.881 kWh (encrypted: 334222 bytes, 8.392 ms)
[2025-12-10 08:11:12] NETWORK INFO: Server authentication successful for node: aggregator-001
✓ Aggregator connected: aggregator-001 from 127.0.0.1
✓ Sent 334222 bytes to aggregator-001 (2.09ms)
Session completed with aggregator-001
[2025-12-10 08:11:23] Meter 161: Generated 7.285 kWh (encrypted: 334515 bytes, 10.182 ms)
[2025-12-10 08:11:43] Meter 161: Generated 6.823 kWh (encrypted: 334421 bytes, 7.133 ms)
[2025-12-10 08:12:03] Meter 161: Generated 3.796 kWh (encrypted: 334252 bytes, 6.562 ms)
[2025-12-10 08:12:17] NETWORK INFO: Server authentication successful for node: aggregator-001
✓ Aggregator connected: aggregator-001 from 127.0.0.1
✓ Sent 334252 bytes to aggregator-001 (1.71ms)
Session completed with aggregator-001
[2025-12-10 08:12:23] Meter 161: Generated 5.202 kWh (encrypted: 334391 bytes, 7.141 ms)

Received shutdown signal. Gracefully shutting down smart meter...
Network server thread stopped
Data generation thread stopped
Smart meter 161 shutdown complete
