=== Continuous Smart Meter Server 478 ===
Initializing for continuous operation...
SEAL context initialized
Loaded certificate: smart-meter-478
Requesting public keys from KDC...
[2025-12-10 08:04:57] NETWORK ERROR: Failed to connect to 127.0.0.1:8444: Connection refused
Error: Failed to connect to KDC at 127.0.0.1:8444
Error: Failed to send key request to KDC
Failed to obtain keys from KDC, falling back to file keys
Loaded keys from fallback files
Cryptographic components initialized
[2025-12-10 08:04:57] NETWORK INFO: Server socket created and listening on port 9478
✓ Smart meter server ready on port 9478
Data transmission interval: 20 seconds (15x accelerated - simulates 5min)
✓ Performance metrics CSV files initialized in performance_data/
Starting continuous smart meter operation...
Press Ctrl+C to stop gracefully
Data generation thread started
Network server thread started on port 9478
[2025-12-10 08:05:17] Meter 478: Generated 7.323 kWh (encrypted: 334188 bytes, 5.585 ms)
[2025-12-10 08:05:37] Meter 478: Generated 3.820 kWh (encrypted: 334411 bytes, 4.489 ms)
[2025-12-10 08:05:44] NETWORK INFO: Server authentication successful for node: aggregator-001
✓ Aggregator connected: aggregator-001 from 127.0.0.1
✓ Sent 334411 bytes to aggregator-001 (0.89ms)
Session completed with aggregator-001
[2025-12-10 08:05:57] Meter 478: Generated 2.453 kWh (encrypted: 334412 bytes, 6.391 ms)
[2025-12-10 08:06:17] Meter 478: Generated 5.464 kWh (encrypted: 334290 bytes, 7.900 ms)
[2025-12-10 08:06:37] Meter 478: Generated 5.970 kWh (encrypted: 334252 bytes, 4.789 ms)
[2025-12-10 08:06:50] NETWORK INFO: Server authentication successful for node: aggregator-001
✓ Aggregator connected: aggregator-001 from 127.0.0.1
✓ Sent 334252 bytes to aggregator-001 (0.38ms)
Session completed with aggregator-001
[2025-12-10 08:06:57] Meter 478: Generated 3.822 kWh (encrypted: 334035 bytes, 6.223 ms)
[2025-12-10 08:07:17] Meter 478: Generated 4.328 kWh (encrypted: 334388 bytes, 4.698 ms)
[2025-12-10 08:07:37] Meter 478: Generated 2.503 kWh (encrypted: 334428 bytes, 4.648 ms)
[2025-12-10 08:07:56] NETWORK INFO: Server authentication successful for node: aggregator-001
✓ Aggregator connected: aggregator-001 from 127.0.0.1
✓ Sent 334428 bytes to aggregator-001 (1.48ms)
Session completed with aggregator-001
[2025-12-10 08:07:57] Meter 478: Generated 4.344 kWh (encrypted: 334336 bytes, 6.719 ms)
[2025-12-10 08:08:17] Meter 478: Generated 7.030 kWh (encrypted: 334119 bytes, 4.778 ms)
[2025-12-10 08:08:37] Meter 478: Generated 2.777 kWh (encrypted: 334431 bytes, 6.396 ms)
[2025-12-10 08:08:57] Meter 478: Generated 1.483 kWh (encrypted: 334136 bytes, 4.827 ms)
[2025-12-10 08:09:01] NETWORK INFO: Server authentication successful for node: aggregator-001
✓ Aggregator connected: aggregator-001 from 127.0.0.1
✓ Sent 334136 bytes to aggregator-001 (0.40ms)
Session completed with aggregator-001
[2025-12-10 08:09:17] Meter 478: Generated 6.263 kWh (encrypted: 334346 bytes, 4.967 ms)
[2025-12-10 08:09:37] Meter 478: Generated 5.910 kWh (encrypted: 334301 bytes, 4.528 ms)
[2025-12-10 08:09:57] Meter 478: Generated 7.137 kWh (encrypted: 334402 bytes, 4.556 ms)
[2025-12-10 08:10:06] NETWORK INFO: Server authentication successful for node: aggregator-001
✓ Aggregator connected: aggregator-001 from 127.0.0.1
✓ Sent 334402 bytes to aggregator-001 (41.29ms)
Session completed with aggregator-001
[2025-12-10 08:10:17] Meter 478: Generated 2.559 kWh (encrypted: 334499 bytes, 5.369 ms)
[2025-12-10 08:10:37] Meter 478: Generated 3.878 kWh (encrypted: 334119 bytes, 5.523 ms)
[2025-12-10 08:10:57] Meter 478: Generated 0.785 kWh (encrypted: 334375 bytes, 6.694 ms)
[2025-12-10 08:11:12] NETWORK INFO: Server authentication successful for node: aggregator-001
✓ Aggregator connected: aggregator-001 from 127.0.0.1
✓ Sent 334375 bytes to aggregator-001 (0.40ms)
Session completed with aggregator-001
[2025-12-10 08:11:17] Meter 478: Generated 1.210 kWh (encrypted: 334390 bytes, 5.509 ms)
[2025-12-10 08:11:37] Meter 478: Generated 3.121 kWh (encrypted: 334329 bytes, 4.834 ms)
[2025-12-10 08:11:57] Meter 478: Generated 1.743 kWh (encrypted: 334303 bytes, 4.709 ms)
[2025-12-10 08:12:17] NETWORK INFO: Server authentication successful for node: aggregator-001
✓ Aggregator connected: aggregator-001 from 127.0.0.1
✓ Sent 334303 bytes to aggregator-001 (0.56ms)
Session completed with aggregator-001
[2025-12-10 08:12:17] Meter 478: Generated 3.550 kWh (encrypted: 334471 bytes, 4.505 ms)

Received shutdown signal. Gracefully shutting down smart meter...
Network server thread stopped
Data generation thread stopped
Smart meter 478 shutdown complete
