=== Continuous Smart Meter Server 295 ===
Initializing for continuous operation...
SEAL context initialized
Loaded certificate: smart-meter-295
Requesting public keys from KDC...
[2025-12-10 08:01:07] NETWORK ERROR: Failed to connect to 127.0.0.1:8444: Connection refused
Error: Failed to connect to KDC at 127.0.0.1:8444
Error: Failed to send key request to KDC
Failed to obtain keys from KDC, falling back to file keys
Loaded keys from fallback files
Cryptographic components initialized
[2025-12-10 08:01:07] NETWORK INFO: Server socket created and listening on port 9295
✓ Smart meter server ready on port 9295
Data transmission interval: 20 seconds (15x accelerated - simulates 5min)
✓ Performance metrics CSV files initialized in performance_data/
Starting continuous smart meter operation...
Press Ctrl+C to stop gracefully
Data generation thread started
Network server thread started on port 9295
[2025-12-10 08:01:27] Meter 295: Generated 6.982 kWh (encrypted: 333860 bytes, 6.386 ms)
[2025-12-10 08:01:31] NETWORK INFO: Server authentication successful for node: aggregator-001
✓ Aggregator connected: aggregator-001 from 127.0.0.1
✓ Sent 333860 bytes to aggregator-001 (41.60ms)
Session completed with aggregator-001
[2025-12-10 08:01:48] Meter 295: Generated 1.572 kWh (encrypted: 334360 bytes, 5.700 ms)
[2025-12-10 08:02:08] Meter 295: Generated 3.612 kWh (encrypted: 334401 bytes, 4.414 ms)
[2025-12-10 08:02:28] Meter 295: Generated 2.721 kWh (encrypted: 334197 bytes, 6.043 ms)
[2025-12-10 08:02:33] NETWORK INFO: Server authentication successful for node: aggregator-001
✓ Aggregator connected: aggregator-001 from 127.0.0.1
✓ Sent 334197 bytes to aggregator-001 (0.96ms)
Session completed with aggregator-001
[2025-12-10 08:02:48] Meter 295: Generated 1.057 kWh (encrypted: 334389 bytes, 5.058 ms)
[2025-12-10 08:03:08] Meter 295: Generated 1.585 kWh (encrypted: 333966 bytes, 4.470 ms)
[2025-12-10 08:03:28] Meter 295: Generated 5.732 kWh (encrypted: 334342 bytes, 4.863 ms)
[2025-12-10 08:03:36] NETWORK INFO: Server authentication successful for node: aggregator-001
✓ Aggregator connected: aggregator-001 from 127.0.0.1
✓ Sent 334342 bytes to aggregator-001 (0.41ms)
Session completed with aggregator-001
[2025-12-10 08:03:48] Meter 295: Generated 6.990 kWh (encrypted: 334387 bytes, 4.725 ms)
[2025-12-10 08:04:08] Meter 295: Generated 7.160 kWh (encrypted: 334437 bytes, 4.659 ms)
[2025-12-10 08:04:28] Meter 295: Generated 3.429 kWh (encrypted: 334373 bytes, 6.576 ms)
[2025-12-10 08:04:39] NETWORK INFO: Server authentication successful for node: aggregator-001
✓ Aggregator connected: aggregator-001 from 127.0.0.1
✓ Sent 334373 bytes to aggregator-001 (0.35ms)
Session completed with aggregator-001
[2025-12-10 08:04:48] Meter 295: Generated 6.983 kWh (encrypted: 333316 bytes, 5.432 ms)
[2025-12-10 08:05:08] Meter 295: Generated 5.313 kWh (encrypted: 334064 bytes, 5.494 ms)
[2025-12-10 08:05:28] Meter 295: Generated 6.267 kWh (encrypted: 334410 bytes, 5.672 ms)
[2025-12-10 08:05:44] NETWORK INFO: Server authentication successful for node: aggregator-001
✓ Aggregator connected: aggregator-001 from 127.0.0.1
✓ Sent 334410 bytes to aggregator-001 (2.65ms)
Session completed with aggregator-001
[2025-12-10 08:05:48] Meter 295: Generated 4.251 kWh (encrypted: 334113 bytes, 4.799 ms)
[2025-12-10 08:06:08] Meter 295: Generated 5.825 kWh (encrypted: 334447 bytes, 6.527 ms)
[2025-12-10 08:06:28] Meter 295: Generated 3.502 kWh (encrypted: 334195 bytes, 4.545 ms)
[2025-12-10 08:06:48] Meter 295: Generated 4.490 kWh (encrypted: 334131 bytes, 4.388 ms)
[2025-12-10 08:06:50] NETWORK INFO: Server authentication successful for node: aggregator-001
✓ Aggregator connected: aggregator-001 from 127.0.0.1
✓ Sent 334131 bytes to aggregator-001 (0.39ms)
Session completed with aggregator-001
[2025-12-10 08:07:08] Meter 295: Generated 2.469 kWh (encrypted: 334507 bytes, 5.087 ms)
[2025-12-10 08:07:28] Meter 295: Generated 7.035 kWh (encrypted: 333734 bytes, 14.226 ms)
[2025-12-10 08:07:48] Meter 295: Generated 5.357 kWh (encrypted: 334453 bytes, 4.685 ms)
[2025-12-10 08:07:56] NETWORK INFO: Server authentication successful for node: aggregator-001
✓ Aggregator connected: aggregator-001 from 127.0.0.1
✓ Sent 334453 bytes to aggregator-001 (0.37ms)
Session completed with aggregator-001
[2025-12-10 08:08:08] Meter 295: Generated 3.789 kWh (encrypted: 334422 bytes, 6.537 ms)
[2025-12-10 08:08:28] Meter 295: Generated 2.448 kWh (encrypted: 334332 bytes, 5.121 ms)
[2025-12-10 08:08:48] Meter 295: Generated 4.652 kWh (encrypted: 334331 bytes, 4.397 ms)
[2025-12-10 08:09:01] NETWORK INFO: Server authentication successful for node: aggregator-001
✓ Aggregator connected: aggregator-001 from 127.0.0.1
✓ Sent 334331 bytes to aggregator-001 (5.65ms)
Session completed with aggregator-001
[2025-12-10 08:09:08] Meter 295: Generated 1.973 kWh (encrypted: 334468 bytes, 5.908 ms)
[2025-12-10 08:09:28] Meter 295: Generated 1.865 kWh (encrypted: 334381 bytes, 4.949 ms)
[2025-12-10 08:09:48] Meter 295: Generated 6.808 kWh (encrypted: 334484 bytes, 5.926 ms)
[2025-12-10 08:10:06] NETWORK INFO: Server authentication successful for node: aggregator-001
✓ Aggregator connected: aggregator-001 from 127.0.0.1
✓ Sent 334484 bytes to aggregator-001 (33.77ms)
Session completed with aggregator-001
[2025-12-10 08:10:08] Meter 295: Generated 3.843 kWh (encrypted: 334203 bytes, 6.228 ms)
[2025-12-10 08:10:28] Meter 295: Generated 3.510 kWh (encrypted: 334343 bytes, 19.557 ms)
[2025-12-10 08:10:48] Meter 295: Generated 6.954 kWh (encrypted: 334246 bytes, 5.487 ms)
[2025-12-10 08:11:08] Meter 295: Generated 2.294 kWh (encrypted: 334453 bytes, 4.441 ms)
[2025-12-10 08:11:12] NETWORK INFO: Server authentication successful for node: aggregator-001
✓ Aggregator connected: aggregator-001 from 127.0.0.1
✓ Sent 334453 bytes to aggregator-001 (0.36ms)
Session completed with aggregator-001
[2025-12-10 08:11:28] Meter 295: Generated 1.615 kWh (encrypted: 334387 bytes, 7.031 ms)
[2025-12-10 08:11:48] Meter 295: Generated 7.057 kWh (encrypted: 334238 bytes, 5.516 ms)
[2025-12-10 08:12:08] Meter 295: Generated 5.724 kWh (encrypted: 334259 bytes, 6.956 ms)
[2025-12-10 08:12:17] NETWORK INFO: Server authentication successful for node: aggregator-001
✓ Aggregator connected: aggregator-001 from 127.0.0.1
✓ Sent 334259 bytes to aggregator-001 (0.41ms)
Session completed with aggregator-001
[2025-12-10 08:12:28] Meter 295: Generated 1.009 kWh (encrypted: 334407 bytes, 5.732 ms)

Received shutdown signal. Gracefully shutting down smart meter...
Network server thread stopped
Data generation thread stopped
Smart meter 295 shutdown complete
