=== Continuous Smart Meter Server 453 ===
Initializing for continuous operation...
SEAL context initialized
Loaded certificate: smart-meter-453
Requesting public keys from KDC...
[2025-12-10 08:04:25] NETWORK ERROR: Failed to connect to 127.0.0.1:8444: Connection refused
Error: Failed to connect to KDC at 127.0.0.1:8444
Error: Failed to send key request to KDC
Failed to obtain keys from KDC, falling back to file keys
Loaded keys from fallback files
Cryptographic components initialized
[2025-12-10 08:04:25] NETWORK INFO: Server socket created and listening on port 9453
✓ Smart meter server ready on port 9453
Data transmission interval: 20 seconds (15x accelerated - simulates 5min)
✓ Performance metrics CSV files initialized in performance_data/
Starting continuous smart meter operation...
Press Ctrl+C to stop gracefully
Data generation thread started
Network server thread started on port 9453
[2025-12-10 08:04:40] NETWORK INFO: Server authentication successful for node: aggregator-001
✓ Aggregator connected: aggregator-001 from 127.0.0.1
[2025-12-10 08:04:45] Meter 453: Generated 6.200 kWh (encrypted: 334436 bytes, 4.908 ms)
✓ Sent 334436 bytes to aggregator-001 (0.71ms)
Session completed with aggregator-001
[2025-12-10 08:05:05] Meter 453: Generated 4.001 kWh (encrypted: 334182 bytes, 7.370 ms)
[2025-12-10 08:05:25] Meter 453: Generated 1.395 kWh (encrypted: 334453 bytes, 4.621 ms)
[2025-12-10 08:05:44] NETWORK INFO: Server authentication successful for node: aggregator-001
✓ Aggregator connected: aggregator-001 from 127.0.0.1
✓ Sent 334453 bytes to aggregator-001 (2.29ms)
Session completed with aggregator-001
[2025-12-10 08:05:45] Meter 453: Generated 1.432 kWh (encrypted: 334432 bytes, 4.816 ms)
[2025-12-10 08:06:05] Meter 453: Generated 3.583 kWh (encrypted: 334389 bytes, 8.803 ms)
[2025-12-10 08:06:25] Meter 453: Generated 7.244 kWh (encrypted: 334454 bytes, 6.353 ms)
[2025-12-10 08:06:45] Meter 453: Generated 6.629 kWh (encrypted: 334160 bytes, 6.618 ms)
[2025-12-10 08:06:50] NETWORK INFO: Server authentication successful for node: aggregator-001
✓ Aggregator connected: aggregator-001 from 127.0.0.1
✓ Sent 334160 bytes to aggregator-001 (0.37ms)
Session completed with aggregator-001
[2025-12-10 08:07:06] Meter 453: Generated 6.273 kWh (encrypted: 334519 bytes, 5.263 ms)
[2025-12-10 08:07:26] Meter 453: Generated 2.921 kWh (encrypted: 334486 bytes, 6.390 ms)
[2025-12-10 08:07:46] Meter 453: Generated 2.000 kWh (encrypted: 334203 bytes, 4.964 ms)
[2025-12-10 08:07:56] NETWORK INFO: Server authentication successful for node: aggregator-001
✓ Aggregator connected: aggregator-001 from 127.0.0.1
✓ Sent 334203 bytes to aggregator-001 (0.38ms)
Session completed with aggregator-001
[2025-12-10 08:08:06] Meter 453: Generated 4.011 kWh (encrypted: 334306 bytes, 6.419 ms)
[2025-12-10 08:08:26] Meter 453: Generated 0.710 kWh (encrypted: 334354 bytes, 6.426 ms)
[2025-12-10 08:08:46] Meter 453: Generated 3.398 kWh (encrypted: 334389 bytes, 4.460 ms)
[2025-12-10 08:09:01] NETWORK INFO: Server authentication successful for node: aggregator-001
✓ Aggregator connected: aggregator-001 from 127.0.0.1
✓ Sent 334389 bytes to aggregator-001 (0.34ms)
Session completed with aggregator-001
[2025-12-10 08:09:06] Meter 453: Generated 3.811 kWh (encrypted: 334113 bytes, 4.540 ms)
[2025-12-10 08:09:26] Meter 453: Generated 0.981 kWh (encrypted: 334409 bytes, 4.437 ms)
[2025-12-10 08:09:46] Meter 453: Generated 2.917 kWh (encrypted: 334357 bytes, 4.852 ms)
[2025-12-10 08:10:06] Meter 453: Generated 1.434 kWh (encrypted: 334520 bytes, 5.293 ms)
[2025-12-10 08:10:06] NETWORK INFO: Server authentication successful for node: aggregator-001
✓ Aggregator connected: aggregator-001 from 127.0.0.1
✓ Sent 334520 bytes to aggregator-001 (0.57ms)
Session completed with aggregator-001
[2025-12-10 08:10:26] Meter 453: Generated 4.471 kWh (encrypted: 334411 bytes, 4.785 ms)
[2025-12-10 08:10:46] Meter 453: Generated 4.474 kWh (encrypted: 334146 bytes, 4.693 ms)
[2025-12-10 08:11:06] Meter 453: Generated 2.831 kWh (encrypted: 334149 bytes, 6.176 ms)
[2025-12-10 08:11:12] NETWORK INFO: Server authentication successful for node: aggregator-001
✓ Aggregator connected: aggregator-001 from 127.0.0.1
✓ Sent 334149 bytes to aggregator-001 (0.35ms)
Session completed with aggregator-001
[2025-12-10 08:11:26] Meter 453: Generated 0.738 kWh (encrypted: 334316 bytes, 4.561 ms)
[2025-12-10 08:11:46] Meter 453: Generated 6.553 kWh (encrypted: 334376 bytes, 4.719 ms)
[2025-12-10 08:12:06] Meter 453: Generated 5.083 kWh (encrypted: 334476 bytes, 6.687 ms)
[2025-12-10 08:12:17] NETWORK INFO: Server authentication successful for node: aggregator-001
✓ Aggregator connected: aggregator-001 from 127.0.0.1
✓ Sent 334476 bytes to aggregator-001 (0.39ms)
Session completed with aggregator-001
[2025-12-10 08:12:26] Meter 453: Generated 3.477 kWh (encrypted: 334354 bytes, 6.551 ms)

Received shutdown signal. Gracefully shutting down smart meter...
Network server thread stopped
Data generation thread stopped
Smart meter 453 shutdown complete
