=== Continuous Smart Meter Server 493 ===
Initializing for continuous operation...
SEAL context initialized
Loaded certificate: smart-meter-493
Requesting public keys from KDC...
[2025-12-10 08:05:16] NETWORK ERROR: Failed to connect to 127.0.0.1:8444: Connection refused
Error: Failed to connect to KDC at 127.0.0.1:8444
Error: Failed to send key request to KDC
Failed to obtain keys from KDC, falling back to file keys
Loaded keys from fallback files
Cryptographic components initialized
[2025-12-10 08:05:16] NETWORK INFO: Server socket created and listening on port 9493
✓ Smart meter server ready on port 9493
Data transmission interval: 20 seconds (15x accelerated - simulates 5min)
✓ Performance metrics CSV files initialized in performance_data/
Starting continuous smart meter operation...
Press Ctrl+C to stop gracefully
Data generation thread started
Network server thread started on port 9493
[2025-12-10 08:05:36] Meter 493: Generated 1.123 kWh (encrypted: 334383 bytes, 5.604 ms)
[2025-12-10 08:05:44] NETWORK INFO: Server authentication successful for node: aggregator-001
✓ Aggregator connected: aggregator-001 from 127.0.0.1
✓ Sent 334383 bytes to aggregator-001 (2.79ms)
Session completed with aggregator-001
[2025-12-10 08:05:56] Meter 493: Generated 5.552 kWh (encrypted: 334511 bytes, 5.999 ms)
[2025-12-10 08:06:16] Meter 493: Generated 4.801 kWh (encrypted: 333967 bytes, 6.482 ms)
[2025-12-10 08:06:36] Meter 493: Generated 6.577 kWh (encrypted: 334448 bytes, 5.848 ms)
[2025-12-10 08:06:50] NETWORK INFO: Server authentication successful for node: aggregator-001
✓ Aggregator connected: aggregator-001 from 127.0.0.1
✓ Sent 334448 bytes to aggregator-001 (6.19ms)
Session completed with aggregator-001
[2025-12-10 08:06:56] Meter 493: Generated 5.411 kWh (encrypted: 334422 bytes, 5.107 ms)
[2025-12-10 08:07:16] Meter 493: Generated 6.593 kWh (encrypted: 334419 bytes, 4.590 ms)
[2025-12-10 08:07:36] Meter 493: Generated 3.519 kWh (encrypted: 334448 bytes, 5.279 ms)
[2025-12-10 08:07:56] NETWORK INFO: Server authentication successful for node: aggregator-001
✓ Aggregator connected: aggregator-001 from 127.0.0.1
✓ Sent 334448 bytes to aggregator-001 (0.35ms)
Session completed with aggregator-001
[2025-12-10 08:07:56] Meter 493: Generated 1.711 kWh (encrypted: 334180 bytes, 4.309 ms)
[2025-12-10 08:08:16] Meter 493: Generated 3.490 kWh (encrypted: 334352 bytes, 6.475 ms)
[2025-12-10 08:08:36] Meter 493: Generated 3.155 kWh (encrypted: 334348 bytes, 5.286 ms)
[2025-12-10 08:08:56] Meter 493: Generated 7.497 kWh (encrypted: 334069 bytes, 4.535 ms)
[2025-12-10 08:09:01] NETWORK INFO: Server authentication successful for node: aggregator-001
✓ Aggregator connected: aggregator-001 from 127.0.0.1
✓ Sent 334069 bytes to aggregator-001 (0.44ms)
Session completed with aggregator-001
[2025-12-10 08:09:16] Meter 493: Generated 3.031 kWh (encrypted: 334289 bytes, 6.642 ms)
[2025-12-10 08:09:36] Meter 493: Generated 1.650 kWh (encrypted: 334278 bytes, 6.041 ms)
[2025-12-10 08:09:56] Meter 493: Generated 4.209 kWh (encrypted: 334348 bytes, 4.823 ms)
[2025-12-10 08:10:06] NETWORK INFO: Server authentication successful for node: aggregator-001
✓ Aggregator connected: aggregator-001 from 127.0.0.1
✓ Sent 334348 bytes to aggregator-001 (1.63ms)
Session completed with aggregator-001
[2025-12-10 08:10:16] Meter 493: Generated 6.273 kWh (encrypted: 334280 bytes, 4.411 ms)
[2025-12-10 08:10:36] Meter 493: Generated 1.460 kWh (encrypted: 334423 bytes, 4.861 ms)
[2025-12-10 08:10:56] Meter 493: Generated 3.781 kWh (encrypted: 334282 bytes, 4.705 ms)
[2025-12-10 08:11:12] NETWORK INFO: Server authentication successful for node: aggregator-001
✓ Aggregator connected: aggregator-001 from 127.0.0.1
✓ Sent 334282 bytes to aggregator-001 (0.38ms)
Session completed with aggregator-001
[2025-12-10 08:11:16] Meter 493: Generated 6.381 kWh (encrypted: 334397 bytes, 6.567 ms)
[2025-12-10 08:11:36] Meter 493: Generated 2.785 kWh (encrypted: 333469 bytes, 4.732 ms)
[2025-12-10 08:11:56] Meter 493: Generated 5.233 kWh (encrypted: 334369 bytes, 4.764 ms)
[2025-12-10 08:12:16] Meter 493: Generated 4.077 kWh (encrypted: 334313 bytes, 6.382 ms)
[2025-12-10 08:12:17] NETWORK INFO: Server authentication successful for node: aggregator-001
✓ Aggregator connected: aggregator-001 from 127.0.0.1
✓ Sent 334313 bytes to aggregator-001 (4.03ms)
Session completed with aggregator-001

Received shutdown signal. Gracefully shutting down smart meter...
Network server thread stopped
Data generation thread stopped
Smart meter 493 shutdown complete
