=== Continuous Smart Meter Server 174 ===
Initializing for continuous operation...
SEAL context initialized
Loaded certificate: smart-meter-174
Requesting public keys from KDC...
[2025-12-10 07:58:38] NETWORK ERROR: Failed to connect to 127.0.0.1:8444: Connection refused
Error: Failed to connect to KDC at 127.0.0.1:8444
Error: Failed to send key request to KDC
Failed to obtain keys from KDC, falling back to file keys
Loaded keys from fallback files
Cryptographic components initialized
[2025-12-10 07:58:38] NETWORK INFO: Server socket created and listening on port 9174
✓ Smart meter server ready on port 9174
Data transmission interval: 20 seconds (15x accelerated - simulates 5min)
✓ Performance metrics CSV files initialized in performance_data/
Starting continuous smart meter operation...
Press Ctrl+C to stop gracefully
Data generation thread started
Network server thread started on port 9174
[2025-12-10 07:58:58] Meter 174: Generated 6.447 kWh (encrypted: 333740 bytes, 5.047 ms)
[2025-12-10 07:59:18] Meter 174: Generated 5.960 kWh (encrypted: 333945 bytes, 4.490 ms)
[2025-12-10 07:59:26] NETWORK INFO: Server authentication successful for node: aggregator-001
✓ Aggregator connected: aggregator-001 from 127.0.0.1
✓ Sent 333945 bytes to aggregator-001 (0.69ms)
Session completed with aggregator-001
[2025-12-10 07:59:38] Meter 174: Generated 1.898 kWh (encrypted: 334357 bytes, 4.683 ms)
[2025-12-10 07:59:58] Meter 174: Generated 1.784 kWh (encrypted: 334220 bytes, 5.175 ms)
[2025-12-10 08:00:18] Meter 174: Generated 3.854 kWh (encrypted: 334554 bytes, 5.997 ms)
[2025-12-10 08:00:28] NETWORK INFO: Server authentication successful for node: aggregator-001
✓ Aggregator connected: aggregator-001 from 127.0.0.1
✓ Sent 334554 bytes to aggregator-001 (0.36ms)
Session completed with aggregator-001
[2025-12-10 08:00:38] Meter 174: Generated 6.565 kWh (encrypted: 334196 bytes, 5.123 ms)
[2025-12-10 08:00:58] Meter 174: Generated 4.081 kWh (encrypted: 334202 bytes, 6.531 ms)
[2025-12-10 08:01:18] Meter 174: Generated 4.510 kWh (encrypted: 334428 bytes, 4.562 ms)
[2025-12-10 08:01:31] NETWORK INFO: Server authentication successful for node: aggregator-001
✓ Aggregator connected: aggregator-001 from 127.0.0.1
✓ Sent 334428 bytes to aggregator-001 (0.38ms)
Session completed with aggregator-001
[2025-12-10 08:01:38] Meter 174: Generated 7.033 kWh (encrypted: 334487 bytes, 4.705 ms)
[2025-12-10 08:01:58] Meter 174: Generated 5.118 kWh (encrypted: 334429 bytes, 4.483 ms)
[2025-12-10 08:02:18] Meter 174: Generated 5.392 kWh (encrypted: 334399 bytes, 4.475 ms)
[2025-12-10 08:02:33] NETWORK INFO: Server authentication successful for node: aggregator-001
✓ Aggregator connected: aggregator-001 from 127.0.0.1
✓ Sent 334399 bytes to aggregator-001 (4.42ms)
Session completed with aggregator-001
[2025-12-10 08:02:38] Meter 174: Generated 4.197 kWh (encrypted: 334187 bytes, 4.400 ms)
[2025-12-10 08:02:58] Meter 174: Generated 2.749 kWh (encrypted: 333909 bytes, 4.710 ms)
[2025-12-10 08:03:18] Meter 174: Generated 1.580 kWh (encrypted: 334179 bytes, 5.035 ms)
[2025-12-10 08:03:36] NETWORK INFO: Server authentication successful for node: aggregator-001
✓ Aggregator connected: aggregator-001 from 127.0.0.1
✓ Sent 334179 bytes to aggregator-001 (0.42ms)
Session completed with aggregator-001
[2025-12-10 08:03:38] Meter 174: Generated 4.040 kWh (encrypted: 334401 bytes, 4.541 ms)
[2025-12-10 08:03:58] Meter 174: Generated 6.917 kWh (encrypted: 334406 bytes, 4.383 ms)
[2025-12-10 08:04:18] Meter 174: Generated 2.695 kWh (encrypted: 334151 bytes, 5.186 ms)
[2025-12-10 08:04:38] Meter 174: Generated 5.177 kWh (encrypted: 334428 bytes, 6.707 ms)
[2025-12-10 08:04:39] NETWORK INFO: Server authentication successful for node: aggregator-001
✓ Aggregator connected: aggregator-001 from 127.0.0.1
✓ Sent 334428 bytes to aggregator-001 (8.10ms)
Session completed with aggregator-001
[2025-12-10 08:04:58] Meter 174: Generated 2.650 kWh (encrypted: 333899 bytes, 5.044 ms)
[2025-12-10 08:05:18] Meter 174: Generated 4.109 kWh (encrypted: 334213 bytes, 4.324 ms)
[2025-12-10 08:05:38] Meter 174: Generated 5.330 kWh (encrypted: 334429 bytes, 5.652 ms)
[2025-12-10 08:05:44] NETWORK INFO: Server authentication successful for node: aggregator-001
✓ Aggregator connected: aggregator-001 from 127.0.0.1
✓ Sent 334429 bytes to aggregator-001 (0.39ms)
Session completed with aggregator-001
[2025-12-10 08:05:58] Meter 174: Generated 2.339 kWh (encrypted: 334204 bytes, 6.396 ms)
[2025-12-10 08:06:18] Meter 174: Generated 3.009 kWh (encrypted: 334372 bytes, 4.565 ms)
[2025-12-10 08:06:38] Meter 174: Generated 2.149 kWh (encrypted: 334426 bytes, 4.402 ms)
[2025-12-10 08:06:50] NETWORK INFO: Server authentication successful for node: aggregator-001
✓ Aggregator connected: aggregator-001 from 127.0.0.1
✓ Sent 334426 bytes to aggregator-001 (0.38ms)
Session completed with aggregator-001
[2025-12-10 08:06:58] Meter 174: Generated 2.168 kWh (encrypted: 334399 bytes, 6.348 ms)
[2025-12-10 08:07:18] Meter 174: Generated 1.815 kWh (encrypted: 334136 bytes, 6.633 ms)
[2025-12-10 08:07:38] Meter 174: Generated 0.574 kWh (encrypted: 334122 bytes, 4.771 ms)
[2025-12-10 08:07:55] NETWORK INFO: Server authentication successful for node: aggregator-001
✓ Aggregator connected: aggregator-001 from 127.0.0.1
✓ Sent 334122 bytes to aggregator-001 (0.37ms)
Session completed with aggregator-001
[2025-12-10 08:07:58] Meter 174: Generated 2.523 kWh (encrypted: 334384 bytes, 6.454 ms)
[2025-12-10 08:08:18] Meter 174: Generated 4.175 kWh (encrypted: 334302 bytes, 6.523 ms)
[2025-12-10 08:08:38] Meter 174: Generated 3.588 kWh (encrypted: 334298 bytes, 4.366 ms)
[2025-12-10 08:08:58] Meter 174: Generated 7.040 kWh (encrypted: 334179 bytes, 7.053 ms)
[2025-12-10 08:09:01] NETWORK INFO: Server authentication successful for node: aggregator-001
✓ Aggregator connected: aggregator-001 from 127.0.0.1
✓ Sent 334179 bytes to aggregator-001 (0.39ms)
Session completed with aggregator-001
[2025-12-10 08:09:18] Meter 174: Generated 5.755 kWh (encrypted: 334436 bytes, 6.477 ms)
[2025-12-10 08:09:38] Meter 174: Generated 5.361 kWh (encrypted: 334352 bytes, 6.698 ms)
[2025-12-10 08:09:58] Meter 174: Generated 0.997 kWh (encrypted: 334320 bytes, 6.562 ms)
[2025-12-10 08:10:06] NETWORK INFO: Server authentication successful for node: aggregator-001
✓ Aggregator connected: aggregator-001 from 127.0.0.1
✓ Sent 334320 bytes to aggregator-001 (0.34ms)
Session completed with aggregator-001
[2025-12-10 08:10:18] Meter 174: Generated 6.190 kWh (encrypted: 334434 bytes, 4.718 ms)
[2025-12-10 08:10:38] Meter 174: Generated 4.473 kWh (encrypted: 334323 bytes, 4.944 ms)
[2025-12-10 08:10:58] Meter 174: Generated 2.754 kWh (encrypted: 334389 bytes, 6.404 ms)
[2025-12-10 08:11:12] NETWORK INFO: Server authentication successful for node: aggregator-001
✓ Aggregator connected: aggregator-001 from 127.0.0.1
✓ Sent 334389 bytes to aggregator-001 (1.97ms)
Session completed with aggregator-001
[2025-12-10 08:11:18] Meter 174: Generated 2.683 kWh (encrypted: 334302 bytes, 6.778 ms)
[2025-12-10 08:11:38] Meter 174: Generated 5.736 kWh (encrypted: 334184 bytes, 4.921 ms)
[2025-12-10 08:11:58] Meter 174: Generated 2.749 kWh (encrypted: 334329 bytes, 4.987 ms)
[2025-12-10 08:12:17] NETWORK INFO: Server authentication successful for node: aggregator-001
✓ Aggregator connected: aggregator-001 from 127.0.0.1
✓ Sent 334329 bytes to aggregator-001 (1.01ms)
Session completed with aggregator-001
[2025-12-10 08:12:18] Meter 174: Generated 7.602 kWh (encrypted: 333935 bytes, 4.516 ms)

Received shutdown signal. Gracefully shutting down smart meter...
Data generation thread stopped
Network server thread stopped
Smart meter 174 shutdown complete
