=== Continuous Smart Meter Server 49 ===
Initializing for continuous operation...
SEAL context initialized
Loaded certificate: smart-meter-049
Requesting public keys from KDC...
[2025-12-10 07:56:06] NETWORK ERROR: Failed to connect to 127.0.0.1:8444: Connection refused
Error: Failed to connect to KDC at 127.0.0.1:8444
Error: Failed to send key request to KDC
Failed to obtain keys from KDC, falling back to file keys
Loaded keys from fallback files
Cryptographic components initialized
[2025-12-10 07:56:06] NETWORK INFO: Server socket created and listening on port 9049
✓ Smart meter server ready on port 9049
Data transmission interval: 20 seconds (15x accelerated - simulates 5min)
✓ Performance metrics CSV files initialized in performance_data/
Starting continuous smart meter operation...
Press Ctrl+C to stop gracefully
Data generation thread started
Network server thread started on port 9049
[2025-12-10 07:56:26] Meter 49: Generated 3.539 kWh (encrypted: 334468 bytes, 6.158 ms)
[2025-12-10 07:56:46] Meter 49: Generated 6.161 kWh (encrypted: 334287 bytes, 4.306 ms)
[2025-12-10 07:57:06] Meter 49: Generated 7.116 kWh (encrypted: 334464 bytes, 4.287 ms)
[2025-12-10 07:57:15] NETWORK INFO: Server authentication successful for node: aggregator-001
✓ Aggregator connected: aggregator-001 from 127.0.0.1
✓ Sent 334464 bytes to aggregator-001 (4.36ms)
Session completed with aggregator-001
[2025-12-10 07:57:26] Meter 49: Generated 4.539 kWh (encrypted: 334122 bytes, 4.299 ms)
[2025-12-10 07:57:46] Meter 49: Generated 1.504 kWh (encrypted: 334081 bytes, 5.626 ms)
[2025-12-10 07:58:06] Meter 49: Generated 3.800 kWh (encrypted: 334047 bytes, 4.852 ms)
[2025-12-10 07:58:25] NETWORK INFO: Server authentication successful for node: aggregator-001
✓ Aggregator connected: aggregator-001 from 127.0.0.1
✓ Sent 334047 bytes to aggregator-001 (2.33ms)
Session completed with aggregator-001
[2025-12-10 07:58:26] Meter 49: Generated 1.574 kWh (encrypted: 334313 bytes, 4.597 ms)
[2025-12-10 07:58:46] Meter 49: Generated 6.664 kWh (encrypted: 334172 bytes, 5.983 ms)
[2025-12-10 07:59:06] Meter 49: Generated 7.025 kWh (encrypted: 334355 bytes, 4.919 ms)
[2025-12-10 07:59:26] Meter 49: Generated 5.932 kWh (encrypted: 334421 bytes, 4.604 ms)
[2025-12-10 07:59:26] NETWORK INFO: Server authentication successful for node: aggregator-001
✓ Aggregator connected: aggregator-001 from 127.0.0.1
✓ Sent 334421 bytes to aggregator-001 (0.42ms)
Session completed with aggregator-001
[2025-12-10 07:59:46] Meter 49: Generated 3.194 kWh (encrypted: 334392 bytes, 4.640 ms)
[2025-12-10 08:00:06] Meter 49: Generated 6.891 kWh (encrypted: 334220 bytes, 4.527 ms)
[2025-12-10 08:00:26] Meter 49: Generated 1.825 kWh (encrypted: 334011 bytes, 5.004 ms)
[2025-12-10 08:00:28] NETWORK INFO: Server authentication successful for node: aggregator-001
✓ Aggregator connected: aggregator-001 from 127.0.0.1
✓ Sent 334011 bytes to aggregator-001 (1.22ms)
Session completed with aggregator-001
[2025-12-10 08:00:46] Meter 49: Generated 6.629 kWh (encrypted: 334398 bytes, 4.667 ms)
[2025-12-10 08:01:06] Meter 49: Generated 4.844 kWh (encrypted: 334413 bytes, 4.708 ms)
[2025-12-10 08:01:26] Meter 49: Generated 2.405 kWh (encrypted: 334381 bytes, 4.603 ms)
[2025-12-10 08:01:31] NETWORK INFO: Server authentication successful for node: aggregator-001
✓ Aggregator connected: aggregator-001 from 127.0.0.1
✓ Sent 334381 bytes to aggregator-001 (0.35ms)
Session completed with aggregator-001
[2025-12-10 08:01:46] Meter 49: Generated 7.165 kWh (encrypted: 334218 bytes, 4.767 ms)
[2025-12-10 08:02:06] Meter 49: Generated 1.624 kWh (encrypted: 334486 bytes, 4.691 ms)
[2025-12-10 08:02:26] Meter 49: Generated 2.533 kWh (encrypted: 334282 bytes, 4.749 ms)
[2025-12-10 08:02:33] NETWORK INFO: Server authentication successful for node: aggregator-001
✓ Aggregator connected: aggregator-001 from 127.0.0.1
✓ Sent 334282 bytes to aggregator-001 (0.40ms)
Session completed with aggregator-001
[2025-12-10 08:02:46] Meter 49: Generated 1.846 kWh (encrypted: 334443 bytes, 4.620 ms)
[2025-12-10 08:03:06] Meter 49: Generated 1.846 kWh (encrypted: 334402 bytes, 4.921 ms)
[2025-12-10 08:03:26] Meter 49: Generated 6.787 kWh (encrypted: 334336 bytes, 4.793 ms)
[2025-12-10 08:03:36] NETWORK INFO: Server authentication successful for node: aggregator-001
✓ Aggregator connected: aggregator-001 from 127.0.0.1
✓ Sent 334336 bytes to aggregator-001 (0.36ms)
Session completed with aggregator-001
[2025-12-10 08:03:46] Meter 49: Generated 1.859 kWh (encrypted: 334434 bytes, 5.168 ms)
[2025-12-10 08:04:06] Meter 49: Generated 0.756 kWh (encrypted: 334185 bytes, 4.758 ms)
[2025-12-10 08:04:26] Meter 49: Generated 3.877 kWh (encrypted: 334103 bytes, 4.356 ms)
[2025-12-10 08:04:39] NETWORK INFO: Server authentication successful for node: aggregator-001
✓ Aggregator connected: aggregator-001 from 127.0.0.1
✓ Sent 334103 bytes to aggregator-001 (0.96ms)
Session completed with aggregator-001
[2025-12-10 08:04:46] Meter 49: Generated 7.015 kWh (encrypted: 334455 bytes, 6.114 ms)
[2025-12-10 08:05:06] Meter 49: Generated 7.313 kWh (encrypted: 334444 bytes, 4.743 ms)
[2025-12-10 08:05:26] Meter 49: Generated 2.898 kWh (encrypted: 334370 bytes, 4.384 ms)
[2025-12-10 08:05:44] NETWORK INFO: Server authentication successful for node: aggregator-001
✓ Aggregator connected: aggregator-001 from 127.0.0.1
✓ Sent 334370 bytes to aggregator-001 (0.42ms)
Session completed with aggregator-001
[2025-12-10 08:05:46] Meter 49: Generated 6.634 kWh (encrypted: 334292 bytes, 4.932 ms)
[2025-12-10 08:06:06] Meter 49: Generated 4.010 kWh (encrypted: 334375 bytes, 6.082 ms)
[2025-12-10 08:06:26] Meter 49: Generated 2.913 kWh (encrypted: 333844 bytes, 6.297 ms)
[2025-12-10 08:06:46] Meter 49: Generated 3.229 kWh (encrypted: 334220 bytes, 5.702 ms)
[2025-12-10 08:06:50] NETWORK INFO: Server authentication successful for node: aggregator-001
✓ Aggregator connected: aggregator-001 from 127.0.0.1
✓ Sent 334220 bytes to aggregator-001 (0.39ms)
Session completed with aggregator-001
[2025-12-10 08:07:06] Meter 49: Generated 2.816 kWh (encrypted: 334432 bytes, 4.537 ms)
[2025-12-10 08:07:26] Meter 49: Generated 7.169 kWh (encrypted: 334148 bytes, 6.477 ms)
[2025-12-10 08:07:46] Meter 49: Generated 4.777 kWh (encrypted: 334238 bytes, 4.735 ms)
[2025-12-10 08:07:56] NETWORK INFO: Server authentication successful for node: aggregator-001
✓ Aggregator connected: aggregator-001 from 127.0.0.1
✓ Sent 334238 bytes to aggregator-001 (0.34ms)
Session completed with aggregator-001
[2025-12-10 08:08:06] Meter 49: Generated 1.577 kWh (encrypted: 334283 bytes, 4.829 ms)
[2025-12-10 08:08:26] Meter 49: Generated 1.635 kWh (encrypted: 334436 bytes, 4.696 ms)
[2025-12-10 08:08:46] Meter 49: Generated 7.142 kWh (encrypted: 334339 bytes, 4.784 ms)
[2025-12-10 08:09:01] NETWORK INFO: Server authentication successful for node: aggregator-001
✓ Aggregator connected: aggregator-001 from 127.0.0.1
✓ Sent 334339 bytes to aggregator-001 (0.38ms)
Session completed with aggregator-001
[2025-12-10 08:09:06] Meter 49: Generated 5.016 kWh (encrypted: 334437 bytes, 7.445 ms)
[2025-12-10 08:09:26] Meter 49: Generated 2.827 kWh (encrypted: 334354 bytes, 7.091 ms)
[2025-12-10 08:09:46] Meter 49: Generated 3.385 kWh (encrypted: 334500 bytes, 4.765 ms)
[2025-12-10 08:10:06] Meter 49: Generated 2.485 kWh (encrypted: 334307 bytes, 6.397 ms)
[2025-12-10 08:10:06] NETWORK INFO: Server authentication successful for node: aggregator-001
✓ Aggregator connected: aggregator-001 from 127.0.0.1
✓ Sent 334307 bytes to aggregator-001 (0.40ms)
Session completed with aggregator-001
[2025-12-10 08:10:26] Meter 49: Generated 0.777 kWh (encrypted: 334447 bytes, 6.535 ms)
[2025-12-10 08:10:46] Meter 49: Generated 1.173 kWh (encrypted: 334066 bytes, 6.931 ms)
[2025-12-10 08:11:06] Meter 49: Generated 7.001 kWh (encrypted: 334133 bytes, 7.923 ms)
[2025-12-10 08:11:12] NETWORK INFO: Server authentication successful for node: aggregator-001
✓ Aggregator connected: aggregator-001 from 127.0.0.1
✓ Sent 334133 bytes to aggregator-001 (11.32ms)
Session completed with aggregator-001
[2025-12-10 08:11:26] Meter 49: Generated 3.361 kWh (encrypted: 334165 bytes, 4.532 ms)
[2025-12-10 08:11:46] Meter 49: Generated 1.120 kWh (encrypted: 334082 bytes, 4.635 ms)
[2025-12-10 08:12:06] Meter 49: Generated 6.692 kWh (encrypted: 333926 bytes, 6.627 ms)
[2025-12-10 08:12:17] NETWORK INFO: Server authentication successful for node: aggregator-001
✓ Aggregator connected: aggregator-001 from 127.0.0.1
✓ Sent 333926 bytes to aggregator-001 (0.39ms)
Session completed with aggregator-001
[2025-12-10 08:12:26] Meter 49: Generated 4.833 kWh (encrypted: 334413 bytes, 6.679 ms)

Received shutdown signal. Gracefully shutting down smart meter...
Network server thread stopped
Data generation thread stopped
Smart meter 49 shutdown complete
