=== Continuous Smart Meter Server 32 ===
Initializing for continuous operation...
SEAL context initialized
Loaded certificate: smart-meter-032
Requesting public keys from KDC...
[2025-12-10 07:55:45] NETWORK ERROR: Failed to connect to 127.0.0.1:8444: Connection refused
Error: Failed to connect to KDC at 127.0.0.1:8444
Error: Failed to send key request to KDC
Failed to obtain keys from KDC, falling back to file keys
Loaded keys from fallback files
Cryptographic components initialized
[2025-12-10 07:55:45] NETWORK INFO: Server socket created and listening on port 9032
✓ Smart meter server ready on port 9032
Data transmission interval: 20 seconds (15x accelerated - simulates 5min)
✓ Performance metrics CSV files initialized in performance_data/
Starting continuous smart meter operation...
Press Ctrl+C to stop gracefully
Data generation thread started
Network server thread started on port 9032
[2025-12-10 07:56:05] Meter 32: Generated 4.281 kWh (encrypted: 333687 bytes, 6.967 ms)
[2025-12-10 07:56:05] NETWORK INFO: Server authentication successful for node: aggregator-001
✓ Aggregator connected: aggregator-001 from 127.0.0.1
✓ Sent 333687 bytes to aggregator-001 (0.81ms)
Session completed with aggregator-001
[2025-12-10 07:56:25] Meter 32: Generated 4.636 kWh (encrypted: 334307 bytes, 4.335 ms)
[2025-12-10 07:56:45] Meter 32: Generated 2.937 kWh (encrypted: 333895 bytes, 4.305 ms)
[2025-12-10 07:57:05] Meter 32: Generated 4.688 kWh (encrypted: 334013 bytes, 4.955 ms)
[2025-12-10 07:57:15] NETWORK INFO: Server authentication successful for node: aggregator-001
✓ Aggregator connected: aggregator-001 from 127.0.0.1
✓ Sent 334013 bytes to aggregator-001 (0.38ms)
Session completed with aggregator-001
[2025-12-10 07:57:25] Meter 32: Generated 4.822 kWh (encrypted: 334417 bytes, 4.243 ms)
[2025-12-10 07:57:45] Meter 32: Generated 3.658 kWh (encrypted: 334374 bytes, 4.356 ms)
[2025-12-10 07:58:05] Meter 32: Generated 6.857 kWh (encrypted: 334434 bytes, 6.516 ms)
[2025-12-10 07:58:25] NETWORK INFO: Server authentication successful for node: aggregator-001
✓ Aggregator connected: aggregator-001 from 127.0.0.1
✓ Sent 334434 bytes to aggregator-001 (1.80ms)
Session completed with aggregator-001
[2025-12-10 07:58:25] Meter 32: Generated 5.108 kWh (encrypted: 334266 bytes, 4.536 ms)
[2025-12-10 07:58:45] Meter 32: Generated 6.866 kWh (encrypted: 334266 bytes, 4.405 ms)
[2025-12-10 07:59:05] Meter 32: Generated 4.631 kWh (encrypted: 334198 bytes, 4.491 ms)
[2025-12-10 07:59:25] Meter 32: Generated 4.475 kWh (encrypted: 334097 bytes, 5.255 ms)
[2025-12-10 07:59:26] NETWORK INFO: Server authentication successful for node: aggregator-001
✓ Aggregator connected: aggregator-001 from 127.0.0.1
✓ Sent 334097 bytes to aggregator-001 (0.37ms)
Session completed with aggregator-001
[2025-12-10 07:59:45] Meter 32: Generated 2.530 kWh (encrypted: 334372 bytes, 4.946 ms)
[2025-12-10 08:00:05] Meter 32: Generated 3.156 kWh (encrypted: 334116 bytes, 5.090 ms)
[2025-12-10 08:00:25] Meter 32: Generated 5.424 kWh (encrypted: 334356 bytes, 5.448 ms)
[2025-12-10 08:00:28] NETWORK INFO: Server authentication successful for node: aggregator-001
✓ Aggregator connected: aggregator-001 from 127.0.0.1
✓ Sent 334356 bytes to aggregator-001 (0.41ms)
Session completed with aggregator-001
[2025-12-10 08:00:45] Meter 32: Generated 0.989 kWh (encrypted: 334317 bytes, 5.027 ms)
[2025-12-10 08:01:05] Meter 32: Generated 1.394 kWh (encrypted: 333944 bytes, 5.130 ms)
[2025-12-10 08:01:25] Meter 32: Generated 3.640 kWh (encrypted: 334354 bytes, 4.585 ms)
[2025-12-10 08:01:31] NETWORK INFO: Server authentication successful for node: aggregator-001
✓ Aggregator connected: aggregator-001 from 127.0.0.1
✓ Sent 334354 bytes to aggregator-001 (0.72ms)
Session completed with aggregator-001
[2025-12-10 08:01:45] Meter 32: Generated 4.680 kWh (encrypted: 334107 bytes, 4.552 ms)
[2025-12-10 08:02:05] Meter 32: Generated 0.698 kWh (encrypted: 334264 bytes, 5.102 ms)
[2025-12-10 08:02:25] Meter 32: Generated 4.431 kWh (encrypted: 334372 bytes, 4.356 ms)
[2025-12-10 08:02:33] NETWORK INFO: Server authentication successful for node: aggregator-001
✓ Aggregator connected: aggregator-001 from 127.0.0.1
✓ Sent 334372 bytes to aggregator-001 (0.37ms)
Session completed with aggregator-001
[2025-12-10 08:02:45] Meter 32: Generated 0.952 kWh (encrypted: 334160 bytes, 5.464 ms)
[2025-12-10 08:03:05] Meter 32: Generated 1.370 kWh (encrypted: 334202 bytes, 4.399 ms)
[2025-12-10 08:03:25] Meter 32: Generated 1.304 kWh (encrypted: 334374 bytes, 5.118 ms)
[2025-12-10 08:03:36] NETWORK INFO: Server authentication successful for node: aggregator-001
✓ Aggregator connected: aggregator-001 from 127.0.0.1
✓ Sent 334374 bytes to aggregator-001 (2.18ms)
Session completed with aggregator-001
[2025-12-10 08:03:45] Meter 32: Generated 1.057 kWh (encrypted: 334217 bytes, 4.629 ms)
[2025-12-10 08:04:05] Meter 32: Generated 6.219 kWh (encrypted: 334394 bytes, 6.180 ms)
[2025-12-10 08:04:25] Meter 32: Generated 2.295 kWh (encrypted: 334170 bytes, 5.403 ms)
[2025-12-10 08:04:39] NETWORK INFO: Server authentication successful for node: aggregator-001
✓ Aggregator connected: aggregator-001 from 127.0.0.1
✓ Sent 334170 bytes to aggregator-001 (4.82ms)
Session completed with aggregator-001
[2025-12-10 08:04:45] Meter 32: Generated 1.455 kWh (encrypted: 334252 bytes, 9.263 ms)
[2025-12-10 08:05:05] Meter 32: Generated 0.972 kWh (encrypted: 333978 bytes, 4.411 ms)
[2025-12-10 08:05:25] Meter 32: Generated 3.667 kWh (encrypted: 334378 bytes, 5.279 ms)
[2025-12-10 08:05:44] NETWORK INFO: Server authentication successful for node: aggregator-001
✓ Aggregator connected: aggregator-001 from 127.0.0.1
✓ Sent 334378 bytes to aggregator-001 (0.35ms)
Session completed with aggregator-001
[2025-12-10 08:05:45] Meter 32: Generated 1.671 kWh (encrypted: 333905 bytes, 4.391 ms)
[2025-12-10 08:06:05] Meter 32: Generated 2.145 kWh (encrypted: 334360 bytes, 6.546 ms)
[2025-12-10 08:06:25] Meter 32: Generated 6.625 kWh (encrypted: 334548 bytes, 6.474 ms)
[2025-12-10 08:06:45] Meter 32: Generated 5.518 kWh (encrypted: 334302 bytes, 5.796 ms)
[2025-12-10 08:06:50] NETWORK INFO: Server authentication successful for node: aggregator-001
✓ Aggregator connected: aggregator-001 from 127.0.0.1
✓ Sent 334302 bytes to aggregator-001 (0.38ms)
Session completed with aggregator-001
[2025-12-10 08:07:05] Meter 32: Generated 6.622 kWh (encrypted: 334256 bytes, 4.294 ms)
[2025-12-10 08:07:25] Meter 32: Generated 5.591 kWh (encrypted: 334472 bytes, 4.527 ms)
[2025-12-10 08:07:45] Meter 32: Generated 2.373 kWh (encrypted: 334357 bytes, 4.411 ms)
[2025-12-10 08:07:56] NETWORK INFO: Server authentication successful for node: aggregator-001
✓ Aggregator connected: aggregator-001 from 127.0.0.1
✓ Sent 334357 bytes to aggregator-001 (0.82ms)
Session completed with aggregator-001
[2025-12-10 08:08:05] Meter 32: Generated 4.069 kWh (encrypted: 334479 bytes, 6.509 ms)
[2025-12-10 08:08:25] Meter 32: Generated 3.832 kWh (encrypted: 334200 bytes, 6.534 ms)
[2025-12-10 08:08:45] Meter 32: Generated 2.405 kWh (encrypted: 334348 bytes, 4.306 ms)
[2025-12-10 08:09:01] NETWORK INFO: Server authentication successful for node: aggregator-001
✓ Aggregator connected: aggregator-001 from 127.0.0.1
✓ Sent 334348 bytes to aggregator-001 (0.36ms)
Session completed with aggregator-001
[2025-12-10 08:09:05] Meter 32: Generated 5.479 kWh (encrypted: 334474 bytes, 4.590 ms)
[2025-12-10 08:09:25] Meter 32: Generated 1.622 kWh (encrypted: 333962 bytes, 6.575 ms)
[2025-12-10 08:09:45] Meter 32: Generated 4.182 kWh (encrypted: 334365 bytes, 5.802 ms)
[2025-12-10 08:10:05] Meter 32: Generated 1.104 kWh (encrypted: 334093 bytes, 4.662 ms)
[2025-12-10 08:10:06] NETWORK INFO: Server authentication successful for node: aggregator-001
✓ Aggregator connected: aggregator-001 from 127.0.0.1
✓ Sent 334093 bytes to aggregator-001 (0.65ms)
Session completed with aggregator-001
[2025-12-10 08:10:25] Meter 32: Generated 1.045 kWh (encrypted: 334318 bytes, 7.904 ms)
[2025-12-10 08:10:45] Meter 32: Generated 4.452 kWh (encrypted: 334357 bytes, 5.114 ms)
[2025-12-10 08:11:05] Meter 32: Generated 6.031 kWh (encrypted: 334487 bytes, 4.653 ms)
[2025-12-10 08:11:12] NETWORK INFO: Server authentication successful for node: aggregator-001
✓ Aggregator connected: aggregator-001 from 127.0.0.1
✓ Sent 334487 bytes to aggregator-001 (1.40ms)
Session completed with aggregator-001
[2025-12-10 08:11:25] Meter 32: Generated 1.450 kWh (encrypted: 334294 bytes, 4.400 ms)
[2025-12-10 08:11:45] Meter 32: Generated 1.446 kWh (encrypted: 334473 bytes, 4.811 ms)
[2025-12-10 08:12:05] Meter 32: Generated 2.691 kWh (encrypted: 334321 bytes, 6.687 ms)
[2025-12-10 08:12:17] NETWORK INFO: Server authentication successful for node: aggregator-001
✓ Aggregator connected: aggregator-001 from 127.0.0.1
✓ Sent 334321 bytes to aggregator-001 (0.39ms)
Session completed with aggregator-001
[2025-12-10 08:12:25] Meter 32: Generated 5.818 kWh (encrypted: 334383 bytes, 4.384 ms)

Received shutdown signal. Gracefully shutting down smart meter...
Network server thread stopped
Data generation thread stopped
Smart meter 32 shutdown complete
