=== Continuous Smart Meter Server 73 ===
Initializing for continuous operation...
SEAL context initialized
Loaded certificate: smart-meter-073
Requesting public keys from KDC...
[2025-12-10 07:56:35] NETWORK ERROR: Failed to connect to 127.0.0.1:8444: Connection refused
Error: Failed to connect to KDC at 127.0.0.1:8444
Error: Failed to send key request to KDC
Failed to obtain keys from KDC, falling back to file keys
Loaded keys from fallback files
Cryptographic components initialized
[2025-12-10 07:56:35] NETWORK INFO: Server socket created and listening on port 9073
✓ Smart meter server ready on port 9073
Data transmission interval: 20 seconds (15x accelerated - simulates 5min)
✓ Performance metrics CSV files initialized in performance_data/
Starting continuous smart meter operation...
Press Ctrl+C to stop gracefully
Data generation thread started
Network server thread started on port 9073
[2025-12-10 07:56:55] Meter 73: Generated 5.308 kWh (encrypted: 334440 bytes, 4.853 ms)
[2025-12-10 07:57:15] Meter 73: Generated 6.944 kWh (encrypted: 334398 bytes, 4.286 ms)
[2025-12-10 07:57:15] NETWORK INFO: Server authentication successful for node: aggregator-001
✓ Aggregator connected: aggregator-001 from 127.0.0.1
✓ Sent 334398 bytes to aggregator-001 (2.13ms)
Session completed with aggregator-001
[2025-12-10 07:57:35] Meter 73: Generated 7.191 kWh (encrypted: 334201 bytes, 5.444 ms)
[2025-12-10 07:57:55] Meter 73: Generated 1.312 kWh (encrypted: 333911 bytes, 4.574 ms)
[2025-12-10 07:58:15] Meter 73: Generated 6.928 kWh (encrypted: 334143 bytes, 4.405 ms)
[2025-12-10 07:58:25] NETWORK INFO: Server authentication successful for node: aggregator-001
✓ Aggregator connected: aggregator-001 from 127.0.0.1
✓ Sent 334143 bytes to aggregator-001 (0.39ms)
Session completed with aggregator-001
[2025-12-10 07:58:35] Meter 73: Generated 0.821 kWh (encrypted: 334411 bytes, 4.508 ms)
[2025-12-10 07:58:55] Meter 73: Generated 1.651 kWh (encrypted: 334351 bytes, 5.937 ms)
[2025-12-10 07:59:15] Meter 73: Generated 1.851 kWh (encrypted: 334442 bytes, 4.630 ms)
[2025-12-10 07:59:26] NETWORK INFO: Server authentication successful for node: aggregator-001
✓ Aggregator connected: aggregator-001 from 127.0.0.1
✓ Sent 334442 bytes to aggregator-001 (0.39ms)
Session completed with aggregator-001
[2025-12-10 07:59:35] Meter 73: Generated 7.144 kWh (encrypted: 334484 bytes, 5.307 ms)
[2025-12-10 07:59:55] Meter 73: Generated 1.038 kWh (encrypted: 334388 bytes, 4.629 ms)
[2025-12-10 08:00:15] Meter 73: Generated 1.108 kWh (encrypted: 334475 bytes, 4.646 ms)
[2025-12-10 08:00:28] NETWORK INFO: Server authentication successful for node: aggregator-001
✓ Aggregator connected: aggregator-001 from 127.0.0.1
✓ Sent 334475 bytes to aggregator-001 (0.38ms)
Session completed with aggregator-001
[2025-12-10 08:00:35] Meter 73: Generated 2.381 kWh (encrypted: 334290 bytes, 6.639 ms)
[2025-12-10 08:00:55] Meter 73: Generated 1.271 kWh (encrypted: 334136 bytes, 4.692 ms)
[2025-12-10 08:01:15] Meter 73: Generated 6.168 kWh (encrypted: 334364 bytes, 4.371 ms)
[2025-12-10 08:01:31] NETWORK INFO: Server authentication successful for node: aggregator-001
✓ Aggregator connected: aggregator-001 from 127.0.0.1
✓ Sent 334364 bytes to aggregator-001 (0.36ms)
Session completed with aggregator-001
[2025-12-10 08:01:35] Meter 73: Generated 6.747 kWh (encrypted: 334248 bytes, 4.630 ms)
[2025-12-10 08:01:55] Meter 73: Generated 2.338 kWh (encrypted: 334170 bytes, 4.633 ms)
[2025-12-10 08:02:15] Meter 73: Generated 5.181 kWh (encrypted: 334407 bytes, 6.059 ms)
[2025-12-10 08:02:33] NETWORK INFO: Server authentication successful for node: aggregator-001
✓ Aggregator connected: aggregator-001 from 127.0.0.1
✓ Sent 334407 bytes to aggregator-001 (4.51ms)
Session completed with aggregator-001
[2025-12-10 08:02:35] Meter 73: Generated 2.782 kWh (encrypted: 334348 bytes, 5.545 ms)
[2025-12-10 08:02:55] Meter 73: Generated 4.720 kWh (encrypted: 334444 bytes, 5.172 ms)
[2025-12-10 08:03:15] Meter 73: Generated 4.222 kWh (encrypted: 334215 bytes, 4.950 ms)
[2025-12-10 08:03:35] Meter 73: Generated 4.419 kWh (encrypted: 334508 bytes, 5.202 ms)
[2025-12-10 08:03:36] NETWORK INFO: Server authentication successful for node: aggregator-001
✓ Aggregator connected: aggregator-001 from 127.0.0.1
✓ Sent 334508 bytes to aggregator-001 (0.41ms)
Session completed with aggregator-001
[2025-12-10 08:03:55] Meter 73: Generated 1.061 kWh (encrypted: 334331 bytes, 4.880 ms)
[2025-12-10 08:04:15] Meter 73: Generated 6.412 kWh (encrypted: 334272 bytes, 6.578 ms)
[2025-12-10 08:04:35] Meter 73: Generated 3.904 kWh (encrypted: 334348 bytes, 6.298 ms)
[2025-12-10 08:04:39] NETWORK INFO: Server authentication successful for node: aggregator-001
✓ Aggregator connected: aggregator-001 from 127.0.0.1
✓ Sent 334348 bytes to aggregator-001 (0.40ms)
Session completed with aggregator-001
[2025-12-10 08:04:55] Meter 73: Generated 1.556 kWh (encrypted: 334336 bytes, 5.020 ms)
[2025-12-10 08:05:15] Meter 73: Generated 4.522 kWh (encrypted: 334452 bytes, 9.169 ms)
[2025-12-10 08:05:35] Meter 73: Generated 1.400 kWh (encrypted: 334199 bytes, 6.245 ms)
[2025-12-10 08:05:44] NETWORK INFO: Server authentication successful for node: aggregator-001
✓ Aggregator connected: aggregator-001 from 127.0.0.1
✓ Sent 334199 bytes to aggregator-001 (8.24ms)
Session completed with aggregator-001
[2025-12-10 08:05:55] Meter 73: Generated 1.149 kWh (encrypted: 334044 bytes, 6.309 ms)
[2025-12-10 08:06:15] Meter 73: Generated 3.133 kWh (encrypted: 334413 bytes, 4.618 ms)
[2025-12-10 08:06:35] Meter 73: Generated 6.297 kWh (encrypted: 334414 bytes, 16.647 ms)
[2025-12-10 08:06:50] NETWORK INFO: Server authentication successful for node: aggregator-001
✓ Aggregator connected: aggregator-001 from 127.0.0.1
✓ Sent 334414 bytes to aggregator-001 (0.36ms)
Session completed with aggregator-001
[2025-12-10 08:06:55] Meter 73: Generated 4.621 kWh (encrypted: 334421 bytes, 4.997 ms)
[2025-12-10 08:07:15] Meter 73: Generated 4.646 kWh (encrypted: 334228 bytes, 4.474 ms)
[2025-12-10 08:07:35] Meter 73: Generated 5.894 kWh (encrypted: 334412 bytes, 6.596 ms)
[2025-12-10 08:07:55] Meter 73: Generated 5.149 kWh (encrypted: 334324 bytes, 7.978 ms)
[2025-12-10 08:07:56] NETWORK INFO: Server authentication successful for node: aggregator-001
✓ Aggregator connected: aggregator-001 from 127.0.0.1
✓ Sent 334324 bytes to aggregator-001 (0.39ms)
Session completed with aggregator-001
[2025-12-10 08:08:15] Meter 73: Generated 1.326 kWh (encrypted: 334387 bytes, 4.989 ms)
[2025-12-10 08:08:35] Meter 73: Generated 2.805 kWh (encrypted: 334305 bytes, 6.529 ms)
[2025-12-10 08:08:55] Meter 73: Generated 6.784 kWh (encrypted: 334409 bytes, 9.895 ms)
[2025-12-10 08:09:01] NETWORK INFO: Server authentication successful for node: aggregator-001
✓ Aggregator connected: aggregator-001 from 127.0.0.1
✓ Sent 334409 bytes to aggregator-001 (0.35ms)
Session completed with aggregator-001
[2025-12-10 08:09:15] Meter 73: Generated 1.182 kWh (encrypted: 334290 bytes, 7.190 ms)
[2025-12-10 08:09:35] Meter 73: Generated 5.117 kWh (encrypted: 334152 bytes, 7.551 ms)
[2025-12-10 08:09:55] Meter 73: Generated 4.206 kWh (encrypted: 334443 bytes, 4.877 ms)
[2025-12-10 08:10:06] NETWORK INFO: Server authentication successful for node: aggregator-001
✓ Aggregator connected: aggregator-001 from 127.0.0.1
✓ Sent 334443 bytes to aggregator-001 (11.88ms)
Session completed with aggregator-001
[2025-12-10 08:10:15] Meter 73: Generated 7.115 kWh (encrypted: 334374 bytes, 4.723 ms)
[2025-12-10 08:10:35] Meter 73: Generated 7.504 kWh (encrypted: 334232 bytes, 6.245 ms)
[2025-12-10 08:10:55] Meter 73: Generated 3.976 kWh (encrypted: 334435 bytes, 5.265 ms)
[2025-12-10 08:11:12] NETWORK INFO: Server authentication successful for node: aggregator-001
✓ Aggregator connected: aggregator-001 from 127.0.0.1
✓ Sent 334435 bytes to aggregator-001 (9.93ms)
Session completed with aggregator-001
[2025-12-10 08:11:15] Meter 73: Generated 7.479 kWh (encrypted: 334483 bytes, 4.663 ms)
[2025-12-10 08:11:35] Meter 73: Generated 5.118 kWh (encrypted: 334336 bytes, 5.123 ms)
[2025-12-10 08:11:55] Meter 73: Generated 2.884 kWh (encrypted: 334322 bytes, 5.382 ms)
[2025-12-10 08:12:15] Meter 73: Generated 3.413 kWh (encrypted: 334386 bytes, 6.613 ms)
[2025-12-10 08:12:17] NETWORK INFO: Server authentication successful for node: aggregator-001
✓ Aggregator connected: aggregator-001 from 127.0.0.1
✓ Sent 334386 bytes to aggregator-001 (0.37ms)
Session completed with aggregator-001

Received shutdown signal. Gracefully shutting down smart meter...
Network server thread stopped
Data generation thread stopped
Smart meter 73 shutdown complete
