=== Continuous Smart Meter Server 340 ===
Initializing for continuous operation...
SEAL context initialized
Loaded certificate: smart-meter-340
Requesting public keys from KDC...
[2025-12-10 08:02:03] NETWORK ERROR: Failed to connect to 127.0.0.1:8444: Connection refused
Error: Failed to connect to KDC at 127.0.0.1:8444
Error: Failed to send key request to KDC
Failed to obtain keys from KDC, falling back to file keys
Loaded keys from fallback files
Cryptographic components initialized
[2025-12-10 08:02:03] NETWORK INFO: Server socket created and listening on port 9340
✓ Smart meter server ready on port 9340
Data transmission interval: 20 seconds (15x accelerated - simulates 5min)
✓ Performance metrics CSV files initialized in performance_data/
Starting continuous smart meter operation...
Press Ctrl+C to stop gracefully
Data generation thread started
Network server thread started on port 9340
[2025-12-10 08:02:23] Meter 340: Generated 4.253 kWh (encrypted: 333889 bytes, 5.324 ms)
[2025-12-10 08:02:33] NETWORK INFO: Server authentication successful for node: aggregator-001
✓ Aggregator connected: aggregator-001 from 127.0.0.1
✓ Sent 333889 bytes to aggregator-001 (0.76ms)
Session completed with aggregator-001
[2025-12-10 08:02:43] Meter 340: Generated 4.460 kWh (encrypted: 334342 bytes, 6.472 ms)
[2025-12-10 08:03:03] Meter 340: Generated 6.770 kWh (encrypted: 334101 bytes, 4.868 ms)
[2025-12-10 08:03:23] Meter 340: Generated 2.489 kWh (encrypted: 334291 bytes, 5.502 ms)
[2025-12-10 08:03:36] NETWORK INFO: Server authentication successful for node: aggregator-001
✓ Aggregator connected: aggregator-001 from 127.0.0.1
✓ Sent 334291 bytes to aggregator-001 (0.36ms)
Session completed with aggregator-001
[2025-12-10 08:03:43] Meter 340: Generated 6.140 kWh (encrypted: 334119 bytes, 4.556 ms)
[2025-12-10 08:04:03] Meter 340: Generated 2.291 kWh (encrypted: 334126 bytes, 5.381 ms)
[2025-12-10 08:04:24] Meter 340: Generated 1.428 kWh (encrypted: 334240 bytes, 5.229 ms)
[2025-12-10 08:04:39] NETWORK INFO: Server authentication successful for node: aggregator-001
✓ Aggregator connected: aggregator-001 from 127.0.0.1
✓ Sent 334240 bytes to aggregator-001 (8.38ms)
Session completed with aggregator-001
[2025-12-10 08:04:44] Meter 340: Generated 2.893 kWh (encrypted: 334379 bytes, 5.291 ms)
[2025-12-10 08:05:04] Meter 340: Generated 7.101 kWh (encrypted: 334142 bytes, 6.542 ms)
[2025-12-10 08:05:24] Meter 340: Generated 5.183 kWh (encrypted: 334361 bytes, 4.596 ms)
[2025-12-10 08:05:44] Meter 340: Generated 1.920 kWh (encrypted: 334372 bytes, 5.388 ms)
[2025-12-10 08:05:44] NETWORK INFO: Server authentication successful for node: aggregator-001
✓ Aggregator connected: aggregator-001 from 127.0.0.1
✓ Sent 334372 bytes to aggregator-001 (0.44ms)
Session completed with aggregator-001
[2025-12-10 08:06:04] Meter 340: Generated 3.585 kWh (encrypted: 334300 bytes, 6.373 ms)
[2025-12-10 08:06:24] Meter 340: Generated 2.068 kWh (encrypted: 334316 bytes, 12.054 ms)
[2025-12-10 08:06:44] Meter 340: Generated 2.726 kWh (encrypted: 334500 bytes, 4.373 ms)
[2025-12-10 08:06:50] NETWORK INFO: Server authentication successful for node: aggregator-001
✓ Aggregator connected: aggregator-001 from 127.0.0.1
✓ Sent 334500 bytes to aggregator-001 (0.35ms)
Session completed with aggregator-001
[2025-12-10 08:07:04] Meter 340: Generated 6.837 kWh (encrypted: 334386 bytes, 4.858 ms)
[2025-12-10 08:07:24] Meter 340: Generated 1.143 kWh (encrypted: 334443 bytes, 5.130 ms)
[2025-12-10 08:07:44] Meter 340: Generated 1.742 kWh (encrypted: 333303 bytes, 4.640 ms)
[2025-12-10 08:07:56] NETWORK INFO: Server authentication successful for node: aggregator-001
✓ Aggregator connected: aggregator-001 from 127.0.0.1
✓ Sent 333303 bytes to aggregator-001 (0.35ms)
Session completed with aggregator-001
[2025-12-10 08:08:04] Meter 340: Generated 5.652 kWh (encrypted: 334394 bytes, 6.973 ms)
[2025-12-10 08:08:24] Meter 340: Generated 3.048 kWh (encrypted: 334421 bytes, 5.182 ms)
[2025-12-10 08:08:44] Meter 340: Generated 5.240 kWh (encrypted: 334323 bytes, 4.610 ms)
[2025-12-10 08:09:01] NETWORK INFO: Server authentication successful for node: aggregator-001
✓ Aggregator connected: aggregator-001 from 127.0.0.1
✓ Sent 334323 bytes to aggregator-001 (0.76ms)
Session completed with aggregator-001
[2025-12-10 08:09:04] Meter 340: Generated 1.268 kWh (encrypted: 334425 bytes, 5.071 ms)
[2025-12-10 08:09:24] Meter 340: Generated 5.441 kWh (encrypted: 334164 bytes, 4.296 ms)
[2025-12-10 08:09:44] Meter 340: Generated 4.135 kWh (encrypted: 334414 bytes, 5.789 ms)
[2025-12-10 08:10:04] Meter 340: Generated 6.063 kWh (encrypted: 334404 bytes, 6.585 ms)
[2025-12-10 08:10:06] NETWORK INFO: Server authentication successful for node: aggregator-001
✓ Aggregator connected: aggregator-001 from 127.0.0.1
✓ Sent 334404 bytes to aggregator-001 (0.56ms)
Session completed with aggregator-001
[2025-12-10 08:10:24] Meter 340: Generated 2.373 kWh (encrypted: 334414 bytes, 4.613 ms)
[2025-12-10 08:10:44] Meter 340: Generated 3.120 kWh (encrypted: 334036 bytes, 4.964 ms)
[2025-12-10 08:11:04] Meter 340: Generated 5.438 kWh (encrypted: 334254 bytes, 6.593 ms)
[2025-12-10 08:11:12] NETWORK INFO: Server authentication successful for node: aggregator-001
✓ Aggregator connected: aggregator-001 from 127.0.0.1
✓ Sent 334254 bytes to aggregator-001 (0.84ms)
Session completed with aggregator-001
[2025-12-10 08:11:24] Meter 340: Generated 1.454 kWh (encrypted: 334391 bytes, 7.220 ms)
[2025-12-10 08:11:44] Meter 340: Generated 6.414 kWh (encrypted: 334482 bytes, 4.685 ms)
[2025-12-10 08:12:04] Meter 340: Generated 3.027 kWh (encrypted: 334320 bytes, 11.900 ms)
[2025-12-10 08:12:17] NETWORK INFO: Server authentication successful for node: aggregator-001
✓ Aggregator connected: aggregator-001 from 127.0.0.1
✓ Sent 334320 bytes to aggregator-001 (2.02ms)
Session completed with aggregator-001
[2025-12-10 08:12:24] Meter 340: Generated 2.091 kWh (encrypted: 334179 bytes, 6.595 ms)

Received shutdown signal. Gracefully shutting down smart meter...
Network server thread stopped
Data generation thread stopped
Smart meter 340 shutdown complete
