=== Continuous Smart Meter Server 185 ===
Initializing for continuous operation...
SEAL context initialized
Loaded certificate: smart-meter-185
Requesting public keys from KDC...
[2025-12-10 07:58:52] NETWORK ERROR: Failed to connect to 127.0.0.1:8444: Connection refused
Error: Failed to connect to KDC at 127.0.0.1:8444
Error: Failed to send key request to KDC
Failed to obtain keys from KDC, falling back to file keys
Loaded keys from fallback files
Cryptographic components initialized
[2025-12-10 07:58:52] NETWORK INFO: Server socket created and listening on port 9185
✓ Smart meter server ready on port 9185
Data transmission interval: 20 seconds (15x accelerated - simulates 5min)
✓ Performance metrics CSV files initialized in performance_data/
Starting continuous smart meter operation...
Press Ctrl+C to stop gracefully
Data generation thread started
Network server thread started on port 9185
[2025-12-10 07:59:12] Meter 185: Generated 1.986 kWh (encrypted: 334462 bytes, 7.444 ms)
[2025-12-10 07:59:26] NETWORK INFO: Server authentication successful for node: aggregator-001
✓ Aggregator connected: aggregator-001 from 127.0.0.1
✓ Sent 334462 bytes to aggregator-001 (1.28ms)
Session completed with aggregator-001
[2025-12-10 07:59:32] Meter 185: Generated 0.817 kWh (encrypted: 334427 bytes, 4.502 ms)
[2025-12-10 07:59:52] Meter 185: Generated 3.898 kWh (encrypted: 334410 bytes, 5.331 ms)
[2025-12-10 08:00:12] Meter 185: Generated 5.403 kWh (encrypted: 334071 bytes, 4.738 ms)
[2025-12-10 08:00:28] NETWORK INFO: Server authentication successful for node: aggregator-001
✓ Aggregator connected: aggregator-001 from 127.0.0.1
✓ Sent 334071 bytes to aggregator-001 (0.35ms)
Session completed with aggregator-001
[2025-12-10 08:00:32] Meter 185: Generated 6.952 kWh (encrypted: 334345 bytes, 4.774 ms)
[2025-12-10 08:00:52] Meter 185: Generated 0.997 kWh (encrypted: 334233 bytes, 4.587 ms)
[2025-12-10 08:01:12] Meter 185: Generated 1.640 kWh (encrypted: 334337 bytes, 4.534 ms)
[2025-12-10 08:01:31] NETWORK INFO: Server authentication successful for node: aggregator-001
✓ Aggregator connected: aggregator-001 from 127.0.0.1
✓ Sent 334337 bytes to aggregator-001 (0.37ms)
Session completed with aggregator-001
[2025-12-10 08:01:32] Meter 185: Generated 6.547 kWh (encrypted: 334181 bytes, 4.502 ms)
[2025-12-10 08:01:52] Meter 185: Generated 4.703 kWh (encrypted: 334112 bytes, 4.623 ms)
[2025-12-10 08:02:12] Meter 185: Generated 2.870 kWh (encrypted: 334441 bytes, 4.783 ms)
[2025-12-10 08:02:32] Meter 185: Generated 3.381 kWh (encrypted: 334280 bytes, 4.424 ms)
[2025-12-10 08:02:33] NETWORK INFO: Server authentication successful for node: aggregator-001
✓ Aggregator connected: aggregator-001 from 127.0.0.1
✓ Sent 334280 bytes to aggregator-001 (7.76ms)
Session completed with aggregator-001
[2025-12-10 08:02:52] Meter 185: Generated 1.811 kWh (encrypted: 334177 bytes, 4.762 ms)
[2025-12-10 08:03:12] Meter 185: Generated 5.074 kWh (encrypted: 334078 bytes, 4.679 ms)
[2025-12-10 08:03:32] Meter 185: Generated 5.689 kWh (encrypted: 334485 bytes, 4.691 ms)
[2025-12-10 08:03:36] NETWORK INFO: Server authentication successful for node: aggregator-001
✓ Aggregator connected: aggregator-001 from 127.0.0.1
✓ Sent 334485 bytes to aggregator-001 (0.40ms)
Session completed with aggregator-001
[2025-12-10 08:03:52] Meter 185: Generated 2.042 kWh (encrypted: 334478 bytes, 6.601 ms)
[2025-12-10 08:04:12] Meter 185: Generated 2.381 kWh (encrypted: 334442 bytes, 5.316 ms)
[2025-12-10 08:04:32] Meter 185: Generated 5.250 kWh (encrypted: 334232 bytes, 7.004 ms)
[2025-12-10 08:04:39] NETWORK INFO: Server authentication successful for node: aggregator-001
✓ Aggregator connected: aggregator-001 from 127.0.0.1
✓ Sent 334232 bytes to aggregator-001 (0.35ms)
Session completed with aggregator-001
[2025-12-10 08:04:52] Meter 185: Generated 3.596 kWh (encrypted: 334417 bytes, 5.359 ms)
[2025-12-10 08:05:12] Meter 185: Generated 3.048 kWh (encrypted: 333956 bytes, 6.305 ms)
[2025-12-10 08:05:32] Meter 185: Generated 0.831 kWh (encrypted: 334208 bytes, 7.287 ms)
[2025-12-10 08:05:44] NETWORK INFO: Server authentication successful for node: aggregator-001
✓ Aggregator connected: aggregator-001 from 127.0.0.1
✓ Sent 334208 bytes to aggregator-001 (6.43ms)
Session completed with aggregator-001
[2025-12-10 08:05:52] Meter 185: Generated 3.800 kWh (encrypted: 334517 bytes, 6.286 ms)
[2025-12-10 08:06:12] Meter 185: Generated 7.014 kWh (encrypted: 334297 bytes, 12.722 ms)
[2025-12-10 08:06:32] Meter 185: Generated 0.936 kWh (encrypted: 334333 bytes, 4.414 ms)
[2025-12-10 08:06:50] NETWORK INFO: Server authentication successful for node: aggregator-001
✓ Aggregator connected: aggregator-001 from 127.0.0.1
✓ Sent 334333 bytes to aggregator-001 (0.41ms)
Session completed with aggregator-001
[2025-12-10 08:06:52] Meter 185: Generated 1.306 kWh (encrypted: 334441 bytes, 5.610 ms)
[2025-12-10 08:07:12] Meter 185: Generated 6.790 kWh (encrypted: 334449 bytes, 5.451 ms)
[2025-12-10 08:07:32] Meter 185: Generated 1.992 kWh (encrypted: 334133 bytes, 4.347 ms)
[2025-12-10 08:07:52] Meter 185: Generated 1.810 kWh (encrypted: 334302 bytes, 4.602 ms)
[2025-12-10 08:07:56] NETWORK INFO: Server authentication successful for node: aggregator-001
✓ Aggregator connected: aggregator-001 from 127.0.0.1
✓ Sent 334302 bytes to aggregator-001 (18.78ms)
Session completed with aggregator-001
[2025-12-10 08:08:12] Meter 185: Generated 6.806 kWh (encrypted: 334483 bytes, 5.047 ms)
[2025-12-10 08:08:32] Meter 185: Generated 1.992 kWh (encrypted: 334317 bytes, 5.148 ms)
[2025-12-10 08:08:52] Meter 185: Generated 6.930 kWh (encrypted: 334416 bytes, 5.257 ms)
[2025-12-10 08:09:01] NETWORK INFO: Server authentication successful for node: aggregator-001
✓ Aggregator connected: aggregator-001 from 127.0.0.1
✓ Sent 334416 bytes to aggregator-001 (4.61ms)
Session completed with aggregator-001
[2025-12-10 08:09:12] Meter 185: Generated 2.886 kWh (encrypted: 334166 bytes, 6.556 ms)
[2025-12-10 08:09:32] Meter 185: Generated 5.909 kWh (encrypted: 334065 bytes, 4.882 ms)
[2025-12-10 08:09:52] Meter 185: Generated 3.068 kWh (encrypted: 334231 bytes, 6.425 ms)
[2025-12-10 08:10:06] NETWORK INFO: Server authentication successful for node: aggregator-001
✓ Aggregator connected: aggregator-001 from 127.0.0.1
✓ Sent 334231 bytes to aggregator-001 (0.37ms)
Session completed with aggregator-001
[2025-12-10 08:10:12] Meter 185: Generated 2.774 kWh (encrypted: 334138 bytes, 5.275 ms)
[2025-12-10 08:10:32] Meter 185: Generated 1.816 kWh (encrypted: 334273 bytes, 4.936 ms)
[2025-12-10 08:10:52] Meter 185: Generated 6.592 kWh (encrypted: 334060 bytes, 4.953 ms)
[2025-12-10 08:11:12] NETWORK INFO: Server authentication successful for node: aggregator-001
✓ Aggregator connected: aggregator-001 from 127.0.0.1
✓ Sent 334060 bytes to aggregator-001 (0.40ms)
Session completed with aggregator-001
[2025-12-10 08:11:12] Meter 185: Generated 3.250 kWh (encrypted: 334005 bytes, 7.145 ms)
[2025-12-10 08:11:32] Meter 185: Generated 3.017 kWh (encrypted: 334321 bytes, 6.554 ms)
[2025-12-10 08:11:52] Meter 185: Generated 3.457 kWh (encrypted: 334194 bytes, 4.743 ms)
[2025-12-10 08:12:12] Meter 185: Generated 2.733 kWh (encrypted: 334385 bytes, 4.755 ms)
[2025-12-10 08:12:17] NETWORK INFO: Server authentication successful for node: aggregator-001
✓ Aggregator connected: aggregator-001 from 127.0.0.1
✓ Sent 334385 bytes to aggregator-001 (0.42ms)
Session completed with aggregator-001
[2025-12-10 08:12:32] Meter 185: Generated 2.030 kWh (encrypted: 334382 bytes, 5.713 ms)

Received shutdown signal. Gracefully shutting down smart meter...
Network server thread stopped
Data generation thread stopped
Smart meter 185 shutdown complete
