=== Continuous Smart Meter Server 312 ===
Initializing for continuous operation...
SEAL context initialized
Loaded certificate: smart-meter-312
Requesting public keys from KDC...
[2025-12-10 08:01:29] NETWORK ERROR: Failed to connect to 127.0.0.1:8444: Connection refused
Error: Failed to connect to KDC at 127.0.0.1:8444
Error: Failed to send key request to KDC
Failed to obtain keys from KDC, falling back to file keys
Loaded keys from fallback files
Cryptographic components initialized
[2025-12-10 08:01:29] NETWORK INFO: Server socket created and listening on port 9312
✓ Smart meter server ready on port 9312
Data transmission interval: 20 seconds (15x accelerated - simulates 5min)
✓ Performance metrics CSV files initialized in performance_data/
Starting continuous smart meter operation...
Press Ctrl+C to stop gracefully
Data generation thread started
Network server thread started on port 9312
[2025-12-10 08:01:31] NETWORK INFO: Server authentication successful for node: aggregator-001
✓ Aggregator connected: aggregator-001 from 127.0.0.1
[2025-12-10 08:01:49] Meter 312: Generated 6.445 kWh (encrypted: 334366 bytes, 5.763 ms)
✓ Sent 334366 bytes to aggregator-001 (0.69ms)
Session completed with aggregator-001
[2025-12-10 08:02:09] Meter 312: Generated 1.931 kWh (encrypted: 334075 bytes, 4.964 ms)
[2025-12-10 08:02:29] Meter 312: Generated 2.612 kWh (encrypted: 334430 bytes, 4.793 ms)
[2025-12-10 08:02:33] NETWORK INFO: Server authentication successful for node: aggregator-001
✓ Aggregator connected: aggregator-001 from 127.0.0.1
✓ Sent 334430 bytes to aggregator-001 (2.77ms)
Session completed with aggregator-001
[2025-12-10 08:02:49] Meter 312: Generated 6.355 kWh (encrypted: 334402 bytes, 4.354 ms)
[2025-12-10 08:03:09] Meter 312: Generated 1.698 kWh (encrypted: 334396 bytes, 4.651 ms)
[2025-12-10 08:03:29] Meter 312: Generated 4.631 kWh (encrypted: 334401 bytes, 4.503 ms)
[2025-12-10 08:03:36] NETWORK INFO: Server authentication successful for node: aggregator-001
✓ Aggregator connected: aggregator-001 from 127.0.0.1
✓ Sent 334401 bytes to aggregator-001 (0.36ms)
Session completed with aggregator-001
[2025-12-10 08:03:49] Meter 312: Generated 7.032 kWh (encrypted: 334211 bytes, 5.135 ms)
[2025-12-10 08:04:09] Meter 312: Generated 3.846 kWh (encrypted: 334019 bytes, 5.710 ms)
[2025-12-10 08:04:29] Meter 312: Generated 6.148 kWh (encrypted: 334353 bytes, 5.472 ms)
[2025-12-10 08:04:40] NETWORK INFO: Server authentication successful for node: aggregator-001
✓ Aggregator connected: aggregator-001 from 127.0.0.1
✓ Sent 334353 bytes to aggregator-001 (0.56ms)
Session completed with aggregator-001
[2025-12-10 08:04:49] Meter 312: Generated 5.771 kWh (encrypted: 334233 bytes, 6.830 ms)
[2025-12-10 08:05:09] Meter 312: Generated 1.471 kWh (encrypted: 334459 bytes, 7.233 ms)
[2025-12-10 08:05:29] Meter 312: Generated 4.524 kWh (encrypted: 334460 bytes, 4.588 ms)
[2025-12-10 08:05:44] NETWORK INFO: Server authentication successful for node: aggregator-001
✓ Aggregator connected: aggregator-001 from 127.0.0.1
✓ Sent 334460 bytes to aggregator-001 (69.01ms)
Session completed with aggregator-001
[2025-12-10 08:05:49] Meter 312: Generated 3.010 kWh (encrypted: 334323 bytes, 6.453 ms)
[2025-12-10 08:06:09] Meter 312: Generated 6.987 kWh (encrypted: 333946 bytes, 4.815 ms)
[2025-12-10 08:06:29] Meter 312: Generated 3.392 kWh (encrypted: 334509 bytes, 4.404 ms)
[2025-12-10 08:06:49] Meter 312: Generated 5.296 kWh (encrypted: 334255 bytes, 5.101 ms)
[2025-12-10 08:06:50] NETWORK INFO: Server authentication successful for node: aggregator-001
✓ Aggregator connected: aggregator-001 from 127.0.0.1
✓ Sent 334255 bytes to aggregator-001 (0.37ms)
Session completed with aggregator-001
[2025-12-10 08:07:09] Meter 312: Generated 5.334 kWh (encrypted: 334116 bytes, 5.607 ms)
[2025-12-10 08:07:29] Meter 312: Generated 3.664 kWh (encrypted: 334486 bytes, 5.714 ms)
[2025-12-10 08:07:49] Meter 312: Generated 6.597 kWh (encrypted: 334150 bytes, 4.757 ms)
[2025-12-10 08:07:56] NETWORK INFO: Server authentication successful for node: aggregator-001
✓ Aggregator connected: aggregator-001 from 127.0.0.1
✓ Sent 334150 bytes to aggregator-001 (0.38ms)
Session completed with aggregator-001
[2025-12-10 08:08:09] Meter 312: Generated 2.459 kWh (encrypted: 334253 bytes, 8.390 ms)
[2025-12-10 08:08:29] Meter 312: Generated 4.721 kWh (encrypted: 334328 bytes, 4.692 ms)
[2025-12-10 08:08:49] Meter 312: Generated 6.161 kWh (encrypted: 334520 bytes, 4.463 ms)
[2025-12-10 08:09:01] NETWORK INFO: Server authentication successful for node: aggregator-001
✓ Aggregator connected: aggregator-001 from 127.0.0.1
✓ Sent 334520 bytes to aggregator-001 (0.31ms)
Session completed with aggregator-001
[2025-12-10 08:09:09] Meter 312: Generated 3.145 kWh (encrypted: 334146 bytes, 4.927 ms)
[2025-12-10 08:09:29] Meter 312: Generated 2.253 kWh (encrypted: 334120 bytes, 7.220 ms)
[2025-12-10 08:09:49] Meter 312: Generated 6.448 kWh (encrypted: 334175 bytes, 6.815 ms)
[2025-12-10 08:10:06] NETWORK INFO: Server authentication successful for node: aggregator-001
✓ Aggregator connected: aggregator-001 from 127.0.0.1
✓ Sent 334175 bytes to aggregator-001 (0.84ms)
Session completed with aggregator-001
[2025-12-10 08:10:09] Meter 312: Generated 1.030 kWh (encrypted: 334140 bytes, 6.572 ms)
[2025-12-10 08:10:29] Meter 312: Generated 2.583 kWh (encrypted: 334414 bytes, 4.956 ms)
[2025-12-10 08:10:49] Meter 312: Generated 6.074 kWh (encrypted: 334403 bytes, 5.444 ms)
[2025-12-10 08:11:09] Meter 312: Generated 1.427 kWh (encrypted: 334418 bytes, 6.476 ms)
[2025-12-10 08:11:12] NETWORK INFO: Server authentication successful for node: aggregator-001
✓ Aggregator connected: aggregator-001 from 127.0.0.1
✓ Sent 334418 bytes to aggregator-001 (0.41ms)
Session completed with aggregator-001
[2025-12-10 08:11:29] Meter 312: Generated 4.855 kWh (encrypted: 334253 bytes, 6.454 ms)
[2025-12-10 08:11:49] Meter 312: Generated 6.728 kWh (encrypted: 334087 bytes, 4.675 ms)
[2025-12-10 08:12:09] Meter 312: Generated 3.367 kWh (encrypted: 334317 bytes, 5.020 ms)
[2025-12-10 08:12:17] NETWORK INFO: Server authentication successful for node: aggregator-001
✓ Aggregator connected: aggregator-001 from 127.0.0.1
✓ Sent 334317 bytes to aggregator-001 (0.97ms)
Session completed with aggregator-001
[2025-12-10 08:12:29] Meter 312: Generated 0.799 kWh (encrypted: 333638 bytes, 4.798 ms)

Received shutdown signal. Gracefully shutting down smart meter...
Network server thread stopped
Data generation thread stopped
Smart meter 312 shutdown complete
