=== Continuous Smart Meter Server 451 ===
Initializing for continuous operation...
SEAL context initialized
Loaded certificate: smart-meter-451
Requesting public keys from KDC...
[2025-12-10 08:04:23] NETWORK ERROR: Failed to connect to 127.0.0.1:8444: Connection refused
Error: Failed to connect to KDC at 127.0.0.1:8444
Error: Failed to send key request to KDC
Failed to obtain keys from KDC, falling back to file keys
Loaded keys from fallback files
Cryptographic components initialized
[2025-12-10 08:04:23] NETWORK INFO: Server socket created and listening on port 9451
✓ Smart meter server ready on port 9451
Data transmission interval: 20 seconds (15x accelerated - simulates 5min)
✓ Performance metrics CSV files initialized in performance_data/
Starting continuous smart meter operation...
Press Ctrl+C to stop gracefully
Data generation thread started
Network server thread started on port 9451
[2025-12-10 08:04:40] NETWORK INFO: Server authentication successful for node: aggregator-001
✓ Aggregator connected: aggregator-001 from 127.0.0.1
[2025-12-10 08:04:43] Meter 451: Generated 3.269 kWh (encrypted: 334295 bytes, 10.724 ms)
✓ Sent 334295 bytes to aggregator-001 (1.14ms)
Session completed with aggregator-001
[2025-12-10 08:05:03] Meter 451: Generated 1.653 kWh (encrypted: 334346 bytes, 4.751 ms)
[2025-12-10 08:05:23] Meter 451: Generated 6.503 kWh (encrypted: 334299 bytes, 5.867 ms)
[2025-12-10 08:05:43] Meter 451: Generated 5.069 kWh (encrypted: 334275 bytes, 4.494 ms)
[2025-12-10 08:05:44] NETWORK INFO: Server authentication successful for node: aggregator-001
✓ Aggregator connected: aggregator-001 from 127.0.0.1
✓ Sent 334275 bytes to aggregator-001 (3.19ms)
Session completed with aggregator-001
[2025-12-10 08:06:03] Meter 451: Generated 5.292 kWh (encrypted: 334188 bytes, 4.367 ms)
[2025-12-10 08:06:23] Meter 451: Generated 6.305 kWh (encrypted: 334436 bytes, 4.505 ms)
[2025-12-10 08:06:43] Meter 451: Generated 3.638 kWh (encrypted: 334415 bytes, 4.326 ms)
[2025-12-10 08:06:50] NETWORK INFO: Server authentication successful for node: aggregator-001
✓ Aggregator connected: aggregator-001 from 127.0.0.1
✓ Sent 334415 bytes to aggregator-001 (0.32ms)
Session completed with aggregator-001
[2025-12-10 08:07:03] Meter 451: Generated 4.569 kWh (encrypted: 334201 bytes, 4.649 ms)
[2025-12-10 08:07:23] Meter 451: Generated 4.637 kWh (encrypted: 334073 bytes, 4.409 ms)
[2025-12-10 08:07:43] Meter 451: Generated 4.911 kWh (encrypted: 334293 bytes, 4.558 ms)
[2025-12-10 08:07:56] NETWORK INFO: Server authentication successful for node: aggregator-001
✓ Aggregator connected: aggregator-001 from 127.0.0.1
✓ Sent 334293 bytes to aggregator-001 (0.40ms)
Session completed with aggregator-001
[2025-12-10 08:08:03] Meter 451: Generated 6.568 kWh (encrypted: 334405 bytes, 4.714 ms)
[2025-12-10 08:08:23] Meter 451: Generated 2.691 kWh (encrypted: 334156 bytes, 4.945 ms)
[2025-12-10 08:08:43] Meter 451: Generated 3.334 kWh (encrypted: 334147 bytes, 4.774 ms)
[2025-12-10 08:09:01] NETWORK INFO: Server authentication successful for node: aggregator-001
✓ Aggregator connected: aggregator-001 from 127.0.0.1
✓ Sent 334147 bytes to aggregator-001 (2.74ms)
Session completed with aggregator-001
[2025-12-10 08:09:03] Meter 451: Generated 5.705 kWh (encrypted: 334228 bytes, 7.202 ms)
[2025-12-10 08:09:23] Meter 451: Generated 4.361 kWh (encrypted: 334074 bytes, 7.851 ms)
[2025-12-10 08:09:43] Meter 451: Generated 6.893 kWh (encrypted: 334445 bytes, 7.958 ms)
[2025-12-10 08:10:03] Meter 451: Generated 1.708 kWh (encrypted: 334176 bytes, 6.359 ms)
[2025-12-10 08:10:06] NETWORK INFO: Server authentication successful for node: aggregator-001
✓ Aggregator connected: aggregator-001 from 127.0.0.1
✓ Sent 334176 bytes to aggregator-001 (4.35ms)
Session completed with aggregator-001
[2025-12-10 08:10:23] Meter 451: Generated 4.957 kWh (encrypted: 334128 bytes, 6.693 ms)
[2025-12-10 08:10:43] Meter 451: Generated 2.700 kWh (encrypted: 334428 bytes, 6.927 ms)
[2025-12-10 08:11:03] Meter 451: Generated 6.955 kWh (encrypted: 334410 bytes, 6.515 ms)
[2025-12-10 08:11:12] NETWORK INFO: Server authentication successful for node: aggregator-001
✓ Aggregator connected: aggregator-001 from 127.0.0.1
✓ Sent 334410 bytes to aggregator-001 (0.36ms)
Session completed with aggregator-001
[2025-12-10 08:11:23] Meter 451: Generated 6.151 kWh (encrypted: 334467 bytes, 5.664 ms)
[2025-12-10 08:11:43] Meter 451: Generated 1.213 kWh (encrypted: 334337 bytes, 6.897 ms)
[2025-12-10 08:12:03] Meter 451: Generated 4.511 kWh (encrypted: 334119 bytes, 6.421 ms)
[2025-12-10 08:12:17] NETWORK INFO: Server authentication successful for node: aggregator-001
✓ Aggregator connected: aggregator-001 from 127.0.0.1
✓ Sent 334119 bytes to aggregator-001 (1.79ms)
Session completed with aggregator-001
[2025-12-10 08:12:23] Meter 451: Generated 3.139 kWh (encrypted: 334363 bytes, 6.514 ms)

Received shutdown signal. Gracefully shutting down smart meter...
Network server thread stopped
Data generation thread stopped
Smart meter 451 shutdown complete
