=== Continuous Smart Meter Server 178 ===
Initializing for continuous operation...
SEAL context initialized
Loaded certificate: smart-meter-178
Requesting public keys from KDC...
[2025-12-10 07:58:43] NETWORK ERROR: Failed to connect to 127.0.0.1:8444: Connection refused
Error: Failed to connect to KDC at 127.0.0.1:8444
Error: Failed to send key request to KDC
Failed to obtain keys from KDC, falling back to file keys
Loaded keys from fallback files
Cryptographic components initialized
[2025-12-10 07:58:43] NETWORK INFO: Server socket created and listening on port 9178
✓ Smart meter server ready on port 9178
Data transmission interval: 20 seconds (15x accelerated - simulates 5min)
✓ Performance metrics CSV files initialized in performance_data/
Starting continuous smart meter operation...
Press Ctrl+C to stop gracefully
Data generation thread started
Network server thread started on port 9178
[2025-12-10 07:59:03] Meter 178: Generated 3.811 kWh (encrypted: 334483 bytes, 7.730 ms)
[2025-12-10 07:59:23] Meter 178: Generated 4.044 kWh (encrypted: 334503 bytes, 4.643 ms)
[2025-12-10 07:59:26] NETWORK INFO: Server authentication successful for node: aggregator-001
✓ Aggregator connected: aggregator-001 from 127.0.0.1
✓ Sent 334503 bytes to aggregator-001 (1.42ms)
Session completed with aggregator-001
[2025-12-10 07:59:43] Meter 178: Generated 5.932 kWh (encrypted: 334275 bytes, 6.213 ms)
[2025-12-10 08:00:03] Meter 178: Generated 1.525 kWh (encrypted: 333995 bytes, 5.549 ms)
[2025-12-10 08:00:23] Meter 178: Generated 3.409 kWh (encrypted: 334393 bytes, 4.996 ms)
[2025-12-10 08:00:28] NETWORK INFO: Server authentication successful for node: aggregator-001
✓ Aggregator connected: aggregator-001 from 127.0.0.1
✓ Sent 334393 bytes to aggregator-001 (0.36ms)
Session completed with aggregator-001
[2025-12-10 08:00:43] Meter 178: Generated 5.858 kWh (encrypted: 334426 bytes, 5.666 ms)
[2025-12-10 08:01:03] Meter 178: Generated 6.046 kWh (encrypted: 334419 bytes, 4.309 ms)
[2025-12-10 08:01:23] Meter 178: Generated 2.689 kWh (encrypted: 334359 bytes, 6.517 ms)
[2025-12-10 08:01:31] NETWORK INFO: Server authentication successful for node: aggregator-001
✓ Aggregator connected: aggregator-001 from 127.0.0.1
✓ Sent 334359 bytes to aggregator-001 (0.65ms)
Session completed with aggregator-001
[2025-12-10 08:01:43] Meter 178: Generated 6.203 kWh (encrypted: 334482 bytes, 4.618 ms)
[2025-12-10 08:02:03] Meter 178: Generated 2.376 kWh (encrypted: 334108 bytes, 4.467 ms)
[2025-12-10 08:02:23] Meter 178: Generated 3.561 kWh (encrypted: 334089 bytes, 4.278 ms)
[2025-12-10 08:02:33] NETWORK INFO: Server authentication successful for node: aggregator-001
✓ Aggregator connected: aggregator-001 from 127.0.0.1
✓ Sent 334089 bytes to aggregator-001 (0.39ms)
Session completed with aggregator-001
[2025-12-10 08:02:43] Meter 178: Generated 1.146 kWh (encrypted: 334286 bytes, 5.189 ms)
[2025-12-10 08:03:03] Meter 178: Generated 1.875 kWh (encrypted: 334444 bytes, 4.957 ms)
[2025-12-10 08:03:23] Meter 178: Generated 0.967 kWh (encrypted: 334419 bytes, 4.716 ms)
[2025-12-10 08:03:36] NETWORK INFO: Server authentication successful for node: aggregator-001
✓ Aggregator connected: aggregator-001 from 127.0.0.1
✓ Sent 334419 bytes to aggregator-001 (0.37ms)
Session completed with aggregator-001
[2025-12-10 08:03:43] Meter 178: Generated 6.918 kWh (encrypted: 334504 bytes, 4.729 ms)
[2025-12-10 08:04:03] Meter 178: Generated 1.078 kWh (encrypted: 334423 bytes, 6.289 ms)
[2025-12-10 08:04:23] Meter 178: Generated 4.888 kWh (encrypted: 334260 bytes, 6.520 ms)
[2025-12-10 08:04:39] NETWORK INFO: Server authentication successful for node: aggregator-001
✓ Aggregator connected: aggregator-001 from 127.0.0.1
✓ Sent 334260 bytes to aggregator-001 (0.41ms)
Session completed with aggregator-001
[2025-12-10 08:04:43] Meter 178: Generated 5.300 kWh (encrypted: 334396 bytes, 13.530 ms)
[2025-12-10 08:05:03] Meter 178: Generated 6.859 kWh (encrypted: 334538 bytes, 9.732 ms)
[2025-12-10 08:05:23] Meter 178: Generated 2.276 kWh (encrypted: 334340 bytes, 6.367 ms)
[2025-12-10 08:05:43] Meter 178: Generated 2.995 kWh (encrypted: 334220 bytes, 4.715 ms)
[2025-12-10 08:05:44] NETWORK INFO: Server authentication successful for node: aggregator-001
✓ Aggregator connected: aggregator-001 from 127.0.0.1
✓ Sent 334220 bytes to aggregator-001 (0.37ms)
Session completed with aggregator-001
[2025-12-10 08:06:03] Meter 178: Generated 3.400 kWh (encrypted: 333309 bytes, 4.389 ms)
[2025-12-10 08:06:23] Meter 178: Generated 0.967 kWh (encrypted: 334499 bytes, 6.330 ms)
[2025-12-10 08:06:43] Meter 178: Generated 5.358 kWh (encrypted: 334320 bytes, 4.704 ms)
[2025-12-10 08:06:50] NETWORK INFO: Server authentication successful for node: aggregator-001
✓ Aggregator connected: aggregator-001 from 127.0.0.1
✓ Sent 334320 bytes to aggregator-001 (0.54ms)
Session completed with aggregator-001
[2025-12-10 08:07:03] Meter 178: Generated 3.030 kWh (encrypted: 334342 bytes, 4.484 ms)
[2025-12-10 08:07:23] Meter 178: Generated 2.477 kWh (encrypted: 334200 bytes, 4.718 ms)
[2025-12-10 08:07:43] Meter 178: Generated 1.492 kWh (encrypted: 334093 bytes, 4.406 ms)
[2025-12-10 08:07:55] NETWORK INFO: Server authentication successful for node: aggregator-001
✓ Aggregator connected: aggregator-001 from 127.0.0.1
✓ Sent 334093 bytes to aggregator-001 (0.40ms)
Session completed with aggregator-001
[2025-12-10 08:08:03] Meter 178: Generated 5.302 kWh (encrypted: 334260 bytes, 5.955 ms)
[2025-12-10 08:08:23] Meter 178: Generated 5.855 kWh (encrypted: 334120 bytes, 4.559 ms)
[2025-12-10 08:08:43] Meter 178: Generated 4.616 kWh (encrypted: 334313 bytes, 4.553 ms)
[2025-12-10 08:09:01] NETWORK INFO: Server authentication successful for node: aggregator-001
✓ Aggregator connected: aggregator-001 from 127.0.0.1
✓ Sent 334313 bytes to aggregator-001 (0.36ms)
Session completed with aggregator-001
[2025-12-10 08:09:03] Meter 178: Generated 2.383 kWh (encrypted: 334462 bytes, 4.774 ms)
[2025-12-10 08:09:23] Meter 178: Generated 5.685 kWh (encrypted: 334375 bytes, 6.645 ms)
[2025-12-10 08:09:43] Meter 178: Generated 2.282 kWh (encrypted: 334453 bytes, 4.571 ms)
[2025-12-10 08:10:03] Meter 178: Generated 1.721 kWh (encrypted: 334158 bytes, 4.842 ms)
[2025-12-10 08:10:06] NETWORK INFO: Server authentication successful for node: aggregator-001
✓ Aggregator connected: aggregator-001 from 127.0.0.1
✓ Sent 334158 bytes to aggregator-001 (0.37ms)
Session completed with aggregator-001
[2025-12-10 08:10:23] Meter 178: Generated 2.795 kWh (encrypted: 334463 bytes, 6.565 ms)
[2025-12-10 08:10:43] Meter 178: Generated 0.889 kWh (encrypted: 334330 bytes, 6.780 ms)
[2025-12-10 08:11:03] Meter 178: Generated 0.861 kWh (encrypted: 334467 bytes, 5.223 ms)
[2025-12-10 08:11:12] NETWORK INFO: Server authentication successful for node: aggregator-001
✓ Aggregator connected: aggregator-001 from 127.0.0.1
✓ Sent 334467 bytes to aggregator-001 (0.39ms)
Session completed with aggregator-001
[2025-12-10 08:11:23] Meter 178: Generated 4.530 kWh (encrypted: 334150 bytes, 6.440 ms)
[2025-12-10 08:11:43] Meter 178: Generated 7.295 kWh (encrypted: 334119 bytes, 4.299 ms)
[2025-12-10 08:12:03] Meter 178: Generated 3.940 kWh (encrypted: 334458 bytes, 4.596 ms)
[2025-12-10 08:12:17] NETWORK INFO: Server authentication successful for node: aggregator-001
✓ Aggregator connected: aggregator-001 from 127.0.0.1
✓ Sent 334458 bytes to aggregator-001 (1.08ms)
Session completed with aggregator-001
[2025-12-10 08:12:23] Meter 178: Generated 4.573 kWh (encrypted: 334387 bytes, 4.769 ms)

Received shutdown signal. Gracefully shutting down smart meter...
Network server thread stopped
Data generation thread stopped
Smart meter 178 shutdown complete
