=== Continuous Smart Meter Server 489 ===
Initializing for continuous operation...
SEAL context initialized
Loaded certificate: smart-meter-489
Requesting public keys from KDC...
[2025-12-10 08:05:11] NETWORK ERROR: Failed to connect to 127.0.0.1:8444: Connection refused
Error: Failed to connect to KDC at 127.0.0.1:8444
Error: Failed to send key request to KDC
Failed to obtain keys from KDC, falling back to file keys
Loaded keys from fallback files
Cryptographic components initialized
[2025-12-10 08:05:11] NETWORK INFO: Server socket created and listening on port 9489
✓ Smart meter server ready on port 9489
Data transmission interval: 20 seconds (15x accelerated - simulates 5min)
✓ Performance metrics CSV files initialized in performance_data/
Starting continuous smart meter operation...
Press Ctrl+C to stop gracefully
Data generation thread started
Network server thread started on port 9489
[2025-12-10 08:05:31] Meter 489: Generated 2.393 kWh (encrypted: 334141 bytes, 5.060 ms)
[2025-12-10 08:05:44] NETWORK INFO: Server authentication successful for node: aggregator-001
✓ Aggregator connected: aggregator-001 from 127.0.0.1
✓ Sent 334141 bytes to aggregator-001 (0.90ms)
Session completed with aggregator-001
[2025-12-10 08:05:51] Meter 489: Generated 3.578 kWh (encrypted: 334398 bytes, 4.683 ms)
[2025-12-10 08:06:11] Meter 489: Generated 7.496 kWh (encrypted: 333974 bytes, 6.472 ms)
[2025-12-10 08:06:31] Meter 489: Generated 5.854 kWh (encrypted: 334377 bytes, 7.205 ms)
[2025-12-10 08:06:50] NETWORK INFO: Server authentication successful for node: aggregator-001
✓ Aggregator connected: aggregator-001 from 127.0.0.1
✓ Sent 334377 bytes to aggregator-001 (3.80ms)
Session completed with aggregator-001
[2025-12-10 08:06:51] Meter 489: Generated 7.167 kWh (encrypted: 334185 bytes, 9.760 ms)
[2025-12-10 08:07:11] Meter 489: Generated 3.092 kWh (encrypted: 334072 bytes, 5.339 ms)
[2025-12-10 08:07:31] Meter 489: Generated 3.456 kWh (encrypted: 334284 bytes, 4.485 ms)
[2025-12-10 08:07:51] Meter 489: Generated 3.177 kWh (encrypted: 334396 bytes, 4.405 ms)
[2025-12-10 08:07:56] NETWORK INFO: Server authentication successful for node: aggregator-001
✓ Aggregator connected: aggregator-001 from 127.0.0.1
✓ Sent 334396 bytes to aggregator-001 (0.85ms)
Session completed with aggregator-001
[2025-12-10 08:08:11] Meter 489: Generated 7.079 kWh (encrypted: 334370 bytes, 6.623 ms)
[2025-12-10 08:08:31] Meter 489: Generated 4.123 kWh (encrypted: 334237 bytes, 4.442 ms)
[2025-12-10 08:08:51] Meter 489: Generated 3.387 kWh (encrypted: 334336 bytes, 4.323 ms)
[2025-12-10 08:09:01] NETWORK INFO: Server authentication successful for node: aggregator-001
✓ Aggregator connected: aggregator-001 from 127.0.0.1
✓ Sent 334336 bytes to aggregator-001 (0.36ms)
Session completed with aggregator-001
[2025-12-10 08:09:11] Meter 489: Generated 1.140 kWh (encrypted: 334228 bytes, 6.398 ms)
[2025-12-10 08:09:31] Meter 489: Generated 3.427 kWh (encrypted: 334435 bytes, 10.233 ms)
[2025-12-10 08:09:51] Meter 489: Generated 2.102 kWh (encrypted: 334202 bytes, 4.426 ms)
[2025-12-10 08:10:06] NETWORK INFO: Server authentication successful for node: aggregator-001
✓ Aggregator connected: aggregator-001 from 127.0.0.1
✓ Sent 334202 bytes to aggregator-001 (0.40ms)
Session completed with aggregator-001
[2025-12-10 08:10:11] Meter 489: Generated 6.602 kWh (encrypted: 334043 bytes, 10.065 ms)
[2025-12-10 08:10:31] Meter 489: Generated 0.783 kWh (encrypted: 334334 bytes, 4.876 ms)
[2025-12-10 08:10:51] Meter 489: Generated 3.950 kWh (encrypted: 334344 bytes, 7.485 ms)
[2025-12-10 08:11:11] Meter 489: Generated 2.079 kWh (encrypted: 334404 bytes, 6.143 ms)
[2025-12-10 08:11:12] NETWORK INFO: Server authentication successful for node: aggregator-001
✓ Aggregator connected: aggregator-001 from 127.0.0.1
✓ Sent 334404 bytes to aggregator-001 (3.94ms)
Session completed with aggregator-001
[2025-12-10 08:11:31] Meter 489: Generated 3.360 kWh (encrypted: 334281 bytes, 5.437 ms)
[2025-12-10 08:11:51] Meter 489: Generated 4.669 kWh (encrypted: 334355 bytes, 4.900 ms)
[2025-12-10 08:12:11] Meter 489: Generated 7.049 kWh (encrypted: 334425 bytes, 6.231 ms)
[2025-12-10 08:12:17] NETWORK INFO: Server authentication successful for node: aggregator-001
✓ Aggregator connected: aggregator-001 from 127.0.0.1
✓ Sent 334425 bytes to aggregator-001 (0.38ms)
Session completed with aggregator-001
[2025-12-10 08:12:31] Meter 489: Generated 4.042 kWh (encrypted: 334235 bytes, 10.462 ms)

Received shutdown signal. Gracefully shutting down smart meter...
Network server thread stopped
Data generation thread stopped
Smart meter 489 shutdown complete
