=== Continuous Smart Meter Server 233 ===
Initializing for continuous operation...
SEAL context initialized
Loaded certificate: smart-meter-233
Requesting public keys from KDC...
[2025-12-10 07:59:51] NETWORK ERROR: Failed to connect to 127.0.0.1:8444: Connection refused
Error: Failed to connect to KDC at 127.0.0.1:8444
Error: Failed to send key request to KDC
Failed to obtain keys from KDC, falling back to file keys
Loaded keys from fallback files
Cryptographic components initialized
[2025-12-10 07:59:51] NETWORK INFO: Server socket created and listening on port 9233
✓ Smart meter server ready on port 9233
Data transmission interval: 20 seconds (15x accelerated - simulates 5min)
✓ Performance metrics CSV files initialized in performance_data/
Starting continuous smart meter operation...
Press Ctrl+C to stop gracefully
Data generation thread started
Network server thread started on port 9233
[2025-12-10 08:00:11] Meter 233: Generated 2.341 kWh (encrypted: 334500 bytes, 4.960 ms)
[2025-12-10 08:00:28] NETWORK INFO: Server authentication successful for node: aggregator-001
✓ Aggregator connected: aggregator-001 from 127.0.0.1
✓ Sent 334500 bytes to aggregator-001 (0.80ms)
Session completed with aggregator-001
[2025-12-10 08:00:31] Meter 233: Generated 5.357 kWh (encrypted: 334172 bytes, 4.826 ms)
[2025-12-10 08:00:51] Meter 233: Generated 6.206 kWh (encrypted: 334108 bytes, 4.546 ms)
[2025-12-10 08:01:11] Meter 233: Generated 3.536 kWh (encrypted: 334359 bytes, 4.320 ms)
[2025-12-10 08:01:31] NETWORK INFO: Server authentication successful for node: aggregator-001
✓ Aggregator connected: aggregator-001 from 127.0.0.1
✓ Sent 334359 bytes to aggregator-001 (0.41ms)
Session completed with aggregator-001
[2025-12-10 08:01:31] Meter 233: Generated 2.811 kWh (encrypted: 334379 bytes, 23.475 ms)
[2025-12-10 08:01:51] Meter 233: Generated 5.352 kWh (encrypted: 334354 bytes, 4.398 ms)
[2025-12-10 08:02:11] Meter 233: Generated 3.784 kWh (encrypted: 334130 bytes, 4.418 ms)
[2025-12-10 08:02:31] Meter 233: Generated 6.331 kWh (encrypted: 334416 bytes, 5.172 ms)
[2025-12-10 08:02:33] NETWORK INFO: Server authentication successful for node: aggregator-001
✓ Aggregator connected: aggregator-001 from 127.0.0.1
✓ Sent 334416 bytes to aggregator-001 (0.38ms)
Session completed with aggregator-001
[2025-12-10 08:02:51] Meter 233: Generated 5.722 kWh (encrypted: 334431 bytes, 4.565 ms)
[2025-12-10 08:03:11] Meter 233: Generated 2.161 kWh (encrypted: 334386 bytes, 4.929 ms)
[2025-12-10 08:03:31] Meter 233: Generated 5.668 kWh (encrypted: 334201 bytes, 4.353 ms)
[2025-12-10 08:03:36] NETWORK INFO: Server authentication successful for node: aggregator-001
✓ Aggregator connected: aggregator-001 from 127.0.0.1
✓ Sent 334201 bytes to aggregator-001 (0.44ms)
Session completed with aggregator-001
[2025-12-10 08:03:51] Meter 233: Generated 2.640 kWh (encrypted: 334355 bytes, 4.747 ms)
[2025-12-10 08:04:11] Meter 233: Generated 3.083 kWh (encrypted: 334155 bytes, 4.579 ms)
[2025-12-10 08:04:31] Meter 233: Generated 7.148 kWh (encrypted: 334174 bytes, 4.575 ms)
[2025-12-10 08:04:39] NETWORK INFO: Server authentication successful for node: aggregator-001
✓ Aggregator connected: aggregator-001 from 127.0.0.1
✓ Sent 334174 bytes to aggregator-001 (0.38ms)
Session completed with aggregator-001
[2025-12-10 08:04:51] Meter 233: Generated 4.607 kWh (encrypted: 334487 bytes, 4.462 ms)
[2025-12-10 08:05:11] Meter 233: Generated 4.447 kWh (encrypted: 334422 bytes, 4.504 ms)
[2025-12-10 08:05:31] Meter 233: Generated 3.926 kWh (encrypted: 334121 bytes, 4.615 ms)
[2025-12-10 08:05:44] NETWORK INFO: Server authentication successful for node: aggregator-001
✓ Aggregator connected: aggregator-001 from 127.0.0.1
✓ Sent 334121 bytes to aggregator-001 (0.37ms)
Session completed with aggregator-001
[2025-12-10 08:05:51] Meter 233: Generated 1.377 kWh (encrypted: 334253 bytes, 4.618 ms)
[2025-12-10 08:06:11] Meter 233: Generated 3.436 kWh (encrypted: 334364 bytes, 4.463 ms)
[2025-12-10 08:06:31] Meter 233: Generated 2.468 kWh (encrypted: 334091 bytes, 6.275 ms)
[2025-12-10 08:06:50] NETWORK INFO: Server authentication successful for node: aggregator-001
✓ Aggregator connected: aggregator-001 from 127.0.0.1
✓ Sent 334091 bytes to aggregator-001 (0.36ms)
Session completed with aggregator-001
[2025-12-10 08:06:51] Meter 233: Generated 4.058 kWh (encrypted: 334216 bytes, 4.660 ms)
[2025-12-10 08:07:11] Meter 233: Generated 0.964 kWh (encrypted: 334348 bytes, 4.905 ms)
[2025-12-10 08:07:31] Meter 233: Generated 7.519 kWh (encrypted: 334329 bytes, 4.585 ms)
[2025-12-10 08:07:51] Meter 233: Generated 0.674 kWh (encrypted: 334339 bytes, 15.772 ms)
[2025-12-10 08:07:55] NETWORK INFO: Server authentication successful for node: aggregator-001
✓ Aggregator connected: aggregator-001 from 127.0.0.1
✓ Sent 334339 bytes to aggregator-001 (2.64ms)
Session completed with aggregator-001
[2025-12-10 08:08:11] Meter 233: Generated 6.538 kWh (encrypted: 334207 bytes, 6.125 ms)
[2025-12-10 08:08:31] Meter 233: Generated 1.389 kWh (encrypted: 334241 bytes, 4.549 ms)
[2025-12-10 08:08:51] Meter 233: Generated 7.060 kWh (encrypted: 334271 bytes, 4.672 ms)
[2025-12-10 08:09:01] NETWORK INFO: Server authentication successful for node: aggregator-001
✓ Aggregator connected: aggregator-001 from 127.0.0.1
✓ Sent 334271 bytes to aggregator-001 (0.38ms)
Session completed with aggregator-001
[2025-12-10 08:09:11] Meter 233: Generated 4.687 kWh (encrypted: 334162 bytes, 6.518 ms)
[2025-12-10 08:09:31] Meter 233: Generated 2.099 kWh (encrypted: 334362 bytes, 4.818 ms)
[2025-12-10 08:09:51] Meter 233: Generated 3.101 kWh (encrypted: 333955 bytes, 4.918 ms)
[2025-12-10 08:10:06] NETWORK INFO: Server authentication successful for node: aggregator-001
✓ Aggregator connected: aggregator-001 from 127.0.0.1
✓ Sent 333955 bytes to aggregator-001 (0.35ms)
Session completed with aggregator-001
[2025-12-10 08:10:11] Meter 233: Generated 2.694 kWh (encrypted: 334215 bytes, 6.495 ms)
[2025-12-10 08:10:31] Meter 233: Generated 3.550 kWh (encrypted: 334405 bytes, 7.286 ms)
[2025-12-10 08:10:51] Meter 233: Generated 1.843 kWh (encrypted: 334290 bytes, 4.596 ms)
[2025-12-10 08:11:11] Meter 233: Generated 6.454 kWh (encrypted: 334131 bytes, 5.283 ms)
[2025-12-10 08:11:12] NETWORK INFO: Server authentication successful for node: aggregator-001
✓ Aggregator connected: aggregator-001 from 127.0.0.1
✓ Sent 334131 bytes to aggregator-001 (38.79ms)
Session completed with aggregator-001
[2025-12-10 08:11:31] Meter 233: Generated 3.862 kWh (encrypted: 334327 bytes, 6.780 ms)
[2025-12-10 08:11:51] Meter 233: Generated 3.062 kWh (encrypted: 334342 bytes, 4.714 ms)
[2025-12-10 08:12:11] Meter 233: Generated 4.489 kWh (encrypted: 334278 bytes, 6.718 ms)
[2025-12-10 08:12:17] NETWORK INFO: Server authentication successful for node: aggregator-001
✓ Aggregator connected: aggregator-001 from 127.0.0.1
✓ Sent 334278 bytes to aggregator-001 (1.10ms)
Session completed with aggregator-001
[2025-12-10 08:12:31] Meter 233: Generated 4.124 kWh (encrypted: 334372 bytes, 5.904 ms)

Received shutdown signal. Gracefully shutting down smart meter...
Network server thread stopped
Data generation thread stopped
Smart meter 233 shutdown complete
