=== Continuous Smart Meter Server 369 ===
Initializing for continuous operation...
SEAL context initialized
Loaded certificate: smart-meter-369
Requesting public keys from KDC...
[2025-12-10 08:02:40] NETWORK ERROR: Failed to connect to 127.0.0.1:8444: Connection refused
Error: Failed to connect to KDC at 127.0.0.1:8444
Error: Failed to send key request to KDC
Failed to obtain keys from KDC, falling back to file keys
Loaded keys from fallback files
Cryptographic components initialized
[2025-12-10 08:02:40] NETWORK INFO: Server socket created and listening on port 9369
✓ Smart meter server ready on port 9369
Data transmission interval: 20 seconds (15x accelerated - simulates 5min)
✓ Performance metrics CSV files initialized in performance_data/
Starting continuous smart meter operation...
Press Ctrl+C to stop gracefully
Data generation thread started
Network server thread started on port 9369
[2025-12-10 08:03:00] Meter 369: Generated 5.636 kWh (encrypted: 334125 bytes, 8.059 ms)
[2025-12-10 08:03:20] Meter 369: Generated 4.951 kWh (encrypted: 334368 bytes, 4.640 ms)
[2025-12-10 08:03:36] NETWORK INFO: Server authentication successful for node: aggregator-001
✓ Aggregator connected: aggregator-001 from 127.0.0.1
✓ Sent 334368 bytes to aggregator-001 (0.71ms)
Session completed with aggregator-001
[2025-12-10 08:03:40] Meter 369: Generated 4.973 kWh (encrypted: 334355 bytes, 5.062 ms)
[2025-12-10 08:04:00] Meter 369: Generated 3.195 kWh (encrypted: 334124 bytes, 4.871 ms)
[2025-12-10 08:04:20] Meter 369: Generated 4.315 kWh (encrypted: 334518 bytes, 4.857 ms)
[2025-12-10 08:04:39] NETWORK INFO: Server authentication successful for node: aggregator-001
✓ Aggregator connected: aggregator-001 from 127.0.0.1
✓ Sent 334518 bytes to aggregator-001 (0.37ms)
Session completed with aggregator-001
[2025-12-10 08:04:40] Meter 369: Generated 3.828 kWh (encrypted: 333867 bytes, 4.533 ms)
[2025-12-10 08:05:00] Meter 369: Generated 5.857 kWh (encrypted: 334201 bytes, 4.771 ms)
[2025-12-10 08:05:20] Meter 369: Generated 3.663 kWh (encrypted: 334470 bytes, 4.684 ms)
[2025-12-10 08:05:40] Meter 369: Generated 6.508 kWh (encrypted: 334201 bytes, 4.565 ms)
[2025-12-10 08:05:44] NETWORK INFO: Server authentication successful for node: aggregator-001
✓ Aggregator connected: aggregator-001 from 127.0.0.1
✓ Sent 334201 bytes to aggregator-001 (0.41ms)
Session completed with aggregator-001
[2025-12-10 08:06:00] Meter 369: Generated 3.972 kWh (encrypted: 333971 bytes, 4.400 ms)
[2025-12-10 08:06:20] Meter 369: Generated 3.374 kWh (encrypted: 334406 bytes, 4.590 ms)
[2025-12-10 08:06:40] Meter 369: Generated 2.052 kWh (encrypted: 334296 bytes, 6.815 ms)
[2025-12-10 08:06:50] NETWORK INFO: Server authentication successful for node: aggregator-001
✓ Aggregator connected: aggregator-001 from 127.0.0.1
✓ Sent 334296 bytes to aggregator-001 (0.36ms)
Session completed with aggregator-001
[2025-12-10 08:07:00] Meter 369: Generated 4.511 kWh (encrypted: 334341 bytes, 5.737 ms)
[2025-12-10 08:07:20] Meter 369: Generated 7.325 kWh (encrypted: 334156 bytes, 6.019 ms)
[2025-12-10 08:07:40] Meter 369: Generated 2.869 kWh (encrypted: 334419 bytes, 5.584 ms)
[2025-12-10 08:07:56] NETWORK INFO: Server authentication successful for node: aggregator-001
✓ Aggregator connected: aggregator-001 from 127.0.0.1
✓ Sent 334419 bytes to aggregator-001 (11.22ms)
Session completed with aggregator-001
[2025-12-10 08:08:00] Meter 369: Generated 5.533 kWh (encrypted: 334365 bytes, 6.293 ms)
[2025-12-10 08:08:20] Meter 369: Generated 3.633 kWh (encrypted: 334384 bytes, 6.385 ms)
[2025-12-10 08:08:40] Meter 369: Generated 1.932 kWh (encrypted: 334370 bytes, 6.803 ms)
[2025-12-10 08:09:00] Meter 369: Generated 3.248 kWh (encrypted: 333279 bytes, 5.171 ms)
[2025-12-10 08:09:01] NETWORK INFO: Server authentication successful for node: aggregator-001
✓ Aggregator connected: aggregator-001 from 127.0.0.1
✓ Sent 333279 bytes to aggregator-001 (0.35ms)
Session completed with aggregator-001
[2025-12-10 08:09:20] Meter 369: Generated 2.191 kWh (encrypted: 334453 bytes, 6.649 ms)
[2025-12-10 08:09:40] Meter 369: Generated 7.057 kWh (encrypted: 334375 bytes, 4.749 ms)
[2025-12-10 08:10:00] Meter 369: Generated 6.581 kWh (encrypted: 334120 bytes, 7.757 ms)
[2025-12-10 08:10:06] NETWORK INFO: Server authentication successful for node: aggregator-001
✓ Aggregator connected: aggregator-001 from 127.0.0.1
✓ Sent 334120 bytes to aggregator-001 (0.36ms)
Session completed with aggregator-001
[2025-12-10 08:10:20] Meter 369: Generated 4.568 kWh (encrypted: 334213 bytes, 7.808 ms)
[2025-12-10 08:10:40] Meter 369: Generated 5.088 kWh (encrypted: 333897 bytes, 5.306 ms)
[2025-12-10 08:11:00] Meter 369: Generated 5.625 kWh (encrypted: 334186 bytes, 5.475 ms)
[2025-12-10 08:11:12] NETWORK INFO: Server authentication successful for node: aggregator-001
✓ Aggregator connected: aggregator-001 from 127.0.0.1
✓ Sent 334186 bytes to aggregator-001 (0.37ms)
Session completed with aggregator-001
[2025-12-10 08:11:20] Meter 369: Generated 7.384 kWh (encrypted: 334140 bytes, 5.958 ms)
[2025-12-10 08:11:40] Meter 369: Generated 1.715 kWh (encrypted: 334370 bytes, 6.892 ms)
[2025-12-10 08:12:00] Meter 369: Generated 4.177 kWh (encrypted: 334234 bytes, 4.731 ms)
[2025-12-10 08:12:17] NETWORK INFO: Server authentication successful for node: aggregator-001
✓ Aggregator connected: aggregator-001 from 127.0.0.1
✓ Sent 334234 bytes to aggregator-001 (0.31ms)
Session completed with aggregator-001
[2025-12-10 08:12:20] Meter 369: Generated 2.407 kWh (encrypted: 334420 bytes, 6.688 ms)

Received shutdown signal. Gracefully shutting down smart meter...
Network server thread stopped
Data generation thread stopped
Smart meter 369 shutdown complete
