=== Continuous Smart Meter Server 3 ===
Initializing for continuous operation...
SEAL context initialized
Loaded certificate: smart-meter-003
Requesting public keys from KDC...
[2025-12-03 07:40:46] NETWORK ERROR: Failed to connect to 127.0.0.1:8444: Connection refused
Error: Failed to connect to KDC at 127.0.0.1:8444
Error: Failed to send key request to KDC
Failed to obtain keys from KDC, falling back to file keys
Loaded keys from fallback files
Cryptographic components initialized
[2025-12-03 07:40:46] NETWORK INFO: Server socket created and listening on port 9003
✓ Smart meter server ready on port 9003
Data transmission interval: 20 seconds (15x accelerated - simulates 5min)
✓ Performance metrics CSV files initialized in performance_data/
Starting continuous smart meter operation...
Press Ctrl+C to stop gracefully
Data generation thread started
Network server thread started on port 9003
[2025-12-03 07:41:06] Meter 3: Generated 7.313 kWh (encrypted: 333997 bytes, 6.895 ms)
[2025-12-03 07:41:26] Meter 3: Generated 2.061 kWh (encrypted: 334257 bytes, 4.517 ms)
[2025-12-03 07:41:41] NETWORK INFO: Server authentication successful for node: aggregator-001
✓ Aggregator connected: aggregator-001 from 127.0.0.1
✓ Sent 334257 bytes to aggregator-001 (0.63ms)
Session completed with aggregator-001
[2025-12-03 07:41:46] Meter 3: Generated 4.097 kWh (encrypted: 334009 bytes, 4.723 ms)
[2025-12-03 07:42:06] Meter 3: Generated 4.164 kWh (encrypted: 334165 bytes, 4.628 ms)
[2025-12-03 07:42:26] Meter 3: Generated 1.653 kWh (encrypted: 334453 bytes, 4.624 ms)
[2025-12-03 07:42:42] NETWORK INFO: Server authentication successful for node: aggregator-001
✓ Aggregator connected: aggregator-001 from 127.0.0.1
✓ Sent 334453 bytes to aggregator-001 (0.48ms)
Session completed with aggregator-001
[2025-12-03 07:42:46] Meter 3: Generated 1.551 kWh (encrypted: 334309 bytes, 4.688 ms)
[2025-12-03 07:43:06] Meter 3: Generated 0.736 kWh (encrypted: 334383 bytes, 4.568 ms)
[2025-12-03 07:43:26] Meter 3: Generated 5.410 kWh (encrypted: 334511 bytes, 4.481 ms)
[2025-12-03 07:43:42] NETWORK INFO: Server authentication successful for node: aggregator-001
✓ Aggregator connected: aggregator-001 from 127.0.0.1
✓ Sent 334511 bytes to aggregator-001 (0.97ms)
Session completed with aggregator-001
[2025-12-03 07:43:46] Meter 3: Generated 3.297 kWh (encrypted: 334135 bytes, 4.405 ms)
[2025-12-03 07:44:06] Meter 3: Generated 5.184 kWh (encrypted: 334380 bytes, 4.643 ms)
[2025-12-03 07:44:26] Meter 3: Generated 7.183 kWh (encrypted: 334157 bytes, 4.651 ms)
[2025-12-03 07:44:42] NETWORK INFO: Server authentication successful for node: aggregator-001
✓ Aggregator connected: aggregator-001 from 127.0.0.1
✓ Sent 334157 bytes to aggregator-001 (0.35ms)
Session completed with aggregator-001
[2025-12-03 07:44:46] Meter 3: Generated 6.315 kWh (encrypted: 334209 bytes, 4.983 ms)
[2025-12-03 07:45:06] Meter 3: Generated 1.578 kWh (encrypted: 334098 bytes, 4.556 ms)
[2025-12-03 07:45:26] Meter 3: Generated 3.749 kWh (encrypted: 333947 bytes, 4.417 ms)
[2025-12-03 07:45:42] NETWORK INFO: Server authentication successful for node: aggregator-001
✓ Aggregator connected: aggregator-001 from 127.0.0.1
✓ Sent 333947 bytes to aggregator-001 (0.38ms)
Session completed with aggregator-001
[2025-12-03 07:45:46] Meter 3: Generated 2.063 kWh (encrypted: 334390 bytes, 4.412 ms)
[2025-12-03 07:46:06] Meter 3: Generated 1.317 kWh (encrypted: 334142 bytes, 4.655 ms)
[2025-12-03 07:46:26] Meter 3: Generated 3.880 kWh (encrypted: 334326 bytes, 4.491 ms)
[2025-12-03 07:46:43] NETWORK INFO: Server authentication successful for node: aggregator-001
✓ Aggregator connected: aggregator-001 from 127.0.0.1
✓ Sent 334326 bytes to aggregator-001 (0.40ms)
Session completed with aggregator-001
[2025-12-03 07:46:46] Meter 3: Generated 5.074 kWh (encrypted: 334488 bytes, 4.385 ms)
[2025-12-03 07:47:06] Meter 3: Generated 3.503 kWh (encrypted: 334384 bytes, 4.422 ms)
[2025-12-03 07:47:26] Meter 3: Generated 1.289 kWh (encrypted: 334300 bytes, 4.581 ms)
[2025-12-03 07:47:43] NETWORK INFO: Server authentication successful for node: aggregator-001
✓ Aggregator connected: aggregator-001 from 127.0.0.1
✓ Sent 334300 bytes to aggregator-001 (0.44ms)
Session completed with aggregator-001
[2025-12-03 07:47:46] Meter 3: Generated 3.159 kWh (encrypted: 334466 bytes, 4.441 ms)
[2025-12-03 07:48:06] Meter 3: Generated 3.971 kWh (encrypted: 334370 bytes, 4.514 ms)
[2025-12-03 07:48:26] Meter 3: Generated 5.408 kWh (encrypted: 334298 bytes, 4.458 ms)
[2025-12-03 07:48:43] NETWORK INFO: Server authentication successful for node: aggregator-001
✓ Aggregator connected: aggregator-001 from 127.0.0.1
✓ Sent 334298 bytes to aggregator-001 (0.67ms)
Session completed with aggregator-001
[2025-12-03 07:48:46] Meter 3: Generated 2.224 kWh (encrypted: 334401 bytes, 4.479 ms)
[2025-12-03 07:49:06] Meter 3: Generated 5.970 kWh (encrypted: 334425 bytes, 4.517 ms)
[2025-12-03 07:49:26] Meter 3: Generated 4.124 kWh (encrypted: 334066 bytes, 4.608 ms)
[2025-12-03 07:49:44] NETWORK INFO: Server authentication successful for node: aggregator-001
✓ Aggregator connected: aggregator-001 from 127.0.0.1
✓ Sent 334066 bytes to aggregator-001 (0.45ms)
Session completed with aggregator-001
[2025-12-03 07:49:46] Meter 3: Generated 2.098 kWh (encrypted: 334168 bytes, 4.615 ms)
[2025-12-03 07:50:06] Meter 3: Generated 2.817 kWh (encrypted: 334165 bytes, 4.534 ms)
[2025-12-03 07:50:26] Meter 3: Generated 3.021 kWh (encrypted: 334349 bytes, 4.564 ms)
[2025-12-03 07:50:44] NETWORK INFO: Server authentication successful for node: aggregator-001
✓ Aggregator connected: aggregator-001 from 127.0.0.1
✓ Sent 334349 bytes to aggregator-001 (0.48ms)
Session completed with aggregator-001
[2025-12-03 07:50:46] Meter 3: Generated 2.632 kWh (encrypted: 334384 bytes, 4.594 ms)
[2025-12-03 07:51:06] Meter 3: Generated 6.580 kWh (encrypted: 334250 bytes, 4.779 ms)
[2025-12-03 07:51:26] Meter 3: Generated 4.250 kWh (encrypted: 334345 bytes, 4.441 ms)
[2025-12-03 07:51:44] NETWORK INFO: Server authentication successful for node: aggregator-001
✓ Aggregator connected: aggregator-001 from 127.0.0.1
✓ Sent 334345 bytes to aggregator-001 (0.47ms)
Session completed with aggregator-001
[2025-12-03 07:51:46] Meter 3: Generated 2.366 kWh (encrypted: 334397 bytes, 4.604 ms)
[2025-12-03 07:52:06] Meter 3: Generated 1.249 kWh (encrypted: 334360 bytes, 4.532 ms)
[2025-12-03 07:52:26] Meter 3: Generated 4.334 kWh (encrypted: 334368 bytes, 4.436 ms)
[2025-12-03 07:52:44] NETWORK INFO: Server authentication successful for node: aggregator-001
✓ Aggregator connected: aggregator-001 from 127.0.0.1
✓ Sent 334368 bytes to aggregator-001 (0.35ms)
Session completed with aggregator-001
[2025-12-03 07:52:46] Meter 3: Generated 2.567 kWh (encrypted: 334160 bytes, 4.569 ms)
[2025-12-03 07:53:06] Meter 3: Generated 2.760 kWh (encrypted: 334106 bytes, 4.523 ms)
[2025-12-03 07:53:26] Meter 3: Generated 4.548 kWh (encrypted: 334026 bytes, 4.404 ms)
[2025-12-03 07:53:45] NETWORK INFO: Server authentication successful for node: aggregator-001
✓ Aggregator connected: aggregator-001 from 127.0.0.1
✓ Sent 334026 bytes to aggregator-001 (0.38ms)
Session completed with aggregator-001
[2025-12-03 07:53:46] Meter 3: Generated 2.791 kWh (encrypted: 334332 bytes, 4.837 ms)
[2025-12-03 07:54:06] Meter 3: Generated 1.751 kWh (encrypted: 334070 bytes, 4.430 ms)
[2025-12-03 07:54:26] Meter 3: Generated 3.266 kWh (encrypted: 334135 bytes, 4.409 ms)
[2025-12-03 07:54:45] NETWORK INFO: Server authentication successful for node: aggregator-001
✓ Aggregator connected: aggregator-001 from 127.0.0.1
✓ Sent 334135 bytes to aggregator-001 (0.46ms)
Session completed with aggregator-001
[2025-12-03 07:54:46] Meter 3: Generated 3.841 kWh (encrypted: 334110 bytes, 4.603 ms)
[2025-12-03 07:55:06] Meter 3: Generated 6.051 kWh (encrypted: 334329 bytes, 4.524 ms)
[2025-12-03 07:55:26] Meter 3: Generated 3.960 kWh (encrypted: 334101 bytes, 4.824 ms)
[2025-12-03 07:55:45] NETWORK INFO: Server authentication successful for node: aggregator-001
✓ Aggregator connected: aggregator-001 from 127.0.0.1
✓ Sent 334101 bytes to aggregator-001 (0.98ms)
Session completed with aggregator-001
[2025-12-03 07:55:46] Meter 3: Generated 5.079 kWh (encrypted: 334317 bytes, 4.455 ms)
[2025-12-03 07:56:06] Meter 3: Generated 6.370 kWh (encrypted: 334469 bytes, 4.555 ms)
[2025-12-03 07:56:26] Meter 3: Generated 5.520 kWh (encrypted: 334457 bytes, 4.487 ms)
[2025-12-03 07:56:46] NETWORK INFO: Server authentication successful for node: aggregator-001
✓ Aggregator connected: aggregator-001 from 127.0.0.1
✓ Sent 334457 bytes to aggregator-001 (0.36ms)
Session completed with aggregator-001
[2025-12-03 07:56:46] Meter 3: Generated 2.609 kWh (encrypted: 334364 bytes, 4.611 ms)
[2025-12-03 07:57:06] Meter 3: Generated 6.751 kWh (encrypted: 334391 bytes, 4.958 ms)
[2025-12-03 07:57:26] Meter 3: Generated 6.855 kWh (encrypted: 334301 bytes, 4.686 ms)
[2025-12-03 07:57:46] NETWORK INFO: Server authentication successful for node: aggregator-001
✓ Aggregator connected: aggregator-001 from 127.0.0.1
✓ Sent 334301 bytes to aggregator-001 (0.53ms)
Session completed with aggregator-001
[2025-12-03 07:57:46] Meter 3: Generated 6.206 kWh (encrypted: 334127 bytes, 4.623 ms)
[2025-12-03 07:58:06] Meter 3: Generated 5.973 kWh (encrypted: 334376 bytes, 4.470 ms)
[2025-12-03 07:58:26] Meter 3: Generated 2.674 kWh (encrypted: 334307 bytes, 4.515 ms)
[2025-12-03 07:58:46] NETWORK INFO: Server authentication successful for node: aggregator-001
✓ Aggregator connected: aggregator-001 from 127.0.0.1
✓ Sent 334307 bytes to aggregator-001 (0.42ms)
Session completed with aggregator-001
[2025-12-03 07:58:46] Meter 3: Generated 3.134 kWh (encrypted: 334321 bytes, 4.753 ms)
[2025-12-03 07:59:06] Meter 3: Generated 4.719 kWh (encrypted: 334405 bytes, 4.638 ms)
[2025-12-03 07:59:26] Meter 3: Generated 4.823 kWh (encrypted: 334058 bytes, 4.617 ms)
[2025-12-03 07:59:46] Meter 3: Generated 3.706 kWh (encrypted: 334326 bytes, 4.620 ms)
[2025-12-03 07:59:46] NETWORK INFO: Server authentication successful for node: aggregator-001
✓ Aggregator connected: aggregator-001 from 127.0.0.1
✓ Sent 334326 bytes to aggregator-001 (0.50ms)
Session completed with aggregator-001
[2025-12-03 08:00:06] Meter 3: Generated 4.443 kWh (encrypted: 334362 bytes, 4.516 ms)
[2025-12-03 08:00:26] Meter 3: Generated 3.756 kWh (encrypted: 333617 bytes, 4.534 ms)
[2025-12-03 08:00:46] Meter 3: Generated 0.663 kWh (encrypted: 334486 bytes, 4.588 ms)
[2025-12-03 08:00:47] NETWORK INFO: Server authentication successful for node: aggregator-001
✓ Aggregator connected: aggregator-001 from 127.0.0.1
✓ Sent 334486 bytes to aggregator-001 (0.59ms)
Session completed with aggregator-001
[2025-12-03 08:01:06] Meter 3: Generated 2.485 kWh (encrypted: 334450 bytes, 4.531 ms)
[2025-12-03 08:01:26] Meter 3: Generated 7.316 kWh (encrypted: 334250 bytes, 4.532 ms)
[2025-12-03 08:01:46] Meter 3: Generated 4.303 kWh (encrypted: 333820 bytes, 4.561 ms)
[2025-12-03 08:01:47] NETWORK INFO: Server authentication successful for node: aggregator-001
✓ Aggregator connected: aggregator-001 from 127.0.0.1
✓ Sent 333820 bytes to aggregator-001 (0.41ms)
Session completed with aggregator-001
[2025-12-03 08:02:06] Meter 3: Generated 3.865 kWh (encrypted: 334430 bytes, 4.529 ms)
[2025-12-03 08:02:26] Meter 3: Generated 2.523 kWh (encrypted: 334477 bytes, 4.478 ms)
[2025-12-03 08:02:46] Meter 3: Generated 5.918 kWh (encrypted: 334332 bytes, 4.504 ms)
[2025-12-03 08:02:47] NETWORK INFO: Server authentication successful for node: aggregator-001
✓ Aggregator connected: aggregator-001 from 127.0.0.1
✓ Sent 334332 bytes to aggregator-001 (0.51ms)
Session completed with aggregator-001
[2025-12-03 08:03:06] Meter 3: Generated 4.259 kWh (encrypted: 334422 bytes, 4.525 ms)
[2025-12-03 08:03:26] Meter 3: Generated 6.615 kWh (encrypted: 334368 bytes, 4.427 ms)
[2025-12-03 08:03:46] Meter 3: Generated 7.249 kWh (encrypted: 334340 bytes, 4.551 ms)
[2025-12-03 08:03:47] NETWORK INFO: Server authentication successful for node: aggregator-001
✓ Aggregator connected: aggregator-001 from 127.0.0.1
✓ Sent 334340 bytes to aggregator-001 (0.34ms)
Session completed with aggregator-001
[2025-12-03 08:04:06] Meter 3: Generated 1.613 kWh (encrypted: 334453 bytes, 4.587 ms)
[2025-12-03 08:04:26] Meter 3: Generated 1.315 kWh (encrypted: 334234 bytes, 4.520 ms)
[2025-12-03 08:04:46] Meter 3: Generated 2.564 kWh (encrypted: 334067 bytes, 4.587 ms)
[2025-12-03 08:04:48] NETWORK INFO: Server authentication successful for node: aggregator-001
✓ Aggregator connected: aggregator-001 from 127.0.0.1
✓ Sent 334067 bytes to aggregator-001 (0.87ms)
Session completed with aggregator-001
[2025-12-03 08:05:06] Meter 3: Generated 5.134 kWh (encrypted: 334056 bytes, 4.441 ms)
[2025-12-03 08:05:26] Meter 3: Generated 3.789 kWh (encrypted: 334446 bytes, 4.485 ms)
[2025-12-03 08:05:46] Meter 3: Generated 5.040 kWh (encrypted: 334481 bytes, 4.935 ms)
[2025-12-03 08:05:48] NETWORK INFO: Server authentication successful for node: aggregator-001
✓ Aggregator connected: aggregator-001 from 127.0.0.1
✓ Sent 334481 bytes to aggregator-001 (0.50ms)
Session completed with aggregator-001
[2025-12-03 08:06:06] Meter 3: Generated 6.459 kWh (encrypted: 334259 bytes, 4.613 ms)
[2025-12-03 08:06:26] Meter 3: Generated 5.548 kWh (encrypted: 334530 bytes, 4.746 ms)
[2025-12-03 08:06:46] Meter 3: Generated 4.647 kWh (encrypted: 334112 bytes, 4.626 ms)
[2025-12-03 08:06:48] NETWORK INFO: Server authentication successful for node: aggregator-001
✓ Aggregator connected: aggregator-001 from 127.0.0.1
✓ Sent 334112 bytes to aggregator-001 (0.38ms)
Session completed with aggregator-001
[2025-12-03 08:07:06] Meter 3: Generated 2.916 kWh (encrypted: 334080 bytes, 4.612 ms)
[2025-12-03 08:07:26] Meter 3: Generated 5.662 kWh (encrypted: 334408 bytes, 4.503 ms)
[2025-12-03 08:07:46] Meter 3: Generated 4.531 kWh (encrypted: 334396 bytes, 5.886 ms)
[2025-12-03 08:07:49] NETWORK INFO: Server authentication successful for node: aggregator-001
✓ Aggregator connected: aggregator-001 from 127.0.0.1
✓ Sent 334396 bytes to aggregator-001 (0.33ms)
Session completed with aggregator-001
[2025-12-03 08:08:06] Meter 3: Generated 2.386 kWh (encrypted: 334333 bytes, 4.270 ms)
[2025-12-03 08:08:26] Meter 3: Generated 2.354 kWh (encrypted: 334470 bytes, 4.773 ms)
[2025-12-03 08:08:46] Meter 3: Generated 2.750 kWh (encrypted: 334080 bytes, 4.682 ms)
[2025-12-03 08:08:49] NETWORK INFO: Server authentication successful for node: aggregator-001
✓ Aggregator connected: aggregator-001 from 127.0.0.1
✓ Sent 334080 bytes to aggregator-001 (0.36ms)
Session completed with aggregator-001
[2025-12-03 08:09:06] Meter 3: Generated 7.328 kWh (encrypted: 334246 bytes, 4.568 ms)
[2025-12-03 08:09:26] Meter 3: Generated 5.211 kWh (encrypted: 334209 bytes, 4.456 ms)
[2025-12-03 08:09:46] Meter 3: Generated 5.938 kWh (encrypted: 334252 bytes, 4.568 ms)
[2025-12-03 08:09:49] NETWORK INFO: Server authentication successful for node: aggregator-001
✓ Aggregator connected: aggregator-001 from 127.0.0.1
✓ Sent 334252 bytes to aggregator-001 (0.47ms)
Session completed with aggregator-001
[2025-12-03 08:10:06] Meter 3: Generated 5.101 kWh (encrypted: 334402 bytes, 4.470 ms)
[2025-12-03 08:10:26] Meter 3: Generated 7.315 kWh (encrypted: 334318 bytes, 4.590 ms)
[2025-12-03 08:10:46] Meter 3: Generated 7.075 kWh (encrypted: 334395 bytes, 4.514 ms)
[2025-12-03 08:10:49] NETWORK INFO: Server authentication successful for node: aggregator-001
✓ Aggregator connected: aggregator-001 from 127.0.0.1
✓ Sent 334395 bytes to aggregator-001 (0.40ms)
Session completed with aggregator-001
[2025-12-03 08:11:06] Meter 3: Generated 7.229 kWh (encrypted: 334499 bytes, 4.443 ms)
[2025-12-03 08:11:26] Meter 3: Generated 3.131 kWh (encrypted: 334363 bytes, 4.480 ms)
[2025-12-03 08:11:46] Meter 3: Generated 4.314 kWh (encrypted: 334290 bytes, 4.497 ms)
[2025-12-03 08:11:50] NETWORK INFO: Server authentication successful for node: aggregator-001
✓ Aggregator connected: aggregator-001 from 127.0.0.1
✓ Sent 334290 bytes to aggregator-001 (0.40ms)
Session completed with aggregator-001
[2025-12-03 08:12:06] Meter 3: Generated 4.088 kWh (encrypted: 334424 bytes, 4.510 ms)
[2025-12-03 08:12:26] Meter 3: Generated 1.039 kWh (encrypted: 334272 bytes, 4.760 ms)
[2025-12-03 08:12:46] Meter 3: Generated 5.650 kWh (encrypted: 334401 bytes, 4.703 ms)
[2025-12-03 08:12:50] NETWORK INFO: Server authentication successful for node: aggregator-001
✓ Aggregator connected: aggregator-001 from 127.0.0.1
✓ Sent 334401 bytes to aggregator-001 (0.40ms)
Session completed with aggregator-001
[2025-12-03 08:13:06] Meter 3: Generated 3.624 kWh (encrypted: 334100 bytes, 4.369 ms)
[2025-12-03 08:13:26] Meter 3: Generated 4.659 kWh (encrypted: 334321 bytes, 4.846 ms)
[2025-12-03 08:13:46] Meter 3: Generated 5.186 kWh (encrypted: 333961 bytes, 4.465 ms)
[2025-12-03 08:13:50] NETWORK INFO: Server authentication successful for node: aggregator-001
✓ Aggregator connected: aggregator-001 from 127.0.0.1
✓ Sent 333961 bytes to aggregator-001 (0.52ms)
Session completed with aggregator-001
[2025-12-03 08:14:06] Meter 3: Generated 5.003 kWh (encrypted: 334421 bytes, 4.483 ms)
[2025-12-03 08:14:27] Meter 3: Generated 1.610 kWh (encrypted: 334139 bytes, 4.521 ms)
[2025-12-03 08:14:47] Meter 3: Generated 4.301 kWh (encrypted: 334321 bytes, 4.461 ms)
[2025-12-03 08:14:51] NETWORK INFO: Server authentication successful for node: aggregator-001
✓ Aggregator connected: aggregator-001 from 127.0.0.1
✓ Sent 334321 bytes to aggregator-001 (0.37ms)
Session completed with aggregator-001
[2025-12-03 08:15:07] Meter 3: Generated 7.330 kWh (encrypted: 334272 bytes, 4.741 ms)
[2025-12-03 08:15:27] Meter 3: Generated 1.435 kWh (encrypted: 334206 bytes, 4.799 ms)
[2025-12-03 08:15:47] Meter 3: Generated 1.009 kWh (encrypted: 334251 bytes, 4.545 ms)
[2025-12-03 08:15:51] NETWORK INFO: Server authentication successful for node: aggregator-001
✓ Aggregator connected: aggregator-001 from 127.0.0.1
✓ Sent 334251 bytes to aggregator-001 (0.42ms)
Session completed with aggregator-001
[2025-12-03 08:16:07] Meter 3: Generated 4.374 kWh (encrypted: 334329 bytes, 4.636 ms)
[2025-12-03 08:16:27] Meter 3: Generated 6.478 kWh (encrypted: 334424 bytes, 4.494 ms)
[2025-12-03 08:16:47] Meter 3: Generated 1.422 kWh (encrypted: 334487 bytes, 4.714 ms)
[2025-12-03 08:16:51] NETWORK INFO: Server authentication successful for node: aggregator-001
✓ Aggregator connected: aggregator-001 from 127.0.0.1
✓ Sent 334487 bytes to aggregator-001 (0.39ms)
Session completed with aggregator-001
[2025-12-03 08:17:07] Meter 3: Generated 1.014 kWh (encrypted: 334261 bytes, 4.581 ms)
[2025-12-03 08:17:27] Meter 3: Generated 5.958 kWh (encrypted: 334285 bytes, 4.572 ms)
[2025-12-03 08:17:47] Meter 3: Generated 0.856 kWh (encrypted: 333236 bytes, 4.517 ms)
[2025-12-03 08:17:51] NETWORK INFO: Server authentication successful for node: aggregator-001
✓ Aggregator connected: aggregator-001 from 127.0.0.1
✓ Sent 333236 bytes to aggregator-001 (0.57ms)
Session completed with aggregator-001
[2025-12-03 08:18:07] Meter 3: Generated 2.664 kWh (encrypted: 334366 bytes, 4.647 ms)
[2025-12-03 08:18:27] Meter 3: Generated 7.114 kWh (encrypted: 334189 bytes, 4.525 ms)
[2025-12-03 08:18:47] Meter 3: Generated 5.294 kWh (encrypted: 334309 bytes, 4.635 ms)
[2025-12-03 08:18:52] NETWORK INFO: Server authentication successful for node: aggregator-001
✓ Aggregator connected: aggregator-001 from 127.0.0.1
✓ Sent 334309 bytes to aggregator-001 (0.79ms)
Session completed with aggregator-001
[2025-12-03 08:19:07] Meter 3: Generated 7.094 kWh (encrypted: 334204 bytes, 6.387 ms)
[2025-12-03 08:19:27] Meter 3: Generated 2.679 kWh (encrypted: 334375 bytes, 4.540 ms)
[2025-12-03 08:19:47] Meter 3: Generated 4.979 kWh (encrypted: 334175 bytes, 4.555 ms)
[2025-12-03 08:19:52] NETWORK INFO: Server authentication successful for node: aggregator-001
✓ Aggregator connected: aggregator-001 from 127.0.0.1
✓ Sent 334175 bytes to aggregator-001 (0.47ms)
Session completed with aggregator-001
[2025-12-03 08:20:07] Meter 3: Generated 3.200 kWh (encrypted: 334308 bytes, 4.657 ms)
[2025-12-03 08:20:27] Meter 3: Generated 6.561 kWh (encrypted: 334316 bytes, 4.555 ms)
[2025-12-03 08:20:47] Meter 3: Generated 3.161 kWh (encrypted: 334388 bytes, 4.486 ms)
[2025-12-03 08:20:52] NETWORK INFO: Server authentication successful for node: aggregator-001
✓ Aggregator connected: aggregator-001 from 127.0.0.1
✓ Sent 334388 bytes to aggregator-001 (0.60ms)
Session completed with aggregator-001
[2025-12-03 08:21:07] Meter 3: Generated 6.380 kWh (encrypted: 334260 bytes, 4.601 ms)
[2025-12-03 08:21:27] Meter 3: Generated 3.461 kWh (encrypted: 334426 bytes, 4.496 ms)
[2025-12-03 08:21:47] Meter 3: Generated 4.385 kWh (encrypted: 334229 bytes, 4.680 ms)
[2025-12-03 08:21:53] NETWORK INFO: Server authentication successful for node: aggregator-001
✓ Aggregator connected: aggregator-001 from 127.0.0.1
✓ Sent 334229 bytes to aggregator-001 (0.39ms)
Session completed with aggregator-001
[2025-12-03 08:22:07] Meter 3: Generated 4.846 kWh (encrypted: 334181 bytes, 4.389 ms)
[2025-12-03 08:22:27] Meter 3: Generated 6.879 kWh (encrypted: 334334 bytes, 4.531 ms)
[2025-12-03 08:22:47] Meter 3: Generated 4.615 kWh (encrypted: 334392 bytes, 4.628 ms)
[2025-12-03 08:22:53] NETWORK INFO: Server authentication successful for node: aggregator-001
✓ Aggregator connected: aggregator-001 from 127.0.0.1
✓ Sent 334392 bytes to aggregator-001 (1.36ms)
Session completed with aggregator-001
[2025-12-03 08:23:07] Meter 3: Generated 2.203 kWh (encrypted: 334323 bytes, 4.325 ms)
[2025-12-03 08:23:27] Meter 3: Generated 6.365 kWh (encrypted: 334449 bytes, 4.562 ms)
[2025-12-03 08:23:47] Meter 3: Generated 1.723 kWh (encrypted: 334437 bytes, 4.535 ms)
[2025-12-03 08:23:53] NETWORK INFO: Server authentication successful for node: aggregator-001
✓ Aggregator connected: aggregator-001 from 127.0.0.1
✓ Sent 334437 bytes to aggregator-001 (0.44ms)
Session completed with aggregator-001
[2025-12-03 08:24:07] Meter 3: Generated 1.986 kWh (encrypted: 334316 bytes, 4.573 ms)
[2025-12-03 08:24:27] Meter 3: Generated 6.913 kWh (encrypted: 334136 bytes, 4.587 ms)
[2025-12-03 08:24:47] Meter 3: Generated 1.130 kWh (encrypted: 334125 bytes, 4.534 ms)
[2025-12-03 08:24:53] NETWORK INFO: Server authentication successful for node: aggregator-001
✓ Aggregator connected: aggregator-001 from 127.0.0.1
✓ Sent 334125 bytes to aggregator-001 (0.60ms)
Session completed with aggregator-001
[2025-12-03 08:25:07] Meter 3: Generated 5.084 kWh (encrypted: 334442 bytes, 4.480 ms)
[2025-12-03 08:25:27] Meter 3: Generated 2.841 kWh (encrypted: 334378 bytes, 4.362 ms)
[2025-12-03 08:25:47] Meter 3: Generated 4.610 kWh (encrypted: 334273 bytes, 4.518 ms)
[2025-12-03 08:25:54] NETWORK INFO: Server authentication successful for node: aggregator-001
✓ Aggregator connected: aggregator-001 from 127.0.0.1
✓ Sent 334273 bytes to aggregator-001 (0.39ms)
Session completed with aggregator-001
[2025-12-03 08:26:07] Meter 3: Generated 6.249 kWh (encrypted: 334351 bytes, 4.506 ms)
[2025-12-03 08:26:27] Meter 3: Generated 4.303 kWh (encrypted: 334384 bytes, 4.467 ms)
[2025-12-03 08:26:47] Meter 3: Generated 2.033 kWh (encrypted: 334362 bytes, 4.475 ms)
[2025-12-03 08:26:54] NETWORK INFO: Server authentication successful for node: aggregator-001
✓ Aggregator connected: aggregator-001 from 127.0.0.1
✓ Sent 334362 bytes to aggregator-001 (0.40ms)
Session completed with aggregator-001
[2025-12-03 08:27:07] Meter 3: Generated 3.253 kWh (encrypted: 334352 bytes, 4.706 ms)
[2025-12-03 08:27:27] Meter 3: Generated 1.996 kWh (encrypted: 334296 bytes, 4.632 ms)
[2025-12-03 08:27:47] Meter 3: Generated 1.767 kWh (encrypted: 334452 bytes, 4.587 ms)
[2025-12-03 08:27:54] NETWORK INFO: Server authentication successful for node: aggregator-001
✓ Aggregator connected: aggregator-001 from 127.0.0.1
✓ Sent 334452 bytes to aggregator-001 (0.56ms)
Session completed with aggregator-001
[2025-12-03 08:28:07] Meter 3: Generated 7.288 kWh (encrypted: 334052 bytes, 4.579 ms)
[2025-12-03 08:28:27] Meter 3: Generated 7.039 kWh (encrypted: 334345 bytes, 4.675 ms)
[2025-12-03 08:28:47] Meter 3: Generated 6.769 kWh (encrypted: 334435 bytes, 4.547 ms)
[2025-12-03 08:28:55] NETWORK INFO: Server authentication successful for node: aggregator-001
✓ Aggregator connected: aggregator-001 from 127.0.0.1
✓ Sent 334435 bytes to aggregator-001 (0.41ms)
Session completed with aggregator-001
[2025-12-03 08:29:07] Meter 3: Generated 4.518 kWh (encrypted: 333905 bytes, 4.576 ms)
[2025-12-03 08:29:27] Meter 3: Generated 3.721 kWh (encrypted: 334486 bytes, 4.727 ms)
[2025-12-03 08:29:47] Meter 3: Generated 7.404 kWh (encrypted: 334376 bytes, 4.394 ms)
[2025-12-03 08:29:55] NETWORK INFO: Server authentication successful for node: aggregator-001
✓ Aggregator connected: aggregator-001 from 127.0.0.1
✓ Sent 334376 bytes to aggregator-001 (0.42ms)
Session completed with aggregator-001
[2025-12-03 08:30:07] Meter 3: Generated 6.938 kWh (encrypted: 334059 bytes, 4.484 ms)
[2025-12-03 08:30:27] Meter 3: Generated 6.782 kWh (encrypted: 334243 bytes, 4.283 ms)
[2025-12-03 08:30:47] Meter 3: Generated 7.035 kWh (encrypted: 334284 bytes, 5.691 ms)
[2025-12-03 08:30:55] NETWORK INFO: Server authentication successful for node: aggregator-001
✓ Aggregator connected: aggregator-001 from 127.0.0.1
✓ Sent 334284 bytes to aggregator-001 (0.74ms)
Session completed with aggregator-001
[2025-12-03 08:31:07] Meter 3: Generated 6.297 kWh (encrypted: 334161 bytes, 4.378 ms)
[2025-12-03 08:31:27] Meter 3: Generated 4.009 kWh (encrypted: 334335 bytes, 4.597 ms)
[2025-12-03 08:31:47] Meter 3: Generated 1.480 kWh (encrypted: 334348 bytes, 4.662 ms)
[2025-12-03 08:31:55] NETWORK INFO: Server authentication successful for node: aggregator-001
✓ Aggregator connected: aggregator-001 from 127.0.0.1
✓ Sent 334348 bytes to aggregator-001 (0.39ms)
Session completed with aggregator-001
[2025-12-03 08:32:07] Meter 3: Generated 2.801 kWh (encrypted: 334393 bytes, 4.526 ms)
[2025-12-03 08:32:27] Meter 3: Generated 4.104 kWh (encrypted: 334256 bytes, 4.543 ms)
[2025-12-03 08:32:47] Meter 3: Generated 2.709 kWh (encrypted: 334214 bytes, 4.542 ms)
[2025-12-03 08:32:56] NETWORK INFO: Server authentication successful for node: aggregator-001
✓ Aggregator connected: aggregator-001 from 127.0.0.1
✓ Sent 334214 bytes to aggregator-001 (0.44ms)
Session completed with aggregator-001
[2025-12-03 08:33:07] Meter 3: Generated 7.077 kWh (encrypted: 334361 bytes, 4.381 ms)
[2025-12-03 08:33:27] Meter 3: Generated 6.152 kWh (encrypted: 334226 bytes, 4.459 ms)
[2025-12-03 08:33:47] Meter 3: Generated 5.166 kWh (encrypted: 334452 bytes, 4.656 ms)
[2025-12-03 08:33:56] NETWORK INFO: Server authentication successful for node: aggregator-001
✓ Aggregator connected: aggregator-001 from 127.0.0.1
✓ Sent 334452 bytes to aggregator-001 (0.57ms)
Session completed with aggregator-001
[2025-12-03 08:34:07] Meter 3: Generated 3.667 kWh (encrypted: 334124 bytes, 4.736 ms)
[2025-12-03 08:34:27] Meter 3: Generated 3.646 kWh (encrypted: 334444 bytes, 4.519 ms)
[2025-12-03 08:34:47] Meter 3: Generated 5.628 kWh (encrypted: 334432 bytes, 4.496 ms)
[2025-12-03 08:34:56] NETWORK INFO: Server authentication successful for node: aggregator-001
✓ Aggregator connected: aggregator-001 from 127.0.0.1
✓ Sent 334432 bytes to aggregator-001 (0.44ms)
Session completed with aggregator-001
[2025-12-03 08:35:07] Meter 3: Generated 1.259 kWh (encrypted: 334304 bytes, 4.462 ms)
[2025-12-03 08:35:27] Meter 3: Generated 2.016 kWh (encrypted: 334112 bytes, 4.468 ms)
[2025-12-03 08:35:47] Meter 3: Generated 1.878 kWh (encrypted: 334041 bytes, 4.358 ms)
[2025-12-03 08:35:57] NETWORK INFO: Server authentication successful for node: aggregator-001
✓ Aggregator connected: aggregator-001 from 127.0.0.1
✓ Sent 334041 bytes to aggregator-001 (0.38ms)
Session completed with aggregator-001
[2025-12-03 08:36:07] Meter 3: Generated 3.123 kWh (encrypted: 334039 bytes, 4.673 ms)
[2025-12-03 08:36:27] Meter 3: Generated 2.710 kWh (encrypted: 334470 bytes, 4.332 ms)
[2025-12-03 08:36:47] Meter 3: Generated 2.661 kWh (encrypted: 334491 bytes, 4.550 ms)
[2025-12-03 08:36:57] NETWORK INFO: Server authentication successful for node: aggregator-001
✓ Aggregator connected: aggregator-001 from 127.0.0.1
✓ Sent 334491 bytes to aggregator-001 (0.40ms)
Session completed with aggregator-001
[2025-12-03 08:37:07] Meter 3: Generated 1.757 kWh (encrypted: 334215 bytes, 4.623 ms)
[2025-12-03 08:37:27] Meter 3: Generated 5.429 kWh (encrypted: 334397 bytes, 6.492 ms)
[2025-12-03 08:37:47] Meter 3: Generated 1.522 kWh (encrypted: 334209 bytes, 6.467 ms)
[2025-12-03 08:37:57] NETWORK INFO: Server authentication successful for node: aggregator-001
✓ Aggregator connected: aggregator-001 from 127.0.0.1
✓ Sent 334209 bytes to aggregator-001 (2.88ms)
Session completed with aggregator-001
[2025-12-03 08:38:07] Meter 3: Generated 6.890 kWh (encrypted: 334462 bytes, 4.513 ms)
[2025-12-03 08:38:27] Meter 3: Generated 3.745 kWh (encrypted: 334392 bytes, 4.486 ms)
[2025-12-03 08:38:47] Meter 3: Generated 2.792 kWh (encrypted: 334358 bytes, 4.450 ms)
[2025-12-03 08:38:57] NETWORK INFO: Server authentication successful for node: aggregator-001
✓ Aggregator connected: aggregator-001 from 127.0.0.1
✓ Sent 334358 bytes to aggregator-001 (0.36ms)
Session completed with aggregator-001
[2025-12-03 08:39:07] Meter 3: Generated 6.127 kWh (encrypted: 334387 bytes, 4.545 ms)
[2025-12-03 08:39:27] Meter 3: Generated 1.662 kWh (encrypted: 334391 bytes, 4.579 ms)
[2025-12-03 08:39:47] Meter 3: Generated 6.129 kWh (encrypted: 334402 bytes, 5.122 ms)
[2025-12-03 08:39:58] NETWORK INFO: Server authentication successful for node: aggregator-001
✓ Aggregator connected: aggregator-001 from 127.0.0.1
✓ Sent 334402 bytes to aggregator-001 (0.44ms)
Session completed with aggregator-001
[2025-12-03 08:40:07] Meter 3: Generated 7.307 kWh (encrypted: 334396 bytes, 4.390 ms)
[2025-12-03 08:40:27] Meter 3: Generated 7.045 kWh (encrypted: 334178 bytes, 4.349 ms)
[2025-12-03 08:40:47] Meter 3: Generated 5.727 kWh (encrypted: 334081 bytes, 4.461 ms)
[2025-12-03 08:40:58] NETWORK INFO: Server authentication successful for node: aggregator-001
✓ Aggregator connected: aggregator-001 from 127.0.0.1
✓ Sent 334081 bytes to aggregator-001 (0.35ms)
Session completed with aggregator-001
[2025-12-03 08:41:07] Meter 3: Generated 5.646 kWh (encrypted: 334327 bytes, 4.266 ms)
[2025-12-03 08:41:27] Meter 3: Generated 2.195 kWh (encrypted: 334466 bytes, 4.477 ms)
[2025-12-03 08:41:47] Meter 3: Generated 6.302 kWh (encrypted: 334310 bytes, 4.542 ms)

Received shutdown signal. Gracefully shutting down smart meter...

Received shutdown signal. Gracefully shutting down smart meter...
Network server thread stopped
Data generation thread stopped
Smart meter 3 shutdown complete
