=== Continuous Smart Meter Server 21 ===
Initializing for continuous operation...
SEAL context initialized
Loaded certificate: smart-meter-021
Requesting public keys from KDC...
[2025-12-10 07:55:32] NETWORK ERROR: Failed to connect to 127.0.0.1:8444: Connection refused
Error: Failed to connect to KDC at 127.0.0.1:8444
Error: Failed to send key request to KDC
Failed to obtain keys from KDC, falling back to file keys
Loaded keys from fallback files
Cryptographic components initialized
[2025-12-10 07:55:32] NETWORK INFO: Server socket created and listening on port 9021
✓ Smart meter server ready on port 9021
Data transmission interval: 20 seconds (15x accelerated - simulates 5min)
✓ Performance metrics CSV files initialized in performance_data/
Starting continuous smart meter operation...
Press Ctrl+C to stop gracefully
Data generation thread started
Network server thread started on port 9021
[2025-12-10 07:55:52] Meter 21: Generated 5.758 kWh (encrypted: 333305 bytes, 4.851 ms)
[2025-12-10 07:56:05] NETWORK INFO: Server authentication successful for node: aggregator-001
✓ Aggregator connected: aggregator-001 from 127.0.0.1
✓ Sent 333305 bytes to aggregator-001 (0.60ms)
Session completed with aggregator-001
[2025-12-10 07:56:12] Meter 21: Generated 2.727 kWh (encrypted: 334338 bytes, 4.917 ms)
[2025-12-10 07:56:32] Meter 21: Generated 1.586 kWh (encrypted: 334078 bytes, 4.827 ms)
[2025-12-10 07:56:52] Meter 21: Generated 7.051 kWh (encrypted: 334272 bytes, 4.254 ms)
[2025-12-10 07:57:12] Meter 21: Generated 4.931 kWh (encrypted: 334298 bytes, 4.271 ms)
[2025-12-10 07:57:15] NETWORK INFO: Server authentication successful for node: aggregator-001
✓ Aggregator connected: aggregator-001 from 127.0.0.1
✓ Sent 334298 bytes to aggregator-001 (0.38ms)
Session completed with aggregator-001
[2025-12-10 07:57:32] Meter 21: Generated 6.805 kWh (encrypted: 334375 bytes, 4.254 ms)
[2025-12-10 07:57:52] Meter 21: Generated 4.957 kWh (encrypted: 334308 bytes, 5.071 ms)
[2025-12-10 07:58:12] Meter 21: Generated 4.329 kWh (encrypted: 334534 bytes, 4.438 ms)
[2025-12-10 07:58:25] NETWORK INFO: Server authentication successful for node: aggregator-001
✓ Aggregator connected: aggregator-001 from 127.0.0.1
✓ Sent 334534 bytes to aggregator-001 (2.90ms)
Session completed with aggregator-001
[2025-12-10 07:58:32] Meter 21: Generated 6.326 kWh (encrypted: 334139 bytes, 4.392 ms)
[2025-12-10 07:58:52] Meter 21: Generated 4.180 kWh (encrypted: 334170 bytes, 4.487 ms)
[2025-12-10 07:59:12] Meter 21: Generated 2.181 kWh (encrypted: 334434 bytes, 6.451 ms)
[2025-12-10 07:59:26] NETWORK INFO: Server authentication successful for node: aggregator-001
✓ Aggregator connected: aggregator-001 from 127.0.0.1
✓ Sent 334434 bytes to aggregator-001 (0.37ms)
Session completed with aggregator-001
[2025-12-10 07:59:32] Meter 21: Generated 2.601 kWh (encrypted: 334366 bytes, 4.467 ms)
[2025-12-10 07:59:52] Meter 21: Generated 5.692 kWh (encrypted: 334474 bytes, 4.717 ms)
[2025-12-10 08:00:12] Meter 21: Generated 2.553 kWh (encrypted: 334434 bytes, 7.078 ms)
[2025-12-10 08:00:28] NETWORK INFO: Server authentication successful for node: aggregator-001
✓ Aggregator connected: aggregator-001 from 127.0.0.1
✓ Sent 334434 bytes to aggregator-001 (2.80ms)
Session completed with aggregator-001
[2025-12-10 08:00:32] Meter 21: Generated 1.564 kWh (encrypted: 334140 bytes, 5.190 ms)
[2025-12-10 08:00:52] Meter 21: Generated 4.220 kWh (encrypted: 334431 bytes, 5.914 ms)
[2025-12-10 08:01:12] Meter 21: Generated 1.710 kWh (encrypted: 333986 bytes, 5.324 ms)
[2025-12-10 08:01:31] NETWORK INFO: Server authentication successful for node: aggregator-001
✓ Aggregator connected: aggregator-001 from 127.0.0.1
✓ Sent 333986 bytes to aggregator-001 (1.03ms)
Session completed with aggregator-001
[2025-12-10 08:01:32] Meter 21: Generated 3.493 kWh (encrypted: 334406 bytes, 6.352 ms)
[2025-12-10 08:01:52] Meter 21: Generated 4.287 kWh (encrypted: 334218 bytes, 6.993 ms)
[2025-12-10 08:02:12] Meter 21: Generated 4.961 kWh (encrypted: 334393 bytes, 6.903 ms)
[2025-12-10 08:02:32] Meter 21: Generated 1.659 kWh (encrypted: 333747 bytes, 6.803 ms)
[2025-12-10 08:02:33] NETWORK INFO: Server authentication successful for node: aggregator-001
✓ Aggregator connected: aggregator-001 from 127.0.0.1
✓ Sent 333747 bytes to aggregator-001 (0.43ms)
Session completed with aggregator-001
[2025-12-10 08:02:52] Meter 21: Generated 5.728 kWh (encrypted: 334210 bytes, 4.706 ms)
[2025-12-10 08:03:12] Meter 21: Generated 7.486 kWh (encrypted: 334381 bytes, 7.965 ms)
[2025-12-10 08:03:32] Meter 21: Generated 6.329 kWh (encrypted: 334197 bytes, 7.186 ms)
[2025-12-10 08:03:36] NETWORK INFO: Server authentication successful for node: aggregator-001
✓ Aggregator connected: aggregator-001 from 127.0.0.1
✓ Sent 334197 bytes to aggregator-001 (0.37ms)
Session completed with aggregator-001
[2025-12-10 08:03:52] Meter 21: Generated 0.697 kWh (encrypted: 334212 bytes, 7.353 ms)
[2025-12-10 08:04:12] Meter 21: Generated 5.157 kWh (encrypted: 334156 bytes, 4.377 ms)
[2025-12-10 08:04:32] Meter 21: Generated 6.030 kWh (encrypted: 334224 bytes, 4.712 ms)
[2025-12-10 08:04:39] NETWORK INFO: Server authentication successful for node: aggregator-001
✓ Aggregator connected: aggregator-001 from 127.0.0.1
✓ Sent 334224 bytes to aggregator-001 (4.76ms)
Session completed with aggregator-001
[2025-12-10 08:04:52] Meter 21: Generated 6.151 kWh (encrypted: 334154 bytes, 4.282 ms)
[2025-12-10 08:05:12] Meter 21: Generated 6.431 kWh (encrypted: 334140 bytes, 4.370 ms)
[2025-12-10 08:05:32] Meter 21: Generated 4.439 kWh (encrypted: 334468 bytes, 5.691 ms)
[2025-12-10 08:05:44] NETWORK INFO: Server authentication successful for node: aggregator-001
✓ Aggregator connected: aggregator-001 from 127.0.0.1
✓ Sent 334468 bytes to aggregator-001 (0.38ms)
Session completed with aggregator-001
[2025-12-10 08:05:52] Meter 21: Generated 2.473 kWh (encrypted: 333877 bytes, 4.304 ms)
[2025-12-10 08:06:12] Meter 21: Generated 3.873 kWh (encrypted: 334323 bytes, 14.229 ms)
[2025-12-10 08:06:32] Meter 21: Generated 5.112 kWh (encrypted: 334211 bytes, 7.481 ms)
[2025-12-10 08:06:50] NETWORK INFO: Server authentication successful for node: aggregator-001
✓ Aggregator connected: aggregator-001 from 127.0.0.1
✓ Sent 334211 bytes to aggregator-001 (11.43ms)
Session completed with aggregator-001
[2025-12-10 08:06:52] Meter 21: Generated 6.541 kWh (encrypted: 334369 bytes, 7.420 ms)
[2025-12-10 08:07:12] Meter 21: Generated 5.402 kWh (encrypted: 334527 bytes, 7.907 ms)
[2025-12-10 08:07:32] Meter 21: Generated 6.055 kWh (encrypted: 334308 bytes, 4.436 ms)
[2025-12-10 08:07:52] Meter 21: Generated 6.978 kWh (encrypted: 334356 bytes, 4.401 ms)
[2025-12-10 08:07:56] NETWORK INFO: Server authentication successful for node: aggregator-001
✓ Aggregator connected: aggregator-001 from 127.0.0.1
✓ Sent 334356 bytes to aggregator-001 (0.37ms)
Session completed with aggregator-001
[2025-12-10 08:08:12] Meter 21: Generated 2.803 kWh (encrypted: 334281 bytes, 7.872 ms)
[2025-12-10 08:08:32] Meter 21: Generated 5.707 kWh (encrypted: 334224 bytes, 4.762 ms)
[2025-12-10 08:08:52] Meter 21: Generated 4.462 kWh (encrypted: 334125 bytes, 7.181 ms)
[2025-12-10 08:09:01] NETWORK INFO: Server authentication successful for node: aggregator-001
✓ Aggregator connected: aggregator-001 from 127.0.0.1
✓ Sent 334125 bytes to aggregator-001 (0.38ms)
Session completed with aggregator-001
[2025-12-10 08:09:12] Meter 21: Generated 5.218 kWh (encrypted: 334426 bytes, 7.513 ms)
[2025-12-10 08:09:32] Meter 21: Generated 3.264 kWh (encrypted: 334059 bytes, 5.898 ms)
[2025-12-10 08:09:52] Meter 21: Generated 1.897 kWh (encrypted: 334346 bytes, 7.459 ms)
[2025-12-10 08:10:06] NETWORK INFO: Server authentication successful for node: aggregator-001
✓ Aggregator connected: aggregator-001 from 127.0.0.1
✓ Sent 334346 bytes to aggregator-001 (0.57ms)
Session completed with aggregator-001
[2025-12-10 08:10:12] Meter 21: Generated 6.952 kWh (encrypted: 334388 bytes, 14.322 ms)
[2025-12-10 08:10:32] Meter 21: Generated 0.722 kWh (encrypted: 334314 bytes, 6.468 ms)
[2025-12-10 08:10:52] Meter 21: Generated 5.176 kWh (encrypted: 334470 bytes, 5.075 ms)
[2025-12-10 08:11:12] NETWORK INFO: Server authentication successful for node: aggregator-001
✓ Aggregator connected: aggregator-001 from 127.0.0.1
✓ Sent 334470 bytes to aggregator-001 (0.41ms)
Session completed with aggregator-001
[2025-12-10 08:11:12] Meter 21: Generated 4.237 kWh (encrypted: 334011 bytes, 6.351 ms)
[2025-12-10 08:11:32] Meter 21: Generated 6.035 kWh (encrypted: 334307 bytes, 7.924 ms)
[2025-12-10 08:11:52] Meter 21: Generated 5.208 kWh (encrypted: 334409 bytes, 6.298 ms)
[2025-12-10 08:12:12] Meter 21: Generated 0.778 kWh (encrypted: 334159 bytes, 5.017 ms)
[2025-12-10 08:12:17] NETWORK INFO: Server authentication successful for node: aggregator-001
✓ Aggregator connected: aggregator-001 from 127.0.0.1
✓ Sent 334159 bytes to aggregator-001 (0.42ms)
Session completed with aggregator-001
[2025-12-10 08:12:32] Meter 21: Generated 1.012 kWh (encrypted: 334116 bytes, 4.757 ms)

Received shutdown signal. Gracefully shutting down smart meter...
Network server thread stopped

Received shutdown signal. Gracefully shutting down smart meter...
Data generation thread stopped
Smart meter 21 shutdown complete
