=== Continuous Smart Meter Server 138 ===
Initializing for continuous operation...
SEAL context initialized
Loaded certificate: smart-meter-138
Requesting public keys from KDC...
[2025-12-10 07:57:54] NETWORK ERROR: Failed to connect to 127.0.0.1:8444: Connection refused
Error: Failed to connect to KDC at 127.0.0.1:8444
Error: Failed to send key request to KDC
Failed to obtain keys from KDC, falling back to file keys
Loaded keys from fallback files
Cryptographic components initialized
[2025-12-10 07:57:54] NETWORK INFO: Server socket created and listening on port 9138
✓ Smart meter server ready on port 9138
Data transmission interval: 20 seconds (15x accelerated - simulates 5min)
✓ Performance metrics CSV files initialized in performance_data/
Starting continuous smart meter operation...
Press Ctrl+C to stop gracefully
Data generation thread started
Network server thread started on port 9138
[2025-12-10 07:58:14] Meter 138: Generated 3.760 kWh (encrypted: 334415 bytes, 5.231 ms)
[2025-12-10 07:58:25] NETWORK INFO: Server authentication successful for node: aggregator-001
✓ Aggregator connected: aggregator-001 from 127.0.0.1
✓ Sent 334415 bytes to aggregator-001 (0.70ms)
Session completed with aggregator-001
[2025-12-10 07:58:34] Meter 138: Generated 2.144 kWh (encrypted: 334484 bytes, 5.114 ms)
[2025-12-10 07:58:54] Meter 138: Generated 6.009 kWh (encrypted: 334048 bytes, 4.852 ms)
[2025-12-10 07:59:14] Meter 138: Generated 0.998 kWh (encrypted: 334409 bytes, 4.578 ms)
[2025-12-10 07:59:27] NETWORK INFO: Server authentication successful for node: aggregator-001
✓ Aggregator connected: aggregator-001 from 127.0.0.1
✓ Sent 334409 bytes to aggregator-001 (0.41ms)
Session completed with aggregator-001
[2025-12-10 07:59:34] Meter 138: Generated 2.816 kWh (encrypted: 333391 bytes, 6.237 ms)
[2025-12-10 07:59:54] Meter 138: Generated 4.998 kWh (encrypted: 334246 bytes, 6.346 ms)
[2025-12-10 08:00:14] Meter 138: Generated 1.244 kWh (encrypted: 334153 bytes, 6.833 ms)
[2025-12-10 08:00:28] NETWORK INFO: Server authentication successful for node: aggregator-001
✓ Aggregator connected: aggregator-001 from 127.0.0.1
✓ Sent 334153 bytes to aggregator-001 (0.37ms)
Session completed with aggregator-001
[2025-12-10 08:00:34] Meter 138: Generated 3.569 kWh (encrypted: 334229 bytes, 5.094 ms)
[2025-12-10 08:00:54] Meter 138: Generated 2.160 kWh (encrypted: 334302 bytes, 5.144 ms)
[2025-12-10 08:01:14] Meter 138: Generated 3.201 kWh (encrypted: 334321 bytes, 4.836 ms)
[2025-12-10 08:01:31] NETWORK INFO: Server authentication successful for node: aggregator-001
✓ Aggregator connected: aggregator-001 from 127.0.0.1
✓ Sent 334321 bytes to aggregator-001 (0.41ms)
Session completed with aggregator-001
[2025-12-10 08:01:34] Meter 138: Generated 1.689 kWh (encrypted: 334082 bytes, 4.755 ms)
[2025-12-10 08:01:54] Meter 138: Generated 3.059 kWh (encrypted: 334422 bytes, 4.925 ms)
[2025-12-10 08:02:14] Meter 138: Generated 4.470 kWh (encrypted: 334130 bytes, 4.861 ms)
[2025-12-10 08:02:33] NETWORK INFO: Server authentication successful for node: aggregator-001
✓ Aggregator connected: aggregator-001 from 127.0.0.1
✓ Sent 334130 bytes to aggregator-001 (0.37ms)
Session completed with aggregator-001
[2025-12-10 08:02:34] Meter 138: Generated 4.378 kWh (encrypted: 334345 bytes, 4.560 ms)
[2025-12-10 08:02:54] Meter 138: Generated 2.391 kWh (encrypted: 334407 bytes, 4.944 ms)
[2025-12-10 08:03:14] Meter 138: Generated 7.049 kWh (encrypted: 334142 bytes, 4.665 ms)
[2025-12-10 08:03:34] Meter 138: Generated 4.270 kWh (encrypted: 334383 bytes, 4.309 ms)
[2025-12-10 08:03:36] NETWORK INFO: Server authentication successful for node: aggregator-001
✓ Aggregator connected: aggregator-001 from 127.0.0.1
✓ Sent 334383 bytes to aggregator-001 (0.43ms)
Session completed with aggregator-001
[2025-12-10 08:03:54] Meter 138: Generated 5.339 kWh (encrypted: 334397 bytes, 5.002 ms)
[2025-12-10 08:04:14] Meter 138: Generated 5.521 kWh (encrypted: 334407 bytes, 7.008 ms)
[2025-12-10 08:04:34] Meter 138: Generated 1.085 kWh (encrypted: 334170 bytes, 4.356 ms)
[2025-12-10 08:04:39] NETWORK INFO: Server authentication successful for node: aggregator-001
✓ Aggregator connected: aggregator-001 from 127.0.0.1
✓ Sent 334170 bytes to aggregator-001 (16.88ms)
Session completed with aggregator-001
[2025-12-10 08:04:54] Meter 138: Generated 2.327 kWh (encrypted: 334106 bytes, 4.713 ms)
[2025-12-10 08:05:14] Meter 138: Generated 2.251 kWh (encrypted: 334191 bytes, 4.483 ms)
[2025-12-10 08:05:34] Meter 138: Generated 5.644 kWh (encrypted: 333316 bytes, 4.724 ms)
[2025-12-10 08:05:44] NETWORK INFO: Server authentication successful for node: aggregator-001
✓ Aggregator connected: aggregator-001 from 127.0.0.1
✓ Sent 333316 bytes to aggregator-001 (0.35ms)
Session completed with aggregator-001
[2025-12-10 08:05:54] Meter 138: Generated 3.818 kWh (encrypted: 334398 bytes, 4.582 ms)
[2025-12-10 08:06:14] Meter 138: Generated 6.752 kWh (encrypted: 334389 bytes, 5.677 ms)
[2025-12-10 08:06:34] Meter 138: Generated 1.274 kWh (encrypted: 334543 bytes, 4.979 ms)
[2025-12-10 08:06:50] NETWORK INFO: Server authentication successful for node: aggregator-001
✓ Aggregator connected: aggregator-001 from 127.0.0.1
✓ Sent 334543 bytes to aggregator-001 (4.02ms)
Session completed with aggregator-001
[2025-12-10 08:06:54] Meter 138: Generated 4.808 kWh (encrypted: 334236 bytes, 4.667 ms)
[2025-12-10 08:07:14] Meter 138: Generated 7.211 kWh (encrypted: 334205 bytes, 6.608 ms)
[2025-12-10 08:07:34] Meter 138: Generated 2.331 kWh (encrypted: 334120 bytes, 4.814 ms)
[2025-12-10 08:07:54] Meter 138: Generated 4.378 kWh (encrypted: 334472 bytes, 4.400 ms)
[2025-12-10 08:07:56] NETWORK INFO: Server authentication successful for node: aggregator-001
✓ Aggregator connected: aggregator-001 from 127.0.0.1
✓ Sent 334472 bytes to aggregator-001 (0.39ms)
Session completed with aggregator-001
[2025-12-10 08:08:14] Meter 138: Generated 0.844 kWh (encrypted: 333338 bytes, 4.773 ms)
[2025-12-10 08:08:34] Meter 138: Generated 4.662 kWh (encrypted: 334179 bytes, 4.831 ms)
[2025-12-10 08:08:54] Meter 138: Generated 7.290 kWh (encrypted: 334394 bytes, 5.010 ms)
[2025-12-10 08:09:01] NETWORK INFO: Server authentication successful for node: aggregator-001
✓ Aggregator connected: aggregator-001 from 127.0.0.1
✓ Sent 334394 bytes to aggregator-001 (6.53ms)
Session completed with aggregator-001
[2025-12-10 08:09:14] Meter 138: Generated 4.238 kWh (encrypted: 334060 bytes, 5.301 ms)
[2025-12-10 08:09:34] Meter 138: Generated 5.121 kWh (encrypted: 334299 bytes, 4.904 ms)
[2025-12-10 08:09:54] Meter 138: Generated 2.583 kWh (encrypted: 334220 bytes, 4.556 ms)
[2025-12-10 08:10:06] NETWORK INFO: Server authentication successful for node: aggregator-001
✓ Aggregator connected: aggregator-001 from 127.0.0.1
✓ Sent 334220 bytes to aggregator-001 (3.38ms)
Session completed with aggregator-001
[2025-12-10 08:10:14] Meter 138: Generated 5.857 kWh (encrypted: 334511 bytes, 4.619 ms)
[2025-12-10 08:10:34] Meter 138: Generated 4.034 kWh (encrypted: 334270 bytes, 4.625 ms)
[2025-12-10 08:10:54] Meter 138: Generated 3.506 kWh (encrypted: 334123 bytes, 4.677 ms)
[2025-12-10 08:11:12] NETWORK INFO: Server authentication successful for node: aggregator-001
✓ Aggregator connected: aggregator-001 from 127.0.0.1
✓ Sent 334123 bytes to aggregator-001 (0.40ms)
Session completed with aggregator-001
[2025-12-10 08:11:14] Meter 138: Generated 1.475 kWh (encrypted: 334287 bytes, 7.763 ms)
[2025-12-10 08:11:34] Meter 138: Generated 5.156 kWh (encrypted: 334318 bytes, 6.715 ms)
[2025-12-10 08:11:54] Meter 138: Generated 4.579 kWh (encrypted: 334329 bytes, 21.032 ms)
[2025-12-10 08:12:14] Meter 138: Generated 7.329 kWh (encrypted: 334404 bytes, 4.926 ms)
[2025-12-10 08:12:17] NETWORK INFO: Server authentication successful for node: aggregator-001
✓ Aggregator connected: aggregator-001 from 127.0.0.1
✓ Sent 334404 bytes to aggregator-001 (0.41ms)
Session completed with aggregator-001
[2025-12-10 08:12:34] Meter 138: Generated 4.643 kWh (encrypted: 334379 bytes, 4.615 ms)

Received shutdown signal. Gracefully shutting down smart meter...
Network server thread stopped
Data generation thread stopped
Smart meter 138 shutdown complete
