=== Continuous Smart Meter Server 4 ===
Initializing for continuous operation...
SEAL context initialized
Loaded certificate: smart-meter-004
Requesting public keys from KDC...
[2025-12-14 17:01:57] NETWORK ERROR: Failed to connect to 127.0.0.1:8444: Connection refused
Error: Failed to connect to KDC at 127.0.0.1:8444
Error: Failed to send key request to KDC
Failed to obtain keys from KDC, falling back to file keys
Loaded keys from fallback files
Cryptographic components initialized
[2025-12-14 17:01:57] NETWORK INFO: Server socket created and listening on port 9004
✓ Smart meter server ready on port 9004
Data transmission interval: 20 seconds (15x accelerated - simulates 5min)
✓ Performance metrics CSV files initialized in performance_data/
Starting continuous smart meter operation...
Press Ctrl+C to stop gracefully
Data generation thread started
Network server thread started on port 9004
[2025-12-14 17:02:17] Meter 4 (Low): 0.318 kWh (H:1.06, D:1.04) (encrypted: 334102 bytes, 4.966 ms)
[2025-12-14 17:02:37] Meter 4 (Low): 0.437 kWh (H:1.06, D:1.04) (encrypted: 334110 bytes, 4.444 ms)
[2025-12-14 17:02:51] NETWORK INFO: Server authentication successful for node: aggregator-001
✓ Aggregator connected: aggregator-001 from 127.0.0.1
✓ Sent 334110 bytes to aggregator-001 (0.61ms)
Session completed with aggregator-001
[2025-12-14 17:02:57] Meter 4 (Low): 0.279 kWh (H:1.06, D:1.04) (encrypted: 334389 bytes, 4.428 ms)

Received shutdown signal. Gracefully shutting down smart meter...

Received shutdown signal. Gracefully shutting down smart meter...
Network server thread stopped
Data generation thread stopped
Smart meter 4 shutdown complete
