=== Continuous Smart Meter Server 404 ===
Initializing for continuous operation...
SEAL context initialized
Loaded certificate: smart-meter-404
Requesting public keys from KDC...
[2025-12-10 08:03:24] NETWORK ERROR: Failed to connect to 127.0.0.1:8444: Connection refused
Error: Failed to connect to KDC at 127.0.0.1:8444
Error: Failed to send key request to KDC
Failed to obtain keys from KDC, falling back to file keys
Loaded keys from fallback files
Cryptographic components initialized
[2025-12-10 08:03:24] NETWORK INFO: Server socket created and listening on port 9404
✓ Smart meter server ready on port 9404
Data transmission interval: 20 seconds (15x accelerated - simulates 5min)
✓ Performance metrics CSV files initialized in performance_data/
Starting continuous smart meter operation...
Press Ctrl+C to stop gracefully
Data generation thread started
Network server thread started on port 9404
[2025-12-10 08:03:36] NETWORK INFO: Server authentication successful for node: aggregator-001
✓ Aggregator connected: aggregator-001 from 127.0.0.1
[2025-12-10 08:03:44] Meter 404: Generated 4.473 kWh (encrypted: 334105 bytes, 5.239 ms)
✓ Sent 334105 bytes to aggregator-001 (1.16ms)
Session completed with aggregator-001
[2025-12-10 08:04:04] Meter 404: Generated 1.331 kWh (encrypted: 334433 bytes, 4.654 ms)
[2025-12-10 08:04:24] Meter 404: Generated 2.005 kWh (encrypted: 334409 bytes, 4.640 ms)
[2025-12-10 08:04:39] NETWORK INFO: Server authentication successful for node: aggregator-001
✓ Aggregator connected: aggregator-001 from 127.0.0.1
✓ Sent 334409 bytes to aggregator-001 (17.34ms)
Session completed with aggregator-001
[2025-12-10 08:04:44] Meter 404: Generated 6.279 kWh (encrypted: 334229 bytes, 4.594 ms)
[2025-12-10 08:05:04] Meter 404: Generated 3.423 kWh (encrypted: 334542 bytes, 4.694 ms)
[2025-12-10 08:05:24] Meter 404: Generated 2.483 kWh (encrypted: 334465 bytes, 5.571 ms)
[2025-12-10 08:05:44] Meter 404: Generated 4.002 kWh (encrypted: 334398 bytes, 4.306 ms)
[2025-12-10 08:05:44] NETWORK INFO: Server authentication successful for node: aggregator-001
✓ Aggregator connected: aggregator-001 from 127.0.0.1
✓ Sent 334398 bytes to aggregator-001 (0.44ms)
Session completed with aggregator-001
[2025-12-10 08:06:04] Meter 404: Generated 3.961 kWh (encrypted: 333790 bytes, 6.374 ms)
[2025-12-10 08:06:24] Meter 404: Generated 0.808 kWh (encrypted: 334295 bytes, 9.263 ms)
[2025-12-10 08:06:44] Meter 404: Generated 2.755 kWh (encrypted: 334407 bytes, 4.358 ms)
[2025-12-10 08:06:50] NETWORK INFO: Server authentication successful for node: aggregator-001
✓ Aggregator connected: aggregator-001 from 127.0.0.1
✓ Sent 334407 bytes to aggregator-001 (0.40ms)
Session completed with aggregator-001
[2025-12-10 08:07:04] Meter 404: Generated 2.562 kWh (encrypted: 334221 bytes, 4.516 ms)
[2025-12-10 08:07:24] Meter 404: Generated 5.361 kWh (encrypted: 334210 bytes, 6.483 ms)
[2025-12-10 08:07:44] Meter 404: Generated 6.638 kWh (encrypted: 334311 bytes, 4.617 ms)
[2025-12-10 08:07:56] NETWORK INFO: Server authentication successful for node: aggregator-001
✓ Aggregator connected: aggregator-001 from 127.0.0.1
✓ Sent 334311 bytes to aggregator-001 (0.39ms)
Session completed with aggregator-001
[2025-12-10 08:08:04] Meter 404: Generated 3.612 kWh (encrypted: 334359 bytes, 5.083 ms)
[2025-12-10 08:08:24] Meter 404: Generated 2.506 kWh (encrypted: 334437 bytes, 6.615 ms)
[2025-12-10 08:08:44] Meter 404: Generated 3.021 kWh (encrypted: 334201 bytes, 4.620 ms)
[2025-12-10 08:09:01] NETWORK INFO: Server authentication successful for node: aggregator-001
✓ Aggregator connected: aggregator-001 from 127.0.0.1
✓ Sent 334201 bytes to aggregator-001 (0.78ms)
Session completed with aggregator-001
[2025-12-10 08:09:04] Meter 404: Generated 2.778 kWh (encrypted: 334375 bytes, 7.194 ms)
[2025-12-10 08:09:24] Meter 404: Generated 5.523 kWh (encrypted: 334151 bytes, 6.760 ms)
[2025-12-10 08:09:44] Meter 404: Generated 2.910 kWh (encrypted: 334138 bytes, 4.702 ms)
[2025-12-10 08:10:04] Meter 404: Generated 5.567 kWh (encrypted: 334015 bytes, 7.212 ms)
[2025-12-10 08:10:06] NETWORK INFO: Server authentication successful for node: aggregator-001
✓ Aggregator connected: aggregator-001 from 127.0.0.1
✓ Sent 334015 bytes to aggregator-001 (0.32ms)
Session completed with aggregator-001
[2025-12-10 08:10:24] Meter 404: Generated 2.644 kWh (encrypted: 334407 bytes, 6.491 ms)
[2025-12-10 08:10:44] Meter 404: Generated 4.196 kWh (encrypted: 334425 bytes, 4.583 ms)
[2025-12-10 08:11:04] Meter 404: Generated 2.655 kWh (encrypted: 334336 bytes, 9.573 ms)
[2025-12-10 08:11:12] NETWORK INFO: Server authentication successful for node: aggregator-001
✓ Aggregator connected: aggregator-001 from 127.0.0.1
✓ Sent 334336 bytes to aggregator-001 (0.41ms)
Session completed with aggregator-001
[2025-12-10 08:11:24] Meter 404: Generated 6.922 kWh (encrypted: 334172 bytes, 15.045 ms)
[2025-12-10 08:11:44] Meter 404: Generated 4.191 kWh (encrypted: 334452 bytes, 6.336 ms)
[2025-12-10 08:12:04] Meter 404: Generated 5.681 kWh (encrypted: 334095 bytes, 14.462 ms)
[2025-12-10 08:12:17] NETWORK INFO: Server authentication successful for node: aggregator-001
✓ Aggregator connected: aggregator-001 from 127.0.0.1
✓ Sent 334095 bytes to aggregator-001 (0.36ms)
Session completed with aggregator-001
[2025-12-10 08:12:24] Meter 404: Generated 2.658 kWh (encrypted: 334466 bytes, 4.349 ms)

Received shutdown signal. Gracefully shutting down smart meter...
Network server thread stopped
Data generation thread stopped
Smart meter 404 shutdown complete
