=== Continuous Smart Meter Server 79 ===
Initializing for continuous operation...
SEAL context initialized
Loaded certificate: smart-meter-079
Requesting public keys from KDC...
[2025-12-10 07:56:42] NETWORK ERROR: Failed to connect to 127.0.0.1:8444: Connection refused
Error: Failed to connect to KDC at 127.0.0.1:8444
Error: Failed to send key request to KDC
Failed to obtain keys from KDC, falling back to file keys
Loaded keys from fallback files
Cryptographic components initialized
[2025-12-10 07:56:42] NETWORK INFO: Server socket created and listening on port 9079
✓ Smart meter server ready on port 9079
Data transmission interval: 20 seconds (15x accelerated - simulates 5min)
✓ Performance metrics CSV files initialized in performance_data/
Starting continuous smart meter operation...
Press Ctrl+C to stop gracefully
Data generation thread started
Network server thread started on port 9079
[2025-12-10 07:57:02] Meter 79: Generated 3.570 kWh (encrypted: 334279 bytes, 4.811 ms)
[2025-12-10 07:57:15] NETWORK INFO: Server authentication successful for node: aggregator-001
✓ Aggregator connected: aggregator-001 from 127.0.0.1
✓ Sent 334279 bytes to aggregator-001 (4.20ms)
Session completed with aggregator-001
[2025-12-10 07:57:22] Meter 79: Generated 2.219 kWh (encrypted: 334511 bytes, 4.238 ms)
[2025-12-10 07:57:42] Meter 79: Generated 4.973 kWh (encrypted: 334011 bytes, 4.449 ms)
[2025-12-10 07:58:02] Meter 79: Generated 6.362 kWh (encrypted: 334311 bytes, 4.253 ms)
[2025-12-10 07:58:22] Meter 79: Generated 3.572 kWh (encrypted: 334471 bytes, 4.364 ms)
[2025-12-10 07:58:25] NETWORK INFO: Server authentication successful for node: aggregator-001
✓ Aggregator connected: aggregator-001 from 127.0.0.1
✓ Sent 334471 bytes to aggregator-001 (1.36ms)
Session completed with aggregator-001
[2025-12-10 07:58:42] Meter 79: Generated 0.747 kWh (encrypted: 334123 bytes, 4.440 ms)
[2025-12-10 07:59:02] Meter 79: Generated 7.371 kWh (encrypted: 334257 bytes, 4.541 ms)
[2025-12-10 07:59:22] Meter 79: Generated 3.346 kWh (encrypted: 334421 bytes, 4.491 ms)
[2025-12-10 07:59:26] NETWORK INFO: Server authentication successful for node: aggregator-001
✓ Aggregator connected: aggregator-001 from 127.0.0.1
✓ Sent 334421 bytes to aggregator-001 (0.32ms)
Session completed with aggregator-001
[2025-12-10 07:59:42] Meter 79: Generated 3.584 kWh (encrypted: 334107 bytes, 5.069 ms)
[2025-12-10 08:00:02] Meter 79: Generated 2.581 kWh (encrypted: 334318 bytes, 4.489 ms)
[2025-12-10 08:00:22] Meter 79: Generated 3.901 kWh (encrypted: 334434 bytes, 4.461 ms)
[2025-12-10 08:00:28] NETWORK INFO: Server authentication successful for node: aggregator-001
✓ Aggregator connected: aggregator-001 from 127.0.0.1
✓ Sent 334434 bytes to aggregator-001 (0.36ms)
Session completed with aggregator-001
[2025-12-10 08:00:42] Meter 79: Generated 3.848 kWh (encrypted: 334314 bytes, 4.335 ms)
[2025-12-10 08:01:02] Meter 79: Generated 1.363 kWh (encrypted: 334148 bytes, 5.953 ms)
[2025-12-10 08:01:22] Meter 79: Generated 5.325 kWh (encrypted: 334080 bytes, 4.772 ms)
[2025-12-10 08:01:31] NETWORK INFO: Server authentication successful for node: aggregator-001
✓ Aggregator connected: aggregator-001 from 127.0.0.1
✓ Sent 334080 bytes to aggregator-001 (0.36ms)
Session completed with aggregator-001
[2025-12-10 08:01:42] Meter 79: Generated 2.265 kWh (encrypted: 334378 bytes, 4.631 ms)
[2025-12-10 08:02:02] Meter 79: Generated 5.963 kWh (encrypted: 334423 bytes, 4.696 ms)
[2025-12-10 08:02:22] Meter 79: Generated 2.814 kWh (encrypted: 334318 bytes, 6.291 ms)
[2025-12-10 08:02:33] NETWORK INFO: Server authentication successful for node: aggregator-001
✓ Aggregator connected: aggregator-001 from 127.0.0.1
✓ Sent 334318 bytes to aggregator-001 (0.36ms)
Session completed with aggregator-001
[2025-12-10 08:02:42] Meter 79: Generated 3.934 kWh (encrypted: 334148 bytes, 4.382 ms)
[2025-12-10 08:03:02] Meter 79: Generated 3.393 kWh (encrypted: 334206 bytes, 5.036 ms)
[2025-12-10 08:03:22] Meter 79: Generated 3.717 kWh (encrypted: 334410 bytes, 4.969 ms)
[2025-12-10 08:03:36] NETWORK INFO: Server authentication successful for node: aggregator-001
✓ Aggregator connected: aggregator-001 from 127.0.0.1
✓ Sent 334410 bytes to aggregator-001 (14.84ms)
Session completed with aggregator-001
[2025-12-10 08:03:42] Meter 79: Generated 6.621 kWh (encrypted: 334381 bytes, 7.174 ms)
[2025-12-10 08:04:02] Meter 79: Generated 6.750 kWh (encrypted: 334326 bytes, 7.249 ms)
[2025-12-10 08:04:22] Meter 79: Generated 7.358 kWh (encrypted: 334412 bytes, 7.260 ms)
[2025-12-10 08:04:39] NETWORK INFO: Server authentication successful for node: aggregator-001
✓ Aggregator connected: aggregator-001 from 127.0.0.1
✓ Sent 334412 bytes to aggregator-001 (2.25ms)
Session completed with aggregator-001
[2025-12-10 08:04:42] Meter 79: Generated 6.873 kWh (encrypted: 334122 bytes, 6.066 ms)
[2025-12-10 08:05:02] Meter 79: Generated 1.681 kWh (encrypted: 334307 bytes, 6.951 ms)
[2025-12-10 08:05:22] Meter 79: Generated 3.063 kWh (encrypted: 334402 bytes, 5.531 ms)
[2025-12-10 08:05:42] Meter 79: Generated 6.134 kWh (encrypted: 334049 bytes, 4.728 ms)
[2025-12-10 08:05:44] NETWORK INFO: Server authentication successful for node: aggregator-001
✓ Aggregator connected: aggregator-001 from 127.0.0.1
✓ Sent 334049 bytes to aggregator-001 (38.73ms)
Session completed with aggregator-001
[2025-12-10 08:06:02] Meter 79: Generated 3.300 kWh (encrypted: 334254 bytes, 6.444 ms)
[2025-12-10 08:06:22] Meter 79: Generated 6.257 kWh (encrypted: 334108 bytes, 6.487 ms)
[2025-12-10 08:06:42] Meter 79: Generated 1.242 kWh (encrypted: 334165 bytes, 5.988 ms)
[2025-12-10 08:06:50] NETWORK INFO: Server authentication successful for node: aggregator-001
✓ Aggregator connected: aggregator-001 from 127.0.0.1
✓ Sent 334165 bytes to aggregator-001 (33.51ms)
Session completed with aggregator-001
[2025-12-10 08:07:02] Meter 79: Generated 2.429 kWh (encrypted: 334287 bytes, 17.343 ms)
[2025-12-10 08:07:22] Meter 79: Generated 5.400 kWh (encrypted: 334099 bytes, 7.337 ms)
[2025-12-10 08:07:42] Meter 79: Generated 2.390 kWh (encrypted: 334255 bytes, 4.815 ms)
[2025-12-10 08:07:55] NETWORK INFO: Server authentication successful for node: aggregator-001
✓ Aggregator connected: aggregator-001 from 127.0.0.1
✓ Sent 334255 bytes to aggregator-001 (0.41ms)
Session completed with aggregator-001
[2025-12-10 08:08:02] Meter 79: Generated 1.533 kWh (encrypted: 334104 bytes, 5.000 ms)
[2025-12-10 08:08:22] Meter 79: Generated 4.199 kWh (encrypted: 334250 bytes, 6.540 ms)
[2025-12-10 08:08:42] Meter 79: Generated 1.937 kWh (encrypted: 334427 bytes, 4.624 ms)
[2025-12-10 08:09:01] NETWORK INFO: Server authentication successful for node: aggregator-001
✓ Aggregator connected: aggregator-001 from 127.0.0.1
✓ Sent 334427 bytes to aggregator-001 (1.28ms)
Session completed with aggregator-001
[2025-12-10 08:09:02] Meter 79: Generated 4.032 kWh (encrypted: 334347 bytes, 10.249 ms)
[2025-12-10 08:09:22] Meter 79: Generated 1.805 kWh (encrypted: 334257 bytes, 4.941 ms)
[2025-12-10 08:09:42] Meter 79: Generated 7.190 kWh (encrypted: 334272 bytes, 5.235 ms)
[2025-12-10 08:10:02] Meter 79: Generated 6.207 kWh (encrypted: 334128 bytes, 4.889 ms)
[2025-12-10 08:10:06] NETWORK INFO: Server authentication successful for node: aggregator-001
✓ Aggregator connected: aggregator-001 from 127.0.0.1
✓ Sent 334128 bytes to aggregator-001 (0.43ms)
Session completed with aggregator-001
[2025-12-10 08:10:22] Meter 79: Generated 6.567 kWh (encrypted: 334162 bytes, 4.722 ms)
[2025-12-10 08:10:42] Meter 79: Generated 2.075 kWh (encrypted: 334152 bytes, 4.574 ms)
[2025-12-10 08:11:02] Meter 79: Generated 6.036 kWh (encrypted: 334262 bytes, 6.694 ms)
[2025-12-10 08:11:12] NETWORK INFO: Server authentication successful for node: aggregator-001
✓ Aggregator connected: aggregator-001 from 127.0.0.1
✓ Sent 334262 bytes to aggregator-001 (1.64ms)
Session completed with aggregator-001
[2025-12-10 08:11:22] Meter 79: Generated 1.336 kWh (encrypted: 334053 bytes, 6.432 ms)
[2025-12-10 08:11:42] Meter 79: Generated 4.133 kWh (encrypted: 334442 bytes, 4.858 ms)
[2025-12-10 08:12:02] Meter 79: Generated 5.043 kWh (encrypted: 334515 bytes, 4.600 ms)
[2025-12-10 08:12:17] NETWORK INFO: Server authentication successful for node: aggregator-001
✓ Aggregator connected: aggregator-001 from 127.0.0.1
✓ Sent 334515 bytes to aggregator-001 (0.36ms)
Session completed with aggregator-001
[2025-12-10 08:12:22] Meter 79: Generated 1.797 kWh (encrypted: 334136 bytes, 4.727 ms)

Received shutdown signal. Gracefully shutting down smart meter...
Network server thread stopped
Data generation thread stopped
Smart meter 79 shutdown complete
