=== Continuous Smart Meter Server 108 ===
Initializing for continuous operation...
SEAL context initialized
Loaded certificate: smart-meter-108
Requesting public keys from KDC...
[2025-12-10 07:57:17] NETWORK ERROR: Failed to connect to 127.0.0.1:8444: Connection refused
Error: Failed to connect to KDC at 127.0.0.1:8444
Error: Failed to send key request to KDC
Failed to obtain keys from KDC, falling back to file keys
Loaded keys from fallback files
Cryptographic components initialized
[2025-12-10 07:57:17] NETWORK INFO: Server socket created and listening on port 9108
✓ Smart meter server ready on port 9108
Data transmission interval: 20 seconds (15x accelerated - simulates 5min)
✓ Performance metrics CSV files initialized in performance_data/
Starting continuous smart meter operation...
Press Ctrl+C to stop gracefully
Data generation thread started
Network server thread started on port 9108
[2025-12-10 07:57:37] Meter 108: Generated 5.705 kWh (encrypted: 334365 bytes, 5.889 ms)
[2025-12-10 07:57:57] Meter 108: Generated 2.810 kWh (encrypted: 334328 bytes, 4.608 ms)
[2025-12-10 07:58:17] Meter 108: Generated 3.017 kWh (encrypted: 334238 bytes, 4.314 ms)
[2025-12-10 07:58:25] NETWORK INFO: Server authentication successful for node: aggregator-001
✓ Aggregator connected: aggregator-001 from 127.0.0.1
✓ Sent 334238 bytes to aggregator-001 (2.24ms)
Session completed with aggregator-001
[2025-12-10 07:58:37] Meter 108: Generated 1.064 kWh (encrypted: 334233 bytes, 4.435 ms)
[2025-12-10 07:58:57] Meter 108: Generated 5.217 kWh (encrypted: 334308 bytes, 4.846 ms)
[2025-12-10 07:59:17] Meter 108: Generated 3.067 kWh (encrypted: 334267 bytes, 5.066 ms)
[2025-12-10 07:59:27] NETWORK INFO: Server authentication successful for node: aggregator-001
✓ Aggregator connected: aggregator-001 from 127.0.0.1
✓ Sent 334267 bytes to aggregator-001 (0.43ms)
Session completed with aggregator-001
[2025-12-10 07:59:37] Meter 108: Generated 7.475 kWh (encrypted: 334378 bytes, 5.008 ms)
[2025-12-10 07:59:57] Meter 108: Generated 7.014 kWh (encrypted: 334306 bytes, 5.209 ms)
[2025-12-10 08:00:17] Meter 108: Generated 1.472 kWh (encrypted: 334442 bytes, 7.421 ms)
[2025-12-10 08:00:28] NETWORK INFO: Server authentication successful for node: aggregator-001
✓ Aggregator connected: aggregator-001 from 127.0.0.1
✓ Sent 334442 bytes to aggregator-001 (4.68ms)
Session completed with aggregator-001
[2025-12-10 08:00:37] Meter 108: Generated 6.920 kWh (encrypted: 334349 bytes, 7.151 ms)
[2025-12-10 08:00:57] Meter 108: Generated 3.733 kWh (encrypted: 334304 bytes, 5.428 ms)
[2025-12-10 08:01:17] Meter 108: Generated 2.857 kWh (encrypted: 333331 bytes, 4.789 ms)
[2025-12-10 08:01:31] NETWORK INFO: Server authentication successful for node: aggregator-001
✓ Aggregator connected: aggregator-001 from 127.0.0.1
✓ Sent 333331 bytes to aggregator-001 (0.40ms)
Session completed with aggregator-001
[2025-12-10 08:01:37] Meter 108: Generated 7.606 kWh (encrypted: 334171 bytes, 4.557 ms)
[2025-12-10 08:01:57] Meter 108: Generated 4.424 kWh (encrypted: 334241 bytes, 5.006 ms)
[2025-12-10 08:02:17] Meter 108: Generated 7.280 kWh (encrypted: 334239 bytes, 4.651 ms)
[2025-12-10 08:02:33] NETWORK INFO: Server authentication successful for node: aggregator-001
✓ Aggregator connected: aggregator-001 from 127.0.0.1
✓ Sent 334239 bytes to aggregator-001 (0.36ms)
Session completed with aggregator-001
[2025-12-10 08:02:37] Meter 108: Generated 4.116 kWh (encrypted: 334071 bytes, 6.750 ms)
[2025-12-10 08:02:58] Meter 108: Generated 2.515 kWh (encrypted: 334343 bytes, 4.848 ms)
[2025-12-10 08:03:18] Meter 108: Generated 0.932 kWh (encrypted: 334146 bytes, 6.041 ms)
[2025-12-10 08:03:36] NETWORK INFO: Server authentication successful for node: aggregator-001
✓ Aggregator connected: aggregator-001 from 127.0.0.1
✓ Sent 334146 bytes to aggregator-001 (2.50ms)
Session completed with aggregator-001
[2025-12-10 08:03:38] Meter 108: Generated 6.005 kWh (encrypted: 334412 bytes, 4.774 ms)
[2025-12-10 08:03:58] Meter 108: Generated 6.017 kWh (encrypted: 334417 bytes, 5.274 ms)
[2025-12-10 08:04:18] Meter 108: Generated 4.904 kWh (encrypted: 334141 bytes, 5.201 ms)
[2025-12-10 08:04:38] Meter 108: Generated 4.212 kWh (encrypted: 334528 bytes, 4.955 ms)
[2025-12-10 08:04:39] NETWORK INFO: Server authentication successful for node: aggregator-001
✓ Aggregator connected: aggregator-001 from 127.0.0.1
✓ Sent 334528 bytes to aggregator-001 (17.53ms)
Session completed with aggregator-001
[2025-12-10 08:04:58] Meter 108: Generated 5.712 kWh (encrypted: 334157 bytes, 4.424 ms)
[2025-12-10 08:05:18] Meter 108: Generated 0.934 kWh (encrypted: 334150 bytes, 5.123 ms)
[2025-12-10 08:05:38] Meter 108: Generated 3.548 kWh (encrypted: 334122 bytes, 4.644 ms)
[2025-12-10 08:05:44] NETWORK INFO: Server authentication successful for node: aggregator-001
✓ Aggregator connected: aggregator-001 from 127.0.0.1
✓ Sent 334122 bytes to aggregator-001 (0.35ms)
Session completed with aggregator-001
[2025-12-10 08:05:58] Meter 108: Generated 7.411 kWh (encrypted: 334440 bytes, 4.914 ms)
[2025-12-10 08:06:18] Meter 108: Generated 6.162 kWh (encrypted: 334180 bytes, 6.611 ms)
[2025-12-10 08:06:38] Meter 108: Generated 1.818 kWh (encrypted: 334374 bytes, 4.992 ms)
[2025-12-10 08:06:50] NETWORK INFO: Server authentication successful for node: aggregator-001
✓ Aggregator connected: aggregator-001 from 127.0.0.1
✓ Sent 334374 bytes to aggregator-001 (44.86ms)
Session completed with aggregator-001
[2025-12-10 08:06:58] Meter 108: Generated 5.271 kWh (encrypted: 333965 bytes, 6.606 ms)
[2025-12-10 08:07:18] Meter 108: Generated 5.785 kWh (encrypted: 334372 bytes, 4.640 ms)
[2025-12-10 08:07:38] Meter 108: Generated 1.059 kWh (encrypted: 334343 bytes, 4.793 ms)
[2025-12-10 08:07:56] NETWORK INFO: Server authentication successful for node: aggregator-001
✓ Aggregator connected: aggregator-001 from 127.0.0.1
✓ Sent 334343 bytes to aggregator-001 (0.38ms)
Session completed with aggregator-001
[2025-12-10 08:07:58] Meter 108: Generated 6.579 kWh (encrypted: 334410 bytes, 4.432 ms)
[2025-12-10 08:08:18] Meter 108: Generated 4.728 kWh (encrypted: 334452 bytes, 4.758 ms)
[2025-12-10 08:08:38] Meter 108: Generated 5.292 kWh (encrypted: 334405 bytes, 4.731 ms)
[2025-12-10 08:08:58] Meter 108: Generated 2.685 kWh (encrypted: 334429 bytes, 6.753 ms)
[2025-12-10 08:09:01] NETWORK INFO: Server authentication successful for node: aggregator-001
✓ Aggregator connected: aggregator-001 from 127.0.0.1
✓ Sent 334429 bytes to aggregator-001 (13.66ms)
Session completed with aggregator-001
[2025-12-10 08:09:18] Meter 108: Generated 4.387 kWh (encrypted: 334173 bytes, 4.851 ms)
[2025-12-10 08:09:38] Meter 108: Generated 6.687 kWh (encrypted: 334514 bytes, 4.699 ms)
[2025-12-10 08:09:58] Meter 108: Generated 1.917 kWh (encrypted: 334404 bytes, 6.522 ms)
[2025-12-10 08:10:06] NETWORK INFO: Server authentication successful for node: aggregator-001
✓ Aggregator connected: aggregator-001 from 127.0.0.1
✓ Sent 334404 bytes to aggregator-001 (0.39ms)
Session completed with aggregator-001
[2025-12-10 08:10:18] Meter 108: Generated 3.621 kWh (encrypted: 334395 bytes, 4.667 ms)
[2025-12-10 08:10:38] Meter 108: Generated 0.832 kWh (encrypted: 334428 bytes, 4.866 ms)
[2025-12-10 08:10:58] Meter 108: Generated 1.820 kWh (encrypted: 334385 bytes, 4.865 ms)
[2025-12-10 08:11:12] NETWORK INFO: Server authentication successful for node: aggregator-001
✓ Aggregator connected: aggregator-001 from 127.0.0.1
✓ Sent 334385 bytes to aggregator-001 (0.35ms)
Session completed with aggregator-001
[2025-12-10 08:11:18] Meter 108: Generated 2.341 kWh (encrypted: 334189 bytes, 4.532 ms)
[2025-12-10 08:11:38] Meter 108: Generated 2.839 kWh (encrypted: 334311 bytes, 4.727 ms)
[2025-12-10 08:11:58] Meter 108: Generated 5.625 kWh (encrypted: 334325 bytes, 5.350 ms)
[2025-12-10 08:12:17] NETWORK INFO: Server authentication successful for node: aggregator-001
✓ Aggregator connected: aggregator-001 from 127.0.0.1
✓ Sent 334325 bytes to aggregator-001 (3.55ms)
Session completed with aggregator-001
[2025-12-10 08:12:18] Meter 108: Generated 4.786 kWh (encrypted: 334344 bytes, 6.747 ms)

Received shutdown signal. Gracefully shutting down smart meter...
Network server thread stopped
Data generation thread stopped
Smart meter 108 shutdown complete
