=== Continuous Smart Meter Server 96 ===
Initializing for continuous operation...
SEAL context initialized
Loaded certificate: smart-meter-096
Requesting public keys from KDC...
[2025-12-10 07:57:03] NETWORK ERROR: Failed to connect to 127.0.0.1:8444: Connection refused
Error: Failed to connect to KDC at 127.0.0.1:8444
Error: Failed to send key request to KDC
Failed to obtain keys from KDC, falling back to file keys
Loaded keys from fallback files
Cryptographic components initialized
[2025-12-10 07:57:03] NETWORK INFO: Server socket created and listening on port 9096
✓ Smart meter server ready on port 9096
Data transmission interval: 20 seconds (15x accelerated - simulates 5min)
✓ Performance metrics CSV files initialized in performance_data/
Starting continuous smart meter operation...
Press Ctrl+C to stop gracefully
Data generation thread started
Network server thread started on port 9096
[2025-12-10 07:57:15] NETWORK INFO: Server authentication successful for node: aggregator-001
✓ Aggregator connected: aggregator-001 from 127.0.0.1
[2025-12-10 07:57:23] Meter 96: Generated 3.888 kWh (encrypted: 334458 bytes, 4.873 ms)
✓ Sent 334458 bytes to aggregator-001 (0.70ms)
Session completed with aggregator-001
[2025-12-10 07:57:43] Meter 96: Generated 6.953 kWh (encrypted: 334185 bytes, 4.426 ms)
[2025-12-10 07:58:03] Meter 96: Generated 5.585 kWh (encrypted: 334020 bytes, 4.725 ms)
[2025-12-10 07:58:23] Meter 96: Generated 6.146 kWh (encrypted: 334380 bytes, 5.281 ms)
[2025-12-10 07:58:25] NETWORK INFO: Server authentication successful for node: aggregator-001
✓ Aggregator connected: aggregator-001 from 127.0.0.1
✓ Sent 334380 bytes to aggregator-001 (3.63ms)
Session completed with aggregator-001
[2025-12-10 07:58:43] Meter 96: Generated 1.323 kWh (encrypted: 333736 bytes, 4.497 ms)
[2025-12-10 07:59:03] Meter 96: Generated 5.114 kWh (encrypted: 334455 bytes, 6.734 ms)
[2025-12-10 07:59:23] Meter 96: Generated 2.492 kWh (encrypted: 334377 bytes, 4.483 ms)
[2025-12-10 07:59:26] NETWORK INFO: Server authentication successful for node: aggregator-001
✓ Aggregator connected: aggregator-001 from 127.0.0.1
✓ Sent 334377 bytes to aggregator-001 (0.35ms)
Session completed with aggregator-001
[2025-12-10 07:59:43] Meter 96: Generated 7.210 kWh (encrypted: 334423 bytes, 4.637 ms)
[2025-12-10 08:00:03] Meter 96: Generated 1.935 kWh (encrypted: 334337 bytes, 4.681 ms)
[2025-12-10 08:00:23] Meter 96: Generated 3.263 kWh (encrypted: 334352 bytes, 5.765 ms)
[2025-12-10 08:00:28] NETWORK INFO: Server authentication successful for node: aggregator-001
✓ Aggregator connected: aggregator-001 from 127.0.0.1
✓ Sent 334352 bytes to aggregator-001 (8.10ms)
Session completed with aggregator-001
[2025-12-10 08:00:43] Meter 96: Generated 4.279 kWh (encrypted: 334149 bytes, 4.661 ms)
[2025-12-10 08:01:03] Meter 96: Generated 3.459 kWh (encrypted: 334409 bytes, 4.818 ms)
[2025-12-10 08:01:23] Meter 96: Generated 7.472 kWh (encrypted: 334315 bytes, 4.584 ms)
[2025-12-10 08:01:31] NETWORK INFO: Server authentication successful for node: aggregator-001
✓ Aggregator connected: aggregator-001 from 127.0.0.1
✓ Sent 334315 bytes to aggregator-001 (0.37ms)
Session completed with aggregator-001
[2025-12-10 08:01:43] Meter 96: Generated 4.131 kWh (encrypted: 334160 bytes, 4.341 ms)
[2025-12-10 08:02:03] Meter 96: Generated 2.603 kWh (encrypted: 334296 bytes, 4.997 ms)
[2025-12-10 08:02:23] Meter 96: Generated 6.994 kWh (encrypted: 334428 bytes, 5.103 ms)
[2025-12-10 08:02:33] NETWORK INFO: Server authentication successful for node: aggregator-001
✓ Aggregator connected: aggregator-001 from 127.0.0.1
✓ Sent 334428 bytes to aggregator-001 (0.37ms)
Session completed with aggregator-001
[2025-12-10 08:02:43] Meter 96: Generated 2.954 kWh (encrypted: 334301 bytes, 7.002 ms)
[2025-12-10 08:03:03] Meter 96: Generated 3.808 kWh (encrypted: 334110 bytes, 6.426 ms)
[2025-12-10 08:03:23] Meter 96: Generated 0.696 kWh (encrypted: 334124 bytes, 6.471 ms)
[2025-12-10 08:03:36] NETWORK INFO: Server authentication successful for node: aggregator-001
✓ Aggregator connected: aggregator-001 from 127.0.0.1
✓ Sent 334124 bytes to aggregator-001 (0.39ms)
Session completed with aggregator-001
[2025-12-10 08:03:43] Meter 96: Generated 0.989 kWh (encrypted: 334378 bytes, 4.676 ms)
[2025-12-10 08:04:03] Meter 96: Generated 4.112 kWh (encrypted: 334311 bytes, 5.744 ms)
[2025-12-10 08:04:23] Meter 96: Generated 0.878 kWh (encrypted: 334137 bytes, 5.518 ms)
[2025-12-10 08:04:39] NETWORK INFO: Server authentication successful for node: aggregator-001
✓ Aggregator connected: aggregator-001 from 127.0.0.1
✓ Sent 334137 bytes to aggregator-001 (24.32ms)
Session completed with aggregator-001
[2025-12-10 08:04:43] Meter 96: Generated 7.206 kWh (encrypted: 334351 bytes, 7.130 ms)
[2025-12-10 08:05:03] Meter 96: Generated 1.439 kWh (encrypted: 334082 bytes, 4.462 ms)
[2025-12-10 08:05:23] Meter 96: Generated 6.659 kWh (encrypted: 334349 bytes, 5.168 ms)
[2025-12-10 08:05:43] Meter 96: Generated 2.601 kWh (encrypted: 334180 bytes, 4.620 ms)
[2025-12-10 08:05:44] NETWORK INFO: Server authentication successful for node: aggregator-001
✓ Aggregator connected: aggregator-001 from 127.0.0.1
✓ Sent 334180 bytes to aggregator-001 (26.72ms)
Session completed with aggregator-001
[2025-12-10 08:06:03] Meter 96: Generated 3.267 kWh (encrypted: 334240 bytes, 4.420 ms)
[2025-12-10 08:06:23] Meter 96: Generated 2.258 kWh (encrypted: 333944 bytes, 4.662 ms)
[2025-12-10 08:06:43] Meter 96: Generated 6.718 kWh (encrypted: 334145 bytes, 4.581 ms)
[2025-12-10 08:06:50] NETWORK INFO: Server authentication successful for node: aggregator-001
✓ Aggregator connected: aggregator-001 from 127.0.0.1
✓ Sent 334145 bytes to aggregator-001 (17.23ms)
Session completed with aggregator-001
[2025-12-10 08:07:03] Meter 96: Generated 4.451 kWh (encrypted: 334281 bytes, 5.345 ms)
[2025-12-10 08:07:23] Meter 96: Generated 6.522 kWh (encrypted: 334183 bytes, 4.593 ms)
[2025-12-10 08:07:43] Meter 96: Generated 6.360 kWh (encrypted: 334301 bytes, 4.720 ms)
[2025-12-10 08:07:56] NETWORK INFO: Server authentication successful for node: aggregator-001
✓ Aggregator connected: aggregator-001 from 127.0.0.1
✓ Sent 334301 bytes to aggregator-001 (0.37ms)
Session completed with aggregator-001
[2025-12-10 08:08:03] Meter 96: Generated 2.142 kWh (encrypted: 334418 bytes, 6.426 ms)
[2025-12-10 08:08:23] Meter 96: Generated 7.611 kWh (encrypted: 334321 bytes, 4.676 ms)
[2025-12-10 08:08:43] Meter 96: Generated 1.690 kWh (encrypted: 334156 bytes, 4.632 ms)
[2025-12-10 08:09:01] NETWORK INFO: Server authentication successful for node: aggregator-001
✓ Aggregator connected: aggregator-001 from 127.0.0.1
✓ Sent 334156 bytes to aggregator-001 (30.64ms)
Session completed with aggregator-001
[2025-12-10 08:09:03] Meter 96: Generated 3.140 kWh (encrypted: 334525 bytes, 12.587 ms)
[2025-12-10 08:09:23] Meter 96: Generated 6.729 kWh (encrypted: 334175 bytes, 7.331 ms)
[2025-12-10 08:09:43] Meter 96: Generated 3.556 kWh (encrypted: 334214 bytes, 8.065 ms)
[2025-12-10 08:10:03] Meter 96: Generated 0.983 kWh (encrypted: 334326 bytes, 4.937 ms)
[2025-12-10 08:10:06] NETWORK INFO: Server authentication successful for node: aggregator-001
✓ Aggregator connected: aggregator-001 from 127.0.0.1
✓ Sent 334326 bytes to aggregator-001 (0.42ms)
Session completed with aggregator-001
[2025-12-10 08:10:23] Meter 96: Generated 1.342 kWh (encrypted: 334031 bytes, 5.072 ms)
[2025-12-10 08:10:43] Meter 96: Generated 1.506 kWh (encrypted: 334404 bytes, 5.955 ms)
[2025-12-10 08:11:03] Meter 96: Generated 4.974 kWh (encrypted: 334318 bytes, 5.304 ms)
[2025-12-10 08:11:12] NETWORK INFO: Server authentication successful for node: aggregator-001
✓ Aggregator connected: aggregator-001 from 127.0.0.1
✓ Sent 334318 bytes to aggregator-001 (0.36ms)
Session completed with aggregator-001
[2025-12-10 08:11:23] Meter 96: Generated 3.136 kWh (encrypted: 334338 bytes, 5.017 ms)
[2025-12-10 08:11:43] Meter 96: Generated 1.191 kWh (encrypted: 334040 bytes, 5.478 ms)
[2025-12-10 08:12:03] Meter 96: Generated 3.822 kWh (encrypted: 334404 bytes, 4.614 ms)
[2025-12-10 08:12:17] NETWORK INFO: Server authentication successful for node: aggregator-001
✓ Aggregator connected: aggregator-001 from 127.0.0.1
✓ Sent 334404 bytes to aggregator-001 (0.37ms)
Session completed with aggregator-001
[2025-12-10 08:12:23] Meter 96: Generated 3.725 kWh (encrypted: 334402 bytes, 7.056 ms)

Received shutdown signal. Gracefully shutting down smart meter...
Network server thread stopped
Data generation thread stopped
Smart meter 96 shutdown complete
