=== Continuous Smart Meter Server 463 ===
Initializing for continuous operation...
SEAL context initialized
Loaded certificate: smart-meter-463
Requesting public keys from KDC...
[2025-12-10 08:04:38] NETWORK ERROR: Failed to connect to 127.0.0.1:8444: Connection refused
Error: Failed to connect to KDC at 127.0.0.1:8444
Error: Failed to send key request to KDC
Failed to obtain keys from KDC, falling back to file keys
Loaded keys from fallback files
Cryptographic components initialized
[2025-12-10 08:04:38] NETWORK INFO: Server socket created and listening on port 9463
✓ Smart meter server ready on port 9463
Data transmission interval: 20 seconds (15x accelerated - simulates 5min)
✓ Performance metrics CSV files initialized in performance_data/
Starting continuous smart meter operation...
Press Ctrl+C to stop gracefully
Data generation thread started
Network server thread started on port 9463
[2025-12-10 08:04:40] NETWORK INFO: Server authentication successful for node: aggregator-001
✓ Aggregator connected: aggregator-001 from 127.0.0.1
[2025-12-10 08:04:58] Meter 463: Generated 2.248 kWh (encrypted: 334089 bytes, 7.204 ms)
✓ Sent 334089 bytes to aggregator-001 (1.15ms)
Session completed with aggregator-001
[2025-12-10 08:05:18] Meter 463: Generated 1.460 kWh (encrypted: 334417 bytes, 4.974 ms)
[2025-12-10 08:05:38] Meter 463: Generated 5.252 kWh (encrypted: 334109 bytes, 4.610 ms)
[2025-12-10 08:05:44] NETWORK INFO: Server authentication successful for node: aggregator-001
✓ Aggregator connected: aggregator-001 from 127.0.0.1
✓ Sent 334109 bytes to aggregator-001 (0.34ms)
Session completed with aggregator-001
[2025-12-10 08:05:58] Meter 463: Generated 4.621 kWh (encrypted: 334165 bytes, 6.443 ms)
[2025-12-10 08:06:18] Meter 463: Generated 3.737 kWh (encrypted: 334131 bytes, 6.471 ms)
[2025-12-10 08:06:38] Meter 463: Generated 7.270 kWh (encrypted: 334366 bytes, 5.745 ms)
[2025-12-10 08:06:50] NETWORK INFO: Server authentication successful for node: aggregator-001
✓ Aggregator connected: aggregator-001 from 127.0.0.1
✓ Sent 334366 bytes to aggregator-001 (0.42ms)
Session completed with aggregator-001
[2025-12-10 08:06:58] Meter 463: Generated 5.137 kWh (encrypted: 334203 bytes, 5.404 ms)
[2025-12-10 08:07:18] Meter 463: Generated 3.121 kWh (encrypted: 334413 bytes, 6.400 ms)
[2025-12-10 08:07:38] Meter 463: Generated 1.758 kWh (encrypted: 334198 bytes, 4.810 ms)
[2025-12-10 08:07:56] NETWORK INFO: Server authentication successful for node: aggregator-001
✓ Aggregator connected: aggregator-001 from 127.0.0.1
✓ Sent 334198 bytes to aggregator-001 (6.46ms)
Session completed with aggregator-001
[2025-12-10 08:07:58] Meter 463: Generated 6.925 kWh (encrypted: 334466 bytes, 4.570 ms)
[2025-12-10 08:08:18] Meter 463: Generated 2.209 kWh (encrypted: 334413 bytes, 6.445 ms)
[2025-12-10 08:08:38] Meter 463: Generated 7.035 kWh (encrypted: 334200 bytes, 4.737 ms)
[2025-12-10 08:08:58] Meter 463: Generated 0.939 kWh (encrypted: 334223 bytes, 7.170 ms)
[2025-12-10 08:09:01] NETWORK INFO: Server authentication successful for node: aggregator-001
✓ Aggregator connected: aggregator-001 from 127.0.0.1
✓ Sent 334223 bytes to aggregator-001 (0.59ms)
Session completed with aggregator-001
[2025-12-10 08:09:18] Meter 463: Generated 4.481 kWh (encrypted: 334299 bytes, 5.031 ms)
[2025-12-10 08:09:38] Meter 463: Generated 2.352 kWh (encrypted: 333462 bytes, 4.858 ms)
[2025-12-10 08:09:58] Meter 463: Generated 4.954 kWh (encrypted: 334275 bytes, 4.430 ms)
[2025-12-10 08:10:06] NETWORK INFO: Server authentication successful for node: aggregator-001
✓ Aggregator connected: aggregator-001 from 127.0.0.1
✓ Sent 334275 bytes to aggregator-001 (0.42ms)
Session completed with aggregator-001
[2025-12-10 08:10:18] Meter 463: Generated 0.969 kWh (encrypted: 334355 bytes, 4.597 ms)
[2025-12-10 08:10:38] Meter 463: Generated 4.332 kWh (encrypted: 334143 bytes, 4.393 ms)
[2025-12-10 08:10:58] Meter 463: Generated 4.712 kWh (encrypted: 334365 bytes, 4.360 ms)
[2025-12-10 08:11:12] NETWORK INFO: Server authentication successful for node: aggregator-001
✓ Aggregator connected: aggregator-001 from 127.0.0.1
✓ Sent 334365 bytes to aggregator-001 (3.63ms)
Session completed with aggregator-001
[2025-12-10 08:11:18] Meter 463: Generated 3.984 kWh (encrypted: 334448 bytes, 4.947 ms)
[2025-12-10 08:11:38] Meter 463: Generated 7.000 kWh (encrypted: 334146 bytes, 4.737 ms)
[2025-12-10 08:11:58] Meter 463: Generated 2.547 kWh (encrypted: 334401 bytes, 4.612 ms)
[2025-12-10 08:12:17] NETWORK INFO: Server authentication successful for node: aggregator-001
✓ Aggregator connected: aggregator-001 from 127.0.0.1
✓ Sent 334401 bytes to aggregator-001 (0.35ms)
Session completed with aggregator-001
[2025-12-10 08:12:18] Meter 463: Generated 4.113 kWh (encrypted: 334442 bytes, 9.280 ms)

Received shutdown signal. Gracefully shutting down smart meter...
Network server thread stopped
Data generation thread stopped
Smart meter 463 shutdown complete
