=== Continuous Smart Meter Server 267 ===
Initializing for continuous operation...
SEAL context initialized
Loaded certificate: smart-meter-267
Requesting public keys from KDC...
[2025-12-10 08:00:33] NETWORK ERROR: Failed to connect to 127.0.0.1:8444: Connection refused
Error: Failed to connect to KDC at 127.0.0.1:8444
Error: Failed to send key request to KDC
Failed to obtain keys from KDC, falling back to file keys
Loaded keys from fallback files
Cryptographic components initialized
[2025-12-10 08:00:33] NETWORK INFO: Server socket created and listening on port 9267
✓ Smart meter server ready on port 9267
Data transmission interval: 20 seconds (15x accelerated - simulates 5min)
✓ Performance metrics CSV files initialized in performance_data/
Starting continuous smart meter operation...
Press Ctrl+C to stop gracefully
Data generation thread started
Network server thread started on port 9267
[2025-12-10 08:00:53] Meter 267: Generated 3.139 kWh (encrypted: 334412 bytes, 6.735 ms)
[2025-12-10 08:01:13] Meter 267: Generated 7.109 kWh (encrypted: 334345 bytes, 4.724 ms)
[2025-12-10 08:01:31] NETWORK INFO: Server authentication successful for node: aggregator-001
✓ Aggregator connected: aggregator-001 from 127.0.0.1
✓ Sent 334345 bytes to aggregator-001 (3.17ms)
Session completed with aggregator-001
[2025-12-10 08:01:33] Meter 267: Generated 1.854 kWh (encrypted: 334366 bytes, 4.678 ms)
[2025-12-10 08:01:53] Meter 267: Generated 5.353 kWh (encrypted: 334423 bytes, 6.491 ms)
[2025-12-10 08:02:13] Meter 267: Generated 0.824 kWh (encrypted: 334390 bytes, 4.612 ms)
[2025-12-10 08:02:33] Meter 267: Generated 2.176 kWh (encrypted: 334528 bytes, 4.806 ms)
[2025-12-10 08:02:33] NETWORK INFO: Server authentication successful for node: aggregator-001
✓ Aggregator connected: aggregator-001 from 127.0.0.1
✓ Sent 334528 bytes to aggregator-001 (0.38ms)
Session completed with aggregator-001
[2025-12-10 08:02:53] Meter 267: Generated 1.358 kWh (encrypted: 334212 bytes, 4.783 ms)
[2025-12-10 08:03:13] Meter 267: Generated 0.833 kWh (encrypted: 334002 bytes, 5.039 ms)
[2025-12-10 08:03:33] Meter 267: Generated 1.214 kWh (encrypted: 334304 bytes, 5.797 ms)
[2025-12-10 08:03:36] NETWORK INFO: Server authentication successful for node: aggregator-001
✓ Aggregator connected: aggregator-001 from 127.0.0.1
✓ Sent 334304 bytes to aggregator-001 (0.36ms)
Session completed with aggregator-001
[2025-12-10 08:03:53] Meter 267: Generated 6.521 kWh (encrypted: 334332 bytes, 4.727 ms)
[2025-12-10 08:04:13] Meter 267: Generated 2.144 kWh (encrypted: 334414 bytes, 4.616 ms)
[2025-12-10 08:04:33] Meter 267: Generated 6.541 kWh (encrypted: 334448 bytes, 8.542 ms)
[2025-12-10 08:04:40] NETWORK INFO: Server authentication successful for node: aggregator-001
✓ Aggregator connected: aggregator-001 from 127.0.0.1
✓ Sent 334448 bytes to aggregator-001 (0.41ms)
Session completed with aggregator-001
[2025-12-10 08:04:53] Meter 267: Generated 3.799 kWh (encrypted: 334120 bytes, 4.498 ms)
[2025-12-10 08:05:13] Meter 267: Generated 2.555 kWh (encrypted: 334323 bytes, 5.173 ms)
[2025-12-10 08:05:33] Meter 267: Generated 7.026 kWh (encrypted: 334121 bytes, 4.516 ms)
[2025-12-10 08:05:44] NETWORK INFO: Server authentication successful for node: aggregator-001
✓ Aggregator connected: aggregator-001 from 127.0.0.1
✓ Sent 334121 bytes to aggregator-001 (0.41ms)
Session completed with aggregator-001
[2025-12-10 08:05:53] Meter 267: Generated 3.110 kWh (encrypted: 334478 bytes, 7.065 ms)
[2025-12-10 08:06:13] Meter 267: Generated 4.526 kWh (encrypted: 334454 bytes, 6.597 ms)
[2025-12-10 08:06:33] Meter 267: Generated 4.916 kWh (encrypted: 334053 bytes, 4.839 ms)
[2025-12-10 08:06:50] NETWORK INFO: Server authentication successful for node: aggregator-001
✓ Aggregator connected: aggregator-001 from 127.0.0.1
✓ Sent 334053 bytes to aggregator-001 (17.71ms)
Session completed with aggregator-001
[2025-12-10 08:06:53] Meter 267: Generated 6.712 kWh (encrypted: 334393 bytes, 4.489 ms)
[2025-12-10 08:07:13] Meter 267: Generated 6.151 kWh (encrypted: 334352 bytes, 4.498 ms)
[2025-12-10 08:07:33] Meter 267: Generated 5.725 kWh (encrypted: 334386 bytes, 5.290 ms)
[2025-12-10 08:07:53] Meter 267: Generated 1.800 kWh (encrypted: 334150 bytes, 6.556 ms)
[2025-12-10 08:07:56] NETWORK INFO: Server authentication successful for node: aggregator-001
✓ Aggregator connected: aggregator-001 from 127.0.0.1
✓ Sent 334150 bytes to aggregator-001 (0.36ms)
Session completed with aggregator-001
[2025-12-10 08:08:13] Meter 267: Generated 5.718 kWh (encrypted: 334402 bytes, 6.422 ms)
[2025-12-10 08:08:33] Meter 267: Generated 5.402 kWh (encrypted: 334437 bytes, 21.129 ms)
[2025-12-10 08:08:53] Meter 267: Generated 0.832 kWh (encrypted: 334231 bytes, 5.473 ms)
[2025-12-10 08:09:01] NETWORK INFO: Server authentication successful for node: aggregator-001
✓ Aggregator connected: aggregator-001 from 127.0.0.1
✓ Sent 334231 bytes to aggregator-001 (0.43ms)
Session completed with aggregator-001
[2025-12-10 08:09:13] Meter 267: Generated 3.724 kWh (encrypted: 334274 bytes, 5.470 ms)
[2025-12-10 08:09:33] Meter 267: Generated 5.221 kWh (encrypted: 333912 bytes, 6.073 ms)
[2025-12-10 08:09:53] Meter 267: Generated 1.030 kWh (encrypted: 334316 bytes, 4.621 ms)
[2025-12-10 08:10:06] NETWORK INFO: Server authentication successful for node: aggregator-001
✓ Aggregator connected: aggregator-001 from 127.0.0.1
✓ Sent 334316 bytes to aggregator-001 (0.39ms)
Session completed with aggregator-001
[2025-12-10 08:10:13] Meter 267: Generated 3.434 kWh (encrypted: 334280 bytes, 6.846 ms)
[2025-12-10 08:10:33] Meter 267: Generated 3.122 kWh (encrypted: 333243 bytes, 12.059 ms)
[2025-12-10 08:10:53] Meter 267: Generated 5.745 kWh (encrypted: 334239 bytes, 4.698 ms)
[2025-12-10 08:11:12] NETWORK INFO: Server authentication successful for node: aggregator-001
✓ Aggregator connected: aggregator-001 from 127.0.0.1
✓ Sent 334239 bytes to aggregator-001 (0.39ms)
Session completed with aggregator-001
[2025-12-10 08:11:13] Meter 267: Generated 1.734 kWh (encrypted: 334445 bytes, 5.081 ms)
[2025-12-10 08:11:33] Meter 267: Generated 3.863 kWh (encrypted: 334347 bytes, 4.803 ms)
[2025-12-10 08:11:53] Meter 267: Generated 1.522 kWh (encrypted: 334348 bytes, 6.799 ms)
[2025-12-10 08:12:13] Meter 267: Generated 5.540 kWh (encrypted: 334341 bytes, 4.618 ms)
[2025-12-10 08:12:17] NETWORK INFO: Server authentication successful for node: aggregator-001
✓ Aggregator connected: aggregator-001 from 127.0.0.1
✓ Sent 334341 bytes to aggregator-001 (0.56ms)
Session completed with aggregator-001
[2025-12-10 08:12:33] Meter 267: Generated 1.810 kWh (encrypted: 334221 bytes, 7.262 ms)

Received shutdown signal. Gracefully shutting down smart meter...
Network server thread stopped
Data generation thread stopped
Smart meter 267 shutdown complete
