=== Continuous Smart Meter Server 50 ===
Initializing for continuous operation...
SEAL context initialized
Loaded certificate: smart-meter-050
Requesting public keys from KDC...
[2025-12-14 17:02:53] NETWORK ERROR: Failed to connect to 127.0.0.1:8444: Connection refused
Error: Failed to connect to KDC at 127.0.0.1:8444
Error: Failed to send key request to KDC
Failed to obtain keys from KDC, falling back to file keys
Loaded keys from fallback files
Cryptographic components initialized
[2025-12-14 17:02:53] NETWORK INFO: Server socket created and listening on port 9050
✓ Smart meter server ready on port 9050
Data transmission interval: 20 seconds (15x accelerated - simulates 5min)
✓ Performance metrics CSV files initialized in performance_data/
Starting continuous smart meter operation...
Press Ctrl+C to stop gracefully
Data generation thread started
Network server thread started on port 9050

Received shutdown signal. Gracefully shutting down smart meter...
Data generation thread stopped
Network server thread stopped
Smart meter 50 shutdown complete
