=== Continuous Smart Meter Server 457 ===
Initializing for continuous operation...
SEAL context initialized
Loaded certificate: smart-meter-457
Requesting public keys from KDC...
[2025-12-10 08:04:30] NETWORK ERROR: Failed to connect to 127.0.0.1:8444: Connection refused
Error: Failed to connect to KDC at 127.0.0.1:8444
Error: Failed to send key request to KDC
Failed to obtain keys from KDC, falling back to file keys
Loaded keys from fallback files
Cryptographic components initialized
[2025-12-10 08:04:30] NETWORK INFO: Server socket created and listening on port 9457
✓ Smart meter server ready on port 9457
Data transmission interval: 20 seconds (15x accelerated - simulates 5min)
✓ Performance metrics CSV files initialized in performance_data/
Starting continuous smart meter operation...
Press Ctrl+C to stop gracefully
Data generation thread started
Network server thread started on port 9457
[2025-12-10 08:04:39] NETWORK INFO: Server authentication successful for node: aggregator-001
✓ Aggregator connected: aggregator-001 from 127.0.0.1
[2025-12-10 08:04:50] Meter 457: Generated 7.584 kWh (encrypted: 334389 bytes, 7.287 ms)
✓ Sent 334389 bytes to aggregator-001 (0.75ms)
Session completed with aggregator-001
[2025-12-10 08:05:10] Meter 457: Generated 7.254 kWh (encrypted: 334129 bytes, 4.309 ms)
[2025-12-10 08:05:30] Meter 457: Generated 6.652 kWh (encrypted: 334169 bytes, 4.390 ms)
[2025-12-10 08:05:44] NETWORK INFO: Server authentication successful for node: aggregator-001
✓ Aggregator connected: aggregator-001 from 127.0.0.1
✓ Sent 334169 bytes to aggregator-001 (0.36ms)
Session completed with aggregator-001
[2025-12-10 08:05:50] Meter 457: Generated 5.731 kWh (encrypted: 334365 bytes, 4.702 ms)
[2025-12-10 08:06:10] Meter 457: Generated 5.380 kWh (encrypted: 334353 bytes, 4.791 ms)
[2025-12-10 08:06:30] Meter 457: Generated 3.708 kWh (encrypted: 334404 bytes, 4.595 ms)
[2025-12-10 08:06:50] NETWORK INFO: Server authentication successful for node: aggregator-001
✓ Aggregator connected: aggregator-001 from 127.0.0.1
✓ Sent 334404 bytes to aggregator-001 (0.36ms)
Session completed with aggregator-001
[2025-12-10 08:06:50] Meter 457: Generated 4.575 kWh (encrypted: 334365 bytes, 5.112 ms)
[2025-12-10 08:07:10] Meter 457: Generated 7.218 kWh (encrypted: 334308 bytes, 4.592 ms)
[2025-12-10 08:07:31] Meter 457: Generated 1.528 kWh (encrypted: 334271 bytes, 5.512 ms)
[2025-12-10 08:07:51] Meter 457: Generated 1.332 kWh (encrypted: 334230 bytes, 6.628 ms)
[2025-12-10 08:07:56] NETWORK INFO: Server authentication successful for node: aggregator-001
✓ Aggregator connected: aggregator-001 from 127.0.0.1
✓ Sent 334230 bytes to aggregator-001 (0.37ms)
Session completed with aggregator-001
[2025-12-10 08:08:11] Meter 457: Generated 5.104 kWh (encrypted: 334374 bytes, 6.600 ms)
[2025-12-10 08:08:31] Meter 457: Generated 2.875 kWh (encrypted: 334391 bytes, 4.538 ms)
[2025-12-10 08:08:51] Meter 457: Generated 2.976 kWh (encrypted: 334041 bytes, 5.268 ms)
[2025-12-10 08:09:01] NETWORK INFO: Server authentication successful for node: aggregator-001
✓ Aggregator connected: aggregator-001 from 127.0.0.1
✓ Sent 334041 bytes to aggregator-001 (0.43ms)
Session completed with aggregator-001
[2025-12-10 08:09:11] Meter 457: Generated 7.078 kWh (encrypted: 334459 bytes, 6.839 ms)
[2025-12-10 08:09:31] Meter 457: Generated 7.065 kWh (encrypted: 334266 bytes, 4.927 ms)
[2025-12-10 08:09:51] Meter 457: Generated 1.170 kWh (encrypted: 334234 bytes, 5.649 ms)
[2025-12-10 08:10:06] NETWORK INFO: Server authentication successful for node: aggregator-001
✓ Aggregator connected: aggregator-001 from 127.0.0.1
✓ Sent 334234 bytes to aggregator-001 (4.83ms)
Session completed with aggregator-001
[2025-12-10 08:10:11] Meter 457: Generated 3.550 kWh (encrypted: 334218 bytes, 5.085 ms)
[2025-12-10 08:10:31] Meter 457: Generated 1.900 kWh (encrypted: 334491 bytes, 9.148 ms)
[2025-12-10 08:10:51] Meter 457: Generated 3.425 kWh (encrypted: 334133 bytes, 4.546 ms)
[2025-12-10 08:11:11] Meter 457: Generated 3.549 kWh (encrypted: 334170 bytes, 4.622 ms)
[2025-12-10 08:11:12] NETWORK INFO: Server authentication successful for node: aggregator-001
✓ Aggregator connected: aggregator-001 from 127.0.0.1
✓ Sent 334170 bytes to aggregator-001 (0.37ms)
Session completed with aggregator-001
[2025-12-10 08:11:31] Meter 457: Generated 4.169 kWh (encrypted: 334234 bytes, 4.985 ms)
[2025-12-10 08:11:51] Meter 457: Generated 6.792 kWh (encrypted: 334432 bytes, 4.508 ms)
[2025-12-10 08:12:11] Meter 457: Generated 7.325 kWh (encrypted: 334481 bytes, 9.582 ms)
[2025-12-10 08:12:17] NETWORK INFO: Server authentication successful for node: aggregator-001
✓ Aggregator connected: aggregator-001 from 127.0.0.1
✓ Sent 334481 bytes to aggregator-001 (0.38ms)
Session completed with aggregator-001
[2025-12-10 08:12:31] Meter 457: Generated 5.692 kWh (encrypted: 334112 bytes, 4.578 ms)

Received shutdown signal. Gracefully shutting down smart meter...
Network server thread stopped
Data generation thread stopped
Smart meter 457 shutdown complete
