=== Continuous Smart Meter Server 187 ===
Initializing for continuous operation...
SEAL context initialized
Loaded certificate: smart-meter-187
Requesting public keys from KDC...
[2025-12-10 07:58:54] NETWORK ERROR: Failed to connect to 127.0.0.1:8444: Connection refused
Error: Failed to connect to KDC at 127.0.0.1:8444
Error: Failed to send key request to KDC
Failed to obtain keys from KDC, falling back to file keys
Loaded keys from fallback files
Cryptographic components initialized
[2025-12-10 07:58:54] NETWORK INFO: Server socket created and listening on port 9187
✓ Smart meter server ready on port 9187
Data transmission interval: 20 seconds (15x accelerated - simulates 5min)
✓ Performance metrics CSV files initialized in performance_data/
Starting continuous smart meter operation...
Press Ctrl+C to stop gracefully
Network server thread started on port Data generation thread started9187

[2025-12-10 07:59:14] Meter 187: Generated 7.496 kWh (encrypted: 334161 bytes, 5.917 ms)
[2025-12-10 07:59:26] NETWORK INFO: Server authentication successful for node: aggregator-001
✓ Aggregator connected: aggregator-001 from 127.0.0.1
✓ Sent 334161 bytes to aggregator-001 (11.66ms)
Session completed with aggregator-001
[2025-12-10 07:59:34] Meter 187: Generated 2.083 kWh (encrypted: 334486 bytes, 7.423 ms)
[2025-12-10 07:59:54] Meter 187: Generated 1.450 kWh (encrypted: 334329 bytes, 8.378 ms)
[2025-12-10 08:00:14] Meter 187: Generated 6.879 kWh (encrypted: 334304 bytes, 6.309 ms)
[2025-12-10 08:00:28] NETWORK INFO: Server authentication successful for node: aggregator-001
✓ Aggregator connected: aggregator-001 from 127.0.0.1
✓ Sent 334304 bytes to aggregator-001 (17.73ms)
Session completed with aggregator-001
[2025-12-10 08:00:34] Meter 187: Generated 1.295 kWh (encrypted: 334479 bytes, 6.264 ms)
[2025-12-10 08:00:54] Meter 187: Generated 3.327 kWh (encrypted: 334136 bytes, 5.339 ms)
[2025-12-10 08:01:14] Meter 187: Generated 6.479 kWh (encrypted: 334515 bytes, 8.595 ms)
[2025-12-10 08:01:31] NETWORK INFO: Server authentication successful for node: aggregator-001
✓ Aggregator connected: aggregator-001 from 127.0.0.1
✓ Sent 334515 bytes to aggregator-001 (1.39ms)
Session completed with aggregator-001
[2025-12-10 08:01:34] Meter 187: Generated 1.326 kWh (encrypted: 334384 bytes, 6.150 ms)
[2025-12-10 08:01:54] Meter 187: Generated 5.575 kWh (encrypted: 334307 bytes, 6.980 ms)
[2025-12-10 08:02:14] Meter 187: Generated 4.185 kWh (encrypted: 334310 bytes, 7.280 ms)
[2025-12-10 08:02:33] NETWORK INFO: Server authentication successful for node: aggregator-001
✓ Aggregator connected: aggregator-001 from 127.0.0.1
✓ Sent 334310 bytes to aggregator-001 (0.67ms)
Session completed with aggregator-001
[2025-12-10 08:02:34] Meter 187: Generated 1.355 kWh (encrypted: 334494 bytes, 5.093 ms)
[2025-12-10 08:02:54] Meter 187: Generated 7.004 kWh (encrypted: 333907 bytes, 6.637 ms)
[2025-12-10 08:03:14] Meter 187: Generated 3.531 kWh (encrypted: 334191 bytes, 6.184 ms)
[2025-12-10 08:03:34] Meter 187: Generated 4.791 kWh (encrypted: 334340 bytes, 4.465 ms)
[2025-12-10 08:03:36] NETWORK INFO: Server authentication successful for node: aggregator-001
✓ Aggregator connected: aggregator-001 from 127.0.0.1
✓ Sent 334340 bytes to aggregator-001 (0.39ms)
Session completed with aggregator-001
[2025-12-10 08:03:54] Meter 187: Generated 0.739 kWh (encrypted: 334208 bytes, 6.616 ms)
[2025-12-10 08:04:14] Meter 187: Generated 2.706 kWh (encrypted: 334319 bytes, 8.217 ms)
[2025-12-10 08:04:34] Meter 187: Generated 2.491 kWh (encrypted: 334525 bytes, 6.498 ms)
[2025-12-10 08:04:39] NETWORK INFO: Server authentication successful for node: aggregator-001
✓ Aggregator connected: aggregator-001 from 127.0.0.1
✓ Sent 334525 bytes to aggregator-001 (3.66ms)
Session completed with aggregator-001
[2025-12-10 08:04:54] Meter 187: Generated 4.686 kWh (encrypted: 334399 bytes, 6.456 ms)
[2025-12-10 08:05:14] Meter 187: Generated 3.267 kWh (encrypted: 334266 bytes, 4.359 ms)
[2025-12-10 08:05:34] Meter 187: Generated 3.422 kWh (encrypted: 334394 bytes, 4.987 ms)
[2025-12-10 08:05:44] NETWORK INFO: Server authentication successful for node: aggregator-001
✓ Aggregator connected: aggregator-001 from 127.0.0.1
✓ Sent 334394 bytes to aggregator-001 (0.36ms)
Session completed with aggregator-001
[2025-12-10 08:05:54] Meter 187: Generated 1.748 kWh (encrypted: 334388 bytes, 4.610 ms)
[2025-12-10 08:06:14] Meter 187: Generated 3.130 kWh (encrypted: 334363 bytes, 7.073 ms)
[2025-12-10 08:06:34] Meter 187: Generated 5.541 kWh (encrypted: 334081 bytes, 5.859 ms)
[2025-12-10 08:06:50] NETWORK INFO: Server authentication successful for node: aggregator-001
✓ Aggregator connected: aggregator-001 from 127.0.0.1
✓ Sent 334081 bytes to aggregator-001 (0.39ms)
Session completed with aggregator-001
[2025-12-10 08:06:54] Meter 187: Generated 6.878 kWh (encrypted: 334369 bytes, 4.518 ms)
[2025-12-10 08:07:14] Meter 187: Generated 4.422 kWh (encrypted: 334249 bytes, 6.445 ms)
[2025-12-10 08:07:34] Meter 187: Generated 4.725 kWh (encrypted: 334355 bytes, 7.274 ms)
[2025-12-10 08:07:54] Meter 187: Generated 5.375 kWh (encrypted: 334442 bytes, 5.280 ms)
[2025-12-10 08:07:55] NETWORK INFO: Server authentication successful for node: aggregator-001
✓ Aggregator connected: aggregator-001 from 127.0.0.1
✓ Sent 334442 bytes to aggregator-001 (0.38ms)
Session completed with aggregator-001
[2025-12-10 08:08:14] Meter 187: Generated 3.064 kWh (encrypted: 334365 bytes, 5.562 ms)
[2025-12-10 08:08:34] Meter 187: Generated 1.062 kWh (encrypted: 334260 bytes, 5.288 ms)
[2025-12-10 08:08:54] Meter 187: Generated 5.566 kWh (encrypted: 334483 bytes, 8.249 ms)
[2025-12-10 08:09:01] NETWORK INFO: Server authentication successful for node: aggregator-001
✓ Aggregator connected: aggregator-001 from 127.0.0.1
✓ Sent 334483 bytes to aggregator-001 (0.40ms)
Session completed with aggregator-001
[2025-12-10 08:09:14] Meter 187: Generated 6.455 kWh (encrypted: 334080 bytes, 4.478 ms)
[2025-12-10 08:09:34] Meter 187: Generated 2.400 kWh (encrypted: 334311 bytes, 5.648 ms)
[2025-12-10 08:09:54] Meter 187: Generated 1.298 kWh (encrypted: 334488 bytes, 5.592 ms)
[2025-12-10 08:10:06] NETWORK INFO: Server authentication successful for node: aggregator-001
✓ Aggregator connected: aggregator-001 from 127.0.0.1
✓ Sent 334488 bytes to aggregator-001 (16.54ms)
Session completed with aggregator-001
[2025-12-10 08:10:14] Meter 187: Generated 1.736 kWh (encrypted: 334378 bytes, 6.885 ms)
[2025-12-10 08:10:34] Meter 187: Generated 4.977 kWh (encrypted: 334337 bytes, 5.315 ms)
[2025-12-10 08:10:54] Meter 187: Generated 1.819 kWh (encrypted: 334219 bytes, 4.732 ms)
[2025-12-10 08:11:12] NETWORK INFO: Server authentication successful for node: aggregator-001
✓ Aggregator connected: aggregator-001 from 127.0.0.1
✓ Sent 334219 bytes to aggregator-001 (94.47ms)
Session completed with aggregator-001
[2025-12-10 08:11:14] Meter 187: Generated 2.103 kWh (encrypted: 334469 bytes, 6.664 ms)
[2025-12-10 08:11:34] Meter 187: Generated 2.132 kWh (encrypted: 334359 bytes, 4.966 ms)
[2025-12-10 08:11:54] Meter 187: Generated 1.052 kWh (encrypted: 334104 bytes, 6.402 ms)
[2025-12-10 08:12:14] Meter 187: Generated 5.026 kWh (encrypted: 334251 bytes, 6.174 ms)
[2025-12-10 08:12:17] NETWORK INFO: Server authentication successful for node: aggregator-001
✓ Aggregator connected: aggregator-001 from 127.0.0.1
✓ Sent 334251 bytes to aggregator-001 (1.83ms)
Session completed with aggregator-001

Received shutdown signal. Gracefully shutting down smart meter...
Data generation thread stopped
Network server thread stopped
Smart meter 187 shutdown complete
