=== Continuous Smart Meter Server 356 ===
Initializing for continuous operation...
SEAL context initialized
Loaded certificate: smart-meter-356
Requesting public keys from KDC...
[2025-12-10 08:02:23] NETWORK ERROR: Failed to connect to 127.0.0.1:8444: Connection refused
Error: Failed to connect to KDC at 127.0.0.1:8444
Error: Failed to send key request to KDC
Failed to obtain keys from KDC, falling back to file keys
Loaded keys from fallback files
Cryptographic components initialized
[2025-12-10 08:02:23] NETWORK INFO: Server socket created and listening on port 9356
✓ Smart meter server ready on port 9356
Data transmission interval: 20 seconds (15x accelerated - simulates 5min)
✓ Performance metrics CSV files initialized in performance_data/
Starting continuous smart meter operation...
Press Ctrl+C to stop gracefully
Data generation thread started
Network server thread started on port 9356
[2025-12-10 08:02:33] NETWORK INFO: Server authentication successful for node: aggregator-001
✓ Aggregator connected: aggregator-001 from 127.0.0.1
[2025-12-10 08:02:43] Meter 356: Generated 1.296 kWh (encrypted: 334083 bytes, 5.140 ms)
✓ Sent 334083 bytes to aggregator-001 (0.72ms)
Session completed with aggregator-001
[2025-12-10 08:03:03] Meter 356: Generated 5.383 kWh (encrypted: 334356 bytes, 4.711 ms)
[2025-12-10 08:03:23] Meter 356: Generated 3.238 kWh (encrypted: 333901 bytes, 6.470 ms)
[2025-12-10 08:03:36] NETWORK INFO: Server authentication successful for node: aggregator-001
✓ Aggregator connected: aggregator-001 from 127.0.0.1
✓ Sent 333901 bytes to aggregator-001 (0.39ms)
Session completed with aggregator-001
[2025-12-10 08:03:43] Meter 356: Generated 2.741 kWh (encrypted: 334131 bytes, 6.469 ms)
[2025-12-10 08:04:03] Meter 356: Generated 4.710 kWh (encrypted: 334315 bytes, 4.883 ms)
[2025-12-10 08:04:23] Meter 356: Generated 3.850 kWh (encrypted: 334386 bytes, 4.856 ms)
[2025-12-10 08:04:39] NETWORK INFO: Server authentication successful for node: aggregator-001
✓ Aggregator connected: aggregator-001 from 127.0.0.1
✓ Sent 334386 bytes to aggregator-001 (0.35ms)
Session completed with aggregator-001
[2025-12-10 08:04:43] Meter 356: Generated 1.307 kWh (encrypted: 334382 bytes, 4.794 ms)
[2025-12-10 08:05:03] Meter 356: Generated 3.582 kWh (encrypted: 334423 bytes, 6.959 ms)
[2025-12-10 08:05:24] Meter 356: Generated 1.595 kWh (encrypted: 334429 bytes, 4.553 ms)
[2025-12-10 08:05:44] Meter 356: Generated 3.179 kWh (encrypted: 334345 bytes, 4.357 ms)
[2025-12-10 08:05:44] NETWORK INFO: Server authentication successful for node: aggregator-001
✓ Aggregator connected: aggregator-001 from 127.0.0.1
✓ Sent 334345 bytes to aggregator-001 (5.53ms)
Session completed with aggregator-001
[2025-12-10 08:06:04] Meter 356: Generated 7.337 kWh (encrypted: 334443 bytes, 5.014 ms)
[2025-12-10 08:06:24] Meter 356: Generated 1.003 kWh (encrypted: 334384 bytes, 7.643 ms)
[2025-12-10 08:06:44] Meter 356: Generated 3.527 kWh (encrypted: 334073 bytes, 4.454 ms)
[2025-12-10 08:06:50] NETWORK INFO: Server authentication successful for node: aggregator-001
✓ Aggregator connected: aggregator-001 from 127.0.0.1
✓ Sent 334073 bytes to aggregator-001 (0.34ms)
Session completed with aggregator-001
[2025-12-10 08:07:04] Meter 356: Generated 4.859 kWh (encrypted: 334167 bytes, 4.708 ms)
[2025-12-10 08:07:24] Meter 356: Generated 4.048 kWh (encrypted: 334481 bytes, 6.395 ms)
[2025-12-10 08:07:44] Meter 356: Generated 2.427 kWh (encrypted: 334196 bytes, 4.640 ms)
[2025-12-10 08:07:56] NETWORK INFO: Server authentication successful for node: aggregator-001
✓ Aggregator connected: aggregator-001 from 127.0.0.1
✓ Sent 334196 bytes to aggregator-001 (8.07ms)
Session completed with aggregator-001
[2025-12-10 08:08:04] Meter 356: Generated 7.257 kWh (encrypted: 334401 bytes, 6.486 ms)
[2025-12-10 08:08:24] Meter 356: Generated 6.812 kWh (encrypted: 334369 bytes, 4.848 ms)
[2025-12-10 08:08:44] Meter 356: Generated 7.302 kWh (encrypted: 334453 bytes, 5.064 ms)
[2025-12-10 08:09:01] NETWORK INFO: Server authentication successful for node: aggregator-001
✓ Aggregator connected: aggregator-001 from 127.0.0.1
✓ Sent 334453 bytes to aggregator-001 (5.84ms)
Session completed with aggregator-001
[2025-12-10 08:09:04] Meter 356: Generated 7.377 kWh (encrypted: 334168 bytes, 4.747 ms)
[2025-12-10 08:09:24] Meter 356: Generated 7.588 kWh (encrypted: 334172 bytes, 4.659 ms)
[2025-12-10 08:09:44] Meter 356: Generated 4.938 kWh (encrypted: 334414 bytes, 5.486 ms)
[2025-12-10 08:10:04] Meter 356: Generated 3.947 kWh (encrypted: 334292 bytes, 4.688 ms)
[2025-12-10 08:10:06] NETWORK INFO: Server authentication successful for node: aggregator-001
✓ Aggregator connected: aggregator-001 from 127.0.0.1
✓ Sent 334292 bytes to aggregator-001 (0.36ms)
Session completed with aggregator-001
[2025-12-10 08:10:24] Meter 356: Generated 1.395 kWh (encrypted: 334395 bytes, 4.626 ms)
[2025-12-10 08:10:44] Meter 356: Generated 3.502 kWh (encrypted: 334396 bytes, 4.507 ms)
[2025-12-10 08:11:04] Meter 356: Generated 4.263 kWh (encrypted: 334391 bytes, 4.370 ms)
[2025-12-10 08:11:12] NETWORK INFO: Server authentication successful for node: aggregator-001
✓ Aggregator connected: aggregator-001 from 127.0.0.1
✓ Sent 334391 bytes to aggregator-001 (1.79ms)
Session completed with aggregator-001
[2025-12-10 08:11:24] Meter 356: Generated 1.453 kWh (encrypted: 334130 bytes, 9.473 ms)
[2025-12-10 08:11:44] Meter 356: Generated 4.785 kWh (encrypted: 334032 bytes, 4.464 ms)
[2025-12-10 08:12:04] Meter 356: Generated 6.789 kWh (encrypted: 334380 bytes, 7.451 ms)
[2025-12-10 08:12:17] NETWORK INFO: Server authentication successful for node: aggregator-001
✓ Aggregator connected: aggregator-001 from 127.0.0.1
✓ Sent 334380 bytes to aggregator-001 (1.06ms)
Session completed with aggregator-001
[2025-12-10 08:12:24] Meter 356: Generated 5.894 kWh (encrypted: 334394 bytes, 5.819 ms)

Received shutdown signal. Gracefully shutting down smart meter...
Network server thread stopped
Data generation thread stopped
Smart meter 356 shutdown complete
