=== Continuous Smart Meter Server 408 ===
Initializing for continuous operation...
SEAL context initialized
Loaded certificate: smart-meter-408
Requesting public keys from KDC...
[2025-12-10 08:03:29] NETWORK ERROR: Failed to connect to 127.0.0.1:8444: Connection refused
Error: Failed to connect to KDC at 127.0.0.1:8444
Error: Failed to send key request to KDC
Failed to obtain keys from KDC, falling back to file keys
Loaded keys from fallback files
Cryptographic components initialized
[2025-12-10 08:03:29] NETWORK INFO: Server socket created and listening on port 9408
✓ Smart meter server ready on port 9408
Data transmission interval: 20 seconds (15x accelerated - simulates 5min)
✓ Performance metrics CSV files initialized in performance_data/
Starting continuous smart meter operation...
Press Ctrl+C to stop gracefully
Data generation thread started
Network server thread started on port 9408
[2025-12-10 08:03:36] NETWORK INFO: Server authentication successful for node: aggregator-001
✓ Aggregator connected: aggregator-001 from 127.0.0.1
[2025-12-10 08:03:49] Meter 408: Generated 7.053 kWh (encrypted: 334307 bytes, 5.131 ms)
✓ Sent 334307 bytes to aggregator-001 (0.71ms)
Session completed with aggregator-001
[2025-12-10 08:04:09] Meter 408: Generated 5.815 kWh (encrypted: 334375 bytes, 4.556 ms)
[2025-12-10 08:04:29] Meter 408: Generated 2.815 kWh (encrypted: 334099 bytes, 4.507 ms)
[2025-12-10 08:04:40] NETWORK INFO: Server authentication successful for node: aggregator-001
✓ Aggregator connected: aggregator-001 from 127.0.0.1
✓ Sent 334099 bytes to aggregator-001 (0.34ms)
Session completed with aggregator-001
[2025-12-10 08:04:49] Meter 408: Generated 6.679 kWh (encrypted: 334332 bytes, 8.748 ms)
[2025-12-10 08:05:09] Meter 408: Generated 7.248 kWh (encrypted: 334491 bytes, 6.716 ms)
[2025-12-10 08:05:29] Meter 408: Generated 1.422 kWh (encrypted: 334365 bytes, 4.592 ms)
[2025-12-10 08:05:44] NETWORK INFO: Server authentication successful for node: aggregator-001
✓ Aggregator connected: aggregator-001 from 127.0.0.1
✓ Sent 334365 bytes to aggregator-001 (0.40ms)
Session completed with aggregator-001
[2025-12-10 08:05:49] Meter 408: Generated 1.060 kWh (encrypted: 334199 bytes, 7.165 ms)
[2025-12-10 08:06:09] Meter 408: Generated 7.403 kWh (encrypted: 334074 bytes, 6.574 ms)
[2025-12-10 08:06:29] Meter 408: Generated 7.270 kWh (encrypted: 334379 bytes, 5.190 ms)
[2025-12-10 08:06:49] Meter 408: Generated 1.922 kWh (encrypted: 334176 bytes, 4.648 ms)
[2025-12-10 08:06:50] NETWORK INFO: Server authentication successful for node: aggregator-001
✓ Aggregator connected: aggregator-001 from 127.0.0.1
✓ Sent 334176 bytes to aggregator-001 (33.75ms)
Session completed with aggregator-001
[2025-12-10 08:07:09] Meter 408: Generated 6.789 kWh (encrypted: 334184 bytes, 5.978 ms)
[2025-12-10 08:07:29] Meter 408: Generated 6.146 kWh (encrypted: 334118 bytes, 5.902 ms)
[2025-12-10 08:07:49] Meter 408: Generated 5.899 kWh (encrypted: 334285 bytes, 5.303 ms)
[2025-12-10 08:07:56] NETWORK INFO: Server authentication successful for node: aggregator-001
✓ Aggregator connected: aggregator-001 from 127.0.0.1
✓ Sent 334285 bytes to aggregator-001 (0.36ms)
Session completed with aggregator-001
[2025-12-10 08:08:09] Meter 408: Generated 6.521 kWh (encrypted: 333457 bytes, 10.215 ms)
[2025-12-10 08:08:29] Meter 408: Generated 4.404 kWh (encrypted: 334356 bytes, 4.394 ms)
[2025-12-10 08:08:49] Meter 408: Generated 4.700 kWh (encrypted: 334064 bytes, 4.725 ms)
[2025-12-10 08:09:01] NETWORK INFO: Server authentication successful for node: aggregator-001
✓ Aggregator connected: aggregator-001 from 127.0.0.1
✓ Sent 334064 bytes to aggregator-001 (0.37ms)
Session completed with aggregator-001
[2025-12-10 08:09:09] Meter 408: Generated 0.788 kWh (encrypted: 334555 bytes, 6.433 ms)
[2025-12-10 08:09:29] Meter 408: Generated 4.165 kWh (encrypted: 334415 bytes, 6.113 ms)
[2025-12-10 08:09:49] Meter 408: Generated 4.145 kWh (encrypted: 334404 bytes, 5.671 ms)
[2025-12-10 08:10:06] NETWORK INFO: Server authentication successful for node: aggregator-001
✓ Aggregator connected: aggregator-001 from 127.0.0.1
✓ Sent 334404 bytes to aggregator-001 (0.40ms)
Session completed with aggregator-001
[2025-12-10 08:10:09] Meter 408: Generated 6.114 kWh (encrypted: 334425 bytes, 4.597 ms)
[2025-12-10 08:10:29] Meter 408: Generated 4.740 kWh (encrypted: 334377 bytes, 4.928 ms)
[2025-12-10 08:10:49] Meter 408: Generated 5.753 kWh (encrypted: 334499 bytes, 5.843 ms)
[2025-12-10 08:11:09] Meter 408: Generated 3.525 kWh (encrypted: 333896 bytes, 6.515 ms)
[2025-12-10 08:11:12] NETWORK INFO: Server authentication successful for node: aggregator-001
✓ Aggregator connected: aggregator-001 from 127.0.0.1
✓ Sent 333896 bytes to aggregator-001 (0.40ms)
Session completed with aggregator-001
[2025-12-10 08:11:29] Meter 408: Generated 3.576 kWh (encrypted: 334237 bytes, 4.872 ms)
[2025-12-10 08:11:49] Meter 408: Generated 2.713 kWh (encrypted: 334203 bytes, 4.724 ms)
[2025-12-10 08:12:09] Meter 408: Generated 4.874 kWh (encrypted: 334173 bytes, 6.546 ms)
[2025-12-10 08:12:17] NETWORK INFO: Server authentication successful for node: aggregator-001
✓ Aggregator connected: aggregator-001 from 127.0.0.1
✓ Sent 334173 bytes to aggregator-001 (1.96ms)
Session completed with aggregator-001
[2025-12-10 08:12:29] Meter 408: Generated 3.247 kWh (encrypted: 334168 bytes, 6.709 ms)

Received shutdown signal. Gracefully shutting down smart meter...
Network server thread stopped
Data generation thread stopped
Smart meter 408 shutdown complete
