=== Continuous Smart Meter Server 213 ===
Initializing for continuous operation...
SEAL context initialized
Loaded certificate: smart-meter-213
Requesting public keys from KDC...
[2025-12-10 07:59:26] NETWORK ERROR: Failed to connect to 127.0.0.1:8444: Connection refused
Error: Failed to connect to KDC at 127.0.0.1:8444
Error: Failed to send key request to KDC
Failed to obtain keys from KDC, falling back to file keys
Loaded keys from fallback files
Cryptographic components initialized
[2025-12-10 07:59:26] NETWORK INFO: Server socket created and listening on port 9213
✓ Smart meter server ready on port 9213
Data transmission interval: 20 seconds (15x accelerated - simulates 5min)
✓ Performance metrics CSV files initialized in performance_data/
Starting continuous smart meter operation...
Press Ctrl+C to stop gracefully
Data generation thread started
Network server thread started on port 9213
[2025-12-10 07:59:26] NETWORK INFO: Server authentication successful for node: aggregator-001
✓ Aggregator connected: aggregator-001 from 127.0.0.1
[2025-12-10 07:59:46] Meter 213: Generated 7.096 kWh (encrypted: 334177 bytes, 5.588 ms)
✓ Sent 334177 bytes to aggregator-001 (1.05ms)
Session completed with aggregator-001
[2025-12-10 08:00:06] Meter 213: Generated 3.328 kWh (encrypted: 334341 bytes, 5.437 ms)
[2025-12-10 08:00:26] Meter 213: Generated 4.430 kWh (encrypted: 334340 bytes, 4.893 ms)
[2025-12-10 08:00:28] NETWORK INFO: Server authentication successful for node: aggregator-001
✓ Aggregator connected: aggregator-001 from 127.0.0.1
✓ Sent 334340 bytes to aggregator-001 (0.40ms)
Session completed with aggregator-001
[2025-12-10 08:00:46] Meter 213: Generated 5.027 kWh (encrypted: 334209 bytes, 4.525 ms)
[2025-12-10 08:01:06] Meter 213: Generated 7.403 kWh (encrypted: 334326 bytes, 5.541 ms)
[2025-12-10 08:01:26] Meter 213: Generated 6.879 kWh (encrypted: 334385 bytes, 7.036 ms)
[2025-12-10 08:01:31] NETWORK INFO: Server authentication successful for node: aggregator-001
✓ Aggregator connected: aggregator-001 from 127.0.0.1
✓ Sent 334385 bytes to aggregator-001 (3.35ms)
Session completed with aggregator-001
[2025-12-10 08:01:46] Meter 213: Generated 1.418 kWh (encrypted: 334475 bytes, 6.032 ms)
[2025-12-10 08:02:06] Meter 213: Generated 3.861 kWh (encrypted: 334163 bytes, 4.817 ms)
[2025-12-10 08:02:26] Meter 213: Generated 4.347 kWh (encrypted: 333277 bytes, 4.860 ms)
[2025-12-10 08:02:33] NETWORK INFO: Server authentication successful for node: aggregator-001
✓ Aggregator connected: aggregator-001 from 127.0.0.1
✓ Sent 333277 bytes to aggregator-001 (0.36ms)
Session completed with aggregator-001
[2025-12-10 08:02:46] Meter 213: Generated 5.954 kWh (encrypted: 334331 bytes, 4.595 ms)
[2025-12-10 08:03:06] Meter 213: Generated 3.560 kWh (encrypted: 334341 bytes, 4.949 ms)
[2025-12-10 08:03:26] Meter 213: Generated 4.393 kWh (encrypted: 334435 bytes, 5.160 ms)
[2025-12-10 08:03:36] NETWORK INFO: Server authentication successful for node: aggregator-001
✓ Aggregator connected: aggregator-001 from 127.0.0.1
✓ Sent 334435 bytes to aggregator-001 (0.46ms)
Session completed with aggregator-001
[2025-12-10 08:03:46] Meter 213: Generated 5.091 kWh (encrypted: 334332 bytes, 4.664 ms)
[2025-12-10 08:04:06] Meter 213: Generated 4.843 kWh (encrypted: 334285 bytes, 4.570 ms)
[2025-12-10 08:04:26] Meter 213: Generated 6.593 kWh (encrypted: 334379 bytes, 4.461 ms)
[2025-12-10 08:04:39] NETWORK INFO: Server authentication successful for node: aggregator-001
✓ Aggregator connected: aggregator-001 from 127.0.0.1
✓ Sent 334379 bytes to aggregator-001 (0.36ms)
Session completed with aggregator-001
[2025-12-10 08:04:46] Meter 213: Generated 6.046 kWh (encrypted: 334433 bytes, 4.578 ms)
[2025-12-10 08:05:06] Meter 213: Generated 1.227 kWh (encrypted: 334395 bytes, 4.647 ms)
[2025-12-10 08:05:26] Meter 213: Generated 3.377 kWh (encrypted: 334308 bytes, 12.102 ms)
[2025-12-10 08:05:44] NETWORK INFO: Server authentication successful for node: aggregator-001
✓ Aggregator connected: aggregator-001 from 127.0.0.1
✓ Sent 334308 bytes to aggregator-001 (0.39ms)
Session completed with aggregator-001
[2025-12-10 08:05:46] Meter 213: Generated 1.108 kWh (encrypted: 334542 bytes, 4.394 ms)
[2025-12-10 08:06:06] Meter 213: Generated 6.971 kWh (encrypted: 333893 bytes, 6.135 ms)
[2025-12-10 08:06:26] Meter 213: Generated 2.377 kWh (encrypted: 334430 bytes, 4.650 ms)
[2025-12-10 08:06:46] Meter 213: Generated 3.580 kWh (encrypted: 333740 bytes, 6.831 ms)
[2025-12-10 08:06:50] NETWORK INFO: Server authentication successful for node: aggregator-001
✓ Aggregator connected: aggregator-001 from 127.0.0.1
✓ Sent 333740 bytes to aggregator-001 (26.99ms)
Session completed with aggregator-001
[2025-12-10 08:07:06] Meter 213: Generated 1.773 kWh (encrypted: 334301 bytes, 6.204 ms)
[2025-12-10 08:07:26] Meter 213: Generated 5.861 kWh (encrypted: 334382 bytes, 4.477 ms)
[2025-12-10 08:07:46] Meter 213: Generated 3.143 kWh (encrypted: 334490 bytes, 4.743 ms)
[2025-12-10 08:07:56] NETWORK INFO: Server authentication successful for node: aggregator-001
✓ Aggregator connected: aggregator-001 from 127.0.0.1
✓ Sent 334490 bytes to aggregator-001 (0.39ms)
Session completed with aggregator-001
[2025-12-10 08:08:06] Meter 213: Generated 4.832 kWh (encrypted: 334386 bytes, 4.676 ms)
[2025-12-10 08:08:26] Meter 213: Generated 2.164 kWh (encrypted: 334403 bytes, 4.681 ms)
[2025-12-10 08:08:46] Meter 213: Generated 5.707 kWh (encrypted: 334384 bytes, 4.674 ms)
[2025-12-10 08:09:01] NETWORK INFO: Server authentication successful for node: aggregator-001
✓ Aggregator connected: aggregator-001 from 127.0.0.1
✓ Sent 334384 bytes to aggregator-001 (5.84ms)
Session completed with aggregator-001
[2025-12-10 08:09:06] Meter 213: Generated 2.096 kWh (encrypted: 334430 bytes, 7.112 ms)
[2025-12-10 08:09:26] Meter 213: Generated 6.552 kWh (encrypted: 334132 bytes, 4.929 ms)
[2025-12-10 08:09:46] Meter 213: Generated 5.320 kWh (encrypted: 334384 bytes, 22.419 ms)
[2025-12-10 08:10:06] NETWORK INFO: Server authentication successful for node: aggregator-001
✓ Aggregator connected: aggregator-001 from 127.0.0.1
✓ Sent 334384 bytes to aggregator-001 (0.36ms)
Session completed with aggregator-001
[2025-12-10 08:10:06] Meter 213: Generated 4.812 kWh (encrypted: 334259 bytes, 8.054 ms)
[2025-12-10 08:10:26] Meter 213: Generated 1.368 kWh (encrypted: 334395 bytes, 7.205 ms)
[2025-12-10 08:10:46] Meter 213: Generated 3.590 kWh (encrypted: 334179 bytes, 4.538 ms)
[2025-12-10 08:11:06] Meter 213: Generated 1.714 kWh (encrypted: 333971 bytes, 5.144 ms)
[2025-12-10 08:11:12] NETWORK INFO: Server authentication successful for node: aggregator-001
✓ Aggregator connected: aggregator-001 from 127.0.0.1
✓ Sent 333971 bytes to aggregator-001 (0.89ms)
Session completed with aggregator-001
[2025-12-10 08:11:26] Meter 213: Generated 5.943 kWh (encrypted: 334282 bytes, 6.902 ms)
[2025-12-10 08:11:46] Meter 213: Generated 4.557 kWh (encrypted: 334410 bytes, 7.575 ms)
[2025-12-10 08:12:06] Meter 213: Generated 6.847 kWh (encrypted: 334462 bytes, 4.927 ms)
[2025-12-10 08:12:17] NETWORK INFO: Server authentication successful for node: aggregator-001
✓ Aggregator connected: aggregator-001 from 127.0.0.1
✓ Sent 334462 bytes to aggregator-001 (0.38ms)
Session completed with aggregator-001
[2025-12-10 08:12:26] Meter 213: Generated 6.897 kWh (encrypted: 334256 bytes, 6.676 ms)

Received shutdown signal. Gracefully shutting down smart meter...
Data generation thread stopped
Network server thread stopped
Smart meter 213 shutdown complete
