=== Continuous Smart Meter Server 397 ===
Initializing for continuous operation...
SEAL context initialized
Loaded certificate: smart-meter-397
Requesting public keys from KDC...
[2025-12-10 08:03:15] NETWORK ERROR: Failed to connect to 127.0.0.1:8444: Connection refused
Error: Failed to connect to KDC at 127.0.0.1:8444
Error: Failed to send key request to KDC
Failed to obtain keys from KDC, falling back to file keys
Loaded keys from fallback files
Cryptographic components initialized
[2025-12-10 08:03:15] NETWORK INFO: Server socket created and listening on port 9397
✓ Smart meter server ready on port 9397
Data transmission interval: 20 seconds (15x accelerated - simulates 5min)
✓ Performance metrics CSV files initialized in performance_data/
Starting continuous smart meter operation...
Press Ctrl+C to stop gracefully
Data generation thread started
Network server thread started on port 9397
[2025-12-10 08:03:35] Meter 397: Generated 0.862 kWh (encrypted: 333713 bytes, 5.049 ms)
[2025-12-10 08:03:36] NETWORK INFO: Server authentication successful for node: aggregator-001
✓ Aggregator connected: aggregator-001 from 127.0.0.1
✓ Sent 333713 bytes to aggregator-001 (2.10ms)
Session completed with aggregator-001
[2025-12-10 08:03:55] Meter 397: Generated 3.977 kWh (encrypted: 334415 bytes, 5.176 ms)
[2025-12-10 08:04:15] Meter 397: Generated 6.407 kWh (encrypted: 334329 bytes, 5.927 ms)
[2025-12-10 08:04:35] Meter 397: Generated 4.153 kWh (encrypted: 334393 bytes, 6.122 ms)
[2025-12-10 08:04:39] NETWORK INFO: Server authentication successful for node: aggregator-001
✓ Aggregator connected: aggregator-001 from 127.0.0.1
✓ Sent 334393 bytes to aggregator-001 (11.36ms)
Session completed with aggregator-001
[2025-12-10 08:04:55] Meter 397: Generated 1.049 kWh (encrypted: 334320 bytes, 5.087 ms)
[2025-12-10 08:05:15] Meter 397: Generated 5.177 kWh (encrypted: 334411 bytes, 7.386 ms)
[2025-12-10 08:05:35] Meter 397: Generated 2.817 kWh (encrypted: 334055 bytes, 5.006 ms)
[2025-12-10 08:05:44] NETWORK INFO: Server authentication successful for node: aggregator-001
✓ Aggregator connected: aggregator-001 from 127.0.0.1
✓ Sent 334055 bytes to aggregator-001 (7.03ms)
Session completed with aggregator-001
[2025-12-10 08:05:55] Meter 397: Generated 1.953 kWh (encrypted: 334333 bytes, 6.688 ms)
[2025-12-10 08:06:15] Meter 397: Generated 5.092 kWh (encrypted: 334435 bytes, 4.811 ms)
[2025-12-10 08:06:35] Meter 397: Generated 4.391 kWh (encrypted: 334276 bytes, 36.100 ms)
[2025-12-10 08:06:50] NETWORK INFO: Server authentication successful for node: aggregator-001
✓ Aggregator connected: aggregator-001 from 127.0.0.1
✓ Sent 334276 bytes to aggregator-001 (1.84ms)
Session completed with aggregator-001
[2025-12-10 08:06:55] Meter 397: Generated 3.517 kWh (encrypted: 334138 bytes, 7.625 ms)
[2025-12-10 08:07:15] Meter 397: Generated 4.125 kWh (encrypted: 334302 bytes, 7.411 ms)
[2025-12-10 08:07:35] Meter 397: Generated 4.259 kWh (encrypted: 334362 bytes, 4.792 ms)
[2025-12-10 08:07:55] Meter 397: Generated 7.155 kWh (encrypted: 334358 bytes, 8.662 ms)
[2025-12-10 08:07:56] NETWORK INFO: Server authentication successful for node: aggregator-001
✓ Aggregator connected: aggregator-001 from 127.0.0.1
✓ Sent 334358 bytes to aggregator-001 (0.36ms)
Session completed with aggregator-001
[2025-12-10 08:08:15] Meter 397: Generated 2.886 kWh (encrypted: 334305 bytes, 6.968 ms)
[2025-12-10 08:08:35] Meter 397: Generated 6.949 kWh (encrypted: 334185 bytes, 5.300 ms)
[2025-12-10 08:08:55] Meter 397: Generated 5.930 kWh (encrypted: 334187 bytes, 13.821 ms)
[2025-12-10 08:09:01] NETWORK INFO: Server authentication successful for node: aggregator-001
✓ Aggregator connected: aggregator-001 from 127.0.0.1
✓ Sent 334187 bytes to aggregator-001 (29.37ms)
Session completed with aggregator-001
[2025-12-10 08:09:15] Meter 397: Generated 4.385 kWh (encrypted: 334292 bytes, 6.724 ms)
[2025-12-10 08:09:35] Meter 397: Generated 5.366 kWh (encrypted: 334210 bytes, 7.508 ms)
[2025-12-10 08:09:55] Meter 397: Generated 7.276 kWh (encrypted: 334466 bytes, 7.341 ms)
[2025-12-10 08:10:06] NETWORK INFO: Server authentication successful for node: aggregator-001
✓ Aggregator connected: aggregator-001 from 127.0.0.1
✓ Sent 334466 bytes to aggregator-001 (12.43ms)
Session completed with aggregator-001
[2025-12-10 08:10:15] Meter 397: Generated 6.747 kWh (encrypted: 334380 bytes, 6.355 ms)
[2025-12-10 08:10:35] Meter 397: Generated 5.325 kWh (encrypted: 334239 bytes, 6.337 ms)
[2025-12-10 08:10:55] Meter 397: Generated 6.807 kWh (encrypted: 334385 bytes, 5.020 ms)
[2025-12-10 08:11:12] NETWORK INFO: Server authentication successful for node: aggregator-001
✓ Aggregator connected: aggregator-001 from 127.0.0.1
✓ Sent 334385 bytes to aggregator-001 (0.42ms)
Session completed with aggregator-001
[2025-12-10 08:11:15] Meter 397: Generated 1.256 kWh (encrypted: 334220 bytes, 7.207 ms)
[2025-12-10 08:11:35] Meter 397: Generated 4.995 kWh (encrypted: 334111 bytes, 9.023 ms)
[2025-12-10 08:11:55] Meter 397: Generated 1.181 kWh (encrypted: 334552 bytes, 6.650 ms)
[2025-12-10 08:12:15] Meter 397: Generated 3.082 kWh (encrypted: 334301 bytes, 9.876 ms)
[2025-12-10 08:12:17] NETWORK INFO: Server authentication successful for node: aggregator-001
✓ Aggregator connected: aggregator-001 from 127.0.0.1
✓ Sent 334301 bytes to aggregator-001 (3.36ms)
Session completed with aggregator-001

Received shutdown signal. Gracefully shutting down smart meter...
Network server thread stopped
Data generation thread stopped
Smart meter 397 shutdown complete
