=== Continuous Smart Meter Server 211 ===
Initializing for continuous operation...
SEAL context initialized
Loaded certificate: smart-meter-211
Requesting public keys from KDC...
[2025-12-10 07:59:24] NETWORK ERROR: Failed to connect to 127.0.0.1:8444: Connection refused
Error: Failed to connect to KDC at 127.0.0.1:8444
Error: Failed to send key request to KDC
Failed to obtain keys from KDC, falling back to file keys
Loaded keys from fallback files
Cryptographic components initialized
[2025-12-10 07:59:24] NETWORK INFO: Server socket created and listening on port 9211
✓ Smart meter server ready on port 9211
Data transmission interval: 20 seconds (15x accelerated - simulates 5min)
✓ Performance metrics CSV files initialized in performance_data/
Starting continuous smart meter operation...
Press Ctrl+C to stop gracefully
Data generation thread started
Network server thread started on port 9211
[2025-12-10 07:59:26] NETWORK INFO: Server authentication successful for node: aggregator-001
✓ Aggregator connected: aggregator-001 from 127.0.0.1
[2025-12-10 07:59:44] Meter 211: Generated 0.917 kWh (encrypted: 334440 bytes, 5.767 ms)
✓ Sent 334440 bytes to aggregator-001 (0.70ms)
Session completed with aggregator-001
[2025-12-10 08:00:04] Meter 211: Generated 6.952 kWh (encrypted: 334378 bytes, 4.860 ms)
[2025-12-10 08:00:24] Meter 211: Generated 5.860 kWh (encrypted: 334565 bytes, 5.539 ms)
[2025-12-10 08:00:28] NETWORK INFO: Server authentication successful for node: aggregator-001
✓ Aggregator connected: aggregator-001 from 127.0.0.1
✓ Sent 334565 bytes to aggregator-001 (8.40ms)
Session completed with aggregator-001
[2025-12-10 08:00:44] Meter 211: Generated 1.781 kWh (encrypted: 334384 bytes, 5.652 ms)
[2025-12-10 08:01:04] Meter 211: Generated 4.109 kWh (encrypted: 334175 bytes, 4.642 ms)
[2025-12-10 08:01:24] Meter 211: Generated 3.969 kWh (encrypted: 334277 bytes, 4.350 ms)
[2025-12-10 08:01:31] NETWORK INFO: Server authentication successful for node: aggregator-001
✓ Aggregator connected: aggregator-001 from 127.0.0.1
✓ Sent 334277 bytes to aggregator-001 (0.36ms)
Session completed with aggregator-001
[2025-12-10 08:01:44] Meter 211: Generated 2.442 kWh (encrypted: 334217 bytes, 6.369 ms)
[2025-12-10 08:02:04] Meter 211: Generated 0.960 kWh (encrypted: 334269 bytes, 5.519 ms)
[2025-12-10 08:02:24] Meter 211: Generated 1.670 kWh (encrypted: 334323 bytes, 4.339 ms)
[2025-12-10 08:02:33] NETWORK INFO: Server authentication successful for node: aggregator-001
✓ Aggregator connected: aggregator-001 from 127.0.0.1
✓ Sent 334323 bytes to aggregator-001 (0.41ms)
Session completed with aggregator-001
[2025-12-10 08:02:44] Meter 211: Generated 5.167 kWh (encrypted: 334084 bytes, 4.931 ms)
[2025-12-10 08:03:04] Meter 211: Generated 6.193 kWh (encrypted: 334351 bytes, 4.649 ms)
[2025-12-10 08:03:24] Meter 211: Generated 2.254 kWh (encrypted: 334232 bytes, 4.584 ms)
[2025-12-10 08:03:36] NETWORK INFO: Server authentication successful for node: aggregator-001
✓ Aggregator connected: aggregator-001 from 127.0.0.1
✓ Sent 334232 bytes to aggregator-001 (0.38ms)
Session completed with aggregator-001
[2025-12-10 08:03:44] Meter 211: Generated 4.422 kWh (encrypted: 334261 bytes, 4.276 ms)
[2025-12-10 08:04:04] Meter 211: Generated 4.797 kWh (encrypted: 334289 bytes, 4.328 ms)
[2025-12-10 08:04:24] Meter 211: Generated 3.197 kWh (encrypted: 334130 bytes, 5.219 ms)
[2025-12-10 08:04:39] NETWORK INFO: Server authentication successful for node: aggregator-001
✓ Aggregator connected: aggregator-001 from 127.0.0.1
✓ Sent 334130 bytes to aggregator-001 (0.39ms)
Session completed with aggregator-001
[2025-12-10 08:04:44] Meter 211: Generated 4.862 kWh (encrypted: 334426 bytes, 4.760 ms)
[2025-12-10 08:05:04] Meter 211: Generated 2.988 kWh (encrypted: 334354 bytes, 6.373 ms)
[2025-12-10 08:05:24] Meter 211: Generated 2.613 kWh (encrypted: 334062 bytes, 4.869 ms)
[2025-12-10 08:05:44] Meter 211: Generated 6.642 kWh (encrypted: 334394 bytes, 4.740 ms)
[2025-12-10 08:05:44] NETWORK INFO: Server authentication successful for node: aggregator-001
✓ Aggregator connected: aggregator-001 from 127.0.0.1
✓ Sent 334394 bytes to aggregator-001 (2.36ms)
Session completed with aggregator-001
[2025-12-10 08:06:04] Meter 211: Generated 3.775 kWh (encrypted: 334312 bytes, 4.442 ms)
[2025-12-10 08:06:24] Meter 211: Generated 6.928 kWh (encrypted: 334444 bytes, 6.588 ms)
[2025-12-10 08:06:44] Meter 211: Generated 2.411 kWh (encrypted: 334266 bytes, 4.325 ms)
[2025-12-10 08:06:50] NETWORK INFO: Server authentication successful for node: aggregator-001
✓ Aggregator connected: aggregator-001 from 127.0.0.1
✓ Sent 334266 bytes to aggregator-001 (2.73ms)
Session completed with aggregator-001
[2025-12-10 08:07:04] Meter 211: Generated 0.971 kWh (encrypted: 334379 bytes, 4.428 ms)
[2025-12-10 08:07:24] Meter 211: Generated 1.218 kWh (encrypted: 334425 bytes, 6.611 ms)
[2025-12-10 08:07:44] Meter 211: Generated 7.153 kWh (encrypted: 334199 bytes, 4.457 ms)
[2025-12-10 08:07:56] NETWORK INFO: Server authentication successful for node: aggregator-001
✓ Aggregator connected: aggregator-001 from 127.0.0.1
✓ Sent 334199 bytes to aggregator-001 (0.41ms)
Session completed with aggregator-001
[2025-12-10 08:08:04] Meter 211: Generated 5.412 kWh (encrypted: 334247 bytes, 4.463 ms)
[2025-12-10 08:08:24] Meter 211: Generated 5.700 kWh (encrypted: 334168 bytes, 4.404 ms)
[2025-12-10 08:08:44] Meter 211: Generated 4.128 kWh (encrypted: 334276 bytes, 4.270 ms)
[2025-12-10 08:09:01] NETWORK INFO: Server authentication successful for node: aggregator-001
✓ Aggregator connected: aggregator-001 from 127.0.0.1
✓ Sent 334276 bytes to aggregator-001 (0.38ms)
Session completed with aggregator-001
[2025-12-10 08:09:04] Meter 211: Generated 5.447 kWh (encrypted: 334330 bytes, 4.853 ms)
[2025-12-10 08:09:24] Meter 211: Generated 1.045 kWh (encrypted: 334446 bytes, 4.639 ms)
[2025-12-10 08:09:44] Meter 211: Generated 6.920 kWh (encrypted: 334360 bytes, 4.939 ms)
[2025-12-10 08:10:04] Meter 211: Generated 4.615 kWh (encrypted: 334071 bytes, 6.081 ms)
[2025-12-10 08:10:06] NETWORK INFO: Server authentication successful for node: aggregator-001
✓ Aggregator connected: aggregator-001 from 127.0.0.1
✓ Sent 334071 bytes to aggregator-001 (6.14ms)
Session completed with aggregator-001
[2025-12-10 08:10:24] Meter 211: Generated 7.413 kWh (encrypted: 334326 bytes, 4.415 ms)
[2025-12-10 08:10:44] Meter 211: Generated 6.003 kWh (encrypted: 334304 bytes, 6.584 ms)
[2025-12-10 08:11:04] Meter 211: Generated 6.601 kWh (encrypted: 334325 bytes, 11.277 ms)
[2025-12-10 08:11:12] NETWORK INFO: Server authentication successful for node: aggregator-001
✓ Aggregator connected: aggregator-001 from 127.0.0.1
✓ Sent 334325 bytes to aggregator-001 (0.36ms)
Session completed with aggregator-001
[2025-12-10 08:11:24] Meter 211: Generated 6.571 kWh (encrypted: 334325 bytes, 4.923 ms)
[2025-12-10 08:11:44] Meter 211: Generated 2.806 kWh (encrypted: 334445 bytes, 4.888 ms)
[2025-12-10 08:12:04] Meter 211: Generated 4.406 kWh (encrypted: 334195 bytes, 8.141 ms)
[2025-12-10 08:12:17] NETWORK INFO: Server authentication successful for node: aggregator-001
✓ Aggregator connected: aggregator-001 from 127.0.0.1
✓ Sent 334195 bytes to aggregator-001 (0.36ms)
Session completed with aggregator-001
[2025-12-10 08:12:24] Meter 211: Generated 2.422 kWh (encrypted: 334276 bytes, 6.292 ms)

Received shutdown signal. Gracefully shutting down smart meter...
Network server thread stopped
Data generation thread stopped
Smart meter 211 shutdown complete
