=== Continuous Smart Meter Server 402 ===
Initializing for continuous operation...
SEAL context initialized
Loaded certificate: smart-meter-402
Requesting public keys from KDC...
[2025-12-10 08:03:21] NETWORK ERROR: Failed to connect to 127.0.0.1:8444: Connection refused
Error: Failed to connect to KDC at 127.0.0.1:8444
Error: Failed to send key request to KDC
Failed to obtain keys from KDC, falling back to file keys
Loaded keys from fallback files
Cryptographic components initialized
[2025-12-10 08:03:21] NETWORK INFO: Server socket created and listening on port 9402
✓ Smart meter server ready on port 9402
Data transmission interval: 20 seconds (15x accelerated - simulates 5min)
✓ Performance metrics CSV files initialized in performance_data/
Starting continuous smart meter operation...
Press Ctrl+C to stop gracefully
Data generation thread started
Network server thread started on port 9402
[2025-12-10 08:03:36] NETWORK INFO: Server authentication successful for node: aggregator-001
✓ Aggregator connected: aggregator-001 from 127.0.0.1
[2025-12-10 08:03:41] Meter 402: Generated 2.795 kWh (encrypted: 334427 bytes, 5.144 ms)
✓ Sent 334427 bytes to aggregator-001 (0.73ms)
Session completed with aggregator-001
[2025-12-10 08:04:01] Meter 402: Generated 1.628 kWh (encrypted: 334155 bytes, 4.480 ms)
[2025-12-10 08:04:21] Meter 402: Generated 1.042 kWh (encrypted: 334080 bytes, 4.681 ms)
[2025-12-10 08:04:39] NETWORK INFO: Server authentication successful for node: aggregator-001
✓ Aggregator connected: aggregator-001 from 127.0.0.1
✓ Sent 334080 bytes to aggregator-001 (0.36ms)
Session completed with aggregator-001
[2025-12-10 08:04:41] Meter 402: Generated 6.508 kWh (encrypted: 334367 bytes, 4.744 ms)
[2025-12-10 08:05:01] Meter 402: Generated 1.365 kWh (encrypted: 334432 bytes, 4.445 ms)
[2025-12-10 08:05:21] Meter 402: Generated 4.604 kWh (encrypted: 334321 bytes, 4.603 ms)
[2025-12-10 08:05:41] Meter 402: Generated 2.489 kWh (encrypted: 334135 bytes, 4.809 ms)
[2025-12-10 08:05:44] NETWORK INFO: Server authentication successful for node: aggregator-001
✓ Aggregator connected: aggregator-001 from 127.0.0.1
✓ Sent 334135 bytes to aggregator-001 (5.99ms)
Session completed with aggregator-001
[2025-12-10 08:06:01] Meter 402: Generated 1.449 kWh (encrypted: 334508 bytes, 6.184 ms)
[2025-12-10 08:06:21] Meter 402: Generated 2.356 kWh (encrypted: 334250 bytes, 6.385 ms)
[2025-12-10 08:06:41] Meter 402: Generated 6.608 kWh (encrypted: 334453 bytes, 6.431 ms)
[2025-12-10 08:06:50] NETWORK INFO: Server authentication successful for node: aggregator-001
✓ Aggregator connected: aggregator-001 from 127.0.0.1
✓ Sent 334453 bytes to aggregator-001 (6.61ms)
Session completed with aggregator-001
[2025-12-10 08:07:01] Meter 402: Generated 6.185 kWh (encrypted: 334209 bytes, 4.595 ms)
[2025-12-10 08:07:21] Meter 402: Generated 2.480 kWh (encrypted: 334420 bytes, 6.339 ms)
[2025-12-10 08:07:41] Meter 402: Generated 2.001 kWh (encrypted: 334276 bytes, 4.653 ms)
[2025-12-10 08:07:56] NETWORK INFO: Server authentication successful for node: aggregator-001
✓ Aggregator connected: aggregator-001 from 127.0.0.1
✓ Sent 334276 bytes to aggregator-001 (0.54ms)
Session completed with aggregator-001
[2025-12-10 08:08:01] Meter 402: Generated 6.028 kWh (encrypted: 334231 bytes, 7.016 ms)
[2025-12-10 08:08:21] Meter 402: Generated 4.978 kWh (encrypted: 334418 bytes, 7.179 ms)
[2025-12-10 08:08:41] Meter 402: Generated 2.928 kWh (encrypted: 334418 bytes, 5.797 ms)
[2025-12-10 08:09:01] NETWORK INFO: Server authentication successful for node: aggregator-001
✓ Aggregator connected: aggregator-001 from 127.0.0.1
✓ Sent 334418 bytes to aggregator-001 (2.78ms)
Session completed with aggregator-001
[2025-12-10 08:09:01] Meter 402: Generated 3.637 kWh (encrypted: 334445 bytes, 4.521 ms)
[2025-12-10 08:09:21] Meter 402: Generated 6.277 kWh (encrypted: 333935 bytes, 4.792 ms)
[2025-12-10 08:09:41] Meter 402: Generated 1.193 kWh (encrypted: 334371 bytes, 4.822 ms)
[2025-12-10 08:10:01] Meter 402: Generated 0.877 kWh (encrypted: 334279 bytes, 4.781 ms)
[2025-12-10 08:10:06] NETWORK INFO: Server authentication successful for node: aggregator-001
✓ Aggregator connected: aggregator-001 from 127.0.0.1
✓ Sent 334279 bytes to aggregator-001 (0.42ms)
Session completed with aggregator-001
[2025-12-10 08:10:21] Meter 402: Generated 4.038 kWh (encrypted: 334364 bytes, 4.578 ms)
[2025-12-10 08:10:41] Meter 402: Generated 5.137 kWh (encrypted: 334348 bytes, 4.756 ms)
[2025-12-10 08:11:01] Meter 402: Generated 5.970 kWh (encrypted: 334265 bytes, 4.643 ms)
[2025-12-10 08:11:12] NETWORK INFO: Server authentication successful for node: aggregator-001
✓ Aggregator connected: aggregator-001 from 127.0.0.1
✓ Sent 334265 bytes to aggregator-001 (0.80ms)
Session completed with aggregator-001
[2025-12-10 08:11:21] Meter 402: Generated 6.925 kWh (encrypted: 334172 bytes, 5.409 ms)
[2025-12-10 08:11:41] Meter 402: Generated 5.925 kWh (encrypted: 334367 bytes, 6.579 ms)
[2025-12-10 08:12:01] Meter 402: Generated 3.739 kWh (encrypted: 334122 bytes, 4.622 ms)
[2025-12-10 08:12:17] NETWORK INFO: Server authentication successful for node: aggregator-001
✓ Aggregator connected: aggregator-001 from 127.0.0.1
✓ Sent 334122 bytes to aggregator-001 (2.83ms)
Session completed with aggregator-001
[2025-12-10 08:12:21] Meter 402: Generated 4.152 kWh (encrypted: 334498 bytes, 4.764 ms)

Received shutdown signal. Gracefully shutting down smart meter...
Network server thread stopped
Data generation thread stopped
Smart meter 402 shutdown complete
