=== Continuous Smart Meter Server 424 ===
Initializing for continuous operation...
SEAL context initialized
Loaded certificate: smart-meter-424
Requesting public keys from KDC...
[2025-12-10 08:03:49] NETWORK ERROR: Failed to connect to 127.0.0.1:8444: Connection refused
Error: Failed to connect to KDC at 127.0.0.1:8444
Error: Failed to send key request to KDC
Failed to obtain keys from KDC, falling back to file keys
Loaded keys from fallback files
Cryptographic components initialized
[2025-12-10 08:03:49] NETWORK INFO: Server socket created and listening on port 9424
✓ Smart meter server ready on port 9424
Data transmission interval: 20 seconds (15x accelerated - simulates 5min)
✓ Performance metrics CSV files initialized in performance_data/
Starting continuous smart meter operation...
Press Ctrl+C to stop gracefully
Data generation thread started
Network server thread started on port 9424
[2025-12-10 08:04:09] Meter 424: Generated 4.396 kWh (encrypted: 334464 bytes, 6.996 ms)
[2025-12-10 08:04:29] Meter 424: Generated 6.103 kWh (encrypted: 334450 bytes, 5.756 ms)
[2025-12-10 08:04:40] NETWORK INFO: Server authentication successful for node: aggregator-001
✓ Aggregator connected: aggregator-001 from 127.0.0.1
✓ Sent 334450 bytes to aggregator-001 (0.72ms)
Session completed with aggregator-001
[2025-12-10 08:04:49] Meter 424: Generated 6.847 kWh (encrypted: 334147 bytes, 4.654 ms)
[2025-12-10 08:05:09] Meter 424: Generated 1.713 kWh (encrypted: 334410 bytes, 4.453 ms)
[2025-12-10 08:05:29] Meter 424: Generated 1.197 kWh (encrypted: 334465 bytes, 4.614 ms)
[2025-12-10 08:05:44] NETWORK INFO: Server authentication successful for node: aggregator-001
✓ Aggregator connected: aggregator-001 from 127.0.0.1
✓ Sent 334465 bytes to aggregator-001 (11.10ms)
Session completed with aggregator-001
[2025-12-10 08:05:49] Meter 424: Generated 2.140 kWh (encrypted: 334508 bytes, 8.280 ms)
[2025-12-10 08:06:09] Meter 424: Generated 5.638 kWh (encrypted: 334166 bytes, 7.160 ms)
[2025-12-10 08:06:29] Meter 424: Generated 4.459 kWh (encrypted: 334250 bytes, 7.126 ms)
[2025-12-10 08:06:49] Meter 424: Generated 1.729 kWh (encrypted: 334380 bytes, 7.638 ms)
[2025-12-10 08:06:50] NETWORK INFO: Server authentication successful for node: aggregator-001
✓ Aggregator connected: aggregator-001 from 127.0.0.1
✓ Sent 334380 bytes to aggregator-001 (1.09ms)
Session completed with aggregator-001
[2025-12-10 08:07:09] Meter 424: Generated 2.700 kWh (encrypted: 334351 bytes, 12.774 ms)
[2025-12-10 08:07:29] Meter 424: Generated 1.255 kWh (encrypted: 334516 bytes, 7.198 ms)
[2025-12-10 08:07:49] Meter 424: Generated 3.477 kWh (encrypted: 334383 bytes, 4.918 ms)
[2025-12-10 08:07:56] NETWORK INFO: Server authentication successful for node: aggregator-001
✓ Aggregator connected: aggregator-001 from 127.0.0.1
✓ Sent 334383 bytes to aggregator-001 (0.38ms)
Session completed with aggregator-001
[2025-12-10 08:08:09] Meter 424: Generated 3.664 kWh (encrypted: 334490 bytes, 7.517 ms)
[2025-12-10 08:08:29] Meter 424: Generated 5.034 kWh (encrypted: 334192 bytes, 7.262 ms)
[2025-12-10 08:08:49] Meter 424: Generated 1.057 kWh (encrypted: 334429 bytes, 7.341 ms)
[2025-12-10 08:09:01] NETWORK INFO: Server authentication successful for node: aggregator-001
✓ Aggregator connected: aggregator-001 from 127.0.0.1
✓ Sent 334429 bytes to aggregator-001 (0.38ms)
Session completed with aggregator-001
[2025-12-10 08:09:09] Meter 424: Generated 6.648 kWh (encrypted: 334138 bytes, 7.927 ms)
[2025-12-10 08:09:29] Meter 424: Generated 5.141 kWh (encrypted: 333679 bytes, 4.923 ms)
[2025-12-10 08:09:49] Meter 424: Generated 3.513 kWh (encrypted: 334339 bytes, 4.995 ms)
[2025-12-10 08:10:06] NETWORK INFO: Server authentication successful for node: aggregator-001
✓ Aggregator connected: aggregator-001 from 127.0.0.1
✓ Sent 334339 bytes to aggregator-001 (1.18ms)
Session completed with aggregator-001
[2025-12-10 08:10:09] Meter 424: Generated 6.075 kWh (encrypted: 333786 bytes, 6.365 ms)
[2025-12-10 08:10:29] Meter 424: Generated 2.124 kWh (encrypted: 334286 bytes, 5.274 ms)
[2025-12-10 08:10:49] Meter 424: Generated 1.552 kWh (encrypted: 334327 bytes, 5.232 ms)
[2025-12-10 08:11:09] Meter 424: Generated 7.002 kWh (encrypted: 334358 bytes, 4.609 ms)
[2025-12-10 08:11:12] NETWORK INFO: Server authentication successful for node: aggregator-001
✓ Aggregator connected: aggregator-001 from 127.0.0.1
✓ Sent 334358 bytes to aggregator-001 (0.40ms)
Session completed with aggregator-001
[2025-12-10 08:11:29] Meter 424: Generated 6.839 kWh (encrypted: 334485 bytes, 5.183 ms)
[2025-12-10 08:11:49] Meter 424: Generated 2.273 kWh (encrypted: 334392 bytes, 4.431 ms)
[2025-12-10 08:12:09] Meter 424: Generated 7.255 kWh (encrypted: 334306 bytes, 7.908 ms)
[2025-12-10 08:12:17] NETWORK INFO: Server authentication successful for node: aggregator-001
✓ Aggregator connected: aggregator-001 from 127.0.0.1
✓ Sent 334306 bytes to aggregator-001 (0.35ms)
Session completed with aggregator-001
[2025-12-10 08:12:29] Meter 424: Generated 1.942 kWh (encrypted: 334096 bytes, 7.064 ms)

Received shutdown signal. Gracefully shutting down smart meter...
Network server thread stopped
Data generation thread stopped
Smart meter 424 shutdown complete
