=== Continuous Smart Meter Server 90 ===
Initializing for continuous operation...
SEAL context initialized
Loaded certificate: smart-meter-090
Requesting public keys from KDC...
[2025-12-10 07:56:55] NETWORK ERROR: Failed to connect to 127.0.0.1:8444: Connection refused
Error: Failed to connect to KDC at 127.0.0.1:8444
Error: Failed to send key request to KDC
Failed to obtain keys from KDC, falling back to file keys
Loaded keys from fallback files
Cryptographic components initialized
[2025-12-10 07:56:55] NETWORK INFO: Server socket created and listening on port 9090
✓ Smart meter server ready on port 9090
Data transmission interval: 20 seconds (15x accelerated - simulates 5min)
✓ Performance metrics CSV files initialized in performance_data/
Starting continuous smart meter operation...
Press Ctrl+C to stop gracefully
Data generation thread started
Network server thread started on port 9090
[2025-12-10 07:57:15] NETWORK INFO: Server authentication successful for node: aggregator-001
✓ Aggregator connected: aggregator-001 from 127.0.0.1
[2025-12-10 07:57:15] Meter 90: Generated 2.665 kWh (encrypted: 334420 bytes, 6.909 ms)
✓ Sent 334420 bytes to aggregator-001 (1.05ms)
Session completed with aggregator-001
[2025-12-10 07:57:35] Meter 90: Generated 2.363 kWh (encrypted: 334130 bytes, 4.351 ms)
[2025-12-10 07:57:55] Meter 90: Generated 6.454 kWh (encrypted: 333627 bytes, 4.564 ms)
[2025-12-10 07:58:15] Meter 90: Generated 3.611 kWh (encrypted: 334233 bytes, 4.412 ms)
[2025-12-10 07:58:25] NETWORK INFO: Server authentication successful for node: aggregator-001
✓ Aggregator connected: aggregator-001 from 127.0.0.1
✓ Sent 334233 bytes to aggregator-001 (0.38ms)
Session completed with aggregator-001
[2025-12-10 07:58:35] Meter 90: Generated 7.080 kWh (encrypted: 334327 bytes, 6.204 ms)
[2025-12-10 07:58:55] Meter 90: Generated 5.613 kWh (encrypted: 334204 bytes, 4.513 ms)
[2025-12-10 07:59:15] Meter 90: Generated 1.552 kWh (encrypted: 334165 bytes, 4.510 ms)
[2025-12-10 07:59:26] NETWORK INFO: Server authentication successful for node: aggregator-001
✓ Aggregator connected: aggregator-001 from 127.0.0.1
✓ Sent 334165 bytes to aggregator-001 (8.55ms)
Session completed with aggregator-001
[2025-12-10 07:59:35] Meter 90: Generated 5.796 kWh (encrypted: 334372 bytes, 4.613 ms)
[2025-12-10 07:59:55] Meter 90: Generated 1.102 kWh (encrypted: 334134 bytes, 4.620 ms)
[2025-12-10 08:00:15] Meter 90: Generated 6.978 kWh (encrypted: 334397 bytes, 4.687 ms)
[2025-12-10 08:00:28] NETWORK INFO: Server authentication successful for node: aggregator-001
✓ Aggregator connected: aggregator-001 from 127.0.0.1
✓ Sent 334397 bytes to aggregator-001 (0.40ms)
Session completed with aggregator-001
[2025-12-10 08:00:35] Meter 90: Generated 4.959 kWh (encrypted: 334138 bytes, 5.209 ms)
[2025-12-10 08:00:55] Meter 90: Generated 2.614 kWh (encrypted: 334147 bytes, 4.687 ms)
[2025-12-10 08:01:15] Meter 90: Generated 3.796 kWh (encrypted: 334455 bytes, 4.770 ms)
[2025-12-10 08:01:31] NETWORK INFO: Server authentication successful for node: aggregator-001
✓ Aggregator connected: aggregator-001 from 127.0.0.1
✓ Sent 334455 bytes to aggregator-001 (0.38ms)
Session completed with aggregator-001
[2025-12-10 08:01:35] Meter 90: Generated 4.884 kWh (encrypted: 334499 bytes, 4.621 ms)
[2025-12-10 08:01:55] Meter 90: Generated 1.833 kWh (encrypted: 333379 bytes, 4.989 ms)
[2025-12-10 08:02:15] Meter 90: Generated 6.376 kWh (encrypted: 334404 bytes, 4.706 ms)
[2025-12-10 08:02:33] NETWORK INFO: Server authentication successful for node: aggregator-001
✓ Aggregator connected: aggregator-001 from 127.0.0.1
✓ Sent 334404 bytes to aggregator-001 (0.37ms)
Session completed with aggregator-001
[2025-12-10 08:02:36] Meter 90: Generated 3.766 kWh (encrypted: 334259 bytes, 4.603 ms)
[2025-12-10 08:02:56] Meter 90: Generated 1.928 kWh (encrypted: 334292 bytes, 5.600 ms)
[2025-12-10 08:03:16] Meter 90: Generated 7.091 kWh (encrypted: 334403 bytes, 4.457 ms)
[2025-12-10 08:03:36] Meter 90: Generated 2.637 kWh (encrypted: 334333 bytes, 4.363 ms)
[2025-12-10 08:03:36] NETWORK INFO: Server authentication successful for node: aggregator-001
✓ Aggregator connected: aggregator-001 from 127.0.0.1
✓ Sent 334333 bytes to aggregator-001 (0.40ms)
Session completed with aggregator-001
[2025-12-10 08:03:56] Meter 90: Generated 3.236 kWh (encrypted: 334264 bytes, 4.645 ms)
[2025-12-10 08:04:16] Meter 90: Generated 4.270 kWh (encrypted: 334380 bytes, 4.642 ms)
[2025-12-10 08:04:36] Meter 90: Generated 6.369 kWh (encrypted: 334430 bytes, 5.772 ms)
[2025-12-10 08:04:39] NETWORK INFO: Server authentication successful for node: aggregator-001
✓ Aggregator connected: aggregator-001 from 127.0.0.1
✓ Sent 334430 bytes to aggregator-001 (0.43ms)
Session completed with aggregator-001
[2025-12-10 08:04:56] Meter 90: Generated 4.486 kWh (encrypted: 334311 bytes, 4.825 ms)
[2025-12-10 08:05:16] Meter 90: Generated 4.376 kWh (encrypted: 334435 bytes, 4.612 ms)
[2025-12-10 08:05:36] Meter 90: Generated 3.499 kWh (encrypted: 334050 bytes, 4.316 ms)
[2025-12-10 08:05:44] NETWORK INFO: Server authentication successful for node: aggregator-001
✓ Aggregator connected: aggregator-001 from 127.0.0.1
✓ Sent 334050 bytes to aggregator-001 (0.36ms)
Session completed with aggregator-001
[2025-12-10 08:05:56] Meter 90: Generated 2.726 kWh (encrypted: 334249 bytes, 4.301 ms)
[2025-12-10 08:06:16] Meter 90: Generated 3.574 kWh (encrypted: 334513 bytes, 8.829 ms)
[2025-12-10 08:06:36] Meter 90: Generated 6.306 kWh (encrypted: 334397 bytes, 4.569 ms)
[2025-12-10 08:06:50] NETWORK INFO: Server authentication successful for node: aggregator-001
✓ Aggregator connected: aggregator-001 from 127.0.0.1
✓ Sent 334397 bytes to aggregator-001 (0.37ms)
Session completed with aggregator-001
[2025-12-10 08:06:56] Meter 90: Generated 1.378 kWh (encrypted: 334119 bytes, 4.512 ms)
[2025-12-10 08:07:16] Meter 90: Generated 2.547 kWh (encrypted: 334067 bytes, 8.219 ms)
[2025-12-10 08:07:36] Meter 90: Generated 2.859 kWh (encrypted: 334069 bytes, 4.553 ms)
[2025-12-10 08:07:56] NETWORK INFO: Server authentication successful for node: aggregator-001
✓ Aggregator connected: aggregator-001 from 127.0.0.1
✓ Sent 334069 bytes to aggregator-001 (0.35ms)
Session completed with aggregator-001
[2025-12-10 08:07:56] Meter 90: Generated 4.152 kWh (encrypted: 334400 bytes, 10.728 ms)
[2025-12-10 08:08:16] Meter 90: Generated 2.172 kWh (encrypted: 334411 bytes, 5.591 ms)
[2025-12-10 08:08:36] Meter 90: Generated 1.879 kWh (encrypted: 334409 bytes, 4.926 ms)
[2025-12-10 08:08:56] Meter 90: Generated 5.205 kWh (encrypted: 334108 bytes, 5.103 ms)
[2025-12-10 08:09:01] NETWORK INFO: Server authentication successful for node: aggregator-001
✓ Aggregator connected: aggregator-001 from 127.0.0.1
✓ Sent 334108 bytes to aggregator-001 (33.38ms)
Session completed with aggregator-001
[2025-12-10 08:09:16] Meter 90: Generated 4.377 kWh (encrypted: 334435 bytes, 9.152 ms)
[2025-12-10 08:09:36] Meter 90: Generated 6.851 kWh (encrypted: 334178 bytes, 6.553 ms)
[2025-12-10 08:09:56] Meter 90: Generated 1.342 kWh (encrypted: 334068 bytes, 4.622 ms)
[2025-12-10 08:10:06] NETWORK INFO: Server authentication successful for node: aggregator-001
✓ Aggregator connected: aggregator-001 from 127.0.0.1
✓ Sent 334068 bytes to aggregator-001 (14.27ms)
Session completed with aggregator-001
[2025-12-10 08:10:16] Meter 90: Generated 4.064 kWh (encrypted: 334024 bytes, 6.930 ms)
[2025-12-10 08:10:36] Meter 90: Generated 4.761 kWh (encrypted: 334116 bytes, 6.844 ms)
[2025-12-10 08:10:56] Meter 90: Generated 5.271 kWh (encrypted: 334222 bytes, 6.422 ms)
[2025-12-10 08:11:12] NETWORK INFO: Server authentication successful for node: aggregator-001
✓ Aggregator connected: aggregator-001 from 127.0.0.1
✓ Sent 334222 bytes to aggregator-001 (0.45ms)
Session completed with aggregator-001
[2025-12-10 08:11:16] Meter 90: Generated 4.333 kWh (encrypted: 334409 bytes, 6.505 ms)
[2025-12-10 08:11:36] Meter 90: Generated 5.927 kWh (encrypted: 334423 bytes, 6.775 ms)
[2025-12-10 08:11:56] Meter 90: Generated 4.923 kWh (encrypted: 334313 bytes, 6.574 ms)
[2025-12-10 08:12:16] Meter 90: Generated 7.208 kWh (encrypted: 334159 bytes, 7.207 ms)
[2025-12-10 08:12:17] NETWORK INFO: Server authentication successful for node: aggregator-001
✓ Aggregator connected: aggregator-001 from 127.0.0.1
✓ Sent 334159 bytes to aggregator-001 (0.36ms)
Session completed with aggregator-001

Received shutdown signal. Gracefully shutting down smart meter...
Network server thread stopped
Data generation thread stopped
Smart meter 90 shutdown complete
