=== Continuous Smart Meter Server 97 ===
Initializing for continuous operation...
SEAL context initialized
Loaded certificate: smart-meter-097
Requesting public keys from KDC...
[2025-12-10 07:57:04] NETWORK ERROR: Failed to connect to 127.0.0.1:8444: Connection refused
Error: Failed to connect to KDC at 127.0.0.1:8444
Error: Failed to send key request to KDC
Failed to obtain keys from KDC, falling back to file keys
Loaded keys from fallback files
Cryptographic components initialized
[2025-12-10 07:57:04] NETWORK INFO: Server socket created and listening on port 9097
✓ Smart meter server ready on port 9097
Data transmission interval: 20 seconds (15x accelerated - simulates 5min)
✓ Performance metrics CSV files initialized in performance_data/
Starting continuous smart meter operation...
Press Ctrl+C to stop gracefully
Data generation thread started
Network server thread started on port 9097
[2025-12-10 07:57:15] NETWORK INFO: Server authentication successful for node: aggregator-001
✓ Aggregator connected: aggregator-001 from 127.0.0.1
[2025-12-10 07:57:24] Meter 97: Generated 0.704 kWh (encrypted: 333355 bytes, 4.867 ms)
✓ Sent 333355 bytes to aggregator-001 (0.68ms)
Session completed with aggregator-001
[2025-12-10 07:57:44] Meter 97: Generated 1.933 kWh (encrypted: 334079 bytes, 4.480 ms)
[2025-12-10 07:58:04] Meter 97: Generated 2.511 kWh (encrypted: 334457 bytes, 5.066 ms)
[2025-12-10 07:58:24] Meter 97: Generated 5.120 kWh (encrypted: 334453 bytes, 4.831 ms)
[2025-12-10 07:58:25] NETWORK INFO: Server authentication successful for node: aggregator-001
✓ Aggregator connected: aggregator-001 from 127.0.0.1
✓ Sent 334453 bytes to aggregator-001 (0.56ms)
Session completed with aggregator-001
[2025-12-10 07:58:44] Meter 97: Generated 7.219 kWh (encrypted: 334170 bytes, 4.972 ms)
[2025-12-10 07:59:04] Meter 97: Generated 0.763 kWh (encrypted: 334193 bytes, 5.049 ms)
[2025-12-10 07:59:24] Meter 97: Generated 4.647 kWh (encrypted: 334185 bytes, 5.566 ms)
[2025-12-10 07:59:26] NETWORK INFO: Server authentication successful for node: aggregator-001
✓ Aggregator connected: aggregator-001 from 127.0.0.1
✓ Sent 334185 bytes to aggregator-001 (0.45ms)
Session completed with aggregator-001
[2025-12-10 07:59:44] Meter 97: Generated 1.829 kWh (encrypted: 334117 bytes, 5.947 ms)
[2025-12-10 08:00:04] Meter 97: Generated 3.233 kWh (encrypted: 334320 bytes, 5.224 ms)
[2025-12-10 08:00:24] Meter 97: Generated 5.707 kWh (encrypted: 334299 bytes, 5.232 ms)
[2025-12-10 08:00:28] NETWORK INFO: Server authentication successful for node: aggregator-001
✓ Aggregator connected: aggregator-001 from 127.0.0.1
✓ Sent 334299 bytes to aggregator-001 (0.67ms)
Session completed with aggregator-001
[2025-12-10 08:00:44] Meter 97: Generated 4.073 kWh (encrypted: 334475 bytes, 5.633 ms)
[2025-12-10 08:01:04] Meter 97: Generated 5.932 kWh (encrypted: 334296 bytes, 4.927 ms)
[2025-12-10 08:01:24] Meter 97: Generated 2.824 kWh (encrypted: 334133 bytes, 4.492 ms)
[2025-12-10 08:01:31] NETWORK INFO: Server authentication successful for node: aggregator-001
✓ Aggregator connected: aggregator-001 from 127.0.0.1
✓ Sent 334133 bytes to aggregator-001 (0.40ms)
Session completed with aggregator-001
[2025-12-10 08:01:44] Meter 97: Generated 2.068 kWh (encrypted: 334478 bytes, 4.381 ms)
[2025-12-10 08:02:04] Meter 97: Generated 3.140 kWh (encrypted: 334061 bytes, 4.381 ms)
[2025-12-10 08:02:24] Meter 97: Generated 3.589 kWh (encrypted: 333967 bytes, 4.767 ms)
[2025-12-10 08:02:33] NETWORK INFO: Server authentication successful for node: aggregator-001
✓ Aggregator connected: aggregator-001 from 127.0.0.1
✓ Sent 333967 bytes to aggregator-001 (0.36ms)
Session completed with aggregator-001
[2025-12-10 08:02:44] Meter 97: Generated 2.003 kWh (encrypted: 334263 bytes, 5.209 ms)
[2025-12-10 08:03:04] Meter 97: Generated 7.262 kWh (encrypted: 334409 bytes, 4.444 ms)
[2025-12-10 08:03:24] Meter 97: Generated 4.226 kWh (encrypted: 334372 bytes, 4.499 ms)
[2025-12-10 08:03:36] NETWORK INFO: Server authentication successful for node: aggregator-001
✓ Aggregator connected: aggregator-001 from 127.0.0.1
✓ Sent 334372 bytes to aggregator-001 (0.39ms)
Session completed with aggregator-001
[2025-12-10 08:03:44] Meter 97: Generated 3.123 kWh (encrypted: 334042 bytes, 4.684 ms)
[2025-12-10 08:04:04] Meter 97: Generated 3.336 kWh (encrypted: 334363 bytes, 4.519 ms)
[2025-12-10 08:04:24] Meter 97: Generated 3.231 kWh (encrypted: 333341 bytes, 4.882 ms)
[2025-12-10 08:04:39] NETWORK INFO: Server authentication successful for node: aggregator-001
✓ Aggregator connected: aggregator-001 from 127.0.0.1
✓ Sent 333341 bytes to aggregator-001 (0.35ms)
Session completed with aggregator-001
[2025-12-10 08:04:44] Meter 97: Generated 1.722 kWh (encrypted: 334359 bytes, 4.618 ms)
[2025-12-10 08:05:04] Meter 97: Generated 1.012 kWh (encrypted: 334152 bytes, 4.675 ms)
[2025-12-10 08:05:24] Meter 97: Generated 6.236 kWh (encrypted: 334470 bytes, 12.038 ms)
[2025-12-10 08:05:44] Meter 97: Generated 5.289 kWh (encrypted: 334314 bytes, 4.610 ms)
[2025-12-10 08:05:44] NETWORK INFO: Server authentication successful for node: aggregator-001
✓ Aggregator connected: aggregator-001 from 127.0.0.1
✓ Sent 334314 bytes to aggregator-001 (6.02ms)
Session completed with aggregator-001
[2025-12-10 08:06:04] Meter 97: Generated 2.506 kWh (encrypted: 334153 bytes, 4.625 ms)
[2025-12-10 08:06:24] Meter 97: Generated 0.904 kWh (encrypted: 334329 bytes, 4.882 ms)
[2025-12-10 08:06:44] Meter 97: Generated 1.341 kWh (encrypted: 334516 bytes, 4.607 ms)
[2025-12-10 08:06:50] NETWORK INFO: Server authentication successful for node: aggregator-001
✓ Aggregator connected: aggregator-001 from 127.0.0.1
✓ Sent 334516 bytes to aggregator-001 (0.35ms)
Session completed with aggregator-001
[2025-12-10 08:07:04] Meter 97: Generated 1.566 kWh (encrypted: 334268 bytes, 5.057 ms)
[2025-12-10 08:07:24] Meter 97: Generated 7.554 kWh (encrypted: 334318 bytes, 4.719 ms)
[2025-12-10 08:07:44] Meter 97: Generated 1.090 kWh (encrypted: 334497 bytes, 4.630 ms)
[2025-12-10 08:07:55] NETWORK INFO: Server authentication successful for node: aggregator-001
✓ Aggregator connected: aggregator-001 from 127.0.0.1
✓ Sent 334497 bytes to aggregator-001 (7.30ms)
Session completed with aggregator-001
[2025-12-10 08:08:04] Meter 97: Generated 7.159 kWh (encrypted: 334295 bytes, 4.740 ms)
[2025-12-10 08:08:24] Meter 97: Generated 1.395 kWh (encrypted: 334147 bytes, 12.473 ms)
[2025-12-10 08:08:44] Meter 97: Generated 5.032 kWh (encrypted: 334369 bytes, 5.429 ms)
[2025-12-10 08:09:01] NETWORK INFO: Server authentication successful for node: aggregator-001
✓ Aggregator connected: aggregator-001 from 127.0.0.1
✓ Sent 334369 bytes to aggregator-001 (0.39ms)
Session completed with aggregator-001
[2025-12-10 08:09:04] Meter 97: Generated 6.475 kWh (encrypted: 334407 bytes, 5.168 ms)
[2025-12-10 08:09:24] Meter 97: Generated 3.671 kWh (encrypted: 334447 bytes, 18.205 ms)
[2025-12-10 08:09:44] Meter 97: Generated 4.844 kWh (encrypted: 334421 bytes, 4.855 ms)
[2025-12-10 08:10:04] Meter 97: Generated 4.364 kWh (encrypted: 333749 bytes, 4.931 ms)
[2025-12-10 08:10:06] NETWORK INFO: Server authentication successful for node: aggregator-001
✓ Aggregator connected: aggregator-001 from 127.0.0.1
✓ Sent 333749 bytes to aggregator-001 (9.90ms)
Session completed with aggregator-001
[2025-12-10 08:10:24] Meter 97: Generated 0.864 kWh (encrypted: 334311 bytes, 6.480 ms)
[2025-12-10 08:10:44] Meter 97: Generated 2.649 kWh (encrypted: 334233 bytes, 5.476 ms)
[2025-12-10 08:11:04] Meter 97: Generated 5.611 kWh (encrypted: 334332 bytes, 6.571 ms)
[2025-12-10 08:11:12] NETWORK INFO: Server authentication successful for node: aggregator-001
✓ Aggregator connected: aggregator-001 from 127.0.0.1
✓ Sent 334332 bytes to aggregator-001 (0.42ms)
Session completed with aggregator-001
[2025-12-10 08:11:24] Meter 97: Generated 6.062 kWh (encrypted: 334278 bytes, 6.956 ms)
[2025-12-10 08:11:44] Meter 97: Generated 4.800 kWh (encrypted: 334501 bytes, 4.890 ms)
[2025-12-10 08:12:04] Meter 97: Generated 6.879 kWh (encrypted: 334302 bytes, 6.898 ms)
[2025-12-10 08:12:17] NETWORK INFO: Server authentication successful for node: aggregator-001
✓ Aggregator connected: aggregator-001 from 127.0.0.1
✓ Sent 334302 bytes to aggregator-001 (0.35ms)
Session completed with aggregator-001
[2025-12-10 08:12:24] Meter 97: Generated 6.480 kWh (encrypted: 334351 bytes, 4.593 ms)

Received shutdown signal. Gracefully shutting down smart meter...
Network server thread stopped
Data generation thread stopped
Smart meter 97 shutdown complete
