=== Continuous Smart Meter Server 123 ===
Initializing for continuous operation...
SEAL context initialized
Loaded certificate: smart-meter-123
Requesting public keys from KDC...
[2025-12-10 07:57:36] NETWORK ERROR: Failed to connect to 127.0.0.1:8444: Connection refused
Error: Failed to connect to KDC at 127.0.0.1:8444
Error: Failed to send key request to KDC
Failed to obtain keys from KDC, falling back to file keys
Loaded keys from fallback files
Cryptographic components initialized
[2025-12-10 07:57:36] NETWORK INFO: Server socket created and listening on port 9123
✓ Smart meter server ready on port 9123
Data transmission interval: 20 seconds (15x accelerated - simulates 5min)
✓ Performance metrics CSV files initialized in performance_data/
Starting continuous smart meter operation...
Press Ctrl+C to stop gracefully
Data generation thread started
Network server thread started on port 9123
[2025-12-10 07:57:56] Meter 123: Generated 5.550 kWh (encrypted: 334382 bytes, 5.039 ms)
[2025-12-10 07:58:16] Meter 123: Generated 3.407 kWh (encrypted: 334379 bytes, 4.390 ms)
[2025-12-10 07:58:25] NETWORK INFO: Server authentication successful for node: aggregator-001
✓ Aggregator connected: aggregator-001 from 127.0.0.1
✓ Sent 334379 bytes to aggregator-001 (0.73ms)
Session completed with aggregator-001
[2025-12-10 07:58:36] Meter 123: Generated 6.043 kWh (encrypted: 334359 bytes, 4.755 ms)
[2025-12-10 07:58:56] Meter 123: Generated 0.739 kWh (encrypted: 334155 bytes, 6.428 ms)
[2025-12-10 07:59:16] Meter 123: Generated 0.912 kWh (encrypted: 334185 bytes, 4.489 ms)
[2025-12-10 07:59:26] NETWORK INFO: Server authentication successful for node: aggregator-001
✓ Aggregator connected: aggregator-001 from 127.0.0.1
✓ Sent 334185 bytes to aggregator-001 (1.44ms)
Session completed with aggregator-001
[2025-12-10 07:59:36] Meter 123: Generated 0.844 kWh (encrypted: 334317 bytes, 4.681 ms)
[2025-12-10 07:59:56] Meter 123: Generated 6.085 kWh (encrypted: 334109 bytes, 4.498 ms)
[2025-12-10 08:00:16] Meter 123: Generated 4.866 kWh (encrypted: 334177 bytes, 4.748 ms)
[2025-12-10 08:00:28] NETWORK INFO: Server authentication successful for node: aggregator-001
✓ Aggregator connected: aggregator-001 from 127.0.0.1
✓ Sent 334177 bytes to aggregator-001 (0.44ms)
Session completed with aggregator-001
[2025-12-10 08:00:36] Meter 123: Generated 2.524 kWh (encrypted: 334150 bytes, 5.076 ms)
[2025-12-10 08:00:56] Meter 123: Generated 6.265 kWh (encrypted: 334454 bytes, 4.762 ms)
[2025-12-10 08:01:16] Meter 123: Generated 4.474 kWh (encrypted: 334371 bytes, 4.756 ms)
[2025-12-10 08:01:31] NETWORK INFO: Server authentication successful for node: aggregator-001
✓ Aggregator connected: aggregator-001 from 127.0.0.1
✓ Sent 334371 bytes to aggregator-001 (0.40ms)
Session completed with aggregator-001
[2025-12-10 08:01:36] Meter 123: Generated 5.034 kWh (encrypted: 334392 bytes, 4.889 ms)
[2025-12-10 08:01:56] Meter 123: Generated 4.078 kWh (encrypted: 334177 bytes, 4.673 ms)
[2025-12-10 08:02:16] Meter 123: Generated 3.974 kWh (encrypted: 333985 bytes, 4.401 ms)
[2025-12-10 08:02:33] NETWORK INFO: Server authentication successful for node: aggregator-001
✓ Aggregator connected: aggregator-001 from 127.0.0.1
✓ Sent 333985 bytes to aggregator-001 (0.51ms)
Session completed with aggregator-001
[2025-12-10 08:02:36] Meter 123: Generated 4.060 kWh (encrypted: 334389 bytes, 4.812 ms)
[2025-12-10 08:02:56] Meter 123: Generated 6.615 kWh (encrypted: 334387 bytes, 4.355 ms)
[2025-12-10 08:03:16] Meter 123: Generated 1.483 kWh (encrypted: 334122 bytes, 4.749 ms)
[2025-12-10 08:03:36] Meter 123: Generated 2.873 kWh (encrypted: 334223 bytes, 4.911 ms)
[2025-12-10 08:03:36] NETWORK INFO: Server authentication successful for node: aggregator-001
✓ Aggregator connected: aggregator-001 from 127.0.0.1
✓ Sent 334223 bytes to aggregator-001 (0.36ms)
Session completed with aggregator-001
[2025-12-10 08:03:56] Meter 123: Generated 4.767 kWh (encrypted: 334286 bytes, 4.678 ms)
[2025-12-10 08:04:16] Meter 123: Generated 4.057 kWh (encrypted: 334417 bytes, 4.727 ms)
[2025-12-10 08:04:36] Meter 123: Generated 6.974 kWh (encrypted: 334304 bytes, 4.558 ms)
[2025-12-10 08:04:39] NETWORK INFO: Server authentication successful for node: aggregator-001
✓ Aggregator connected: aggregator-001 from 127.0.0.1
✓ Sent 334304 bytes to aggregator-001 (19.24ms)
Session completed with aggregator-001
[2025-12-10 08:04:56] Meter 123: Generated 4.009 kWh (encrypted: 334037 bytes, 6.387 ms)
[2025-12-10 08:05:16] Meter 123: Generated 3.379 kWh (encrypted: 334066 bytes, 4.550 ms)
[2025-12-10 08:05:36] Meter 123: Generated 2.365 kWh (encrypted: 334391 bytes, 4.690 ms)
[2025-12-10 08:05:44] NETWORK INFO: Server authentication successful for node: aggregator-001
✓ Aggregator connected: aggregator-001 from 127.0.0.1
✓ Sent 334391 bytes to aggregator-001 (3.40ms)
Session completed with aggregator-001
[2025-12-10 08:05:56] Meter 123: Generated 3.627 kWh (encrypted: 334404 bytes, 4.452 ms)
[2025-12-10 08:06:16] Meter 123: Generated 4.981 kWh (encrypted: 334384 bytes, 6.574 ms)
[2025-12-10 08:06:36] Meter 123: Generated 3.818 kWh (encrypted: 334405 bytes, 6.013 ms)
[2025-12-10 08:06:50] NETWORK INFO: Server authentication successful for node: aggregator-001
✓ Aggregator connected: aggregator-001 from 127.0.0.1
✓ Sent 334405 bytes to aggregator-001 (0.38ms)
Session completed with aggregator-001
[2025-12-10 08:06:56] Meter 123: Generated 4.459 kWh (encrypted: 334414 bytes, 5.286 ms)
[2025-12-10 08:07:16] Meter 123: Generated 1.546 kWh (encrypted: 334146 bytes, 4.705 ms)
[2025-12-10 08:07:36] Meter 123: Generated 3.397 kWh (encrypted: 334275 bytes, 4.612 ms)
[2025-12-10 08:07:56] NETWORK INFO: Server authentication successful for node: aggregator-001
✓ Aggregator connected: aggregator-001 from 127.0.0.1
✓ Sent 334275 bytes to aggregator-001 (8.80ms)
Session completed with aggregator-001
[2025-12-10 08:07:56] Meter 123: Generated 3.754 kWh (encrypted: 334192 bytes, 4.879 ms)
[2025-12-10 08:08:16] Meter 123: Generated 5.138 kWh (encrypted: 333843 bytes, 12.037 ms)
[2025-12-10 08:08:36] Meter 123: Generated 5.705 kWh (encrypted: 334273 bytes, 4.533 ms)
[2025-12-10 08:08:56] Meter 123: Generated 1.112 kWh (encrypted: 334300 bytes, 4.970 ms)
[2025-12-10 08:09:01] NETWORK INFO: Server authentication successful for node: aggregator-001
✓ Aggregator connected: aggregator-001 from 127.0.0.1
✓ Sent 334300 bytes to aggregator-001 (1.57ms)
Session completed with aggregator-001
[2025-12-10 08:09:16] Meter 123: Generated 5.259 kWh (encrypted: 334429 bytes, 4.440 ms)
[2025-12-10 08:09:36] Meter 123: Generated 3.602 kWh (encrypted: 334188 bytes, 4.961 ms)
[2025-12-10 08:09:56] Meter 123: Generated 7.290 kWh (encrypted: 334225 bytes, 4.539 ms)
[2025-12-10 08:10:06] NETWORK INFO: Server authentication successful for node: aggregator-001
✓ Aggregator connected: aggregator-001 from 127.0.0.1
✓ Sent 334225 bytes to aggregator-001 (0.36ms)
Session completed with aggregator-001
[2025-12-10 08:10:16] Meter 123: Generated 5.448 kWh (encrypted: 334299 bytes, 6.471 ms)
[2025-12-10 08:10:36] Meter 123: Generated 5.939 kWh (encrypted: 334153 bytes, 7.600 ms)
[2025-12-10 08:10:56] Meter 123: Generated 5.997 kWh (encrypted: 334395 bytes, 4.835 ms)
[2025-12-10 08:11:12] NETWORK INFO: Server authentication successful for node: aggregator-001
✓ Aggregator connected: aggregator-001 from 127.0.0.1
✓ Sent 334395 bytes to aggregator-001 (0.36ms)
Session completed with aggregator-001
[2025-12-10 08:11:16] Meter 123: Generated 1.016 kWh (encrypted: 334455 bytes, 6.587 ms)
[2025-12-10 08:11:36] Meter 123: Generated 3.700 kWh (encrypted: 334152 bytes, 4.816 ms)
[2025-12-10 08:11:56] Meter 123: Generated 6.174 kWh (encrypted: 334136 bytes, 4.774 ms)
[2025-12-10 08:12:16] Meter 123: Generated 1.898 kWh (encrypted: 334443 bytes, 9.650 ms)
[2025-12-10 08:12:17] NETWORK INFO: Server authentication successful for node: aggregator-001
✓ Aggregator connected: aggregator-001 from 127.0.0.1
✓ Sent 334443 bytes to aggregator-001 (3.22ms)
Session completed with aggregator-001

Received shutdown signal. Gracefully shutting down smart meter...
Network server thread stopped
Data generation thread stopped
Smart meter 123 shutdown complete
