=== Continuous Smart Meter Server 150 ===
Initializing for continuous operation...
SEAL context initialized
Loaded certificate: smart-meter-150
Requesting public keys from KDC...
[2025-12-10 07:58:09] NETWORK ERROR: Failed to connect to 127.0.0.1:8444: Connection refused
Error: Failed to connect to KDC at 127.0.0.1:8444
Error: Failed to send key request to KDC
Failed to obtain keys from KDC, falling back to file keys
Loaded keys from fallback files
Cryptographic components initialized
[2025-12-10 07:58:09] NETWORK INFO: Server socket created and listening on port 9150
✓ Smart meter server ready on port 9150
Data transmission interval: 20 seconds (15x accelerated - simulates 5min)
✓ Performance metrics CSV files initialized in performance_data/
Starting continuous smart meter operation...
Press Ctrl+C to stop gracefully
Data generation thread started
Network server thread started on port 9150
[2025-12-10 07:58:25] NETWORK INFO: Server authentication successful for node: aggregator-001
✓ Aggregator connected: aggregator-001 from 127.0.0.1
[2025-12-10 07:58:29] Meter 150: Generated 7.018 kWh (encrypted: 334474 bytes, 4.927 ms)
✓ Sent 334474 bytes to aggregator-001 (0.87ms)
Session completed with aggregator-001
[2025-12-10 07:58:49] Meter 150: Generated 5.229 kWh (encrypted: 334425 bytes, 5.283 ms)
[2025-12-10 07:59:09] Meter 150: Generated 2.601 kWh (encrypted: 334362 bytes, 4.728 ms)
[2025-12-10 07:59:27] NETWORK INFO: Server authentication successful for node: aggregator-001
✓ Aggregator connected: aggregator-001 from 127.0.0.1
✓ Sent 334362 bytes to aggregator-001 (2.49ms)
Session completed with aggregator-001
[2025-12-10 07:59:29] Meter 150: Generated 7.261 kWh (encrypted: 334415 bytes, 4.756 ms)
[2025-12-10 07:59:49] Meter 150: Generated 3.917 kWh (encrypted: 334317 bytes, 4.730 ms)
[2025-12-10 08:00:09] Meter 150: Generated 3.747 kWh (encrypted: 334140 bytes, 6.164 ms)
[2025-12-10 08:00:28] NETWORK INFO: Server authentication successful for node: aggregator-001
✓ Aggregator connected: aggregator-001 from 127.0.0.1
✓ Sent 334140 bytes to aggregator-001 (0.39ms)
Session completed with aggregator-001
[2025-12-10 08:00:29] Meter 150: Generated 1.833 kWh (encrypted: 334370 bytes, 6.136 ms)
[2025-12-10 08:00:49] Meter 150: Generated 7.481 kWh (encrypted: 334181 bytes, 5.849 ms)
[2025-12-10 08:01:09] Meter 150: Generated 2.662 kWh (encrypted: 334432 bytes, 5.432 ms)
[2025-12-10 08:01:29] Meter 150: Generated 0.930 kWh (encrypted: 334193 bytes, 6.466 ms)
[2025-12-10 08:01:31] NETWORK INFO: Server authentication successful for node: aggregator-001
✓ Aggregator connected: aggregator-001 from 127.0.0.1
✓ Sent 334193 bytes to aggregator-001 (0.41ms)
Session completed with aggregator-001
[2025-12-10 08:01:49] Meter 150: Generated 5.469 kWh (encrypted: 334438 bytes, 5.147 ms)
[2025-12-10 08:02:09] Meter 150: Generated 2.161 kWh (encrypted: 334402 bytes, 4.846 ms)
[2025-12-10 08:02:29] Meter 150: Generated 3.659 kWh (encrypted: 334365 bytes, 4.530 ms)
[2025-12-10 08:02:33] NETWORK INFO: Server authentication successful for node: aggregator-001
✓ Aggregator connected: aggregator-001 from 127.0.0.1
✓ Sent 334365 bytes to aggregator-001 (5.38ms)
Session completed with aggregator-001
[2025-12-10 08:02:49] Meter 150: Generated 7.421 kWh (encrypted: 334236 bytes, 4.366 ms)
[2025-12-10 08:03:09] Meter 150: Generated 5.907 kWh (encrypted: 334100 bytes, 6.207 ms)
[2025-12-10 08:03:29] Meter 150: Generated 2.286 kWh (encrypted: 334433 bytes, 4.420 ms)
[2025-12-10 08:03:36] NETWORK INFO: Server authentication successful for node: aggregator-001
✓ Aggregator connected: aggregator-001 from 127.0.0.1
✓ Sent 334433 bytes to aggregator-001 (2.12ms)
Session completed with aggregator-001
[2025-12-10 08:03:49] Meter 150: Generated 0.997 kWh (encrypted: 333632 bytes, 4.782 ms)
[2025-12-10 08:04:09] Meter 150: Generated 0.759 kWh (encrypted: 334099 bytes, 4.421 ms)
[2025-12-10 08:04:29] Meter 150: Generated 5.180 kWh (encrypted: 334403 bytes, 4.381 ms)
[2025-12-10 08:04:39] NETWORK INFO: Server authentication successful for node: aggregator-001
✓ Aggregator connected: aggregator-001 from 127.0.0.1
✓ Sent 334403 bytes to aggregator-001 (18.64ms)
Session completed with aggregator-001
[2025-12-10 08:04:49] Meter 150: Generated 4.152 kWh (encrypted: 334085 bytes, 6.260 ms)
[2025-12-10 08:05:09] Meter 150: Generated 4.822 kWh (encrypted: 333649 bytes, 6.934 ms)
[2025-12-10 08:05:29] Meter 150: Generated 2.866 kWh (encrypted: 334203 bytes, 6.311 ms)
[2025-12-10 08:05:44] NETWORK INFO: Server authentication successful for node: aggregator-001
✓ Aggregator connected: aggregator-001 from 127.0.0.1
✓ Sent 334203 bytes to aggregator-001 (0.38ms)
Session completed with aggregator-001
[2025-12-10 08:05:49] Meter 150: Generated 5.508 kWh (encrypted: 334401 bytes, 4.523 ms)
[2025-12-10 08:06:09] Meter 150: Generated 1.082 kWh (encrypted: 334278 bytes, 6.566 ms)
[2025-12-10 08:06:29] Meter 150: Generated 2.673 kWh (encrypted: 334444 bytes, 4.862 ms)
[2025-12-10 08:06:49] Meter 150: Generated 2.875 kWh (encrypted: 334346 bytes, 4.923 ms)
[2025-12-10 08:06:50] NETWORK INFO: Server authentication successful for node: aggregator-001
✓ Aggregator connected: aggregator-001 from 127.0.0.1
✓ Sent 334346 bytes to aggregator-001 (0.35ms)
Session completed with aggregator-001
[2025-12-10 08:07:09] Meter 150: Generated 2.184 kWh (encrypted: 334398 bytes, 6.265 ms)
[2025-12-10 08:07:29] Meter 150: Generated 6.737 kWh (encrypted: 334103 bytes, 5.556 ms)
[2025-12-10 08:07:49] Meter 150: Generated 3.998 kWh (encrypted: 334135 bytes, 4.963 ms)
[2025-12-10 08:07:56] NETWORK INFO: Server authentication successful for node: aggregator-001
✓ Aggregator connected: aggregator-001 from 127.0.0.1
✓ Sent 334135 bytes to aggregator-001 (9.82ms)
Session completed with aggregator-001
[2025-12-10 08:08:09] Meter 150: Generated 1.322 kWh (encrypted: 334333 bytes, 6.975 ms)
[2025-12-10 08:08:29] Meter 150: Generated 2.629 kWh (encrypted: 334360 bytes, 5.249 ms)
[2025-12-10 08:08:49] Meter 150: Generated 4.579 kWh (encrypted: 334492 bytes, 5.113 ms)
[2025-12-10 08:09:01] NETWORK INFO: Server authentication successful for node: aggregator-001
✓ Aggregator connected: aggregator-001 from 127.0.0.1
✓ Sent 334492 bytes to aggregator-001 (1.39ms)
Session completed with aggregator-001
[2025-12-10 08:09:09] Meter 150: Generated 2.177 kWh (encrypted: 333928 bytes, 10.363 ms)
[2025-12-10 08:09:29] Meter 150: Generated 4.144 kWh (encrypted: 334455 bytes, 4.620 ms)
[2025-12-10 08:09:49] Meter 150: Generated 4.332 kWh (encrypted: 334376 bytes, 4.777 ms)
[2025-12-10 08:10:06] NETWORK INFO: Server authentication successful for node: aggregator-001
✓ Aggregator connected: aggregator-001 from 127.0.0.1
✓ Sent 334376 bytes to aggregator-001 (0.36ms)
Session completed with aggregator-001
[2025-12-10 08:10:09] Meter 150: Generated 7.388 kWh (encrypted: 334337 bytes, 6.594 ms)
[2025-12-10 08:10:29] Meter 150: Generated 0.802 kWh (encrypted: 334454 bytes, 4.773 ms)
[2025-12-10 08:10:49] Meter 150: Generated 1.364 kWh (encrypted: 334127 bytes, 8.859 ms)
[2025-12-10 08:11:09] Meter 150: Generated 2.997 kWh (encrypted: 334065 bytes, 5.616 ms)
[2025-12-10 08:11:12] NETWORK INFO: Server authentication successful for node: aggregator-001
✓ Aggregator connected: aggregator-001 from 127.0.0.1
✓ Sent 334065 bytes to aggregator-001 (0.38ms)
Session completed with aggregator-001
[2025-12-10 08:11:29] Meter 150: Generated 2.930 kWh (encrypted: 334347 bytes, 5.257 ms)
[2025-12-10 08:11:49] Meter 150: Generated 5.966 kWh (encrypted: 334440 bytes, 4.820 ms)
[2025-12-10 08:12:09] Meter 150: Generated 1.163 kWh (encrypted: 334468 bytes, 6.461 ms)
[2025-12-10 08:12:17] NETWORK INFO: Server authentication successful for node: aggregator-001
✓ Aggregator connected: aggregator-001 from 127.0.0.1
✓ Sent 334468 bytes to aggregator-001 (0.38ms)
Session completed with aggregator-001
[2025-12-10 08:12:29] Meter 150: Generated 6.770 kWh (encrypted: 334445 bytes, 4.946 ms)

Received shutdown signal. Gracefully shutting down smart meter...
Network server thread stopped
Data generation thread stopped
Smart meter 150 shutdown complete
