=== Continuous Smart Meter Server 200 ===
Initializing for continuous operation...
SEAL context initialized
Loaded certificate: smart-meter-200
Requesting public keys from KDC...
[2025-12-10 07:59:10] NETWORK ERROR: Failed to connect to 127.0.0.1:8444: Connection refused
Error: Failed to connect to KDC at 127.0.0.1:8444
Error: Failed to send key request to KDC
Failed to obtain keys from KDC, falling back to file keys
Loaded keys from fallback files
Cryptographic components initialized
[2025-12-10 07:59:10] NETWORK INFO: Server socket created and listening on port 9200
✓ Smart meter server ready on port 9200
Data transmission interval: 20 seconds (15x accelerated - simulates 5min)
✓ Performance metrics CSV files initialized in performance_data/
Starting continuous smart meter operation...
Press Ctrl+C to stop gracefully
Data generation thread started
Network server thread started on port 9200
[2025-12-10 07:59:26] NETWORK INFO: Server authentication successful for node: aggregator-001
✓ Aggregator connected: aggregator-001 from 127.0.0.1
[2025-12-10 07:59:30] Meter 200: Generated 5.285 kWh (encrypted: 334309 bytes, 8.516 ms)
✓ Sent 334309 bytes to aggregator-001 (1.25ms)
Session completed with aggregator-001
[2025-12-10 07:59:50] Meter 200: Generated 5.693 kWh (encrypted: 334392 bytes, 4.304 ms)
[2025-12-10 08:00:10] Meter 200: Generated 2.093 kWh (encrypted: 334200 bytes, 7.267 ms)
[2025-12-10 08:00:28] NETWORK INFO: Server authentication successful for node: aggregator-001
✓ Aggregator connected: aggregator-001 from 127.0.0.1
✓ Sent 334200 bytes to aggregator-001 (0.38ms)
Session completed with aggregator-001
[2025-12-10 08:00:30] Meter 200: Generated 6.519 kWh (encrypted: 334445 bytes, 7.631 ms)
[2025-12-10 08:00:50] Meter 200: Generated 4.799 kWh (encrypted: 334427 bytes, 7.484 ms)
[2025-12-10 08:01:10] Meter 200: Generated 4.184 kWh (encrypted: 334458 bytes, 4.666 ms)
[2025-12-10 08:01:30] Meter 200: Generated 1.573 kWh (encrypted: 333977 bytes, 6.628 ms)
[2025-12-10 08:01:31] NETWORK INFO: Server authentication successful for node: aggregator-001
✓ Aggregator connected: aggregator-001 from 127.0.0.1
✓ Sent 333977 bytes to aggregator-001 (0.36ms)
Session completed with aggregator-001
[2025-12-10 08:01:50] Meter 200: Generated 6.195 kWh (encrypted: 334181 bytes, 4.729 ms)
[2025-12-10 08:02:10] Meter 200: Generated 4.430 kWh (encrypted: 334157 bytes, 4.518 ms)
[2025-12-10 08:02:30] Meter 200: Generated 6.460 kWh (encrypted: 334134 bytes, 5.500 ms)
[2025-12-10 08:02:33] NETWORK INFO: Server authentication successful for node: aggregator-001
✓ Aggregator connected: aggregator-001 from 127.0.0.1
✓ Sent 334134 bytes to aggregator-001 (0.46ms)
Session completed with aggregator-001
[2025-12-10 08:02:50] Meter 200: Generated 5.914 kWh (encrypted: 334092 bytes, 4.441 ms)
[2025-12-10 08:03:10] Meter 200: Generated 6.686 kWh (encrypted: 334424 bytes, 4.906 ms)
[2025-12-10 08:03:30] Meter 200: Generated 4.170 kWh (encrypted: 334154 bytes, 7.216 ms)
[2025-12-10 08:03:36] NETWORK INFO: Server authentication successful for node: aggregator-001
✓ Aggregator connected: aggregator-001 from 127.0.0.1
✓ Sent 334154 bytes to aggregator-001 (0.39ms)
Session completed with aggregator-001
[2025-12-10 08:03:50] Meter 200: Generated 6.386 kWh (encrypted: 334499 bytes, 6.991 ms)
[2025-12-10 08:04:10] Meter 200: Generated 6.699 kWh (encrypted: 334486 bytes, 7.732 ms)
[2025-12-10 08:04:30] Meter 200: Generated 5.001 kWh (encrypted: 334234 bytes, 7.775 ms)
[2025-12-10 08:04:39] NETWORK INFO: Server authentication successful for node: aggregator-001
✓ Aggregator connected: aggregator-001 from 127.0.0.1
✓ Sent 334234 bytes to aggregator-001 (25.86ms)
Session completed with aggregator-001
[2025-12-10 08:04:50] Meter 200: Generated 2.367 kWh (encrypted: 334514 bytes, 7.188 ms)
[2025-12-10 08:05:10] Meter 200: Generated 1.836 kWh (encrypted: 334501 bytes, 5.287 ms)
[2025-12-10 08:05:30] Meter 200: Generated 4.295 kWh (encrypted: 334307 bytes, 7.244 ms)
[2025-12-10 08:05:44] NETWORK INFO: Server authentication successful for node: aggregator-001
✓ Aggregator connected: aggregator-001 from 127.0.0.1
✓ Sent 334307 bytes to aggregator-001 (0.35ms)
Session completed with aggregator-001
[2025-12-10 08:05:50] Meter 200: Generated 2.707 kWh (encrypted: 334311 bytes, 4.423 ms)
[2025-12-10 08:06:10] Meter 200: Generated 3.693 kWh (encrypted: 334516 bytes, 6.540 ms)
[2025-12-10 08:06:30] Meter 200: Generated 2.663 kWh (encrypted: 333367 bytes, 4.430 ms)
[2025-12-10 08:06:50] NETWORK INFO: Server authentication successful for node: aggregator-001
✓ Aggregator connected: aggregator-001 from 127.0.0.1
✓ Sent 333367 bytes to aggregator-001 (8.56ms)
Session completed with aggregator-001
[2025-12-10 08:06:50] Meter 200: Generated 0.994 kWh (encrypted: 334163 bytes, 30.611 ms)
[2025-12-10 08:07:10] Meter 200: Generated 4.761 kWh (encrypted: 333322 bytes, 5.918 ms)
[2025-12-10 08:07:30] Meter 200: Generated 6.864 kWh (encrypted: 334187 bytes, 4.610 ms)
[2025-12-10 08:07:50] Meter 200: Generated 5.929 kWh (encrypted: 334461 bytes, 4.951 ms)
[2025-12-10 08:07:56] NETWORK INFO: Server authentication successful for node: aggregator-001
✓ Aggregator connected: aggregator-001 from 127.0.0.1
✓ Sent 334461 bytes to aggregator-001 (0.37ms)
Session completed with aggregator-001
[2025-12-10 08:08:10] Meter 200: Generated 5.007 kWh (encrypted: 334382 bytes, 6.535 ms)
[2025-12-10 08:08:30] Meter 200: Generated 6.396 kWh (encrypted: 334090 bytes, 4.293 ms)
[2025-12-10 08:08:50] Meter 200: Generated 2.309 kWh (encrypted: 334518 bytes, 4.469 ms)
[2025-12-10 08:09:01] NETWORK INFO: Server authentication successful for node: aggregator-001
✓ Aggregator connected: aggregator-001 from 127.0.0.1
✓ Sent 334518 bytes to aggregator-001 (3.24ms)
Session completed with aggregator-001
[2025-12-10 08:09:10] Meter 200: Generated 2.853 kWh (encrypted: 334106 bytes, 4.936 ms)
[2025-12-10 08:09:30] Meter 200: Generated 2.553 kWh (encrypted: 334334 bytes, 8.726 ms)
[2025-12-10 08:09:50] Meter 200: Generated 7.237 kWh (encrypted: 334193 bytes, 6.501 ms)
[2025-12-10 08:10:06] NETWORK INFO: Server authentication successful for node: aggregator-001
✓ Aggregator connected: aggregator-001 from 127.0.0.1
✓ Sent 334193 bytes to aggregator-001 (0.35ms)
Session completed with aggregator-001
[2025-12-10 08:10:10] Meter 200: Generated 1.934 kWh (encrypted: 334347 bytes, 9.128 ms)
[2025-12-10 08:10:30] Meter 200: Generated 3.346 kWh (encrypted: 334347 bytes, 4.793 ms)
[2025-12-10 08:10:50] Meter 200: Generated 4.776 kWh (encrypted: 334312 bytes, 4.656 ms)
[2025-12-10 08:11:10] Meter 200: Generated 5.033 kWh (encrypted: 334011 bytes, 4.901 ms)
[2025-12-10 08:11:12] NETWORK INFO: Server authentication successful for node: aggregator-001
✓ Aggregator connected: aggregator-001 from 127.0.0.1
✓ Sent 334011 bytes to aggregator-001 (6.31ms)
Session completed with aggregator-001
[2025-12-10 08:11:30] Meter 200: Generated 7.097 kWh (encrypted: 334111 bytes, 4.694 ms)
[2025-12-10 08:11:51] Meter 200: Generated 5.334 kWh (encrypted: 334194 bytes, 5.018 ms)
[2025-12-10 08:12:11] Meter 200: Generated 5.093 kWh (encrypted: 334270 bytes, 4.931 ms)
[2025-12-10 08:12:17] NETWORK INFO: Server authentication successful for node: aggregator-001
✓ Aggregator connected: aggregator-001 from 127.0.0.1
✓ Sent 334270 bytes to aggregator-001 (0.40ms)
Session completed with aggregator-001
[2025-12-10 08:12:31] Meter 200: Generated 1.214 kWh (encrypted: 334500 bytes, 4.554 ms)

Received shutdown signal. Gracefully shutting down smart meter...
Network server thread stopped
Data generation thread stopped
Smart meter 200 shutdown complete
