=== Continuous Smart Meter Server 337 ===
Initializing for continuous operation...
SEAL context initialized
Loaded certificate: smart-meter-337
Requesting public keys from KDC...
[2025-12-10 08:02:00] NETWORK ERROR: Failed to connect to 127.0.0.1:8444: Connection refused
Error: Failed to connect to KDC at 127.0.0.1:8444
Error: Failed to send key request to KDC
Failed to obtain keys from KDC, falling back to file keys
Loaded keys from fallback files
Cryptographic components initialized
[2025-12-10 08:02:00] NETWORK INFO: Server socket created and listening on port 9337
✓ Smart meter server ready on port 9337
Data transmission interval: 20 seconds (15x accelerated - simulates 5min)
✓ Performance metrics CSV files initialized in performance_data/
Starting continuous smart meter operation...
Press Ctrl+C to stop gracefully
Data generation thread started
Network server thread started on port 9337
[2025-12-10 08:02:20] Meter 337: Generated 2.706 kWh (encrypted: 334445 bytes, 5.914 ms)
[2025-12-10 08:02:33] NETWORK INFO: Server authentication successful for node: aggregator-001
✓ Aggregator connected: aggregator-001 from 127.0.0.1
✓ Sent 334445 bytes to aggregator-001 (3.68ms)
Session completed with aggregator-001
[2025-12-10 08:02:40] Meter 337: Generated 1.646 kWh (encrypted: 334111 bytes, 6.811 ms)
[2025-12-10 08:03:00] Meter 337: Generated 0.905 kWh (encrypted: 334237 bytes, 6.533 ms)
[2025-12-10 08:03:20] Meter 337: Generated 5.473 kWh (encrypted: 334463 bytes, 4.632 ms)
[2025-12-10 08:03:36] NETWORK INFO: Server authentication successful for node: aggregator-001
✓ Aggregator connected: aggregator-001 from 127.0.0.1
✓ Sent 334463 bytes to aggregator-001 (4.44ms)
Session completed with aggregator-001
[2025-12-10 08:03:40] Meter 337: Generated 7.286 kWh (encrypted: 334442 bytes, 5.396 ms)
[2025-12-10 08:04:00] Meter 337: Generated 3.536 kWh (encrypted: 334430 bytes, 4.723 ms)
[2025-12-10 08:04:20] Meter 337: Generated 3.972 kWh (encrypted: 334100 bytes, 5.075 ms)
[2025-12-10 08:04:39] NETWORK INFO: Server authentication successful for node: aggregator-001
✓ Aggregator connected: aggregator-001 from 127.0.0.1
✓ Sent 334100 bytes to aggregator-001 (0.36ms)
Session completed with aggregator-001
[2025-12-10 08:04:40] Meter 337: Generated 4.688 kWh (encrypted: 334123 bytes, 4.903 ms)
[2025-12-10 08:05:00] Meter 337: Generated 3.688 kWh (encrypted: 334246 bytes, 7.218 ms)
[2025-12-10 08:05:20] Meter 337: Generated 2.530 kWh (encrypted: 334369 bytes, 5.019 ms)
[2025-12-10 08:05:40] Meter 337: Generated 2.414 kWh (encrypted: 334369 bytes, 4.758 ms)
[2025-12-10 08:05:44] NETWORK INFO: Server authentication successful for node: aggregator-001
✓ Aggregator connected: aggregator-001 from 127.0.0.1
✓ Sent 334369 bytes to aggregator-001 (26.34ms)
Session completed with aggregator-001
[2025-12-10 08:06:00] Meter 337: Generated 3.005 kWh (encrypted: 334144 bytes, 6.257 ms)
[2025-12-10 08:06:20] Meter 337: Generated 6.523 kWh (encrypted: 334391 bytes, 6.501 ms)
[2025-12-10 08:06:40] Meter 337: Generated 3.417 kWh (encrypted: 333307 bytes, 6.730 ms)
[2025-12-10 08:06:50] NETWORK INFO: Server authentication successful for node: aggregator-001
✓ Aggregator connected: aggregator-001 from 127.0.0.1
✓ Sent 333307 bytes to aggregator-001 (0.35ms)
Session completed with aggregator-001
[2025-12-10 08:07:00] Meter 337: Generated 1.272 kWh (encrypted: 334190 bytes, 4.795 ms)
[2025-12-10 08:07:20] Meter 337: Generated 1.523 kWh (encrypted: 334492 bytes, 4.604 ms)
[2025-12-10 08:07:40] Meter 337: Generated 4.395 kWh (encrypted: 334470 bytes, 4.425 ms)
[2025-12-10 08:07:56] NETWORK INFO: Server authentication successful for node: aggregator-001
✓ Aggregator connected: aggregator-001 from 127.0.0.1
✓ Sent 334470 bytes to aggregator-001 (0.37ms)
Session completed with aggregator-001
[2025-12-10 08:08:00] Meter 337: Generated 4.905 kWh (encrypted: 334344 bytes, 4.412 ms)
[2025-12-10 08:08:20] Meter 337: Generated 2.067 kWh (encrypted: 334315 bytes, 6.351 ms)
[2025-12-10 08:08:40] Meter 337: Generated 6.407 kWh (encrypted: 334139 bytes, 6.075 ms)
[2025-12-10 08:09:00] Meter 337: Generated 3.658 kWh (encrypted: 334331 bytes, 6.486 ms)
[2025-12-10 08:09:01] NETWORK INFO: Server authentication successful for node: aggregator-001
✓ Aggregator connected: aggregator-001 from 127.0.0.1
✓ Sent 334331 bytes to aggregator-001 (28.22ms)
Session completed with aggregator-001
[2025-12-10 08:09:20] Meter 337: Generated 4.313 kWh (encrypted: 334269 bytes, 9.614 ms)
[2025-12-10 08:09:40] Meter 337: Generated 3.822 kWh (encrypted: 334377 bytes, 4.634 ms)
[2025-12-10 08:10:00] Meter 337: Generated 2.536 kWh (encrypted: 334501 bytes, 7.669 ms)
[2025-12-10 08:10:06] NETWORK INFO: Server authentication successful for node: aggregator-001
✓ Aggregator connected: aggregator-001 from 127.0.0.1
✓ Sent 334501 bytes to aggregator-001 (0.41ms)
Session completed with aggregator-001
[2025-12-10 08:10:20] Meter 337: Generated 6.229 kWh (encrypted: 334414 bytes, 7.846 ms)
[2025-12-10 08:10:40] Meter 337: Generated 1.984 kWh (encrypted: 334140 bytes, 6.507 ms)
[2025-12-10 08:11:00] Meter 337: Generated 5.555 kWh (encrypted: 334220 bytes, 6.711 ms)
[2025-12-10 08:11:12] NETWORK INFO: Server authentication successful for node: aggregator-001
✓ Aggregator connected: aggregator-001 from 127.0.0.1
✓ Sent 334220 bytes to aggregator-001 (15.84ms)
Session completed with aggregator-001
[2025-12-10 08:11:20] Meter 337: Generated 6.822 kWh (encrypted: 334486 bytes, 6.923 ms)
[2025-12-10 08:11:40] Meter 337: Generated 3.722 kWh (encrypted: 333494 bytes, 4.525 ms)
[2025-12-10 08:12:00] Meter 337: Generated 3.511 kWh (encrypted: 334176 bytes, 4.522 ms)
[2025-12-10 08:12:17] NETWORK INFO: Server authentication successful for node: aggregator-001
✓ Aggregator connected: aggregator-001 from 127.0.0.1
✓ Sent 334176 bytes to aggregator-001 (0.37ms)
Session completed with aggregator-001
[2025-12-10 08:12:20] Meter 337: Generated 0.867 kWh (encrypted: 334524 bytes, 4.393 ms)

Received shutdown signal. Gracefully shutting down smart meter...
Network server thread stopped
Data generation thread stopped
Smart meter 337 shutdown complete
