=== Continuous Smart Meter Server 217 ===
Initializing for continuous operation...
SEAL context initialized
Loaded certificate: smart-meter-217
Requesting public keys from KDC...
[2025-12-10 07:59:31] NETWORK ERROR: Failed to connect to 127.0.0.1:8444: Connection refused
Error: Failed to connect to KDC at 127.0.0.1:8444
Error: Failed to send key request to KDC
Failed to obtain keys from KDC, falling back to file keys
Loaded keys from fallback files
Cryptographic components initialized
[2025-12-10 07:59:31] NETWORK INFO: Server socket created and listening on port 9217
✓ Smart meter server ready on port 9217
Data transmission interval: 20 seconds (15x accelerated - simulates 5min)
✓ Performance metrics CSV files initialized in performance_data/
Starting continuous smart meter operation...
Press Ctrl+C to stop gracefully
Data generation thread started
Network server thread started on port 9217
[2025-12-10 07:59:51] Meter 217: Generated 4.030 kWh (encrypted: 334089 bytes, 5.133 ms)
[2025-12-10 08:00:11] Meter 217: Generated 6.796 kWh (encrypted: 334339 bytes, 4.763 ms)
[2025-12-10 08:00:28] NETWORK INFO: Server authentication successful for node: aggregator-001
✓ Aggregator connected: aggregator-001 from 127.0.0.1
✓ Sent 334339 bytes to aggregator-001 (0.74ms)
Session completed with aggregator-001
[2025-12-10 08:00:31] Meter 217: Generated 7.311 kWh (encrypted: 334178 bytes, 4.358 ms)
[2025-12-10 08:00:51] Meter 217: Generated 4.678 kWh (encrypted: 334490 bytes, 4.723 ms)
[2025-12-10 08:01:11] Meter 217: Generated 2.476 kWh (encrypted: 334350 bytes, 4.490 ms)
[2025-12-10 08:01:31] NETWORK INFO: Server authentication successful for node: aggregator-001
✓ Aggregator connected: aggregator-001 from 127.0.0.1
✓ Sent 334350 bytes to aggregator-001 (0.35ms)
Session completed with aggregator-001
[2025-12-10 08:01:31] Meter 217: Generated 3.541 kWh (encrypted: 334410 bytes, 4.711 ms)
[2025-12-10 08:01:51] Meter 217: Generated 4.690 kWh (encrypted: 334322 bytes, 4.489 ms)
[2025-12-10 08:02:11] Meter 217: Generated 5.624 kWh (encrypted: 334297 bytes, 6.097 ms)
[2025-12-10 08:02:31] Meter 217: Generated 2.483 kWh (encrypted: 334426 bytes, 4.314 ms)
[2025-12-10 08:02:33] NETWORK INFO: Server authentication successful for node: aggregator-001
✓ Aggregator connected: aggregator-001 from 127.0.0.1
✓ Sent 334426 bytes to aggregator-001 (0.40ms)
Session completed with aggregator-001
[2025-12-10 08:02:51] Meter 217: Generated 3.779 kWh (encrypted: 334457 bytes, 4.691 ms)
[2025-12-10 08:03:11] Meter 217: Generated 6.486 kWh (encrypted: 334301 bytes, 4.997 ms)
[2025-12-10 08:03:31] Meter 217: Generated 5.927 kWh (encrypted: 334397 bytes, 4.308 ms)
[2025-12-10 08:03:36] NETWORK INFO: Server authentication successful for node: aggregator-001
✓ Aggregator connected: aggregator-001 from 127.0.0.1
✓ Sent 334397 bytes to aggregator-001 (0.44ms)
Session completed with aggregator-001
[2025-12-10 08:03:51] Meter 217: Generated 3.511 kWh (encrypted: 334382 bytes, 4.467 ms)
[2025-12-10 08:04:11] Meter 217: Generated 3.506 kWh (encrypted: 334245 bytes, 4.386 ms)
[2025-12-10 08:04:31] Meter 217: Generated 4.375 kWh (encrypted: 334192 bytes, 4.351 ms)
[2025-12-10 08:04:39] NETWORK INFO: Server authentication successful for node: aggregator-001
✓ Aggregator connected: aggregator-001 from 127.0.0.1
✓ Sent 334192 bytes to aggregator-001 (0.39ms)
Session completed with aggregator-001
[2025-12-10 08:04:51] Meter 217: Generated 1.971 kWh (encrypted: 334187 bytes, 4.328 ms)
[2025-12-10 08:05:11] Meter 217: Generated 3.555 kWh (encrypted: 334250 bytes, 4.439 ms)
[2025-12-10 08:05:31] Meter 217: Generated 7.228 kWh (encrypted: 334179 bytes, 5.931 ms)
[2025-12-10 08:05:44] NETWORK INFO: Server authentication successful for node: aggregator-001
✓ Aggregator connected: aggregator-001 from 127.0.0.1
✓ Sent 334179 bytes to aggregator-001 (57.33ms)
Session completed with aggregator-001
[2025-12-10 08:05:51] Meter 217: Generated 4.213 kWh (encrypted: 334509 bytes, 5.230 ms)
[2025-12-10 08:06:11] Meter 217: Generated 7.118 kWh (encrypted: 334229 bytes, 6.373 ms)
[2025-12-10 08:06:31] Meter 217: Generated 3.012 kWh (encrypted: 334365 bytes, 4.718 ms)
[2025-12-10 08:06:50] NETWORK INFO: Server authentication successful for node: aggregator-001
✓ Aggregator connected: aggregator-001 from 127.0.0.1
✓ Sent 334365 bytes to aggregator-001 (45.35ms)
Session completed with aggregator-001
[2025-12-10 08:06:51] Meter 217: Generated 5.424 kWh (encrypted: 334284 bytes, 7.577 ms)
[2025-12-10 08:07:11] Meter 217: Generated 1.479 kWh (encrypted: 334226 bytes, 4.466 ms)
[2025-12-10 08:07:31] Meter 217: Generated 2.803 kWh (encrypted: 334320 bytes, 4.568 ms)
[2025-12-10 08:07:51] Meter 217: Generated 1.671 kWh (encrypted: 334464 bytes, 4.510 ms)
[2025-12-10 08:07:56] NETWORK INFO: Server authentication successful for node: aggregator-001
✓ Aggregator connected: aggregator-001 from 127.0.0.1
✓ Sent 334464 bytes to aggregator-001 (18.03ms)
Session completed with aggregator-001
[2025-12-10 08:08:11] Meter 217: Generated 1.161 kWh (encrypted: 334254 bytes, 6.429 ms)
[2025-12-10 08:08:31] Meter 217: Generated 6.636 kWh (encrypted: 333891 bytes, 4.573 ms)
[2025-12-10 08:08:51] Meter 217: Generated 5.053 kWh (encrypted: 334329 bytes, 4.717 ms)
[2025-12-10 08:09:01] NETWORK INFO: Server authentication successful for node: aggregator-001
✓ Aggregator connected: aggregator-001 from 127.0.0.1
✓ Sent 334329 bytes to aggregator-001 (6.00ms)
Session completed with aggregator-001
[2025-12-10 08:09:11] Meter 217: Generated 2.667 kWh (encrypted: 334381 bytes, 5.256 ms)
[2025-12-10 08:09:31] Meter 217: Generated 3.308 kWh (encrypted: 334093 bytes, 7.060 ms)
[2025-12-10 08:09:51] Meter 217: Generated 6.671 kWh (encrypted: 334469 bytes, 4.473 ms)
[2025-12-10 08:10:06] NETWORK INFO: Server authentication successful for node: aggregator-001
✓ Aggregator connected: aggregator-001 from 127.0.0.1
✓ Sent 334469 bytes to aggregator-001 (0.40ms)
Session completed with aggregator-001
[2025-12-10 08:10:11] Meter 217: Generated 7.043 kWh (encrypted: 334335 bytes, 6.454 ms)
[2025-12-10 08:10:31] Meter 217: Generated 4.713 kWh (encrypted: 334344 bytes, 5.519 ms)
[2025-12-10 08:10:51] Meter 217: Generated 0.938 kWh (encrypted: 334366 bytes, 4.743 ms)
[2025-12-10 08:11:11] Meter 217: Generated 7.195 kWh (encrypted: 334197 bytes, 4.807 ms)
[2025-12-10 08:11:12] NETWORK INFO: Server authentication successful for node: aggregator-001
✓ Aggregator connected: aggregator-001 from 127.0.0.1
✓ Sent 334197 bytes to aggregator-001 (0.38ms)
Session completed with aggregator-001
[2025-12-10 08:11:31] Meter 217: Generated 4.810 kWh (encrypted: 334462 bytes, 6.809 ms)
[2025-12-10 08:11:51] Meter 217: Generated 6.135 kWh (encrypted: 334296 bytes, 4.727 ms)
[2025-12-10 08:12:11] Meter 217: Generated 5.709 kWh (encrypted: 334459 bytes, 6.886 ms)
[2025-12-10 08:12:17] NETWORK INFO: Server authentication successful for node: aggregator-001
✓ Aggregator connected: aggregator-001 from 127.0.0.1
✓ Sent 334459 bytes to aggregator-001 (0.38ms)
Session completed with aggregator-001
[2025-12-10 08:12:31] Meter 217: Generated 7.025 kWh (encrypted: 334430 bytes, 6.706 ms)

Received shutdown signal. Gracefully shutting down smart meter...
Network server thread stopped
Data generation thread stopped
Smart meter 217 shutdown complete
