=== Continuous Smart Meter Server 107 ===
Initializing for continuous operation...
SEAL context initialized
Loaded certificate: smart-meter-107
Requesting public keys from KDC...
[2025-12-10 07:57:16] NETWORK ERROR: Failed to connect to 127.0.0.1:8444: Connection refused
Error: Failed to connect to KDC at 127.0.0.1:8444
Error: Failed to send key request to KDC
Failed to obtain keys from KDC, falling back to file keys
Loaded keys from fallback files
Cryptographic components initialized
[2025-12-10 07:57:16] NETWORK INFO: Server socket created and listening on port 9107
✓ Smart meter server ready on port 9107
Data transmission interval: 20 seconds (15x accelerated - simulates 5min)
✓ Performance metrics CSV files initialized in performance_data/
Starting continuous smart meter operation...
Press Ctrl+C to stop gracefully
Data generation thread started
Network server thread started on port 9107
[2025-12-10 07:57:36] Meter 107: Generated 6.098 kWh (encrypted: 334252 bytes, 4.837 ms)
[2025-12-10 07:57:56] Meter 107: Generated 7.504 kWh (encrypted: 334432 bytes, 5.571 ms)
[2025-12-10 07:58:16] Meter 107: Generated 4.706 kWh (encrypted: 334222 bytes, 6.641 ms)
[2025-12-10 07:58:25] NETWORK INFO: Server authentication successful for node: aggregator-001
✓ Aggregator connected: aggregator-001 from 127.0.0.1
✓ Sent 334222 bytes to aggregator-001 (0.92ms)
Session completed with aggregator-001
[2025-12-10 07:58:36] Meter 107: Generated 6.428 kWh (encrypted: 334216 bytes, 4.371 ms)
[2025-12-10 07:58:56] Meter 107: Generated 1.123 kWh (encrypted: 334264 bytes, 4.428 ms)
[2025-12-10 07:59:16] Meter 107: Generated 3.041 kWh (encrypted: 334102 bytes, 4.623 ms)
[2025-12-10 07:59:26] NETWORK INFO: Server authentication successful for node: aggregator-001
✓ Aggregator connected: aggregator-001 from 127.0.0.1
✓ Sent 334102 bytes to aggregator-001 (0.43ms)
Session completed with aggregator-001
[2025-12-10 07:59:36] Meter 107: Generated 1.768 kWh (encrypted: 334117 bytes, 4.313 ms)
[2025-12-10 07:59:56] Meter 107: Generated 6.027 kWh (encrypted: 334247 bytes, 4.342 ms)
[2025-12-10 08:00:16] Meter 107: Generated 7.034 kWh (encrypted: 334186 bytes, 5.293 ms)
[2025-12-10 08:00:28] NETWORK INFO: Server authentication successful for node: aggregator-001
✓ Aggregator connected: aggregator-001 from 127.0.0.1
✓ Sent 334186 bytes to aggregator-001 (0.37ms)
Session completed with aggregator-001
[2025-12-10 08:00:36] Meter 107: Generated 5.983 kWh (encrypted: 334399 bytes, 6.245 ms)
[2025-12-10 08:00:56] Meter 107: Generated 1.998 kWh (encrypted: 334438 bytes, 4.364 ms)
[2025-12-10 08:01:16] Meter 107: Generated 4.817 kWh (encrypted: 334426 bytes, 4.298 ms)
[2025-12-10 08:01:31] NETWORK INFO: Server authentication successful for node: aggregator-001
✓ Aggregator connected: aggregator-001 from 127.0.0.1
✓ Sent 334426 bytes to aggregator-001 (0.34ms)
Session completed with aggregator-001
[2025-12-10 08:01:36] Meter 107: Generated 2.407 kWh (encrypted: 333993 bytes, 4.707 ms)
[2025-12-10 08:01:56] Meter 107: Generated 6.846 kWh (encrypted: 334345 bytes, 4.505 ms)
[2025-12-10 08:02:16] Meter 107: Generated 1.251 kWh (encrypted: 334101 bytes, 4.405 ms)
[2025-12-10 08:02:33] NETWORK INFO: Server authentication successful for node: aggregator-001
✓ Aggregator connected: aggregator-001 from 127.0.0.1
✓ Sent 334101 bytes to aggregator-001 (0.35ms)
Session completed with aggregator-001
[2025-12-10 08:02:36] Meter 107: Generated 6.917 kWh (encrypted: 334185 bytes, 5.143 ms)
[2025-12-10 08:02:56] Meter 107: Generated 2.460 kWh (encrypted: 334431 bytes, 4.380 ms)
[2025-12-10 08:03:16] Meter 107: Generated 1.398 kWh (encrypted: 334424 bytes, 5.129 ms)
[2025-12-10 08:03:36] NETWORK INFO: Server authentication successful for node: aggregator-001
✓ Aggregator connected: aggregator-001 from 127.0.0.1
✓ Sent 334424 bytes to aggregator-001 (2.25ms)
Session completed with aggregator-001
[2025-12-10 08:03:36] Meter 107: Generated 1.070 kWh (encrypted: 334349 bytes, 24.719 ms)
[2025-12-10 08:03:56] Meter 107: Generated 4.376 kWh (encrypted: 334348 bytes, 4.594 ms)
[2025-12-10 08:04:16] Meter 107: Generated 2.755 kWh (encrypted: 334115 bytes, 4.521 ms)
[2025-12-10 08:04:36] Meter 107: Generated 4.084 kWh (encrypted: 334463 bytes, 4.787 ms)
[2025-12-10 08:04:40] NETWORK INFO: Server authentication successful for node: aggregator-001
✓ Aggregator connected: aggregator-001 from 127.0.0.1
✓ Sent 334463 bytes to aggregator-001 (0.35ms)
Session completed with aggregator-001
[2025-12-10 08:04:56] Meter 107: Generated 1.932 kWh (encrypted: 334451 bytes, 6.309 ms)
[2025-12-10 08:05:16] Meter 107: Generated 2.401 kWh (encrypted: 334262 bytes, 4.728 ms)
[2025-12-10 08:05:36] Meter 107: Generated 1.440 kWh (encrypted: 334493 bytes, 4.361 ms)
[2025-12-10 08:05:44] NETWORK INFO: Server authentication successful for node: aggregator-001
✓ Aggregator connected: aggregator-001 from 127.0.0.1
✓ Sent 334493 bytes to aggregator-001 (0.35ms)
Session completed with aggregator-001
[2025-12-10 08:05:56] Meter 107: Generated 4.939 kWh (encrypted: 334324 bytes, 6.591 ms)
[2025-12-10 08:06:16] Meter 107: Generated 3.247 kWh (encrypted: 334304 bytes, 6.388 ms)
[2025-12-10 08:06:36] Meter 107: Generated 3.631 kWh (encrypted: 333342 bytes, 5.335 ms)
[2025-12-10 08:06:50] NETWORK INFO: Server authentication successful for node: aggregator-001
✓ Aggregator connected: aggregator-001 from 127.0.0.1
✓ Sent 333342 bytes to aggregator-001 (0.40ms)
Session completed with aggregator-001
[2025-12-10 08:06:56] Meter 107: Generated 1.941 kWh (encrypted: 334238 bytes, 4.766 ms)
[2025-12-10 08:07:16] Meter 107: Generated 4.778 kWh (encrypted: 334381 bytes, 6.594 ms)
[2025-12-10 08:07:36] Meter 107: Generated 1.824 kWh (encrypted: 334429 bytes, 4.967 ms)
[2025-12-10 08:07:55] NETWORK INFO: Server authentication successful for node: aggregator-001
✓ Aggregator connected: aggregator-001 from 127.0.0.1
✓ Sent 334429 bytes to aggregator-001 (1.50ms)
Session completed with aggregator-001
[2025-12-10 08:07:56] Meter 107: Generated 4.151 kWh (encrypted: 334487 bytes, 7.383 ms)
[2025-12-10 08:08:16] Meter 107: Generated 4.677 kWh (encrypted: 334191 bytes, 6.727 ms)
[2025-12-10 08:08:36] Meter 107: Generated 3.185 kWh (encrypted: 334420 bytes, 7.287 ms)
[2025-12-10 08:08:56] Meter 107: Generated 6.804 kWh (encrypted: 334298 bytes, 10.912 ms)
[2025-12-10 08:09:01] NETWORK INFO: Server authentication successful for node: aggregator-001
✓ Aggregator connected: aggregator-001 from 127.0.0.1
✓ Sent 334298 bytes to aggregator-001 (0.38ms)
Session completed with aggregator-001
[2025-12-10 08:09:17] Meter 107: Generated 1.957 kWh (encrypted: 334487 bytes, 7.031 ms)
[2025-12-10 08:09:37] Meter 107: Generated 7.074 kWh (encrypted: 334236 bytes, 4.722 ms)
[2025-12-10 08:09:57] Meter 107: Generated 6.743 kWh (encrypted: 334174 bytes, 4.576 ms)
[2025-12-10 08:10:06] NETWORK INFO: Server authentication successful for node: aggregator-001
✓ Aggregator connected: aggregator-001 from 127.0.0.1
✓ Sent 334174 bytes to aggregator-001 (0.38ms)
Session completed with aggregator-001
[2025-12-10 08:10:17] Meter 107: Generated 2.022 kWh (encrypted: 334512 bytes, 5.919 ms)
[2025-12-10 08:10:37] Meter 107: Generated 3.735 kWh (encrypted: 334440 bytes, 4.848 ms)
[2025-12-10 08:10:57] Meter 107: Generated 5.433 kWh (encrypted: 334186 bytes, 6.799 ms)
[2025-12-10 08:11:12] NETWORK INFO: Server authentication successful for node: aggregator-001
✓ Aggregator connected: aggregator-001 from 127.0.0.1
✓ Sent 334186 bytes to aggregator-001 (0.36ms)
Session completed with aggregator-001
[2025-12-10 08:11:17] Meter 107: Generated 7.016 kWh (encrypted: 334298 bytes, 6.570 ms)
[2025-12-10 08:11:37] Meter 107: Generated 3.993 kWh (encrypted: 334336 bytes, 4.614 ms)
[2025-12-10 08:11:57] Meter 107: Generated 1.965 kWh (encrypted: 334454 bytes, 6.127 ms)
[2025-12-10 08:12:17] Meter 107: Generated 5.095 kWh (encrypted: 334440 bytes, 4.605 ms)
[2025-12-10 08:12:17] NETWORK INFO: Server authentication successful for node: aggregator-001
✓ Aggregator connected: aggregator-001 from 127.0.0.1
✓ Sent 334440 bytes to aggregator-001 (0.46ms)
Session completed with aggregator-001

Received shutdown signal. Gracefully shutting down smart meter...
Network server thread stopped
Data generation thread stopped
Smart meter 107 shutdown complete
