=== Continuous Smart Meter Server 410 ===
Initializing for continuous operation...
SEAL context initialized
Loaded certificate: smart-meter-410
Requesting public keys from KDC...
[2025-12-10 08:03:31] NETWORK ERROR: Failed to connect to 127.0.0.1:8444: Connection refused
Error: Failed to connect to KDC at 127.0.0.1:8444
Error: Failed to send key request to KDC
Failed to obtain keys from KDC, falling back to file keys
Loaded keys from fallback files
Cryptographic components initialized
[2025-12-10 08:03:31] NETWORK INFO: Server socket created and listening on port 9410
✓ Smart meter server ready on port 9410
Data transmission interval: 20 seconds (15x accelerated - simulates 5min)
✓ Performance metrics CSV files initialized in performance_data/
Starting continuous smart meter operation...
Press Ctrl+C to stop gracefully
Data generation thread started
Network server thread started on port 9410
[2025-12-10 08:03:36] NETWORK INFO: Server authentication successful for node: aggregator-001
✓ Aggregator connected: aggregator-001 from 127.0.0.1
[2025-12-10 08:03:51] Meter 410: Generated 4.410 kWh (encrypted: 334101 bytes, 6.863 ms)
✓ Sent 334101 bytes to aggregator-001 (0.99ms)
Session completed with aggregator-001
[2025-12-10 08:04:11] Meter 410: Generated 2.386 kWh (encrypted: 334418 bytes, 4.590 ms)
[2025-12-10 08:04:31] Meter 410: Generated 4.014 kWh (encrypted: 334396 bytes, 4.551 ms)
[2025-12-10 08:04:40] NETWORK INFO: Server authentication successful for node: aggregator-001
✓ Aggregator connected: aggregator-001 from 127.0.0.1
✓ Sent 334396 bytes to aggregator-001 (0.37ms)
Session completed with aggregator-001
[2025-12-10 08:04:51] Meter 410: Generated 0.804 kWh (encrypted: 334329 bytes, 4.300 ms)
[2025-12-10 08:05:11] Meter 410: Generated 1.938 kWh (encrypted: 334360 bytes, 4.432 ms)
[2025-12-10 08:05:31] Meter 410: Generated 0.670 kWh (encrypted: 334367 bytes, 5.695 ms)
[2025-12-10 08:05:44] NETWORK INFO: Server authentication successful for node: aggregator-001
✓ Aggregator connected: aggregator-001 from 127.0.0.1
✓ Sent 334367 bytes to aggregator-001 (70.50ms)
Session completed with aggregator-001
[2025-12-10 08:05:51] Meter 410: Generated 6.596 kWh (encrypted: 334142 bytes, 4.395 ms)
[2025-12-10 08:06:11] Meter 410: Generated 4.008 kWh (encrypted: 334212 bytes, 6.474 ms)
[2025-12-10 08:06:31] Meter 410: Generated 1.994 kWh (encrypted: 334305 bytes, 4.435 ms)
[2025-12-10 08:06:50] NETWORK INFO: Server authentication successful for node: aggregator-001
✓ Aggregator connected: aggregator-001 from 127.0.0.1
✓ Sent 334305 bytes to aggregator-001 (0.40ms)
Session completed with aggregator-001
[2025-12-10 08:06:51] Meter 410: Generated 4.943 kWh (encrypted: 334369 bytes, 5.606 ms)
[2025-12-10 08:07:11] Meter 410: Generated 1.905 kWh (encrypted: 334259 bytes, 4.430 ms)
[2025-12-10 08:07:31] Meter 410: Generated 2.445 kWh (encrypted: 334464 bytes, 6.091 ms)
[2025-12-10 08:07:51] Meter 410: Generated 6.198 kWh (encrypted: 334094 bytes, 4.404 ms)
[2025-12-10 08:07:56] NETWORK INFO: Server authentication successful for node: aggregator-001
✓ Aggregator connected: aggregator-001 from 127.0.0.1
✓ Sent 334094 bytes to aggregator-001 (0.35ms)
Session completed with aggregator-001
[2025-12-10 08:08:11] Meter 410: Generated 5.415 kWh (encrypted: 334144 bytes, 4.878 ms)
[2025-12-10 08:08:31] Meter 410: Generated 2.593 kWh (encrypted: 334404 bytes, 6.442 ms)
[2025-12-10 08:08:51] Meter 410: Generated 5.017 kWh (encrypted: 334311 bytes, 6.171 ms)
[2025-12-10 08:09:01] NETWORK INFO: Server authentication successful for node: aggregator-001
✓ Aggregator connected: aggregator-001 from 127.0.0.1
✓ Sent 334311 bytes to aggregator-001 (2.07ms)
Session completed with aggregator-001
[2025-12-10 08:09:11] Meter 410: Generated 1.045 kWh (encrypted: 334459 bytes, 4.585 ms)
[2025-12-10 08:09:31] Meter 410: Generated 6.873 kWh (encrypted: 334093 bytes, 6.483 ms)
[2025-12-10 08:09:51] Meter 410: Generated 6.393 kWh (encrypted: 334297 bytes, 4.569 ms)
[2025-12-10 08:10:06] NETWORK INFO: Server authentication successful for node: aggregator-001
✓ Aggregator connected: aggregator-001 from 127.0.0.1
✓ Sent 334297 bytes to aggregator-001 (0.40ms)
Session completed with aggregator-001
[2025-12-10 08:10:11] Meter 410: Generated 4.975 kWh (encrypted: 334244 bytes, 4.433 ms)
[2025-12-10 08:10:31] Meter 410: Generated 2.784 kWh (encrypted: 334110 bytes, 6.423 ms)
[2025-12-10 08:10:51] Meter 410: Generated 2.972 kWh (encrypted: 334023 bytes, 4.714 ms)
[2025-12-10 08:11:11] Meter 410: Generated 4.223 kWh (encrypted: 334392 bytes, 4.602 ms)
[2025-12-10 08:11:12] NETWORK INFO: Server authentication successful for node: aggregator-001
✓ Aggregator connected: aggregator-001 from 127.0.0.1
✓ Sent 334392 bytes to aggregator-001 (1.96ms)
Session completed with aggregator-001
[2025-12-10 08:11:31] Meter 410: Generated 3.916 kWh (encrypted: 334462 bytes, 5.229 ms)
[2025-12-10 08:11:51] Meter 410: Generated 3.609 kWh (encrypted: 334366 bytes, 4.473 ms)
[2025-12-10 08:12:11] Meter 410: Generated 3.943 kWh (encrypted: 334013 bytes, 6.815 ms)
[2025-12-10 08:12:17] NETWORK INFO: Server authentication successful for node: aggregator-001
✓ Aggregator connected: aggregator-001 from 127.0.0.1
✓ Sent 334013 bytes to aggregator-001 (1.66ms)
Session completed with aggregator-001
[2025-12-10 08:12:31] Meter 410: Generated 1.060 kWh (encrypted: 334189 bytes, 4.867 ms)

Received shutdown signal. Gracefully shutting down smart meter...
Network server thread stopped
Data generation thread stopped
Smart meter 410 shutdown complete
