=== Continuous Smart Meter Server 105 ===
Initializing for continuous operation...
SEAL context initialized
Loaded certificate: smart-meter-105
Requesting public keys from KDC...
[2025-12-10 07:57:14] NETWORK ERROR: Failed to connect to 127.0.0.1:8444: Connection refused
Error: Failed to connect to KDC at 127.0.0.1:8444
Error: Failed to send key request to KDC
Failed to obtain keys from KDC, falling back to file keys
Loaded keys from fallback files
Cryptographic components initialized
[2025-12-10 07:57:14] NETWORK INFO: Server socket created and listening on port 9105
✓ Smart meter server ready on port 9105
Data transmission interval: 20 seconds (15x accelerated - simulates 5min)
✓ Performance metrics CSV files initialized in performance_data/
Starting continuous smart meter operation...
Press Ctrl+C to stop gracefully
Data generation thread started
Network server thread started on port 9105
[2025-12-10 07:57:15] NETWORK INFO: Server authentication successful for node: aggregator-001
✓ Aggregator connected: aggregator-001 from 127.0.0.1
[2025-12-10 07:57:34] Meter 105: Generated 5.139 kWh (encrypted: 334492 bytes, 6.615 ms)
✓ Sent 334492 bytes to aggregator-001 (0.78ms)
Session completed with aggregator-001
[2025-12-10 07:57:54] Meter 105: Generated 6.070 kWh (encrypted: 334100 bytes, 4.740 ms)
[2025-12-10 07:58:14] Meter 105: Generated 2.942 kWh (encrypted: 334227 bytes, 4.331 ms)
[2025-12-10 07:58:25] NETWORK INFO: Server authentication successful for node: aggregator-001
✓ Aggregator connected: aggregator-001 from 127.0.0.1
✓ Sent 334227 bytes to aggregator-001 (0.35ms)
Session completed with aggregator-001
[2025-12-10 07:58:34] Meter 105: Generated 2.712 kWh (encrypted: 334160 bytes, 4.292 ms)
[2025-12-10 07:58:54] Meter 105: Generated 7.229 kWh (encrypted: 334424 bytes, 4.369 ms)
[2025-12-10 07:59:14] Meter 105: Generated 2.139 kWh (encrypted: 334398 bytes, 4.337 ms)
[2025-12-10 07:59:26] NETWORK INFO: Server authentication successful for node: aggregator-001
✓ Aggregator connected: aggregator-001 from 127.0.0.1
✓ Sent 334398 bytes to aggregator-001 (0.37ms)
Session completed with aggregator-001
[2025-12-10 07:59:34] Meter 105: Generated 2.665 kWh (encrypted: 334388 bytes, 5.009 ms)
[2025-12-10 07:59:54] Meter 105: Generated 1.866 kWh (encrypted: 334332 bytes, 4.293 ms)
[2025-12-10 08:00:14] Meter 105: Generated 3.396 kWh (encrypted: 334350 bytes, 4.301 ms)
[2025-12-10 08:00:28] NETWORK INFO: Server authentication successful for node: aggregator-001
✓ Aggregator connected: aggregator-001 from 127.0.0.1
✓ Sent 334350 bytes to aggregator-001 (5.68ms)
Session completed with aggregator-001
[2025-12-10 08:00:34] Meter 105: Generated 4.849 kWh (encrypted: 334345 bytes, 5.672 ms)
[2025-12-10 08:00:54] Meter 105: Generated 5.256 kWh (encrypted: 334403 bytes, 4.361 ms)
[2025-12-10 08:01:14] Meter 105: Generated 6.640 kWh (encrypted: 333934 bytes, 6.634 ms)
[2025-12-10 08:01:31] NETWORK INFO: Server authentication successful for node: aggregator-001
✓ Aggregator connected: aggregator-001 from 127.0.0.1
✓ Sent 333934 bytes to aggregator-001 (0.37ms)
Session completed with aggregator-001
[2025-12-10 08:01:34] Meter 105: Generated 7.165 kWh (encrypted: 334437 bytes, 4.403 ms)
[2025-12-10 08:01:54] Meter 105: Generated 0.745 kWh (encrypted: 334285 bytes, 4.325 ms)
[2025-12-10 08:02:14] Meter 105: Generated 0.851 kWh (encrypted: 334230 bytes, 5.526 ms)
[2025-12-10 08:02:33] NETWORK INFO: Server authentication successful for node: aggregator-001
✓ Aggregator connected: aggregator-001 from 127.0.0.1
✓ Sent 334230 bytes to aggregator-001 (0.42ms)
Session completed with aggregator-001
[2025-12-10 08:02:34] Meter 105: Generated 3.387 kWh (encrypted: 334081 bytes, 4.727 ms)
[2025-12-10 08:02:54] Meter 105: Generated 2.859 kWh (encrypted: 334291 bytes, 5.166 ms)
[2025-12-10 08:03:14] Meter 105: Generated 3.933 kWh (encrypted: 334221 bytes, 4.350 ms)
[2025-12-10 08:03:34] Meter 105: Generated 2.667 kWh (encrypted: 334486 bytes, 4.569 ms)
[2025-12-10 08:03:36] NETWORK INFO: Server authentication successful for node: aggregator-001
✓ Aggregator connected: aggregator-001 from 127.0.0.1
✓ Sent 334486 bytes to aggregator-001 (0.39ms)
Session completed with aggregator-001
[2025-12-10 08:03:54] Meter 105: Generated 4.739 kWh (encrypted: 334458 bytes, 5.114 ms)
[2025-12-10 08:04:14] Meter 105: Generated 6.096 kWh (encrypted: 334040 bytes, 5.043 ms)
[2025-12-10 08:04:34] Meter 105: Generated 1.627 kWh (encrypted: 334099 bytes, 4.386 ms)
[2025-12-10 08:04:39] NETWORK INFO: Server authentication successful for node: aggregator-001
✓ Aggregator connected: aggregator-001 from 127.0.0.1
✓ Sent 334099 bytes to aggregator-001 (0.45ms)
Session completed with aggregator-001
[2025-12-10 08:04:54] Meter 105: Generated 4.479 kWh (encrypted: 334019 bytes, 4.536 ms)
[2025-12-10 08:05:14] Meter 105: Generated 1.200 kWh (encrypted: 334268 bytes, 6.534 ms)
[2025-12-10 08:05:34] Meter 105: Generated 1.716 kWh (encrypted: 334329 bytes, 4.269 ms)
[2025-12-10 08:05:44] NETWORK INFO: Server authentication successful for node: aggregator-001
✓ Aggregator connected: aggregator-001 from 127.0.0.1
✓ Sent 334329 bytes to aggregator-001 (4.03ms)
Session completed with aggregator-001
[2025-12-10 08:05:54] Meter 105: Generated 4.775 kWh (encrypted: 334337 bytes, 4.315 ms)
[2025-12-10 08:06:14] Meter 105: Generated 2.615 kWh (encrypted: 334476 bytes, 6.264 ms)
[2025-12-10 08:06:34] Meter 105: Generated 1.868 kWh (encrypted: 334109 bytes, 5.125 ms)
[2025-12-10 08:06:50] NETWORK INFO: Server authentication successful for node: aggregator-001
✓ Aggregator connected: aggregator-001 from 127.0.0.1
✓ Sent 334109 bytes to aggregator-001 (0.34ms)
Session completed with aggregator-001
[2025-12-10 08:06:54] Meter 105: Generated 6.660 kWh (encrypted: 334274 bytes, 4.399 ms)
[2025-12-10 08:07:14] Meter 105: Generated 4.730 kWh (encrypted: 334331 bytes, 6.559 ms)
[2025-12-10 08:07:34] Meter 105: Generated 0.719 kWh (encrypted: 334417 bytes, 4.542 ms)
[2025-12-10 08:07:54] Meter 105: Generated 2.842 kWh (encrypted: 334481 bytes, 4.364 ms)
[2025-12-10 08:07:56] NETWORK INFO: Server authentication successful for node: aggregator-001
✓ Aggregator connected: aggregator-001 from 127.0.0.1
✓ Sent 334481 bytes to aggregator-001 (0.38ms)
Session completed with aggregator-001
[2025-12-10 08:08:14] Meter 105: Generated 6.832 kWh (encrypted: 333676 bytes, 8.010 ms)
[2025-12-10 08:08:34] Meter 105: Generated 3.487 kWh (encrypted: 334139 bytes, 4.736 ms)
[2025-12-10 08:08:54] Meter 105: Generated 4.044 kWh (encrypted: 334458 bytes, 5.631 ms)
[2025-12-10 08:09:01] NETWORK INFO: Server authentication successful for node: aggregator-001
✓ Aggregator connected: aggregator-001 from 127.0.0.1
✓ Sent 334458 bytes to aggregator-001 (0.33ms)
Session completed with aggregator-001
[2025-12-10 08:09:14] Meter 105: Generated 2.418 kWh (encrypted: 334110 bytes, 7.472 ms)
[2025-12-10 08:09:34] Meter 105: Generated 7.215 kWh (encrypted: 334305 bytes, 5.640 ms)
[2025-12-10 08:09:54] Meter 105: Generated 7.055 kWh (encrypted: 334357 bytes, 4.569 ms)
[2025-12-10 08:10:06] NETWORK INFO: Server authentication successful for node: aggregator-001
✓ Aggregator connected: aggregator-001 from 127.0.0.1
✓ Sent 334357 bytes to aggregator-001 (18.06ms)
Session completed with aggregator-001
[2025-12-10 08:10:14] Meter 105: Generated 1.436 kWh (encrypted: 334072 bytes, 4.757 ms)
[2025-12-10 08:10:34] Meter 105: Generated 1.540 kWh (encrypted: 334371 bytes, 4.964 ms)
[2025-12-10 08:10:54] Meter 105: Generated 3.496 kWh (encrypted: 334059 bytes, 4.710 ms)
[2025-12-10 08:11:12] NETWORK INFO: Server authentication successful for node: aggregator-001
✓ Aggregator connected: aggregator-001 from 127.0.0.1
✓ Sent 334059 bytes to aggregator-001 (0.40ms)
Session completed with aggregator-001
[2025-12-10 08:11:14] Meter 105: Generated 2.389 kWh (encrypted: 334352 bytes, 7.034 ms)
[2025-12-10 08:11:34] Meter 105: Generated 4.772 kWh (encrypted: 333275 bytes, 4.532 ms)
[2025-12-10 08:11:54] Meter 105: Generated 6.524 kWh (encrypted: 334392 bytes, 5.427 ms)
[2025-12-10 08:12:14] Meter 105: Generated 5.219 kWh (encrypted: 334447 bytes, 6.416 ms)
[2025-12-10 08:12:17] NETWORK INFO: Server authentication successful for node: aggregator-001
✓ Aggregator connected: aggregator-001 from 127.0.0.1
✓ Sent 334447 bytes to aggregator-001 (0.38ms)
Session completed with aggregator-001
[2025-12-10 08:12:34] Meter 105: Generated 5.211 kWh (encrypted: 334286 bytes, 5.546 ms)

Received shutdown signal. Gracefully shutting down smart meter...
Network server thread stopped
Data generation thread stopped
Smart meter 105 shutdown complete
