=== Continuous Smart Meter Server 9 ===
Initializing for continuous operation...
SEAL context initialized
Loaded certificate: smart-meter-009
Requesting public keys from KDC...
[2025-12-03 07:40:53] NETWORK ERROR: Failed to connect to 127.0.0.1:8444: Connection refused
Error: Failed to connect to KDC at 127.0.0.1:8444
Error: Failed to send key request to KDC
Failed to obtain keys from KDC, falling back to file keys
Loaded keys from fallback files
Cryptographic components initialized
[2025-12-03 07:40:53] NETWORK INFO: Server socket created and listening on port 9009
✓ Smart meter server ready on port 9009
Data transmission interval: 20 seconds (15x accelerated - simulates 5min)
✓ Performance metrics CSV files initialized in performance_data/
Starting continuous smart meter operation...
Press Ctrl+C to stop gracefully
Data generation thread started
Network server thread started on port 9009
[2025-12-03 07:41:13] Meter 9: Generated 6.925 kWh (encrypted: 334508 bytes, 4.957 ms)
[2025-12-03 07:41:33] Meter 9: Generated 6.911 kWh (encrypted: 333286 bytes, 4.669 ms)
[2025-12-03 07:41:41] NETWORK INFO: Server authentication successful for node: aggregator-001
✓ Aggregator connected: aggregator-001 from 127.0.0.1
✓ Sent 333286 bytes to aggregator-001 (0.61ms)
Session completed with aggregator-001
[2025-12-03 07:41:53] Meter 9: Generated 7.239 kWh (encrypted: 334382 bytes, 4.546 ms)
[2025-12-03 07:42:13] Meter 9: Generated 3.365 kWh (encrypted: 334131 bytes, 4.441 ms)
[2025-12-03 07:42:33] Meter 9: Generated 6.629 kWh (encrypted: 334213 bytes, 4.502 ms)
[2025-12-03 07:42:42] NETWORK INFO: Server authentication successful for node: aggregator-001
✓ Aggregator connected: aggregator-001 from 127.0.0.1
✓ Sent 334213 bytes to aggregator-001 (0.39ms)
Session completed with aggregator-001
[2025-12-03 07:42:53] Meter 9: Generated 1.667 kWh (encrypted: 333976 bytes, 4.550 ms)
[2025-12-03 07:43:13] Meter 9: Generated 4.147 kWh (encrypted: 334313 bytes, 4.612 ms)
[2025-12-03 07:43:33] Meter 9: Generated 4.136 kWh (encrypted: 334116 bytes, 4.687 ms)
[2025-12-03 07:43:42] NETWORK INFO: Server authentication successful for node: aggregator-001
✓ Aggregator connected: aggregator-001 from 127.0.0.1
✓ Sent 334116 bytes to aggregator-001 (0.44ms)
Session completed with aggregator-001
[2025-12-03 07:43:53] Meter 9: Generated 5.410 kWh (encrypted: 334354 bytes, 4.379 ms)
[2025-12-03 07:44:13] Meter 9: Generated 2.177 kWh (encrypted: 334452 bytes, 4.528 ms)
[2025-12-03 07:44:33] Meter 9: Generated 6.264 kWh (encrypted: 334420 bytes, 4.444 ms)
[2025-12-03 07:44:42] NETWORK INFO: Server authentication successful for node: aggregator-001
✓ Aggregator connected: aggregator-001 from 127.0.0.1
✓ Sent 334420 bytes to aggregator-001 (0.48ms)
Session completed with aggregator-001
[2025-12-03 07:44:53] Meter 9: Generated 6.861 kWh (encrypted: 334483 bytes, 4.392 ms)
[2025-12-03 07:45:13] Meter 9: Generated 4.295 kWh (encrypted: 334460 bytes, 4.482 ms)
[2025-12-03 07:45:33] Meter 9: Generated 4.400 kWh (encrypted: 334291 bytes, 4.364 ms)
[2025-12-03 07:45:42] NETWORK INFO: Server authentication successful for node: aggregator-001
✓ Aggregator connected: aggregator-001 from 127.0.0.1
✓ Sent 334291 bytes to aggregator-001 (0.83ms)
Session completed with aggregator-001
[2025-12-03 07:45:53] Meter 9: Generated 4.486 kWh (encrypted: 334479 bytes, 4.993 ms)
[2025-12-03 07:46:13] Meter 9: Generated 2.930 kWh (encrypted: 334373 bytes, 4.450 ms)
[2025-12-03 07:46:33] Meter 9: Generated 5.544 kWh (encrypted: 334520 bytes, 4.485 ms)
[2025-12-03 07:46:43] NETWORK INFO: Server authentication successful for node: aggregator-001
✓ Aggregator connected: aggregator-001 from 127.0.0.1
✓ Sent 334520 bytes to aggregator-001 (0.41ms)
Session completed with aggregator-001
[2025-12-03 07:46:53] Meter 9: Generated 2.957 kWh (encrypted: 334447 bytes, 4.689 ms)
[2025-12-03 07:47:13] Meter 9: Generated 5.906 kWh (encrypted: 334111 bytes, 4.440 ms)
[2025-12-03 07:47:33] Meter 9: Generated 4.466 kWh (encrypted: 334399 bytes, 4.734 ms)
[2025-12-03 07:47:43] NETWORK INFO: Server authentication successful for node: aggregator-001
✓ Aggregator connected: aggregator-001 from 127.0.0.1
✓ Sent 334399 bytes to aggregator-001 (0.39ms)
Session completed with aggregator-001
[2025-12-03 07:47:53] Meter 9: Generated 1.533 kWh (encrypted: 334176 bytes, 4.788 ms)
[2025-12-03 07:48:13] Meter 9: Generated 5.677 kWh (encrypted: 334298 bytes, 4.489 ms)
[2025-12-03 07:48:33] Meter 9: Generated 0.754 kWh (encrypted: 334416 bytes, 4.583 ms)
[2025-12-03 07:48:43] NETWORK INFO: Server authentication successful for node: aggregator-001
✓ Aggregator connected: aggregator-001 from 127.0.0.1
✓ Sent 334416 bytes to aggregator-001 (0.37ms)
Session completed with aggregator-001
[2025-12-03 07:48:53] Meter 9: Generated 3.451 kWh (encrypted: 334060 bytes, 4.554 ms)
[2025-12-03 07:49:13] Meter 9: Generated 1.107 kWh (encrypted: 334350 bytes, 4.554 ms)
[2025-12-03 07:49:33] Meter 9: Generated 6.871 kWh (encrypted: 334267 bytes, 4.573 ms)
[2025-12-03 07:49:44] NETWORK INFO: Server authentication successful for node: aggregator-001
✓ Aggregator connected: aggregator-001 from 127.0.0.1
✓ Sent 334267 bytes to aggregator-001 (0.37ms)
Session completed with aggregator-001
[2025-12-03 07:49:53] Meter 9: Generated 4.291 kWh (encrypted: 334319 bytes, 4.535 ms)
[2025-12-03 07:50:13] Meter 9: Generated 6.563 kWh (encrypted: 334254 bytes, 4.586 ms)
[2025-12-03 07:50:33] Meter 9: Generated 1.104 kWh (encrypted: 334326 bytes, 4.589 ms)
[2025-12-03 07:50:44] NETWORK INFO: Server authentication successful for node: aggregator-001
✓ Aggregator connected: aggregator-001 from 127.0.0.1
✓ Sent 334326 bytes to aggregator-001 (0.49ms)
Session completed with aggregator-001
[2025-12-03 07:50:53] Meter 9: Generated 2.975 kWh (encrypted: 334524 bytes, 4.577 ms)
[2025-12-03 07:51:13] Meter 9: Generated 3.827 kWh (encrypted: 334507 bytes, 4.395 ms)
[2025-12-03 07:51:33] Meter 9: Generated 4.242 kWh (encrypted: 334297 bytes, 4.440 ms)
[2025-12-03 07:51:44] NETWORK INFO: Server authentication successful for node: aggregator-001
✓ Aggregator connected: aggregator-001 from 127.0.0.1
✓ Sent 334297 bytes to aggregator-001 (0.77ms)
Session completed with aggregator-001
[2025-12-03 07:51:53] Meter 9: Generated 7.244 kWh (encrypted: 334305 bytes, 4.322 ms)
[2025-12-03 07:52:13] Meter 9: Generated 2.192 kWh (encrypted: 334307 bytes, 4.350 ms)
[2025-12-03 07:52:33] Meter 9: Generated 1.799 kWh (encrypted: 334128 bytes, 4.764 ms)
[2025-12-03 07:52:44] NETWORK INFO: Server authentication successful for node: aggregator-001
✓ Aggregator connected: aggregator-001 from 127.0.0.1
✓ Sent 334128 bytes to aggregator-001 (0.44ms)
Session completed with aggregator-001
[2025-12-03 07:52:53] Meter 9: Generated 4.649 kWh (encrypted: 334470 bytes, 4.459 ms)
[2025-12-03 07:53:13] Meter 9: Generated 1.288 kWh (encrypted: 334380 bytes, 4.540 ms)
[2025-12-03 07:53:33] Meter 9: Generated 1.433 kWh (encrypted: 334320 bytes, 4.514 ms)
[2025-12-03 07:53:45] NETWORK INFO: Server authentication successful for node: aggregator-001
✓ Aggregator connected: aggregator-001 from 127.0.0.1
✓ Sent 334320 bytes to aggregator-001 (0.33ms)
Session completed with aggregator-001
[2025-12-03 07:53:53] Meter 9: Generated 5.673 kWh (encrypted: 334393 bytes, 4.717 ms)
[2025-12-03 07:54:13] Meter 9: Generated 5.211 kWh (encrypted: 334243 bytes, 4.463 ms)
[2025-12-03 07:54:33] Meter 9: Generated 1.483 kWh (encrypted: 334494 bytes, 4.549 ms)
[2025-12-03 07:54:45] NETWORK INFO: Server authentication successful for node: aggregator-001
✓ Aggregator connected: aggregator-001 from 127.0.0.1
✓ Sent 334494 bytes to aggregator-001 (0.40ms)
Session completed with aggregator-001
[2025-12-03 07:54:53] Meter 9: Generated 0.722 kWh (encrypted: 334139 bytes, 4.711 ms)
[2025-12-03 07:55:13] Meter 9: Generated 2.540 kWh (encrypted: 334401 bytes, 4.806 ms)
[2025-12-03 07:55:33] Meter 9: Generated 6.940 kWh (encrypted: 334160 bytes, 5.303 ms)
[2025-12-03 07:55:45] NETWORK INFO: Server authentication successful for node: aggregator-001
✓ Aggregator connected: aggregator-001 from 127.0.0.1
✓ Sent 334160 bytes to aggregator-001 (0.41ms)
Session completed with aggregator-001
[2025-12-03 07:55:53] Meter 9: Generated 3.606 kWh (encrypted: 334459 bytes, 4.523 ms)
[2025-12-03 07:56:13] Meter 9: Generated 3.893 kWh (encrypted: 334437 bytes, 4.747 ms)
[2025-12-03 07:56:33] Meter 9: Generated 5.444 kWh (encrypted: 334467 bytes, 4.727 ms)
[2025-12-03 07:56:46] NETWORK INFO: Server authentication successful for node: aggregator-001
✓ Aggregator connected: aggregator-001 from 127.0.0.1
✓ Sent 334467 bytes to aggregator-001 (0.41ms)
Session completed with aggregator-001
[2025-12-03 07:56:53] Meter 9: Generated 6.094 kWh (encrypted: 334236 bytes, 4.777 ms)
[2025-12-03 07:57:13] Meter 9: Generated 7.368 kWh (encrypted: 334394 bytes, 4.507 ms)
[2025-12-03 07:57:33] Meter 9: Generated 7.414 kWh (encrypted: 334216 bytes, 5.818 ms)
[2025-12-03 07:57:46] NETWORK INFO: Server authentication successful for node: aggregator-001
✓ Aggregator connected: aggregator-001 from 127.0.0.1
✓ Sent 334216 bytes to aggregator-001 (0.50ms)
Session completed with aggregator-001
[2025-12-03 07:57:53] Meter 9: Generated 6.295 kWh (encrypted: 334034 bytes, 4.697 ms)
[2025-12-03 07:58:13] Meter 9: Generated 2.662 kWh (encrypted: 334237 bytes, 4.509 ms)
[2025-12-03 07:58:33] Meter 9: Generated 1.435 kWh (encrypted: 334346 bytes, 4.661 ms)
[2025-12-03 07:58:46] NETWORK INFO: Server authentication successful for node: aggregator-001
✓ Aggregator connected: aggregator-001 from 127.0.0.1
✓ Sent 334346 bytes to aggregator-001 (0.34ms)
Session completed with aggregator-001
[2025-12-03 07:58:53] Meter 9: Generated 1.023 kWh (encrypted: 333563 bytes, 4.506 ms)
[2025-12-03 07:59:13] Meter 9: Generated 1.476 kWh (encrypted: 334520 bytes, 4.465 ms)
[2025-12-03 07:59:33] Meter 9: Generated 6.917 kWh (encrypted: 334415 bytes, 4.628 ms)
[2025-12-03 07:59:46] NETWORK INFO: Server authentication successful for node: aggregator-001
✓ Aggregator connected: aggregator-001 from 127.0.0.1
✓ Sent 334415 bytes to aggregator-001 (0.54ms)
Session completed with aggregator-001
[2025-12-03 07:59:53] Meter 9: Generated 4.418 kWh (encrypted: 333753 bytes, 4.601 ms)
[2025-12-03 08:00:13] Meter 9: Generated 1.605 kWh (encrypted: 334053 bytes, 4.557 ms)
[2025-12-03 08:00:33] Meter 9: Generated 2.549 kWh (encrypted: 333985 bytes, 4.367 ms)
[2025-12-03 08:00:47] NETWORK INFO: Server authentication successful for node: aggregator-001
✓ Aggregator connected: aggregator-001 from 127.0.0.1
✓ Sent 333985 bytes to aggregator-001 (0.46ms)
Session completed with aggregator-001
[2025-12-03 08:00:53] Meter 9: Generated 5.430 kWh (encrypted: 334343 bytes, 4.698 ms)
[2025-12-03 08:01:13] Meter 9: Generated 6.114 kWh (encrypted: 334274 bytes, 4.664 ms)
[2025-12-03 08:01:33] Meter 9: Generated 4.810 kWh (encrypted: 334245 bytes, 4.544 ms)
[2025-12-03 08:01:47] NETWORK INFO: Server authentication successful for node: aggregator-001
✓ Aggregator connected: aggregator-001 from 127.0.0.1
✓ Sent 334245 bytes to aggregator-001 (0.38ms)
Session completed with aggregator-001
[2025-12-03 08:01:53] Meter 9: Generated 1.022 kWh (encrypted: 334173 bytes, 4.489 ms)
[2025-12-03 08:02:13] Meter 9: Generated 2.912 kWh (encrypted: 334261 bytes, 4.425 ms)
[2025-12-03 08:02:33] Meter 9: Generated 4.485 kWh (encrypted: 334237 bytes, 4.530 ms)
[2025-12-03 08:02:47] NETWORK INFO: Server authentication successful for node: aggregator-001
✓ Aggregator connected: aggregator-001 from 127.0.0.1
✓ Sent 334237 bytes to aggregator-001 (0.37ms)
Session completed with aggregator-001
[2025-12-03 08:02:53] Meter 9: Generated 6.216 kWh (encrypted: 334334 bytes, 4.462 ms)
[2025-12-03 08:03:13] Meter 9: Generated 6.263 kWh (encrypted: 334373 bytes, 4.364 ms)
[2025-12-03 08:03:33] Meter 9: Generated 3.512 kWh (encrypted: 334151 bytes, 4.489 ms)
[2025-12-03 08:03:47] NETWORK INFO: Server authentication successful for node: aggregator-001
✓ Aggregator connected: aggregator-001 from 127.0.0.1
✓ Sent 334151 bytes to aggregator-001 (0.43ms)
Session completed with aggregator-001
[2025-12-03 08:03:54] Meter 9: Generated 4.764 kWh (encrypted: 334387 bytes, 4.464 ms)
[2025-12-03 08:04:14] Meter 9: Generated 7.066 kWh (encrypted: 334403 bytes, 4.490 ms)
[2025-12-03 08:04:34] Meter 9: Generated 2.967 kWh (encrypted: 334415 bytes, 6.268 ms)
[2025-12-03 08:04:48] NETWORK INFO: Server authentication successful for node: aggregator-001
✓ Aggregator connected: aggregator-001 from 127.0.0.1
✓ Sent 334415 bytes to aggregator-001 (0.43ms)
Session completed with aggregator-001
[2025-12-03 08:04:54] Meter 9: Generated 3.175 kWh (encrypted: 334464 bytes, 4.269 ms)
[2025-12-03 08:05:14] Meter 9: Generated 4.710 kWh (encrypted: 334390 bytes, 4.580 ms)
[2025-12-03 08:05:34] Meter 9: Generated 6.538 kWh (encrypted: 334543 bytes, 4.439 ms)
[2025-12-03 08:05:48] NETWORK INFO: Server authentication successful for node: aggregator-001
✓ Aggregator connected: aggregator-001 from 127.0.0.1
✓ Sent 334543 bytes to aggregator-001 (0.52ms)
Session completed with aggregator-001
[2025-12-03 08:05:54] Meter 9: Generated 1.154 kWh (encrypted: 334398 bytes, 4.538 ms)
[2025-12-03 08:06:14] Meter 9: Generated 5.654 kWh (encrypted: 334406 bytes, 4.726 ms)
[2025-12-03 08:06:34] Meter 9: Generated 1.692 kWh (encrypted: 334467 bytes, 4.572 ms)
[2025-12-03 08:06:48] NETWORK INFO: Server authentication successful for node: aggregator-001
✓ Aggregator connected: aggregator-001 from 127.0.0.1
✓ Sent 334467 bytes to aggregator-001 (0.35ms)
Session completed with aggregator-001
[2025-12-03 08:06:54] Meter 9: Generated 3.907 kWh (encrypted: 334019 bytes, 4.486 ms)
[2025-12-03 08:07:14] Meter 9: Generated 5.825 kWh (encrypted: 334340 bytes, 4.485 ms)
[2025-12-03 08:07:34] Meter 9: Generated 1.961 kWh (encrypted: 333323 bytes, 4.523 ms)
[2025-12-03 08:07:49] NETWORK INFO: Server authentication successful for node: aggregator-001
✓ Aggregator connected: aggregator-001 from 127.0.0.1
✓ Sent 333323 bytes to aggregator-001 (0.51ms)
Session completed with aggregator-001
[2025-12-03 08:07:54] Meter 9: Generated 3.028 kWh (encrypted: 334488 bytes, 4.577 ms)
[2025-12-03 08:08:14] Meter 9: Generated 5.442 kWh (encrypted: 334152 bytes, 4.430 ms)
[2025-12-03 08:08:34] Meter 9: Generated 3.999 kWh (encrypted: 334225 bytes, 4.375 ms)
[2025-12-03 08:08:49] NETWORK INFO: Server authentication successful for node: aggregator-001
✓ Aggregator connected: aggregator-001 from 127.0.0.1
✓ Sent 334225 bytes to aggregator-001 (0.38ms)
Session completed with aggregator-001
[2025-12-03 08:08:54] Meter 9: Generated 7.453 kWh (encrypted: 334337 bytes, 4.499 ms)
[2025-12-03 08:09:14] Meter 9: Generated 1.839 kWh (encrypted: 334323 bytes, 4.770 ms)
[2025-12-03 08:09:34] Meter 9: Generated 4.054 kWh (encrypted: 334280 bytes, 4.565 ms)
[2025-12-03 08:09:49] NETWORK INFO: Server authentication successful for node: aggregator-001
✓ Aggregator connected: aggregator-001 from 127.0.0.1
✓ Sent 334280 bytes to aggregator-001 (0.35ms)
Session completed with aggregator-001
[2025-12-03 08:09:54] Meter 9: Generated 2.811 kWh (encrypted: 333347 bytes, 4.815 ms)
[2025-12-03 08:10:14] Meter 9: Generated 7.361 kWh (encrypted: 334360 bytes, 4.661 ms)
[2025-12-03 08:10:34] Meter 9: Generated 7.439 kWh (encrypted: 334480 bytes, 4.624 ms)
[2025-12-03 08:10:49] NETWORK INFO: Server authentication successful for node: aggregator-001
✓ Aggregator connected: aggregator-001 from 127.0.0.1
✓ Sent 334480 bytes to aggregator-001 (0.41ms)
Session completed with aggregator-001
[2025-12-03 08:10:54] Meter 9: Generated 5.415 kWh (encrypted: 334363 bytes, 4.584 ms)
[2025-12-03 08:11:14] Meter 9: Generated 2.285 kWh (encrypted: 334505 bytes, 4.654 ms)
[2025-12-03 08:11:34] Meter 9: Generated 1.887 kWh (encrypted: 334044 bytes, 4.507 ms)
[2025-12-03 08:11:50] NETWORK INFO: Server authentication successful for node: aggregator-001
✓ Aggregator connected: aggregator-001 from 127.0.0.1
✓ Sent 334044 bytes to aggregator-001 (0.36ms)
Session completed with aggregator-001
[2025-12-03 08:11:54] Meter 9: Generated 7.378 kWh (encrypted: 334096 bytes, 5.479 ms)
[2025-12-03 08:12:14] Meter 9: Generated 5.282 kWh (encrypted: 334423 bytes, 4.409 ms)
[2025-12-03 08:12:34] Meter 9: Generated 3.450 kWh (encrypted: 334370 bytes, 4.571 ms)
[2025-12-03 08:12:50] NETWORK INFO: Server authentication successful for node: aggregator-001
✓ Aggregator connected: aggregator-001 from 127.0.0.1
✓ Sent 334370 bytes to aggregator-001 (0.44ms)
Session completed with aggregator-001
[2025-12-03 08:12:54] Meter 9: Generated 6.208 kWh (encrypted: 334158 bytes, 4.661 ms)
[2025-12-03 08:13:14] Meter 9: Generated 0.777 kWh (encrypted: 334130 bytes, 4.435 ms)
[2025-12-03 08:13:34] Meter 9: Generated 2.347 kWh (encrypted: 334135 bytes, 4.389 ms)
[2025-12-03 08:13:50] NETWORK INFO: Server authentication successful for node: aggregator-001
✓ Aggregator connected: aggregator-001 from 127.0.0.1
✓ Sent 334135 bytes to aggregator-001 (0.52ms)
Session completed with aggregator-001
[2025-12-03 08:13:54] Meter 9: Generated 5.134 kWh (encrypted: 334346 bytes, 4.478 ms)
[2025-12-03 08:14:14] Meter 9: Generated 6.954 kWh (encrypted: 334296 bytes, 4.910 ms)
[2025-12-03 08:14:34] Meter 9: Generated 5.343 kWh (encrypted: 334426 bytes, 4.737 ms)
[2025-12-03 08:14:51] NETWORK INFO: Server authentication successful for node: aggregator-001
✓ Aggregator connected: aggregator-001 from 127.0.0.1
✓ Sent 334426 bytes to aggregator-001 (0.41ms)
Session completed with aggregator-001
[2025-12-03 08:14:54] Meter 9: Generated 4.920 kWh (encrypted: 333673 bytes, 4.519 ms)
[2025-12-03 08:15:14] Meter 9: Generated 0.997 kWh (encrypted: 334370 bytes, 4.484 ms)
[2025-12-03 08:15:34] Meter 9: Generated 1.357 kWh (encrypted: 334282 bytes, 4.491 ms)
[2025-12-03 08:15:51] NETWORK INFO: Server authentication successful for node: aggregator-001
✓ Aggregator connected: aggregator-001 from 127.0.0.1
✓ Sent 334282 bytes to aggregator-001 (1.35ms)
Session completed with aggregator-001
[2025-12-03 08:15:54] Meter 9: Generated 5.479 kWh (encrypted: 334400 bytes, 6.903 ms)
[2025-12-03 08:16:14] Meter 9: Generated 2.959 kWh (encrypted: 334303 bytes, 4.677 ms)
[2025-12-03 08:16:34] Meter 9: Generated 4.265 kWh (encrypted: 334062 bytes, 5.067 ms)
[2025-12-03 08:16:51] NETWORK INFO: Server authentication successful for node: aggregator-001
✓ Aggregator connected: aggregator-001 from 127.0.0.1
✓ Sent 334062 bytes to aggregator-001 (0.50ms)
Session completed with aggregator-001
[2025-12-03 08:16:54] Meter 9: Generated 7.380 kWh (encrypted: 334095 bytes, 4.523 ms)
[2025-12-03 08:17:14] Meter 9: Generated 6.799 kWh (encrypted: 334351 bytes, 4.338 ms)
[2025-12-03 08:17:34] Meter 9: Generated 0.643 kWh (encrypted: 334269 bytes, 4.664 ms)
[2025-12-03 08:17:51] NETWORK INFO: Server authentication successful for node: aggregator-001
✓ Aggregator connected: aggregator-001 from 127.0.0.1
✓ Sent 334269 bytes to aggregator-001 (1.08ms)
Session completed with aggregator-001
[2025-12-03 08:17:54] Meter 9: Generated 2.397 kWh (encrypted: 333862 bytes, 4.492 ms)
[2025-12-03 08:18:14] Meter 9: Generated 3.168 kWh (encrypted: 334418 bytes, 4.399 ms)
[2025-12-03 08:18:34] Meter 9: Generated 5.654 kWh (encrypted: 334367 bytes, 4.604 ms)
[2025-12-03 08:18:52] NETWORK INFO: Server authentication successful for node: aggregator-001
✓ Aggregator connected: aggregator-001 from 127.0.0.1
✓ Sent 334367 bytes to aggregator-001 (0.49ms)
Session completed with aggregator-001
[2025-12-03 08:18:54] Meter 9: Generated 6.540 kWh (encrypted: 334426 bytes, 4.707 ms)
[2025-12-03 08:19:14] Meter 9: Generated 2.452 kWh (encrypted: 333969 bytes, 4.633 ms)
[2025-12-03 08:19:34] Meter 9: Generated 4.627 kWh (encrypted: 334212 bytes, 4.669 ms)
[2025-12-03 08:19:52] NETWORK INFO: Server authentication successful for node: aggregator-001
✓ Aggregator connected: aggregator-001 from 127.0.0.1
✓ Sent 334212 bytes to aggregator-001 (0.42ms)
Session completed with aggregator-001
[2025-12-03 08:19:54] Meter 9: Generated 0.906 kWh (encrypted: 334369 bytes, 4.806 ms)
[2025-12-03 08:20:14] Meter 9: Generated 5.165 kWh (encrypted: 334310 bytes, 5.944 ms)
[2025-12-03 08:20:34] Meter 9: Generated 7.460 kWh (encrypted: 334457 bytes, 4.635 ms)
[2025-12-03 08:20:52] NETWORK INFO: Server authentication successful for node: aggregator-001
✓ Aggregator connected: aggregator-001 from 127.0.0.1
✓ Sent 334457 bytes to aggregator-001 (0.42ms)
Session completed with aggregator-001
[2025-12-03 08:20:54] Meter 9: Generated 3.611 kWh (encrypted: 334244 bytes, 4.404 ms)
[2025-12-03 08:21:14] Meter 9: Generated 6.018 kWh (encrypted: 334326 bytes, 4.356 ms)
[2025-12-03 08:21:34] Meter 9: Generated 6.927 kWh (encrypted: 334393 bytes, 4.696 ms)
[2025-12-03 08:21:53] NETWORK INFO: Server authentication successful for node: aggregator-001
✓ Aggregator connected: aggregator-001 from 127.0.0.1
✓ Sent 334393 bytes to aggregator-001 (0.54ms)
Session completed with aggregator-001
[2025-12-03 08:21:54] Meter 9: Generated 3.547 kWh (encrypted: 334403 bytes, 4.781 ms)
[2025-12-03 08:22:14] Meter 9: Generated 1.187 kWh (encrypted: 333998 bytes, 4.534 ms)
[2025-12-03 08:22:34] Meter 9: Generated 1.235 kWh (encrypted: 334413 bytes, 4.456 ms)
[2025-12-03 08:22:53] NETWORK INFO: Server authentication successful for node: aggregator-001
✓ Aggregator connected: aggregator-001 from 127.0.0.1
✓ Sent 334413 bytes to aggregator-001 (0.54ms)
Session completed with aggregator-001
[2025-12-03 08:22:54] Meter 9: Generated 2.527 kWh (encrypted: 334124 bytes, 4.532 ms)
[2025-12-03 08:23:14] Meter 9: Generated 3.496 kWh (encrypted: 334368 bytes, 4.586 ms)
[2025-12-03 08:23:34] Meter 9: Generated 6.079 kWh (encrypted: 334475 bytes, 4.272 ms)
[2025-12-03 08:23:53] NETWORK INFO: Server authentication successful for node: aggregator-001
✓ Aggregator connected: aggregator-001 from 127.0.0.1
✓ Sent 334475 bytes to aggregator-001 (0.51ms)
Session completed with aggregator-001
[2025-12-03 08:23:54] Meter 9: Generated 7.000 kWh (encrypted: 334307 bytes, 4.544 ms)
[2025-12-03 08:24:14] Meter 9: Generated 6.328 kWh (encrypted: 334375 bytes, 4.497 ms)
[2025-12-03 08:24:34] Meter 9: Generated 2.718 kWh (encrypted: 334324 bytes, 4.342 ms)
[2025-12-03 08:24:53] NETWORK INFO: Server authentication successful for node: aggregator-001
✓ Aggregator connected: aggregator-001 from 127.0.0.1
✓ Sent 334324 bytes to aggregator-001 (0.35ms)
Session completed with aggregator-001
[2025-12-03 08:24:54] Meter 9: Generated 1.046 kWh (encrypted: 334415 bytes, 4.686 ms)
[2025-12-03 08:25:14] Meter 9: Generated 2.004 kWh (encrypted: 334062 bytes, 4.389 ms)
[2025-12-03 08:25:34] Meter 9: Generated 5.090 kWh (encrypted: 334311 bytes, 4.423 ms)
[2025-12-03 08:25:54] NETWORK INFO: Server authentication successful for node: aggregator-001
✓ Aggregator connected: aggregator-001 from 127.0.0.1
✓ Sent 334311 bytes to aggregator-001 (0.43ms)
Session completed with aggregator-001
[2025-12-03 08:25:54] Meter 9: Generated 0.698 kWh (encrypted: 334222 bytes, 4.673 ms)
[2025-12-03 08:26:14] Meter 9: Generated 2.468 kWh (encrypted: 334508 bytes, 4.513 ms)
[2025-12-03 08:26:34] Meter 9: Generated 4.165 kWh (encrypted: 334490 bytes, 4.931 ms)
[2025-12-03 08:26:54] NETWORK INFO: Server authentication successful for node: aggregator-001
✓ Aggregator connected: aggregator-001 from 127.0.0.1
✓ Sent 334490 bytes to aggregator-001 (0.46ms)
Session completed with aggregator-001
[2025-12-03 08:26:54] Meter 9: Generated 4.790 kWh (encrypted: 334223 bytes, 4.422 ms)
[2025-12-03 08:27:14] Meter 9: Generated 4.561 kWh (encrypted: 334464 bytes, 5.445 ms)
[2025-12-03 08:27:34] Meter 9: Generated 6.308 kWh (encrypted: 334471 bytes, 4.799 ms)
[2025-12-03 08:27:54] Meter 9: Generated 3.187 kWh (encrypted: 334372 bytes, 4.618 ms)
[2025-12-03 08:27:54] NETWORK INFO: Server authentication successful for node: aggregator-001
✓ Aggregator connected: aggregator-001 from 127.0.0.1
✓ Sent 334372 bytes to aggregator-001 (0.36ms)
Session completed with aggregator-001
[2025-12-03 08:28:14] Meter 9: Generated 6.456 kWh (encrypted: 334138 bytes, 4.648 ms)
[2025-12-03 08:28:34] Meter 9: Generated 1.213 kWh (encrypted: 334468 bytes, 4.623 ms)
[2025-12-03 08:28:54] Meter 9: Generated 1.592 kWh (encrypted: 334031 bytes, 4.348 ms)
[2025-12-03 08:28:55] NETWORK INFO: Server authentication successful for node: aggregator-001
✓ Aggregator connected: aggregator-001 from 127.0.0.1
✓ Sent 334031 bytes to aggregator-001 (0.52ms)
Session completed with aggregator-001
[2025-12-03 08:29:14] Meter 9: Generated 4.995 kWh (encrypted: 334230 bytes, 4.662 ms)
[2025-12-03 08:29:34] Meter 9: Generated 1.692 kWh (encrypted: 334163 bytes, 4.458 ms)
[2025-12-03 08:29:54] Meter 9: Generated 5.876 kWh (encrypted: 334393 bytes, 4.478 ms)
[2025-12-03 08:29:55] NETWORK INFO: Server authentication successful for node: aggregator-001
✓ Aggregator connected: aggregator-001 from 127.0.0.1
✓ Sent 334393 bytes to aggregator-001 (0.48ms)
Session completed with aggregator-001
[2025-12-03 08:30:14] Meter 9: Generated 4.480 kWh (encrypted: 334379 bytes, 4.450 ms)
[2025-12-03 08:30:34] Meter 9: Generated 2.686 kWh (encrypted: 334379 bytes, 4.459 ms)
[2025-12-03 08:30:54] Meter 9: Generated 2.438 kWh (encrypted: 334229 bytes, 5.000 ms)
[2025-12-03 08:30:55] NETWORK INFO: Server authentication successful for node: aggregator-001
✓ Aggregator connected: aggregator-001 from 127.0.0.1
✓ Sent 334229 bytes to aggregator-001 (0.51ms)
Session completed with aggregator-001
[2025-12-03 08:31:14] Meter 9: Generated 5.469 kWh (encrypted: 334127 bytes, 4.427 ms)
[2025-12-03 08:31:34] Meter 9: Generated 5.340 kWh (encrypted: 334123 bytes, 4.647 ms)
[2025-12-03 08:31:54] Meter 9: Generated 2.651 kWh (encrypted: 334213 bytes, 4.487 ms)
[2025-12-03 08:31:55] NETWORK INFO: Server authentication successful for node: aggregator-001
✓ Aggregator connected: aggregator-001 from 127.0.0.1
✓ Sent 334213 bytes to aggregator-001 (0.46ms)
Session completed with aggregator-001
[2025-12-03 08:32:14] Meter 9: Generated 4.152 kWh (encrypted: 334364 bytes, 4.529 ms)
[2025-12-03 08:32:34] Meter 9: Generated 4.486 kWh (encrypted: 334280 bytes, 4.374 ms)
[2025-12-03 08:32:54] Meter 9: Generated 5.239 kWh (encrypted: 334277 bytes, 4.666 ms)
[2025-12-03 08:32:56] NETWORK INFO: Server authentication successful for node: aggregator-001
✓ Aggregator connected: aggregator-001 from 127.0.0.1
✓ Sent 334277 bytes to aggregator-001 (0.55ms)
Session completed with aggregator-001
[2025-12-03 08:33:14] Meter 9: Generated 7.311 kWh (encrypted: 334206 bytes, 4.657 ms)
[2025-12-03 08:33:34] Meter 9: Generated 5.466 kWh (encrypted: 334094 bytes, 4.413 ms)
[2025-12-03 08:33:54] Meter 9: Generated 4.055 kWh (encrypted: 334250 bytes, 4.493 ms)
[2025-12-03 08:33:56] NETWORK INFO: Server authentication successful for node: aggregator-001
✓ Aggregator connected: aggregator-001 from 127.0.0.1
✓ Sent 334250 bytes to aggregator-001 (0.51ms)
Session completed with aggregator-001
[2025-12-03 08:34:14] Meter 9: Generated 1.851 kWh (encrypted: 334288 bytes, 4.468 ms)
[2025-12-03 08:34:34] Meter 9: Generated 6.789 kWh (encrypted: 334153 bytes, 4.684 ms)
[2025-12-03 08:34:54] Meter 9: Generated 2.541 kWh (encrypted: 334348 bytes, 4.648 ms)
[2025-12-03 08:34:56] NETWORK INFO: Server authentication successful for node: aggregator-001
✓ Aggregator connected: aggregator-001 from 127.0.0.1
✓ Sent 334348 bytes to aggregator-001 (0.38ms)
Session completed with aggregator-001
[2025-12-03 08:35:14] Meter 9: Generated 3.124 kWh (encrypted: 334002 bytes, 6.450 ms)
[2025-12-03 08:35:34] Meter 9: Generated 0.828 kWh (encrypted: 334180 bytes, 4.575 ms)
[2025-12-03 08:35:54] Meter 9: Generated 6.970 kWh (encrypted: 334459 bytes, 4.529 ms)
[2025-12-03 08:35:57] NETWORK INFO: Server authentication successful for node: aggregator-001
✓ Aggregator connected: aggregator-001 from 127.0.0.1
✓ Sent 334459 bytes to aggregator-001 (0.91ms)
Session completed with aggregator-001
[2025-12-03 08:36:14] Meter 9: Generated 0.801 kWh (encrypted: 334356 bytes, 4.706 ms)
[2025-12-03 08:36:34] Meter 9: Generated 4.910 kWh (encrypted: 334472 bytes, 6.295 ms)
[2025-12-03 08:36:54] Meter 9: Generated 2.732 kWh (encrypted: 334413 bytes, 4.659 ms)
[2025-12-03 08:36:57] NETWORK INFO: Server authentication successful for node: aggregator-001
✓ Aggregator connected: aggregator-001 from 127.0.0.1
✓ Sent 334413 bytes to aggregator-001 (0.60ms)
Session completed with aggregator-001
[2025-12-03 08:37:14] Meter 9: Generated 4.124 kWh (encrypted: 334161 bytes, 4.366 ms)
[2025-12-03 08:37:34] Meter 9: Generated 6.697 kWh (encrypted: 334407 bytes, 4.522 ms)
[2025-12-03 08:37:54] Meter 9: Generated 6.853 kWh (encrypted: 334370 bytes, 4.975 ms)
[2025-12-03 08:37:57] NETWORK INFO: Server authentication successful for node: aggregator-001
✓ Aggregator connected: aggregator-001 from 127.0.0.1
✓ Sent 334370 bytes to aggregator-001 (1.19ms)
Session completed with aggregator-001
[2025-12-03 08:38:14] Meter 9: Generated 0.658 kWh (encrypted: 334372 bytes, 4.774 ms)
[2025-12-03 08:38:34] Meter 9: Generated 1.673 kWh (encrypted: 334434 bytes, 4.657 ms)
[2025-12-03 08:38:54] Meter 9: Generated 2.713 kWh (encrypted: 334357 bytes, 4.533 ms)
[2025-12-03 08:38:57] NETWORK INFO: Server authentication successful for node: aggregator-001
✓ Aggregator connected: aggregator-001 from 127.0.0.1
✓ Sent 334357 bytes to aggregator-001 (3.50ms)
Session completed with aggregator-001
[2025-12-03 08:39:14] Meter 9: Generated 6.460 kWh (encrypted: 334366 bytes, 4.386 ms)
[2025-12-03 08:39:34] Meter 9: Generated 5.180 kWh (encrypted: 334393 bytes, 6.149 ms)
[2025-12-03 08:39:54] Meter 9: Generated 1.586 kWh (encrypted: 334310 bytes, 4.584 ms)
[2025-12-03 08:39:58] NETWORK INFO: Server authentication successful for node: aggregator-001
✓ Aggregator connected: aggregator-001 from 127.0.0.1
✓ Sent 334310 bytes to aggregator-001 (0.39ms)
Session completed with aggregator-001
[2025-12-03 08:40:14] Meter 9: Generated 7.313 kWh (encrypted: 334280 bytes, 4.492 ms)
[2025-12-03 08:40:34] Meter 9: Generated 6.648 kWh (encrypted: 334371 bytes, 5.694 ms)
[2025-12-03 08:40:54] Meter 9: Generated 3.649 kWh (encrypted: 334379 bytes, 4.480 ms)
[2025-12-03 08:40:58] NETWORK INFO: Server authentication successful for node: aggregator-001
✓ Aggregator connected: aggregator-001 from 127.0.0.1
✓ Sent 334379 bytes to aggregator-001 (1.14ms)
Session completed with aggregator-001
[2025-12-03 08:41:14] Meter 9: Generated 1.989 kWh (encrypted: 334364 bytes, 4.454 ms)
[2025-12-03 08:41:34] Meter 9: Generated 6.861 kWh (encrypted: 334377 bytes, 4.585 ms)

Received shutdown signal. Gracefully shutting down smart meter...
Network server thread stopped

Received shutdown signal. Gracefully shutting down smart meter...
Data generation thread stopped
Smart meter 9 shutdown complete
