=== Continuous Smart Meter Server 485 ===
Initializing for continuous operation...
SEAL context initialized
Loaded certificate: smart-meter-485
Requesting public keys from KDC...
[2025-12-10 08:05:06] NETWORK ERROR: Failed to connect to 127.0.0.1:8444: Connection refused
Error: Failed to connect to KDC at 127.0.0.1:8444
Error: Failed to send key request to KDC
Failed to obtain keys from KDC, falling back to file keys
Loaded keys from fallback files
Cryptographic components initialized
[2025-12-10 08:05:06] NETWORK INFO: Server socket created and listening on port 9485
✓ Smart meter server ready on port 9485
Data transmission interval: 20 seconds (15x accelerated - simulates 5min)
✓ Performance metrics CSV files initialized in performance_data/
Starting continuous smart meter operation...
Press Ctrl+C to stop gracefully
Data generation thread started
Network server thread started on port 9485
[2025-12-10 08:05:26] Meter 485: Generated 7.449 kWh (encrypted: 334114 bytes, 4.951 ms)
[2025-12-10 08:05:44] NETWORK INFO: Server authentication successful for node: aggregator-001
✓ Aggregator connected: aggregator-001 from 127.0.0.1
✓ Sent 334114 bytes to aggregator-001 (0.90ms)
Session completed with aggregator-001
[2025-12-10 08:05:46] Meter 485: Generated 5.406 kWh (encrypted: 334402 bytes, 4.427 ms)
[2025-12-10 08:06:06] Meter 485: Generated 5.287 kWh (encrypted: 334449 bytes, 4.985 ms)
[2025-12-10 08:06:26] Meter 485: Generated 7.117 kWh (encrypted: 334495 bytes, 6.807 ms)
[2025-12-10 08:06:46] Meter 485: Generated 2.524 kWh (encrypted: 334143 bytes, 4.517 ms)
[2025-12-10 08:06:50] NETWORK INFO: Server authentication successful for node: aggregator-001
✓ Aggregator connected: aggregator-001 from 127.0.0.1
✓ Sent 334143 bytes to aggregator-001 (1.49ms)
Session completed with aggregator-001
[2025-12-10 08:07:06] Meter 485: Generated 6.060 kWh (encrypted: 334292 bytes, 5.649 ms)
[2025-12-10 08:07:26] Meter 485: Generated 2.203 kWh (encrypted: 334121 bytes, 4.611 ms)
[2025-12-10 08:07:46] Meter 485: Generated 2.750 kWh (encrypted: 334286 bytes, 5.990 ms)
[2025-12-10 08:07:56] NETWORK INFO: Server authentication successful for node: aggregator-001
✓ Aggregator connected: aggregator-001 from 127.0.0.1
✓ Sent 334286 bytes to aggregator-001 (0.36ms)
Session completed with aggregator-001
[2025-12-10 08:08:06] Meter 485: Generated 3.582 kWh (encrypted: 334346 bytes, 4.440 ms)
[2025-12-10 08:08:26] Meter 485: Generated 5.787 kWh (encrypted: 334139 bytes, 7.028 ms)
[2025-12-10 08:08:46] Meter 485: Generated 1.937 kWh (encrypted: 334162 bytes, 4.303 ms)
[2025-12-10 08:09:01] NETWORK INFO: Server authentication successful for node: aggregator-001
✓ Aggregator connected: aggregator-001 from 127.0.0.1
✓ Sent 334162 bytes to aggregator-001 (0.60ms)
Session completed with aggregator-001
[2025-12-10 08:09:06] Meter 485: Generated 5.108 kWh (encrypted: 334231 bytes, 6.545 ms)
[2025-12-10 08:09:26] Meter 485: Generated 6.804 kWh (encrypted: 334060 bytes, 9.649 ms)
[2025-12-10 08:09:46] Meter 485: Generated 2.446 kWh (encrypted: 334278 bytes, 6.139 ms)
[2025-12-10 08:10:06] Meter 485: Generated 5.945 kWh (encrypted: 334195 bytes, 6.464 ms)
[2025-12-10 08:10:06] NETWORK INFO: Server authentication successful for node: aggregator-001
✓ Aggregator connected: aggregator-001 from 127.0.0.1
✓ Sent 334195 bytes to aggregator-001 (30.41ms)
Session completed with aggregator-001
[2025-12-10 08:10:26] Meter 485: Generated 5.844 kWh (encrypted: 334410 bytes, 6.096 ms)
[2025-12-10 08:10:46] Meter 485: Generated 4.544 kWh (encrypted: 334456 bytes, 5.892 ms)
[2025-12-10 08:11:06] Meter 485: Generated 1.059 kWh (encrypted: 334098 bytes, 7.514 ms)
[2025-12-10 08:11:12] NETWORK INFO: Server authentication successful for node: aggregator-001
✓ Aggregator connected: aggregator-001 from 127.0.0.1
✓ Sent 334098 bytes to aggregator-001 (66.12ms)
Session completed with aggregator-001
[2025-12-10 08:11:26] Meter 485: Generated 5.385 kWh (encrypted: 334418 bytes, 7.869 ms)
[2025-12-10 08:11:46] Meter 485: Generated 2.291 kWh (encrypted: 334353 bytes, 5.430 ms)
[2025-12-10 08:12:06] Meter 485: Generated 7.047 kWh (encrypted: 334147 bytes, 5.213 ms)
[2025-12-10 08:12:17] NETWORK INFO: Server authentication successful for node: aggregator-001
✓ Aggregator connected: aggregator-001 from 127.0.0.1
✓ Sent 334147 bytes to aggregator-001 (0.35ms)
Session completed with aggregator-001
[2025-12-10 08:12:26] Meter 485: Generated 1.426 kWh (encrypted: 334024 bytes, 8.665 ms)

Received shutdown signal. Gracefully shutting down smart meter...
Network server thread stopped
Data generation thread stopped
Smart meter 485 shutdown complete
