=== Continuous Smart Meter Server 456 ===
Initializing for continuous operation...
SEAL context initialized
Loaded certificate: smart-meter-456
Requesting public keys from KDC...
[2025-12-10 08:04:29] NETWORK ERROR: Failed to connect to 127.0.0.1:8444: Connection refused
Error: Failed to connect to KDC at 127.0.0.1:8444
Error: Failed to send key request to KDC
Failed to obtain keys from KDC, falling back to file keys
Loaded keys from fallback files
Cryptographic components initialized
[2025-12-10 08:04:29] NETWORK INFO: Server socket created and listening on port 9456
✓ Smart meter server ready on port 9456
Data transmission interval: 20 seconds (15x accelerated - simulates 5min)
✓ Performance metrics CSV files initialized in performance_data/
Starting continuous smart meter operation...
Press Ctrl+C to stop gracefully
Data generation thread started
Network server thread started on port 9456
[2025-12-10 08:04:40] NETWORK INFO: Server authentication successful for node: aggregator-001
✓ Aggregator connected: aggregator-001 from 127.0.0.1
[2025-12-10 08:04:49] Meter 456: Generated 7.020 kWh (encrypted: 334382 bytes, 5.230 ms)
✓ Sent 334382 bytes to aggregator-001 (0.90ms)
Session completed with aggregator-001
[2025-12-10 08:05:09] Meter 456: Generated 4.704 kWh (encrypted: 334404 bytes, 6.241 ms)
[2025-12-10 08:05:29] Meter 456: Generated 4.629 kWh (encrypted: 334350 bytes, 6.670 ms)
[2025-12-10 08:05:44] NETWORK INFO: Server authentication successful for node: aggregator-001
✓ Aggregator connected: aggregator-001 from 127.0.0.1
✓ Sent 334350 bytes to aggregator-001 (6.38ms)
Session completed with aggregator-001
[2025-12-10 08:05:49] Meter 456: Generated 3.280 kWh (encrypted: 334142 bytes, 6.118 ms)
[2025-12-10 08:06:09] Meter 456: Generated 4.996 kWh (encrypted: 334158 bytes, 6.313 ms)
[2025-12-10 08:06:29] Meter 456: Generated 3.291 kWh (encrypted: 334109 bytes, 6.278 ms)
[2025-12-10 08:06:49] Meter 456: Generated 6.571 kWh (encrypted: 334225 bytes, 4.459 ms)
[2025-12-10 08:06:50] NETWORK INFO: Server authentication successful for node: aggregator-001
✓ Aggregator connected: aggregator-001 from 127.0.0.1
✓ Sent 334225 bytes to aggregator-001 (1.12ms)
Session completed with aggregator-001
[2025-12-10 08:07:09] Meter 456: Generated 2.351 kWh (encrypted: 334165 bytes, 5.297 ms)
[2025-12-10 08:07:29] Meter 456: Generated 2.970 kWh (encrypted: 334534 bytes, 6.372 ms)
[2025-12-10 08:07:49] Meter 456: Generated 6.605 kWh (encrypted: 334383 bytes, 4.612 ms)
[2025-12-10 08:07:56] NETWORK INFO: Server authentication successful for node: aggregator-001
✓ Aggregator connected: aggregator-001 from 127.0.0.1
✓ Sent 334383 bytes to aggregator-001 (0.37ms)
Session completed with aggregator-001
[2025-12-10 08:08:09] Meter 456: Generated 3.891 kWh (encrypted: 334184 bytes, 6.708 ms)
[2025-12-10 08:08:29] Meter 456: Generated 0.803 kWh (encrypted: 334278 bytes, 5.061 ms)
[2025-12-10 08:08:49] Meter 456: Generated 4.250 kWh (encrypted: 334137 bytes, 5.106 ms)
[2025-12-10 08:09:01] NETWORK INFO: Server authentication successful for node: aggregator-001
✓ Aggregator connected: aggregator-001 from 127.0.0.1
✓ Sent 334137 bytes to aggregator-001 (3.95ms)
Session completed with aggregator-001
[2025-12-10 08:09:09] Meter 456: Generated 6.930 kWh (encrypted: 334379 bytes, 4.892 ms)
[2025-12-10 08:09:29] Meter 456: Generated 7.103 kWh (encrypted: 334127 bytes, 4.344 ms)
[2025-12-10 08:09:49] Meter 456: Generated 7.369 kWh (encrypted: 334316 bytes, 4.352 ms)
[2025-12-10 08:10:06] NETWORK INFO: Server authentication successful for node: aggregator-001
✓ Aggregator connected: aggregator-001 from 127.0.0.1
✓ Sent 334316 bytes to aggregator-001 (0.37ms)
Session completed with aggregator-001
[2025-12-10 08:10:09] Meter 456: Generated 5.752 kWh (encrypted: 334113 bytes, 6.716 ms)
[2025-12-10 08:10:29] Meter 456: Generated 3.841 kWh (encrypted: 333761 bytes, 4.933 ms)
[2025-12-10 08:10:49] Meter 456: Generated 2.011 kWh (encrypted: 334344 bytes, 4.707 ms)
[2025-12-10 08:11:09] Meter 456: Generated 5.800 kWh (encrypted: 334091 bytes, 6.453 ms)
[2025-12-10 08:11:12] NETWORK INFO: Server authentication successful for node: aggregator-001
✓ Aggregator connected: aggregator-001 from 127.0.0.1
✓ Sent 334091 bytes to aggregator-001 (0.39ms)
Session completed with aggregator-001
[2025-12-10 08:11:29] Meter 456: Generated 3.599 kWh (encrypted: 334175 bytes, 7.185 ms)
[2025-12-10 08:11:49] Meter 456: Generated 3.207 kWh (encrypted: 334435 bytes, 4.507 ms)
[2025-12-10 08:12:09] Meter 456: Generated 6.183 kWh (encrypted: 334513 bytes, 4.489 ms)
[2025-12-10 08:12:17] NETWORK INFO: Server authentication successful for node: aggregator-001
✓ Aggregator connected: aggregator-001 from 127.0.0.1
✓ Sent 334513 bytes to aggregator-001 (0.35ms)
Session completed with aggregator-001
[2025-12-10 08:12:29] Meter 456: Generated 3.584 kWh (encrypted: 334314 bytes, 6.445 ms)

Received shutdown signal. Gracefully shutting down smart meter...
Network server thread stopped
Data generation thread stopped
Smart meter 456 shutdown complete
