=== Continuous Smart Meter Server 61 ===
Initializing for continuous operation...
SEAL context initialized
Loaded certificate: smart-meter-061
Requesting public keys from KDC...
[2025-12-10 07:56:20] NETWORK ERROR: Failed to connect to 127.0.0.1:8444: Connection refused
Error: Failed to connect to KDC at 127.0.0.1:8444
Error: Failed to send key request to KDC
Failed to obtain keys from KDC, falling back to file keys
Loaded keys from fallback files
Cryptographic components initialized
[2025-12-10 07:56:20] NETWORK INFO: Server socket created and listening on port 9061
✓ Smart meter server ready on port 9061
Data transmission interval: 20 seconds (15x accelerated - simulates 5min)
✓ Performance metrics CSV files initialized in performance_data/
Starting continuous smart meter operation...
Press Ctrl+C to stop gracefully
Data generation thread started
Network server thread started on port 9061
[2025-12-10 07:56:40] Meter 61: Generated 5.572 kWh (encrypted: 334378 bytes, 5.004 ms)
[2025-12-10 07:57:00] Meter 61: Generated 6.364 kWh (encrypted: 334212 bytes, 4.264 ms)
[2025-12-10 07:57:15] NETWORK INFO: Server authentication successful for node: aggregator-001
✓ Aggregator connected: aggregator-001 from 127.0.0.1
✓ Sent 334212 bytes to aggregator-001 (0.71ms)
Session completed with aggregator-001
[2025-12-10 07:57:20] Meter 61: Generated 6.439 kWh (encrypted: 333992 bytes, 4.300 ms)
[2025-12-10 07:57:40] Meter 61: Generated 3.064 kWh (encrypted: 333908 bytes, 4.630 ms)
[2025-12-10 07:58:00] Meter 61: Generated 5.601 kWh (encrypted: 334194 bytes, 4.438 ms)
[2025-12-10 07:58:20] Meter 61: Generated 5.752 kWh (encrypted: 333299 bytes, 5.167 ms)
[2025-12-10 07:58:25] NETWORK INFO: Server authentication successful for node: aggregator-001
✓ Aggregator connected: aggregator-001 from 127.0.0.1
✓ Sent 333299 bytes to aggregator-001 (0.37ms)
Session completed with aggregator-001
[2025-12-10 07:58:40] Meter 61: Generated 2.142 kWh (encrypted: 334330 bytes, 4.473 ms)
[2025-12-10 07:59:00] Meter 61: Generated 1.159 kWh (encrypted: 334132 bytes, 4.443 ms)
[2025-12-10 07:59:20] Meter 61: Generated 2.276 kWh (encrypted: 334375 bytes, 4.598 ms)
[2025-12-10 07:59:26] NETWORK INFO: Server authentication successful for node: aggregator-001
✓ Aggregator connected: aggregator-001 from 127.0.0.1
✓ Sent 334375 bytes to aggregator-001 (0.42ms)
Session completed with aggregator-001
[2025-12-10 07:59:40] Meter 61: Generated 3.185 kWh (encrypted: 334218 bytes, 4.485 ms)
[2025-12-10 08:00:00] Meter 61: Generated 2.436 kWh (encrypted: 334173 bytes, 4.462 ms)
[2025-12-10 08:00:20] Meter 61: Generated 5.745 kWh (encrypted: 334369 bytes, 4.682 ms)
[2025-12-10 08:00:28] NETWORK INFO: Server authentication successful for node: aggregator-001
✓ Aggregator connected: aggregator-001 from 127.0.0.1
✓ Sent 334369 bytes to aggregator-001 (4.77ms)
Session completed with aggregator-001
[2025-12-10 08:00:40] Meter 61: Generated 4.245 kWh (encrypted: 334471 bytes, 5.954 ms)
[2025-12-10 08:01:00] Meter 61: Generated 2.902 kWh (encrypted: 334373 bytes, 6.710 ms)
[2025-12-10 08:01:20] Meter 61: Generated 4.384 kWh (encrypted: 334407 bytes, 5.353 ms)
[2025-12-10 08:01:31] NETWORK INFO: Server authentication successful for node: aggregator-001
✓ Aggregator connected: aggregator-001 from 127.0.0.1
✓ Sent 334407 bytes to aggregator-001 (0.39ms)
Session completed with aggregator-001
[2025-12-10 08:01:40] Meter 61: Generated 1.888 kWh (encrypted: 333812 bytes, 4.827 ms)
[2025-12-10 08:02:00] Meter 61: Generated 5.317 kWh (encrypted: 334181 bytes, 4.560 ms)
[2025-12-10 08:02:20] Meter 61: Generated 6.979 kWh (encrypted: 334177 bytes, 4.584 ms)
[2025-12-10 08:02:33] NETWORK INFO: Server authentication successful for node: aggregator-001
✓ Aggregator connected: aggregator-001 from 127.0.0.1
✓ Sent 334177 bytes to aggregator-001 (0.39ms)
Session completed with aggregator-001
[2025-12-10 08:02:40] Meter 61: Generated 4.906 kWh (encrypted: 334083 bytes, 6.801 ms)
[2025-12-10 08:03:00] Meter 61: Generated 6.061 kWh (encrypted: 334374 bytes, 6.952 ms)
[2025-12-10 08:03:20] Meter 61: Generated 3.363 kWh (encrypted: 334447 bytes, 8.091 ms)
[2025-12-10 08:03:36] NETWORK INFO: Server authentication successful for node: aggregator-001
✓ Aggregator connected: aggregator-001 from 127.0.0.1
✓ Sent 334447 bytes to aggregator-001 (0.36ms)
Session completed with aggregator-001
[2025-12-10 08:03:40] Meter 61: Generated 5.795 kWh (encrypted: 334451 bytes, 7.685 ms)
[2025-12-10 08:04:00] Meter 61: Generated 1.757 kWh (encrypted: 334451 bytes, 4.540 ms)
[2025-12-10 08:04:20] Meter 61: Generated 3.148 kWh (encrypted: 334266 bytes, 4.370 ms)
[2025-12-10 08:04:39] NETWORK INFO: Server authentication successful for node: aggregator-001
✓ Aggregator connected: aggregator-001 from 127.0.0.1
✓ Sent 334266 bytes to aggregator-001 (0.35ms)
Session completed with aggregator-001
[2025-12-10 08:04:40] Meter 61: Generated 7.590 kWh (encrypted: 334184 bytes, 7.407 ms)
[2025-12-10 08:05:00] Meter 61: Generated 4.113 kWh (encrypted: 334173 bytes, 4.834 ms)
[2025-12-10 08:05:20] Meter 61: Generated 6.848 kWh (encrypted: 334443 bytes, 7.765 ms)
[2025-12-10 08:05:40] Meter 61: Generated 1.389 kWh (encrypted: 334412 bytes, 4.869 ms)
[2025-12-10 08:05:44] NETWORK INFO: Server authentication successful for node: aggregator-001
✓ Aggregator connected: aggregator-001 from 127.0.0.1
✓ Sent 334412 bytes to aggregator-001 (0.36ms)
Session completed with aggregator-001
[2025-12-10 08:06:00] Meter 61: Generated 1.758 kWh (encrypted: 334106 bytes, 9.879 ms)
[2025-12-10 08:06:20] Meter 61: Generated 3.607 kWh (encrypted: 334105 bytes, 5.587 ms)
[2025-12-10 08:06:40] Meter 61: Generated 4.516 kWh (encrypted: 334453 bytes, 5.608 ms)
[2025-12-10 08:06:50] NETWORK INFO: Server authentication successful for node: aggregator-001
✓ Aggregator connected: aggregator-001 from 127.0.0.1
✓ Sent 334453 bytes to aggregator-001 (0.39ms)
Session completed with aggregator-001
[2025-12-10 08:07:00] Meter 61: Generated 3.933 kWh (encrypted: 334353 bytes, 4.779 ms)
[2025-12-10 08:07:20] Meter 61: Generated 4.529 kWh (encrypted: 334412 bytes, 5.767 ms)
[2025-12-10 08:07:40] Meter 61: Generated 0.930 kWh (encrypted: 334052 bytes, 4.838 ms)
[2025-12-10 08:07:56] NETWORK INFO: Server authentication successful for node: aggregator-001
✓ Aggregator connected: aggregator-001 from 127.0.0.1
✓ Sent 334052 bytes to aggregator-001 (0.34ms)
Session completed with aggregator-001
[2025-12-10 08:08:00] Meter 61: Generated 5.300 kWh (encrypted: 334449 bytes, 6.581 ms)
[2025-12-10 08:08:20] Meter 61: Generated 5.033 kWh (encrypted: 334439 bytes, 6.888 ms)
[2025-12-10 08:08:40] Meter 61: Generated 4.035 kWh (encrypted: 334281 bytes, 4.345 ms)
[2025-12-10 08:09:00] Meter 61: Generated 3.021 kWh (encrypted: 334466 bytes, 6.533 ms)
[2025-12-10 08:09:01] NETWORK INFO: Server authentication successful for node: aggregator-001
✓ Aggregator connected: aggregator-001 from 127.0.0.1
✓ Sent 334466 bytes to aggregator-001 (0.36ms)
Session completed with aggregator-001
[2025-12-10 08:09:20] Meter 61: Generated 6.668 kWh (encrypted: 334459 bytes, 5.031 ms)
[2025-12-10 08:09:40] Meter 61: Generated 0.984 kWh (encrypted: 334187 bytes, 4.513 ms)
[2025-12-10 08:10:00] Meter 61: Generated 4.630 kWh (encrypted: 334499 bytes, 5.985 ms)
[2025-12-10 08:10:06] NETWORK INFO: Server authentication successful for node: aggregator-001
✓ Aggregator connected: aggregator-001 from 127.0.0.1
✓ Sent 334499 bytes to aggregator-001 (0.37ms)
Session completed with aggregator-001
[2025-12-10 08:10:21] Meter 61: Generated 5.064 kWh (encrypted: 334235 bytes, 6.531 ms)
[2025-12-10 08:10:41] Meter 61: Generated 5.614 kWh (encrypted: 334370 bytes, 4.482 ms)
[2025-12-10 08:11:01] Meter 61: Generated 2.337 kWh (encrypted: 334272 bytes, 6.218 ms)
[2025-12-10 08:11:12] NETWORK INFO: Server authentication successful for node: aggregator-001
✓ Aggregator connected: aggregator-001 from 127.0.0.1
✓ Sent 334272 bytes to aggregator-001 (2.32ms)
Session completed with aggregator-001
[2025-12-10 08:11:21] Meter 61: Generated 4.943 kWh (encrypted: 334477 bytes, 4.516 ms)
[2025-12-10 08:11:41] Meter 61: Generated 1.351 kWh (encrypted: 333875 bytes, 5.742 ms)
[2025-12-10 08:12:01] Meter 61: Generated 3.232 kWh (encrypted: 334011 bytes, 6.940 ms)
[2025-12-10 08:12:17] NETWORK INFO: Server authentication successful for node: aggregator-001
✓ Aggregator connected: aggregator-001 from 127.0.0.1
✓ Sent 334011 bytes to aggregator-001 (0.41ms)
Session completed with aggregator-001
[2025-12-10 08:12:21] Meter 61: Generated 3.128 kWh (encrypted: 334032 bytes, 9.271 ms)

Received shutdown signal. Gracefully shutting down smart meter...
Network server thread stopped
Data generation thread stopped
Smart meter 61 shutdown complete
