=== Continuous Smart Meter Server 114 ===
Initializing for continuous operation...
SEAL context initialized
Loaded certificate: smart-meter-114
Requesting public keys from KDC...
[2025-12-10 07:57:25] NETWORK ERROR: Failed to connect to 127.0.0.1:8444: Connection refused
Error: Failed to connect to KDC at 127.0.0.1:8444
Error: Failed to send key request to KDC
Failed to obtain keys from KDC, falling back to file keys
Loaded keys from fallback files
Cryptographic components initialized
[2025-12-10 07:57:25] NETWORK INFO: Server socket created and listening on port 9114
✓ Smart meter server ready on port 9114
Data transmission interval: 20 seconds (15x accelerated - simulates 5min)
✓ Performance metrics CSV files initialized in performance_data/
Starting continuous smart meter operation...
Press Ctrl+C to stop gracefully
Data generation thread started
Network server thread started on port 9114
[2025-12-10 07:57:45] Meter 114: Generated 7.002 kWh (encrypted: 334412 bytes, 4.936 ms)
[2025-12-10 07:58:05] Meter 114: Generated 1.890 kWh (encrypted: 334204 bytes, 4.388 ms)
[2025-12-10 07:58:25] Meter 114: Generated 3.502 kWh (encrypted: 334505 bytes, 4.528 ms)
[2025-12-10 07:58:25] NETWORK INFO: Server authentication successful for node: aggregator-001
✓ Aggregator connected: aggregator-001 from 127.0.0.1
✓ Sent 334505 bytes to aggregator-001 (0.68ms)
Session completed with aggregator-001
[2025-12-10 07:58:45] Meter 114: Generated 2.585 kWh (encrypted: 334243 bytes, 4.461 ms)
[2025-12-10 07:59:05] Meter 114: Generated 2.252 kWh (encrypted: 334423 bytes, 4.381 ms)
[2025-12-10 07:59:25] Meter 114: Generated 2.467 kWh (encrypted: 334389 bytes, 4.847 ms)
[2025-12-10 07:59:26] NETWORK INFO: Server authentication successful for node: aggregator-001
✓ Aggregator connected: aggregator-001 from 127.0.0.1
✓ Sent 334389 bytes to aggregator-001 (0.34ms)
Session completed with aggregator-001
[2025-12-10 07:59:45] Meter 114: Generated 1.318 kWh (encrypted: 334232 bytes, 4.469 ms)
[2025-12-10 08:00:05] Meter 114: Generated 2.799 kWh (encrypted: 334280 bytes, 4.623 ms)
[2025-12-10 08:00:25] Meter 114: Generated 4.877 kWh (encrypted: 334397 bytes, 4.883 ms)
[2025-12-10 08:00:28] NETWORK INFO: Server authentication successful for node: aggregator-001
✓ Aggregator connected: aggregator-001 from 127.0.0.1
✓ Sent 334397 bytes to aggregator-001 (4.12ms)
Session completed with aggregator-001
[2025-12-10 08:00:45] Meter 114: Generated 2.719 kWh (encrypted: 334363 bytes, 4.617 ms)
[2025-12-10 08:01:05] Meter 114: Generated 3.842 kWh (encrypted: 334110 bytes, 4.749 ms)
[2025-12-10 08:01:25] Meter 114: Generated 4.955 kWh (encrypted: 334460 bytes, 4.528 ms)
[2025-12-10 08:01:31] NETWORK INFO: Server authentication successful for node: aggregator-001
✓ Aggregator connected: aggregator-001 from 127.0.0.1
✓ Sent 334460 bytes to aggregator-001 (0.36ms)
Session completed with aggregator-001
[2025-12-10 08:01:45] Meter 114: Generated 5.716 kWh (encrypted: 334190 bytes, 4.714 ms)
[2025-12-10 08:02:05] Meter 114: Generated 2.219 kWh (encrypted: 334306 bytes, 5.164 ms)
[2025-12-10 08:02:25] Meter 114: Generated 4.960 kWh (encrypted: 334456 bytes, 8.192 ms)
[2025-12-10 08:02:33] NETWORK INFO: Server authentication successful for node: aggregator-001
✓ Aggregator connected: aggregator-001 from 127.0.0.1
✓ Sent 334456 bytes to aggregator-001 (0.38ms)
Session completed with aggregator-001
[2025-12-10 08:02:45] Meter 114: Generated 4.829 kWh (encrypted: 334272 bytes, 5.596 ms)
[2025-12-10 08:03:05] Meter 114: Generated 5.158 kWh (encrypted: 334374 bytes, 6.201 ms)
[2025-12-10 08:03:25] Meter 114: Generated 2.312 kWh (encrypted: 334326 bytes, 7.735 ms)
[2025-12-10 08:03:36] NETWORK INFO: Server authentication successful for node: aggregator-001
✓ Aggregator connected: aggregator-001 from 127.0.0.1
✓ Sent 334326 bytes to aggregator-001 (0.43ms)
Session completed with aggregator-001
[2025-12-10 08:03:45] Meter 114: Generated 6.783 kWh (encrypted: 334201 bytes, 6.206 ms)
[2025-12-10 08:04:05] Meter 114: Generated 1.166 kWh (encrypted: 334099 bytes, 4.890 ms)
[2025-12-10 08:04:25] Meter 114: Generated 4.642 kWh (encrypted: 333838 bytes, 6.779 ms)
[2025-12-10 08:04:39] NETWORK INFO: Server authentication successful for node: aggregator-001
✓ Aggregator connected: aggregator-001 from 127.0.0.1
✓ Sent 333838 bytes to aggregator-001 (39.12ms)
Session completed with aggregator-001
[2025-12-10 08:04:45] Meter 114: Generated 2.108 kWh (encrypted: 334191 bytes, 5.205 ms)
[2025-12-10 08:05:05] Meter 114: Generated 1.754 kWh (encrypted: 334030 bytes, 6.018 ms)
[2025-12-10 08:05:25] Meter 114: Generated 2.214 kWh (encrypted: 334241 bytes, 6.197 ms)
[2025-12-10 08:05:44] NETWORK INFO: Server authentication successful for node: aggregator-001
✓ Aggregator connected: aggregator-001 from 127.0.0.1
✓ Sent 334241 bytes to aggregator-001 (0.35ms)
Session completed with aggregator-001
[2025-12-10 08:05:45] Meter 114: Generated 4.403 kWh (encrypted: 334333 bytes, 4.405 ms)
[2025-12-10 08:06:05] Meter 114: Generated 1.098 kWh (encrypted: 334106 bytes, 4.695 ms)
[2025-12-10 08:06:25] Meter 114: Generated 2.476 kWh (encrypted: 334155 bytes, 4.337 ms)
[2025-12-10 08:06:45] Meter 114: Generated 4.387 kWh (encrypted: 334365 bytes, 4.448 ms)
[2025-12-10 08:06:50] NETWORK INFO: Server authentication successful for node: aggregator-001
✓ Aggregator connected: aggregator-001 from 127.0.0.1
✓ Sent 334365 bytes to aggregator-001 (7.04ms)
Session completed with aggregator-001
[2025-12-10 08:07:05] Meter 114: Generated 6.662 kWh (encrypted: 334359 bytes, 10.822 ms)
[2025-12-10 08:07:25] Meter 114: Generated 4.591 kWh (encrypted: 334137 bytes, 6.404 ms)
[2025-12-10 08:07:45] Meter 114: Generated 2.390 kWh (encrypted: 334386 bytes, 4.496 ms)
[2025-12-10 08:07:55] NETWORK INFO: Server authentication successful for node: aggregator-001
✓ Aggregator connected: aggregator-001 from 127.0.0.1
✓ Sent 334386 bytes to aggregator-001 (1.84ms)
Session completed with aggregator-001
[2025-12-10 08:08:05] Meter 114: Generated 5.953 kWh (encrypted: 334308 bytes, 9.167 ms)
[2025-12-10 08:08:25] Meter 114: Generated 6.964 kWh (encrypted: 334212 bytes, 6.954 ms)
[2025-12-10 08:08:45] Meter 114: Generated 4.488 kWh (encrypted: 334262 bytes, 7.364 ms)
[2025-12-10 08:09:01] NETWORK INFO: Server authentication successful for node: aggregator-001
✓ Aggregator connected: aggregator-001 from 127.0.0.1
✓ Sent 334262 bytes to aggregator-001 (0.35ms)
Session completed with aggregator-001
[2025-12-10 08:09:05] Meter 114: Generated 6.012 kWh (encrypted: 333857 bytes, 6.094 ms)
[2025-12-10 08:09:25] Meter 114: Generated 1.683 kWh (encrypted: 334290 bytes, 6.361 ms)
[2025-12-10 08:09:45] Meter 114: Generated 4.523 kWh (encrypted: 334427 bytes, 4.572 ms)
[2025-12-10 08:10:05] Meter 114: Generated 3.677 kWh (encrypted: 334145 bytes, 5.029 ms)
[2025-12-10 08:10:06] NETWORK INFO: Server authentication successful for node: aggregator-001
✓ Aggregator connected: aggregator-001 from 127.0.0.1
✓ Sent 334145 bytes to aggregator-001 (0.34ms)
Session completed with aggregator-001
[2025-12-10 08:10:25] Meter 114: Generated 7.374 kWh (encrypted: 334386 bytes, 6.881 ms)
[2025-12-10 08:10:45] Meter 114: Generated 6.081 kWh (encrypted: 334232 bytes, 4.378 ms)
[2025-12-10 08:11:05] Meter 114: Generated 3.634 kWh (encrypted: 334423 bytes, 6.605 ms)
[2025-12-10 08:11:12] NETWORK INFO: Server authentication successful for node: aggregator-001
✓ Aggregator connected: aggregator-001 from 127.0.0.1
✓ Sent 334423 bytes to aggregator-001 (0.77ms)
Session completed with aggregator-001
[2025-12-10 08:11:25] Meter 114: Generated 5.601 kWh (encrypted: 334336 bytes, 8.427 ms)
[2025-12-10 08:11:45] Meter 114: Generated 6.121 kWh (encrypted: 334198 bytes, 6.954 ms)
[2025-12-10 08:12:05] Meter 114: Generated 5.022 kWh (encrypted: 334312 bytes, 6.670 ms)
[2025-12-10 08:12:17] NETWORK INFO: Server authentication successful for node: aggregator-001
✓ Aggregator connected: aggregator-001 from 127.0.0.1
✓ Sent 334312 bytes to aggregator-001 (0.38ms)
Session completed with aggregator-001
[2025-12-10 08:12:25] Meter 114: Generated 0.953 kWh (encrypted: 334085 bytes, 5.412 ms)

Received shutdown signal. Gracefully shutting down smart meter...
Network server thread stopped
Data generation thread stopped
Smart meter 114 shutdown complete
