=== Continuous Smart Meter Server 299 ===
Initializing for continuous operation...
SEAL context initialized
Loaded certificate: smart-meter-299
Requesting public keys from KDC...
[2025-12-10 08:01:12] NETWORK ERROR: Failed to connect to 127.0.0.1:8444: Connection refused
Error: Failed to connect to KDC at 127.0.0.1:8444
Error: Failed to send key request to KDC
Failed to obtain keys from KDC, falling back to file keys
Loaded keys from fallback files
Cryptographic components initialized
[2025-12-10 08:01:12] NETWORK INFO: Server socket created and listening on port 9299
✓ Smart meter server ready on port 9299
Data transmission interval: 20 seconds (15x accelerated - simulates 5min)
✓ Performance metrics CSV files initialized in performance_data/
Starting continuous smart meter operation...
Press Ctrl+C to stop gracefully
Data generation thread started
Network server thread started on port 9299
[2025-12-10 08:01:31] NETWORK INFO: Server authentication successful for node: aggregator-001
✓ Aggregator connected: aggregator-001 from 127.0.0.1
[2025-12-10 08:01:32] Meter 299: Generated 1.823 kWh (encrypted: 334261 bytes, 6.376 ms)
✓ Sent 334261 bytes to aggregator-001 (0.70ms)
Session completed with aggregator-001
[2025-12-10 08:01:52] Meter 299: Generated 5.950 kWh (encrypted: 334092 bytes, 6.378 ms)
[2025-12-10 08:02:12] Meter 299: Generated 4.185 kWh (encrypted: 334054 bytes, 4.406 ms)
[2025-12-10 08:02:32] Meter 299: Generated 1.679 kWh (encrypted: 334257 bytes, 5.921 ms)
[2025-12-10 08:02:33] NETWORK INFO: Server authentication successful for node: aggregator-001
✓ Aggregator connected: aggregator-001 from 127.0.0.1
✓ Sent 334257 bytes to aggregator-001 (0.39ms)
Session completed with aggregator-001
[2025-12-10 08:02:52] Meter 299: Generated 4.809 kWh (encrypted: 334102 bytes, 7.478 ms)
[2025-12-10 08:03:13] Meter 299: Generated 4.719 kWh (encrypted: 334165 bytes, 6.730 ms)
[2025-12-10 08:03:33] Meter 299: Generated 3.585 kWh (encrypted: 333323 bytes, 6.552 ms)
[2025-12-10 08:03:36] NETWORK INFO: Server authentication successful for node: aggregator-001
✓ Aggregator connected: aggregator-001 from 127.0.0.1
✓ Sent 333323 bytes to aggregator-001 (3.08ms)
Session completed with aggregator-001
[2025-12-10 08:03:53] Meter 299: Generated 3.500 kWh (encrypted: 334451 bytes, 7.465 ms)
[2025-12-10 08:04:13] Meter 299: Generated 1.733 kWh (encrypted: 334351 bytes, 4.791 ms)
[2025-12-10 08:04:33] Meter 299: Generated 1.266 kWh (encrypted: 334426 bytes, 4.887 ms)
[2025-12-10 08:04:39] NETWORK INFO: Server authentication successful for node: aggregator-001
✓ Aggregator connected: aggregator-001 from 127.0.0.1
✓ Sent 334426 bytes to aggregator-001 (10.96ms)
Session completed with aggregator-001
[2025-12-10 08:04:53] Meter 299: Generated 1.008 kWh (encrypted: 333977 bytes, 6.976 ms)
[2025-12-10 08:05:13] Meter 299: Generated 0.755 kWh (encrypted: 334424 bytes, 6.846 ms)
[2025-12-10 08:05:33] Meter 299: Generated 3.849 kWh (encrypted: 334250 bytes, 4.639 ms)
[2025-12-10 08:05:44] NETWORK INFO: Server authentication successful for node: aggregator-001
✓ Aggregator connected: aggregator-001 from 127.0.0.1
✓ Sent 334250 bytes to aggregator-001 (16.67ms)
Session completed with aggregator-001
[2025-12-10 08:05:53] Meter 299: Generated 3.789 kWh (encrypted: 334418 bytes, 4.894 ms)
[2025-12-10 08:06:13] Meter 299: Generated 4.067 kWh (encrypted: 334376 bytes, 6.944 ms)
[2025-12-10 08:06:33] Meter 299: Generated 5.590 kWh (encrypted: 334398 bytes, 4.877 ms)
[2025-12-10 08:06:50] NETWORK INFO: Server authentication successful for node: aggregator-001
✓ Aggregator connected: aggregator-001 from 127.0.0.1
✓ Sent 334398 bytes to aggregator-001 (3.81ms)
Session completed with aggregator-001
[2025-12-10 08:06:53] Meter 299: Generated 5.892 kWh (encrypted: 334046 bytes, 7.864 ms)
[2025-12-10 08:07:13] Meter 299: Generated 1.669 kWh (encrypted: 334450 bytes, 6.990 ms)
[2025-12-10 08:07:33] Meter 299: Generated 5.047 kWh (encrypted: 333862 bytes, 6.230 ms)
[2025-12-10 08:07:53] Meter 299: Generated 1.547 kWh (encrypted: 334299 bytes, 4.520 ms)
[2025-12-10 08:07:56] NETWORK INFO: Server authentication successful for node: aggregator-001
✓ Aggregator connected: aggregator-001 from 127.0.0.1
✓ Sent 334299 bytes to aggregator-001 (0.40ms)
Session completed with aggregator-001
[2025-12-10 08:08:13] Meter 299: Generated 3.252 kWh (encrypted: 334189 bytes, 6.496 ms)
[2025-12-10 08:08:33] Meter 299: Generated 3.379 kWh (encrypted: 334424 bytes, 5.654 ms)
[2025-12-10 08:08:53] Meter 299: Generated 6.956 kWh (encrypted: 334448 bytes, 4.592 ms)
[2025-12-10 08:09:01] NETWORK INFO: Server authentication successful for node: aggregator-001
✓ Aggregator connected: aggregator-001 from 127.0.0.1
✓ Sent 334448 bytes to aggregator-001 (0.63ms)
Session completed with aggregator-001
[2025-12-10 08:09:13] Meter 299: Generated 3.309 kWh (encrypted: 334367 bytes, 6.685 ms)
[2025-12-10 08:09:33] Meter 299: Generated 1.278 kWh (encrypted: 334068 bytes, 4.783 ms)
[2025-12-10 08:09:53] Meter 299: Generated 4.250 kWh (encrypted: 334364 bytes, 4.803 ms)
[2025-12-10 08:10:06] NETWORK INFO: Server authentication successful for node: aggregator-001
✓ Aggregator connected: aggregator-001 from 127.0.0.1
✓ Sent 334364 bytes to aggregator-001 (0.57ms)
Session completed with aggregator-001
[2025-12-10 08:10:13] Meter 299: Generated 6.009 kWh (encrypted: 334346 bytes, 5.508 ms)
[2025-12-10 08:10:33] Meter 299: Generated 3.869 kWh (encrypted: 334387 bytes, 4.539 ms)
[2025-12-10 08:10:53] Meter 299: Generated 5.827 kWh (encrypted: 334470 bytes, 4.684 ms)
[2025-12-10 08:11:12] NETWORK INFO: Server authentication successful for node: aggregator-001
✓ Aggregator connected: aggregator-001 from 127.0.0.1
✓ Sent 334470 bytes to aggregator-001 (0.39ms)
Session completed with aggregator-001
[2025-12-10 08:11:13] Meter 299: Generated 4.144 kWh (encrypted: 334455 bytes, 4.891 ms)
[2025-12-10 08:11:33] Meter 299: Generated 5.458 kWh (encrypted: 334117 bytes, 4.514 ms)
[2025-12-10 08:11:53] Meter 299: Generated 1.636 kWh (encrypted: 334456 bytes, 4.363 ms)
[2025-12-10 08:12:13] Meter 299: Generated 4.765 kWh (encrypted: 334032 bytes, 4.767 ms)
[2025-12-10 08:12:17] NETWORK INFO: Server authentication successful for node: aggregator-001
✓ Aggregator connected: aggregator-001 from 127.0.0.1
✓ Sent 334032 bytes to aggregator-001 (0.36ms)
Session completed with aggregator-001
[2025-12-10 08:12:33] Meter 299: Generated 4.419 kWh (encrypted: 334312 bytes, 10.221 ms)

Received shutdown signal. Gracefully shutting down smart meter...
Network server thread stopped
Data generation thread stopped
Smart meter 299 shutdown complete
