=== Continuous Smart Meter Server 381 ===
Initializing for continuous operation...
SEAL context initialized
Loaded certificate: smart-meter-381
Requesting public keys from KDC...
[2025-12-10 08:02:55] NETWORK ERROR: Failed to connect to 127.0.0.1:8444: Connection refused
Error: Failed to connect to KDC at 127.0.0.1:8444
Error: Failed to send key request to KDC
Failed to obtain keys from KDC, falling back to file keys
Loaded keys from fallback files
Cryptographic components initialized
[2025-12-10 08:02:55] NETWORK INFO: Server socket created and listening on port 9381
✓ Smart meter server ready on port 9381
Data transmission interval: 20 seconds (15x accelerated - simulates 5min)
✓ Performance metrics CSV files initialized in performance_data/
Starting continuous smart meter operation...
Press Ctrl+C to stop gracefully
Network server thread started on port 9381
Data generation thread started
[2025-12-10 08:03:15] Meter 381: Generated 7.178 kWh (encrypted: 334353 bytes, 9.269 ms)
[2025-12-10 08:03:35] Meter 381: Generated 7.093 kWh (encrypted: 334179 bytes, 7.241 ms)
[2025-12-10 08:03:36] NETWORK INFO: Server authentication successful for node: aggregator-001
✓ Aggregator connected: aggregator-001 from 127.0.0.1
✓ Sent 334179 bytes to aggregator-001 (1.51ms)
Session completed with aggregator-001
[2025-12-10 08:03:55] Meter 381: Generated 0.889 kWh (encrypted: 334418 bytes, 5.769 ms)
[2025-12-10 08:04:15] Meter 381: Generated 5.024 kWh (encrypted: 334067 bytes, 6.522 ms)
[2025-12-10 08:04:35] Meter 381: Generated 3.026 kWh (encrypted: 334196 bytes, 7.327 ms)
[2025-12-10 08:04:39] NETWORK INFO: Server authentication successful for node: aggregator-001
✓ Aggregator connected: aggregator-001 from 127.0.0.1
✓ Sent 334196 bytes to aggregator-001 (0.37ms)
Session completed with aggregator-001
[2025-12-10 08:04:55] Meter 381: Generated 6.531 kWh (encrypted: 334003 bytes, 5.511 ms)
[2025-12-10 08:05:15] Meter 381: Generated 3.425 kWh (encrypted: 334340 bytes, 16.252 ms)
[2025-12-10 08:05:35] Meter 381: Generated 4.613 kWh (encrypted: 334351 bytes, 7.061 ms)
[2025-12-10 08:05:44] NETWORK INFO: Server authentication successful for node: aggregator-001
✓ Aggregator connected: aggregator-001 from 127.0.0.1
✓ Sent 334351 bytes to aggregator-001 (0.40ms)
Session completed with aggregator-001
[2025-12-10 08:05:55] Meter 381: Generated 3.399 kWh (encrypted: 334208 bytes, 6.817 ms)
[2025-12-10 08:06:15] Meter 381: Generated 5.630 kWh (encrypted: 334398 bytes, 4.651 ms)
[2025-12-10 08:06:35] Meter 381: Generated 1.515 kWh (encrypted: 334476 bytes, 6.748 ms)
[2025-12-10 08:06:50] NETWORK INFO: Server authentication successful for node: aggregator-001
✓ Aggregator connected: aggregator-001 from 127.0.0.1
✓ Sent 334476 bytes to aggregator-001 (0.36ms)
Session completed with aggregator-001
[2025-12-10 08:06:55] Meter 381: Generated 1.343 kWh (encrypted: 334369 bytes, 4.575 ms)
[2025-12-10 08:07:15] Meter 381: Generated 5.479 kWh (encrypted: 334471 bytes, 4.805 ms)
[2025-12-10 08:07:35] Meter 381: Generated 1.161 kWh (encrypted: 334204 bytes, 4.848 ms)
[2025-12-10 08:07:55] Meter 381: Generated 1.428 kWh (encrypted: 334006 bytes, 6.318 ms)
[2025-12-10 08:07:56] NETWORK INFO: Server authentication successful for node: aggregator-001
✓ Aggregator connected: aggregator-001 from 127.0.0.1
✓ Sent 334006 bytes to aggregator-001 (0.43ms)
Session completed with aggregator-001
[2025-12-10 08:08:15] Meter 381: Generated 3.441 kWh (encrypted: 334291 bytes, 4.719 ms)
[2025-12-10 08:08:35] Meter 381: Generated 1.751 kWh (encrypted: 333831 bytes, 4.818 ms)
[2025-12-10 08:08:55] Meter 381: Generated 3.992 kWh (encrypted: 334116 bytes, 4.708 ms)
[2025-12-10 08:09:01] NETWORK INFO: Server authentication successful for node: aggregator-001
✓ Aggregator connected: aggregator-001 from 127.0.0.1
✓ Sent 334116 bytes to aggregator-001 (0.40ms)
Session completed with aggregator-001
[2025-12-10 08:09:15] Meter 381: Generated 1.095 kWh (encrypted: 334501 bytes, 4.650 ms)
[2025-12-10 08:09:35] Meter 381: Generated 4.987 kWh (encrypted: 334155 bytes, 4.617 ms)
[2025-12-10 08:09:55] Meter 381: Generated 2.724 kWh (encrypted: 334430 bytes, 10.316 ms)
[2025-12-10 08:10:06] NETWORK INFO: Server authentication successful for node: aggregator-001
✓ Aggregator connected: aggregator-001 from 127.0.0.1
✓ Sent 334430 bytes to aggregator-001 (15.46ms)
Session completed with aggregator-001
[2025-12-10 08:10:15] Meter 381: Generated 3.779 kWh (encrypted: 334050 bytes, 6.729 ms)
[2025-12-10 08:10:35] Meter 381: Generated 3.473 kWh (encrypted: 334495 bytes, 5.994 ms)
[2025-12-10 08:10:55] Meter 381: Generated 6.957 kWh (encrypted: 334202 bytes, 4.714 ms)
[2025-12-10 08:11:12] NETWORK INFO: Server authentication successful for node: aggregator-001
✓ Aggregator connected: aggregator-001 from 127.0.0.1
✓ Sent 334202 bytes to aggregator-001 (0.39ms)
Session completed with aggregator-001
[2025-12-10 08:11:15] Meter 381: Generated 5.816 kWh (encrypted: 334440 bytes, 6.214 ms)
[2025-12-10 08:11:35] Meter 381: Generated 4.878 kWh (encrypted: 334218 bytes, 5.201 ms)
[2025-12-10 08:11:55] Meter 381: Generated 6.746 kWh (encrypted: 334329 bytes, 6.622 ms)
[2025-12-10 08:12:15] Meter 381: Generated 5.323 kWh (encrypted: 334383 bytes, 6.408 ms)
[2025-12-10 08:12:17] NETWORK INFO: Server authentication successful for node: aggregator-001
✓ Aggregator connected: aggregator-001 from 127.0.0.1
✓ Sent 334383 bytes to aggregator-001 (0.35ms)
Session completed with aggregator-001

Received shutdown signal. Gracefully shutting down smart meter...
Network server thread stopped
Data generation thread stopped
Smart meter 381 shutdown complete
