=== Continuous Smart Meter Server 113 ===
Initializing for continuous operation...
SEAL context initialized
Loaded certificate: smart-meter-113
Requesting public keys from KDC...
[2025-12-10 07:57:23] NETWORK ERROR: Failed to connect to 127.0.0.1:8444: Connection refused
Error: Failed to connect to KDC at 127.0.0.1:8444
Error: Failed to send key request to KDC
Failed to obtain keys from KDC, falling back to file keys
Loaded keys from fallback files
Cryptographic components initialized
[2025-12-10 07:57:23] NETWORK INFO: Server socket created and listening on port 9113
✓ Smart meter server ready on port 9113
Data transmission interval: 20 seconds (15x accelerated - simulates 5min)
✓ Performance metrics CSV files initialized in performance_data/
Starting continuous smart meter operation...
Press Ctrl+C to stop gracefully
Data generation thread started
Network server thread started on port 9113
[2025-12-10 07:57:43] Meter 113: Generated 2.412 kWh (encrypted: 334448 bytes, 4.977 ms)
[2025-12-10 07:58:03] Meter 113: Generated 6.404 kWh (encrypted: 334203 bytes, 5.867 ms)
[2025-12-10 07:58:23] Meter 113: Generated 1.600 kWh (encrypted: 334407 bytes, 4.304 ms)
[2025-12-10 07:58:25] NETWORK INFO: Server authentication successful for node: aggregator-001
✓ Aggregator connected: aggregator-001 from 127.0.0.1
✓ Sent 334407 bytes to aggregator-001 (0.75ms)
Session completed with aggregator-001
[2025-12-10 07:58:43] Meter 113: Generated 1.528 kWh (encrypted: 334339 bytes, 4.608 ms)
[2025-12-10 07:59:03] Meter 113: Generated 2.296 kWh (encrypted: 334249 bytes, 5.539 ms)
[2025-12-10 07:59:24] Meter 113: Generated 6.984 kWh (encrypted: 334484 bytes, 4.504 ms)
[2025-12-10 07:59:26] NETWORK INFO: Server authentication successful for node: aggregator-001
✓ Aggregator connected: aggregator-001 from 127.0.0.1
✓ Sent 334484 bytes to aggregator-001 (0.36ms)
Session completed with aggregator-001
[2025-12-10 07:59:44] Meter 113: Generated 0.897 kWh (encrypted: 334338 bytes, 4.474 ms)
[2025-12-10 08:00:04] Meter 113: Generated 7.197 kWh (encrypted: 334393 bytes, 4.596 ms)
[2025-12-10 08:00:24] Meter 113: Generated 5.224 kWh (encrypted: 334438 bytes, 4.739 ms)
[2025-12-10 08:00:28] NETWORK INFO: Server authentication successful for node: aggregator-001
✓ Aggregator connected: aggregator-001 from 127.0.0.1
✓ Sent 334438 bytes to aggregator-001 (0.35ms)
Session completed with aggregator-001
[2025-12-10 08:00:44] Meter 113: Generated 7.124 kWh (encrypted: 334453 bytes, 4.930 ms)
[2025-12-10 08:01:04] Meter 113: Generated 5.512 kWh (encrypted: 334434 bytes, 4.549 ms)
[2025-12-10 08:01:24] Meter 113: Generated 5.126 kWh (encrypted: 334417 bytes, 4.665 ms)
[2025-12-10 08:01:31] NETWORK INFO: Server authentication successful for node: aggregator-001
✓ Aggregator connected: aggregator-001 from 127.0.0.1
✓ Sent 334417 bytes to aggregator-001 (0.34ms)
Session completed with aggregator-001
[2025-12-10 08:01:44] Meter 113: Generated 7.544 kWh (encrypted: 334235 bytes, 4.291 ms)
[2025-12-10 08:02:04] Meter 113: Generated 1.164 kWh (encrypted: 334369 bytes, 4.804 ms)
[2025-12-10 08:02:24] Meter 113: Generated 6.025 kWh (encrypted: 334093 bytes, 4.616 ms)
[2025-12-10 08:02:33] NETWORK INFO: Server authentication successful for node: aggregator-001
✓ Aggregator connected: aggregator-001 from 127.0.0.1
✓ Sent 334093 bytes to aggregator-001 (5.52ms)
Session completed with aggregator-001
[2025-12-10 08:02:44] Meter 113: Generated 5.375 kWh (encrypted: 334344 bytes, 4.700 ms)
[2025-12-10 08:03:04] Meter 113: Generated 6.768 kWh (encrypted: 334445 bytes, 4.862 ms)
[2025-12-10 08:03:24] Meter 113: Generated 2.851 kWh (encrypted: 334375 bytes, 5.276 ms)
[2025-12-10 08:03:36] NETWORK INFO: Server authentication successful for node: aggregator-001
✓ Aggregator connected: aggregator-001 from 127.0.0.1
✓ Sent 334375 bytes to aggregator-001 (0.38ms)
Session completed with aggregator-001
[2025-12-10 08:03:44] Meter 113: Generated 4.085 kWh (encrypted: 334528 bytes, 4.793 ms)
[2025-12-10 08:04:04] Meter 113: Generated 4.319 kWh (encrypted: 334288 bytes, 4.517 ms)
[2025-12-10 08:04:24] Meter 113: Generated 2.998 kWh (encrypted: 333612 bytes, 4.757 ms)
[2025-12-10 08:04:39] NETWORK INFO: Server authentication successful for node: aggregator-001
✓ Aggregator connected: aggregator-001 from 127.0.0.1
✓ Sent 333612 bytes to aggregator-001 (11.08ms)
Session completed with aggregator-001
[2025-12-10 08:04:44] Meter 113: Generated 5.454 kWh (encrypted: 334177 bytes, 4.917 ms)
[2025-12-10 08:05:04] Meter 113: Generated 6.389 kWh (encrypted: 333408 bytes, 6.481 ms)
[2025-12-10 08:05:24] Meter 113: Generated 3.299 kWh (encrypted: 334284 bytes, 4.605 ms)
[2025-12-10 08:05:44] Meter 113: Generated 2.484 kWh (encrypted: 334168 bytes, 4.797 ms)
[2025-12-10 08:05:44] NETWORK INFO: Server authentication successful for node: aggregator-001
✓ Aggregator connected: aggregator-001 from 127.0.0.1
✓ Sent 334168 bytes to aggregator-001 (0.36ms)
Session completed with aggregator-001
[2025-12-10 08:06:04] Meter 113: Generated 1.542 kWh (encrypted: 334288 bytes, 4.559 ms)
[2025-12-10 08:06:24] Meter 113: Generated 2.600 kWh (encrypted: 334469 bytes, 6.683 ms)
[2025-12-10 08:06:44] Meter 113: Generated 2.864 kWh (encrypted: 334208 bytes, 4.601 ms)
[2025-12-10 08:06:50] NETWORK INFO: Server authentication successful for node: aggregator-001
✓ Aggregator connected: aggregator-001 from 127.0.0.1
✓ Sent 334208 bytes to aggregator-001 (0.38ms)
Session completed with aggregator-001
[2025-12-10 08:07:04] Meter 113: Generated 4.625 kWh (encrypted: 334391 bytes, 6.653 ms)
[2025-12-10 08:07:24] Meter 113: Generated 6.207 kWh (encrypted: 334238 bytes, 6.845 ms)
[2025-12-10 08:07:44] Meter 113: Generated 3.042 kWh (encrypted: 334452 bytes, 4.623 ms)
[2025-12-10 08:07:56] NETWORK INFO: Server authentication successful for node: aggregator-001
✓ Aggregator connected: aggregator-001 from 127.0.0.1
✓ Sent 334452 bytes to aggregator-001 (0.37ms)
Session completed with aggregator-001
[2025-12-10 08:08:04] Meter 113: Generated 4.405 kWh (encrypted: 334143 bytes, 4.623 ms)
[2025-12-10 08:08:24] Meter 113: Generated 2.938 kWh (encrypted: 334402 bytes, 4.528 ms)
[2025-12-10 08:08:44] Meter 113: Generated 5.255 kWh (encrypted: 334485 bytes, 4.768 ms)
[2025-12-10 08:09:01] NETWORK INFO: Server authentication successful for node: aggregator-001
✓ Aggregator connected: aggregator-001 from 127.0.0.1
✓ Sent 334485 bytes to aggregator-001 (0.40ms)
Session completed with aggregator-001
[2025-12-10 08:09:04] Meter 113: Generated 3.672 kWh (encrypted: 334382 bytes, 4.783 ms)
[2025-12-10 08:09:24] Meter 113: Generated 7.495 kWh (encrypted: 334180 bytes, 6.386 ms)
[2025-12-10 08:09:44] Meter 113: Generated 6.198 kWh (encrypted: 334436 bytes, 5.028 ms)
[2025-12-10 08:10:04] Meter 113: Generated 7.216 kWh (encrypted: 334272 bytes, 6.835 ms)
[2025-12-10 08:10:06] NETWORK INFO: Server authentication successful for node: aggregator-001
✓ Aggregator connected: aggregator-001 from 127.0.0.1
✓ Sent 334272 bytes to aggregator-001 (0.42ms)
Session completed with aggregator-001
[2025-12-10 08:10:24] Meter 113: Generated 2.821 kWh (encrypted: 334213 bytes, 6.664 ms)
[2025-12-10 08:10:44] Meter 113: Generated 7.152 kWh (encrypted: 334326 bytes, 5.441 ms)
[2025-12-10 08:11:04] Meter 113: Generated 5.382 kWh (encrypted: 334146 bytes, 7.436 ms)
[2025-12-10 08:11:12] NETWORK INFO: Server authentication successful for node: aggregator-001
✓ Aggregator connected: aggregator-001 from 127.0.0.1
✓ Sent 334146 bytes to aggregator-001 (0.37ms)
Session completed with aggregator-001
[2025-12-10 08:11:24] Meter 113: Generated 1.146 kWh (encrypted: 334018 bytes, 4.748 ms)
[2025-12-10 08:11:44] Meter 113: Generated 3.844 kWh (encrypted: 334151 bytes, 4.313 ms)
[2025-12-10 08:12:04] Meter 113: Generated 6.882 kWh (encrypted: 334441 bytes, 4.950 ms)
[2025-12-10 08:12:17] NETWORK INFO: Server authentication successful for node: aggregator-001
✓ Aggregator connected: aggregator-001 from 127.0.0.1
✓ Sent 334441 bytes to aggregator-001 (9.04ms)
Session completed with aggregator-001
[2025-12-10 08:12:24] Meter 113: Generated 0.803 kWh (encrypted: 333736 bytes, 4.503 ms)

Received shutdown signal. Gracefully shutting down smart meter...
Network server thread stopped
Data generation thread stopped
Smart meter 113 shutdown complete
