=== Continuous Smart Meter Server 442 ===
Initializing for continuous operation...
SEAL context initialized
Loaded certificate: smart-meter-442
Requesting public keys from KDC...
[2025-12-10 08:04:12] NETWORK ERROR: Failed to connect to 127.0.0.1:8444: Connection refused
Error: Failed to connect to KDC at 127.0.0.1:8444
Error: Failed to send key request to KDC
Failed to obtain keys from KDC, falling back to file keys
Loaded keys from fallback files
Cryptographic components initialized
[2025-12-10 08:04:12] NETWORK INFO: Server socket created and listening on port 9442
✓ Smart meter server ready on port 9442
Data transmission interval: 20 seconds (15x accelerated - simulates 5min)
✓ Performance metrics CSV files initialized in performance_data/
Starting continuous smart meter operation...
Press Ctrl+C to stop gracefully
Data generation thread started
Network server thread started on port 9442
[2025-12-10 08:04:32] Meter 442: Generated 3.875 kWh (encrypted: 334368 bytes, 6.126 ms)
[2025-12-10 08:04:39] NETWORK INFO: Server authentication successful for node: aggregator-001
✓ Aggregator connected: aggregator-001 from 127.0.0.1
✓ Sent 334368 bytes to aggregator-001 (1.51ms)
Session completed with aggregator-001
[2025-12-10 08:04:52] Meter 442: Generated 3.142 kWh (encrypted: 334327 bytes, 4.743 ms)
[2025-12-10 08:05:12] Meter 442: Generated 2.075 kWh (encrypted: 334194 bytes, 4.291 ms)
[2025-12-10 08:05:32] Meter 442: Generated 7.385 kWh (encrypted: 334125 bytes, 4.486 ms)
[2025-12-10 08:05:44] NETWORK INFO: Server authentication successful for node: aggregator-001
✓ Aggregator connected: aggregator-001 from 127.0.0.1
✓ Sent 334125 bytes to aggregator-001 (0.37ms)
Session completed with aggregator-001
[2025-12-10 08:05:52] Meter 442: Generated 4.972 kWh (encrypted: 334173 bytes, 4.687 ms)
[2025-12-10 08:06:12] Meter 442: Generated 1.260 kWh (encrypted: 334350 bytes, 6.683 ms)
[2025-12-10 08:06:32] Meter 442: Generated 5.597 kWh (encrypted: 334457 bytes, 4.938 ms)
[2025-12-10 08:06:50] NETWORK INFO: Server authentication successful for node: aggregator-001
✓ Aggregator connected: aggregator-001 from 127.0.0.1
✓ Sent 334457 bytes to aggregator-001 (0.35ms)
Session completed with aggregator-001
[2025-12-10 08:06:52] Meter 442: Generated 1.817 kWh (encrypted: 334420 bytes, 4.654 ms)
[2025-12-10 08:07:12] Meter 442: Generated 6.648 kWh (encrypted: 334304 bytes, 5.130 ms)
[2025-12-10 08:07:32] Meter 442: Generated 2.870 kWh (encrypted: 334201 bytes, 4.706 ms)
[2025-12-10 08:07:52] Meter 442: Generated 2.472 kWh (encrypted: 334359 bytes, 4.625 ms)
[2025-12-10 08:07:56] NETWORK INFO: Server authentication successful for node: aggregator-001
✓ Aggregator connected: aggregator-001 from 127.0.0.1
✓ Sent 334359 bytes to aggregator-001 (0.37ms)
Session completed with aggregator-001
[2025-12-10 08:08:12] Meter 442: Generated 2.362 kWh (encrypted: 334146 bytes, 5.411 ms)
[2025-12-10 08:08:32] Meter 442: Generated 3.111 kWh (encrypted: 334150 bytes, 4.685 ms)
[2025-12-10 08:08:52] Meter 442: Generated 5.228 kWh (encrypted: 334460 bytes, 4.685 ms)
[2025-12-10 08:09:01] NETWORK INFO: Server authentication successful for node: aggregator-001
✓ Aggregator connected: aggregator-001 from 127.0.0.1
✓ Sent 334460 bytes to aggregator-001 (0.32ms)
Session completed with aggregator-001
[2025-12-10 08:09:12] Meter 442: Generated 0.824 kWh (encrypted: 334435 bytes, 4.327 ms)
[2025-12-10 08:09:32] Meter 442: Generated 1.638 kWh (encrypted: 334456 bytes, 4.791 ms)
[2025-12-10 08:09:52] Meter 442: Generated 3.429 kWh (encrypted: 334456 bytes, 6.469 ms)
[2025-12-10 08:10:06] NETWORK INFO: Server authentication successful for node: aggregator-001
✓ Aggregator connected: aggregator-001 from 127.0.0.1
✓ Sent 334456 bytes to aggregator-001 (0.39ms)
Session completed with aggregator-001
[2025-12-10 08:10:12] Meter 442: Generated 6.693 kWh (encrypted: 334347 bytes, 6.448 ms)
[2025-12-10 08:10:32] Meter 442: Generated 3.175 kWh (encrypted: 334402 bytes, 5.132 ms)
[2025-12-10 08:10:52] Meter 442: Generated 1.090 kWh (encrypted: 334267 bytes, 5.118 ms)
[2025-12-10 08:11:12] NETWORK INFO: Server authentication successful for node: aggregator-001
✓ Aggregator connected: aggregator-001 from 127.0.0.1
✓ Sent 334267 bytes to aggregator-001 (0.48ms)
Session completed with aggregator-001
[2025-12-10 08:11:12] Meter 442: Generated 4.829 kWh (encrypted: 334461 bytes, 30.934 ms)
[2025-12-10 08:11:32] Meter 442: Generated 4.566 kWh (encrypted: 334101 bytes, 4.870 ms)
[2025-12-10 08:11:52] Meter 442: Generated 0.976 kWh (encrypted: 334334 bytes, 4.520 ms)
[2025-12-10 08:12:12] Meter 442: Generated 4.809 kWh (encrypted: 334253 bytes, 6.452 ms)
[2025-12-10 08:12:17] NETWORK INFO: Server authentication successful for node: aggregator-001
✓ Aggregator connected: aggregator-001 from 127.0.0.1
✓ Sent 334253 bytes to aggregator-001 (8.07ms)
Session completed with aggregator-001
[2025-12-10 08:12:32] Meter 442: Generated 4.725 kWh (encrypted: 334494 bytes, 7.726 ms)

Received shutdown signal. Gracefully shutting down smart meter...
Network server thread stopped
Data generation thread stopped
Smart meter 442 shutdown complete
