=== Continuous Smart Meter Server 72 ===
Initializing for continuous operation...
SEAL context initialized
Loaded certificate: smart-meter-072
Requesting public keys from KDC...
[2025-12-10 07:56:33] NETWORK ERROR: Failed to connect to 127.0.0.1:8444: Connection refused
Error: Failed to connect to KDC at 127.0.0.1:8444
Error: Failed to send key request to KDC
Failed to obtain keys from KDC, falling back to file keys
Loaded keys from fallback files
Cryptographic components initialized
[2025-12-10 07:56:33] NETWORK INFO: Server socket created and listening on port 9072
✓ Smart meter server ready on port 9072
Data transmission interval: 20 seconds (15x accelerated - simulates 5min)
✓ Performance metrics CSV files initialized in performance_data/
Starting continuous smart meter operation...
Press Ctrl+C to stop gracefully
Data generation thread started
Network server thread started on port 9072
[2025-12-10 07:56:53] Meter 72: Generated 3.320 kWh (encrypted: 334218 bytes, 4.886 ms)
[2025-12-10 07:57:13] Meter 72: Generated 3.683 kWh (encrypted: 334355 bytes, 4.218 ms)
[2025-12-10 07:57:15] NETWORK INFO: Server authentication successful for node: aggregator-001
✓ Aggregator connected: aggregator-001 from 127.0.0.1
✓ Sent 334355 bytes to aggregator-001 (6.64ms)
Session completed with aggregator-001
[2025-12-10 07:57:33] Meter 72: Generated 1.528 kWh (encrypted: 334491 bytes, 4.551 ms)
[2025-12-10 07:57:53] Meter 72: Generated 1.091 kWh (encrypted: 334465 bytes, 4.695 ms)
[2025-12-10 07:58:13] Meter 72: Generated 5.629 kWh (encrypted: 334384 bytes, 4.538 ms)
[2025-12-10 07:58:25] NETWORK INFO: Server authentication successful for node: aggregator-001
✓ Aggregator connected: aggregator-001 from 127.0.0.1
✓ Sent 334384 bytes to aggregator-001 (0.41ms)
Session completed with aggregator-001
[2025-12-10 07:58:34] Meter 72: Generated 6.582 kWh (encrypted: 334403 bytes, 4.534 ms)
[2025-12-10 07:58:54] Meter 72: Generated 4.019 kWh (encrypted: 334330 bytes, 4.493 ms)
[2025-12-10 07:59:14] Meter 72: Generated 3.009 kWh (encrypted: 334484 bytes, 4.568 ms)
[2025-12-10 07:59:26] NETWORK INFO: Server authentication successful for node: aggregator-001
✓ Aggregator connected: aggregator-001 from 127.0.0.1
✓ Sent 334484 bytes to aggregator-001 (0.38ms)
Session completed with aggregator-001
[2025-12-10 07:59:34] Meter 72: Generated 6.412 kWh (encrypted: 334396 bytes, 4.460 ms)
[2025-12-10 07:59:54] Meter 72: Generated 5.539 kWh (encrypted: 334301 bytes, 4.890 ms)
[2025-12-10 08:00:14] Meter 72: Generated 4.863 kWh (encrypted: 334220 bytes, 4.698 ms)
[2025-12-10 08:00:28] NETWORK INFO: Server authentication successful for node: aggregator-001
✓ Aggregator connected: aggregator-001 from 127.0.0.1
✓ Sent 334220 bytes to aggregator-001 (0.36ms)
Session completed with aggregator-001
[2025-12-10 08:00:34] Meter 72: Generated 0.678 kWh (encrypted: 334273 bytes, 4.878 ms)
[2025-12-10 08:00:54] Meter 72: Generated 5.330 kWh (encrypted: 333368 bytes, 6.269 ms)
[2025-12-10 08:01:14] Meter 72: Generated 4.760 kWh (encrypted: 334232 bytes, 4.611 ms)
[2025-12-10 08:01:31] NETWORK INFO: Server authentication successful for node: aggregator-001
✓ Aggregator connected: aggregator-001 from 127.0.0.1
✓ Sent 334232 bytes to aggregator-001 (8.44ms)
Session completed with aggregator-001
[2025-12-10 08:01:34] Meter 72: Generated 1.335 kWh (encrypted: 334369 bytes, 5.371 ms)
[2025-12-10 08:01:54] Meter 72: Generated 5.366 kWh (encrypted: 334266 bytes, 4.441 ms)
[2025-12-10 08:02:14] Meter 72: Generated 2.845 kWh (encrypted: 334234 bytes, 4.726 ms)
[2025-12-10 08:02:33] NETWORK INFO: Server authentication successful for node: aggregator-001
✓ Aggregator connected: aggregator-001 from 127.0.0.1
✓ Sent 334234 bytes to aggregator-001 (0.39ms)
Session completed with aggregator-001
[2025-12-10 08:02:34] Meter 72: Generated 3.263 kWh (encrypted: 334378 bytes, 4.486 ms)
[2025-12-10 08:02:54] Meter 72: Generated 6.754 kWh (encrypted: 334057 bytes, 5.843 ms)
[2025-12-10 08:03:14] Meter 72: Generated 4.796 kWh (encrypted: 334462 bytes, 4.656 ms)
[2025-12-10 08:03:34] Meter 72: Generated 4.886 kWh (encrypted: 334291 bytes, 6.032 ms)
[2025-12-10 08:03:36] NETWORK INFO: Server authentication successful for node: aggregator-001
✓ Aggregator connected: aggregator-001 from 127.0.0.1
✓ Sent 334291 bytes to aggregator-001 (0.39ms)
Session completed with aggregator-001
[2025-12-10 08:03:54] Meter 72: Generated 3.877 kWh (encrypted: 334047 bytes, 5.335 ms)
[2025-12-10 08:04:14] Meter 72: Generated 3.764 kWh (encrypted: 334460 bytes, 4.410 ms)
[2025-12-10 08:04:34] Meter 72: Generated 5.257 kWh (encrypted: 334070 bytes, 4.792 ms)
[2025-12-10 08:04:39] NETWORK INFO: Server authentication successful for node: aggregator-001
✓ Aggregator connected: aggregator-001 from 127.0.0.1
✓ Sent 334070 bytes to aggregator-001 (0.38ms)
Session completed with aggregator-001
[2025-12-10 08:04:54] Meter 72: Generated 2.952 kWh (encrypted: 334247 bytes, 4.651 ms)
[2025-12-10 08:05:14] Meter 72: Generated 3.722 kWh (encrypted: 334342 bytes, 4.543 ms)
[2025-12-10 08:05:34] Meter 72: Generated 1.267 kWh (encrypted: 334011 bytes, 4.605 ms)
[2025-12-10 08:05:44] NETWORK INFO: Server authentication successful for node: aggregator-001
✓ Aggregator connected: aggregator-001 from 127.0.0.1
✓ Sent 334011 bytes to aggregator-001 (0.37ms)
Session completed with aggregator-001
[2025-12-10 08:05:54] Meter 72: Generated 5.620 kWh (encrypted: 334453 bytes, 4.525 ms)
[2025-12-10 08:06:14] Meter 72: Generated 3.912 kWh (encrypted: 334399 bytes, 4.367 ms)
[2025-12-10 08:06:34] Meter 72: Generated 1.960 kWh (encrypted: 334198 bytes, 4.425 ms)
[2025-12-10 08:06:50] NETWORK INFO: Server authentication successful for node: aggregator-001
✓ Aggregator connected: aggregator-001 from 127.0.0.1
✓ Sent 334198 bytes to aggregator-001 (0.37ms)
Session completed with aggregator-001
[2025-12-10 08:06:54] Meter 72: Generated 6.903 kWh (encrypted: 334385 bytes, 4.487 ms)
[2025-12-10 08:07:14] Meter 72: Generated 6.772 kWh (encrypted: 334191 bytes, 5.245 ms)
[2025-12-10 08:07:34] Meter 72: Generated 1.873 kWh (encrypted: 334434 bytes, 6.234 ms)
[2025-12-10 08:07:54] Meter 72: Generated 2.025 kWh (encrypted: 334360 bytes, 4.748 ms)
[2025-12-10 08:07:56] NETWORK INFO: Server authentication successful for node: aggregator-001
✓ Aggregator connected: aggregator-001 from 127.0.0.1
✓ Sent 334360 bytes to aggregator-001 (0.35ms)
Session completed with aggregator-001
[2025-12-10 08:08:14] Meter 72: Generated 4.923 kWh (encrypted: 334427 bytes, 6.726 ms)
[2025-12-10 08:08:34] Meter 72: Generated 1.103 kWh (encrypted: 334402 bytes, 4.784 ms)
[2025-12-10 08:08:54] Meter 72: Generated 4.204 kWh (encrypted: 334071 bytes, 6.601 ms)
[2025-12-10 08:09:01] NETWORK INFO: Server authentication successful for node: aggregator-001
✓ Aggregator connected: aggregator-001 from 127.0.0.1
✓ Sent 334071 bytes to aggregator-001 (0.35ms)
Session completed with aggregator-001
[2025-12-10 08:09:14] Meter 72: Generated 6.127 kWh (encrypted: 334137 bytes, 4.510 ms)
[2025-12-10 08:09:34] Meter 72: Generated 3.649 kWh (encrypted: 334320 bytes, 6.984 ms)
[2025-12-10 08:09:54] Meter 72: Generated 4.885 kWh (encrypted: 334468 bytes, 6.417 ms)
[2025-12-10 08:10:06] NETWORK INFO: Server authentication successful for node: aggregator-001
✓ Aggregator connected: aggregator-001 from 127.0.0.1
✓ Sent 334468 bytes to aggregator-001 (0.40ms)
Session completed with aggregator-001
[2025-12-10 08:10:14] Meter 72: Generated 5.465 kWh (encrypted: 334431 bytes, 6.505 ms)
[2025-12-10 08:10:34] Meter 72: Generated 3.006 kWh (encrypted: 334166 bytes, 4.684 ms)
[2025-12-10 08:10:54] Meter 72: Generated 1.940 kWh (encrypted: 334379 bytes, 5.460 ms)
[2025-12-10 08:11:12] NETWORK INFO: Server authentication successful for node: aggregator-001
✓ Aggregator connected: aggregator-001 from 127.0.0.1
✓ Sent 334379 bytes to aggregator-001 (0.40ms)
Session completed with aggregator-001
[2025-12-10 08:11:14] Meter 72: Generated 1.296 kWh (encrypted: 334418 bytes, 6.498 ms)
[2025-12-10 08:11:34] Meter 72: Generated 3.576 kWh (encrypted: 334066 bytes, 4.605 ms)
[2025-12-10 08:11:54] Meter 72: Generated 1.565 kWh (encrypted: 334001 bytes, 4.635 ms)
[2025-12-10 08:12:14] Meter 72: Generated 1.704 kWh (encrypted: 333928 bytes, 4.760 ms)
[2025-12-10 08:12:17] NETWORK INFO: Server authentication successful for node: aggregator-001
✓ Aggregator connected: aggregator-001 from 127.0.0.1
✓ Sent 333928 bytes to aggregator-001 (0.37ms)
Session completed with aggregator-001
[2025-12-10 08:12:34] Meter 72: Generated 5.020 kWh (encrypted: 334466 bytes, 6.956 ms)

Received shutdown signal. Gracefully shutting down smart meter...
Network server thread stopped
Data generation thread stopped
Smart meter 72 shutdown complete
