=== Continuous Smart Meter Server 253 ===
Initializing for continuous operation...
SEAL context initialized
Loaded certificate: smart-meter-253
Requesting public keys from KDC...
[2025-12-10 08:00:15] NETWORK ERROR: Failed to connect to 127.0.0.1:8444: Connection refused
Error: Failed to connect to KDC at 127.0.0.1:8444
Error: Failed to send key request to KDC
Failed to obtain keys from KDC, falling back to file keys
Loaded keys from fallback files
Cryptographic components initialized
[2025-12-10 08:00:15] NETWORK INFO: Server socket created and listening on port 9253
✓ Smart meter server ready on port 9253
Data transmission interval: 20 seconds (15x accelerated - simulates 5min)
✓ Performance metrics CSV files initialized in performance_data/
Starting continuous smart meter operation...
Press Ctrl+C to stop gracefully
Data generation thread started
Network server thread started on port 9253
[2025-12-10 08:00:28] NETWORK INFO: Server authentication successful for node: aggregator-001
✓ Aggregator connected: aggregator-001 from 127.0.0.1
[2025-12-10 08:00:35] Meter 253: Generated 6.834 kWh (encrypted: 334394 bytes, 5.125 ms)
✓ Sent 334394 bytes to aggregator-001 (1.13ms)
Session completed with aggregator-001
[2025-12-10 08:00:55] Meter 253: Generated 2.784 kWh (encrypted: 333947 bytes, 4.715 ms)
[2025-12-10 08:01:15] Meter 253: Generated 3.009 kWh (encrypted: 334328 bytes, 5.315 ms)
[2025-12-10 08:01:31] NETWORK INFO: Server authentication successful for node: aggregator-001
✓ Aggregator connected: aggregator-001 from 127.0.0.1
✓ Sent 334328 bytes to aggregator-001 (0.52ms)
Session completed with aggregator-001
[2025-12-10 08:01:35] Meter 253: Generated 4.558 kWh (encrypted: 334358 bytes, 4.559 ms)
[2025-12-10 08:01:55] Meter 253: Generated 3.522 kWh (encrypted: 333987 bytes, 4.636 ms)
[2025-12-10 08:02:15] Meter 253: Generated 5.382 kWh (encrypted: 334403 bytes, 6.417 ms)
[2025-12-10 08:02:33] NETWORK INFO: Server authentication successful for node: aggregator-001
✓ Aggregator connected: aggregator-001 from 127.0.0.1
✓ Sent 334403 bytes to aggregator-001 (0.34ms)
Session completed with aggregator-001
[2025-12-10 08:02:35] Meter 253: Generated 1.239 kWh (encrypted: 334348 bytes, 5.316 ms)
[2025-12-10 08:02:55] Meter 253: Generated 2.586 kWh (encrypted: 334171 bytes, 4.485 ms)
[2025-12-10 08:03:15] Meter 253: Generated 5.890 kWh (encrypted: 334378 bytes, 4.274 ms)
[2025-12-10 08:03:35] Meter 253: Generated 4.310 kWh (encrypted: 334336 bytes, 4.378 ms)
[2025-12-10 08:03:36] NETWORK INFO: Server authentication successful for node: aggregator-001
✓ Aggregator connected: aggregator-001 from 127.0.0.1
✓ Sent 334336 bytes to aggregator-001 (0.42ms)
Session completed with aggregator-001
[2025-12-10 08:03:55] Meter 253: Generated 2.299 kWh (encrypted: 334438 bytes, 7.266 ms)
[2025-12-10 08:04:15] Meter 253: Generated 1.203 kWh (encrypted: 334411 bytes, 4.774 ms)
[2025-12-10 08:04:36] Meter 253: Generated 2.814 kWh (encrypted: 334133 bytes, 4.521 ms)
[2025-12-10 08:04:40] NETWORK INFO: Server authentication successful for node: aggregator-001
✓ Aggregator connected: aggregator-001 from 127.0.0.1
✓ Sent 334133 bytes to aggregator-001 (2.98ms)
Session completed with aggregator-001
[2025-12-10 08:04:56] Meter 253: Generated 2.289 kWh (encrypted: 334445 bytes, 5.581 ms)
[2025-12-10 08:05:16] Meter 253: Generated 4.358 kWh (encrypted: 334069 bytes, 4.464 ms)
[2025-12-10 08:05:36] Meter 253: Generated 1.662 kWh (encrypted: 334382 bytes, 4.635 ms)
[2025-12-10 08:05:44] NETWORK INFO: Server authentication successful for node: aggregator-001
✓ Aggregator connected: aggregator-001 from 127.0.0.1
✓ Sent 334382 bytes to aggregator-001 (0.34ms)
Session completed with aggregator-001
[2025-12-10 08:05:56] Meter 253: Generated 2.951 kWh (encrypted: 334312 bytes, 4.405 ms)
[2025-12-10 08:06:16] Meter 253: Generated 2.919 kWh (encrypted: 334177 bytes, 6.429 ms)
[2025-12-10 08:06:36] Meter 253: Generated 0.929 kWh (encrypted: 334058 bytes, 4.814 ms)
[2025-12-10 08:06:50] NETWORK INFO: Server authentication successful for node: aggregator-001
✓ Aggregator connected: aggregator-001 from 127.0.0.1
✓ Sent 334058 bytes to aggregator-001 (0.35ms)
Session completed with aggregator-001
[2025-12-10 08:06:56] Meter 253: Generated 6.065 kWh (encrypted: 334315 bytes, 4.500 ms)
[2025-12-10 08:07:16] Meter 253: Generated 6.784 kWh (encrypted: 334157 bytes, 4.810 ms)
[2025-12-10 08:07:36] Meter 253: Generated 3.388 kWh (encrypted: 334377 bytes, 4.725 ms)
[2025-12-10 08:07:56] NETWORK INFO: Server authentication successful for node: aggregator-001
✓ Aggregator connected: aggregator-001 from 127.0.0.1
✓ Sent 334377 bytes to aggregator-001 (0.36ms)
Session completed with aggregator-001
[2025-12-10 08:07:56] Meter 253: Generated 1.242 kWh (encrypted: 334084 bytes, 11.593 ms)
[2025-12-10 08:08:16] Meter 253: Generated 1.578 kWh (encrypted: 334472 bytes, 4.810 ms)
[2025-12-10 08:08:36] Meter 253: Generated 6.632 kWh (encrypted: 334056 bytes, 4.642 ms)
[2025-12-10 08:08:56] Meter 253: Generated 2.532 kWh (encrypted: 334276 bytes, 4.725 ms)
[2025-12-10 08:09:01] NETWORK INFO: Server authentication successful for node: aggregator-001
✓ Aggregator connected: aggregator-001 from 127.0.0.1
✓ Sent 334276 bytes to aggregator-001 (0.45ms)
Session completed with aggregator-001
[2025-12-10 08:09:16] Meter 253: Generated 2.343 kWh (encrypted: 333940 bytes, 11.278 ms)
[2025-12-10 08:09:36] Meter 253: Generated 3.283 kWh (encrypted: 334346 bytes, 5.041 ms)
[2025-12-10 08:09:56] Meter 253: Generated 6.776 kWh (encrypted: 334342 bytes, 4.838 ms)
[2025-12-10 08:10:06] NETWORK INFO: Server authentication successful for node: aggregator-001
✓ Aggregator connected: aggregator-001 from 127.0.0.1
✓ Sent 334342 bytes to aggregator-001 (0.36ms)
Session completed with aggregator-001
[2025-12-10 08:10:16] Meter 253: Generated 4.646 kWh (encrypted: 334360 bytes, 6.522 ms)
[2025-12-10 08:10:36] Meter 253: Generated 1.226 kWh (encrypted: 334097 bytes, 5.407 ms)
[2025-12-10 08:10:56] Meter 253: Generated 4.570 kWh (encrypted: 334318 bytes, 6.660 ms)
[2025-12-10 08:11:12] NETWORK INFO: Server authentication successful for node: aggregator-001
✓ Aggregator connected: aggregator-001 from 127.0.0.1
✓ Sent 334318 bytes to aggregator-001 (0.36ms)
Session completed with aggregator-001
[2025-12-10 08:11:16] Meter 253: Generated 1.514 kWh (encrypted: 334355 bytes, 6.413 ms)
[2025-12-10 08:11:36] Meter 253: Generated 5.964 kWh (encrypted: 334381 bytes, 12.865 ms)
[2025-12-10 08:11:56] Meter 253: Generated 7.334 kWh (encrypted: 334169 bytes, 4.346 ms)
[2025-12-10 08:12:16] Meter 253: Generated 6.109 kWh (encrypted: 334465 bytes, 6.585 ms)
[2025-12-10 08:12:17] NETWORK INFO: Server authentication successful for node: aggregator-001
✓ Aggregator connected: aggregator-001 from 127.0.0.1
✓ Sent 334465 bytes to aggregator-001 (0.36ms)
Session completed with aggregator-001

Received shutdown signal. Gracefully shutting down smart meter...
Network server thread stopped
Data generation thread stopped
Smart meter 253 shutdown complete
