=== Continuous Smart Meter Server 476 ===
Initializing for continuous operation...
SEAL context initialized
Loaded certificate: smart-meter-476
Requesting public keys from KDC...
[2025-12-10 08:04:55] NETWORK ERROR: Failed to connect to 127.0.0.1:8444: Connection refused
Error: Failed to connect to KDC at 127.0.0.1:8444
Error: Failed to send key request to KDC
Failed to obtain keys from KDC, falling back to file keys
Loaded keys from fallback files
Cryptographic components initialized
[2025-12-10 08:04:55] NETWORK INFO: Server socket created and listening on port 9476
✓ Smart meter server ready on port 9476
Data transmission interval: 20 seconds (15x accelerated - simulates 5min)
✓ Performance metrics CSV files initialized in performance_data/
Starting continuous smart meter operation...
Press Ctrl+C to stop gracefully
Data generation thread started
Network server thread started on port 9476
[2025-12-10 08:05:15] Meter 476: Generated 5.440 kWh (encrypted: 334480 bytes, 8.205 ms)
[2025-12-10 08:05:35] Meter 476: Generated 4.001 kWh (encrypted: 334404 bytes, 6.901 ms)
[2025-12-10 08:05:44] NETWORK INFO: Server authentication successful for node: aggregator-001
✓ Aggregator connected: aggregator-001 from 127.0.0.1
✓ Sent 334404 bytes to aggregator-001 (5.66ms)
Session completed with aggregator-001
[2025-12-10 08:05:55] Meter 476: Generated 4.067 kWh (encrypted: 334500 bytes, 4.474 ms)
[2025-12-10 08:06:15] Meter 476: Generated 4.156 kWh (encrypted: 334429 bytes, 4.989 ms)
[2025-12-10 08:06:35] Meter 476: Generated 1.715 kWh (encrypted: 334218 bytes, 6.655 ms)
[2025-12-10 08:06:50] NETWORK INFO: Server authentication successful for node: aggregator-001
✓ Aggregator connected: aggregator-001 from 127.0.0.1
✓ Sent 334218 bytes to aggregator-001 (0.37ms)
Session completed with aggregator-001
[2025-12-10 08:06:55] Meter 476: Generated 4.482 kWh (encrypted: 333224 bytes, 4.747 ms)
[2025-12-10 08:07:15] Meter 476: Generated 5.001 kWh (encrypted: 334365 bytes, 4.594 ms)
[2025-12-10 08:07:35] Meter 476: Generated 4.825 kWh (encrypted: 334425 bytes, 10.630 ms)
[2025-12-10 08:07:55] Meter 476: Generated 3.523 kWh (encrypted: 334146 bytes, 4.369 ms)
[2025-12-10 08:07:56] NETWORK INFO: Server authentication successful for node: aggregator-001
✓ Aggregator connected: aggregator-001 from 127.0.0.1
✓ Sent 334146 bytes to aggregator-001 (0.35ms)
Session completed with aggregator-001
[2025-12-10 08:08:15] Meter 476: Generated 4.800 kWh (encrypted: 334561 bytes, 6.829 ms)
[2025-12-10 08:08:35] Meter 476: Generated 2.986 kWh (encrypted: 334404 bytes, 4.573 ms)
[2025-12-10 08:08:55] Meter 476: Generated 3.442 kWh (encrypted: 334210 bytes, 5.261 ms)
[2025-12-10 08:09:01] NETWORK INFO: Server authentication successful for node: aggregator-001
✓ Aggregator connected: aggregator-001 from 127.0.0.1
✓ Sent 334210 bytes to aggregator-001 (0.38ms)
Session completed with aggregator-001
[2025-12-10 08:09:15] Meter 476: Generated 6.995 kWh (encrypted: 334421 bytes, 6.502 ms)
[2025-12-10 08:09:35] Meter 476: Generated 1.045 kWh (encrypted: 334346 bytes, 5.173 ms)
[2025-12-10 08:09:55] Meter 476: Generated 6.916 kWh (encrypted: 333759 bytes, 4.673 ms)
[2025-12-10 08:10:06] NETWORK INFO: Server authentication successful for node: aggregator-001
✓ Aggregator connected: aggregator-001 from 127.0.0.1
✓ Sent 333759 bytes to aggregator-001 (0.34ms)
Session completed with aggregator-001
[2025-12-10 08:10:15] Meter 476: Generated 1.793 kWh (encrypted: 334372 bytes, 6.584 ms)
[2025-12-10 08:10:35] Meter 476: Generated 5.597 kWh (encrypted: 334460 bytes, 6.485 ms)
[2025-12-10 08:10:55] Meter 476: Generated 1.047 kWh (encrypted: 334362 bytes, 4.712 ms)
[2025-12-10 08:11:12] NETWORK INFO: Server authentication successful for node: aggregator-001
✓ Aggregator connected: aggregator-001 from 127.0.0.1
✓ Sent 334362 bytes to aggregator-001 (89.25ms)
Session completed with aggregator-001
[2025-12-10 08:11:15] Meter 476: Generated 0.839 kWh (encrypted: 334444 bytes, 6.236 ms)
[2025-12-10 08:11:35] Meter 476: Generated 2.235 kWh (encrypted: 334342 bytes, 8.045 ms)
[2025-12-10 08:11:55] Meter 476: Generated 1.595 kWh (encrypted: 334159 bytes, 6.926 ms)
[2025-12-10 08:12:15] Meter 476: Generated 6.440 kWh (encrypted: 334474 bytes, 4.713 ms)
[2025-12-10 08:12:17] NETWORK INFO: Server authentication successful for node: aggregator-001
✓ Aggregator connected: aggregator-001 from 127.0.0.1
✓ Sent 334474 bytes to aggregator-001 (1.42ms)
Session completed with aggregator-001

Received shutdown signal. Gracefully shutting down smart meter...
Network server thread stopped
Data generation thread stopped
Smart meter 476 shutdown complete
