=== Continuous Smart Meter Server 206 ===
Initializing for continuous operation...
SEAL context initialized
Loaded certificate: smart-meter-206
Requesting public keys from KDC...
[2025-12-10 07:59:17] NETWORK ERROR: Failed to connect to 127.0.0.1:8444: Connection refused
Error: Failed to connect to KDC at 127.0.0.1:8444
Error: Failed to send key request to KDC
Failed to obtain keys from KDC, falling back to file keys
Loaded keys from fallback files
Cryptographic components initialized
[2025-12-10 07:59:17] NETWORK INFO: Server socket created and listening on port 9206
✓ Smart meter server ready on port 9206
Data transmission interval: 20 seconds (15x accelerated - simulates 5min)
✓ Performance metrics CSV files initialized in performance_data/
Starting continuous smart meter operation...
Press Ctrl+C to stop gracefully
Network server thread started on port 9206
Data generation thread started
[2025-12-10 07:59:26] NETWORK INFO: Server authentication successful for node: aggregator-001
✓ Aggregator connected: aggregator-001 from 127.0.0.1
[2025-12-10 07:59:37] Meter 206: Generated 4.729 kWh (encrypted: 334304 bytes, 5.271 ms)
✓ Sent 334304 bytes to aggregator-001 (0.66ms)
Session completed with aggregator-001
[2025-12-10 07:59:57] Meter 206: Generated 6.300 kWh (encrypted: 334173 bytes, 4.478 ms)
[2025-12-10 08:00:17] Meter 206: Generated 1.156 kWh (encrypted: 334242 bytes, 4.488 ms)
[2025-12-10 08:00:28] NETWORK INFO: Server authentication successful for node: aggregator-001
✓ Aggregator connected: aggregator-001 from 127.0.0.1
✓ Sent 334242 bytes to aggregator-001 (0.39ms)
Session completed with aggregator-001
[2025-12-10 08:00:37] Meter 206: Generated 7.156 kWh (encrypted: 334069 bytes, 6.688 ms)
[2025-12-10 08:00:57] Meter 206: Generated 6.476 kWh (encrypted: 334120 bytes, 4.467 ms)
[2025-12-10 08:01:17] Meter 206: Generated 2.109 kWh (encrypted: 334298 bytes, 4.559 ms)
[2025-12-10 08:01:31] NETWORK INFO: Server authentication successful for node: aggregator-001
✓ Aggregator connected: aggregator-001 from 127.0.0.1
✓ Sent 334298 bytes to aggregator-001 (5.25ms)
Session completed with aggregator-001
[2025-12-10 08:01:37] Meter 206: Generated 6.931 kWh (encrypted: 334479 bytes, 4.389 ms)
[2025-12-10 08:01:57] Meter 206: Generated 2.993 kWh (encrypted: 333492 bytes, 4.876 ms)
[2025-12-10 08:02:17] Meter 206: Generated 5.005 kWh (encrypted: 334390 bytes, 4.768 ms)
[2025-12-10 08:02:33] NETWORK INFO: Server authentication successful for node: aggregator-001
✓ Aggregator connected: aggregator-001 from 127.0.0.1
✓ Sent 334390 bytes to aggregator-001 (0.34ms)
Session completed with aggregator-001
[2025-12-10 08:02:38] Meter 206: Generated 5.285 kWh (encrypted: 333931 bytes, 4.690 ms)
[2025-12-10 08:02:58] Meter 206: Generated 1.040 kWh (encrypted: 333897 bytes, 4.828 ms)
[2025-12-10 08:03:18] Meter 206: Generated 3.466 kWh (encrypted: 334029 bytes, 7.105 ms)
[2025-12-10 08:03:36] NETWORK INFO: Server authentication successful for node: aggregator-001
✓ Aggregator connected: aggregator-001 from 127.0.0.1
✓ Sent 334029 bytes to aggregator-001 (0.42ms)
Session completed with aggregator-001
[2025-12-10 08:03:38] Meter 206: Generated 6.094 kWh (encrypted: 334107 bytes, 6.170 ms)
[2025-12-10 08:03:58] Meter 206: Generated 1.090 kWh (encrypted: 334344 bytes, 6.611 ms)
[2025-12-10 08:04:18] Meter 206: Generated 6.492 kWh (encrypted: 334469 bytes, 5.034 ms)
[2025-12-10 08:04:38] Meter 206: Generated 6.167 kWh (encrypted: 334240 bytes, 6.658 ms)
[2025-12-10 08:04:39] NETWORK INFO: Server authentication successful for node: aggregator-001
✓ Aggregator connected: aggregator-001 from 127.0.0.1
✓ Sent 334240 bytes to aggregator-001 (0.42ms)
Session completed with aggregator-001
[2025-12-10 08:04:58] Meter 206: Generated 1.955 kWh (encrypted: 334203 bytes, 5.611 ms)
[2025-12-10 08:05:18] Meter 206: Generated 3.844 kWh (encrypted: 334330 bytes, 6.128 ms)
[2025-12-10 08:05:38] Meter 206: Generated 4.236 kWh (encrypted: 334469 bytes, 4.635 ms)
[2025-12-10 08:05:44] NETWORK INFO: Server authentication successful for node: aggregator-001
✓ Aggregator connected: aggregator-001 from 127.0.0.1
✓ Sent 334469 bytes to aggregator-001 (0.36ms)
Session completed with aggregator-001
[2025-12-10 08:05:58] Meter 206: Generated 2.252 kWh (encrypted: 334024 bytes, 6.437 ms)
[2025-12-10 08:06:18] Meter 206: Generated 7.400 kWh (encrypted: 334421 bytes, 7.249 ms)
[2025-12-10 08:06:38] Meter 206: Generated 1.016 kWh (encrypted: 334290 bytes, 4.561 ms)
[2025-12-10 08:06:50] NETWORK INFO: Server authentication successful for node: aggregator-001
✓ Aggregator connected: aggregator-001 from 127.0.0.1
✓ Sent 334290 bytes to aggregator-001 (0.35ms)
Session completed with aggregator-001
[2025-12-10 08:06:58] Meter 206: Generated 7.320 kWh (encrypted: 334438 bytes, 5.568 ms)
[2025-12-10 08:07:18] Meter 206: Generated 5.140 kWh (encrypted: 334050 bytes, 6.020 ms)
[2025-12-10 08:07:38] Meter 206: Generated 3.940 kWh (encrypted: 334327 bytes, 4.485 ms)
[2025-12-10 08:07:55] NETWORK INFO: Server authentication successful for node: aggregator-001
✓ Aggregator connected: aggregator-001 from 127.0.0.1
✓ Sent 334327 bytes to aggregator-001 (0.36ms)
Session completed with aggregator-001
[2025-12-10 08:07:58] Meter 206: Generated 3.343 kWh (encrypted: 334254 bytes, 9.843 ms)
[2025-12-10 08:08:18] Meter 206: Generated 1.081 kWh (encrypted: 334479 bytes, 4.892 ms)
[2025-12-10 08:08:38] Meter 206: Generated 6.605 kWh (encrypted: 334391 bytes, 4.676 ms)
[2025-12-10 08:08:58] Meter 206: Generated 5.534 kWh (encrypted: 334113 bytes, 6.639 ms)
[2025-12-10 08:09:01] NETWORK INFO: Server authentication successful for node: aggregator-001
✓ Aggregator connected: aggregator-001 from 127.0.0.1
✓ Sent 334113 bytes to aggregator-001 (0.35ms)
Session completed with aggregator-001
[2025-12-10 08:09:18] Meter 206: Generated 3.906 kWh (encrypted: 334135 bytes, 4.730 ms)
[2025-12-10 08:09:38] Meter 206: Generated 1.964 kWh (encrypted: 334111 bytes, 4.768 ms)
[2025-12-10 08:09:58] Meter 206: Generated 2.504 kWh (encrypted: 334410 bytes, 6.372 ms)
[2025-12-10 08:10:06] NETWORK INFO: Server authentication successful for node: aggregator-001
✓ Aggregator connected: aggregator-001 from 127.0.0.1
✓ Sent 334410 bytes to aggregator-001 (0.39ms)
Session completed with aggregator-001
[2025-12-10 08:10:18] Meter 206: Generated 6.946 kWh (encrypted: 334175 bytes, 6.637 ms)
[2025-12-10 08:10:38] Meter 206: Generated 5.822 kWh (encrypted: 334135 bytes, 4.846 ms)
[2025-12-10 08:10:58] Meter 206: Generated 2.350 kWh (encrypted: 334359 bytes, 4.901 ms)
[2025-12-10 08:11:12] NETWORK INFO: Server authentication successful for node: aggregator-001
✓ Aggregator connected: aggregator-001 from 127.0.0.1
✓ Sent 334359 bytes to aggregator-001 (0.37ms)
Session completed with aggregator-001
[2025-12-10 08:11:18] Meter 206: Generated 5.015 kWh (encrypted: 334368 bytes, 6.554 ms)
[2025-12-10 08:11:38] Meter 206: Generated 4.984 kWh (encrypted: 334256 bytes, 4.985 ms)
[2025-12-10 08:11:58] Meter 206: Generated 5.508 kWh (encrypted: 334460 bytes, 6.351 ms)
[2025-12-10 08:12:17] NETWORK INFO: Server authentication successful for node: aggregator-001
✓ Aggregator connected: aggregator-001 from 127.0.0.1
✓ Sent 334460 bytes to aggregator-001 (0.35ms)
Session completed with aggregator-001
[2025-12-10 08:12:18] Meter 206: Generated 1.488 kWh (encrypted: 334339 bytes, 4.303 ms)

Received shutdown signal. Gracefully shutting down smart meter...
Network server thread stopped
Data generation thread stopped
Smart meter 206 shutdown complete
