=== Continuous Smart Meter Server 385 ===
Initializing for continuous operation...
SEAL context initialized
Loaded certificate: smart-meter-385
Requesting public keys from KDC...
[2025-12-10 08:03:00] NETWORK ERROR: Failed to connect to 127.0.0.1:8444: Connection refused
Error: Failed to connect to KDC at 127.0.0.1:8444
Error: Failed to send key request to KDC
Failed to obtain keys from KDC, falling back to file keys
Loaded keys from fallback files
Cryptographic components initialized
[2025-12-10 08:03:00] NETWORK INFO: Server socket created and listening on port 9385
✓ Smart meter server ready on port 9385
Data transmission interval: 20 seconds (15x accelerated - simulates 5min)
✓ Performance metrics CSV files initialized in performance_data/
Starting continuous smart meter operation...
Press Ctrl+C to stop gracefully
Data generation thread started
Network server thread started on port 9385
[2025-12-10 08:03:20] Meter 385: Generated 1.172 kWh (encrypted: 334299 bytes, 5.764 ms)
[2025-12-10 08:03:36] NETWORK INFO: Server authentication successful for node: aggregator-001
✓ Aggregator connected: aggregator-001 from 127.0.0.1
✓ Sent 334299 bytes to aggregator-001 (0.74ms)
Session completed with aggregator-001
[2025-12-10 08:03:40] Meter 385: Generated 3.021 kWh (encrypted: 334415 bytes, 5.459 ms)
[2025-12-10 08:04:00] Meter 385: Generated 2.406 kWh (encrypted: 334370 bytes, 4.945 ms)
[2025-12-10 08:04:20] Meter 385: Generated 2.267 kWh (encrypted: 334158 bytes, 5.604 ms)
[2025-12-10 08:04:39] NETWORK INFO: Server authentication successful for node: aggregator-001
✓ Aggregator connected: aggregator-001 from 127.0.0.1
✓ Sent 334158 bytes to aggregator-001 (0.38ms)
Session completed with aggregator-001
[2025-12-10 08:04:40] Meter 385: Generated 4.549 kWh (encrypted: 334151 bytes, 5.061 ms)
[2025-12-10 08:05:00] Meter 385: Generated 5.260 kWh (encrypted: 334074 bytes, 4.813 ms)
[2025-12-10 08:05:20] Meter 385: Generated 5.332 kWh (encrypted: 334392 bytes, 4.545 ms)
[2025-12-10 08:05:40] Meter 385: Generated 1.912 kWh (encrypted: 334262 bytes, 4.323 ms)
[2025-12-10 08:05:44] NETWORK INFO: Server authentication successful for node: aggregator-001
✓ Aggregator connected: aggregator-001 from 127.0.0.1
✓ Sent 334262 bytes to aggregator-001 (0.41ms)
Session completed with aggregator-001
[2025-12-10 08:06:00] Meter 385: Generated 1.003 kWh (encrypted: 334383 bytes, 4.475 ms)
[2025-12-10 08:06:20] Meter 385: Generated 3.620 kWh (encrypted: 334129 bytes, 6.389 ms)
[2025-12-10 08:06:40] Meter 385: Generated 5.339 kWh (encrypted: 334297 bytes, 4.603 ms)
[2025-12-10 08:06:50] NETWORK INFO: Server authentication successful for node: aggregator-001
✓ Aggregator connected: aggregator-001 from 127.0.0.1
✓ Sent 334297 bytes to aggregator-001 (7.28ms)
Session completed with aggregator-001
[2025-12-10 08:07:00] Meter 385: Generated 5.254 kWh (encrypted: 334147 bytes, 4.371 ms)
[2025-12-10 08:07:20] Meter 385: Generated 5.939 kWh (encrypted: 334335 bytes, 8.079 ms)
[2025-12-10 08:07:40] Meter 385: Generated 1.943 kWh (encrypted: 334491 bytes, 4.468 ms)
[2025-12-10 08:07:56] NETWORK INFO: Server authentication successful for node: aggregator-001
✓ Aggregator connected: aggregator-001 from 127.0.0.1
✓ Sent 334491 bytes to aggregator-001 (0.34ms)
Session completed with aggregator-001
[2025-12-10 08:08:00] Meter 385: Generated 2.094 kWh (encrypted: 334238 bytes, 6.543 ms)
[2025-12-10 08:08:20] Meter 385: Generated 5.573 kWh (encrypted: 334017 bytes, 6.610 ms)
[2025-12-10 08:08:40] Meter 385: Generated 6.396 kWh (encrypted: 334086 bytes, 6.380 ms)
[2025-12-10 08:09:00] Meter 385: Generated 6.155 kWh (encrypted: 334491 bytes, 6.084 ms)
[2025-12-10 08:09:01] NETWORK INFO: Server authentication successful for node: aggregator-001
✓ Aggregator connected: aggregator-001 from 127.0.0.1
✓ Sent 334491 bytes to aggregator-001 (0.34ms)
Session completed with aggregator-001
[2025-12-10 08:09:20] Meter 385: Generated 3.859 kWh (encrypted: 334164 bytes, 7.262 ms)
[2025-12-10 08:09:40] Meter 385: Generated 4.051 kWh (encrypted: 334190 bytes, 4.505 ms)
[2025-12-10 08:10:00] Meter 385: Generated 6.017 kWh (encrypted: 334218 bytes, 6.601 ms)
[2025-12-10 08:10:06] NETWORK INFO: Server authentication successful for node: aggregator-001
✓ Aggregator connected: aggregator-001 from 127.0.0.1
✓ Sent 334218 bytes to aggregator-001 (11.88ms)
Session completed with aggregator-001
[2025-12-10 08:10:20] Meter 385: Generated 4.165 kWh (encrypted: 333959 bytes, 4.258 ms)
[2025-12-10 08:10:40] Meter 385: Generated 2.889 kWh (encrypted: 334153 bytes, 5.361 ms)
[2025-12-10 08:11:00] Meter 385: Generated 2.005 kWh (encrypted: 334481 bytes, 6.448 ms)
[2025-12-10 08:11:12] NETWORK INFO: Server authentication successful for node: aggregator-001
✓ Aggregator connected: aggregator-001 from 127.0.0.1
✓ Sent 334481 bytes to aggregator-001 (0.39ms)
Session completed with aggregator-001
[2025-12-10 08:11:20] Meter 385: Generated 2.922 kWh (encrypted: 333994 bytes, 4.530 ms)
[2025-12-10 08:11:40] Meter 385: Generated 7.395 kWh (encrypted: 334543 bytes, 4.315 ms)
[2025-12-10 08:12:00] Meter 385: Generated 1.898 kWh (encrypted: 334325 bytes, 6.666 ms)
[2025-12-10 08:12:17] NETWORK INFO: Server authentication successful for node: aggregator-001
✓ Aggregator connected: aggregator-001 from 127.0.0.1
✓ Sent 334325 bytes to aggregator-001 (0.35ms)
Session completed with aggregator-001
[2025-12-10 08:12:20] Meter 385: Generated 6.578 kWh (encrypted: 334524 bytes, 6.555 ms)

Received shutdown signal. Gracefully shutting down smart meter...
Network server thread stopped
Data generation thread stopped
Smart meter 385 shutdown complete
