=== Continuous Smart Meter Server 324 ===
Initializing for continuous operation...
SEAL context initialized
Loaded certificate: smart-meter-324
Requesting public keys from KDC...
[2025-12-10 08:01:44] NETWORK ERROR: Failed to connect to 127.0.0.1:8444: Connection refused
Error: Failed to connect to KDC at 127.0.0.1:8444
Error: Failed to send key request to KDC
Failed to obtain keys from KDC, falling back to file keys
Loaded keys from fallback files
Cryptographic components initialized
[2025-12-10 08:01:44] NETWORK INFO: Server socket created and listening on port 9324
✓ Smart meter server ready on port 9324
Data transmission interval: 20 seconds (15x accelerated - simulates 5min)
✓ Performance metrics CSV files initialized in performance_data/
Starting continuous smart meter operation...
Press Ctrl+C to stop gracefully
Data generation thread started
Network server thread started on port 9324
[2025-12-10 08:02:04] Meter 324: Generated 1.282 kWh (encrypted: 334267 bytes, 5.144 ms)
[2025-12-10 08:02:24] Meter 324: Generated 2.746 kWh (encrypted: 334297 bytes, 4.638 ms)
[2025-12-10 08:02:33] NETWORK INFO: Server authentication successful for node: aggregator-001
✓ Aggregator connected: aggregator-001 from 127.0.0.1
✓ Sent 334297 bytes to aggregator-001 (21.12ms)
Session completed with aggregator-001
[2025-12-10 08:02:44] Meter 324: Generated 2.425 kWh (encrypted: 334454 bytes, 4.644 ms)
[2025-12-10 08:03:04] Meter 324: Generated 1.424 kWh (encrypted: 334084 bytes, 4.780 ms)
[2025-12-10 08:03:24] Meter 324: Generated 3.077 kWh (encrypted: 334382 bytes, 5.529 ms)
[2025-12-10 08:03:36] NETWORK INFO: Server authentication successful for node: aggregator-001
✓ Aggregator connected: aggregator-001 from 127.0.0.1
✓ Sent 334382 bytes to aggregator-001 (0.42ms)
Session completed with aggregator-001
[2025-12-10 08:03:44] Meter 324: Generated 6.909 kWh (encrypted: 334230 bytes, 4.642 ms)
[2025-12-10 08:04:04] Meter 324: Generated 2.060 kWh (encrypted: 334112 bytes, 4.556 ms)
[2025-12-10 08:04:24] Meter 324: Generated 2.021 kWh (encrypted: 334374 bytes, 4.522 ms)
[2025-12-10 08:04:39] NETWORK INFO: Server authentication successful for node: aggregator-001
✓ Aggregator connected: aggregator-001 from 127.0.0.1
✓ Sent 334374 bytes to aggregator-001 (0.36ms)
Session completed with aggregator-001
[2025-12-10 08:04:44] Meter 324: Generated 1.950 kWh (encrypted: 334214 bytes, 4.825 ms)
[2025-12-10 08:05:04] Meter 324: Generated 3.283 kWh (encrypted: 334050 bytes, 5.751 ms)
[2025-12-10 08:05:24] Meter 324: Generated 4.745 kWh (encrypted: 334129 bytes, 4.663 ms)
[2025-12-10 08:05:44] Meter 324: Generated 3.397 kWh (encrypted: 334415 bytes, 4.342 ms)
[2025-12-10 08:05:44] NETWORK INFO: Server authentication successful for node: aggregator-001
✓ Aggregator connected: aggregator-001 from 127.0.0.1
✓ Sent 334415 bytes to aggregator-001 (0.38ms)
Session completed with aggregator-001
[2025-12-10 08:06:04] Meter 324: Generated 7.323 kWh (encrypted: 334402 bytes, 4.447 ms)
[2025-12-10 08:06:24] Meter 324: Generated 2.634 kWh (encrypted: 334348 bytes, 12.210 ms)
[2025-12-10 08:06:44] Meter 324: Generated 3.931 kWh (encrypted: 334406 bytes, 7.181 ms)
[2025-12-10 08:06:50] NETWORK INFO: Server authentication successful for node: aggregator-001
✓ Aggregator connected: aggregator-001 from 127.0.0.1
✓ Sent 334406 bytes to aggregator-001 (0.40ms)
Session completed with aggregator-001
[2025-12-10 08:07:04] Meter 324: Generated 7.000 kWh (encrypted: 334313 bytes, 6.427 ms)
[2025-12-10 08:07:24] Meter 324: Generated 1.829 kWh (encrypted: 334438 bytes, 5.758 ms)
[2025-12-10 08:07:44] Meter 324: Generated 3.837 kWh (encrypted: 334262 bytes, 5.937 ms)
[2025-12-10 08:07:56] NETWORK INFO: Server authentication successful for node: aggregator-001
✓ Aggregator connected: aggregator-001 from 127.0.0.1
✓ Sent 334262 bytes to aggregator-001 (1.45ms)
Session completed with aggregator-001
[2025-12-10 08:08:04] Meter 324: Generated 2.312 kWh (encrypted: 334301 bytes, 6.455 ms)
[2025-12-10 08:08:24] Meter 324: Generated 0.925 kWh (encrypted: 334451 bytes, 6.866 ms)
[2025-12-10 08:08:44] Meter 324: Generated 3.706 kWh (encrypted: 334347 bytes, 4.609 ms)
[2025-12-10 08:09:01] NETWORK INFO: Server authentication successful for node: aggregator-001
✓ Aggregator connected: aggregator-001 from 127.0.0.1
✓ Sent 334347 bytes to aggregator-001 (0.37ms)
Session completed with aggregator-001
[2025-12-10 08:09:04] Meter 324: Generated 1.762 kWh (encrypted: 334440 bytes, 4.430 ms)
[2025-12-10 08:09:24] Meter 324: Generated 0.888 kWh (encrypted: 334449 bytes, 4.491 ms)
[2025-12-10 08:09:44] Meter 324: Generated 5.600 kWh (encrypted: 334375 bytes, 4.677 ms)
[2025-12-10 08:10:04] Meter 324: Generated 7.522 kWh (encrypted: 334348 bytes, 9.330 ms)
[2025-12-10 08:10:06] NETWORK INFO: Server authentication successful for node: aggregator-001
✓ Aggregator connected: aggregator-001 from 127.0.0.1
✓ Sent 334348 bytes to aggregator-001 (0.36ms)
Session completed with aggregator-001
[2025-12-10 08:10:24] Meter 324: Generated 1.731 kWh (encrypted: 334216 bytes, 6.440 ms)
[2025-12-10 08:10:44] Meter 324: Generated 1.340 kWh (encrypted: 334113 bytes, 6.221 ms)
[2025-12-10 08:11:04] Meter 324: Generated 5.248 kWh (encrypted: 334303 bytes, 10.244 ms)
[2025-12-10 08:11:12] NETWORK INFO: Server authentication successful for node: aggregator-001
✓ Aggregator connected: aggregator-001 from 127.0.0.1
✓ Sent 334303 bytes to aggregator-001 (0.34ms)
Session completed with aggregator-001
[2025-12-10 08:11:24] Meter 324: Generated 4.038 kWh (encrypted: 334403 bytes, 6.485 ms)
[2025-12-10 08:11:44] Meter 324: Generated 7.142 kWh (encrypted: 334443 bytes, 4.775 ms)
[2025-12-10 08:12:04] Meter 324: Generated 3.364 kWh (encrypted: 334274 bytes, 7.067 ms)
[2025-12-10 08:12:17] NETWORK INFO: Server authentication successful for node: aggregator-001
✓ Aggregator connected: aggregator-001 from 127.0.0.1
✓ Sent 334274 bytes to aggregator-001 (0.46ms)
Session completed with aggregator-001
[2025-12-10 08:12:24] Meter 324: Generated 3.109 kWh (encrypted: 333326 bytes, 5.486 ms)

Received shutdown signal. Gracefully shutting down smart meter...
Network server thread stopped
Data generation thread stopped
Smart meter 324 shutdown complete
