=== Continuous Smart Meter Server 436 ===
Initializing for continuous operation...
SEAL context initialized
Loaded certificate: smart-meter-436
Requesting public keys from KDC...
[2025-12-10 08:04:04] NETWORK ERROR: Failed to connect to 127.0.0.1:8444: Connection refused
Error: Failed to connect to KDC at 127.0.0.1:8444
Error: Failed to send key request to KDC
Failed to obtain keys from KDC, falling back to file keys
Loaded keys from fallback files
Cryptographic components initialized
[2025-12-10 08:04:04] NETWORK INFO: Server socket created and listening on port 9436
✓ Smart meter server ready on port 9436
Data transmission interval: 20 seconds (15x accelerated - simulates 5min)
✓ Performance metrics CSV files initialized in performance_data/
Starting continuous smart meter operation...
Press Ctrl+C to stop gracefully
Data generation thread started
Network server thread started on port 9436
[2025-12-10 08:04:24] Meter 436: Generated 6.880 kWh (encrypted: 334215 bytes, 6.302 ms)
[2025-12-10 08:04:40] NETWORK INFO: Server authentication successful for node: aggregator-001
✓ Aggregator connected: aggregator-001 from 127.0.0.1
✓ Sent 334215 bytes to aggregator-001 (8.50ms)
Session completed with aggregator-001
[2025-12-10 08:04:44] Meter 436: Generated 1.198 kWh (encrypted: 334412 bytes, 4.621 ms)
[2025-12-10 08:05:04] Meter 436: Generated 6.967 kWh (encrypted: 334410 bytes, 4.288 ms)
[2025-12-10 08:05:24] Meter 436: Generated 1.256 kWh (encrypted: 334274 bytes, 19.234 ms)
[2025-12-10 08:05:44] Meter 436: Generated 2.685 kWh (encrypted: 334434 bytes, 4.647 ms)
[2025-12-10 08:05:44] NETWORK INFO: Server authentication successful for node: aggregator-001
✓ Aggregator connected: aggregator-001 from 127.0.0.1
✓ Sent 334434 bytes to aggregator-001 (0.35ms)
Session completed with aggregator-001
[2025-12-10 08:06:04] Meter 436: Generated 4.459 kWh (encrypted: 334354 bytes, 6.423 ms)
[2025-12-10 08:06:24] Meter 436: Generated 6.679 kWh (encrypted: 334462 bytes, 4.601 ms)
[2025-12-10 08:06:44] Meter 436: Generated 5.209 kWh (encrypted: 334459 bytes, 4.574 ms)
[2025-12-10 08:06:50] NETWORK INFO: Server authentication successful for node: aggregator-001
✓ Aggregator connected: aggregator-001 from 127.0.0.1
✓ Sent 334459 bytes to aggregator-001 (0.38ms)
Session completed with aggregator-001
[2025-12-10 08:07:04] Meter 436: Generated 1.880 kWh (encrypted: 334125 bytes, 7.310 ms)
[2025-12-10 08:07:24] Meter 436: Generated 5.831 kWh (encrypted: 334446 bytes, 6.693 ms)
[2025-12-10 08:07:44] Meter 436: Generated 3.186 kWh (encrypted: 334392 bytes, 5.227 ms)
[2025-12-10 08:07:56] NETWORK INFO: Server authentication successful for node: aggregator-001
✓ Aggregator connected: aggregator-001 from 127.0.0.1
✓ Sent 334392 bytes to aggregator-001 (0.35ms)
Session completed with aggregator-001
[2025-12-10 08:08:04] Meter 436: Generated 6.991 kWh (encrypted: 334029 bytes, 6.393 ms)
[2025-12-10 08:08:24] Meter 436: Generated 1.046 kWh (encrypted: 334314 bytes, 13.039 ms)
[2025-12-10 08:08:44] Meter 436: Generated 4.629 kWh (encrypted: 334091 bytes, 7.258 ms)
[2025-12-10 08:09:01] NETWORK INFO: Server authentication successful for node: aggregator-001
✓ Aggregator connected: aggregator-001 from 127.0.0.1
✓ Sent 334091 bytes to aggregator-001 (0.34ms)
Session completed with aggregator-001
[2025-12-10 08:09:04] Meter 436: Generated 2.588 kWh (encrypted: 334478 bytes, 6.257 ms)
[2025-12-10 08:09:24] Meter 436: Generated 2.503 kWh (encrypted: 333550 bytes, 28.581 ms)
[2025-12-10 08:09:44] Meter 436: Generated 2.479 kWh (encrypted: 334154 bytes, 4.967 ms)
[2025-12-10 08:10:04] Meter 436: Generated 5.101 kWh (encrypted: 334169 bytes, 6.936 ms)
[2025-12-10 08:10:06] NETWORK INFO: Server authentication successful for node: aggregator-001
✓ Aggregator connected: aggregator-001 from 127.0.0.1
✓ Sent 334169 bytes to aggregator-001 (8.24ms)
Session completed with aggregator-001
[2025-12-10 08:10:24] Meter 436: Generated 5.869 kWh (encrypted: 334406 bytes, 5.622 ms)
[2025-12-10 08:10:44] Meter 436: Generated 0.921 kWh (encrypted: 333363 bytes, 5.661 ms)
[2025-12-10 08:11:04] Meter 436: Generated 3.227 kWh (encrypted: 334282 bytes, 6.708 ms)
[2025-12-10 08:11:12] NETWORK INFO: Server authentication successful for node: aggregator-001
✓ Aggregator connected: aggregator-001 from 127.0.0.1
✓ Sent 334282 bytes to aggregator-001 (0.61ms)
Session completed with aggregator-001
[2025-12-10 08:11:24] Meter 436: Generated 5.472 kWh (encrypted: 334437 bytes, 9.238 ms)
[2025-12-10 08:11:44] Meter 436: Generated 1.795 kWh (encrypted: 334202 bytes, 6.471 ms)
[2025-12-10 08:12:04] Meter 436: Generated 5.990 kWh (encrypted: 334494 bytes, 5.364 ms)
[2025-12-10 08:12:17] NETWORK INFO: Server authentication successful for node: aggregator-001
✓ Aggregator connected: aggregator-001 from 127.0.0.1
✓ Sent 334494 bytes to aggregator-001 (0.38ms)
Session completed with aggregator-001
[2025-12-10 08:12:24] Meter 436: Generated 3.073 kWh (encrypted: 334119 bytes, 4.772 ms)

Received shutdown signal. Gracefully shutting down smart meter...
Network server thread stopped
Data generation thread stopped
Smart meter 436 shutdown complete
