=== Continuous Smart Meter Server 130 ===
Initializing for continuous operation...
SEAL context initialized
Loaded certificate: smart-meter-130
Requesting public keys from KDC...
[2025-12-10 07:57:44] NETWORK ERROR: Failed to connect to 127.0.0.1:8444: Connection refused
Error: Failed to connect to KDC at 127.0.0.1:8444
Error: Failed to send key request to KDC
Failed to obtain keys from KDC, falling back to file keys
Loaded keys from fallback files
Cryptographic components initialized
[2025-12-10 07:57:44] NETWORK INFO: Server socket created and listening on port 9130
✓ Smart meter server ready on port 9130
Data transmission interval: 20 seconds (15x accelerated - simulates 5min)
✓ Performance metrics CSV files initialized in performance_data/
Starting continuous smart meter operation...
Press Ctrl+C to stop gracefully
Data generation thread started
Network server thread started on port 9130
[2025-12-10 07:58:04] Meter 130: Generated 0.828 kWh (encrypted: 334418 bytes, 4.984 ms)
[2025-12-10 07:58:24] Meter 130: Generated 5.146 kWh (encrypted: 334484 bytes, 4.637 ms)
[2025-12-10 07:58:25] NETWORK INFO: Server authentication successful for node: aggregator-001
✓ Aggregator connected: aggregator-001 from 127.0.0.1
✓ Sent 334484 bytes to aggregator-001 (0.72ms)
Session completed with aggregator-001
[2025-12-10 07:58:44] Meter 130: Generated 5.303 kWh (encrypted: 334380 bytes, 4.303 ms)
[2025-12-10 07:59:04] Meter 130: Generated 2.609 kWh (encrypted: 334169 bytes, 4.674 ms)
[2025-12-10 07:59:24] Meter 130: Generated 3.172 kWh (encrypted: 334384 bytes, 5.360 ms)
[2025-12-10 07:59:26] NETWORK INFO: Server authentication successful for node: aggregator-001
✓ Aggregator connected: aggregator-001 from 127.0.0.1
✓ Sent 334384 bytes to aggregator-001 (0.34ms)
Session completed with aggregator-001
[2025-12-10 07:59:44] Meter 130: Generated 4.600 kWh (encrypted: 334160 bytes, 4.485 ms)
[2025-12-10 08:00:04] Meter 130: Generated 5.361 kWh (encrypted: 334458 bytes, 7.814 ms)
[2025-12-10 08:00:24] Meter 130: Generated 3.306 kWh (encrypted: 334301 bytes, 6.808 ms)
[2025-12-10 08:00:28] NETWORK INFO: Server authentication successful for node: aggregator-001
✓ Aggregator connected: aggregator-001 from 127.0.0.1
✓ Sent 334301 bytes to aggregator-001 (0.40ms)
Session completed with aggregator-001
[2025-12-10 08:00:44] Meter 130: Generated 5.592 kWh (encrypted: 334538 bytes, 6.155 ms)
[2025-12-10 08:01:04] Meter 130: Generated 6.570 kWh (encrypted: 334268 bytes, 7.613 ms)
[2025-12-10 08:01:24] Meter 130: Generated 5.505 kWh (encrypted: 334128 bytes, 7.392 ms)
[2025-12-10 08:01:31] NETWORK INFO: Server authentication successful for node: aggregator-001
✓ Aggregator connected: aggregator-001 from 127.0.0.1
✓ Sent 334128 bytes to aggregator-001 (4.85ms)
Session completed with aggregator-001
[2025-12-10 08:01:44] Meter 130: Generated 7.345 kWh (encrypted: 334371 bytes, 4.827 ms)
[2025-12-10 08:02:04] Meter 130: Generated 2.467 kWh (encrypted: 334382 bytes, 7.274 ms)
[2025-12-10 08:02:24] Meter 130: Generated 5.825 kWh (encrypted: 334323 bytes, 7.300 ms)
[2025-12-10 08:02:33] NETWORK INFO: Server authentication successful for node: aggregator-001
✓ Aggregator connected: aggregator-001 from 127.0.0.1
✓ Sent 334323 bytes to aggregator-001 (0.41ms)
Session completed with aggregator-001
[2025-12-10 08:02:44] Meter 130: Generated 1.663 kWh (encrypted: 334452 bytes, 5.311 ms)
[2025-12-10 08:03:04] Meter 130: Generated 0.889 kWh (encrypted: 334458 bytes, 5.936 ms)
[2025-12-10 08:03:24] Meter 130: Generated 1.608 kWh (encrypted: 334184 bytes, 6.146 ms)
[2025-12-10 08:03:36] NETWORK INFO: Server authentication successful for node: aggregator-001
✓ Aggregator connected: aggregator-001 from 127.0.0.1
✓ Sent 334184 bytes to aggregator-001 (0.37ms)
Session completed with aggregator-001
[2025-12-10 08:03:44] Meter 130: Generated 1.708 kWh (encrypted: 334394 bytes, 5.560 ms)
[2025-12-10 08:04:04] Meter 130: Generated 6.454 kWh (encrypted: 334232 bytes, 5.141 ms)
[2025-12-10 08:04:24] Meter 130: Generated 3.821 kWh (encrypted: 334446 bytes, 8.394 ms)
[2025-12-10 08:04:39] NETWORK INFO: Server authentication successful for node: aggregator-001
✓ Aggregator connected: aggregator-001 from 127.0.0.1
✓ Sent 334446 bytes to aggregator-001 (0.37ms)
Session completed with aggregator-001
[2025-12-10 08:04:44] Meter 130: Generated 3.921 kWh (encrypted: 334296 bytes, 6.313 ms)
[2025-12-10 08:05:04] Meter 130: Generated 4.843 kWh (encrypted: 333904 bytes, 4.821 ms)
[2025-12-10 08:05:24] Meter 130: Generated 5.259 kWh (encrypted: 334472 bytes, 4.973 ms)
[2025-12-10 08:05:44] NETWORK INFO: Server authentication successful for node: aggregator-001
✓ Aggregator connected: aggregator-001 from 127.0.0.1
✓ Sent 334472 bytes to aggregator-001 (0.39ms)
Session completed with aggregator-001
[2025-12-10 08:05:44] Meter 130: Generated 6.756 kWh (encrypted: 334251 bytes, 7.400 ms)
[2025-12-10 08:06:04] Meter 130: Generated 2.629 kWh (encrypted: 334334 bytes, 14.715 ms)
[2025-12-10 08:06:24] Meter 130: Generated 3.076 kWh (encrypted: 334341 bytes, 4.350 ms)
[2025-12-10 08:06:44] Meter 130: Generated 5.392 kWh (encrypted: 334326 bytes, 4.293 ms)
[2025-12-10 08:06:50] NETWORK INFO: Server authentication successful for node: aggregator-001
✓ Aggregator connected: aggregator-001 from 127.0.0.1
✓ Sent 334326 bytes to aggregator-001 (40.02ms)
Session completed with aggregator-001
[2025-12-10 08:07:04] Meter 130: Generated 2.466 kWh (encrypted: 334381 bytes, 4.840 ms)
[2025-12-10 08:07:25] Meter 130: Generated 4.141 kWh (encrypted: 334282 bytes, 6.396 ms)
[2025-12-10 08:07:45] Meter 130: Generated 3.793 kWh (encrypted: 334495 bytes, 6.593 ms)
[2025-12-10 08:07:56] NETWORK INFO: Server authentication successful for node: aggregator-001
✓ Aggregator connected: aggregator-001 from 127.0.0.1
✓ Sent 334495 bytes to aggregator-001 (0.36ms)
Session completed with aggregator-001
[2025-12-10 08:08:05] Meter 130: Generated 6.876 kWh (encrypted: 334511 bytes, 5.349 ms)
[2025-12-10 08:08:25] Meter 130: Generated 0.910 kWh (encrypted: 334264 bytes, 13.818 ms)
[2025-12-10 08:08:45] Meter 130: Generated 4.346 kWh (encrypted: 334125 bytes, 4.650 ms)
[2025-12-10 08:09:01] NETWORK INFO: Server authentication successful for node: aggregator-001
✓ Aggregator connected: aggregator-001 from 127.0.0.1
✓ Sent 334125 bytes to aggregator-001 (0.36ms)
Session completed with aggregator-001
[2025-12-10 08:09:05] Meter 130: Generated 4.478 kWh (encrypted: 334497 bytes, 6.559 ms)
[2025-12-10 08:09:25] Meter 130: Generated 2.800 kWh (encrypted: 334254 bytes, 4.848 ms)
[2025-12-10 08:09:45] Meter 130: Generated 4.209 kWh (encrypted: 334428 bytes, 7.537 ms)
[2025-12-10 08:10:05] Meter 130: Generated 2.920 kWh (encrypted: 334403 bytes, 6.863 ms)
[2025-12-10 08:10:06] NETWORK INFO: Server authentication successful for node: aggregator-001
✓ Aggregator connected: aggregator-001 from 127.0.0.1
✓ Sent 334403 bytes to aggregator-001 (0.39ms)
Session completed with aggregator-001
[2025-12-10 08:10:25] Meter 130: Generated 5.367 kWh (encrypted: 334332 bytes, 6.612 ms)
[2025-12-10 08:10:45] Meter 130: Generated 3.670 kWh (encrypted: 334387 bytes, 4.444 ms)
[2025-12-10 08:11:05] Meter 130: Generated 1.391 kWh (encrypted: 334353 bytes, 7.155 ms)
[2025-12-10 08:11:12] NETWORK INFO: Server authentication successful for node: aggregator-001
✓ Aggregator connected: aggregator-001 from 127.0.0.1
✓ Sent 334353 bytes to aggregator-001 (0.40ms)
Session completed with aggregator-001
[2025-12-10 08:11:25] Meter 130: Generated 4.108 kWh (encrypted: 334169 bytes, 14.843 ms)
[2025-12-10 08:11:45] Meter 130: Generated 0.717 kWh (encrypted: 334334 bytes, 6.693 ms)
[2025-12-10 08:12:05] Meter 130: Generated 2.997 kWh (encrypted: 334375 bytes, 6.795 ms)
[2025-12-10 08:12:17] NETWORK INFO: Server authentication successful for node: aggregator-001
✓ Aggregator connected: aggregator-001 from 127.0.0.1
✓ Sent 334375 bytes to aggregator-001 (0.52ms)
Session completed with aggregator-001
[2025-12-10 08:12:25] Meter 130: Generated 4.498 kWh (encrypted: 334285 bytes, 6.488 ms)

Received shutdown signal. Gracefully shutting down smart meter...
Network server thread stopped
Data generation thread stopped
Smart meter 130 shutdown complete
