=== Continuous Smart Meter Server 278 ===
Initializing for continuous operation...
SEAL context initialized
Loaded certificate: smart-meter-278
Requesting public keys from KDC...
[2025-12-10 08:00:46] NETWORK ERROR: Failed to connect to 127.0.0.1:8444: Connection refused
Error: Failed to connect to KDC at 127.0.0.1:8444
Error: Failed to send key request to KDC
Failed to obtain keys from KDC, falling back to file keys
Loaded keys from fallback files
Cryptographic components initialized
[2025-12-10 08:00:46] NETWORK INFO: Server socket created and listening on port 9278
✓ Smart meter server ready on port 9278
Data transmission interval: 20 seconds (15x accelerated - simulates 5min)
✓ Performance metrics CSV files initialized in performance_data/
Starting continuous smart meter operation...
Press Ctrl+C to stop gracefully
Data generation thread started
Network server thread started on port 9278
[2025-12-10 08:01:06] Meter 278: Generated 6.370 kWh (encrypted: 334381 bytes, 5.180 ms)
[2025-12-10 08:01:26] Meter 278: Generated 5.642 kWh (encrypted: 334163 bytes, 4.572 ms)
[2025-12-10 08:01:31] NETWORK INFO: Server authentication successful for node: aggregator-001
✓ Aggregator connected: aggregator-001 from 127.0.0.1
✓ Sent 334163 bytes to aggregator-001 (3.80ms)
Session completed with aggregator-001
[2025-12-10 08:01:46] Meter 278: Generated 3.452 kWh (encrypted: 334423 bytes, 4.420 ms)
[2025-12-10 08:02:06] Meter 278: Generated 3.680 kWh (encrypted: 333865 bytes, 4.768 ms)
[2025-12-10 08:02:26] Meter 278: Generated 1.835 kWh (encrypted: 334221 bytes, 5.071 ms)
[2025-12-10 08:02:33] NETWORK INFO: Server authentication successful for node: aggregator-001
✓ Aggregator connected: aggregator-001 from 127.0.0.1
✓ Sent 334221 bytes to aggregator-001 (0.35ms)
Session completed with aggregator-001
[2025-12-10 08:02:46] Meter 278: Generated 2.274 kWh (encrypted: 334115 bytes, 4.689 ms)
[2025-12-10 08:03:06] Meter 278: Generated 1.608 kWh (encrypted: 334248 bytes, 4.739 ms)
[2025-12-10 08:03:26] Meter 278: Generated 4.080 kWh (encrypted: 334121 bytes, 4.787 ms)
[2025-12-10 08:03:36] NETWORK INFO: Server authentication successful for node: aggregator-001
✓ Aggregator connected: aggregator-001 from 127.0.0.1
✓ Sent 334121 bytes to aggregator-001 (0.39ms)
Session completed with aggregator-001
[2025-12-10 08:03:46] Meter 278: Generated 5.090 kWh (encrypted: 334177 bytes, 4.751 ms)
[2025-12-10 08:04:06] Meter 278: Generated 6.010 kWh (encrypted: 334094 bytes, 6.516 ms)
[2025-12-10 08:04:27] Meter 278: Generated 2.305 kWh (encrypted: 334379 bytes, 4.707 ms)
[2025-12-10 08:04:39] NETWORK INFO: Server authentication successful for node: aggregator-001
✓ Aggregator connected: aggregator-001 from 127.0.0.1
✓ Sent 334379 bytes to aggregator-001 (0.35ms)
Session completed with aggregator-001
[2025-12-10 08:04:47] Meter 278: Generated 4.675 kWh (encrypted: 334264 bytes, 6.618 ms)
[2025-12-10 08:05:07] Meter 278: Generated 1.185 kWh (encrypted: 334155 bytes, 6.246 ms)
[2025-12-10 08:05:27] Meter 278: Generated 7.296 kWh (encrypted: 334460 bytes, 4.914 ms)
[2025-12-10 08:05:44] NETWORK INFO: Server authentication successful for node: aggregator-001
✓ Aggregator connected: aggregator-001 from 127.0.0.1
✓ Sent 334460 bytes to aggregator-001 (0.35ms)
Session completed with aggregator-001
[2025-12-10 08:05:47] Meter 278: Generated 2.698 kWh (encrypted: 334170 bytes, 6.369 ms)
[2025-12-10 08:06:07] Meter 278: Generated 6.615 kWh (encrypted: 334302 bytes, 6.637 ms)
[2025-12-10 08:06:27] Meter 278: Generated 5.588 kWh (encrypted: 334413 bytes, 4.628 ms)
[2025-12-10 08:06:47] Meter 278: Generated 0.873 kWh (encrypted: 334165 bytes, 6.397 ms)
[2025-12-10 08:06:50] NETWORK INFO: Server authentication successful for node: aggregator-001
✓ Aggregator connected: aggregator-001 from 127.0.0.1
✓ Sent 334165 bytes to aggregator-001 (2.63ms)
Session completed with aggregator-001
[2025-12-10 08:07:07] Meter 278: Generated 1.092 kWh (encrypted: 334072 bytes, 6.730 ms)
[2025-12-10 08:07:27] Meter 278: Generated 2.817 kWh (encrypted: 334348 bytes, 14.658 ms)
[2025-12-10 08:07:47] Meter 278: Generated 2.803 kWh (encrypted: 334216 bytes, 5.820 ms)
[2025-12-10 08:07:56] NETWORK INFO: Server authentication successful for node: aggregator-001
✓ Aggregator connected: aggregator-001 from 127.0.0.1
✓ Sent 334216 bytes to aggregator-001 (13.79ms)
Session completed with aggregator-001
[2025-12-10 08:08:07] Meter 278: Generated 6.950 kWh (encrypted: 334208 bytes, 5.824 ms)
[2025-12-10 08:08:27] Meter 278: Generated 1.137 kWh (encrypted: 333344 bytes, 4.958 ms)
[2025-12-10 08:08:47] Meter 278: Generated 7.323 kWh (encrypted: 334078 bytes, 5.541 ms)
[2025-12-10 08:09:01] NETWORK INFO: Server authentication successful for node: aggregator-001
✓ Aggregator connected: aggregator-001 from 127.0.0.1
✓ Sent 334078 bytes to aggregator-001 (0.37ms)
Session completed with aggregator-001
[2025-12-10 08:09:07] Meter 278: Generated 4.615 kWh (encrypted: 334354 bytes, 9.597 ms)
[2025-12-10 08:09:27] Meter 278: Generated 2.182 kWh (encrypted: 334176 bytes, 5.035 ms)
[2025-12-10 08:09:47] Meter 278: Generated 5.171 kWh (encrypted: 334382 bytes, 4.704 ms)
[2025-12-10 08:10:06] NETWORK INFO: Server authentication successful for node: aggregator-001
✓ Aggregator connected: aggregator-001 from 127.0.0.1
✓ Sent 334382 bytes to aggregator-001 (31.81ms)
Session completed with aggregator-001
[2025-12-10 08:10:07] Meter 278: Generated 4.615 kWh (encrypted: 333872 bytes, 6.462 ms)
[2025-12-10 08:10:27] Meter 278: Generated 1.425 kWh (encrypted: 334398 bytes, 6.979 ms)
[2025-12-10 08:10:47] Meter 278: Generated 5.578 kWh (encrypted: 334216 bytes, 7.400 ms)
[2025-12-10 08:11:07] Meter 278: Generated 5.376 kWh (encrypted: 334490 bytes, 7.815 ms)
[2025-12-10 08:11:12] NETWORK INFO: Server authentication successful for node: aggregator-001
✓ Aggregator connected: aggregator-001 from 127.0.0.1
✓ Sent 334490 bytes to aggregator-001 (0.34ms)
Session completed with aggregator-001
[2025-12-10 08:11:27] Meter 278: Generated 1.399 kWh (encrypted: 334320 bytes, 7.775 ms)
[2025-12-10 08:11:47] Meter 278: Generated 1.133 kWh (encrypted: 334365 bytes, 10.383 ms)
[2025-12-10 08:12:07] Meter 278: Generated 3.219 kWh (encrypted: 334058 bytes, 6.660 ms)
[2025-12-10 08:12:17] NETWORK INFO: Server authentication successful for node: aggregator-001
✓ Aggregator connected: aggregator-001 from 127.0.0.1
✓ Sent 334058 bytes to aggregator-001 (1.79ms)
Session completed with aggregator-001
[2025-12-10 08:12:27] Meter 278: Generated 7.160 kWh (encrypted: 334288 bytes, 5.034 ms)

Received shutdown signal. Gracefully shutting down smart meter...
Network server thread stopped
Data generation thread stopped
Smart meter 278 shutdown complete
