=== Continuous Smart Meter Server 183 ===
Initializing for continuous operation...
SEAL context initialized
Loaded certificate: smart-meter-183
Requesting public keys from KDC...
[2025-12-10 07:58:49] NETWORK ERROR: Failed to connect to 127.0.0.1:8444: Connection refused
Error: Failed to connect to KDC at 127.0.0.1:8444
Error: Failed to send key request to KDC
Failed to obtain keys from KDC, falling back to file keys
Loaded keys from fallback files
Cryptographic components initialized
[2025-12-10 07:58:49] NETWORK INFO: Server socket created and listening on port 9183
✓ Smart meter server ready on port 9183
Data transmission interval: 20 seconds (15x accelerated - simulates 5min)
✓ Performance metrics CSV files initialized in performance_data/
Starting continuous smart meter operation...
Press Ctrl+C to stop gracefully
Data generation thread started
Network server thread started on port 9183
[2025-12-10 07:59:09] Meter 183: Generated 1.307 kWh (encrypted: 334507 bytes, 5.446 ms)
[2025-12-10 07:59:26] NETWORK INFO: Server authentication successful for node: aggregator-001
✓ Aggregator connected: aggregator-001 from 127.0.0.1
✓ Sent 334507 bytes to aggregator-001 (4.91ms)
Session completed with aggregator-001
[2025-12-10 07:59:29] Meter 183: Generated 1.326 kWh (encrypted: 334417 bytes, 5.385 ms)
[2025-12-10 07:59:49] Meter 183: Generated 5.490 kWh (encrypted: 334282 bytes, 4.839 ms)
[2025-12-10 08:00:09] Meter 183: Generated 3.133 kWh (encrypted: 334437 bytes, 6.509 ms)
[2025-12-10 08:00:28] NETWORK INFO: Server authentication successful for node: aggregator-001
✓ Aggregator connected: aggregator-001 from 127.0.0.1
✓ Sent 334437 bytes to aggregator-001 (0.78ms)
Session completed with aggregator-001
[2025-12-10 08:00:29] Meter 183: Generated 2.067 kWh (encrypted: 333785 bytes, 6.081 ms)
[2025-12-10 08:00:49] Meter 183: Generated 0.713 kWh (encrypted: 334417 bytes, 6.888 ms)
[2025-12-10 08:01:09] Meter 183: Generated 7.250 kWh (encrypted: 334231 bytes, 4.913 ms)
[2025-12-10 08:01:29] Meter 183: Generated 5.670 kWh (encrypted: 334488 bytes, 4.888 ms)
[2025-12-10 08:01:31] NETWORK INFO: Server authentication successful for node: aggregator-001
✓ Aggregator connected: aggregator-001 from 127.0.0.1
✓ Sent 334488 bytes to aggregator-001 (0.37ms)
Session completed with aggregator-001
[2025-12-10 08:01:49] Meter 183: Generated 2.213 kWh (encrypted: 334170 bytes, 6.640 ms)
[2025-12-10 08:02:09] Meter 183: Generated 1.136 kWh (encrypted: 334365 bytes, 6.711 ms)
[2025-12-10 08:02:29] Meter 183: Generated 7.165 kWh (encrypted: 334165 bytes, 6.017 ms)
[2025-12-10 08:02:33] NETWORK INFO: Server authentication successful for node: aggregator-001
✓ Aggregator connected: aggregator-001 from 127.0.0.1
✓ Sent 334165 bytes to aggregator-001 (0.44ms)
Session completed with aggregator-001
[2025-12-10 08:02:49] Meter 183: Generated 5.940 kWh (encrypted: 334017 bytes, 4.888 ms)
[2025-12-10 08:03:09] Meter 183: Generated 6.146 kWh (encrypted: 334109 bytes, 4.971 ms)
[2025-12-10 08:03:29] Meter 183: Generated 4.363 kWh (encrypted: 334348 bytes, 4.396 ms)
[2025-12-10 08:03:36] NETWORK INFO: Server authentication successful for node: aggregator-001
✓ Aggregator connected: aggregator-001 from 127.0.0.1
✓ Sent 334348 bytes to aggregator-001 (0.91ms)
Session completed with aggregator-001
[2025-12-10 08:03:49] Meter 183: Generated 6.588 kWh (encrypted: 334047 bytes, 4.929 ms)
[2025-12-10 08:04:09] Meter 183: Generated 2.254 kWh (encrypted: 334221 bytes, 4.705 ms)
[2025-12-10 08:04:29] Meter 183: Generated 5.466 kWh (encrypted: 334271 bytes, 4.742 ms)
[2025-12-10 08:04:39] NETWORK INFO: Server authentication successful for node: aggregator-001
✓ Aggregator connected: aggregator-001 from 127.0.0.1
✓ Sent 334271 bytes to aggregator-001 (19.34ms)
Session completed with aggregator-001
[2025-12-10 08:04:49] Meter 183: Generated 1.317 kWh (encrypted: 334307 bytes, 4.607 ms)
[2025-12-10 08:05:09] Meter 183: Generated 2.551 kWh (encrypted: 334319 bytes, 6.304 ms)
[2025-12-10 08:05:29] Meter 183: Generated 6.359 kWh (encrypted: 334250 bytes, 6.669 ms)
[2025-12-10 08:05:44] NETWORK INFO: Server authentication successful for node: aggregator-001
✓ Aggregator connected: aggregator-001 from 127.0.0.1
✓ Sent 334250 bytes to aggregator-001 (8.25ms)
Session completed with aggregator-001
[2025-12-10 08:05:49] Meter 183: Generated 2.330 kWh (encrypted: 334216 bytes, 12.485 ms)
[2025-12-10 08:06:09] Meter 183: Generated 6.078 kWh (encrypted: 334245 bytes, 4.948 ms)
[2025-12-10 08:06:29] Meter 183: Generated 6.251 kWh (encrypted: 334167 bytes, 5.046 ms)
[2025-12-10 08:06:49] Meter 183: Generated 4.318 kWh (encrypted: 334315 bytes, 5.054 ms)
[2025-12-10 08:06:50] NETWORK INFO: Server authentication successful for node: aggregator-001
✓ Aggregator connected: aggregator-001 from 127.0.0.1
✓ Sent 334315 bytes to aggregator-001 (0.39ms)
Session completed with aggregator-001
[2025-12-10 08:07:09] Meter 183: Generated 4.342 kWh (encrypted: 334488 bytes, 4.446 ms)
[2025-12-10 08:07:29] Meter 183: Generated 2.059 kWh (encrypted: 334219 bytes, 5.210 ms)
[2025-12-10 08:07:49] Meter 183: Generated 7.614 kWh (encrypted: 334405 bytes, 4.483 ms)
[2025-12-10 08:07:56] NETWORK INFO: Server authentication successful for node: aggregator-001
✓ Aggregator connected: aggregator-001 from 127.0.0.1
✓ Sent 334405 bytes to aggregator-001 (0.69ms)
Session completed with aggregator-001
[2025-12-10 08:08:09] Meter 183: Generated 7.056 kWh (encrypted: 334207 bytes, 6.460 ms)
[2025-12-10 08:08:29] Meter 183: Generated 3.674 kWh (encrypted: 334165 bytes, 7.764 ms)
[2025-12-10 08:08:49] Meter 183: Generated 1.608 kWh (encrypted: 334054 bytes, 4.731 ms)
[2025-12-10 08:09:01] NETWORK INFO: Server authentication successful for node: aggregator-001
✓ Aggregator connected: aggregator-001 from 127.0.0.1
✓ Sent 334054 bytes to aggregator-001 (4.80ms)
Session completed with aggregator-001
[2025-12-10 08:09:09] Meter 183: Generated 4.009 kWh (encrypted: 334393 bytes, 5.619 ms)
[2025-12-10 08:09:29] Meter 183: Generated 7.013 kWh (encrypted: 334441 bytes, 4.713 ms)
[2025-12-10 08:09:49] Meter 183: Generated 4.792 kWh (encrypted: 334319 bytes, 4.544 ms)
[2025-12-10 08:10:06] NETWORK INFO: Server authentication successful for node: aggregator-001
✓ Aggregator connected: aggregator-001 from 127.0.0.1
✓ Sent 334319 bytes to aggregator-001 (0.39ms)
Session completed with aggregator-001
[2025-12-10 08:10:09] Meter 183: Generated 3.882 kWh (encrypted: 334379 bytes, 7.102 ms)
[2025-12-10 08:10:29] Meter 183: Generated 2.434 kWh (encrypted: 334276 bytes, 5.376 ms)
[2025-12-10 08:10:49] Meter 183: Generated 2.278 kWh (encrypted: 334393 bytes, 5.015 ms)
[2025-12-10 08:11:09] Meter 183: Generated 4.936 kWh (encrypted: 334336 bytes, 6.404 ms)
[2025-12-10 08:11:12] NETWORK INFO: Server authentication successful for node: aggregator-001
✓ Aggregator connected: aggregator-001 from 127.0.0.1
✓ Sent 334336 bytes to aggregator-001 (0.38ms)
Session completed with aggregator-001
[2025-12-10 08:11:30] Meter 183: Generated 5.523 kWh (encrypted: 334346 bytes, 12.940 ms)
[2025-12-10 08:11:50] Meter 183: Generated 3.251 kWh (encrypted: 334165 bytes, 7.108 ms)
[2025-12-10 08:12:10] Meter 183: Generated 2.657 kWh (encrypted: 334480 bytes, 9.909 ms)
[2025-12-10 08:12:17] NETWORK INFO: Server authentication successful for node: aggregator-001
✓ Aggregator connected: aggregator-001 from 127.0.0.1
✓ Sent 334480 bytes to aggregator-001 (0.37ms)
Session completed with aggregator-001
[2025-12-10 08:12:30] Meter 183: Generated 6.660 kWh (encrypted: 334185 bytes, 8.143 ms)

Received shutdown signal. Gracefully shutting down smart meter...
Network server thread stopped
Data generation thread stopped
Smart meter 183 shutdown complete
