=== Continuous Smart Meter Server 405 ===
Initializing for continuous operation...
SEAL context initialized
Loaded certificate: smart-meter-405
Requesting public keys from KDC...
[2025-12-10 08:03:25] NETWORK ERROR: Failed to connect to 127.0.0.1:8444: Connection refused
Error: Failed to connect to KDC at 127.0.0.1:8444
Error: Failed to send key request to KDC
Failed to obtain keys from KDC, falling back to file keys
Loaded keys from fallback files
Cryptographic components initialized
[2025-12-10 08:03:25] NETWORK INFO: Server socket created and listening on port 9405
✓ Smart meter server ready on port 9405
Data transmission interval: 20 seconds (15x accelerated - simulates 5min)
✓ Performance metrics CSV files initialized in performance_data/
Starting continuous smart meter operation...
Press Ctrl+C to stop gracefully
Data generation thread started
Network server thread started on port 9405
[2025-12-10 08:03:36] NETWORK INFO: Server authentication successful for node: aggregator-001
✓ Aggregator connected: aggregator-001 from 127.0.0.1
[2025-12-10 08:03:45] Meter 405: Generated 2.285 kWh (encrypted: 334067 bytes, 7.503 ms)
✓ Sent 334067 bytes to aggregator-001 (0.76ms)
Session completed with aggregator-001
[2025-12-10 08:04:05] Meter 405: Generated 1.862 kWh (encrypted: 334342 bytes, 4.605 ms)
[2025-12-10 08:04:25] Meter 405: Generated 4.645 kWh (encrypted: 334254 bytes, 5.931 ms)
[2025-12-10 08:04:39] NETWORK INFO: Server authentication successful for node: aggregator-001
✓ Aggregator connected: aggregator-001 from 127.0.0.1
✓ Sent 334254 bytes to aggregator-001 (3.98ms)
Session completed with aggregator-001
[2025-12-10 08:04:45] Meter 405: Generated 4.960 kWh (encrypted: 334461 bytes, 6.940 ms)
[2025-12-10 08:05:05] Meter 405: Generated 1.945 kWh (encrypted: 334282 bytes, 4.887 ms)
[2025-12-10 08:05:25] Meter 405: Generated 7.168 kWh (encrypted: 334528 bytes, 6.930 ms)
[2025-12-10 08:05:44] NETWORK INFO: Server authentication successful for node: aggregator-001
✓ Aggregator connected: aggregator-001 from 127.0.0.1
✓ Sent 334528 bytes to aggregator-001 (24.18ms)
Session completed with aggregator-001
[2025-12-10 08:05:45] Meter 405: Generated 3.340 kWh (encrypted: 334382 bytes, 4.559 ms)
[2025-12-10 08:06:05] Meter 405: Generated 2.796 kWh (encrypted: 333926 bytes, 4.717 ms)
[2025-12-10 08:06:25] Meter 405: Generated 4.797 kWh (encrypted: 334118 bytes, 6.424 ms)
[2025-12-10 08:06:45] Meter 405: Generated 5.549 kWh (encrypted: 334381 bytes, 4.601 ms)
[2025-12-10 08:06:50] NETWORK INFO: Server authentication successful for node: aggregator-001
✓ Aggregator connected: aggregator-001 from 127.0.0.1
✓ Sent 334381 bytes to aggregator-001 (4.73ms)
Session completed with aggregator-001
[2025-12-10 08:07:05] Meter 405: Generated 4.171 kWh (encrypted: 334374 bytes, 6.582 ms)
[2025-12-10 08:07:25] Meter 405: Generated 7.346 kWh (encrypted: 334355 bytes, 6.581 ms)
[2025-12-10 08:07:45] Meter 405: Generated 2.710 kWh (encrypted: 334273 bytes, 4.349 ms)
[2025-12-10 08:07:56] NETWORK INFO: Server authentication successful for node: aggregator-001
✓ Aggregator connected: aggregator-001 from 127.0.0.1
✓ Sent 334273 bytes to aggregator-001 (0.54ms)
Session completed with aggregator-001
[2025-12-10 08:08:05] Meter 405: Generated 7.159 kWh (encrypted: 334264 bytes, 15.507 ms)
[2025-12-10 08:08:25] Meter 405: Generated 3.403 kWh (encrypted: 334247 bytes, 4.549 ms)
[2025-12-10 08:08:45] Meter 405: Generated 2.165 kWh (encrypted: 334389 bytes, 6.944 ms)
[2025-12-10 08:09:01] NETWORK INFO: Server authentication successful for node: aggregator-001
✓ Aggregator connected: aggregator-001 from 127.0.0.1
✓ Sent 334389 bytes to aggregator-001 (0.39ms)
Session completed with aggregator-001
[2025-12-10 08:09:05] Meter 405: Generated 5.473 kWh (encrypted: 334282 bytes, 5.155 ms)
[2025-12-10 08:09:25] Meter 405: Generated 2.548 kWh (encrypted: 334288 bytes, 4.396 ms)
[2025-12-10 08:09:45] Meter 405: Generated 5.401 kWh (encrypted: 334341 bytes, 4.514 ms)
[2025-12-10 08:10:05] Meter 405: Generated 2.253 kWh (encrypted: 334303 bytes, 4.690 ms)
[2025-12-10 08:10:06] NETWORK INFO: Server authentication successful for node: aggregator-001
✓ Aggregator connected: aggregator-001 from 127.0.0.1
✓ Sent 334303 bytes to aggregator-001 (3.46ms)
Session completed with aggregator-001
[2025-12-10 08:10:25] Meter 405: Generated 4.637 kWh (encrypted: 334138 bytes, 6.434 ms)
[2025-12-10 08:10:45] Meter 405: Generated 3.490 kWh (encrypted: 334397 bytes, 4.408 ms)
[2025-12-10 08:11:05] Meter 405: Generated 2.961 kWh (encrypted: 334441 bytes, 4.843 ms)
[2025-12-10 08:11:12] NETWORK INFO: Server authentication successful for node: aggregator-001
✓ Aggregator connected: aggregator-001 from 127.0.0.1
✓ Sent 334441 bytes to aggregator-001 (11.07ms)
Session completed with aggregator-001
[2025-12-10 08:11:25] Meter 405: Generated 3.864 kWh (encrypted: 334102 bytes, 4.532 ms)
[2025-12-10 08:11:45] Meter 405: Generated 5.254 kWh (encrypted: 333661 bytes, 7.040 ms)
[2025-12-10 08:12:05] Meter 405: Generated 6.886 kWh (encrypted: 334509 bytes, 6.253 ms)
[2025-12-10 08:12:17] NETWORK INFO: Server authentication successful for node: aggregator-001
✓ Aggregator connected: aggregator-001 from 127.0.0.1
✓ Sent 334509 bytes to aggregator-001 (1.48ms)
Session completed with aggregator-001
[2025-12-10 08:12:25] Meter 405: Generated 4.696 kWh (encrypted: 334223 bytes, 4.757 ms)

Received shutdown signal. Gracefully shutting down smart meter...
Network server thread stopped
Data generation thread stopped
Smart meter 405 shutdown complete
