=== Continuous Smart Meter Server 338 ===
Initializing for continuous operation...
SEAL context initialized
Loaded certificate: smart-meter-338
Requesting public keys from KDC...
[2025-12-10 08:02:01] NETWORK ERROR: Failed to connect to 127.0.0.1:8444: Connection refused
Error: Failed to connect to KDC at 127.0.0.1:8444
Error: Failed to send key request to KDC
Failed to obtain keys from KDC, falling back to file keys
Loaded keys from fallback files
Cryptographic components initialized
[2025-12-10 08:02:01] NETWORK INFO: Server socket created and listening on port 9338
✓ Smart meter server ready on port 9338
Data transmission interval: 20 seconds (15x accelerated - simulates 5min)
✓ Performance metrics CSV files initialized in performance_data/
Starting continuous smart meter operation...
Press Ctrl+C to stop gracefully
Data generation thread started
Network server thread started on port 9338
[2025-12-10 08:02:21] Meter 338: Generated 4.009 kWh (encrypted: 334393 bytes, 5.624 ms)
[2025-12-10 08:02:33] NETWORK INFO: Server authentication successful for node: aggregator-001
✓ Aggregator connected: aggregator-001 from 127.0.0.1
✓ Sent 334393 bytes to aggregator-001 (0.83ms)
Session completed with aggregator-001
[2025-12-10 08:02:41] Meter 338: Generated 6.791 kWh (encrypted: 334425 bytes, 4.626 ms)
[2025-12-10 08:03:01] Meter 338: Generated 4.699 kWh (encrypted: 334270 bytes, 4.787 ms)
[2025-12-10 08:03:21] Meter 338: Generated 4.602 kWh (encrypted: 334463 bytes, 4.601 ms)
[2025-12-10 08:03:36] NETWORK INFO: Server authentication successful for node: aggregator-001
✓ Aggregator connected: aggregator-001 from 127.0.0.1
✓ Sent 334463 bytes to aggregator-001 (0.40ms)
Session completed with aggregator-001
[2025-12-10 08:03:41] Meter 338: Generated 1.781 kWh (encrypted: 334480 bytes, 4.497 ms)
[2025-12-10 08:04:01] Meter 338: Generated 2.664 kWh (encrypted: 334394 bytes, 5.113 ms)
[2025-12-10 08:04:21] Meter 338: Generated 1.846 kWh (encrypted: 334165 bytes, 4.645 ms)
[2025-12-10 08:04:40] NETWORK INFO: Server authentication successful for node: aggregator-001
✓ Aggregator connected: aggregator-001 from 127.0.0.1
✓ Sent 334165 bytes to aggregator-001 (0.47ms)
Session completed with aggregator-001
[2025-12-10 08:04:41] Meter 338: Generated 0.801 kWh (encrypted: 334409 bytes, 4.662 ms)
[2025-12-10 08:05:01] Meter 338: Generated 2.614 kWh (encrypted: 334058 bytes, 4.538 ms)
[2025-12-10 08:05:21] Meter 338: Generated 1.263 kWh (encrypted: 334188 bytes, 4.662 ms)
[2025-12-10 08:05:41] Meter 338: Generated 6.532 kWh (encrypted: 334000 bytes, 4.430 ms)
[2025-12-10 08:05:44] NETWORK INFO: Server authentication successful for node: aggregator-001
✓ Aggregator connected: aggregator-001 from 127.0.0.1
✓ Sent 334000 bytes to aggregator-001 (0.41ms)
Session completed with aggregator-001
[2025-12-10 08:06:01] Meter 338: Generated 3.218 kWh (encrypted: 334439 bytes, 6.895 ms)
[2025-12-10 08:06:21] Meter 338: Generated 5.860 kWh (encrypted: 334280 bytes, 6.577 ms)
[2025-12-10 08:06:41] Meter 338: Generated 7.255 kWh (encrypted: 334504 bytes, 4.622 ms)
[2025-12-10 08:06:50] NETWORK INFO: Server authentication successful for node: aggregator-001
✓ Aggregator connected: aggregator-001 from 127.0.0.1
✓ Sent 334504 bytes to aggregator-001 (0.35ms)
Session completed with aggregator-001
[2025-12-10 08:07:01] Meter 338: Generated 7.069 kWh (encrypted: 334427 bytes, 4.941 ms)
[2025-12-10 08:07:21] Meter 338: Generated 2.404 kWh (encrypted: 334442 bytes, 6.422 ms)
[2025-12-10 08:07:41] Meter 338: Generated 3.411 kWh (encrypted: 334174 bytes, 5.036 ms)
[2025-12-10 08:07:56] NETWORK INFO: Server authentication successful for node: aggregator-001
✓ Aggregator connected: aggregator-001 from 127.0.0.1
✓ Sent 334174 bytes to aggregator-001 (0.39ms)
Session completed with aggregator-001
[2025-12-10 08:08:01] Meter 338: Generated 2.759 kWh (encrypted: 333762 bytes, 7.061 ms)
[2025-12-10 08:08:21] Meter 338: Generated 3.100 kWh (encrypted: 334339 bytes, 13.336 ms)
[2025-12-10 08:08:41] Meter 338: Generated 2.065 kWh (encrypted: 334197 bytes, 6.686 ms)
[2025-12-10 08:09:01] NETWORK INFO: Server authentication successful for node: aggregator-001
✓ Aggregator connected: aggregator-001 from 127.0.0.1
✓ Sent 334197 bytes to aggregator-001 (0.40ms)
Session completed with aggregator-001
[2025-12-10 08:09:01] Meter 338: Generated 5.169 kWh (encrypted: 334294 bytes, 4.658 ms)
[2025-12-10 08:09:21] Meter 338: Generated 4.824 kWh (encrypted: 334395 bytes, 5.471 ms)
[2025-12-10 08:09:41] Meter 338: Generated 1.522 kWh (encrypted: 334335 bytes, 5.388 ms)
[2025-12-10 08:10:01] Meter 338: Generated 4.575 kWh (encrypted: 334319 bytes, 6.823 ms)
[2025-12-10 08:10:06] NETWORK INFO: Server authentication successful for node: aggregator-001
✓ Aggregator connected: aggregator-001 from 127.0.0.1
✓ Sent 334319 bytes to aggregator-001 (3.37ms)
Session completed with aggregator-001
[2025-12-10 08:10:21] Meter 338: Generated 6.740 kWh (encrypted: 334132 bytes, 6.949 ms)
[2025-12-10 08:10:41] Meter 338: Generated 5.550 kWh (encrypted: 334380 bytes, 5.294 ms)
[2025-12-10 08:11:01] Meter 338: Generated 6.955 kWh (encrypted: 334411 bytes, 6.511 ms)
[2025-12-10 08:11:12] NETWORK INFO: Server authentication successful for node: aggregator-001
✓ Aggregator connected: aggregator-001 from 127.0.0.1
✓ Sent 334411 bytes to aggregator-001 (0.35ms)
Session completed with aggregator-001
[2025-12-10 08:11:21] Meter 338: Generated 1.107 kWh (encrypted: 334086 bytes, 5.814 ms)
[2025-12-10 08:11:41] Meter 338: Generated 2.836 kWh (encrypted: 334499 bytes, 4.498 ms)
[2025-12-10 08:12:01] Meter 338: Generated 7.206 kWh (encrypted: 334475 bytes, 4.889 ms)
[2025-12-10 08:12:17] NETWORK INFO: Server authentication successful for node: aggregator-001
✓ Aggregator connected: aggregator-001 from 127.0.0.1
✓ Sent 334475 bytes to aggregator-001 (0.38ms)
Session completed with aggregator-001
[2025-12-10 08:12:21] Meter 338: Generated 2.911 kWh (encrypted: 334479 bytes, 6.527 ms)

Received shutdown signal. Gracefully shutting down smart meter...
Network server thread stopped
Data generation thread stopped
Smart meter 338 shutdown complete
