=== Continuous Smart Meter Server 110 ===
Initializing for continuous operation...
SEAL context initialized
Loaded certificate: smart-meter-110
Requesting public keys from KDC...
[2025-12-10 07:57:20] NETWORK ERROR: Failed to connect to 127.0.0.1:8444: Connection refused
Error: Failed to connect to KDC at 127.0.0.1:8444
Error: Failed to send key request to KDC
Failed to obtain keys from KDC, falling back to file keys
Loaded keys from fallback files
Cryptographic components initialized
[2025-12-10 07:57:20] NETWORK INFO: Server socket created and listening on port 9110
✓ Smart meter server ready on port 9110
Data transmission interval: 20 seconds (15x accelerated - simulates 5min)
✓ Performance metrics CSV files initialized in performance_data/
Starting continuous smart meter operation...
Press Ctrl+C to stop gracefully
Data generation thread started
Network server thread started on port 9110
[2025-12-10 07:57:40] Meter 110: Generated 6.451 kWh (encrypted: 334087 bytes, 4.910 ms)
[2025-12-10 07:58:00] Meter 110: Generated 1.959 kWh (encrypted: 334414 bytes, 6.487 ms)
[2025-12-10 07:58:20] Meter 110: Generated 5.956 kWh (encrypted: 334355 bytes, 4.728 ms)
[2025-12-10 07:58:25] NETWORK INFO: Server authentication successful for node: aggregator-001
✓ Aggregator connected: aggregator-001 from 127.0.0.1
✓ Sent 334355 bytes to aggregator-001 (4.34ms)
Session completed with aggregator-001
[2025-12-10 07:58:40] Meter 110: Generated 7.557 kWh (encrypted: 334448 bytes, 4.436 ms)
[2025-12-10 07:59:00] Meter 110: Generated 6.341 kWh (encrypted: 333978 bytes, 4.638 ms)
[2025-12-10 07:59:20] Meter 110: Generated 3.638 kWh (encrypted: 334513 bytes, 4.587 ms)
[2025-12-10 07:59:26] NETWORK INFO: Server authentication successful for node: aggregator-001
✓ Aggregator connected: aggregator-001 from 127.0.0.1
✓ Sent 334513 bytes to aggregator-001 (0.34ms)
Session completed with aggregator-001
[2025-12-10 07:59:40] Meter 110: Generated 5.623 kWh (encrypted: 334266 bytes, 4.638 ms)
[2025-12-10 08:00:00] Meter 110: Generated 2.094 kWh (encrypted: 334458 bytes, 4.580 ms)
[2025-12-10 08:00:20] Meter 110: Generated 6.854 kWh (encrypted: 333969 bytes, 4.682 ms)
[2025-12-10 08:00:28] NETWORK INFO: Server authentication successful for node: aggregator-001
✓ Aggregator connected: aggregator-001 from 127.0.0.1
✓ Sent 333969 bytes to aggregator-001 (0.38ms)
Session completed with aggregator-001
[2025-12-10 08:00:40] Meter 110: Generated 3.011 kWh (encrypted: 334525 bytes, 4.462 ms)
[2025-12-10 08:01:00] Meter 110: Generated 3.576 kWh (encrypted: 334404 bytes, 4.606 ms)
[2025-12-10 08:01:20] Meter 110: Generated 5.672 kWh (encrypted: 334322 bytes, 5.468 ms)
[2025-12-10 08:01:31] NETWORK INFO: Server authentication successful for node: aggregator-001
✓ Aggregator connected: aggregator-001 from 127.0.0.1
✓ Sent 334322 bytes to aggregator-001 (0.38ms)
Session completed with aggregator-001
[2025-12-10 08:01:40] Meter 110: Generated 0.970 kWh (encrypted: 334378 bytes, 4.909 ms)
[2025-12-10 08:02:00] Meter 110: Generated 4.510 kWh (encrypted: 334447 bytes, 4.975 ms)
[2025-12-10 08:02:20] Meter 110: Generated 4.797 kWh (encrypted: 334445 bytes, 6.626 ms)
[2025-12-10 08:02:33] NETWORK INFO: Server authentication successful for node: aggregator-001
✓ Aggregator connected: aggregator-001 from 127.0.0.1
✓ Sent 334445 bytes to aggregator-001 (0.38ms)
Session completed with aggregator-001
[2025-12-10 08:02:40] Meter 110: Generated 6.755 kWh (encrypted: 334187 bytes, 5.414 ms)
[2025-12-10 08:03:00] Meter 110: Generated 3.911 kWh (encrypted: 334355 bytes, 6.333 ms)
[2025-12-10 08:03:20] Meter 110: Generated 6.814 kWh (encrypted: 334007 bytes, 4.713 ms)
[2025-12-10 08:03:36] NETWORK INFO: Server authentication successful for node: aggregator-001
✓ Aggregator connected: aggregator-001 from 127.0.0.1
✓ Sent 334007 bytes to aggregator-001 (0.40ms)
Session completed with aggregator-001
[2025-12-10 08:03:40] Meter 110: Generated 5.647 kWh (encrypted: 334386 bytes, 7.032 ms)
[2025-12-10 08:04:00] Meter 110: Generated 6.886 kWh (encrypted: 334417 bytes, 6.552 ms)
[2025-12-10 08:04:20] Meter 110: Generated 5.236 kWh (encrypted: 334457 bytes, 5.380 ms)
[2025-12-10 08:04:39] NETWORK INFO: Server authentication successful for node: aggregator-001
✓ Aggregator connected: aggregator-001 from 127.0.0.1
✓ Sent 334457 bytes to aggregator-001 (0.36ms)
Session completed with aggregator-001
[2025-12-10 08:04:40] Meter 110: Generated 3.144 kWh (encrypted: 334147 bytes, 10.231 ms)
[2025-12-10 08:05:00] Meter 110: Generated 1.421 kWh (encrypted: 334204 bytes, 5.086 ms)
[2025-12-10 08:05:20] Meter 110: Generated 3.080 kWh (encrypted: 334523 bytes, 5.159 ms)
[2025-12-10 08:05:40] Meter 110: Generated 5.890 kWh (encrypted: 334134 bytes, 4.487 ms)
[2025-12-10 08:05:44] NETWORK INFO: Server authentication successful for node: aggregator-001
✓ Aggregator connected: aggregator-001 from 127.0.0.1
✓ Sent 334134 bytes to aggregator-001 (14.43ms)
Session completed with aggregator-001
[2025-12-10 08:06:00] Meter 110: Generated 6.326 kWh (encrypted: 334327 bytes, 12.036 ms)
[2025-12-10 08:06:20] Meter 110: Generated 3.193 kWh (encrypted: 334035 bytes, 4.366 ms)
[2025-12-10 08:06:40] Meter 110: Generated 5.790 kWh (encrypted: 334222 bytes, 6.328 ms)
[2025-12-10 08:06:50] NETWORK INFO: Server authentication successful for node: aggregator-001
✓ Aggregator connected: aggregator-001 from 127.0.0.1
✓ Sent 334222 bytes to aggregator-001 (14.77ms)
Session completed with aggregator-001
[2025-12-10 08:07:00] Meter 110: Generated 6.775 kWh (encrypted: 334322 bytes, 4.844 ms)
[2025-12-10 08:07:20] Meter 110: Generated 5.043 kWh (encrypted: 334084 bytes, 6.423 ms)
[2025-12-10 08:07:40] Meter 110: Generated 3.569 kWh (encrypted: 334371 bytes, 4.527 ms)
[2025-12-10 08:07:56] NETWORK INFO: Server authentication successful for node: aggregator-001
✓ Aggregator connected: aggregator-001 from 127.0.0.1
✓ Sent 334371 bytes to aggregator-001 (0.39ms)
Session completed with aggregator-001
[2025-12-10 08:08:00] Meter 110: Generated 3.093 kWh (encrypted: 334154 bytes, 6.579 ms)
[2025-12-10 08:08:20] Meter 110: Generated 0.820 kWh (encrypted: 334382 bytes, 6.433 ms)
[2025-12-10 08:08:40] Meter 110: Generated 4.933 kWh (encrypted: 334354 bytes, 4.666 ms)
[2025-12-10 08:09:00] Meter 110: Generated 4.483 kWh (encrypted: 334157 bytes, 6.179 ms)
[2025-12-10 08:09:01] NETWORK INFO: Server authentication successful for node: aggregator-001
✓ Aggregator connected: aggregator-001 from 127.0.0.1
✓ Sent 334157 bytes to aggregator-001 (1.21ms)
Session completed with aggregator-001
[2025-12-10 08:09:20] Meter 110: Generated 1.849 kWh (encrypted: 334413 bytes, 6.756 ms)
[2025-12-10 08:09:40] Meter 110: Generated 5.027 kWh (encrypted: 334127 bytes, 4.737 ms)
[2025-12-10 08:10:00] Meter 110: Generated 6.451 kWh (encrypted: 334430 bytes, 6.441 ms)
[2025-12-10 08:10:06] NETWORK INFO: Server authentication successful for node: aggregator-001
✓ Aggregator connected: aggregator-001 from 127.0.0.1
✓ Sent 334430 bytes to aggregator-001 (0.39ms)
Session completed with aggregator-001
[2025-12-10 08:10:20] Meter 110: Generated 2.790 kWh (encrypted: 334353 bytes, 4.308 ms)
[2025-12-10 08:10:40] Meter 110: Generated 4.014 kWh (encrypted: 334415 bytes, 4.952 ms)
[2025-12-10 08:11:00] Meter 110: Generated 4.772 kWh (encrypted: 333299 bytes, 4.755 ms)
[2025-12-10 08:11:12] NETWORK INFO: Server authentication successful for node: aggregator-001
✓ Aggregator connected: aggregator-001 from 127.0.0.1
✓ Sent 333299 bytes to aggregator-001 (0.41ms)
Session completed with aggregator-001
[2025-12-10 08:11:20] Meter 110: Generated 6.291 kWh (encrypted: 333319 bytes, 6.343 ms)
[2025-12-10 08:11:40] Meter 110: Generated 3.676 kWh (encrypted: 334503 bytes, 5.779 ms)
[2025-12-10 08:12:00] Meter 110: Generated 4.999 kWh (encrypted: 334485 bytes, 7.412 ms)
[2025-12-10 08:12:17] NETWORK INFO: Server authentication successful for node: aggregator-001
✓ Aggregator connected: aggregator-001 from 127.0.0.1
✓ Sent 334485 bytes to aggregator-001 (0.38ms)
Session completed with aggregator-001
[2025-12-10 08:12:20] Meter 110: Generated 2.794 kWh (encrypted: 334354 bytes, 6.612 ms)

Received shutdown signal. Gracefully shutting down smart meter...
Network server thread stopped
Data generation thread stopped
Smart meter 110 shutdown complete
