=== Continuous Smart Meter Server 128 ===
Initializing for continuous operation...
SEAL context initialized
Loaded certificate: smart-meter-128
Requesting public keys from KDC...
[2025-12-10 07:57:42] NETWORK ERROR: Failed to connect to 127.0.0.1:8444: Connection refused
Error: Failed to connect to KDC at 127.0.0.1:8444
Error: Failed to send key request to KDC
Failed to obtain keys from KDC, falling back to file keys
Loaded keys from fallback files
Cryptographic components initialized
[2025-12-10 07:57:42] NETWORK INFO: Server socket created and listening on port 9128
✓ Smart meter server ready on port 9128
Data transmission interval: 20 seconds (15x accelerated - simulates 5min)
✓ Performance metrics CSV files initialized in performance_data/
Starting continuous smart meter operation...
Press Ctrl+C to stop gracefully
Data generation thread started
Network server thread started on port 9128
[2025-12-10 07:58:02] Meter 128: Generated 4.564 kWh (encrypted: 334129 bytes, 4.845 ms)
[2025-12-10 07:58:22] Meter 128: Generated 4.002 kWh (encrypted: 334449 bytes, 4.445 ms)
[2025-12-10 07:58:25] NETWORK INFO: Server authentication successful for node: aggregator-001
✓ Aggregator connected: aggregator-001 from 127.0.0.1
✓ Sent 334449 bytes to aggregator-001 (4.50ms)
Session completed with aggregator-001
[2025-12-10 07:58:42] Meter 128: Generated 4.729 kWh (encrypted: 334227 bytes, 4.344 ms)
[2025-12-10 07:59:02] Meter 128: Generated 7.079 kWh (encrypted: 334436 bytes, 4.785 ms)
[2025-12-10 07:59:22] Meter 128: Generated 2.850 kWh (encrypted: 334344 bytes, 4.280 ms)
[2025-12-10 07:59:26] NETWORK INFO: Server authentication successful for node: aggregator-001
✓ Aggregator connected: aggregator-001 from 127.0.0.1
✓ Sent 334344 bytes to aggregator-001 (6.99ms)
Session completed with aggregator-001
[2025-12-10 07:59:42] Meter 128: Generated 2.945 kWh (encrypted: 334240 bytes, 4.338 ms)
[2025-12-10 08:00:02] Meter 128: Generated 3.500 kWh (encrypted: 334407 bytes, 6.981 ms)
[2025-12-10 08:00:22] Meter 128: Generated 5.298 kWh (encrypted: 334193 bytes, 4.627 ms)
[2025-12-10 08:00:28] NETWORK INFO: Server authentication successful for node: aggregator-001
✓ Aggregator connected: aggregator-001 from 127.0.0.1
✓ Sent 334193 bytes to aggregator-001 (0.37ms)
Session completed with aggregator-001
[2025-12-10 08:00:42] Meter 128: Generated 5.152 kWh (encrypted: 334326 bytes, 4.455 ms)
[2025-12-10 08:01:02] Meter 128: Generated 5.076 kWh (encrypted: 334429 bytes, 4.334 ms)
[2025-12-10 08:01:22] Meter 128: Generated 1.820 kWh (encrypted: 334497 bytes, 4.760 ms)
[2025-12-10 08:01:31] NETWORK INFO: Server authentication successful for node: aggregator-001
✓ Aggregator connected: aggregator-001 from 127.0.0.1
✓ Sent 334497 bytes to aggregator-001 (0.35ms)
Session completed with aggregator-001
[2025-12-10 08:01:42] Meter 128: Generated 1.011 kWh (encrypted: 334465 bytes, 4.375 ms)
[2025-12-10 08:02:02] Meter 128: Generated 7.179 kWh (encrypted: 333292 bytes, 4.303 ms)
[2025-12-10 08:02:22] Meter 128: Generated 7.099 kWh (encrypted: 334335 bytes, 4.508 ms)
[2025-12-10 08:02:33] NETWORK INFO: Server authentication successful for node: aggregator-001
✓ Aggregator connected: aggregator-001 from 127.0.0.1
✓ Sent 334335 bytes to aggregator-001 (0.36ms)
Session completed with aggregator-001
[2025-12-10 08:02:42] Meter 128: Generated 5.464 kWh (encrypted: 334473 bytes, 6.536 ms)
[2025-12-10 08:03:02] Meter 128: Generated 3.966 kWh (encrypted: 334328 bytes, 4.439 ms)
[2025-12-10 08:03:22] Meter 128: Generated 4.628 kWh (encrypted: 334397 bytes, 4.296 ms)
[2025-12-10 08:03:36] NETWORK INFO: Server authentication successful for node: aggregator-001
✓ Aggregator connected: aggregator-001 from 127.0.0.1
✓ Sent 334397 bytes to aggregator-001 (0.34ms)
Session completed with aggregator-001
[2025-12-10 08:03:42] Meter 128: Generated 5.856 kWh (encrypted: 334373 bytes, 4.544 ms)
[2025-12-10 08:04:02] Meter 128: Generated 1.840 kWh (encrypted: 334174 bytes, 6.844 ms)
[2025-12-10 08:04:22] Meter 128: Generated 2.118 kWh (encrypted: 334438 bytes, 4.523 ms)
[2025-12-10 08:04:39] NETWORK INFO: Server authentication successful for node: aggregator-001
✓ Aggregator connected: aggregator-001 from 127.0.0.1
✓ Sent 334438 bytes to aggregator-001 (5.28ms)
Session completed with aggregator-001
[2025-12-10 08:04:42] Meter 128: Generated 6.186 kWh (encrypted: 334149 bytes, 4.527 ms)
[2025-12-10 08:05:02] Meter 128: Generated 6.770 kWh (encrypted: 334487 bytes, 7.269 ms)
[2025-12-10 08:05:22] Meter 128: Generated 0.891 kWh (encrypted: 334209 bytes, 7.123 ms)
[2025-12-10 08:05:42] Meter 128: Generated 2.389 kWh (encrypted: 334425 bytes, 6.326 ms)
[2025-12-10 08:05:44] NETWORK INFO: Server authentication successful for node: aggregator-001
✓ Aggregator connected: aggregator-001 from 127.0.0.1
✓ Sent 334425 bytes to aggregator-001 (0.39ms)
Session completed with aggregator-001
[2025-12-10 08:06:02] Meter 128: Generated 5.508 kWh (encrypted: 334322 bytes, 4.744 ms)
[2025-12-10 08:06:22] Meter 128: Generated 2.930 kWh (encrypted: 334370 bytes, 5.374 ms)
[2025-12-10 08:06:42] Meter 128: Generated 7.359 kWh (encrypted: 334487 bytes, 4.305 ms)
[2025-12-10 08:06:50] NETWORK INFO: Server authentication successful for node: aggregator-001
✓ Aggregator connected: aggregator-001 from 127.0.0.1
✓ Sent 334487 bytes to aggregator-001 (0.34ms)
Session completed with aggregator-001
[2025-12-10 08:07:02] Meter 128: Generated 1.681 kWh (encrypted: 334075 bytes, 5.310 ms)
[2025-12-10 08:07:22] Meter 128: Generated 7.439 kWh (encrypted: 334308 bytes, 4.942 ms)
[2025-12-10 08:07:42] Meter 128: Generated 2.818 kWh (encrypted: 334325 bytes, 4.895 ms)
[2025-12-10 08:07:56] NETWORK INFO: Server authentication successful for node: aggregator-001
✓ Aggregator connected: aggregator-001 from 127.0.0.1
✓ Sent 334325 bytes to aggregator-001 (0.39ms)
Session completed with aggregator-001
[2025-12-10 08:08:02] Meter 128: Generated 1.445 kWh (encrypted: 334082 bytes, 4.868 ms)
[2025-12-10 08:08:22] Meter 128: Generated 1.595 kWh (encrypted: 334354 bytes, 6.560 ms)
[2025-12-10 08:08:42] Meter 128: Generated 5.448 kWh (encrypted: 334283 bytes, 4.261 ms)
[2025-12-10 08:09:01] NETWORK INFO: Server authentication successful for node: aggregator-001
✓ Aggregator connected: aggregator-001 from 127.0.0.1
✓ Sent 334283 bytes to aggregator-001 (0.40ms)
Session completed with aggregator-001
[2025-12-10 08:09:02] Meter 128: Generated 2.501 kWh (encrypted: 334327 bytes, 6.653 ms)
[2025-12-10 08:09:22] Meter 128: Generated 5.276 kWh (encrypted: 334267 bytes, 4.482 ms)
[2025-12-10 08:09:42] Meter 128: Generated 4.303 kWh (encrypted: 334351 bytes, 6.622 ms)
[2025-12-10 08:10:02] Meter 128: Generated 2.609 kWh (encrypted: 334385 bytes, 6.468 ms)
[2025-12-10 08:10:06] NETWORK INFO: Server authentication successful for node: aggregator-001
✓ Aggregator connected: aggregator-001 from 127.0.0.1
✓ Sent 334385 bytes to aggregator-001 (0.37ms)
Session completed with aggregator-001
[2025-12-10 08:10:22] Meter 128: Generated 5.818 kWh (encrypted: 334351 bytes, 6.425 ms)
[2025-12-10 08:10:42] Meter 128: Generated 5.121 kWh (encrypted: 334073 bytes, 4.282 ms)
[2025-12-10 08:11:02] Meter 128: Generated 3.023 kWh (encrypted: 334109 bytes, 6.539 ms)
[2025-12-10 08:11:12] NETWORK INFO: Server authentication successful for node: aggregator-001
✓ Aggregator connected: aggregator-001 from 127.0.0.1
✓ Sent 334109 bytes to aggregator-001 (2.10ms)
Session completed with aggregator-001
[2025-12-10 08:11:22] Meter 128: Generated 6.439 kWh (encrypted: 334137 bytes, 7.381 ms)
[2025-12-10 08:11:42] Meter 128: Generated 4.208 kWh (encrypted: 334399 bytes, 6.670 ms)
[2025-12-10 08:12:02] Meter 128: Generated 3.113 kWh (encrypted: 334264 bytes, 4.508 ms)
[2025-12-10 08:12:17] NETWORK INFO: Server authentication successful for node: aggregator-001
✓ Aggregator connected: aggregator-001 from 127.0.0.1
✓ Sent 334264 bytes to aggregator-001 (0.40ms)
Session completed with aggregator-001
[2025-12-10 08:12:22] Meter 128: Generated 5.034 kWh (encrypted: 334167 bytes, 6.605 ms)

Received shutdown signal. Gracefully shutting down smart meter...
Network server thread stopped
Data generation thread stopped
Smart meter 128 shutdown complete
