=== Continuous Smart Meter Server 175 ===
Initializing for continuous operation...
SEAL context initialized
Loaded certificate: smart-meter-175
Requesting public keys from KDC...
[2025-12-10 07:58:39] NETWORK ERROR: Failed to connect to 127.0.0.1:8444: Connection refused
Error: Failed to connect to KDC at 127.0.0.1:8444
Error: Failed to send key request to KDC
Failed to obtain keys from KDC, falling back to file keys
Loaded keys from fallback files
Cryptographic components initialized
[2025-12-10 07:58:39] NETWORK INFO: Server socket created and listening on port 9175
✓ Smart meter server ready on port 9175
Data transmission interval: 20 seconds (15x accelerated - simulates 5min)
✓ Performance metrics CSV files initialized in performance_data/
Starting continuous smart meter operation...
Press Ctrl+C to stop gracefully
Data generation thread started
Network server thread started on port 9175
[2025-12-10 07:58:59] Meter 175: Generated 1.977 kWh (encrypted: 334291 bytes, 5.039 ms)
[2025-12-10 07:59:19] Meter 175: Generated 3.396 kWh (encrypted: 334173 bytes, 13.653 ms)
[2025-12-10 07:59:27] NETWORK INFO: Server authentication successful for node: aggregator-001
✓ Aggregator connected: aggregator-001 from 127.0.0.1
✓ Sent 334173 bytes to aggregator-001 (0.90ms)
Session completed with aggregator-001
[2025-12-10 07:59:39] Meter 175: Generated 1.087 kWh (encrypted: 334384 bytes, 4.603 ms)
[2025-12-10 07:59:59] Meter 175: Generated 2.685 kWh (encrypted: 334264 bytes, 4.586 ms)
[2025-12-10 08:00:19] Meter 175: Generated 3.410 kWh (encrypted: 333296 bytes, 4.716 ms)
[2025-12-10 08:00:28] NETWORK INFO: Server authentication successful for node: aggregator-001
✓ Aggregator connected: aggregator-001 from 127.0.0.1
✓ Sent 333296 bytes to aggregator-001 (0.41ms)
Session completed with aggregator-001
[2025-12-10 08:00:39] Meter 175: Generated 5.121 kWh (encrypted: 334114 bytes, 4.517 ms)
[2025-12-10 08:00:59] Meter 175: Generated 5.903 kWh (encrypted: 334390 bytes, 4.733 ms)
[2025-12-10 08:01:19] Meter 175: Generated 4.887 kWh (encrypted: 334172 bytes, 5.296 ms)
[2025-12-10 08:01:31] NETWORK INFO: Server authentication successful for node: aggregator-001
✓ Aggregator connected: aggregator-001 from 127.0.0.1
✓ Sent 334172 bytes to aggregator-001 (0.39ms)
Session completed with aggregator-001
[2025-12-10 08:01:39] Meter 175: Generated 2.680 kWh (encrypted: 334385 bytes, 4.525 ms)
[2025-12-10 08:01:59] Meter 175: Generated 4.380 kWh (encrypted: 334404 bytes, 6.417 ms)
[2025-12-10 08:02:19] Meter 175: Generated 7.186 kWh (encrypted: 334101 bytes, 4.775 ms)
[2025-12-10 08:02:33] NETWORK INFO: Server authentication successful for node: aggregator-001
✓ Aggregator connected: aggregator-001 from 127.0.0.1
✓ Sent 334101 bytes to aggregator-001 (0.37ms)
Session completed with aggregator-001
[2025-12-10 08:02:39] Meter 175: Generated 1.335 kWh (encrypted: 334449 bytes, 6.293 ms)
[2025-12-10 08:02:59] Meter 175: Generated 4.171 kWh (encrypted: 334496 bytes, 6.123 ms)
[2025-12-10 08:03:19] Meter 175: Generated 3.863 kWh (encrypted: 334439 bytes, 4.998 ms)
[2025-12-10 08:03:36] NETWORK INFO: Server authentication successful for node: aggregator-001
✓ Aggregator connected: aggregator-001 from 127.0.0.1
✓ Sent 334439 bytes to aggregator-001 (0.38ms)
Session completed with aggregator-001
[2025-12-10 08:03:39] Meter 175: Generated 4.089 kWh (encrypted: 334146 bytes, 5.724 ms)
[2025-12-10 08:03:59] Meter 175: Generated 6.757 kWh (encrypted: 333705 bytes, 4.994 ms)
[2025-12-10 08:04:19] Meter 175: Generated 6.566 kWh (encrypted: 334090 bytes, 4.976 ms)
[2025-12-10 08:04:39] NETWORK INFO: Server authentication successful for node: aggregator-001
✓ Aggregator connected: aggregator-001 from 127.0.0.1
✓ Sent 334090 bytes to aggregator-001 (32.33ms)
Session completed with aggregator-001
[2025-12-10 08:04:39] Meter 175: Generated 6.628 kWh (encrypted: 334471 bytes, 14.035 ms)
[2025-12-10 08:05:00] Meter 175: Generated 6.162 kWh (encrypted: 334200 bytes, 4.843 ms)
[2025-12-10 08:05:20] Meter 175: Generated 2.656 kWh (encrypted: 334283 bytes, 5.041 ms)
[2025-12-10 08:05:40] Meter 175: Generated 5.819 kWh (encrypted: 334478 bytes, 6.612 ms)
[2025-12-10 08:05:44] NETWORK INFO: Server authentication successful for node: aggregator-001
✓ Aggregator connected: aggregator-001 from 127.0.0.1
✓ Sent 334478 bytes to aggregator-001 (0.42ms)
Session completed with aggregator-001
[2025-12-10 08:06:00] Meter 175: Generated 6.460 kWh (encrypted: 334318 bytes, 5.294 ms)
[2025-12-10 08:06:20] Meter 175: Generated 1.324 kWh (encrypted: 334405 bytes, 5.726 ms)
[2025-12-10 08:06:40] Meter 175: Generated 3.509 kWh (encrypted: 334414 bytes, 4.312 ms)
[2025-12-10 08:06:50] NETWORK INFO: Server authentication successful for node: aggregator-001
✓ Aggregator connected: aggregator-001 from 127.0.0.1
✓ Sent 334414 bytes to aggregator-001 (0.35ms)
Session completed with aggregator-001
[2025-12-10 08:07:00] Meter 175: Generated 2.345 kWh (encrypted: 334416 bytes, 4.476 ms)
[2025-12-10 08:07:20] Meter 175: Generated 6.009 kWh (encrypted: 334269 bytes, 6.702 ms)
[2025-12-10 08:07:40] Meter 175: Generated 1.276 kWh (encrypted: 334292 bytes, 4.600 ms)
[2025-12-10 08:07:55] NETWORK INFO: Server authentication successful for node: aggregator-001
✓ Aggregator connected: aggregator-001 from 127.0.0.1
✓ Sent 334292 bytes to aggregator-001 (9.84ms)
Session completed with aggregator-001
[2025-12-10 08:08:00] Meter 175: Generated 4.177 kWh (encrypted: 334520 bytes, 6.481 ms)
[2025-12-10 08:08:20] Meter 175: Generated 5.088 kWh (encrypted: 334437 bytes, 6.473 ms)
[2025-12-10 08:08:40] Meter 175: Generated 1.894 kWh (encrypted: 334257 bytes, 5.937 ms)
[2025-12-10 08:09:00] Meter 175: Generated 2.608 kWh (encrypted: 334481 bytes, 4.634 ms)
[2025-12-10 08:09:01] NETWORK INFO: Server authentication successful for node: aggregator-001
✓ Aggregator connected: aggregator-001 from 127.0.0.1
✓ Sent 334481 bytes to aggregator-001 (0.39ms)
Session completed with aggregator-001
[2025-12-10 08:09:20] Meter 175: Generated 5.368 kWh (encrypted: 334457 bytes, 6.816 ms)
[2025-12-10 08:09:40] Meter 175: Generated 3.953 kWh (encrypted: 334376 bytes, 4.932 ms)
[2025-12-10 08:10:00] Meter 175: Generated 1.733 kWh (encrypted: 334419 bytes, 5.450 ms)
[2025-12-10 08:10:06] NETWORK INFO: Server authentication successful for node: aggregator-001
✓ Aggregator connected: aggregator-001 from 127.0.0.1
✓ Sent 334419 bytes to aggregator-001 (0.39ms)
Session completed with aggregator-001
[2025-12-10 08:10:20] Meter 175: Generated 4.573 kWh (encrypted: 334416 bytes, 6.652 ms)
[2025-12-10 08:10:40] Meter 175: Generated 2.088 kWh (encrypted: 334421 bytes, 4.297 ms)
[2025-12-10 08:11:00] Meter 175: Generated 4.102 kWh (encrypted: 334112 bytes, 5.041 ms)
[2025-12-10 08:11:12] NETWORK INFO: Server authentication successful for node: aggregator-001
✓ Aggregator connected: aggregator-001 from 127.0.0.1
✓ Sent 334112 bytes to aggregator-001 (0.37ms)
Session completed with aggregator-001
[2025-12-10 08:11:20] Meter 175: Generated 5.767 kWh (encrypted: 334518 bytes, 4.607 ms)
[2025-12-10 08:11:40] Meter 175: Generated 4.892 kWh (encrypted: 334289 bytes, 6.523 ms)
[2025-12-10 08:12:00] Meter 175: Generated 4.494 kWh (encrypted: 334406 bytes, 4.583 ms)
[2025-12-10 08:12:17] NETWORK INFO: Server authentication successful for node: aggregator-001
✓ Aggregator connected: aggregator-001 from 127.0.0.1
✓ Sent 334406 bytes to aggregator-001 (0.83ms)
Session completed with aggregator-001
[2025-12-10 08:12:20] Meter 175: Generated 3.422 kWh (encrypted: 334403 bytes, 4.615 ms)

Received shutdown signal. Gracefully shutting down smart meter...
Network server thread stopped
Data generation thread stopped
Smart meter 175 shutdown complete
