=== Continuous Smart Meter Server 426 ===
Initializing for continuous operation...
SEAL context initialized
Loaded certificate: smart-meter-426
Requesting public keys from KDC...
[2025-12-10 08:03:51] NETWORK ERROR: Failed to connect to 127.0.0.1:8444: Connection refused
Error: Failed to connect to KDC at 127.0.0.1:8444
Error: Failed to send key request to KDC
Failed to obtain keys from KDC, falling back to file keys
Loaded keys from fallback files
Cryptographic components initialized
[2025-12-10 08:03:51] NETWORK INFO: Server socket created and listening on port 9426
✓ Smart meter server ready on port 9426
Data transmission interval: 20 seconds (15x accelerated - simulates 5min)
✓ Performance metrics CSV files initialized in performance_data/
Starting continuous smart meter operation...
Press Ctrl+C to stop gracefully
Data generation thread started
Network server thread started on port 9426
[2025-12-10 08:04:11] Meter 426: Generated 2.584 kWh (encrypted: 334185 bytes, 5.034 ms)
[2025-12-10 08:04:31] Meter 426: Generated 2.043 kWh (encrypted: 334369 bytes, 5.801 ms)
[2025-12-10 08:04:39] NETWORK INFO: Server authentication successful for node: aggregator-001
✓ Aggregator connected: aggregator-001 from 127.0.0.1
✓ Sent 334369 bytes to aggregator-001 (8.45ms)
Session completed with aggregator-001
[2025-12-10 08:04:51] Meter 426: Generated 7.208 kWh (encrypted: 334327 bytes, 7.390 ms)
[2025-12-10 08:05:11] Meter 426: Generated 4.852 kWh (encrypted: 334263 bytes, 4.699 ms)
[2025-12-10 08:05:32] Meter 426: Generated 7.117 kWh (encrypted: 334358 bytes, 4.619 ms)
[2025-12-10 08:05:44] NETWORK INFO: Server authentication successful for node: aggregator-001
✓ Aggregator connected: aggregator-001 from 127.0.0.1
✓ Sent 334358 bytes to aggregator-001 (12.79ms)
Session completed with aggregator-001
[2025-12-10 08:05:52] Meter 426: Generated 5.212 kWh (encrypted: 334507 bytes, 4.717 ms)
[2025-12-10 08:06:12] Meter 426: Generated 6.768 kWh (encrypted: 334512 bytes, 7.615 ms)
[2025-12-10 08:06:32] Meter 426: Generated 5.348 kWh (encrypted: 334417 bytes, 6.484 ms)
[2025-12-10 08:06:50] NETWORK INFO: Server authentication successful for node: aggregator-001
✓ Aggregator connected: aggregator-001 from 127.0.0.1
✓ Sent 334417 bytes to aggregator-001 (1.32ms)
Session completed with aggregator-001
[2025-12-10 08:06:52] Meter 426: Generated 3.918 kWh (encrypted: 334133 bytes, 6.702 ms)
[2025-12-10 08:07:12] Meter 426: Generated 7.442 kWh (encrypted: 334326 bytes, 4.911 ms)
[2025-12-10 08:07:32] Meter 426: Generated 4.008 kWh (encrypted: 334300 bytes, 4.621 ms)
[2025-12-10 08:07:52] Meter 426: Generated 3.584 kWh (encrypted: 334363 bytes, 5.110 ms)
[2025-12-10 08:07:56] NETWORK INFO: Server authentication successful for node: aggregator-001
✓ Aggregator connected: aggregator-001 from 127.0.0.1
✓ Sent 334363 bytes to aggregator-001 (0.42ms)
Session completed with aggregator-001
[2025-12-10 08:08:12] Meter 426: Generated 5.313 kWh (encrypted: 334093 bytes, 6.648 ms)
[2025-12-10 08:08:32] Meter 426: Generated 4.694 kWh (encrypted: 334465 bytes, 4.489 ms)
[2025-12-10 08:08:52] Meter 426: Generated 3.811 kWh (encrypted: 334244 bytes, 4.828 ms)
[2025-12-10 08:09:01] NETWORK INFO: Server authentication successful for node: aggregator-001
✓ Aggregator connected: aggregator-001 from 127.0.0.1
✓ Sent 334244 bytes to aggregator-001 (0.32ms)
Session completed with aggregator-001
[2025-12-10 08:09:12] Meter 426: Generated 1.143 kWh (encrypted: 334268 bytes, 6.826 ms)
[2025-12-10 08:09:32] Meter 426: Generated 1.810 kWh (encrypted: 334120 bytes, 4.412 ms)
[2025-12-10 08:09:52] Meter 426: Generated 1.862 kWh (encrypted: 334211 bytes, 4.792 ms)
[2025-12-10 08:10:06] NETWORK INFO: Server authentication successful for node: aggregator-001
✓ Aggregator connected: aggregator-001 from 127.0.0.1
✓ Sent 334211 bytes to aggregator-001 (0.56ms)
Session completed with aggregator-001
[2025-12-10 08:10:12] Meter 426: Generated 3.188 kWh (encrypted: 334264 bytes, 5.138 ms)
[2025-12-10 08:10:32] Meter 426: Generated 4.152 kWh (encrypted: 334171 bytes, 4.848 ms)
[2025-12-10 08:10:52] Meter 426: Generated 1.423 kWh (encrypted: 334466 bytes, 4.804 ms)
[2025-12-10 08:11:12] NETWORK INFO: Server authentication successful for node: aggregator-001
✓ Aggregator connected: aggregator-001 from 127.0.0.1
✓ Sent 334466 bytes to aggregator-001 (9.02ms)
Session completed with aggregator-001
[2025-12-10 08:11:12] Meter 426: Generated 7.227 kWh (encrypted: 334472 bytes, 11.369 ms)
[2025-12-10 08:11:32] Meter 426: Generated 5.986 kWh (encrypted: 334071 bytes, 4.833 ms)
[2025-12-10 08:11:52] Meter 426: Generated 2.744 kWh (encrypted: 334360 bytes, 4.773 ms)
[2025-12-10 08:12:12] Meter 426: Generated 6.807 kWh (encrypted: 334474 bytes, 6.484 ms)
[2025-12-10 08:12:17] NETWORK INFO: Server authentication successful for node: aggregator-001
✓ Aggregator connected: aggregator-001 from 127.0.0.1
✓ Sent 334474 bytes to aggregator-001 (1.19ms)
Session completed with aggregator-001
[2025-12-10 08:12:32] Meter 426: Generated 6.282 kWh (encrypted: 334391 bytes, 4.723 ms)

Received shutdown signal. Gracefully shutting down smart meter...
Network server thread stopped
Data generation thread stopped
Smart meter 426 shutdown complete
