=== Continuous Smart Meter Server 467 ===
Initializing for continuous operation...
SEAL context initialized
Loaded certificate: smart-meter-467
Requesting public keys from KDC...
[2025-12-10 08:04:43] NETWORK ERROR: Failed to connect to 127.0.0.1:8444: Connection refused
Error: Failed to connect to KDC at 127.0.0.1:8444
Error: Failed to send key request to KDC
Failed to obtain keys from KDC, falling back to file keys
Loaded keys from fallback files
Cryptographic components initialized
[2025-12-10 08:04:43] NETWORK INFO: Server socket created and listening on port 9467
✓ Smart meter server ready on port 9467
Data transmission interval: 20 seconds (15x accelerated - simulates 5min)
✓ Performance metrics CSV files initialized in performance_data/
Starting continuous smart meter operation...
Press Ctrl+C to stop gracefully
Network server thread started on port 9467
Data generation thread started
[2025-12-10 08:05:03] Meter 467: Generated 4.784 kWh (encrypted: 334135 bytes, 10.164 ms)
[2025-12-10 08:05:23] Meter 467: Generated 6.218 kWh (encrypted: 334473 bytes, 7.463 ms)
[2025-12-10 08:05:43] Meter 467: Generated 4.583 kWh (encrypted: 334408 bytes, 6.809 ms)
[2025-12-10 08:05:44] NETWORK INFO: Server authentication successful for node: aggregator-001
✓ Aggregator connected: aggregator-001 from 127.0.0.1
✓ Sent 334408 bytes to aggregator-001 (0.79ms)
Session completed with aggregator-001
[2025-12-10 08:06:03] Meter 467: Generated 0.888 kWh (encrypted: 334179 bytes, 4.508 ms)
[2025-12-10 08:06:23] Meter 467: Generated 3.241 kWh (encrypted: 334374 bytes, 7.365 ms)
[2025-12-10 08:06:43] Meter 467: Generated 3.413 kWh (encrypted: 334169 bytes, 4.601 ms)
[2025-12-10 08:06:50] NETWORK INFO: Server authentication successful for node: aggregator-001
✓ Aggregator connected: aggregator-001 from 127.0.0.1
✓ Sent 334169 bytes to aggregator-001 (0.37ms)
Session completed with aggregator-001
[2025-12-10 08:07:03] Meter 467: Generated 3.017 kWh (encrypted: 334425 bytes, 6.443 ms)
[2025-12-10 08:07:23] Meter 467: Generated 6.593 kWh (encrypted: 334372 bytes, 5.396 ms)
[2025-12-10 08:07:43] Meter 467: Generated 2.865 kWh (encrypted: 334543 bytes, 4.640 ms)
[2025-12-10 08:07:56] NETWORK INFO: Server authentication successful for node: aggregator-001
✓ Aggregator connected: aggregator-001 from 127.0.0.1
✓ Sent 334543 bytes to aggregator-001 (0.39ms)
Session completed with aggregator-001
[2025-12-10 08:08:03] Meter 467: Generated 7.239 kWh (encrypted: 334354 bytes, 9.042 ms)
[2025-12-10 08:08:23] Meter 467: Generated 6.783 kWh (encrypted: 334343 bytes, 7.131 ms)
[2025-12-10 08:08:43] Meter 467: Generated 2.603 kWh (encrypted: 334480 bytes, 4.462 ms)
[2025-12-10 08:09:01] NETWORK INFO: Server authentication successful for node: aggregator-001
✓ Aggregator connected: aggregator-001 from 127.0.0.1
✓ Sent 334480 bytes to aggregator-001 (0.36ms)
Session completed with aggregator-001
[2025-12-10 08:09:03] Meter 467: Generated 3.986 kWh (encrypted: 334361 bytes, 6.806 ms)
[2025-12-10 08:09:23] Meter 467: Generated 7.575 kWh (encrypted: 334119 bytes, 5.122 ms)
[2025-12-10 08:09:43] Meter 467: Generated 7.201 kWh (encrypted: 334502 bytes, 7.618 ms)
[2025-12-10 08:10:03] Meter 467: Generated 1.608 kWh (encrypted: 334178 bytes, 7.683 ms)
[2025-12-10 08:10:06] NETWORK INFO: Server authentication successful for node: aggregator-001
✓ Aggregator connected: aggregator-001 from 127.0.0.1
✓ Sent 334178 bytes to aggregator-001 (5.93ms)
Session completed with aggregator-001
[2025-12-10 08:10:23] Meter 467: Generated 1.916 kWh (encrypted: 334166 bytes, 6.824 ms)
[2025-12-10 08:10:43] Meter 467: Generated 5.715 kWh (encrypted: 333886 bytes, 6.191 ms)
[2025-12-10 08:11:03] Meter 467: Generated 4.733 kWh (encrypted: 334325 bytes, 5.457 ms)
[2025-12-10 08:11:12] NETWORK INFO: Server authentication successful for node: aggregator-001
✓ Aggregator connected: aggregator-001 from 127.0.0.1
✓ Sent 334325 bytes to aggregator-001 (0.35ms)
Session completed with aggregator-001
[2025-12-10 08:11:23] Meter 467: Generated 2.945 kWh (encrypted: 334209 bytes, 6.586 ms)
[2025-12-10 08:11:43] Meter 467: Generated 2.765 kWh (encrypted: 334432 bytes, 4.336 ms)
[2025-12-10 08:12:03] Meter 467: Generated 1.170 kWh (encrypted: 334330 bytes, 8.571 ms)
[2025-12-10 08:12:17] NETWORK INFO: Server authentication successful for node: aggregator-001
✓ Aggregator connected: aggregator-001 from 127.0.0.1
✓ Sent 334330 bytes to aggregator-001 (0.35ms)
Session completed with aggregator-001
[2025-12-10 08:12:23] Meter 467: Generated 2.315 kWh (encrypted: 334242 bytes, 4.529 ms)

Received shutdown signal. Gracefully shutting down smart meter...
Network server thread stopped
Data generation thread stopped
Smart meter 467 shutdown complete
