=== Continuous Smart Meter Server 458 ===
Initializing for continuous operation...
SEAL context initialized
Loaded certificate: smart-meter-458
Requesting public keys from KDC...
[2025-12-10 08:04:32] NETWORK ERROR: Failed to connect to 127.0.0.1:8444: Connection refused
Error: Failed to connect to KDC at 127.0.0.1:8444
Error: Failed to send key request to KDC
Failed to obtain keys from KDC, falling back to file keys
Loaded keys from fallback files
Cryptographic components initialized
[2025-12-10 08:04:32] NETWORK INFO: Server socket created and listening on port 9458
✓ Smart meter server ready on port 9458
Data transmission interval: 20 seconds (15x accelerated - simulates 5min)
✓ Performance metrics CSV files initialized in performance_data/
Starting continuous smart meter operation...
Press Ctrl+C to stop gracefully
Data generation thread started
Network server thread started on port 9458
[2025-12-10 08:04:40] NETWORK INFO: Server authentication successful for node: aggregator-001
✓ Aggregator connected: aggregator-001 from 127.0.0.1
[2025-12-10 08:04:52] Meter 458: Generated 4.253 kWh (encrypted: 334395 bytes, 5.936 ms)
✓ Sent 334395 bytes to aggregator-001 (0.69ms)
Session completed with aggregator-001
[2025-12-10 08:05:12] Meter 458: Generated 5.879 kWh (encrypted: 334437 bytes, 4.685 ms)
[2025-12-10 08:05:32] Meter 458: Generated 4.151 kWh (encrypted: 334385 bytes, 6.858 ms)
[2025-12-10 08:05:44] NETWORK INFO: Server authentication successful for node: aggregator-001
✓ Aggregator connected: aggregator-001 from 127.0.0.1
✓ Sent 334385 bytes to aggregator-001 (0.57ms)
Session completed with aggregator-001
[2025-12-10 08:05:52] Meter 458: Generated 1.227 kWh (encrypted: 334202 bytes, 4.650 ms)
[2025-12-10 08:06:12] Meter 458: Generated 4.817 kWh (encrypted: 334334 bytes, 19.012 ms)
[2025-12-10 08:06:32] Meter 458: Generated 6.291 kWh (encrypted: 334444 bytes, 4.543 ms)
[2025-12-10 08:06:50] NETWORK INFO: Server authentication successful for node: aggregator-001
✓ Aggregator connected: aggregator-001 from 127.0.0.1
✓ Sent 334444 bytes to aggregator-001 (0.36ms)
Session completed with aggregator-001
[2025-12-10 08:06:52] Meter 458: Generated 4.341 kWh (encrypted: 334456 bytes, 5.175 ms)
[2025-12-10 08:07:12] Meter 458: Generated 4.240 kWh (encrypted: 334354 bytes, 5.794 ms)
[2025-12-10 08:07:32] Meter 458: Generated 2.576 kWh (encrypted: 334127 bytes, 4.441 ms)
[2025-12-10 08:07:52] Meter 458: Generated 5.595 kWh (encrypted: 334419 bytes, 4.741 ms)
[2025-12-10 08:07:56] NETWORK INFO: Server authentication successful for node: aggregator-001
✓ Aggregator connected: aggregator-001 from 127.0.0.1
✓ Sent 334419 bytes to aggregator-001 (5.10ms)
Session completed with aggregator-001
[2025-12-10 08:08:12] Meter 458: Generated 2.772 kWh (encrypted: 334356 bytes, 4.456 ms)
[2025-12-10 08:08:32] Meter 458: Generated 6.488 kWh (encrypted: 334347 bytes, 4.705 ms)
[2025-12-10 08:08:52] Meter 458: Generated 5.718 kWh (encrypted: 334371 bytes, 5.635 ms)
[2025-12-10 08:09:01] NETWORK INFO: Server authentication successful for node: aggregator-001
✓ Aggregator connected: aggregator-001 from 127.0.0.1
✓ Sent 334371 bytes to aggregator-001 (0.38ms)
Session completed with aggregator-001
[2025-12-10 08:09:12] Meter 458: Generated 5.755 kWh (encrypted: 334104 bytes, 4.716 ms)
[2025-12-10 08:09:32] Meter 458: Generated 3.663 kWh (encrypted: 334453 bytes, 6.977 ms)
[2025-12-10 08:09:52] Meter 458: Generated 6.792 kWh (encrypted: 334436 bytes, 5.724 ms)
[2025-12-10 08:10:06] NETWORK INFO: Server authentication successful for node: aggregator-001
✓ Aggregator connected: aggregator-001 from 127.0.0.1
✓ Sent 334436 bytes to aggregator-001 (6.90ms)
Session completed with aggregator-001
[2025-12-10 08:10:12] Meter 458: Generated 1.169 kWh (encrypted: 334231 bytes, 6.859 ms)
[2025-12-10 08:10:32] Meter 458: Generated 3.826 kWh (encrypted: 334382 bytes, 5.202 ms)
[2025-12-10 08:10:52] Meter 458: Generated 2.487 kWh (encrypted: 334291 bytes, 4.289 ms)
[2025-12-10 08:11:12] NETWORK INFO: Server authentication successful for node: aggregator-001
✓ Aggregator connected: aggregator-001 from 127.0.0.1
✓ Sent 334291 bytes to aggregator-001 (0.35ms)
Session completed with aggregator-001
[2025-12-10 08:11:12] Meter 458: Generated 5.952 kWh (encrypted: 334316 bytes, 11.649 ms)
[2025-12-10 08:11:32] Meter 458: Generated 3.243 kWh (encrypted: 334196 bytes, 4.800 ms)
[2025-12-10 08:11:52] Meter 458: Generated 1.317 kWh (encrypted: 334083 bytes, 5.297 ms)
[2025-12-10 08:12:12] Meter 458: Generated 5.783 kWh (encrypted: 334372 bytes, 4.383 ms)
[2025-12-10 08:12:17] NETWORK INFO: Server authentication successful for node: aggregator-001
✓ Aggregator connected: aggregator-001 from 127.0.0.1
✓ Sent 334372 bytes to aggregator-001 (0.89ms)
Session completed with aggregator-001
[2025-12-10 08:12:32] Meter 458: Generated 5.367 kWh (encrypted: 334293 bytes, 6.559 ms)

Received shutdown signal. Gracefully shutting down smart meter...
Network server thread stopped
Data generation thread stopped
Smart meter 458 shutdown complete
