=== Continuous Smart Meter Server 68 ===
Initializing for continuous operation...
SEAL context initialized
Loaded certificate: smart-meter-068
Requesting public keys from KDC...
[2025-12-10 07:56:29] NETWORK ERROR: Failed to connect to 127.0.0.1:8444: Connection refused
Error: Failed to connect to KDC at 127.0.0.1:8444
Error: Failed to send key request to KDC
Failed to obtain keys from KDC, falling back to file keys
Loaded keys from fallback files
Cryptographic components initialized
[2025-12-10 07:56:29] NETWORK INFO: Server socket created and listening on port 9068
✓ Smart meter server ready on port 9068
Data transmission interval: 20 seconds (15x accelerated - simulates 5min)
✓ Performance metrics CSV files initialized in performance_data/
Starting continuous smart meter operation...
Press Ctrl+C to stop gracefully
Data generation thread started
Network server thread started on port 9068
[2025-12-10 07:56:49] Meter 68: Generated 4.953 kWh (encrypted: 334360 bytes, 6.035 ms)
[2025-12-10 07:57:09] Meter 68: Generated 4.040 kWh (encrypted: 334250 bytes, 5.519 ms)
[2025-12-10 07:57:15] NETWORK INFO: Server authentication successful for node: aggregator-001
✓ Aggregator connected: aggregator-001 from 127.0.0.1
✓ Sent 334250 bytes to aggregator-001 (2.00ms)
Session completed with aggregator-001
[2025-12-10 07:57:29] Meter 68: Generated 5.725 kWh (encrypted: 334364 bytes, 4.651 ms)
[2025-12-10 07:57:49] Meter 68: Generated 6.845 kWh (encrypted: 334480 bytes, 5.105 ms)
[2025-12-10 07:58:09] Meter 68: Generated 1.321 kWh (encrypted: 334414 bytes, 5.120 ms)
[2025-12-10 07:58:25] NETWORK INFO: Server authentication successful for node: aggregator-001
✓ Aggregator connected: aggregator-001 from 127.0.0.1
✓ Sent 334414 bytes to aggregator-001 (0.41ms)
Session completed with aggregator-001
[2025-12-10 07:58:29] Meter 68: Generated 1.919 kWh (encrypted: 333945 bytes, 4.524 ms)
[2025-12-10 07:58:49] Meter 68: Generated 4.666 kWh (encrypted: 334400 bytes, 4.361 ms)
[2025-12-10 07:59:09] Meter 68: Generated 2.333 kWh (encrypted: 333989 bytes, 4.570 ms)
[2025-12-10 07:59:26] NETWORK INFO: Server authentication successful for node: aggregator-001
✓ Aggregator connected: aggregator-001 from 127.0.0.1
✓ Sent 333989 bytes to aggregator-001 (1.67ms)
Session completed with aggregator-001
[2025-12-10 07:59:29] Meter 68: Generated 6.498 kWh (encrypted: 334167 bytes, 4.301 ms)
[2025-12-10 07:59:49] Meter 68: Generated 6.066 kWh (encrypted: 334292 bytes, 5.134 ms)
[2025-12-10 08:00:09] Meter 68: Generated 6.674 kWh (encrypted: 334106 bytes, 5.925 ms)
[2025-12-10 08:00:28] NETWORK INFO: Server authentication successful for node: aggregator-001
✓ Aggregator connected: aggregator-001 from 127.0.0.1
✓ Sent 334106 bytes to aggregator-001 (0.40ms)
Session completed with aggregator-001
[2025-12-10 08:00:29] Meter 68: Generated 7.171 kWh (encrypted: 334461 bytes, 6.135 ms)
[2025-12-10 08:00:49] Meter 68: Generated 5.677 kWh (encrypted: 334388 bytes, 4.686 ms)
[2025-12-10 08:01:09] Meter 68: Generated 6.740 kWh (encrypted: 334452 bytes, 5.400 ms)
[2025-12-10 08:01:29] Meter 68: Generated 0.765 kWh (encrypted: 334392 bytes, 6.367 ms)
[2025-12-10 08:01:31] NETWORK INFO: Server authentication successful for node: aggregator-001
✓ Aggregator connected: aggregator-001 from 127.0.0.1
✓ Sent 334392 bytes to aggregator-001 (9.21ms)
Session completed with aggregator-001
[2025-12-10 08:01:49] Meter 68: Generated 2.829 kWh (encrypted: 334407 bytes, 4.595 ms)
[2025-12-10 08:02:09] Meter 68: Generated 3.921 kWh (encrypted: 334055 bytes, 4.680 ms)
[2025-12-10 08:02:29] Meter 68: Generated 4.953 kWh (encrypted: 334463 bytes, 4.409 ms)
[2025-12-10 08:02:33] NETWORK INFO: Server authentication successful for node: aggregator-001
✓ Aggregator connected: aggregator-001 from 127.0.0.1
✓ Sent 334463 bytes to aggregator-001 (0.40ms)
Session completed with aggregator-001
[2025-12-10 08:02:49] Meter 68: Generated 3.634 kWh (encrypted: 334295 bytes, 4.299 ms)
[2025-12-10 08:03:09] Meter 68: Generated 7.290 kWh (encrypted: 334217 bytes, 4.385 ms)
[2025-12-10 08:03:29] Meter 68: Generated 2.398 kWh (encrypted: 334099 bytes, 4.583 ms)
[2025-12-10 08:03:36] NETWORK INFO: Server authentication successful for node: aggregator-001
✓ Aggregator connected: aggregator-001 from 127.0.0.1
✓ Sent 334099 bytes to aggregator-001 (0.43ms)
Session completed with aggregator-001
[2025-12-10 08:03:49] Meter 68: Generated 7.039 kWh (encrypted: 334201 bytes, 4.360 ms)
[2025-12-10 08:04:09] Meter 68: Generated 2.025 kWh (encrypted: 334206 bytes, 4.534 ms)
[2025-12-10 08:04:29] Meter 68: Generated 4.071 kWh (encrypted: 334080 bytes, 4.329 ms)
[2025-12-10 08:04:39] NETWORK INFO: Server authentication successful for node: aggregator-001
✓ Aggregator connected: aggregator-001 from 127.0.0.1
✓ Sent 334080 bytes to aggregator-001 (34.91ms)
Session completed with aggregator-001
[2025-12-10 08:04:49] Meter 68: Generated 1.315 kWh (encrypted: 333765 bytes, 4.451 ms)
[2025-12-10 08:05:09] Meter 68: Generated 7.210 kWh (encrypted: 334379 bytes, 4.948 ms)
[2025-12-10 08:05:29] Meter 68: Generated 6.611 kWh (encrypted: 334383 bytes, 4.609 ms)
[2025-12-10 08:05:44] NETWORK INFO: Server authentication successful for node: aggregator-001
✓ Aggregator connected: aggregator-001 from 127.0.0.1
✓ Sent 334383 bytes to aggregator-001 (0.36ms)
Session completed with aggregator-001
[2025-12-10 08:05:49] Meter 68: Generated 4.001 kWh (encrypted: 334310 bytes, 4.648 ms)
[2025-12-10 08:06:09] Meter 68: Generated 2.695 kWh (encrypted: 334411 bytes, 6.569 ms)
[2025-12-10 08:06:29] Meter 68: Generated 5.646 kWh (encrypted: 334409 bytes, 4.313 ms)
[2025-12-10 08:06:49] Meter 68: Generated 0.793 kWh (encrypted: 334461 bytes, 4.605 ms)
[2025-12-10 08:06:50] NETWORK INFO: Server authentication successful for node: aggregator-001
✓ Aggregator connected: aggregator-001 from 127.0.0.1
✓ Sent 334461 bytes to aggregator-001 (1.40ms)
Session completed with aggregator-001
[2025-12-10 08:07:09] Meter 68: Generated 2.018 kWh (encrypted: 334291 bytes, 6.388 ms)
[2025-12-10 08:07:29] Meter 68: Generated 3.157 kWh (encrypted: 334357 bytes, 4.620 ms)
[2025-12-10 08:07:49] Meter 68: Generated 5.000 kWh (encrypted: 334337 bytes, 4.820 ms)
[2025-12-10 08:07:55] NETWORK INFO: Server authentication successful for node: aggregator-001
✓ Aggregator connected: aggregator-001 from 127.0.0.1
✓ Sent 334337 bytes to aggregator-001 (1.82ms)
Session completed with aggregator-001
[2025-12-10 08:08:09] Meter 68: Generated 2.773 kWh (encrypted: 334358 bytes, 6.698 ms)
[2025-12-10 08:08:29] Meter 68: Generated 5.324 kWh (encrypted: 334456 bytes, 4.356 ms)
[2025-12-10 08:08:49] Meter 68: Generated 7.310 kWh (encrypted: 334200 bytes, 4.614 ms)
[2025-12-10 08:09:01] NETWORK INFO: Server authentication successful for node: aggregator-001
✓ Aggregator connected: aggregator-001 from 127.0.0.1
✓ Sent 334200 bytes to aggregator-001 (15.21ms)
Session completed with aggregator-001
[2025-12-10 08:09:09] Meter 68: Generated 7.496 kWh (encrypted: 334435 bytes, 5.068 ms)
[2025-12-10 08:09:29] Meter 68: Generated 3.856 kWh (encrypted: 334329 bytes, 6.234 ms)
[2025-12-10 08:09:49] Meter 68: Generated 5.670 kWh (encrypted: 334399 bytes, 4.492 ms)
[2025-12-10 08:10:06] NETWORK INFO: Server authentication successful for node: aggregator-001
✓ Aggregator connected: aggregator-001 from 127.0.0.1
✓ Sent 334399 bytes to aggregator-001 (0.36ms)
Session completed with aggregator-001
[2025-12-10 08:10:09] Meter 68: Generated 4.411 kWh (encrypted: 334200 bytes, 4.887 ms)
[2025-12-10 08:10:29] Meter 68: Generated 5.915 kWh (encrypted: 334387 bytes, 5.433 ms)
[2025-12-10 08:10:49] Meter 68: Generated 5.316 kWh (encrypted: 334140 bytes, 7.345 ms)
[2025-12-10 08:11:09] Meter 68: Generated 5.175 kWh (encrypted: 334304 bytes, 7.343 ms)
[2025-12-10 08:11:12] NETWORK INFO: Server authentication successful for node: aggregator-001
✓ Aggregator connected: aggregator-001 from 127.0.0.1
✓ Sent 334304 bytes to aggregator-001 (0.40ms)
Session completed with aggregator-001
[2025-12-10 08:11:29] Meter 68: Generated 6.306 kWh (encrypted: 334033 bytes, 4.660 ms)
[2025-12-10 08:11:49] Meter 68: Generated 7.415 kWh (encrypted: 334325 bytes, 4.338 ms)
[2025-12-10 08:12:09] Meter 68: Generated 7.225 kWh (encrypted: 334398 bytes, 5.620 ms)
[2025-12-10 08:12:17] NETWORK INFO: Server authentication successful for node: aggregator-001
✓ Aggregator connected: aggregator-001 from 127.0.0.1
✓ Sent 334398 bytes to aggregator-001 (2.41ms)
Session completed with aggregator-001
[2025-12-10 08:12:29] Meter 68: Generated 2.529 kWh (encrypted: 334302 bytes, 4.776 ms)

Received shutdown signal. Gracefully shutting down smart meter...
Network server thread stopped
Data generation thread stopped
Smart meter 68 shutdown complete
