=== Continuous Smart Meter Server 366 ===
Initializing for continuous operation...
SEAL context initialized
Loaded certificate: smart-meter-366
Requesting public keys from KDC...
[2025-12-10 08:02:36] NETWORK ERROR: Failed to connect to 127.0.0.1:8444: Connection refused
Error: Failed to connect to KDC at 127.0.0.1:8444
Error: Failed to send key request to KDC
Failed to obtain keys from KDC, falling back to file keys
Loaded keys from fallback files
Cryptographic components initialized
[2025-12-10 08:02:36] NETWORK INFO: Server socket created and listening on port 9366
✓ Smart meter server ready on port 9366
Data transmission interval: 20 seconds (15x accelerated - simulates 5min)
✓ Performance metrics CSV files initialized in performance_data/
Starting continuous smart meter operation...
Press Ctrl+C to stop gracefully
Data generation thread started
Network server thread started on port 9366
[2025-12-10 08:02:56] Meter 366: Generated 2.310 kWh (encrypted: 334222 bytes, 8.091 ms)
[2025-12-10 08:03:16] Meter 366: Generated 7.096 kWh (encrypted: 334327 bytes, 7.060 ms)
[2025-12-10 08:03:36] Meter 366: Generated 6.303 kWh (encrypted: 334368 bytes, 7.207 ms)
[2025-12-10 08:03:36] NETWORK INFO: Server authentication successful for node: aggregator-001
✓ Aggregator connected: aggregator-001 from 127.0.0.1
✓ Sent 334368 bytes to aggregator-001 (3.95ms)
Session completed with aggregator-001
[2025-12-10 08:03:56] Meter 366: Generated 6.459 kWh (encrypted: 334401 bytes, 5.093 ms)
[2025-12-10 08:04:16] Meter 366: Generated 4.654 kWh (encrypted: 334281 bytes, 6.989 ms)
[2025-12-10 08:04:36] Meter 366: Generated 3.547 kWh (encrypted: 334211 bytes, 4.811 ms)
[2025-12-10 08:04:39] NETWORK INFO: Server authentication successful for node: aggregator-001
✓ Aggregator connected: aggregator-001 from 127.0.0.1
✓ Sent 334211 bytes to aggregator-001 (0.33ms)
Session completed with aggregator-001
[2025-12-10 08:04:56] Meter 366: Generated 2.032 kWh (encrypted: 334321 bytes, 6.653 ms)
[2025-12-10 08:05:16] Meter 366: Generated 1.176 kWh (encrypted: 334348 bytes, 6.465 ms)
[2025-12-10 08:05:36] Meter 366: Generated 4.720 kWh (encrypted: 334238 bytes, 4.586 ms)
[2025-12-10 08:05:44] NETWORK INFO: Server authentication successful for node: aggregator-001
✓ Aggregator connected: aggregator-001 from 127.0.0.1
✓ Sent 334238 bytes to aggregator-001 (0.37ms)
Session completed with aggregator-001
[2025-12-10 08:05:56] Meter 366: Generated 4.758 kWh (encrypted: 334380 bytes, 4.579 ms)
[2025-12-10 08:06:16] Meter 366: Generated 3.976 kWh (encrypted: 334451 bytes, 6.616 ms)
[2025-12-10 08:06:36] Meter 366: Generated 5.999 kWh (encrypted: 334061 bytes, 6.721 ms)
[2025-12-10 08:06:50] NETWORK INFO: Server authentication successful for node: aggregator-001
✓ Aggregator connected: aggregator-001 from 127.0.0.1
✓ Sent 334061 bytes to aggregator-001 (2.62ms)
Session completed with aggregator-001
[2025-12-10 08:06:56] Meter 366: Generated 2.450 kWh (encrypted: 334391 bytes, 4.544 ms)
[2025-12-10 08:07:16] Meter 366: Generated 3.803 kWh (encrypted: 334409 bytes, 7.020 ms)
[2025-12-10 08:07:36] Meter 366: Generated 7.078 kWh (encrypted: 334134 bytes, 6.448 ms)
[2025-12-10 08:07:56] NETWORK INFO: Server authentication successful for node: aggregator-001
✓ Aggregator connected: aggregator-001 from 127.0.0.1
✓ Sent 334134 bytes to aggregator-001 (1.17ms)
Session completed with aggregator-001
[2025-12-10 08:07:56] Meter 366: Generated 7.552 kWh (encrypted: 334281 bytes, 6.750 ms)
[2025-12-10 08:08:16] Meter 366: Generated 2.136 kWh (encrypted: 334468 bytes, 4.950 ms)
[2025-12-10 08:08:36] Meter 366: Generated 6.998 kWh (encrypted: 334384 bytes, 4.890 ms)
[2025-12-10 08:08:56] Meter 366: Generated 1.312 kWh (encrypted: 334527 bytes, 6.881 ms)
[2025-12-10 08:09:01] NETWORK INFO: Server authentication successful for node: aggregator-001
✓ Aggregator connected: aggregator-001 from 127.0.0.1
✓ Sent 334527 bytes to aggregator-001 (4.08ms)
Session completed with aggregator-001
[2025-12-10 08:09:16] Meter 366: Generated 4.843 kWh (encrypted: 334143 bytes, 6.537 ms)
[2025-12-10 08:09:36] Meter 366: Generated 5.358 kWh (encrypted: 334249 bytes, 4.828 ms)
[2025-12-10 08:09:56] Meter 366: Generated 4.130 kWh (encrypted: 334476 bytes, 5.986 ms)
[2025-12-10 08:10:06] NETWORK INFO: Server authentication successful for node: aggregator-001
✓ Aggregator connected: aggregator-001 from 127.0.0.1
✓ Sent 334476 bytes to aggregator-001 (20.83ms)
Session completed with aggregator-001
[2025-12-10 08:10:16] Meter 366: Generated 0.862 kWh (encrypted: 334423 bytes, 6.674 ms)
[2025-12-10 08:10:36] Meter 366: Generated 2.167 kWh (encrypted: 334352 bytes, 5.153 ms)
[2025-12-10 08:10:56] Meter 366: Generated 3.448 kWh (encrypted: 334034 bytes, 5.348 ms)
[2025-12-10 08:11:12] NETWORK INFO: Server authentication successful for node: aggregator-001
✓ Aggregator connected: aggregator-001 from 127.0.0.1
✓ Sent 334034 bytes to aggregator-001 (0.35ms)
Session completed with aggregator-001
[2025-12-10 08:11:16] Meter 366: Generated 6.616 kWh (encrypted: 334427 bytes, 10.189 ms)
[2025-12-10 08:11:36] Meter 366: Generated 1.916 kWh (encrypted: 334384 bytes, 4.594 ms)
[2025-12-10 08:11:56] Meter 366: Generated 1.703 kWh (encrypted: 334458 bytes, 4.871 ms)
[2025-12-10 08:12:16] Meter 366: Generated 1.380 kWh (encrypted: 334184 bytes, 5.439 ms)
[2025-12-10 08:12:17] NETWORK INFO: Server authentication successful for node: aggregator-001
✓ Aggregator connected: aggregator-001 from 127.0.0.1
✓ Sent 334184 bytes to aggregator-001 (0.36ms)
Session completed with aggregator-001

Received shutdown signal. Gracefully shutting down smart meter...
Network server thread stopped
Data generation thread stopped
Smart meter 366 shutdown complete
