=== Continuous Smart Meter Server 124 ===
Initializing for continuous operation...
SEAL context initialized
Loaded certificate: smart-meter-124
Requesting public keys from KDC...
[2025-12-10 07:57:37] NETWORK ERROR: Failed to connect to 127.0.0.1:8444: Connection refused
Error: Failed to connect to KDC at 127.0.0.1:8444
Error: Failed to send key request to KDC
Failed to obtain keys from KDC, falling back to file keys
Loaded keys from fallback files
Cryptographic components initialized
[2025-12-10 07:57:37] NETWORK INFO: Server socket created and listening on port 9124
✓ Smart meter server ready on port 9124
Data transmission interval: 20 seconds (15x accelerated - simulates 5min)
✓ Performance metrics CSV files initialized in performance_data/
Starting continuous smart meter operation...
Press Ctrl+C to stop gracefully
Data generation thread started
Network server thread started on port 9124
[2025-12-10 07:57:57] Meter 124: Generated 1.136 kWh (encrypted: 334156 bytes, 5.082 ms)
[2025-12-10 07:58:17] Meter 124: Generated 2.528 kWh (encrypted: 334471 bytes, 4.469 ms)
[2025-12-10 07:58:25] NETWORK INFO: Server authentication successful for node: aggregator-001
✓ Aggregator connected: aggregator-001 from 127.0.0.1
✓ Sent 334471 bytes to aggregator-001 (0.84ms)
Session completed with aggregator-001
[2025-12-10 07:58:37] Meter 124: Generated 4.716 kWh (encrypted: 334405 bytes, 4.530 ms)
[2025-12-10 07:58:57] Meter 124: Generated 4.851 kWh (encrypted: 334182 bytes, 6.489 ms)
[2025-12-10 07:59:17] Meter 124: Generated 3.001 kWh (encrypted: 334415 bytes, 6.533 ms)
[2025-12-10 07:59:26] NETWORK INFO: Server authentication successful for node: aggregator-001
✓ Aggregator connected: aggregator-001 from 127.0.0.1
✓ Sent 334415 bytes to aggregator-001 (0.35ms)
Session completed with aggregator-001
[2025-12-10 07:59:37] Meter 124: Generated 2.957 kWh (encrypted: 334411 bytes, 4.590 ms)
[2025-12-10 07:59:57] Meter 124: Generated 3.067 kWh (encrypted: 333924 bytes, 5.222 ms)
[2025-12-10 08:00:17] Meter 124: Generated 4.676 kWh (encrypted: 334300 bytes, 4.677 ms)
[2025-12-10 08:00:28] NETWORK INFO: Server authentication successful for node: aggregator-001
✓ Aggregator connected: aggregator-001 from 127.0.0.1
✓ Sent 334300 bytes to aggregator-001 (0.39ms)
Session completed with aggregator-001
[2025-12-10 08:00:37] Meter 124: Generated 3.000 kWh (encrypted: 334385 bytes, 6.225 ms)
[2025-12-10 08:00:57] Meter 124: Generated 5.817 kWh (encrypted: 334102 bytes, 4.834 ms)
[2025-12-10 08:01:17] Meter 124: Generated 4.412 kWh (encrypted: 334422 bytes, 4.625 ms)
[2025-12-10 08:01:31] NETWORK INFO: Server authentication successful for node: aggregator-001
✓ Aggregator connected: aggregator-001 from 127.0.0.1
✓ Sent 334422 bytes to aggregator-001 (0.41ms)
Session completed with aggregator-001
[2025-12-10 08:01:37] Meter 124: Generated 4.670 kWh (encrypted: 334366 bytes, 4.558 ms)
[2025-12-10 08:01:57] Meter 124: Generated 4.058 kWh (encrypted: 334212 bytes, 6.114 ms)
[2025-12-10 08:02:17] Meter 124: Generated 6.981 kWh (encrypted: 334501 bytes, 4.741 ms)
[2025-12-10 08:02:33] NETWORK INFO: Server authentication successful for node: aggregator-001
✓ Aggregator connected: aggregator-001 from 127.0.0.1
✓ Sent 334501 bytes to aggregator-001 (0.39ms)
Session completed with aggregator-001
[2025-12-10 08:02:37] Meter 124: Generated 7.166 kWh (encrypted: 334067 bytes, 4.620 ms)
[2025-12-10 08:02:57] Meter 124: Generated 1.011 kWh (encrypted: 334271 bytes, 4.634 ms)
[2025-12-10 08:03:17] Meter 124: Generated 4.235 kWh (encrypted: 334420 bytes, 4.852 ms)
[2025-12-10 08:03:36] NETWORK INFO: Server authentication successful for node: aggregator-001
✓ Aggregator connected: aggregator-001 from 127.0.0.1
✓ Sent 334420 bytes to aggregator-001 (0.37ms)
Session completed with aggregator-001
[2025-12-10 08:03:37] Meter 124: Generated 1.412 kWh (encrypted: 334361 bytes, 4.636 ms)
[2025-12-10 08:03:57] Meter 124: Generated 4.823 kWh (encrypted: 334014 bytes, 6.194 ms)
[2025-12-10 08:04:17] Meter 124: Generated 6.832 kWh (encrypted: 334380 bytes, 4.586 ms)
[2025-12-10 08:04:37] Meter 124: Generated 3.703 kWh (encrypted: 334115 bytes, 4.576 ms)
[2025-12-10 08:04:39] NETWORK INFO: Server authentication successful for node: aggregator-001
✓ Aggregator connected: aggregator-001 from 127.0.0.1
✓ Sent 334115 bytes to aggregator-001 (0.42ms)
Session completed with aggregator-001
[2025-12-10 08:04:57] Meter 124: Generated 7.246 kWh (encrypted: 334394 bytes, 4.515 ms)
[2025-12-10 08:05:17] Meter 124: Generated 4.781 kWh (encrypted: 334203 bytes, 4.557 ms)
[2025-12-10 08:05:37] Meter 124: Generated 3.994 kWh (encrypted: 334259 bytes, 4.569 ms)
[2025-12-10 08:05:44] NETWORK INFO: Server authentication successful for node: aggregator-001
✓ Aggregator connected: aggregator-001 from 127.0.0.1
✓ Sent 334259 bytes to aggregator-001 (0.35ms)
Session completed with aggregator-001
[2025-12-10 08:05:57] Meter 124: Generated 7.391 kWh (encrypted: 334426 bytes, 7.439 ms)
[2025-12-10 08:06:17] Meter 124: Generated 2.673 kWh (encrypted: 334117 bytes, 4.844 ms)
[2025-12-10 08:06:37] Meter 124: Generated 6.771 kWh (encrypted: 334446 bytes, 4.857 ms)
[2025-12-10 08:06:50] NETWORK INFO: Server authentication successful for node: aggregator-001
✓ Aggregator connected: aggregator-001 from 127.0.0.1
✓ Sent 334446 bytes to aggregator-001 (25.39ms)
Session completed with aggregator-001
[2025-12-10 08:06:57] Meter 124: Generated 5.980 kWh (encrypted: 334442 bytes, 4.524 ms)
[2025-12-10 08:07:17] Meter 124: Generated 1.944 kWh (encrypted: 334414 bytes, 4.577 ms)
[2025-12-10 08:07:37] Meter 124: Generated 3.841 kWh (encrypted: 334268 bytes, 4.788 ms)
[2025-12-10 08:07:56] NETWORK INFO: Server authentication successful for node: aggregator-001
✓ Aggregator connected: aggregator-001 from 127.0.0.1
✓ Sent 334268 bytes to aggregator-001 (0.35ms)
Session completed with aggregator-001
[2025-12-10 08:07:57] Meter 124: Generated 6.835 kWh (encrypted: 334111 bytes, 5.341 ms)
[2025-12-10 08:08:17] Meter 124: Generated 3.573 kWh (encrypted: 334243 bytes, 6.580 ms)
[2025-12-10 08:08:37] Meter 124: Generated 5.809 kWh (encrypted: 334154 bytes, 7.961 ms)
[2025-12-10 08:08:57] Meter 124: Generated 5.368 kWh (encrypted: 334334 bytes, 4.939 ms)
[2025-12-10 08:09:01] NETWORK INFO: Server authentication successful for node: aggregator-001
✓ Aggregator connected: aggregator-001 from 127.0.0.1
✓ Sent 334334 bytes to aggregator-001 (0.40ms)
Session completed with aggregator-001
[2025-12-10 08:09:17] Meter 124: Generated 6.880 kWh (encrypted: 334417 bytes, 5.050 ms)
[2025-12-10 08:09:37] Meter 124: Generated 3.708 kWh (encrypted: 334052 bytes, 4.728 ms)
[2025-12-10 08:09:57] Meter 124: Generated 3.903 kWh (encrypted: 334150 bytes, 4.693 ms)
[2025-12-10 08:10:06] NETWORK INFO: Server authentication successful for node: aggregator-001
✓ Aggregator connected: aggregator-001 from 127.0.0.1
✓ Sent 334150 bytes to aggregator-001 (0.41ms)
Session completed with aggregator-001
[2025-12-10 08:10:17] Meter 124: Generated 2.079 kWh (encrypted: 334181 bytes, 7.641 ms)
[2025-12-10 08:10:37] Meter 124: Generated 6.312 kWh (encrypted: 333922 bytes, 4.567 ms)
[2025-12-10 08:10:57] Meter 124: Generated 2.051 kWh (encrypted: 334248 bytes, 6.868 ms)
[2025-12-10 08:11:12] NETWORK INFO: Server authentication successful for node: aggregator-001
✓ Aggregator connected: aggregator-001 from 127.0.0.1
✓ Sent 334248 bytes to aggregator-001 (0.39ms)
Session completed with aggregator-001
[2025-12-10 08:11:17] Meter 124: Generated 4.689 kWh (encrypted: 334441 bytes, 6.545 ms)
[2025-12-10 08:11:37] Meter 124: Generated 1.527 kWh (encrypted: 334170 bytes, 4.777 ms)
[2025-12-10 08:11:57] Meter 124: Generated 1.731 kWh (encrypted: 334335 bytes, 6.805 ms)
[2025-12-10 08:12:17] NETWORK INFO: Server authentication successful for node: aggregator-001
✓ Aggregator connected: aggregator-001 from 127.0.0.1
✓ Sent 334335 bytes to aggregator-001 (0.41ms)
Session completed with aggregator-001
[2025-12-10 08:12:17] Meter 124: Generated 5.412 kWh (encrypted: 334430 bytes, 16.249 ms)

Received shutdown signal. Gracefully shutting down smart meter...
Network server thread stopped
Data generation thread stopped
Smart meter 124 shutdown complete
