=== Continuous Smart Meter Server 418 ===
Initializing for continuous operation...
SEAL context initialized
Loaded certificate: smart-meter-418
Requesting public keys from KDC...
[2025-12-10 08:03:41] NETWORK ERROR: Failed to connect to 127.0.0.1:8444: Connection refused
Error: Failed to connect to KDC at 127.0.0.1:8444
Error: Failed to send key request to KDC
Failed to obtain keys from KDC, falling back to file keys
Loaded keys from fallback files
Cryptographic components initialized
[2025-12-10 08:03:41] NETWORK INFO: Server socket created and listening on port 9418
✓ Smart meter server ready on port 9418
Data transmission interval: 20 seconds (15x accelerated - simulates 5min)
✓ Performance metrics CSV files initialized in performance_data/
Starting continuous smart meter operation...
Press Ctrl+C to stop gracefully
Data generation thread started
Network server thread started on port 9418
[2025-12-10 08:04:01] Meter 418: Generated 1.450 kWh (encrypted: 334514 bytes, 5.097 ms)
[2025-12-10 08:04:21] Meter 418: Generated 1.880 kWh (encrypted: 334257 bytes, 5.083 ms)
[2025-12-10 08:04:40] NETWORK INFO: Server authentication successful for node: aggregator-001
✓ Aggregator connected: aggregator-001 from 127.0.0.1
✓ Sent 334257 bytes to aggregator-001 (0.70ms)
Session completed with aggregator-001
[2025-12-10 08:04:41] Meter 418: Generated 4.349 kWh (encrypted: 334404 bytes, 5.833 ms)
[2025-12-10 08:05:01] Meter 418: Generated 1.173 kWh (encrypted: 334365 bytes, 6.098 ms)
[2025-12-10 08:05:21] Meter 418: Generated 5.240 kWh (encrypted: 334158 bytes, 4.718 ms)
[2025-12-10 08:05:41] Meter 418: Generated 4.332 kWh (encrypted: 334321 bytes, 4.470 ms)
[2025-12-10 08:05:44] NETWORK INFO: Server authentication successful for node: aggregator-001
✓ Aggregator connected: aggregator-001 from 127.0.0.1
✓ Sent 334321 bytes to aggregator-001 (0.36ms)
Session completed with aggregator-001
[2025-12-10 08:06:01] Meter 418: Generated 1.212 kWh (encrypted: 334315 bytes, 6.500 ms)
[2025-12-10 08:06:21] Meter 418: Generated 1.206 kWh (encrypted: 334242 bytes, 6.472 ms)
[2025-12-10 08:06:41] Meter 418: Generated 0.913 kWh (encrypted: 333901 bytes, 4.758 ms)
[2025-12-10 08:06:50] NETWORK INFO: Server authentication successful for node: aggregator-001
✓ Aggregator connected: aggregator-001 from 127.0.0.1
✓ Sent 333901 bytes to aggregator-001 (0.40ms)
Session completed with aggregator-001
[2025-12-10 08:07:01] Meter 418: Generated 2.070 kWh (encrypted: 334414 bytes, 4.861 ms)
[2025-12-10 08:07:22] Meter 418: Generated 5.878 kWh (encrypted: 334091 bytes, 5.504 ms)
[2025-12-10 08:07:42] Meter 418: Generated 6.999 kWh (encrypted: 334442 bytes, 6.197 ms)
[2025-12-10 08:07:56] NETWORK INFO: Server authentication successful for node: aggregator-001
✓ Aggregator connected: aggregator-001 from 127.0.0.1
✓ Sent 334442 bytes to aggregator-001 (6.51ms)
Session completed with aggregator-001
[2025-12-10 08:08:02] Meter 418: Generated 4.634 kWh (encrypted: 334234 bytes, 4.758 ms)
[2025-12-10 08:08:22] Meter 418: Generated 3.349 kWh (encrypted: 334161 bytes, 6.411 ms)
[2025-12-10 08:08:42] Meter 418: Generated 3.968 kWh (encrypted: 334282 bytes, 5.412 ms)
[2025-12-10 08:09:01] NETWORK INFO: Server authentication successful for node: aggregator-001
✓ Aggregator connected: aggregator-001 from 127.0.0.1
✓ Sent 334282 bytes to aggregator-001 (0.37ms)
Session completed with aggregator-001
[2025-12-10 08:09:02] Meter 418: Generated 5.449 kWh (encrypted: 334318 bytes, 4.616 ms)
[2025-12-10 08:09:22] Meter 418: Generated 0.991 kWh (encrypted: 334467 bytes, 5.002 ms)
[2025-12-10 08:09:42] Meter 418: Generated 2.173 kWh (encrypted: 334104 bytes, 4.830 ms)
[2025-12-10 08:10:02] Meter 418: Generated 1.525 kWh (encrypted: 334403 bytes, 4.757 ms)
[2025-12-10 08:10:06] NETWORK INFO: Server authentication successful for node: aggregator-001
✓ Aggregator connected: aggregator-001 from 127.0.0.1
✓ Sent 334403 bytes to aggregator-001 (0.36ms)
Session completed with aggregator-001
[2025-12-10 08:10:22] Meter 418: Generated 7.374 kWh (encrypted: 333849 bytes, 5.906 ms)
[2025-12-10 08:10:42] Meter 418: Generated 5.455 kWh (encrypted: 334115 bytes, 4.607 ms)
[2025-12-10 08:11:02] Meter 418: Generated 5.832 kWh (encrypted: 334294 bytes, 6.424 ms)
[2025-12-10 08:11:12] NETWORK INFO: Server authentication successful for node: aggregator-001
✓ Aggregator connected: aggregator-001 from 127.0.0.1
✓ Sent 334294 bytes to aggregator-001 (0.38ms)
Session completed with aggregator-001
[2025-12-10 08:11:22] Meter 418: Generated 1.919 kWh (encrypted: 334390 bytes, 6.386 ms)
[2025-12-10 08:11:42] Meter 418: Generated 7.285 kWh (encrypted: 334182 bytes, 4.657 ms)
[2025-12-10 08:12:02] Meter 418: Generated 2.389 kWh (encrypted: 334453 bytes, 4.571 ms)
[2025-12-10 08:12:17] NETWORK INFO: Server authentication successful for node: aggregator-001
✓ Aggregator connected: aggregator-001 from 127.0.0.1
✓ Sent 334453 bytes to aggregator-001 (0.68ms)
Session completed with aggregator-001
[2025-12-10 08:12:22] Meter 418: Generated 2.250 kWh (encrypted: 334328 bytes, 5.001 ms)

Received shutdown signal. Gracefully shutting down smart meter...
Network server thread stopped
Data generation thread stopped
Smart meter 418 shutdown complete
