=== Continuous Smart Meter Server 281 ===
Initializing for continuous operation...
SEAL context initialized
Loaded certificate: smart-meter-281
Requesting public keys from KDC...
[2025-12-10 08:00:50] NETWORK ERROR: Failed to connect to 127.0.0.1:8444: Connection refused
Error: Failed to connect to KDC at 127.0.0.1:8444
Error: Failed to send key request to KDC
Failed to obtain keys from KDC, falling back to file keys
Loaded keys from fallback files
Cryptographic components initialized
[2025-12-10 08:00:50] NETWORK INFO: Server socket created and listening on port 9281
✓ Smart meter server ready on port 9281
Data transmission interval: 20 seconds (15x accelerated - simulates 5min)
✓ Performance metrics CSV files initialized in performance_data/
Starting continuous smart meter operation...
Press Ctrl+C to stop gracefully
Data generation thread started
Network server thread started on port 9281
[2025-12-10 08:01:10] Meter 281: Generated 3.727 kWh (encrypted: 334017 bytes, 5.266 ms)
[2025-12-10 08:01:30] Meter 281: Generated 6.667 kWh (encrypted: 334348 bytes, 6.428 ms)
[2025-12-10 08:01:31] NETWORK INFO: Server authentication successful for node: aggregator-001
✓ Aggregator connected: aggregator-001 from 127.0.0.1
✓ Sent 334348 bytes to aggregator-001 (0.76ms)
Session completed with aggregator-001
[2025-12-10 08:01:50] Meter 281: Generated 5.248 kWh (encrypted: 334298 bytes, 4.711 ms)
[2025-12-10 08:02:10] Meter 281: Generated 0.663 kWh (encrypted: 334224 bytes, 5.980 ms)
[2025-12-10 08:02:30] Meter 281: Generated 2.022 kWh (encrypted: 334431 bytes, 5.473 ms)
[2025-12-10 08:02:33] NETWORK INFO: Server authentication successful for node: aggregator-001
✓ Aggregator connected: aggregator-001 from 127.0.0.1
✓ Sent 334431 bytes to aggregator-001 (0.38ms)
Session completed with aggregator-001
[2025-12-10 08:02:50] Meter 281: Generated 3.100 kWh (encrypted: 334240 bytes, 4.856 ms)
[2025-12-10 08:03:10] Meter 281: Generated 3.863 kWh (encrypted: 334400 bytes, 5.738 ms)
[2025-12-10 08:03:30] Meter 281: Generated 3.690 kWh (encrypted: 334076 bytes, 4.332 ms)
[2025-12-10 08:03:36] NETWORK INFO: Server authentication successful for node: aggregator-001
✓ Aggregator connected: aggregator-001 from 127.0.0.1
✓ Sent 334076 bytes to aggregator-001 (0.35ms)
Session completed with aggregator-001
[2025-12-10 08:03:50] Meter 281: Generated 2.317 kWh (encrypted: 334259 bytes, 6.432 ms)
[2025-12-10 08:04:10] Meter 281: Generated 5.815 kWh (encrypted: 334458 bytes, 4.416 ms)
[2025-12-10 08:04:30] Meter 281: Generated 6.810 kWh (encrypted: 334213 bytes, 4.459 ms)
[2025-12-10 08:04:39] NETWORK INFO: Server authentication successful for node: aggregator-001
✓ Aggregator connected: aggregator-001 from 127.0.0.1
✓ Sent 334213 bytes to aggregator-001 (0.36ms)
Session completed with aggregator-001
[2025-12-10 08:04:50] Meter 281: Generated 4.691 kWh (encrypted: 334263 bytes, 4.416 ms)
[2025-12-10 08:05:10] Meter 281: Generated 0.894 kWh (encrypted: 334301 bytes, 5.230 ms)
[2025-12-10 08:05:30] Meter 281: Generated 5.562 kWh (encrypted: 334383 bytes, 6.350 ms)
[2025-12-10 08:05:44] NETWORK INFO: Server authentication successful for node: aggregator-001
✓ Aggregator connected: aggregator-001 from 127.0.0.1
✓ Sent 334383 bytes to aggregator-001 (2.81ms)
Session completed with aggregator-001
[2025-12-10 08:05:50] Meter 281: Generated 2.941 kWh (encrypted: 334264 bytes, 4.864 ms)
[2025-12-10 08:06:10] Meter 281: Generated 1.209 kWh (encrypted: 334311 bytes, 4.967 ms)
[2025-12-10 08:06:30] Meter 281: Generated 4.944 kWh (encrypted: 334125 bytes, 4.357 ms)
[2025-12-10 08:06:50] NETWORK INFO: Server authentication successful for node: aggregator-001
✓ Aggregator connected: aggregator-001 from 127.0.0.1
✓ Sent 334125 bytes to aggregator-001 (2.18ms)
Session completed with aggregator-001
[2025-12-10 08:06:50] Meter 281: Generated 3.197 kWh (encrypted: 334443 bytes, 20.752 ms)
[2025-12-10 08:07:10] Meter 281: Generated 6.383 kWh (encrypted: 334404 bytes, 7.877 ms)
[2025-12-10 08:07:30] Meter 281: Generated 5.801 kWh (encrypted: 334231 bytes, 7.241 ms)
[2025-12-10 08:07:50] Meter 281: Generated 2.970 kWh (encrypted: 334118 bytes, 5.069 ms)
[2025-12-10 08:07:56] NETWORK INFO: Server authentication successful for node: aggregator-001
✓ Aggregator connected: aggregator-001 from 127.0.0.1
✓ Sent 334118 bytes to aggregator-001 (6.64ms)
Session completed with aggregator-001
[2025-12-10 08:08:10] Meter 281: Generated 1.762 kWh (encrypted: 334319 bytes, 7.307 ms)
[2025-12-10 08:08:30] Meter 281: Generated 4.564 kWh (encrypted: 334381 bytes, 7.365 ms)
[2025-12-10 08:08:50] Meter 281: Generated 5.552 kWh (encrypted: 333965 bytes, 6.795 ms)
[2025-12-10 08:09:01] NETWORK INFO: Server authentication successful for node: aggregator-001
✓ Aggregator connected: aggregator-001 from 127.0.0.1
✓ Sent 333965 bytes to aggregator-001 (0.33ms)
Session completed with aggregator-001
[2025-12-10 08:09:10] Meter 281: Generated 5.133 kWh (encrypted: 334319 bytes, 5.879 ms)
[2025-12-10 08:09:30] Meter 281: Generated 6.252 kWh (encrypted: 334058 bytes, 5.476 ms)
[2025-12-10 08:09:50] Meter 281: Generated 1.318 kWh (encrypted: 333889 bytes, 5.290 ms)
[2025-12-10 08:10:06] NETWORK INFO: Server authentication successful for node: aggregator-001
✓ Aggregator connected: aggregator-001 from 127.0.0.1
✓ Sent 333889 bytes to aggregator-001 (0.36ms)
Session completed with aggregator-001
[2025-12-10 08:10:10] Meter 281: Generated 6.005 kWh (encrypted: 334510 bytes, 6.817 ms)
[2025-12-10 08:10:30] Meter 281: Generated 3.386 kWh (encrypted: 334473 bytes, 6.295 ms)
[2025-12-10 08:10:50] Meter 281: Generated 7.065 kWh (encrypted: 334346 bytes, 5.346 ms)
[2025-12-10 08:11:10] Meter 281: Generated 5.066 kWh (encrypted: 334313 bytes, 4.465 ms)
[2025-12-10 08:11:12] NETWORK INFO: Server authentication successful for node: aggregator-001
✓ Aggregator connected: aggregator-001 from 127.0.0.1
✓ Sent 334313 bytes to aggregator-001 (0.34ms)
Session completed with aggregator-001
[2025-12-10 08:11:31] Meter 281: Generated 7.151 kWh (encrypted: 334366 bytes, 5.745 ms)
[2025-12-10 08:11:51] Meter 281: Generated 4.706 kWh (encrypted: 334171 bytes, 6.779 ms)
[2025-12-10 08:12:11] Meter 281: Generated 1.108 kWh (encrypted: 334347 bytes, 13.804 ms)
[2025-12-10 08:12:17] NETWORK INFO: Server authentication successful for node: aggregator-001
✓ Aggregator connected: aggregator-001 from 127.0.0.1
✓ Sent 334347 bytes to aggregator-001 (0.37ms)
Session completed with aggregator-001
[2025-12-10 08:12:31] Meter 281: Generated 6.186 kWh (encrypted: 333914 bytes, 4.573 ms)

Received shutdown signal. Gracefully shutting down smart meter...
Network server thread stopped
Data generation thread stopped
Smart meter 281 shutdown complete
