=== Continuous Smart Meter Server 328 ===
Initializing for continuous operation...
SEAL context initialized
Loaded certificate: smart-meter-328
Requesting public keys from KDC...
[2025-12-10 08:01:48] NETWORK ERROR: Failed to connect to 127.0.0.1:8444: Connection refused
Error: Failed to connect to KDC at 127.0.0.1:8444
Error: Failed to send key request to KDC
Failed to obtain keys from KDC, falling back to file keys
Loaded keys from fallback files
Cryptographic components initialized
[2025-12-10 08:01:48] NETWORK INFO: Server socket created and listening on port 9328
✓ Smart meter server ready on port 9328
Data transmission interval: 20 seconds (15x accelerated - simulates 5min)
✓ Performance metrics CSV files initialized in performance_data/
Starting continuous smart meter operation...
Press Ctrl+C to stop gracefully
Data generation thread started
Network server thread started on port 9328
[2025-12-10 08:02:08] Meter 328: Generated 2.857 kWh (encrypted: 334470 bytes, 7.597 ms)
[2025-12-10 08:02:29] Meter 328: Generated 5.705 kWh (encrypted: 334228 bytes, 4.847 ms)
[2025-12-10 08:02:33] NETWORK INFO: Server authentication successful for node: aggregator-001
✓ Aggregator connected: aggregator-001 from 127.0.0.1
✓ Sent 334228 bytes to aggregator-001 (7.28ms)
Session completed with aggregator-001
[2025-12-10 08:02:49] Meter 328: Generated 5.592 kWh (encrypted: 334322 bytes, 4.655 ms)
[2025-12-10 08:03:09] Meter 328: Generated 6.661 kWh (encrypted: 334143 bytes, 6.652 ms)
[2025-12-10 08:03:29] Meter 328: Generated 4.461 kWh (encrypted: 334224 bytes, 5.053 ms)
[2025-12-10 08:03:36] NETWORK INFO: Server authentication successful for node: aggregator-001
✓ Aggregator connected: aggregator-001 from 127.0.0.1
✓ Sent 334224 bytes to aggregator-001 (0.39ms)
Session completed with aggregator-001
[2025-12-10 08:03:49] Meter 328: Generated 0.930 kWh (encrypted: 334092 bytes, 4.459 ms)
[2025-12-10 08:04:09] Meter 328: Generated 4.359 kWh (encrypted: 334195 bytes, 4.529 ms)
[2025-12-10 08:04:29] Meter 328: Generated 2.312 kWh (encrypted: 334078 bytes, 4.374 ms)
[2025-12-10 08:04:39] NETWORK INFO: Server authentication successful for node: aggregator-001
✓ Aggregator connected: aggregator-001 from 127.0.0.1
✓ Sent 334078 bytes to aggregator-001 (0.37ms)
Session completed with aggregator-001
[2025-12-10 08:04:49] Meter 328: Generated 3.830 kWh (encrypted: 334294 bytes, 5.679 ms)
[2025-12-10 08:05:09] Meter 328: Generated 4.542 kWh (encrypted: 334431 bytes, 7.305 ms)
[2025-12-10 08:05:29] Meter 328: Generated 6.310 kWh (encrypted: 334291 bytes, 7.308 ms)
[2025-12-10 08:05:44] NETWORK INFO: Server authentication successful for node: aggregator-001
✓ Aggregator connected: aggregator-001 from 127.0.0.1
✓ Sent 334291 bytes to aggregator-001 (0.40ms)
Session completed with aggregator-001
[2025-12-10 08:05:49] Meter 328: Generated 3.363 kWh (encrypted: 334355 bytes, 7.091 ms)
[2025-12-10 08:06:09] Meter 328: Generated 7.025 kWh (encrypted: 334383 bytes, 5.276 ms)
[2025-12-10 08:06:29] Meter 328: Generated 4.103 kWh (encrypted: 334081 bytes, 4.326 ms)
[2025-12-10 08:06:49] Meter 328: Generated 6.541 kWh (encrypted: 334480 bytes, 4.547 ms)
[2025-12-10 08:06:50] NETWORK INFO: Server authentication successful for node: aggregator-001
✓ Aggregator connected: aggregator-001 from 127.0.0.1
✓ Sent 334480 bytes to aggregator-001 (0.95ms)
Session completed with aggregator-001
[2025-12-10 08:07:09] Meter 328: Generated 4.228 kWh (encrypted: 334368 bytes, 6.502 ms)
[2025-12-10 08:07:29] Meter 328: Generated 3.239 kWh (encrypted: 334131 bytes, 4.583 ms)
[2025-12-10 08:07:49] Meter 328: Generated 4.270 kWh (encrypted: 334444 bytes, 5.383 ms)
[2025-12-10 08:07:56] NETWORK INFO: Server authentication successful for node: aggregator-001
✓ Aggregator connected: aggregator-001 from 127.0.0.1
✓ Sent 334444 bytes to aggregator-001 (0.71ms)
Session completed with aggregator-001
[2025-12-10 08:08:09] Meter 328: Generated 1.665 kWh (encrypted: 334484 bytes, 7.097 ms)
[2025-12-10 08:08:29] Meter 328: Generated 1.125 kWh (encrypted: 334134 bytes, 4.734 ms)
[2025-12-10 08:08:49] Meter 328: Generated 7.426 kWh (encrypted: 334443 bytes, 6.822 ms)
[2025-12-10 08:09:01] NETWORK INFO: Server authentication successful for node: aggregator-001
✓ Aggregator connected: aggregator-001 from 127.0.0.1
✓ Sent 334443 bytes to aggregator-001 (6.19ms)
Session completed with aggregator-001
[2025-12-10 08:09:09] Meter 328: Generated 1.126 kWh (encrypted: 334215 bytes, 6.995 ms)
[2025-12-10 08:09:29] Meter 328: Generated 1.436 kWh (encrypted: 334366 bytes, 6.395 ms)
[2025-12-10 08:09:49] Meter 328: Generated 1.282 kWh (encrypted: 334319 bytes, 5.530 ms)
[2025-12-10 08:10:06] NETWORK INFO: Server authentication successful for node: aggregator-001
✓ Aggregator connected: aggregator-001 from 127.0.0.1
✓ Sent 334319 bytes to aggregator-001 (0.39ms)
Session completed with aggregator-001
[2025-12-10 08:10:09] Meter 328: Generated 1.203 kWh (encrypted: 334189 bytes, 6.550 ms)
[2025-12-10 08:10:29] Meter 328: Generated 7.048 kWh (encrypted: 334469 bytes, 5.699 ms)
[2025-12-10 08:10:49] Meter 328: Generated 3.025 kWh (encrypted: 334092 bytes, 4.870 ms)
[2025-12-10 08:11:09] Meter 328: Generated 0.973 kWh (encrypted: 334248 bytes, 4.622 ms)
[2025-12-10 08:11:12] NETWORK INFO: Server authentication successful for node: aggregator-001
✓ Aggregator connected: aggregator-001 from 127.0.0.1
✓ Sent 334248 bytes to aggregator-001 (0.36ms)
Session completed with aggregator-001
[2025-12-10 08:11:29] Meter 328: Generated 1.419 kWh (encrypted: 334270 bytes, 6.542 ms)
[2025-12-10 08:11:49] Meter 328: Generated 4.296 kWh (encrypted: 333595 bytes, 6.063 ms)
[2025-12-10 08:12:09] Meter 328: Generated 2.973 kWh (encrypted: 334246 bytes, 7.328 ms)
[2025-12-10 08:12:17] NETWORK INFO: Server authentication successful for node: aggregator-001
✓ Aggregator connected: aggregator-001 from 127.0.0.1
✓ Sent 334246 bytes to aggregator-001 (12.18ms)
Session completed with aggregator-001
[2025-12-10 08:12:29] Meter 328: Generated 2.125 kWh (encrypted: 334454 bytes, 5.246 ms)

Received shutdown signal. Gracefully shutting down smart meter...
Network server thread stopped
Data generation thread stopped
Smart meter 328 shutdown complete
