=== Continuous Smart Meter Server 371 ===
Initializing for continuous operation...
SEAL context initialized
Loaded certificate: smart-meter-371
Requesting public keys from KDC...
[2025-12-10 08:02:42] NETWORK ERROR: Failed to connect to 127.0.0.1:8444: Connection refused
Error: Failed to connect to KDC at 127.0.0.1:8444
Error: Failed to send key request to KDC
Failed to obtain keys from KDC, falling back to file keys
Loaded keys from fallback files
Cryptographic components initialized
[2025-12-10 08:02:42] NETWORK INFO: Server socket created and listening on port 9371
✓ Smart meter server ready on port 9371
Data transmission interval: 20 seconds (15x accelerated - simulates 5min)
✓ Performance metrics CSV files initialized in performance_data/
Starting continuous smart meter operation...
Press Ctrl+C to stop gracefully
Data generation thread started
Network server thread started on port 9371
[2025-12-10 08:03:02] Meter 371: Generated 1.231 kWh (encrypted: 334440 bytes, 7.500 ms)
[2025-12-10 08:03:22] Meter 371: Generated 6.416 kWh (encrypted: 334469 bytes, 4.416 ms)
[2025-12-10 08:03:36] NETWORK INFO: Server authentication successful for node: aggregator-001
✓ Aggregator connected: aggregator-001 from 127.0.0.1
✓ Sent 334469 bytes to aggregator-001 (9.48ms)
Session completed with aggregator-001
[2025-12-10 08:03:42] Meter 371: Generated 2.795 kWh (encrypted: 334128 bytes, 4.804 ms)
[2025-12-10 08:04:02] Meter 371: Generated 2.452 kWh (encrypted: 334282 bytes, 4.713 ms)
[2025-12-10 08:04:22] Meter 371: Generated 6.134 kWh (encrypted: 333717 bytes, 4.701 ms)
[2025-12-10 08:04:40] NETWORK INFO: Server authentication successful for node: aggregator-001
✓ Aggregator connected: aggregator-001 from 127.0.0.1
✓ Sent 333717 bytes to aggregator-001 (5.41ms)
Session completed with aggregator-001
[2025-12-10 08:04:42] Meter 371: Generated 5.093 kWh (encrypted: 334414 bytes, 4.542 ms)
[2025-12-10 08:05:02] Meter 371: Generated 7.338 kWh (encrypted: 334110 bytes, 5.514 ms)
[2025-12-10 08:05:22] Meter 371: Generated 5.323 kWh (encrypted: 334486 bytes, 4.581 ms)
[2025-12-10 08:05:42] Meter 371: Generated 5.221 kWh (encrypted: 334066 bytes, 4.752 ms)
[2025-12-10 08:05:44] NETWORK INFO: Server authentication successful for node: aggregator-001
✓ Aggregator connected: aggregator-001 from 127.0.0.1
✓ Sent 334066 bytes to aggregator-001 (0.36ms)
Session completed with aggregator-001
[2025-12-10 08:06:02] Meter 371: Generated 2.906 kWh (encrypted: 334160 bytes, 5.638 ms)
[2025-12-10 08:06:22] Meter 371: Generated 3.206 kWh (encrypted: 334036 bytes, 5.002 ms)
[2025-12-10 08:06:42] Meter 371: Generated 2.300 kWh (encrypted: 334417 bytes, 14.723 ms)
[2025-12-10 08:06:50] NETWORK INFO: Server authentication successful for node: aggregator-001
✓ Aggregator connected: aggregator-001 from 127.0.0.1
✓ Sent 334417 bytes to aggregator-001 (1.00ms)
Session completed with aggregator-001
[2025-12-10 08:07:02] Meter 371: Generated 1.641 kWh (encrypted: 334158 bytes, 9.275 ms)
[2025-12-10 08:07:22] Meter 371: Generated 2.799 kWh (encrypted: 334228 bytes, 22.909 ms)
[2025-12-10 08:07:42] Meter 371: Generated 7.521 kWh (encrypted: 334349 bytes, 6.277 ms)
[2025-12-10 08:07:56] NETWORK INFO: Server authentication successful for node: aggregator-001
✓ Aggregator connected: aggregator-001 from 127.0.0.1
✓ Sent 334349 bytes to aggregator-001 (0.41ms)
Session completed with aggregator-001
[2025-12-10 08:08:02] Meter 371: Generated 1.835 kWh (encrypted: 334159 bytes, 6.826 ms)
[2025-12-10 08:08:22] Meter 371: Generated 0.749 kWh (encrypted: 334489 bytes, 5.031 ms)
[2025-12-10 08:08:42] Meter 371: Generated 3.195 kWh (encrypted: 334242 bytes, 5.919 ms)
[2025-12-10 08:09:01] NETWORK INFO: Server authentication successful for node: aggregator-001
✓ Aggregator connected: aggregator-001 from 127.0.0.1
✓ Sent 334242 bytes to aggregator-001 (0.37ms)
Session completed with aggregator-001
[2025-12-10 08:09:02] Meter 371: Generated 4.588 kWh (encrypted: 334340 bytes, 5.657 ms)
[2025-12-10 08:09:23] Meter 371: Generated 3.126 kWh (encrypted: 334370 bytes, 6.511 ms)
[2025-12-10 08:09:43] Meter 371: Generated 2.944 kWh (encrypted: 334417 bytes, 6.345 ms)
[2025-12-10 08:10:03] Meter 371: Generated 4.993 kWh (encrypted: 334139 bytes, 4.747 ms)
[2025-12-10 08:10:06] NETWORK INFO: Server authentication successful for node: aggregator-001
✓ Aggregator connected: aggregator-001 from 127.0.0.1
✓ Sent 334139 bytes to aggregator-001 (0.38ms)
Session completed with aggregator-001
[2025-12-10 08:10:23] Meter 371: Generated 5.485 kWh (encrypted: 334372 bytes, 6.511 ms)
[2025-12-10 08:10:43] Meter 371: Generated 4.322 kWh (encrypted: 334192 bytes, 7.114 ms)
[2025-12-10 08:11:03] Meter 371: Generated 2.454 kWh (encrypted: 334210 bytes, 6.154 ms)
[2025-12-10 08:11:12] NETWORK INFO: Server authentication successful for node: aggregator-001
✓ Aggregator connected: aggregator-001 from 127.0.0.1
✓ Sent 334210 bytes to aggregator-001 (0.39ms)
Session completed with aggregator-001
[2025-12-10 08:11:23] Meter 371: Generated 7.273 kWh (encrypted: 334409 bytes, 4.586 ms)
[2025-12-10 08:11:43] Meter 371: Generated 6.441 kWh (encrypted: 334368 bytes, 4.501 ms)
[2025-12-10 08:12:03] Meter 371: Generated 1.733 kWh (encrypted: 334320 bytes, 6.552 ms)
[2025-12-10 08:12:17] NETWORK INFO: Server authentication successful for node: aggregator-001
✓ Aggregator connected: aggregator-001 from 127.0.0.1
✓ Sent 334320 bytes to aggregator-001 (0.40ms)
Session completed with aggregator-001
[2025-12-10 08:12:23] Meter 371: Generated 5.268 kWh (encrypted: 334007 bytes, 6.782 ms)

Received shutdown signal. Gracefully shutting down smart meter...
Network server thread stopped
Data generation thread stopped
Smart meter 371 shutdown complete
