=== Continuous Smart Meter Server 153 ===
Initializing for continuous operation...
SEAL context initialized
Loaded certificate: smart-meter-153
Requesting public keys from KDC...
[2025-12-10 07:58:12] NETWORK ERROR: Failed to connect to 127.0.0.1:8444: Connection refused
Error: Failed to connect to KDC at 127.0.0.1:8444
Error: Failed to send key request to KDC
Failed to obtain keys from KDC, falling back to file keys
Loaded keys from fallback files
Cryptographic components initialized
[2025-12-10 07:58:12] NETWORK INFO: Server socket created and listening on port 9153
✓ Smart meter server ready on port 9153
Data transmission interval: 20 seconds (15x accelerated - simulates 5min)
✓ Performance metrics CSV files initialized in performance_data/
Starting continuous smart meter operation...
Press Ctrl+C to stop gracefully
Data generation thread started
Network server thread started on port 9153
[2025-12-10 07:58:25] NETWORK INFO: Server authentication successful for node: aggregator-001
✓ Aggregator connected: aggregator-001 from 127.0.0.1
[2025-12-10 07:58:32] Meter 153: Generated 2.537 kWh (encrypted: 334371 bytes, 5.017 ms)
✓ Sent 334371 bytes to aggregator-001 (0.71ms)
Session completed with aggregator-001
[2025-12-10 07:58:52] Meter 153: Generated 3.643 kWh (encrypted: 334251 bytes, 4.448 ms)
[2025-12-10 07:59:12] Meter 153: Generated 0.880 kWh (encrypted: 334127 bytes, 4.629 ms)
[2025-12-10 07:59:26] NETWORK INFO: Server authentication successful for node: aggregator-001
✓ Aggregator connected: aggregator-001 from 127.0.0.1
✓ Sent 334127 bytes to aggregator-001 (0.37ms)
Session completed with aggregator-001
[2025-12-10 07:59:32] Meter 153: Generated 0.956 kWh (encrypted: 334273 bytes, 4.540 ms)
[2025-12-10 07:59:52] Meter 153: Generated 6.313 kWh (encrypted: 334291 bytes, 4.597 ms)
[2025-12-10 08:00:12] Meter 153: Generated 5.847 kWh (encrypted: 334154 bytes, 4.627 ms)
[2025-12-10 08:00:28] NETWORK INFO: Server authentication successful for node: aggregator-001
✓ Aggregator connected: aggregator-001 from 127.0.0.1
✓ Sent 334154 bytes to aggregator-001 (0.36ms)
Session completed with aggregator-001
[2025-12-10 08:00:32] Meter 153: Generated 1.245 kWh (encrypted: 334462 bytes, 4.573 ms)
[2025-12-10 08:00:52] Meter 153: Generated 4.381 kWh (encrypted: 334142 bytes, 4.568 ms)
[2025-12-10 08:01:12] Meter 153: Generated 1.862 kWh (encrypted: 334435 bytes, 6.577 ms)
[2025-12-10 08:01:31] NETWORK INFO: Server authentication successful for node: aggregator-001
✓ Aggregator connected: aggregator-001 from 127.0.0.1
✓ Sent 334435 bytes to aggregator-001 (0.34ms)
Session completed with aggregator-001
[2025-12-10 08:01:32] Meter 153: Generated 5.312 kWh (encrypted: 334289 bytes, 4.754 ms)
[2025-12-10 08:01:52] Meter 153: Generated 4.335 kWh (encrypted: 334014 bytes, 7.510 ms)
[2025-12-10 08:02:12] Meter 153: Generated 0.992 kWh (encrypted: 334434 bytes, 4.413 ms)
[2025-12-10 08:02:32] Meter 153: Generated 2.633 kWh (encrypted: 334215 bytes, 4.509 ms)
[2025-12-10 08:02:33] NETWORK INFO: Server authentication successful for node: aggregator-001
✓ Aggregator connected: aggregator-001 from 127.0.0.1
✓ Sent 334215 bytes to aggregator-001 (36.58ms)
Session completed with aggregator-001
[2025-12-10 08:02:52] Meter 153: Generated 7.505 kWh (encrypted: 334355 bytes, 7.285 ms)
[2025-12-10 08:03:12] Meter 153: Generated 7.071 kWh (encrypted: 334357 bytes, 7.380 ms)
[2025-12-10 08:03:33] Meter 153: Generated 6.960 kWh (encrypted: 334417 bytes, 6.438 ms)
[2025-12-10 08:03:36] NETWORK INFO: Server authentication successful for node: aggregator-001
✓ Aggregator connected: aggregator-001 from 127.0.0.1
✓ Sent 334417 bytes to aggregator-001 (0.41ms)
Session completed with aggregator-001
[2025-12-10 08:03:53] Meter 153: Generated 6.588 kWh (encrypted: 334389 bytes, 8.017 ms)
[2025-12-10 08:04:13] Meter 153: Generated 1.144 kWh (encrypted: 334347 bytes, 6.236 ms)
[2025-12-10 08:04:33] Meter 153: Generated 3.062 kWh (encrypted: 334346 bytes, 6.331 ms)
[2025-12-10 08:04:39] NETWORK INFO: Server authentication successful for node: aggregator-001
✓ Aggregator connected: aggregator-001 from 127.0.0.1
✓ Sent 334346 bytes to aggregator-001 (0.44ms)
Session completed with aggregator-001
[2025-12-10 08:04:53] Meter 153: Generated 3.953 kWh (encrypted: 334289 bytes, 7.254 ms)
[2025-12-10 08:05:13] Meter 153: Generated 4.756 kWh (encrypted: 334441 bytes, 7.297 ms)
[2025-12-10 08:05:33] Meter 153: Generated 6.838 kWh (encrypted: 334143 bytes, 4.702 ms)
[2025-12-10 08:05:44] NETWORK INFO: Server authentication successful for node: aggregator-001
✓ Aggregator connected: aggregator-001 from 127.0.0.1
✓ Sent 334143 bytes to aggregator-001 (0.38ms)
Session completed with aggregator-001
[2025-12-10 08:05:53] Meter 153: Generated 3.356 kWh (encrypted: 334386 bytes, 4.889 ms)
[2025-12-10 08:06:13] Meter 153: Generated 3.352 kWh (encrypted: 334456 bytes, 7.190 ms)
[2025-12-10 08:06:33] Meter 153: Generated 6.707 kWh (encrypted: 334410 bytes, 6.478 ms)
[2025-12-10 08:06:50] NETWORK INFO: Server authentication successful for node: aggregator-001
✓ Aggregator connected: aggregator-001 from 127.0.0.1
✓ Sent 334410 bytes to aggregator-001 (0.40ms)
Session completed with aggregator-001
[2025-12-10 08:06:53] Meter 153: Generated 6.186 kWh (encrypted: 334388 bytes, 7.957 ms)
[2025-12-10 08:07:13] Meter 153: Generated 2.028 kWh (encrypted: 334303 bytes, 7.185 ms)
[2025-12-10 08:07:33] Meter 153: Generated 2.195 kWh (encrypted: 334192 bytes, 6.889 ms)
[2025-12-10 08:07:53] Meter 153: Generated 5.029 kWh (encrypted: 334352 bytes, 5.983 ms)
[2025-12-10 08:07:55] NETWORK INFO: Server authentication successful for node: aggregator-001
✓ Aggregator connected: aggregator-001 from 127.0.0.1
✓ Sent 334352 bytes to aggregator-001 (0.38ms)
Session completed with aggregator-001
[2025-12-10 08:08:13] Meter 153: Generated 6.024 kWh (encrypted: 334432 bytes, 6.505 ms)
[2025-12-10 08:08:33] Meter 153: Generated 5.071 kWh (encrypted: 334310 bytes, 6.182 ms)
[2025-12-10 08:08:53] Meter 153: Generated 1.494 kWh (encrypted: 333668 bytes, 4.347 ms)
[2025-12-10 08:09:01] NETWORK INFO: Server authentication successful for node: aggregator-001
✓ Aggregator connected: aggregator-001 from 127.0.0.1
✓ Sent 333668 bytes to aggregator-001 (1.08ms)
Session completed with aggregator-001
[2025-12-10 08:09:13] Meter 153: Generated 4.335 kWh (encrypted: 334377 bytes, 6.607 ms)
[2025-12-10 08:09:33] Meter 153: Generated 4.539 kWh (encrypted: 333300 bytes, 5.568 ms)
[2025-12-10 08:09:53] Meter 153: Generated 4.084 kWh (encrypted: 334136 bytes, 5.764 ms)
[2025-12-10 08:10:06] NETWORK INFO: Server authentication successful for node: aggregator-001
✓ Aggregator connected: aggregator-001 from 127.0.0.1
✓ Sent 334136 bytes to aggregator-001 (0.36ms)
Session completed with aggregator-001
[2025-12-10 08:10:13] Meter 153: Generated 4.454 kWh (encrypted: 334551 bytes, 8.501 ms)
[2025-12-10 08:10:33] Meter 153: Generated 7.501 kWh (encrypted: 334344 bytes, 5.057 ms)
[2025-12-10 08:10:53] Meter 153: Generated 6.439 kWh (encrypted: 334122 bytes, 4.987 ms)
[2025-12-10 08:11:12] NETWORK INFO: Server authentication successful for node: aggregator-001
✓ Aggregator connected: aggregator-001 from 127.0.0.1
✓ Sent 334122 bytes to aggregator-001 (0.37ms)
Session completed with aggregator-001
[2025-12-10 08:11:13] Meter 153: Generated 2.570 kWh (encrypted: 334216 bytes, 4.881 ms)
[2025-12-10 08:11:33] Meter 153: Generated 2.405 kWh (encrypted: 333345 bytes, 5.003 ms)
[2025-12-10 08:11:53] Meter 153: Generated 0.980 kWh (encrypted: 334481 bytes, 6.722 ms)
[2025-12-10 08:12:13] Meter 153: Generated 7.247 kWh (encrypted: 334296 bytes, 4.810 ms)
[2025-12-10 08:12:17] NETWORK INFO: Server authentication successful for node: aggregator-001
✓ Aggregator connected: aggregator-001 from 127.0.0.1
✓ Sent 334296 bytes to aggregator-001 (1.05ms)
Session completed with aggregator-001
[2025-12-10 08:12:33] Meter 153: Generated 7.121 kWh (encrypted: 334173 bytes, 4.856 ms)

Received shutdown signal. Gracefully shutting down smart meter...
Network server thread stopped
Data generation thread stopped
Smart meter 153 shutdown complete
