=== Continuous Smart Meter Server 192 ===
Initializing for continuous operation...
SEAL context initialized
Loaded certificate: smart-meter-192
Requesting public keys from KDC...
[2025-12-10 07:59:00] NETWORK ERROR: Failed to connect to 127.0.0.1:8444: Connection refused
Error: Failed to connect to KDC at 127.0.0.1:8444
Error: Failed to send key request to KDC
Failed to obtain keys from KDC, falling back to file keys
Loaded keys from fallback files
Cryptographic components initialized
[2025-12-10 07:59:00] NETWORK INFO: Server socket created and listening on port 9192
✓ Smart meter server ready on port 9192
Data transmission interval: 20 seconds (15x accelerated - simulates 5min)
✓ Performance metrics CSV files initialized in performance_data/
Starting continuous smart meter operation...
Press Ctrl+C to stop gracefully
Data generation thread started
Network server thread started on port 9192
[2025-12-10 07:59:20] Meter 192: Generated 0.764 kWh (encrypted: 334319 bytes, 5.105 ms)
[2025-12-10 07:59:26] NETWORK INFO: Server authentication successful for node: aggregator-001
✓ Aggregator connected: aggregator-001 from 127.0.0.1
✓ Sent 334319 bytes to aggregator-001 (0.72ms)
Session completed with aggregator-001
[2025-12-10 07:59:40] Meter 192: Generated 6.543 kWh (encrypted: 334305 bytes, 4.628 ms)
[2025-12-10 08:00:00] Meter 192: Generated 2.273 kWh (encrypted: 334456 bytes, 4.590 ms)
[2025-12-10 08:00:20] Meter 192: Generated 5.661 kWh (encrypted: 334222 bytes, 4.915 ms)
[2025-12-10 08:00:28] NETWORK INFO: Server authentication successful for node: aggregator-001
✓ Aggregator connected: aggregator-001 from 127.0.0.1
✓ Sent 334222 bytes to aggregator-001 (0.36ms)
Session completed with aggregator-001
[2025-12-10 08:00:40] Meter 192: Generated 1.579 kWh (encrypted: 334076 bytes, 5.005 ms)
[2025-12-10 08:01:00] Meter 192: Generated 7.296 kWh (encrypted: 334309 bytes, 4.710 ms)
[2025-12-10 08:01:20] Meter 192: Generated 5.651 kWh (encrypted: 334254 bytes, 4.800 ms)
[2025-12-10 08:01:31] NETWORK INFO: Server authentication successful for node: aggregator-001
✓ Aggregator connected: aggregator-001 from 127.0.0.1
✓ Sent 334254 bytes to aggregator-001 (0.40ms)
Session completed with aggregator-001
[2025-12-10 08:01:40] Meter 192: Generated 5.098 kWh (encrypted: 334397 bytes, 4.607 ms)
[2025-12-10 08:02:00] Meter 192: Generated 3.266 kWh (encrypted: 334204 bytes, 4.826 ms)
[2025-12-10 08:02:20] Meter 192: Generated 2.638 kWh (encrypted: 334165 bytes, 4.467 ms)
[2025-12-10 08:02:33] NETWORK INFO: Server authentication successful for node: aggregator-001
✓ Aggregator connected: aggregator-001 from 127.0.0.1
✓ Sent 334165 bytes to aggregator-001 (0.36ms)
Session completed with aggregator-001
[2025-12-10 08:02:40] Meter 192: Generated 1.025 kWh (encrypted: 334401 bytes, 4.846 ms)
[2025-12-10 08:03:00] Meter 192: Generated 5.700 kWh (encrypted: 334493 bytes, 4.945 ms)
[2025-12-10 08:03:20] Meter 192: Generated 7.540 kWh (encrypted: 334105 bytes, 4.821 ms)
[2025-12-10 08:03:36] NETWORK INFO: Server authentication successful for node: aggregator-001
✓ Aggregator connected: aggregator-001 from 127.0.0.1
✓ Sent 334105 bytes to aggregator-001 (12.51ms)
Session completed with aggregator-001
[2025-12-10 08:03:40] Meter 192: Generated 3.675 kWh (encrypted: 334371 bytes, 5.018 ms)
[2025-12-10 08:04:00] Meter 192: Generated 6.065 kWh (encrypted: 334215 bytes, 4.335 ms)
[2025-12-10 08:04:20] Meter 192: Generated 5.633 kWh (encrypted: 334084 bytes, 6.538 ms)
[2025-12-10 08:04:39] NETWORK INFO: Server authentication successful for node: aggregator-001
✓ Aggregator connected: aggregator-001 from 127.0.0.1
✓ Sent 334084 bytes to aggregator-001 (0.41ms)
Session completed with aggregator-001
[2025-12-10 08:04:40] Meter 192: Generated 1.778 kWh (encrypted: 334217 bytes, 4.614 ms)
[2025-12-10 08:05:00] Meter 192: Generated 2.309 kWh (encrypted: 333947 bytes, 4.593 ms)
[2025-12-10 08:05:20] Meter 192: Generated 5.356 kWh (encrypted: 334442 bytes, 4.929 ms)
[2025-12-10 08:05:40] Meter 192: Generated 1.530 kWh (encrypted: 334190 bytes, 4.354 ms)
[2025-12-10 08:05:44] NETWORK INFO: Server authentication successful for node: aggregator-001
✓ Aggregator connected: aggregator-001 from 127.0.0.1
✓ Sent 334190 bytes to aggregator-001 (0.38ms)
Session completed with aggregator-001
[2025-12-10 08:06:00] Meter 192: Generated 3.802 kWh (encrypted: 334420 bytes, 6.486 ms)
[2025-12-10 08:06:20] Meter 192: Generated 1.032 kWh (encrypted: 334394 bytes, 4.446 ms)
[2025-12-10 08:06:40] Meter 192: Generated 7.215 kWh (encrypted: 334430 bytes, 4.456 ms)
[2025-12-10 08:06:50] NETWORK INFO: Server authentication successful for node: aggregator-001
✓ Aggregator connected: aggregator-001 from 127.0.0.1
✓ Sent 334430 bytes to aggregator-001 (0.35ms)
Session completed with aggregator-001
[2025-12-10 08:07:00] Meter 192: Generated 1.026 kWh (encrypted: 334430 bytes, 6.424 ms)
[2025-12-10 08:07:20] Meter 192: Generated 3.457 kWh (encrypted: 334355 bytes, 4.848 ms)
[2025-12-10 08:07:40] Meter 192: Generated 3.200 kWh (encrypted: 334485 bytes, 4.532 ms)
[2025-12-10 08:07:56] NETWORK INFO: Server authentication successful for node: aggregator-001
✓ Aggregator connected: aggregator-001 from 127.0.0.1
✓ Sent 334485 bytes to aggregator-001 (0.37ms)
Session completed with aggregator-001
[2025-12-10 08:08:00] Meter 192: Generated 2.915 kWh (encrypted: 334123 bytes, 6.413 ms)
[2025-12-10 08:08:20] Meter 192: Generated 2.620 kWh (encrypted: 334396 bytes, 6.903 ms)
[2025-12-10 08:08:40] Meter 192: Generated 4.747 kWh (encrypted: 334082 bytes, 5.025 ms)
[2025-12-10 08:09:00] Meter 192: Generated 3.698 kWh (encrypted: 334414 bytes, 6.265 ms)
[2025-12-10 08:09:01] NETWORK INFO: Server authentication successful for node: aggregator-001
✓ Aggregator connected: aggregator-001 from 127.0.0.1
✓ Sent 334414 bytes to aggregator-001 (0.34ms)
Session completed with aggregator-001
[2025-12-10 08:09:20] Meter 192: Generated 6.697 kWh (encrypted: 334090 bytes, 6.211 ms)
[2025-12-10 08:09:40] Meter 192: Generated 3.480 kWh (encrypted: 334402 bytes, 4.517 ms)
[2025-12-10 08:10:00] Meter 192: Generated 3.536 kWh (encrypted: 334375 bytes, 4.505 ms)
[2025-12-10 08:10:06] NETWORK INFO: Server authentication successful for node: aggregator-001
✓ Aggregator connected: aggregator-001 from 127.0.0.1
✓ Sent 334375 bytes to aggregator-001 (0.42ms)
Session completed with aggregator-001
[2025-12-10 08:10:21] Meter 192: Generated 6.060 kWh (encrypted: 333847 bytes, 4.625 ms)
[2025-12-10 08:10:41] Meter 192: Generated 4.318 kWh (encrypted: 333316 bytes, 4.514 ms)
[2025-12-10 08:11:01] Meter 192: Generated 6.149 kWh (encrypted: 334397 bytes, 7.221 ms)
[2025-12-10 08:11:12] NETWORK INFO: Server authentication successful for node: aggregator-001
✓ Aggregator connected: aggregator-001 from 127.0.0.1
✓ Sent 334397 bytes to aggregator-001 (0.37ms)
Session completed with aggregator-001
[2025-12-10 08:11:21] Meter 192: Generated 2.283 kWh (encrypted: 334248 bytes, 6.442 ms)
[2025-12-10 08:11:41] Meter 192: Generated 3.337 kWh (encrypted: 334247 bytes, 6.597 ms)
[2025-12-10 08:12:01] Meter 192: Generated 5.719 kWh (encrypted: 334221 bytes, 7.427 ms)
[2025-12-10 08:12:17] NETWORK INFO: Server authentication successful for node: aggregator-001
✓ Aggregator connected: aggregator-001 from 127.0.0.1
✓ Sent 334221 bytes to aggregator-001 (2.19ms)
Session completed with aggregator-001
[2025-12-10 08:12:21] Meter 192: Generated 3.671 kWh (encrypted: 334261 bytes, 9.618 ms)

Received shutdown signal. Gracefully shutting down smart meter...
Network server thread stopped
Data generation thread stopped
Smart meter 192 shutdown complete
