=== Continuous Smart Meter Server 227 ===
Initializing for continuous operation...
SEAL context initialized
Loaded certificate: smart-meter-227
Requesting public keys from KDC...
[2025-12-10 07:59:43] NETWORK ERROR: Failed to connect to 127.0.0.1:8444: Connection refused
Error: Failed to connect to KDC at 127.0.0.1:8444
Error: Failed to send key request to KDC
Failed to obtain keys from KDC, falling back to file keys
Loaded keys from fallback files
Cryptographic components initialized
[2025-12-10 07:59:43] NETWORK INFO: Server socket created and listening on port 9227
✓ Smart meter server ready on port 9227
Data transmission interval: 20 seconds (15x accelerated - simulates 5min)
✓ Performance metrics CSV files initialized in performance_data/
Starting continuous smart meter operation...
Press Ctrl+C to stop gracefully
Data generation thread started
Network server thread started on port 9227
[2025-12-10 08:00:03] Meter 227: Generated 6.940 kWh (encrypted: 334265 bytes, 5.053 ms)
[2025-12-10 08:00:23] Meter 227: Generated 1.811 kWh (encrypted: 334177 bytes, 4.888 ms)
[2025-12-10 08:00:28] NETWORK INFO: Server authentication successful for node: aggregator-001
✓ Aggregator connected: aggregator-001 from 127.0.0.1
✓ Sent 334177 bytes to aggregator-001 (22.29ms)
Session completed with aggregator-001
[2025-12-10 08:00:43] Meter 227: Generated 1.539 kWh (encrypted: 334410 bytes, 4.704 ms)
[2025-12-10 08:01:03] Meter 227: Generated 1.117 kWh (encrypted: 334331 bytes, 12.544 ms)
[2025-12-10 08:01:23] Meter 227: Generated 2.079 kWh (encrypted: 334408 bytes, 4.475 ms)
[2025-12-10 08:01:31] NETWORK INFO: Server authentication successful for node: aggregator-001
✓ Aggregator connected: aggregator-001 from 127.0.0.1
✓ Sent 334408 bytes to aggregator-001 (0.41ms)
Session completed with aggregator-001
[2025-12-10 08:01:43] Meter 227: Generated 3.434 kWh (encrypted: 334255 bytes, 4.344 ms)
[2025-12-10 08:02:03] Meter 227: Generated 3.744 kWh (encrypted: 334093 bytes, 5.267 ms)
[2025-12-10 08:02:23] Meter 227: Generated 4.198 kWh (encrypted: 334441 bytes, 4.499 ms)
[2025-12-10 08:02:33] NETWORK INFO: Server authentication successful for node: aggregator-001
✓ Aggregator connected: aggregator-001 from 127.0.0.1
✓ Sent 334441 bytes to aggregator-001 (0.46ms)
Session completed with aggregator-001
[2025-12-10 08:02:43] Meter 227: Generated 4.703 kWh (encrypted: 334445 bytes, 5.577 ms)
[2025-12-10 08:03:03] Meter 227: Generated 4.335 kWh (encrypted: 334142 bytes, 4.750 ms)
[2025-12-10 08:03:23] Meter 227: Generated 7.045 kWh (encrypted: 334452 bytes, 4.858 ms)
[2025-12-10 08:03:36] NETWORK INFO: Server authentication successful for node: aggregator-001
✓ Aggregator connected: aggregator-001 from 127.0.0.1
✓ Sent 334452 bytes to aggregator-001 (0.40ms)
Session completed with aggregator-001
[2025-12-10 08:03:43] Meter 227: Generated 5.255 kWh (encrypted: 334176 bytes, 4.661 ms)
[2025-12-10 08:04:03] Meter 227: Generated 1.632 kWh (encrypted: 334042 bytes, 4.446 ms)
[2025-12-10 08:04:23] Meter 227: Generated 7.311 kWh (encrypted: 334163 bytes, 4.789 ms)
[2025-12-10 08:04:39] NETWORK INFO: Server authentication successful for node: aggregator-001
✓ Aggregator connected: aggregator-001 from 127.0.0.1
✓ Sent 334163 bytes to aggregator-001 (0.39ms)
Session completed with aggregator-001
[2025-12-10 08:04:43] Meter 227: Generated 4.734 kWh (encrypted: 334402 bytes, 4.579 ms)
[2025-12-10 08:05:03] Meter 227: Generated 5.616 kWh (encrypted: 334341 bytes, 6.511 ms)
[2025-12-10 08:05:23] Meter 227: Generated 6.360 kWh (encrypted: 334373 bytes, 4.573 ms)
[2025-12-10 08:05:43] Meter 227: Generated 2.200 kWh (encrypted: 334057 bytes, 4.664 ms)
[2025-12-10 08:05:44] NETWORK INFO: Server authentication successful for node: aggregator-001
✓ Aggregator connected: aggregator-001 from 127.0.0.1
✓ Sent 334057 bytes to aggregator-001 (0.34ms)
Session completed with aggregator-001
[2025-12-10 08:06:03] Meter 227: Generated 1.540 kWh (encrypted: 334393 bytes, 4.654 ms)
[2025-12-10 08:06:23] Meter 227: Generated 2.427 kWh (encrypted: 333735 bytes, 7.677 ms)
[2025-12-10 08:06:43] Meter 227: Generated 3.989 kWh (encrypted: 334177 bytes, 4.810 ms)
[2025-12-10 08:06:50] NETWORK INFO: Server authentication successful for node: aggregator-001
✓ Aggregator connected: aggregator-001 from 127.0.0.1
✓ Sent 334177 bytes to aggregator-001 (3.04ms)
Session completed with aggregator-001
[2025-12-10 08:07:03] Meter 227: Generated 1.217 kWh (encrypted: 334360 bytes, 6.923 ms)
[2025-12-10 08:07:24] Meter 227: Generated 2.965 kWh (encrypted: 334418 bytes, 4.940 ms)
[2025-12-10 08:07:44] Meter 227: Generated 0.909 kWh (encrypted: 334212 bytes, 6.818 ms)
[2025-12-10 08:07:55] NETWORK INFO: Server authentication successful for node: aggregator-001
✓ Aggregator connected: aggregator-001 from 127.0.0.1
✓ Sent 334212 bytes to aggregator-001 (9.40ms)
Session completed with aggregator-001
[2025-12-10 08:08:04] Meter 227: Generated 3.979 kWh (encrypted: 334273 bytes, 12.481 ms)
[2025-12-10 08:08:24] Meter 227: Generated 1.441 kWh (encrypted: 334429 bytes, 7.096 ms)
[2025-12-10 08:08:44] Meter 227: Generated 7.282 kWh (encrypted: 334186 bytes, 4.540 ms)
[2025-12-10 08:09:01] NETWORK INFO: Server authentication successful for node: aggregator-001
✓ Aggregator connected: aggregator-001 from 127.0.0.1
✓ Sent 334186 bytes to aggregator-001 (4.41ms)
Session completed with aggregator-001
[2025-12-10 08:09:04] Meter 227: Generated 1.510 kWh (encrypted: 334297 bytes, 6.588 ms)
[2025-12-10 08:09:24] Meter 227: Generated 6.122 kWh (encrypted: 334132 bytes, 5.055 ms)
[2025-12-10 08:09:44] Meter 227: Generated 2.962 kWh (encrypted: 334182 bytes, 6.951 ms)
[2025-12-10 08:10:04] Meter 227: Generated 5.934 kWh (encrypted: 334254 bytes, 5.766 ms)
[2025-12-10 08:10:06] NETWORK INFO: Server authentication successful for node: aggregator-001
✓ Aggregator connected: aggregator-001 from 127.0.0.1
✓ Sent 334254 bytes to aggregator-001 (0.41ms)
Session completed with aggregator-001
[2025-12-10 08:10:24] Meter 227: Generated 2.138 kWh (encrypted: 334491 bytes, 4.931 ms)
[2025-12-10 08:10:44] Meter 227: Generated 4.020 kWh (encrypted: 334097 bytes, 5.001 ms)
[2025-12-10 08:11:04] Meter 227: Generated 0.720 kWh (encrypted: 334095 bytes, 6.670 ms)
[2025-12-10 08:11:12] NETWORK INFO: Server authentication successful for node: aggregator-001
✓ Aggregator connected: aggregator-001 from 127.0.0.1
✓ Sent 334095 bytes to aggregator-001 (0.36ms)
Session completed with aggregator-001
[2025-12-10 08:11:24] Meter 227: Generated 3.478 kWh (encrypted: 334069 bytes, 7.180 ms)
[2025-12-10 08:11:44] Meter 227: Generated 1.484 kWh (encrypted: 334470 bytes, 4.748 ms)
[2025-12-10 08:12:04] Meter 227: Generated 2.593 kWh (encrypted: 334298 bytes, 6.433 ms)
[2025-12-10 08:12:17] NETWORK INFO: Server authentication successful for node: aggregator-001
✓ Aggregator connected: aggregator-001 from 127.0.0.1
✓ Sent 334298 bytes to aggregator-001 (0.38ms)
Session completed with aggregator-001
[2025-12-10 08:12:24] Meter 227: Generated 2.300 kWh (encrypted: 334379 bytes, 6.916 ms)

Received shutdown signal. Gracefully shutting down smart meter...
Network server thread stopped
Data generation thread stopped
Smart meter 227 shutdown complete
