=== Continuous Smart Meter Server 195 ===
Initializing for continuous operation...
SEAL context initialized
Loaded certificate: smart-meter-195
Requesting public keys from KDC...
[2025-12-10 07:59:04] NETWORK ERROR: Failed to connect to 127.0.0.1:8444: Connection refused
Error: Failed to connect to KDC at 127.0.0.1:8444
Error: Failed to send key request to KDC
Failed to obtain keys from KDC, falling back to file keys
Loaded keys from fallback files
Cryptographic components initialized
[2025-12-10 07:59:04] NETWORK INFO: Server socket created and listening on port 9195
✓ Smart meter server ready on port 9195
Data transmission interval: 20 seconds (15x accelerated - simulates 5min)
✓ Performance metrics CSV files initialized in performance_data/
Starting continuous smart meter operation...
Press Ctrl+C to stop gracefully
Data generation thread started
Network server thread started on port 9195
[2025-12-10 07:59:24] Meter 195: Generated 5.536 kWh (encrypted: 334171 bytes, 6.833 ms)
[2025-12-10 07:59:26] NETWORK INFO: Server authentication successful for node: aggregator-001
✓ Aggregator connected: aggregator-001 from 127.0.0.1
✓ Sent 334171 bytes to aggregator-001 (18.16ms)
Session completed with aggregator-001
[2025-12-10 07:59:44] Meter 195: Generated 0.887 kWh (encrypted: 334061 bytes, 5.579 ms)
[2025-12-10 08:00:04] Meter 195: Generated 7.011 kWh (encrypted: 334459 bytes, 5.103 ms)
[2025-12-10 08:00:24] Meter 195: Generated 1.708 kWh (encrypted: 334440 bytes, 5.414 ms)
[2025-12-10 08:00:28] NETWORK INFO: Server authentication successful for node: aggregator-001
✓ Aggregator connected: aggregator-001 from 127.0.0.1
✓ Sent 334440 bytes to aggregator-001 (4.05ms)
Session completed with aggregator-001
[2025-12-10 08:00:44] Meter 195: Generated 2.438 kWh (encrypted: 334300 bytes, 6.452 ms)
[2025-12-10 08:01:04] Meter 195: Generated 4.484 kWh (encrypted: 333520 bytes, 4.471 ms)
[2025-12-10 08:01:24] Meter 195: Generated 3.651 kWh (encrypted: 334341 bytes, 4.866 ms)
[2025-12-10 08:01:31] NETWORK INFO: Server authentication successful for node: aggregator-001
✓ Aggregator connected: aggregator-001 from 127.0.0.1
✓ Sent 334341 bytes to aggregator-001 (0.51ms)
Session completed with aggregator-001
[2025-12-10 08:01:44] Meter 195: Generated 2.895 kWh (encrypted: 334342 bytes, 4.724 ms)
[2025-12-10 08:02:04] Meter 195: Generated 2.511 kWh (encrypted: 334340 bytes, 4.939 ms)
[2025-12-10 08:02:24] Meter 195: Generated 5.919 kWh (encrypted: 334288 bytes, 6.451 ms)
[2025-12-10 08:02:33] NETWORK INFO: Server authentication successful for node: aggregator-001
✓ Aggregator connected: aggregator-001 from 127.0.0.1
✓ Sent 334288 bytes to aggregator-001 (0.38ms)
Session completed with aggregator-001
[2025-12-10 08:02:44] Meter 195: Generated 3.588 kWh (encrypted: 334391 bytes, 4.443 ms)
[2025-12-10 08:03:04] Meter 195: Generated 4.910 kWh (encrypted: 334473 bytes, 4.617 ms)
[2025-12-10 08:03:24] Meter 195: Generated 2.644 kWh (encrypted: 334118 bytes, 4.748 ms)
[2025-12-10 08:03:36] NETWORK INFO: Server authentication successful for node: aggregator-001
✓ Aggregator connected: aggregator-001 from 127.0.0.1
✓ Sent 334118 bytes to aggregator-001 (0.38ms)
Session completed with aggregator-001
[2025-12-10 08:03:44] Meter 195: Generated 6.085 kWh (encrypted: 334074 bytes, 4.654 ms)
[2025-12-10 08:04:04] Meter 195: Generated 1.522 kWh (encrypted: 334072 bytes, 4.596 ms)
[2025-12-10 08:04:24] Meter 195: Generated 6.336 kWh (encrypted: 334355 bytes, 4.304 ms)
[2025-12-10 08:04:39] NETWORK INFO: Server authentication successful for node: aggregator-001
✓ Aggregator connected: aggregator-001 from 127.0.0.1
✓ Sent 334355 bytes to aggregator-001 (0.42ms)
Session completed with aggregator-001
[2025-12-10 08:04:44] Meter 195: Generated 5.697 kWh (encrypted: 334401 bytes, 4.566 ms)
[2025-12-10 08:05:04] Meter 195: Generated 5.067 kWh (encrypted: 334197 bytes, 4.429 ms)
[2025-12-10 08:05:24] Meter 195: Generated 4.822 kWh (encrypted: 334213 bytes, 12.912 ms)
[2025-12-10 08:05:44] Meter 195: Generated 3.199 kWh (encrypted: 334401 bytes, 4.796 ms)
[2025-12-10 08:05:44] NETWORK INFO: Server authentication successful for node: aggregator-001
✓ Aggregator connected: aggregator-001 from 127.0.0.1
✓ Sent 334401 bytes to aggregator-001 (34.10ms)
Session completed with aggregator-001
[2025-12-10 08:06:04] Meter 195: Generated 5.725 kWh (encrypted: 334085 bytes, 4.724 ms)
[2025-12-10 08:06:24] Meter 195: Generated 5.663 kWh (encrypted: 334306 bytes, 5.881 ms)
[2025-12-10 08:06:44] Meter 195: Generated 3.682 kWh (encrypted: 334167 bytes, 6.499 ms)
[2025-12-10 08:06:50] NETWORK INFO: Server authentication successful for node: aggregator-001
✓ Aggregator connected: aggregator-001 from 127.0.0.1
✓ Sent 334167 bytes to aggregator-001 (22.73ms)
Session completed with aggregator-001
[2025-12-10 08:07:04] Meter 195: Generated 3.718 kWh (encrypted: 334330 bytes, 6.643 ms)
[2025-12-10 08:07:24] Meter 195: Generated 2.750 kWh (encrypted: 334326 bytes, 9.002 ms)
[2025-12-10 08:07:44] Meter 195: Generated 1.122 kWh (encrypted: 334333 bytes, 6.605 ms)
[2025-12-10 08:07:56] NETWORK INFO: Server authentication successful for node: aggregator-001
✓ Aggregator connected: aggregator-001 from 127.0.0.1
✓ Sent 334333 bytes to aggregator-001 (0.35ms)
Session completed with aggregator-001
[2025-12-10 08:08:04] Meter 195: Generated 2.733 kWh (encrypted: 334168 bytes, 4.605 ms)
[2025-12-10 08:08:24] Meter 195: Generated 1.445 kWh (encrypted: 334420 bytes, 6.262 ms)
[2025-12-10 08:08:44] Meter 195: Generated 2.448 kWh (encrypted: 334261 bytes, 5.893 ms)
[2025-12-10 08:09:01] NETWORK INFO: Server authentication successful for node: aggregator-001
✓ Aggregator connected: aggregator-001 from 127.0.0.1
✓ Sent 334261 bytes to aggregator-001 (0.35ms)
Session completed with aggregator-001
[2025-12-10 08:09:04] Meter 195: Generated 3.477 kWh (encrypted: 334216 bytes, 4.858 ms)
[2025-12-10 08:09:24] Meter 195: Generated 4.142 kWh (encrypted: 334159 bytes, 28.756 ms)
[2025-12-10 08:09:44] Meter 195: Generated 3.196 kWh (encrypted: 334332 bytes, 4.965 ms)
[2025-12-10 08:10:04] Meter 195: Generated 3.444 kWh (encrypted: 334359 bytes, 12.832 ms)
[2025-12-10 08:10:06] NETWORK INFO: Server authentication successful for node: aggregator-001
✓ Aggregator connected: aggregator-001 from 127.0.0.1
✓ Sent 334359 bytes to aggregator-001 (0.36ms)
Session completed with aggregator-001
[2025-12-10 08:10:24] Meter 195: Generated 1.859 kWh (encrypted: 334073 bytes, 4.360 ms)
[2025-12-10 08:10:44] Meter 195: Generated 4.334 kWh (encrypted: 334412 bytes, 5.120 ms)
[2025-12-10 08:11:04] Meter 195: Generated 5.455 kWh (encrypted: 334208 bytes, 5.173 ms)
[2025-12-10 08:11:12] NETWORK INFO: Server authentication successful for node: aggregator-001
✓ Aggregator connected: aggregator-001 from 127.0.0.1
✓ Sent 334208 bytes to aggregator-001 (0.40ms)
Session completed with aggregator-001
[2025-12-10 08:11:24] Meter 195: Generated 3.275 kWh (encrypted: 333427 bytes, 12.450 ms)
[2025-12-10 08:11:44] Meter 195: Generated 5.342 kWh (encrypted: 334400 bytes, 7.191 ms)
[2025-12-10 08:12:04] Meter 195: Generated 3.017 kWh (encrypted: 334132 bytes, 6.729 ms)
[2025-12-10 08:12:17] NETWORK INFO: Server authentication successful for node: aggregator-001
✓ Aggregator connected: aggregator-001 from 127.0.0.1
✓ Sent 334132 bytes to aggregator-001 (0.37ms)
Session completed with aggregator-001
[2025-12-10 08:12:24] Meter 195: Generated 4.781 kWh (encrypted: 334187 bytes, 6.420 ms)

Received shutdown signal. Gracefully shutting down smart meter...
Network server thread stopped
Data generation thread stopped
Smart meter 195 shutdown complete
