=== Continuous Smart Meter Server 377 ===
Initializing for continuous operation...
SEAL context initialized
Loaded certificate: smart-meter-377
Requesting public keys from KDC...
[2025-12-10 08:02:50] NETWORK ERROR: Failed to connect to 127.0.0.1:8444: Connection refused
Error: Failed to connect to KDC at 127.0.0.1:8444
Error: Failed to send key request to KDC
Failed to obtain keys from KDC, falling back to file keys
Loaded keys from fallback files
Cryptographic components initialized
[2025-12-10 08:02:50] NETWORK INFO: Server socket created and listening on port 9377
✓ Smart meter server ready on port 9377
Data transmission interval: 20 seconds (15x accelerated - simulates 5min)
✓ Performance metrics CSV files initialized in performance_data/
Starting continuous smart meter operation...
Press Ctrl+C to stop gracefully
Data generation thread started
Network server thread started on port 9377
[2025-12-10 08:03:10] Meter 377: Generated 7.441 kWh (encrypted: 334461 bytes, 9.675 ms)
[2025-12-10 08:03:30] Meter 377: Generated 2.312 kWh (encrypted: 334155 bytes, 5.771 ms)
[2025-12-10 08:03:36] NETWORK INFO: Server authentication successful for node: aggregator-001
✓ Aggregator connected: aggregator-001 from 127.0.0.1
✓ Sent 334155 bytes to aggregator-001 (0.72ms)
Session completed with aggregator-001
[2025-12-10 08:03:50] Meter 377: Generated 5.893 kWh (encrypted: 334282 bytes, 5.799 ms)
[2025-12-10 08:04:10] Meter 377: Generated 4.570 kWh (encrypted: 334270 bytes, 5.532 ms)
[2025-12-10 08:04:30] Meter 377: Generated 6.607 kWh (encrypted: 334322 bytes, 5.492 ms)
[2025-12-10 08:04:40] NETWORK INFO: Server authentication successful for node: aggregator-001
✓ Aggregator connected: aggregator-001 from 127.0.0.1
✓ Sent 334322 bytes to aggregator-001 (3.65ms)
Session completed with aggregator-001
[2025-12-10 08:04:50] Meter 377: Generated 2.680 kWh (encrypted: 334233 bytes, 6.082 ms)
[2025-12-10 08:05:10] Meter 377: Generated 1.175 kWh (encrypted: 334383 bytes, 5.138 ms)
[2025-12-10 08:05:30] Meter 377: Generated 6.988 kWh (encrypted: 334378 bytes, 4.878 ms)
[2025-12-10 08:05:44] NETWORK INFO: Server authentication successful for node: aggregator-001
✓ Aggregator connected: aggregator-001 from 127.0.0.1
✓ Sent 334378 bytes to aggregator-001 (0.35ms)
Session completed with aggregator-001
[2025-12-10 08:05:50] Meter 377: Generated 3.758 kWh (encrypted: 334289 bytes, 4.323 ms)
[2025-12-10 08:06:10] Meter 377: Generated 2.385 kWh (encrypted: 333614 bytes, 6.498 ms)
[2025-12-10 08:06:30] Meter 377: Generated 2.181 kWh (encrypted: 334344 bytes, 4.648 ms)
[2025-12-10 08:06:50] Meter 377: Generated 5.877 kWh (encrypted: 334340 bytes, 4.744 ms)
[2025-12-10 08:06:50] NETWORK INFO: Server authentication successful for node: aggregator-001
✓ Aggregator connected: aggregator-001 from 127.0.0.1
✓ Sent 334340 bytes to aggregator-001 (2.16ms)
Session completed with aggregator-001
[2025-12-10 08:07:10] Meter 377: Generated 2.474 kWh (encrypted: 334158 bytes, 4.407 ms)
[2025-12-10 08:07:30] Meter 377: Generated 0.736 kWh (encrypted: 334278 bytes, 4.625 ms)
[2025-12-10 08:07:50] Meter 377: Generated 3.873 kWh (encrypted: 334385 bytes, 4.373 ms)
[2025-12-10 08:07:56] NETWORK INFO: Server authentication successful for node: aggregator-001
✓ Aggregator connected: aggregator-001 from 127.0.0.1
✓ Sent 334385 bytes to aggregator-001 (0.37ms)
Session completed with aggregator-001
[2025-12-10 08:08:10] Meter 377: Generated 6.478 kWh (encrypted: 334258 bytes, 4.501 ms)
[2025-12-10 08:08:30] Meter 377: Generated 5.916 kWh (encrypted: 334069 bytes, 4.388 ms)
[2025-12-10 08:08:50] Meter 377: Generated 2.360 kWh (encrypted: 334425 bytes, 12.000 ms)
[2025-12-10 08:09:01] NETWORK INFO: Server authentication successful for node: aggregator-001
✓ Aggregator connected: aggregator-001 from 127.0.0.1
✓ Sent 334425 bytes to aggregator-001 (0.42ms)
Session completed with aggregator-001
[2025-12-10 08:09:10] Meter 377: Generated 2.772 kWh (encrypted: 334180 bytes, 4.487 ms)
[2025-12-10 08:09:30] Meter 377: Generated 2.164 kWh (encrypted: 334272 bytes, 5.281 ms)
[2025-12-10 08:09:50] Meter 377: Generated 4.092 kWh (encrypted: 334364 bytes, 5.691 ms)
[2025-12-10 08:10:06] NETWORK INFO: Server authentication successful for node: aggregator-001
✓ Aggregator connected: aggregator-001 from 127.0.0.1
✓ Sent 334364 bytes to aggregator-001 (0.38ms)
Session completed with aggregator-001
[2025-12-10 08:10:10] Meter 377: Generated 6.730 kWh (encrypted: 334302 bytes, 6.891 ms)
[2025-12-10 08:10:30] Meter 377: Generated 2.150 kWh (encrypted: 334282 bytes, 5.120 ms)
[2025-12-10 08:10:50] Meter 377: Generated 3.363 kWh (encrypted: 334280 bytes, 4.966 ms)
[2025-12-10 08:11:10] Meter 377: Generated 7.185 kWh (encrypted: 334279 bytes, 6.446 ms)
[2025-12-10 08:11:12] NETWORK INFO: Server authentication successful for node: aggregator-001
✓ Aggregator connected: aggregator-001 from 127.0.0.1
✓ Sent 334279 bytes to aggregator-001 (0.36ms)
Session completed with aggregator-001
[2025-12-10 08:11:30] Meter 377: Generated 4.198 kWh (encrypted: 334579 bytes, 7.105 ms)
[2025-12-10 08:11:50] Meter 377: Generated 3.632 kWh (encrypted: 334250 bytes, 7.574 ms)
[2025-12-10 08:12:10] Meter 377: Generated 5.968 kWh (encrypted: 334382 bytes, 6.157 ms)
[2025-12-10 08:12:17] NETWORK INFO: Server authentication successful for node: aggregator-001
✓ Aggregator connected: aggregator-001 from 127.0.0.1
✓ Sent 334382 bytes to aggregator-001 (0.38ms)
Session completed with aggregator-001
[2025-12-10 08:12:30] Meter 377: Generated 2.863 kWh (encrypted: 334387 bytes, 4.665 ms)

Received shutdown signal. Gracefully shutting down smart meter...
Network server thread stopped
Data generation thread stopped
Smart meter 377 shutdown complete
