=== Continuous Smart Meter Server 222 ===
Initializing for continuous operation...
SEAL context initialized
Loaded certificate: smart-meter-222
Requesting public keys from KDC...
[2025-12-10 07:59:37] NETWORK ERROR: Failed to connect to 127.0.0.1:8444: Connection refused
Error: Failed to connect to KDC at 127.0.0.1:8444
Error: Failed to send key request to KDC
Failed to obtain keys from KDC, falling back to file keys
Loaded keys from fallback files
Cryptographic components initialized
[2025-12-10 07:59:37] NETWORK INFO: Server socket created and listening on port 9222
✓ Smart meter server ready on port 9222
Data transmission interval: 20 seconds (15x accelerated - simulates 5min)
✓ Performance metrics CSV files initialized in performance_data/
Starting continuous smart meter operation...
Press Ctrl+C to stop gracefully
Data generation thread started
Network server thread started on port 9222
[2025-12-10 07:59:57] Meter 222: Generated 5.456 kWh (encrypted: 334083 bytes, 4.878 ms)
[2025-12-10 08:00:17] Meter 222: Generated 4.213 kWh (encrypted: 334136 bytes, 4.300 ms)
[2025-12-10 08:00:28] NETWORK INFO: Server authentication successful for node: aggregator-001
✓ Aggregator connected: aggregator-001 from 127.0.0.1
✓ Sent 334136 bytes to aggregator-001 (34.97ms)
Session completed with aggregator-001
[2025-12-10 08:00:37] Meter 222: Generated 2.229 kWh (encrypted: 334197 bytes, 4.680 ms)
[2025-12-10 08:00:57] Meter 222: Generated 5.837 kWh (encrypted: 334055 bytes, 4.471 ms)
[2025-12-10 08:01:17] Meter 222: Generated 3.525 kWh (encrypted: 334271 bytes, 4.317 ms)
[2025-12-10 08:01:31] NETWORK INFO: Server authentication successful for node: aggregator-001
✓ Aggregator connected: aggregator-001 from 127.0.0.1
✓ Sent 334271 bytes to aggregator-001 (0.41ms)
Session completed with aggregator-001
[2025-12-10 08:01:37] Meter 222: Generated 3.142 kWh (encrypted: 334170 bytes, 4.405 ms)
[2025-12-10 08:01:57] Meter 222: Generated 5.026 kWh (encrypted: 334209 bytes, 8.139 ms)
[2025-12-10 08:02:17] Meter 222: Generated 6.064 kWh (encrypted: 334487 bytes, 4.823 ms)
[2025-12-10 08:02:33] NETWORK INFO: Server authentication successful for node: aggregator-001
✓ Aggregator connected: aggregator-001 from 127.0.0.1
✓ Sent 334487 bytes to aggregator-001 (9.79ms)
Session completed with aggregator-001
[2025-12-10 08:02:37] Meter 222: Generated 4.884 kWh (encrypted: 334201 bytes, 12.422 ms)
[2025-12-10 08:02:57] Meter 222: Generated 1.159 kWh (encrypted: 334109 bytes, 6.459 ms)
[2025-12-10 08:03:17] Meter 222: Generated 4.539 kWh (encrypted: 334257 bytes, 4.865 ms)
[2025-12-10 08:03:36] NETWORK INFO: Server authentication successful for node: aggregator-001
✓ Aggregator connected: aggregator-001 from 127.0.0.1
✓ Sent 334257 bytes to aggregator-001 (12.79ms)
Session completed with aggregator-001
[2025-12-10 08:03:37] Meter 222: Generated 1.514 kWh (encrypted: 334422 bytes, 4.828 ms)
[2025-12-10 08:03:57] Meter 222: Generated 0.874 kWh (encrypted: 334386 bytes, 4.289 ms)
[2025-12-10 08:04:17] Meter 222: Generated 2.856 kWh (encrypted: 334148 bytes, 9.986 ms)
[2025-12-10 08:04:37] Meter 222: Generated 4.252 kWh (encrypted: 334421 bytes, 4.954 ms)
[2025-12-10 08:04:39] NETWORK INFO: Server authentication successful for node: aggregator-001
✓ Aggregator connected: aggregator-001 from 127.0.0.1
✓ Sent 334421 bytes to aggregator-001 (0.36ms)
Session completed with aggregator-001
[2025-12-10 08:04:57] Meter 222: Generated 3.816 kWh (encrypted: 334067 bytes, 5.834 ms)
[2025-12-10 08:05:17] Meter 222: Generated 4.228 kWh (encrypted: 334215 bytes, 5.824 ms)
[2025-12-10 08:05:37] Meter 222: Generated 4.385 kWh (encrypted: 333960 bytes, 6.421 ms)
[2025-12-10 08:05:44] NETWORK INFO: Server authentication successful for node: aggregator-001
✓ Aggregator connected: aggregator-001 from 127.0.0.1
✓ Sent 333960 bytes to aggregator-001 (0.37ms)
Session completed with aggregator-001
[2025-12-10 08:05:57] Meter 222: Generated 3.887 kWh (encrypted: 334403 bytes, 5.539 ms)
[2025-12-10 08:06:17] Meter 222: Generated 0.972 kWh (encrypted: 334231 bytes, 4.691 ms)
[2025-12-10 08:06:37] Meter 222: Generated 3.498 kWh (encrypted: 334365 bytes, 5.361 ms)
[2025-12-10 08:06:50] NETWORK INFO: Server authentication successful for node: aggregator-001
✓ Aggregator connected: aggregator-001 from 127.0.0.1
✓ Sent 334365 bytes to aggregator-001 (47.38ms)
Session completed with aggregator-001
[2025-12-10 08:06:57] Meter 222: Generated 7.002 kWh (encrypted: 334080 bytes, 6.549 ms)
[2025-12-10 08:07:17] Meter 222: Generated 2.325 kWh (encrypted: 334173 bytes, 7.836 ms)
[2025-12-10 08:07:37] Meter 222: Generated 5.176 kWh (encrypted: 334044 bytes, 4.357 ms)
[2025-12-10 08:07:55] NETWORK INFO: Server authentication successful for node: aggregator-001
✓ Aggregator connected: aggregator-001 from 127.0.0.1
✓ Sent 334044 bytes to aggregator-001 (1.10ms)
Session completed with aggregator-001
[2025-12-10 08:07:57] Meter 222: Generated 2.361 kWh (encrypted: 334441 bytes, 6.387 ms)
[2025-12-10 08:08:17] Meter 222: Generated 7.206 kWh (encrypted: 334350 bytes, 5.167 ms)
[2025-12-10 08:08:37] Meter 222: Generated 1.450 kWh (encrypted: 334126 bytes, 4.693 ms)
[2025-12-10 08:08:57] Meter 222: Generated 6.980 kWh (encrypted: 334150 bytes, 6.750 ms)
[2025-12-10 08:09:01] NETWORK INFO: Server authentication successful for node: aggregator-001
✓ Aggregator connected: aggregator-001 from 127.0.0.1
✓ Sent 334150 bytes to aggregator-001 (3.95ms)
Session completed with aggregator-001
[2025-12-10 08:09:17] Meter 222: Generated 1.227 kWh (encrypted: 334037 bytes, 4.545 ms)
[2025-12-10 08:09:37] Meter 222: Generated 1.556 kWh (encrypted: 334182 bytes, 6.604 ms)
[2025-12-10 08:09:57] Meter 222: Generated 5.454 kWh (encrypted: 334118 bytes, 4.384 ms)
[2025-12-10 08:10:06] NETWORK INFO: Server authentication successful for node: aggregator-001
✓ Aggregator connected: aggregator-001 from 127.0.0.1
✓ Sent 334118 bytes to aggregator-001 (0.38ms)
Session completed with aggregator-001
[2025-12-10 08:10:17] Meter 222: Generated 5.180 kWh (encrypted: 334386 bytes, 17.270 ms)
[2025-12-10 08:10:37] Meter 222: Generated 3.271 kWh (encrypted: 334175 bytes, 7.365 ms)
[2025-12-10 08:10:57] Meter 222: Generated 3.379 kWh (encrypted: 333934 bytes, 4.660 ms)
[2025-12-10 08:11:12] NETWORK INFO: Server authentication successful for node: aggregator-001
✓ Aggregator connected: aggregator-001 from 127.0.0.1
✓ Sent 333934 bytes to aggregator-001 (0.43ms)
Session completed with aggregator-001
[2025-12-10 08:11:17] Meter 222: Generated 7.148 kWh (encrypted: 334306 bytes, 5.266 ms)
[2025-12-10 08:11:37] Meter 222: Generated 4.321 kWh (encrypted: 334103 bytes, 7.227 ms)
[2025-12-10 08:11:58] Meter 222: Generated 4.999 kWh (encrypted: 334373 bytes, 4.780 ms)
[2025-12-10 08:12:17] NETWORK INFO: Server authentication successful for node: aggregator-001
✓ Aggregator connected: aggregator-001 from 127.0.0.1
✓ Sent 334373 bytes to aggregator-001 (0.36ms)
Session completed with aggregator-001
[2025-12-10 08:12:18] Meter 222: Generated 5.485 kWh (encrypted: 334296 bytes, 4.397 ms)

Received shutdown signal. Gracefully shutting down smart meter...
Network server thread stopped
Data generation thread stopped
Smart meter 222 shutdown complete
