=== Continuous Smart Meter Server 461 ===
Initializing for continuous operation...
SEAL context initialized
Loaded certificate: smart-meter-461
Requesting public keys from KDC...
[2025-12-10 08:04:36] NETWORK ERROR: Failed to connect to 127.0.0.1:8444: Connection refused
Error: Failed to connect to KDC at 127.0.0.1:8444
Error: Failed to send key request to KDC
Failed to obtain keys from KDC, falling back to file keys
Loaded keys from fallback files
Cryptographic components initialized
[2025-12-10 08:04:36] NETWORK INFO: Server socket created and listening on port 9461
✓ Smart meter server ready on port 9461
Data transmission interval: 20 seconds (15x accelerated - simulates 5min)
✓ Performance metrics CSV files initialized in performance_data/
Starting continuous smart meter operation...
Press Ctrl+C to stop gracefully
Network server thread started on port 9461
Data generation thread started
[2025-12-10 08:04:40] NETWORK INFO: Server authentication successful for node: aggregator-001
✓ Aggregator connected: aggregator-001 from 127.0.0.1
[2025-12-10 08:04:56] Meter 461: Generated 6.718 kWh (encrypted: 334385 bytes, 6.431 ms)
✓ Sent 334385 bytes to aggregator-001 (0.85ms)
Session completed with aggregator-001
[2025-12-10 08:05:16] Meter 461: Generated 6.420 kWh (encrypted: 334349 bytes, 4.944 ms)
[2025-12-10 08:05:36] Meter 461: Generated 3.020 kWh (encrypted: 334415 bytes, 4.842 ms)
[2025-12-10 08:05:44] NETWORK INFO: Server authentication successful for node: aggregator-001
✓ Aggregator connected: aggregator-001 from 127.0.0.1
✓ Sent 334415 bytes to aggregator-001 (0.34ms)
Session completed with aggregator-001
[2025-12-10 08:05:56] Meter 461: Generated 3.485 kWh (encrypted: 334309 bytes, 4.598 ms)
[2025-12-10 08:06:16] Meter 461: Generated 3.316 kWh (encrypted: 334315 bytes, 6.928 ms)
[2025-12-10 08:06:36] Meter 461: Generated 2.328 kWh (encrypted: 334359 bytes, 4.679 ms)
[2025-12-10 08:06:50] NETWORK INFO: Server authentication successful for node: aggregator-001
✓ Aggregator connected: aggregator-001 from 127.0.0.1
✓ Sent 334359 bytes to aggregator-001 (0.34ms)
Session completed with aggregator-001
[2025-12-10 08:06:56] Meter 461: Generated 5.863 kWh (encrypted: 334324 bytes, 4.835 ms)
[2025-12-10 08:07:16] Meter 461: Generated 4.179 kWh (encrypted: 334053 bytes, 6.309 ms)
[2025-12-10 08:07:36] Meter 461: Generated 4.262 kWh (encrypted: 334007 bytes, 4.704 ms)
[2025-12-10 08:07:56] Meter 461: Generated 4.449 kWh (encrypted: 334405 bytes, 7.815 ms)
[2025-12-10 08:07:56] NETWORK INFO: Server authentication successful for node: aggregator-001
✓ Aggregator connected: aggregator-001 from 127.0.0.1
✓ Sent 334405 bytes to aggregator-001 (0.38ms)
Session completed with aggregator-001
[2025-12-10 08:08:16] Meter 461: Generated 5.626 kWh (encrypted: 334172 bytes, 6.447 ms)
[2025-12-10 08:08:36] Meter 461: Generated 3.646 kWh (encrypted: 334118 bytes, 6.090 ms)
[2025-12-10 08:08:56] Meter 461: Generated 3.794 kWh (encrypted: 334248 bytes, 4.799 ms)
[2025-12-10 08:09:01] NETWORK INFO: Server authentication successful for node: aggregator-001
✓ Aggregator connected: aggregator-001 from 127.0.0.1
✓ Sent 334248 bytes to aggregator-001 (0.38ms)
Session completed with aggregator-001
[2025-12-10 08:09:16] Meter 461: Generated 3.146 kWh (encrypted: 334393 bytes, 6.527 ms)
[2025-12-10 08:09:36] Meter 461: Generated 6.498 kWh (encrypted: 334113 bytes, 5.206 ms)
[2025-12-10 08:09:56] Meter 461: Generated 5.981 kWh (encrypted: 334340 bytes, 5.014 ms)
[2025-12-10 08:10:06] NETWORK INFO: Server authentication successful for node: aggregator-001
✓ Aggregator connected: aggregator-001 from 127.0.0.1
✓ Sent 334340 bytes to aggregator-001 (0.36ms)
Session completed with aggregator-001
[2025-12-10 08:10:16] Meter 461: Generated 6.120 kWh (encrypted: 334390 bytes, 6.354 ms)
[2025-12-10 08:10:36] Meter 461: Generated 1.521 kWh (encrypted: 334427 bytes, 4.994 ms)
[2025-12-10 08:10:56] Meter 461: Generated 4.554 kWh (encrypted: 334014 bytes, 8.855 ms)
[2025-12-10 08:11:12] NETWORK INFO: Server authentication successful for node: aggregator-001
✓ Aggregator connected: aggregator-001 from 127.0.0.1
✓ Sent 334014 bytes to aggregator-001 (0.76ms)
Session completed with aggregator-001
[2025-12-10 08:11:16] Meter 461: Generated 3.781 kWh (encrypted: 334303 bytes, 5.879 ms)
[2025-12-10 08:11:36] Meter 461: Generated 4.405 kWh (encrypted: 334462 bytes, 9.658 ms)
[2025-12-10 08:11:56] Meter 461: Generated 2.716 kWh (encrypted: 334499 bytes, 6.927 ms)
[2025-12-10 08:12:16] Meter 461: Generated 5.042 kWh (encrypted: 334323 bytes, 9.203 ms)
[2025-12-10 08:12:17] NETWORK INFO: Server authentication successful for node: aggregator-001
✓ Aggregator connected: aggregator-001 from 127.0.0.1
✓ Sent 334323 bytes to aggregator-001 (4.20ms)
Session completed with aggregator-001

Received shutdown signal. Gracefully shutting down smart meter...
Network server thread stopped
Data generation thread stopped
Smart meter 461 shutdown complete
