=== Continuous Smart Meter Server 149 ===
Initializing for continuous operation...
SEAL context initialized
Loaded certificate: smart-meter-149
Requesting public keys from KDC...
[2025-12-10 07:58:07] NETWORK ERROR: Failed to connect to 127.0.0.1:8444: Connection refused
Error: Failed to connect to KDC at 127.0.0.1:8444
Error: Failed to send key request to KDC
Failed to obtain keys from KDC, falling back to file keys
Loaded keys from fallback files
Cryptographic components initialized
[2025-12-10 07:58:07] NETWORK INFO: Server socket created and listening on port 9149
✓ Smart meter server ready on port 9149
Data transmission interval: 20 seconds (15x accelerated - simulates 5min)
✓ Performance metrics CSV files initialized in performance_data/
Starting continuous smart meter operation...
Press Ctrl+C to stop gracefully
Data generation thread started
Network server thread started on port 9149
[2025-12-10 07:58:25] NETWORK INFO: Server authentication successful for node: aggregator-001
✓ Aggregator connected: aggregator-001 from 127.0.0.1
[2025-12-10 07:58:27] Meter 149: Generated 4.675 kWh (encrypted: 334153 bytes, 5.336 ms)
✓ Sent 334153 bytes to aggregator-001 (0.97ms)
Session completed with aggregator-001
[2025-12-10 07:58:47] Meter 149: Generated 4.760 kWh (encrypted: 334391 bytes, 4.903 ms)
[2025-12-10 07:59:07] Meter 149: Generated 3.328 kWh (encrypted: 334423 bytes, 4.734 ms)
[2025-12-10 07:59:27] NETWORK INFO: Server authentication successful for node: aggregator-001
✓ Aggregator connected: aggregator-001 from 127.0.0.1
✓ Sent 334423 bytes to aggregator-001 (2.15ms)
Session completed with aggregator-001
[2025-12-10 07:59:27] Meter 149: Generated 7.458 kWh (encrypted: 334185 bytes, 6.836 ms)
[2025-12-10 07:59:47] Meter 149: Generated 0.803 kWh (encrypted: 334412 bytes, 6.776 ms)
[2025-12-10 08:00:08] Meter 149: Generated 2.325 kWh (encrypted: 334122 bytes, 5.315 ms)
[2025-12-10 08:00:28] Meter 149: Generated 2.261 kWh (encrypted: 334346 bytes, 9.225 ms)
[2025-12-10 08:00:28] NETWORK INFO: Server authentication successful for node: aggregator-001
✓ Aggregator connected: aggregator-001 from 127.0.0.1
✓ Sent 334346 bytes to aggregator-001 (8.54ms)
Session completed with aggregator-001
[2025-12-10 08:00:48] Meter 149: Generated 3.581 kWh (encrypted: 334429 bytes, 4.619 ms)
[2025-12-10 08:01:08] Meter 149: Generated 7.306 kWh (encrypted: 334386 bytes, 4.891 ms)
[2025-12-10 08:01:28] Meter 149: Generated 3.693 kWh (encrypted: 334528 bytes, 4.436 ms)
[2025-12-10 08:01:31] NETWORK INFO: Server authentication successful for node: aggregator-001
✓ Aggregator connected: aggregator-001 from 127.0.0.1
✓ Sent 334528 bytes to aggregator-001 (6.57ms)
Session completed with aggregator-001
[2025-12-10 08:01:48] Meter 149: Generated 7.285 kWh (encrypted: 334344 bytes, 4.844 ms)
[2025-12-10 08:02:08] Meter 149: Generated 2.251 kWh (encrypted: 334061 bytes, 4.782 ms)
[2025-12-10 08:02:28] Meter 149: Generated 5.736 kWh (encrypted: 334399 bytes, 6.929 ms)
[2025-12-10 08:02:33] NETWORK INFO: Server authentication successful for node: aggregator-001
✓ Aggregator connected: aggregator-001 from 127.0.0.1
✓ Sent 334399 bytes to aggregator-001 (3.42ms)
Session completed with aggregator-001
[2025-12-10 08:02:48] Meter 149: Generated 6.709 kWh (encrypted: 334304 bytes, 6.238 ms)
[2025-12-10 08:03:08] Meter 149: Generated 0.961 kWh (encrypted: 334400 bytes, 5.070 ms)
[2025-12-10 08:03:28] Meter 149: Generated 3.542 kWh (encrypted: 334347 bytes, 5.159 ms)
[2025-12-10 08:03:36] NETWORK INFO: Server authentication successful for node: aggregator-001
✓ Aggregator connected: aggregator-001 from 127.0.0.1
✓ Sent 334347 bytes to aggregator-001 (0.43ms)
Session completed with aggregator-001
[2025-12-10 08:03:48] Meter 149: Generated 6.316 kWh (encrypted: 334196 bytes, 6.292 ms)
[2025-12-10 08:04:08] Meter 149: Generated 5.510 kWh (encrypted: 333831 bytes, 4.821 ms)
[2025-12-10 08:04:28] Meter 149: Generated 1.217 kWh (encrypted: 334084 bytes, 4.560 ms)
[2025-12-10 08:04:39] NETWORK INFO: Server authentication successful for node: aggregator-001
✓ Aggregator connected: aggregator-001 from 127.0.0.1
✓ Sent 334084 bytes to aggregator-001 (6.58ms)
Session completed with aggregator-001
[2025-12-10 08:04:48] Meter 149: Generated 4.318 kWh (encrypted: 334412 bytes, 4.671 ms)
[2025-12-10 08:05:08] Meter 149: Generated 4.929 kWh (encrypted: 334462 bytes, 6.254 ms)
[2025-12-10 08:05:28] Meter 149: Generated 6.937 kWh (encrypted: 334228 bytes, 6.205 ms)
[2025-12-10 08:05:44] NETWORK INFO: Server authentication successful for node: aggregator-001
✓ Aggregator connected: aggregator-001 from 127.0.0.1
✓ Sent 334228 bytes to aggregator-001 (0.38ms)
Session completed with aggregator-001
[2025-12-10 08:05:48] Meter 149: Generated 1.045 kWh (encrypted: 334069 bytes, 4.640 ms)
[2025-12-10 08:06:08] Meter 149: Generated 7.250 kWh (encrypted: 334366 bytes, 6.468 ms)
[2025-12-10 08:06:28] Meter 149: Generated 5.685 kWh (encrypted: 334532 bytes, 4.984 ms)
[2025-12-10 08:06:48] Meter 149: Generated 5.114 kWh (encrypted: 334062 bytes, 4.598 ms)
[2025-12-10 08:06:50] NETWORK INFO: Server authentication successful for node: aggregator-001
✓ Aggregator connected: aggregator-001 from 127.0.0.1
✓ Sent 334062 bytes to aggregator-001 (0.34ms)
Session completed with aggregator-001
[2025-12-10 08:07:08] Meter 149: Generated 6.044 kWh (encrypted: 334290 bytes, 4.582 ms)
[2025-12-10 08:07:28] Meter 149: Generated 2.151 kWh (encrypted: 334350 bytes, 6.467 ms)
[2025-12-10 08:07:48] Meter 149: Generated 4.601 kWh (encrypted: 334505 bytes, 6.464 ms)
[2025-12-10 08:07:56] NETWORK INFO: Server authentication successful for node: aggregator-001
✓ Aggregator connected: aggregator-001 from 127.0.0.1
✓ Sent 334505 bytes to aggregator-001 (13.12ms)
Session completed with aggregator-001
[2025-12-10 08:08:08] Meter 149: Generated 1.836 kWh (encrypted: 334003 bytes, 4.746 ms)
[2025-12-10 08:08:28] Meter 149: Generated 5.439 kWh (encrypted: 333561 bytes, 10.282 ms)
[2025-12-10 08:08:48] Meter 149: Generated 1.411 kWh (encrypted: 334324 bytes, 4.666 ms)
[2025-12-10 08:09:01] NETWORK INFO: Server authentication successful for node: aggregator-001
✓ Aggregator connected: aggregator-001 from 127.0.0.1
✓ Sent 334324 bytes to aggregator-001 (0.85ms)
Session completed with aggregator-001
[2025-12-10 08:09:08] Meter 149: Generated 5.754 kWh (encrypted: 334390 bytes, 12.851 ms)
[2025-12-10 08:09:28] Meter 149: Generated 4.279 kWh (encrypted: 334172 bytes, 5.331 ms)
[2025-12-10 08:09:48] Meter 149: Generated 6.441 kWh (encrypted: 334348 bytes, 5.542 ms)
[2025-12-10 08:10:06] NETWORK INFO: Server authentication successful for node: aggregator-001
✓ Aggregator connected: aggregator-001 from 127.0.0.1
✓ Sent 334348 bytes to aggregator-001 (22.40ms)
Session completed with aggregator-001
[2025-12-10 08:10:08] Meter 149: Generated 7.047 kWh (encrypted: 334478 bytes, 4.768 ms)
[2025-12-10 08:10:28] Meter 149: Generated 4.156 kWh (encrypted: 333861 bytes, 7.470 ms)
[2025-12-10 08:10:48] Meter 149: Generated 4.443 kWh (encrypted: 334332 bytes, 4.817 ms)
[2025-12-10 08:11:08] Meter 149: Generated 6.420 kWh (encrypted: 333837 bytes, 5.499 ms)
[2025-12-10 08:11:12] NETWORK INFO: Server authentication successful for node: aggregator-001
✓ Aggregator connected: aggregator-001 from 127.0.0.1
✓ Sent 333837 bytes to aggregator-001 (26.48ms)
Session completed with aggregator-001
[2025-12-10 08:11:28] Meter 149: Generated 4.457 kWh (encrypted: 334233 bytes, 6.562 ms)
[2025-12-10 08:11:48] Meter 149: Generated 4.546 kWh (encrypted: 334177 bytes, 4.435 ms)
[2025-12-10 08:12:08] Meter 149: Generated 7.451 kWh (encrypted: 334177 bytes, 7.209 ms)
[2025-12-10 08:12:17] NETWORK INFO: Server authentication successful for node: aggregator-001
✓ Aggregator connected: aggregator-001 from 127.0.0.1
✓ Sent 334177 bytes to aggregator-001 (0.36ms)
Session completed with aggregator-001
[2025-12-10 08:12:28] Meter 149: Generated 4.770 kWh (encrypted: 334273 bytes, 6.495 ms)

Received shutdown signal. Gracefully shutting down smart meter...
Network server thread stopped
Data generation thread stopped
Smart meter 149 shutdown complete
