=== Continuous Smart Meter Server 480 ===
Initializing for continuous operation...
SEAL context initialized
Loaded certificate: smart-meter-480
Requesting public keys from KDC...
[2025-12-10 08:05:00] NETWORK ERROR: Failed to connect to 127.0.0.1:8444: Connection refused
Error: Failed to connect to KDC at 127.0.0.1:8444
Error: Failed to send key request to KDC
Failed to obtain keys from KDC, falling back to file keys
Loaded keys from fallback files
Cryptographic components initialized
[2025-12-10 08:05:00] NETWORK INFO: Server socket created and listening on port 9480
✓ Smart meter server ready on port 9480
Data transmission interval: 20 seconds (15x accelerated - simulates 5min)
✓ Performance metrics CSV files initialized in performance_data/
Starting continuous smart meter operation...
Press Ctrl+C to stop gracefully
Data generation thread started
Network server thread started on port 9480
[2025-12-10 08:05:20] Meter 480: Generated 1.986 kWh (encrypted: 334297 bytes, 5.446 ms)
[2025-12-10 08:05:40] Meter 480: Generated 2.632 kWh (encrypted: 334329 bytes, 4.531 ms)
[2025-12-10 08:05:44] NETWORK INFO: Server authentication successful for node: aggregator-001
✓ Aggregator connected: aggregator-001 from 127.0.0.1
✓ Sent 334329 bytes to aggregator-001 (4.95ms)
Session completed with aggregator-001
[2025-12-10 08:06:00] Meter 480: Generated 7.015 kWh (encrypted: 334056 bytes, 4.739 ms)
[2025-12-10 08:06:20] Meter 480: Generated 1.801 kWh (encrypted: 334357 bytes, 5.814 ms)
[2025-12-10 08:06:40] Meter 480: Generated 3.915 kWh (encrypted: 334405 bytes, 4.629 ms)
[2025-12-10 08:06:50] NETWORK INFO: Server authentication successful for node: aggregator-001
✓ Aggregator connected: aggregator-001 from 127.0.0.1
✓ Sent 334405 bytes to aggregator-001 (0.35ms)
Session completed with aggregator-001
[2025-12-10 08:07:00] Meter 480: Generated 7.416 kWh (encrypted: 334103 bytes, 4.529 ms)
[2025-12-10 08:07:20] Meter 480: Generated 5.795 kWh (encrypted: 334174 bytes, 8.628 ms)
[2025-12-10 08:07:40] Meter 480: Generated 3.178 kWh (encrypted: 334007 bytes, 4.720 ms)
[2025-12-10 08:07:56] NETWORK INFO: Server authentication successful for node: aggregator-001
✓ Aggregator connected: aggregator-001 from 127.0.0.1
✓ Sent 334007 bytes to aggregator-001 (0.54ms)
Session completed with aggregator-001
[2025-12-10 08:08:00] Meter 480: Generated 1.852 kWh (encrypted: 334403 bytes, 4.535 ms)
[2025-12-10 08:08:20] Meter 480: Generated 1.214 kWh (encrypted: 334428 bytes, 6.499 ms)
[2025-12-10 08:08:40] Meter 480: Generated 5.064 kWh (encrypted: 334376 bytes, 6.533 ms)
[2025-12-10 08:09:00] Meter 480: Generated 2.423 kWh (encrypted: 334411 bytes, 4.823 ms)
[2025-12-10 08:09:01] NETWORK INFO: Server authentication successful for node: aggregator-001
✓ Aggregator connected: aggregator-001 from 127.0.0.1
✓ Sent 334411 bytes to aggregator-001 (0.37ms)
Session completed with aggregator-001
[2025-12-10 08:09:20] Meter 480: Generated 4.377 kWh (encrypted: 334040 bytes, 6.077 ms)
[2025-12-10 08:09:40] Meter 480: Generated 5.186 kWh (encrypted: 334457 bytes, 4.871 ms)
[2025-12-10 08:10:00] Meter 480: Generated 4.136 kWh (encrypted: 334046 bytes, 6.321 ms)
[2025-12-10 08:10:06] NETWORK INFO: Server authentication successful for node: aggregator-001
✓ Aggregator connected: aggregator-001 from 127.0.0.1
✓ Sent 334046 bytes to aggregator-001 (0.37ms)
Session completed with aggregator-001
[2025-12-10 08:10:20] Meter 480: Generated 3.464 kWh (encrypted: 334291 bytes, 6.494 ms)
[2025-12-10 08:10:40] Meter 480: Generated 5.859 kWh (encrypted: 334312 bytes, 6.470 ms)
[2025-12-10 08:11:00] Meter 480: Generated 3.793 kWh (encrypted: 334089 bytes, 6.595 ms)
[2025-12-10 08:11:12] NETWORK INFO: Server authentication successful for node: aggregator-001
✓ Aggregator connected: aggregator-001 from 127.0.0.1
✓ Sent 334089 bytes to aggregator-001 (0.39ms)
Session completed with aggregator-001
[2025-12-10 08:11:20] Meter 480: Generated 3.027 kWh (encrypted: 334463 bytes, 4.834 ms)
[2025-12-10 08:11:40] Meter 480: Generated 5.420 kWh (encrypted: 334122 bytes, 4.949 ms)
[2025-12-10 08:12:00] Meter 480: Generated 5.037 kWh (encrypted: 334396 bytes, 4.745 ms)
[2025-12-10 08:12:17] NETWORK INFO: Server authentication successful for node: aggregator-001
✓ Aggregator connected: aggregator-001 from 127.0.0.1
✓ Sent 334396 bytes to aggregator-001 (0.66ms)
Session completed with aggregator-001
[2025-12-10 08:12:20] Meter 480: Generated 7.019 kWh (encrypted: 334191 bytes, 6.502 ms)

Received shutdown signal. Gracefully shutting down smart meter...
Network server thread stopped
Data generation thread stopped
Smart meter 480 shutdown complete
