=== Continuous Smart Meter Server 202 ===
Initializing for continuous operation...
SEAL context initialized
Loaded certificate: smart-meter-202
Requesting public keys from KDC...
[2025-12-10 07:59:13] NETWORK ERROR: Failed to connect to 127.0.0.1:8444: Connection refused
Error: Failed to connect to KDC at 127.0.0.1:8444
Error: Failed to send key request to KDC
Failed to obtain keys from KDC, falling back to file keys
Loaded keys from fallback files
Cryptographic components initialized
[2025-12-10 07:59:13] NETWORK INFO: Server socket created and listening on port 9202
✓ Smart meter server ready on port 9202
Data transmission interval: 20 seconds (15x accelerated - simulates 5min)
✓ Performance metrics CSV files initialized in performance_data/
Starting continuous smart meter operation...
Press Ctrl+C to stop gracefully
Data generation thread started
Network server thread started on port 9202
[2025-12-10 07:59:26] NETWORK INFO: Server authentication successful for node: aggregator-001
✓ Aggregator connected: aggregator-001 from 127.0.0.1
[2025-12-10 07:59:33] Meter 202: Generated 5.885 kWh (encrypted: 334342 bytes, 5.325 ms)
✓ Sent 334342 bytes to aggregator-001 (0.72ms)
Session completed with aggregator-001
[2025-12-10 07:59:53] Meter 202: Generated 3.761 kWh (encrypted: 334314 bytes, 4.595 ms)
[2025-12-10 08:00:13] Meter 202: Generated 4.149 kWh (encrypted: 334095 bytes, 6.844 ms)
[2025-12-10 08:00:28] NETWORK INFO: Server authentication successful for node: aggregator-001
✓ Aggregator connected: aggregator-001 from 127.0.0.1
✓ Sent 334095 bytes to aggregator-001 (0.39ms)
Session completed with aggregator-001
[2025-12-10 08:00:33] Meter 202: Generated 5.804 kWh (encrypted: 334290 bytes, 5.064 ms)
[2025-12-10 08:00:53] Meter 202: Generated 2.186 kWh (encrypted: 334414 bytes, 4.889 ms)
[2025-12-10 08:01:13] Meter 202: Generated 1.005 kWh (encrypted: 333977 bytes, 4.350 ms)
[2025-12-10 08:01:31] NETWORK INFO: Server authentication successful for node: aggregator-001
✓ Aggregator connected: aggregator-001 from 127.0.0.1
✓ Sent 333977 bytes to aggregator-001 (0.37ms)
Session completed with aggregator-001
[2025-12-10 08:01:33] Meter 202: Generated 7.240 kWh (encrypted: 334220 bytes, 4.669 ms)
[2025-12-10 08:01:53] Meter 202: Generated 7.574 kWh (encrypted: 334519 bytes, 5.072 ms)
[2025-12-10 08:02:13] Meter 202: Generated 2.938 kWh (encrypted: 334299 bytes, 4.620 ms)
[2025-12-10 08:02:33] Meter 202: Generated 3.341 kWh (encrypted: 334514 bytes, 4.717 ms)
[2025-12-10 08:02:33] NETWORK INFO: Server authentication successful for node: aggregator-001
✓ Aggregator connected: aggregator-001 from 127.0.0.1
✓ Sent 334514 bytes to aggregator-001 (0.33ms)
Session completed with aggregator-001
[2025-12-10 08:02:53] Meter 202: Generated 3.694 kWh (encrypted: 334316 bytes, 4.843 ms)
[2025-12-10 08:03:13] Meter 202: Generated 5.586 kWh (encrypted: 334188 bytes, 6.600 ms)
[2025-12-10 08:03:33] Meter 202: Generated 5.533 kWh (encrypted: 334386 bytes, 5.030 ms)
[2025-12-10 08:03:36] NETWORK INFO: Server authentication successful for node: aggregator-001
✓ Aggregator connected: aggregator-001 from 127.0.0.1
✓ Sent 334386 bytes to aggregator-001 (0.43ms)
Session completed with aggregator-001
[2025-12-10 08:03:53] Meter 202: Generated 2.496 kWh (encrypted: 334046 bytes, 5.116 ms)
[2025-12-10 08:04:13] Meter 202: Generated 3.830 kWh (encrypted: 334369 bytes, 4.575 ms)
[2025-12-10 08:04:33] Meter 202: Generated 2.037 kWh (encrypted: 334403 bytes, 9.096 ms)
[2025-12-10 08:04:39] NETWORK INFO: Server authentication successful for node: aggregator-001
✓ Aggregator connected: aggregator-001 from 127.0.0.1
✓ Sent 334403 bytes to aggregator-001 (0.36ms)
Session completed with aggregator-001
[2025-12-10 08:04:53] Meter 202: Generated 2.205 kWh (encrypted: 334439 bytes, 4.911 ms)
[2025-12-10 08:05:13] Meter 202: Generated 7.434 kWh (encrypted: 334404 bytes, 4.734 ms)
[2025-12-10 08:05:33] Meter 202: Generated 1.966 kWh (encrypted: 334412 bytes, 4.287 ms)
[2025-12-10 08:05:44] NETWORK INFO: Server authentication successful for node: aggregator-001
✓ Aggregator connected: aggregator-001 from 127.0.0.1
✓ Sent 334412 bytes to aggregator-001 (0.42ms)
Session completed with aggregator-001
[2025-12-10 08:05:53] Meter 202: Generated 4.942 kWh (encrypted: 334275 bytes, 4.580 ms)
[2025-12-10 08:06:13] Meter 202: Generated 1.701 kWh (encrypted: 334375 bytes, 6.470 ms)
[2025-12-10 08:06:33] Meter 202: Generated 6.347 kWh (encrypted: 334372 bytes, 5.053 ms)
[2025-12-10 08:06:50] NETWORK INFO: Server authentication successful for node: aggregator-001
✓ Aggregator connected: aggregator-001 from 127.0.0.1
✓ Sent 334372 bytes to aggregator-001 (0.38ms)
Session completed with aggregator-001
[2025-12-10 08:06:53] Meter 202: Generated 4.142 kWh (encrypted: 334491 bytes, 4.610 ms)
[2025-12-10 08:07:13] Meter 202: Generated 2.323 kWh (encrypted: 334133 bytes, 4.418 ms)
[2025-12-10 08:07:33] Meter 202: Generated 6.770 kWh (encrypted: 334437 bytes, 13.255 ms)
[2025-12-10 08:07:53] Meter 202: Generated 7.088 kWh (encrypted: 334121 bytes, 4.709 ms)
[2025-12-10 08:07:56] NETWORK INFO: Server authentication successful for node: aggregator-001
✓ Aggregator connected: aggregator-001 from 127.0.0.1
✓ Sent 334121 bytes to aggregator-001 (7.58ms)
Session completed with aggregator-001
[2025-12-10 08:08:13] Meter 202: Generated 5.628 kWh (encrypted: 334392 bytes, 6.464 ms)
[2025-12-10 08:08:33] Meter 202: Generated 3.385 kWh (encrypted: 333335 bytes, 6.270 ms)
[2025-12-10 08:08:53] Meter 202: Generated 3.808 kWh (encrypted: 334309 bytes, 4.649 ms)
[2025-12-10 08:09:01] NETWORK INFO: Server authentication successful for node: aggregator-001
✓ Aggregator connected: aggregator-001 from 127.0.0.1
✓ Sent 334309 bytes to aggregator-001 (0.37ms)
Session completed with aggregator-001
[2025-12-10 08:09:13] Meter 202: Generated 1.841 kWh (encrypted: 334121 bytes, 4.340 ms)
[2025-12-10 08:09:33] Meter 202: Generated 1.081 kWh (encrypted: 334383 bytes, 4.696 ms)
[2025-12-10 08:09:53] Meter 202: Generated 4.301 kWh (encrypted: 333983 bytes, 6.171 ms)
[2025-12-10 08:10:06] NETWORK INFO: Server authentication successful for node: aggregator-001
✓ Aggregator connected: aggregator-001 from 127.0.0.1
✓ Sent 333983 bytes to aggregator-001 (0.39ms)
Session completed with aggregator-001
[2025-12-10 08:10:13] Meter 202: Generated 3.646 kWh (encrypted: 334228 bytes, 5.674 ms)
[2025-12-10 08:10:33] Meter 202: Generated 4.018 kWh (encrypted: 334233 bytes, 6.394 ms)
[2025-12-10 08:10:53] Meter 202: Generated 4.024 kWh (encrypted: 334300 bytes, 4.716 ms)
[2025-12-10 08:11:12] NETWORK INFO: Server authentication successful for node: aggregator-001
✓ Aggregator connected: aggregator-001 from 127.0.0.1
✓ Sent 334300 bytes to aggregator-001 (0.38ms)
Session completed with aggregator-001
[2025-12-10 08:11:13] Meter 202: Generated 2.436 kWh (encrypted: 334031 bytes, 6.737 ms)
[2025-12-10 08:11:33] Meter 202: Generated 2.692 kWh (encrypted: 334344 bytes, 5.090 ms)
[2025-12-10 08:11:53] Meter 202: Generated 4.947 kWh (encrypted: 334284 bytes, 4.519 ms)
[2025-12-10 08:12:13] Meter 202: Generated 1.764 kWh (encrypted: 334193 bytes, 4.619 ms)
[2025-12-10 08:12:17] NETWORK INFO: Server authentication successful for node: aggregator-001
✓ Aggregator connected: aggregator-001 from 127.0.0.1
✓ Sent 334193 bytes to aggregator-001 (2.29ms)
Session completed with aggregator-001
[2025-12-10 08:12:33] Meter 202: Generated 5.116 kWh (encrypted: 334299 bytes, 5.769 ms)

Received shutdown signal. Gracefully shutting down smart meter...
Network server thread stopped
Data generation thread stopped
Smart meter 202 shutdown complete
