=== Continuous Smart Meter Server 120 ===
Initializing for continuous operation...
SEAL context initialized
Loaded certificate: smart-meter-120
Requesting public keys from KDC...
[2025-12-10 07:57:32] NETWORK ERROR: Failed to connect to 127.0.0.1:8444: Connection refused
Error: Failed to connect to KDC at 127.0.0.1:8444
Error: Failed to send key request to KDC
Failed to obtain keys from KDC, falling back to file keys
Loaded keys from fallback files
Cryptographic components initialized
[2025-12-10 07:57:32] NETWORK INFO: Server socket created and listening on port 9120
✓ Smart meter server ready on port 9120
Data transmission interval: 20 seconds (15x accelerated - simulates 5min)
✓ Performance metrics CSV files initialized in performance_data/
Starting continuous smart meter operation...
Press Ctrl+C to stop gracefully
Data generation thread started
Network server thread started on port 9120
[2025-12-10 07:57:52] Meter 120: Generated 2.087 kWh (encrypted: 334352 bytes, 5.221 ms)
[2025-12-10 07:58:12] Meter 120: Generated 5.447 kWh (encrypted: 334439 bytes, 4.497 ms)
[2025-12-10 07:58:25] NETWORK INFO: Server authentication successful for node: aggregator-001
✓ Aggregator connected: aggregator-001 from 127.0.0.1
✓ Sent 334439 bytes to aggregator-001 (0.90ms)
Session completed with aggregator-001
[2025-12-10 07:58:32] Meter 120: Generated 7.667 kWh (encrypted: 334286 bytes, 4.536 ms)
[2025-12-10 07:58:52] Meter 120: Generated 2.519 kWh (encrypted: 334553 bytes, 4.544 ms)
[2025-12-10 07:59:12] Meter 120: Generated 1.625 kWh (encrypted: 334223 bytes, 4.555 ms)
[2025-12-10 07:59:26] NETWORK INFO: Server authentication successful for node: aggregator-001
✓ Aggregator connected: aggregator-001 from 127.0.0.1
✓ Sent 334223 bytes to aggregator-001 (0.37ms)
Session completed with aggregator-001
[2025-12-10 07:59:32] Meter 120: Generated 6.068 kWh (encrypted: 334394 bytes, 4.511 ms)
[2025-12-10 07:59:52] Meter 120: Generated 1.281 kWh (encrypted: 334125 bytes, 4.425 ms)
[2025-12-10 08:00:12] Meter 120: Generated 5.651 kWh (encrypted: 334300 bytes, 4.531 ms)
[2025-12-10 08:00:28] NETWORK INFO: Server authentication successful for node: aggregator-001
✓ Aggregator connected: aggregator-001 from 127.0.0.1
✓ Sent 334300 bytes to aggregator-001 (0.35ms)
Session completed with aggregator-001
[2025-12-10 08:00:32] Meter 120: Generated 2.012 kWh (encrypted: 334314 bytes, 5.170 ms)
[2025-12-10 08:00:52] Meter 120: Generated 3.911 kWh (encrypted: 334523 bytes, 4.722 ms)
[2025-12-10 08:01:12] Meter 120: Generated 6.978 kWh (encrypted: 334290 bytes, 4.716 ms)
[2025-12-10 08:01:31] NETWORK INFO: Server authentication successful for node: aggregator-001
✓ Aggregator connected: aggregator-001 from 127.0.0.1
✓ Sent 334290 bytes to aggregator-001 (0.46ms)
Session completed with aggregator-001
[2025-12-10 08:01:32] Meter 120: Generated 7.254 kWh (encrypted: 334325 bytes, 4.427 ms)
[2025-12-10 08:01:52] Meter 120: Generated 5.817 kWh (encrypted: 334499 bytes, 4.725 ms)
[2025-12-10 08:02:12] Meter 120: Generated 2.066 kWh (encrypted: 334133 bytes, 4.647 ms)
[2025-12-10 08:02:32] Meter 120: Generated 4.322 kWh (encrypted: 334448 bytes, 4.662 ms)
[2025-12-10 08:02:33] NETWORK INFO: Server authentication successful for node: aggregator-001
✓ Aggregator connected: aggregator-001 from 127.0.0.1
✓ Sent 334448 bytes to aggregator-001 (2.63ms)
Session completed with aggregator-001
[2025-12-10 08:02:52] Meter 120: Generated 1.311 kWh (encrypted: 334283 bytes, 4.623 ms)
[2025-12-10 08:03:12] Meter 120: Generated 5.215 kWh (encrypted: 334344 bytes, 4.988 ms)
[2025-12-10 08:03:32] Meter 120: Generated 1.307 kWh (encrypted: 334099 bytes, 4.777 ms)
[2025-12-10 08:03:36] NETWORK INFO: Server authentication successful for node: aggregator-001
✓ Aggregator connected: aggregator-001 from 127.0.0.1
✓ Sent 334099 bytes to aggregator-001 (0.59ms)
Session completed with aggregator-001
[2025-12-10 08:03:52] Meter 120: Generated 3.363 kWh (encrypted: 334143 bytes, 6.421 ms)
[2025-12-10 08:04:12] Meter 120: Generated 1.055 kWh (encrypted: 334393 bytes, 6.566 ms)
[2025-12-10 08:04:32] Meter 120: Generated 4.849 kWh (encrypted: 334381 bytes, 4.967 ms)
[2025-12-10 08:04:39] NETWORK INFO: Server authentication successful for node: aggregator-001
✓ Aggregator connected: aggregator-001 from 127.0.0.1
✓ Sent 334381 bytes to aggregator-001 (0.39ms)
Session completed with aggregator-001
[2025-12-10 08:04:52] Meter 120: Generated 5.066 kWh (encrypted: 334128 bytes, 6.500 ms)
[2025-12-10 08:05:12] Meter 120: Generated 0.772 kWh (encrypted: 334142 bytes, 5.688 ms)
[2025-12-10 08:05:32] Meter 120: Generated 1.734 kWh (encrypted: 334360 bytes, 4.717 ms)
[2025-12-10 08:05:44] NETWORK INFO: Server authentication successful for node: aggregator-001
✓ Aggregator connected: aggregator-001 from 127.0.0.1
✓ Sent 334360 bytes to aggregator-001 (0.36ms)
Session completed with aggregator-001
[2025-12-10 08:05:52] Meter 120: Generated 7.470 kWh (encrypted: 334476 bytes, 4.332 ms)
[2025-12-10 08:06:12] Meter 120: Generated 3.793 kWh (encrypted: 334447 bytes, 5.621 ms)
[2025-12-10 08:06:32] Meter 120: Generated 5.039 kWh (encrypted: 334414 bytes, 6.204 ms)
[2025-12-10 08:06:50] NETWORK INFO: Server authentication successful for node: aggregator-001
✓ Aggregator connected: aggregator-001 from 127.0.0.1
✓ Sent 334414 bytes to aggregator-001 (2.06ms)
Session completed with aggregator-001
[2025-12-10 08:06:52] Meter 120: Generated 3.466 kWh (encrypted: 334265 bytes, 4.829 ms)
[2025-12-10 08:07:12] Meter 120: Generated 5.081 kWh (encrypted: 334313 bytes, 6.559 ms)
[2025-12-10 08:07:32] Meter 120: Generated 3.342 kWh (encrypted: 334408 bytes, 4.715 ms)
[2025-12-10 08:07:52] Meter 120: Generated 6.951 kWh (encrypted: 334353 bytes, 4.874 ms)
[2025-12-10 08:07:56] NETWORK INFO: Server authentication successful for node: aggregator-001
✓ Aggregator connected: aggregator-001 from 127.0.0.1
✓ Sent 334353 bytes to aggregator-001 (9.36ms)
Session completed with aggregator-001
[2025-12-10 08:08:12] Meter 120: Generated 2.393 kWh (encrypted: 334334 bytes, 4.834 ms)
[2025-12-10 08:08:32] Meter 120: Generated 4.311 kWh (encrypted: 333750 bytes, 6.683 ms)
[2025-12-10 08:08:52] Meter 120: Generated 2.231 kWh (encrypted: 334206 bytes, 5.775 ms)
[2025-12-10 08:09:01] NETWORK INFO: Server authentication successful for node: aggregator-001
✓ Aggregator connected: aggregator-001 from 127.0.0.1
✓ Sent 334206 bytes to aggregator-001 (0.35ms)
Session completed with aggregator-001
[2025-12-10 08:09:12] Meter 120: Generated 2.715 kWh (encrypted: 334463 bytes, 4.603 ms)
[2025-12-10 08:09:32] Meter 120: Generated 6.116 kWh (encrypted: 334252 bytes, 4.825 ms)
[2025-12-10 08:09:52] Meter 120: Generated 4.515 kWh (encrypted: 334443 bytes, 4.878 ms)
[2025-12-10 08:10:06] NETWORK INFO: Server authentication successful for node: aggregator-001
✓ Aggregator connected: aggregator-001 from 127.0.0.1
✓ Sent 334443 bytes to aggregator-001 (0.41ms)
Session completed with aggregator-001
[2025-12-10 08:10:12] Meter 120: Generated 5.438 kWh (encrypted: 334229 bytes, 6.080 ms)
[2025-12-10 08:10:32] Meter 120: Generated 2.284 kWh (encrypted: 334373 bytes, 4.893 ms)
[2025-12-10 08:10:52] Meter 120: Generated 2.175 kWh (encrypted: 333904 bytes, 4.822 ms)
[2025-12-10 08:11:12] NETWORK INFO: Server authentication successful for node: aggregator-001
✓ Aggregator connected: aggregator-001 from 127.0.0.1
✓ Sent 333904 bytes to aggregator-001 (0.35ms)
Session completed with aggregator-001
[2025-12-10 08:11:12] Meter 120: Generated 2.399 kWh (encrypted: 334381 bytes, 4.905 ms)
[2025-12-10 08:11:32] Meter 120: Generated 5.703 kWh (encrypted: 334392 bytes, 4.571 ms)
[2025-12-10 08:11:52] Meter 120: Generated 3.245 kWh (encrypted: 334431 bytes, 6.501 ms)
[2025-12-10 08:12:12] Meter 120: Generated 6.790 kWh (encrypted: 334204 bytes, 6.585 ms)
[2025-12-10 08:12:17] NETWORK INFO: Server authentication successful for node: aggregator-001
✓ Aggregator connected: aggregator-001 from 127.0.0.1
✓ Sent 334204 bytes to aggregator-001 (0.38ms)
Session completed with aggregator-001
[2025-12-10 08:12:32] Meter 120: Generated 1.364 kWh (encrypted: 334400 bytes, 4.662 ms)

Received shutdown signal. Gracefully shutting down smart meter...
Network server thread stopped
Data generation thread stopped
Smart meter 120 shutdown complete
