=== Continuous Smart Meter Server 266 ===
Initializing for continuous operation...
SEAL context initialized
Loaded certificate: smart-meter-266
Requesting public keys from KDC...
[2025-12-10 08:00:31] NETWORK ERROR: Failed to connect to 127.0.0.1:8444: Connection refused
Error: Failed to connect to KDC at 127.0.0.1:8444
Error: Failed to send key request to KDC
Failed to obtain keys from KDC, falling back to file keys
Loaded keys from fallback files
Cryptographic components initialized
[2025-12-10 08:00:31] NETWORK INFO: Server socket created and listening on port 9266
✓ Smart meter server ready on port 9266
Data transmission interval: 20 seconds (15x accelerated - simulates 5min)
✓ Performance metrics CSV files initialized in performance_data/
Starting continuous smart meter operation...
Press Ctrl+C to stop gracefully
Data generation thread started
Network server thread started on port 9266
[2025-12-10 08:00:51] Meter 266: Generated 2.843 kWh (encrypted: 334352 bytes, 5.355 ms)
[2025-12-10 08:01:12] Meter 266: Generated 4.246 kWh (encrypted: 334167 bytes, 4.557 ms)
[2025-12-10 08:01:31] NETWORK INFO: Server authentication successful for node: aggregator-001
✓ Aggregator connected: aggregator-001 from 127.0.0.1
✓ Sent 334167 bytes to aggregator-001 (0.73ms)
Session completed with aggregator-001
[2025-12-10 08:01:32] Meter 266: Generated 1.156 kWh (encrypted: 334164 bytes, 5.843 ms)
[2025-12-10 08:01:52] Meter 266: Generated 2.992 kWh (encrypted: 334297 bytes, 4.561 ms)
[2025-12-10 08:02:12] Meter 266: Generated 5.064 kWh (encrypted: 334173 bytes, 4.481 ms)
[2025-12-10 08:02:32] Meter 266: Generated 5.078 kWh (encrypted: 334392 bytes, 6.390 ms)
[2025-12-10 08:02:33] NETWORK INFO: Server authentication successful for node: aggregator-001
✓ Aggregator connected: aggregator-001 from 127.0.0.1
✓ Sent 334392 bytes to aggregator-001 (7.67ms)
Session completed with aggregator-001
[2025-12-10 08:02:52] Meter 266: Generated 3.410 kWh (encrypted: 334504 bytes, 4.658 ms)
[2025-12-10 08:03:12] Meter 266: Generated 2.645 kWh (encrypted: 334385 bytes, 4.384 ms)
[2025-12-10 08:03:32] Meter 266: Generated 3.522 kWh (encrypted: 334105 bytes, 4.837 ms)
[2025-12-10 08:03:36] NETWORK INFO: Server authentication successful for node: aggregator-001
✓ Aggregator connected: aggregator-001 from 127.0.0.1
✓ Sent 334105 bytes to aggregator-001 (0.40ms)
Session completed with aggregator-001
[2025-12-10 08:03:52] Meter 266: Generated 1.919 kWh (encrypted: 334323 bytes, 4.703 ms)
[2025-12-10 08:04:12] Meter 266: Generated 4.431 kWh (encrypted: 334178 bytes, 5.672 ms)
[2025-12-10 08:04:32] Meter 266: Generated 1.585 kWh (encrypted: 334510 bytes, 26.366 ms)
[2025-12-10 08:04:39] NETWORK INFO: Server authentication successful for node: aggregator-001
✓ Aggregator connected: aggregator-001 from 127.0.0.1
✓ Sent 334510 bytes to aggregator-001 (0.38ms)
Session completed with aggregator-001
[2025-12-10 08:04:52] Meter 266: Generated 6.281 kWh (encrypted: 334147 bytes, 4.644 ms)
[2025-12-10 08:05:12] Meter 266: Generated 5.306 kWh (encrypted: 334472 bytes, 4.581 ms)
[2025-12-10 08:05:32] Meter 266: Generated 2.386 kWh (encrypted: 334108 bytes, 4.548 ms)
[2025-12-10 08:05:44] NETWORK INFO: Server authentication successful for node: aggregator-001
✓ Aggregator connected: aggregator-001 from 127.0.0.1
✓ Sent 334108 bytes to aggregator-001 (36.48ms)
Session completed with aggregator-001
[2025-12-10 08:05:52] Meter 266: Generated 6.189 kWh (encrypted: 334113 bytes, 4.564 ms)
[2025-12-10 08:06:12] Meter 266: Generated 1.268 kWh (encrypted: 334195 bytes, 4.800 ms)
[2025-12-10 08:06:32] Meter 266: Generated 2.892 kWh (encrypted: 334306 bytes, 4.629 ms)
[2025-12-10 08:06:50] NETWORK INFO: Server authentication successful for node: aggregator-001
✓ Aggregator connected: aggregator-001 from 127.0.0.1
✓ Sent 334306 bytes to aggregator-001 (0.35ms)
Session completed with aggregator-001
[2025-12-10 08:06:52] Meter 266: Generated 7.503 kWh (encrypted: 334587 bytes, 4.373 ms)
[2025-12-10 08:07:12] Meter 266: Generated 4.272 kWh (encrypted: 334413 bytes, 5.539 ms)
[2025-12-10 08:07:32] Meter 266: Generated 0.801 kWh (encrypted: 334233 bytes, 4.696 ms)
[2025-12-10 08:07:52] Meter 266: Generated 2.143 kWh (encrypted: 334403 bytes, 4.888 ms)
[2025-12-10 08:07:55] NETWORK INFO: Server authentication successful for node: aggregator-001
✓ Aggregator connected: aggregator-001 from 127.0.0.1
✓ Sent 334403 bytes to aggregator-001 (0.40ms)
Session completed with aggregator-001
[2025-12-10 08:08:12] Meter 266: Generated 3.966 kWh (encrypted: 334398 bytes, 6.554 ms)
[2025-12-10 08:08:32] Meter 266: Generated 2.760 kWh (encrypted: 334051 bytes, 4.546 ms)
[2025-12-10 08:08:52] Meter 266: Generated 3.164 kWh (encrypted: 334252 bytes, 4.737 ms)
[2025-12-10 08:09:01] NETWORK INFO: Server authentication successful for node: aggregator-001
✓ Aggregator connected: aggregator-001 from 127.0.0.1
✓ Sent 334252 bytes to aggregator-001 (13.52ms)
Session completed with aggregator-001
[2025-12-10 08:09:12] Meter 266: Generated 1.024 kWh (encrypted: 334090 bytes, 4.594 ms)
[2025-12-10 08:09:32] Meter 266: Generated 2.665 kWh (encrypted: 334141 bytes, 5.487 ms)
[2025-12-10 08:09:52] Meter 266: Generated 2.230 kWh (encrypted: 334311 bytes, 8.215 ms)
[2025-12-10 08:10:06] NETWORK INFO: Server authentication successful for node: aggregator-001
✓ Aggregator connected: aggregator-001 from 127.0.0.1
✓ Sent 334311 bytes to aggregator-001 (0.36ms)
Session completed with aggregator-001
[2025-12-10 08:10:12] Meter 266: Generated 3.429 kWh (encrypted: 334094 bytes, 6.265 ms)
[2025-12-10 08:10:32] Meter 266: Generated 6.363 kWh (encrypted: 334435 bytes, 6.035 ms)
[2025-12-10 08:10:52] Meter 266: Generated 0.948 kWh (encrypted: 334208 bytes, 4.832 ms)
[2025-12-10 08:11:12] NETWORK INFO: Server authentication successful for node: aggregator-001
✓ Aggregator connected: aggregator-001 from 127.0.0.1
✓ Sent 334208 bytes to aggregator-001 (22.48ms)
Session completed with aggregator-001
[2025-12-10 08:11:12] Meter 266: Generated 0.880 kWh (encrypted: 334253 bytes, 34.270 ms)
[2025-12-10 08:11:32] Meter 266: Generated 6.128 kWh (encrypted: 334201 bytes, 5.646 ms)
[2025-12-10 08:11:52] Meter 266: Generated 2.905 kWh (encrypted: 333908 bytes, 4.508 ms)
[2025-12-10 08:12:12] Meter 266: Generated 3.178 kWh (encrypted: 334378 bytes, 4.898 ms)
[2025-12-10 08:12:17] NETWORK INFO: Server authentication successful for node: aggregator-001
✓ Aggregator connected: aggregator-001 from 127.0.0.1
✓ Sent 334378 bytes to aggregator-001 (0.32ms)
Session completed with aggregator-001
[2025-12-10 08:12:32] Meter 266: Generated 4.016 kWh (encrypted: 334250 bytes, 4.335 ms)

Received shutdown signal. Gracefully shutting down smart meter...
Network server thread stopped
Data generation thread stopped
Smart meter 266 shutdown complete
