=== Continuous Smart Meter Server 87 ===
Initializing for continuous operation...
SEAL context initialized
Loaded certificate: smart-meter-087
Requesting public keys from KDC...
[2025-12-10 07:56:52] NETWORK ERROR: Failed to connect to 127.0.0.1:8444: Connection refused
Error: Failed to connect to KDC at 127.0.0.1:8444
Error: Failed to send key request to KDC
Failed to obtain keys from KDC, falling back to file keys
Loaded keys from fallback files
Cryptographic components initialized
[2025-12-10 07:56:52] NETWORK INFO: Server socket created and listening on port 9087
✓ Smart meter server ready on port 9087
Data transmission interval: 20 seconds (15x accelerated - simulates 5min)
✓ Performance metrics CSV files initialized in performance_data/
Starting continuous smart meter operation...
Press Ctrl+C to stop gracefully
Data generation thread started
Network server thread started on port 9087
[2025-12-10 07:57:12] Meter 87: Generated 2.131 kWh (encrypted: 334089 bytes, 4.904 ms)
[2025-12-10 07:57:15] NETWORK INFO: Server authentication successful for node: aggregator-001
✓ Aggregator connected: aggregator-001 from 127.0.0.1
✓ Sent 334089 bytes to aggregator-001 (0.98ms)
Session completed with aggregator-001
[2025-12-10 07:57:32] Meter 87: Generated 4.926 kWh (encrypted: 334367 bytes, 4.418 ms)
[2025-12-10 07:57:52] Meter 87: Generated 7.564 kWh (encrypted: 334239 bytes, 4.767 ms)
[2025-12-10 07:58:12] Meter 87: Generated 1.734 kWh (encrypted: 334427 bytes, 4.347 ms)
[2025-12-10 07:58:25] NETWORK INFO: Server authentication successful for node: aggregator-001
✓ Aggregator connected: aggregator-001 from 127.0.0.1
✓ Sent 334427 bytes to aggregator-001 (0.35ms)
Session completed with aggregator-001
[2025-12-10 07:58:32] Meter 87: Generated 5.872 kWh (encrypted: 333306 bytes, 4.488 ms)
[2025-12-10 07:58:52] Meter 87: Generated 3.926 kWh (encrypted: 334393 bytes, 4.463 ms)
[2025-12-10 07:59:12] Meter 87: Generated 1.637 kWh (encrypted: 334111 bytes, 4.615 ms)
[2025-12-10 07:59:26] NETWORK INFO: Server authentication successful for node: aggregator-001
✓ Aggregator connected: aggregator-001 from 127.0.0.1
✓ Sent 334111 bytes to aggregator-001 (0.37ms)
Session completed with aggregator-001
[2025-12-10 07:59:32] Meter 87: Generated 1.725 kWh (encrypted: 334311 bytes, 4.667 ms)
[2025-12-10 07:59:52] Meter 87: Generated 4.184 kWh (encrypted: 334080 bytes, 4.637 ms)
[2025-12-10 08:00:12] Meter 87: Generated 3.723 kWh (encrypted: 334258 bytes, 12.246 ms)
[2025-12-10 08:00:28] NETWORK INFO: Server authentication successful for node: aggregator-001
✓ Aggregator connected: aggregator-001 from 127.0.0.1
✓ Sent 334258 bytes to aggregator-001 (0.36ms)
Session completed with aggregator-001
[2025-12-10 08:00:32] Meter 87: Generated 2.055 kWh (encrypted: 334408 bytes, 4.960 ms)
[2025-12-10 08:00:52] Meter 87: Generated 7.403 kWh (encrypted: 333944 bytes, 4.681 ms)
[2025-12-10 08:01:12] Meter 87: Generated 5.607 kWh (encrypted: 334278 bytes, 4.790 ms)
[2025-12-10 08:01:31] NETWORK INFO: Server authentication successful for node: aggregator-001
✓ Aggregator connected: aggregator-001 from 127.0.0.1
✓ Sent 334278 bytes to aggregator-001 (11.56ms)
Session completed with aggregator-001
[2025-12-10 08:01:32] Meter 87: Generated 2.066 kWh (encrypted: 334294 bytes, 4.479 ms)
[2025-12-10 08:01:52] Meter 87: Generated 2.369 kWh (encrypted: 333860 bytes, 5.245 ms)
[2025-12-10 08:02:12] Meter 87: Generated 6.021 kWh (encrypted: 334472 bytes, 4.749 ms)
[2025-12-10 08:02:32] Meter 87: Generated 2.761 kWh (encrypted: 334347 bytes, 6.464 ms)
[2025-12-10 08:02:33] NETWORK INFO: Server authentication successful for node: aggregator-001
✓ Aggregator connected: aggregator-001 from 127.0.0.1
✓ Sent 334347 bytes to aggregator-001 (0.38ms)
Session completed with aggregator-001
[2025-12-10 08:02:52] Meter 87: Generated 4.248 kWh (encrypted: 334237 bytes, 5.258 ms)
[2025-12-10 08:03:12] Meter 87: Generated 6.542 kWh (encrypted: 334506 bytes, 4.738 ms)
[2025-12-10 08:03:32] Meter 87: Generated 4.166 kWh (encrypted: 334413 bytes, 4.759 ms)
[2025-12-10 08:03:36] NETWORK INFO: Server authentication successful for node: aggregator-001
✓ Aggregator connected: aggregator-001 from 127.0.0.1
✓ Sent 334413 bytes to aggregator-001 (0.42ms)
Session completed with aggregator-001
[2025-12-10 08:03:52] Meter 87: Generated 4.783 kWh (encrypted: 334441 bytes, 5.906 ms)
[2025-12-10 08:04:12] Meter 87: Generated 3.552 kWh (encrypted: 334299 bytes, 4.493 ms)
[2025-12-10 08:04:32] Meter 87: Generated 3.089 kWh (encrypted: 334423 bytes, 4.617 ms)
[2025-12-10 08:04:39] NETWORK INFO: Server authentication successful for node: aggregator-001
✓ Aggregator connected: aggregator-001 from 127.0.0.1
✓ Sent 334423 bytes to aggregator-001 (0.40ms)
Session completed with aggregator-001
[2025-12-10 08:04:52] Meter 87: Generated 3.941 kWh (encrypted: 334302 bytes, 4.583 ms)
[2025-12-10 08:05:12] Meter 87: Generated 2.605 kWh (encrypted: 334323 bytes, 4.589 ms)
[2025-12-10 08:05:32] Meter 87: Generated 4.198 kWh (encrypted: 333971 bytes, 4.581 ms)
[2025-12-10 08:05:44] NETWORK INFO: Server authentication successful for node: aggregator-001
✓ Aggregator connected: aggregator-001 from 127.0.0.1
✓ Sent 333971 bytes to aggregator-001 (0.40ms)
Session completed with aggregator-001
[2025-12-10 08:05:52] Meter 87: Generated 5.072 kWh (encrypted: 334368 bytes, 4.672 ms)
[2025-12-10 08:06:12] Meter 87: Generated 6.315 kWh (encrypted: 334156 bytes, 5.609 ms)
[2025-12-10 08:06:32] Meter 87: Generated 4.061 kWh (encrypted: 334367 bytes, 4.499 ms)
[2025-12-10 08:06:50] NETWORK INFO: Server authentication successful for node: aggregator-001
✓ Aggregator connected: aggregator-001 from 127.0.0.1
✓ Sent 334367 bytes to aggregator-001 (1.21ms)
Session completed with aggregator-001
[2025-12-10 08:06:52] Meter 87: Generated 6.958 kWh (encrypted: 333419 bytes, 4.356 ms)
[2025-12-10 08:07:12] Meter 87: Generated 2.417 kWh (encrypted: 334344 bytes, 6.535 ms)
[2025-12-10 08:07:32] Meter 87: Generated 3.777 kWh (encrypted: 334306 bytes, 4.686 ms)
[2025-12-10 08:07:52] Meter 87: Generated 2.184 kWh (encrypted: 334388 bytes, 4.855 ms)
[2025-12-10 08:07:55] NETWORK INFO: Server authentication successful for node: aggregator-001
✓ Aggregator connected: aggregator-001 from 127.0.0.1
✓ Sent 334388 bytes to aggregator-001 (6.62ms)
Session completed with aggregator-001
[2025-12-10 08:08:12] Meter 87: Generated 6.670 kWh (encrypted: 334425 bytes, 6.426 ms)
[2025-12-10 08:08:32] Meter 87: Generated 6.600 kWh (encrypted: 334263 bytes, 4.598 ms)
[2025-12-10 08:08:52] Meter 87: Generated 7.081 kWh (encrypted: 334225 bytes, 6.323 ms)
[2025-12-10 08:09:01] NETWORK INFO: Server authentication successful for node: aggregator-001
✓ Aggregator connected: aggregator-001 from 127.0.0.1
✓ Sent 334225 bytes to aggregator-001 (0.38ms)
Session completed with aggregator-001
[2025-12-10 08:09:12] Meter 87: Generated 4.909 kWh (encrypted: 334392 bytes, 7.939 ms)
[2025-12-10 08:09:32] Meter 87: Generated 5.860 kWh (encrypted: 334383 bytes, 5.620 ms)
[2025-12-10 08:09:52] Meter 87: Generated 4.743 kWh (encrypted: 334185 bytes, 4.814 ms)
[2025-12-10 08:10:06] NETWORK INFO: Server authentication successful for node: aggregator-001
✓ Aggregator connected: aggregator-001 from 127.0.0.1
✓ Sent 334185 bytes to aggregator-001 (0.40ms)
Session completed with aggregator-001
[2025-12-10 08:10:12] Meter 87: Generated 6.644 kWh (encrypted: 334162 bytes, 4.682 ms)
[2025-12-10 08:10:32] Meter 87: Generated 1.784 kWh (encrypted: 334415 bytes, 4.669 ms)
[2025-12-10 08:10:52] Meter 87: Generated 4.552 kWh (encrypted: 334383 bytes, 5.069 ms)
[2025-12-10 08:11:12] NETWORK INFO: Server authentication successful for node: aggregator-001
✓ Aggregator connected: aggregator-001 from 127.0.0.1
✓ Sent 334383 bytes to aggregator-001 (7.24ms)
Session completed with aggregator-001
[2025-12-10 08:11:12] Meter 87: Generated 3.173 kWh (encrypted: 334340 bytes, 6.816 ms)
[2025-12-10 08:11:32] Meter 87: Generated 6.569 kWh (encrypted: 334430 bytes, 4.668 ms)
[2025-12-10 08:11:52] Meter 87: Generated 0.850 kWh (encrypted: 334112 bytes, 4.545 ms)
[2025-12-10 08:12:12] Meter 87: Generated 3.309 kWh (encrypted: 334097 bytes, 5.351 ms)
[2025-12-10 08:12:17] NETWORK INFO: Server authentication successful for node: aggregator-001
✓ Aggregator connected: aggregator-001 from 127.0.0.1
✓ Sent 334097 bytes to aggregator-001 (0.37ms)
Session completed with aggregator-001
[2025-12-10 08:12:32] Meter 87: Generated 6.097 kWh (encrypted: 334036 bytes, 5.343 ms)

Received shutdown signal. Gracefully shutting down smart meter...
Network server thread stopped
Data generation thread stopped
Smart meter 87 shutdown complete
