=== Continuous Smart Meter Server 431 ===
Initializing for continuous operation...
SEAL context initialized
Loaded certificate: smart-meter-431
Requesting public keys from KDC...
[2025-12-10 08:03:58] NETWORK ERROR: Failed to connect to 127.0.0.1:8444: Connection refused
Error: Failed to connect to KDC at 127.0.0.1:8444
Error: Failed to send key request to KDC
Failed to obtain keys from KDC, falling back to file keys
Loaded keys from fallback files
Cryptographic components initialized
[2025-12-10 08:03:58] NETWORK INFO: Server socket created and listening on port 9431
✓ Smart meter server ready on port 9431
Data transmission interval: 20 seconds (15x accelerated - simulates 5min)
✓ Performance metrics CSV files initialized in performance_data/
Starting continuous smart meter operation...
Press Ctrl+C to stop gracefully
Data generation thread started
Network server thread started on port 9431
[2025-12-10 08:04:18] Meter 431: Generated 4.026 kWh (encrypted: 334422 bytes, 5.176 ms)
[2025-12-10 08:04:38] Meter 431: Generated 2.062 kWh (encrypted: 334494 bytes, 4.630 ms)
[2025-12-10 08:04:39] NETWORK INFO: Server authentication successful for node: aggregator-001
✓ Aggregator connected: aggregator-001 from 127.0.0.1
✓ Sent 334494 bytes to aggregator-001 (6.10ms)
Session completed with aggregator-001
[2025-12-10 08:04:58] Meter 431: Generated 2.897 kWh (encrypted: 334356 bytes, 4.771 ms)
[2025-12-10 08:05:18] Meter 431: Generated 6.438 kWh (encrypted: 334393 bytes, 4.607 ms)
[2025-12-10 08:05:38] Meter 431: Generated 3.126 kWh (encrypted: 334421 bytes, 4.750 ms)
[2025-12-10 08:05:44] NETWORK INFO: Server authentication successful for node: aggregator-001
✓ Aggregator connected: aggregator-001 from 127.0.0.1
✓ Sent 334421 bytes to aggregator-001 (0.38ms)
Session completed with aggregator-001
[2025-12-10 08:05:58] Meter 431: Generated 3.458 kWh (encrypted: 334233 bytes, 4.400 ms)
[2025-12-10 08:06:18] Meter 431: Generated 6.299 kWh (encrypted: 334216 bytes, 6.581 ms)
[2025-12-10 08:06:38] Meter 431: Generated 5.215 kWh (encrypted: 334263 bytes, 6.616 ms)
[2025-12-10 08:06:50] NETWORK INFO: Server authentication successful for node: aggregator-001
✓ Aggregator connected: aggregator-001 from 127.0.0.1
✓ Sent 334263 bytes to aggregator-001 (5.82ms)
Session completed with aggregator-001
[2025-12-10 08:06:58] Meter 431: Generated 1.059 kWh (encrypted: 334475 bytes, 6.412 ms)
[2025-12-10 08:07:18] Meter 431: Generated 3.724 kWh (encrypted: 334310 bytes, 4.711 ms)
[2025-12-10 08:07:38] Meter 431: Generated 2.392 kWh (encrypted: 334182 bytes, 5.380 ms)
[2025-12-10 08:07:56] NETWORK INFO: Server authentication successful for node: aggregator-001
✓ Aggregator connected: aggregator-001 from 127.0.0.1
✓ Sent 334182 bytes to aggregator-001 (7.88ms)
Session completed with aggregator-001
[2025-12-10 08:07:58] Meter 431: Generated 2.367 kWh (encrypted: 334317 bytes, 4.604 ms)
[2025-12-10 08:08:18] Meter 431: Generated 6.479 kWh (encrypted: 334339 bytes, 4.642 ms)
[2025-12-10 08:08:38] Meter 431: Generated 2.861 kWh (encrypted: 334511 bytes, 5.134 ms)
[2025-12-10 08:08:58] Meter 431: Generated 6.076 kWh (encrypted: 334331 bytes, 5.180 ms)
[2025-12-10 08:09:01] NETWORK INFO: Server authentication successful for node: aggregator-001
✓ Aggregator connected: aggregator-001 from 127.0.0.1
✓ Sent 334331 bytes to aggregator-001 (3.98ms)
Session completed with aggregator-001
[2025-12-10 08:09:18] Meter 431: Generated 3.088 kWh (encrypted: 334408 bytes, 5.945 ms)
[2025-12-10 08:09:38] Meter 431: Generated 0.905 kWh (encrypted: 334326 bytes, 4.609 ms)
[2025-12-10 08:09:58] Meter 431: Generated 6.671 kWh (encrypted: 333978 bytes, 6.579 ms)
[2025-12-10 08:10:06] NETWORK INFO: Server authentication successful for node: aggregator-001
✓ Aggregator connected: aggregator-001 from 127.0.0.1
✓ Sent 333978 bytes to aggregator-001 (0.61ms)
Session completed with aggregator-001
[2025-12-10 08:10:18] Meter 431: Generated 6.938 kWh (encrypted: 333826 bytes, 6.508 ms)
[2025-12-10 08:10:38] Meter 431: Generated 3.227 kWh (encrypted: 334140 bytes, 4.431 ms)
[2025-12-10 08:10:58] Meter 431: Generated 1.243 kWh (encrypted: 334397 bytes, 4.591 ms)
[2025-12-10 08:11:12] NETWORK INFO: Server authentication successful for node: aggregator-001
✓ Aggregator connected: aggregator-001 from 127.0.0.1
✓ Sent 334397 bytes to aggregator-001 (0.38ms)
Session completed with aggregator-001
[2025-12-10 08:11:18] Meter 431: Generated 4.101 kWh (encrypted: 334344 bytes, 4.698 ms)
[2025-12-10 08:11:38] Meter 431: Generated 6.633 kWh (encrypted: 334399 bytes, 5.176 ms)
[2025-12-10 08:11:58] Meter 431: Generated 6.646 kWh (encrypted: 334477 bytes, 5.125 ms)
[2025-12-10 08:12:17] NETWORK INFO: Server authentication successful for node: aggregator-001
✓ Aggregator connected: aggregator-001 from 127.0.0.1
✓ Sent 334477 bytes to aggregator-001 (0.38ms)
Session completed with aggregator-001
[2025-12-10 08:12:18] Meter 431: Generated 2.438 kWh (encrypted: 334450 bytes, 7.444 ms)

Received shutdown signal. Gracefully shutting down smart meter...
Network server thread stopped
Data generation thread stopped
Smart meter 431 shutdown complete
