=== Continuous Smart Meter Server 122 ===
Initializing for continuous operation...
SEAL context initialized
Loaded certificate: smart-meter-122
Requesting public keys from KDC...
[2025-12-10 07:57:34] NETWORK ERROR: Failed to connect to 127.0.0.1:8444: Connection refused
Error: Failed to connect to KDC at 127.0.0.1:8444
Error: Failed to send key request to KDC
Failed to obtain keys from KDC, falling back to file keys
Loaded keys from fallback files
Cryptographic components initialized
[2025-12-10 07:57:34] NETWORK INFO: Server socket created and listening on port 9122
✓ Smart meter server ready on port 9122
Data transmission interval: 20 seconds (15x accelerated - simulates 5min)
✓ Performance metrics CSV files initialized in performance_data/
Starting continuous smart meter operation...
Press Ctrl+C to stop gracefully
Data generation thread started
Network server thread started on port 9122
[2025-12-10 07:57:54] Meter 122: Generated 4.416 kWh (encrypted: 334470 bytes, 5.124 ms)
[2025-12-10 07:58:14] Meter 122: Generated 3.896 kWh (encrypted: 334010 bytes, 4.325 ms)
[2025-12-10 07:58:25] NETWORK INFO: Server authentication successful for node: aggregator-001
✓ Aggregator connected: aggregator-001 from 127.0.0.1
✓ Sent 334010 bytes to aggregator-001 (5.22ms)
Session completed with aggregator-001
[2025-12-10 07:58:34] Meter 122: Generated 6.290 kWh (encrypted: 334231 bytes, 4.434 ms)
[2025-12-10 07:58:54] Meter 122: Generated 5.533 kWh (encrypted: 334204 bytes, 4.517 ms)
[2025-12-10 07:59:14] Meter 122: Generated 1.032 kWh (encrypted: 334116 bytes, 6.452 ms)
[2025-12-10 07:59:26] NETWORK INFO: Server authentication successful for node: aggregator-001
✓ Aggregator connected: aggregator-001 from 127.0.0.1
✓ Sent 334116 bytes to aggregator-001 (0.59ms)
Session completed with aggregator-001
[2025-12-10 07:59:34] Meter 122: Generated 1.896 kWh (encrypted: 334406 bytes, 4.537 ms)
[2025-12-10 07:59:54] Meter 122: Generated 3.913 kWh (encrypted: 334426 bytes, 5.368 ms)
[2025-12-10 08:00:14] Meter 122: Generated 2.706 kWh (encrypted: 334423 bytes, 4.860 ms)
[2025-12-10 08:00:28] NETWORK INFO: Server authentication successful for node: aggregator-001
✓ Aggregator connected: aggregator-001 from 127.0.0.1
✓ Sent 334423 bytes to aggregator-001 (0.40ms)
Session completed with aggregator-001
[2025-12-10 08:00:35] Meter 122: Generated 5.814 kWh (encrypted: 334414 bytes, 5.556 ms)
[2025-12-10 08:00:55] Meter 122: Generated 5.951 kWh (encrypted: 334253 bytes, 4.603 ms)
[2025-12-10 08:01:15] Meter 122: Generated 6.813 kWh (encrypted: 334071 bytes, 4.803 ms)
[2025-12-10 08:01:31] NETWORK INFO: Server authentication successful for node: aggregator-001
✓ Aggregator connected: aggregator-001 from 127.0.0.1
✓ Sent 334071 bytes to aggregator-001 (0.37ms)
Session completed with aggregator-001
[2025-12-10 08:01:35] Meter 122: Generated 6.070 kWh (encrypted: 334413 bytes, 4.937 ms)
[2025-12-10 08:01:55] Meter 122: Generated 4.361 kWh (encrypted: 334484 bytes, 5.298 ms)
[2025-12-10 08:02:15] Meter 122: Generated 5.820 kWh (encrypted: 334186 bytes, 4.698 ms)
[2025-12-10 08:02:33] NETWORK INFO: Server authentication successful for node: aggregator-001
✓ Aggregator connected: aggregator-001 from 127.0.0.1
✓ Sent 334186 bytes to aggregator-001 (0.37ms)
Session completed with aggregator-001
[2025-12-10 08:02:35] Meter 122: Generated 4.217 kWh (encrypted: 334275 bytes, 6.185 ms)
[2025-12-10 08:02:55] Meter 122: Generated 6.688 kWh (encrypted: 334402 bytes, 4.447 ms)
[2025-12-10 08:03:15] Meter 122: Generated 6.497 kWh (encrypted: 334199 bytes, 24.458 ms)
[2025-12-10 08:03:35] Meter 122: Generated 3.188 kWh (encrypted: 334448 bytes, 4.654 ms)
[2025-12-10 08:03:36] NETWORK INFO: Server authentication successful for node: aggregator-001
✓ Aggregator connected: aggregator-001 from 127.0.0.1
✓ Sent 334448 bytes to aggregator-001 (3.37ms)
Session completed with aggregator-001
[2025-12-10 08:03:55] Meter 122: Generated 3.875 kWh (encrypted: 334309 bytes, 5.074 ms)
[2025-12-10 08:04:15] Meter 122: Generated 3.112 kWh (encrypted: 334086 bytes, 4.866 ms)
[2025-12-10 08:04:35] Meter 122: Generated 1.456 kWh (encrypted: 334174 bytes, 6.384 ms)
[2025-12-10 08:04:39] NETWORK INFO: Server authentication successful for node: aggregator-001
✓ Aggregator connected: aggregator-001 from 127.0.0.1
✓ Sent 334174 bytes to aggregator-001 (0.36ms)
Session completed with aggregator-001
[2025-12-10 08:04:55] Meter 122: Generated 2.052 kWh (encrypted: 334024 bytes, 5.067 ms)
[2025-12-10 08:05:15] Meter 122: Generated 1.155 kWh (encrypted: 334438 bytes, 4.671 ms)
[2025-12-10 08:05:35] Meter 122: Generated 5.202 kWh (encrypted: 334348 bytes, 4.628 ms)
[2025-12-10 08:05:44] NETWORK INFO: Server authentication successful for node: aggregator-001
✓ Aggregator connected: aggregator-001 from 127.0.0.1
✓ Sent 334348 bytes to aggregator-001 (8.27ms)
Session completed with aggregator-001
[2025-12-10 08:05:55] Meter 122: Generated 1.442 kWh (encrypted: 334306 bytes, 5.511 ms)
[2025-12-10 08:06:15] Meter 122: Generated 6.968 kWh (encrypted: 334214 bytes, 4.663 ms)
[2025-12-10 08:06:35] Meter 122: Generated 5.824 kWh (encrypted: 334365 bytes, 5.682 ms)
[2025-12-10 08:06:50] NETWORK INFO: Server authentication successful for node: aggregator-001
✓ Aggregator connected: aggregator-001 from 127.0.0.1
✓ Sent 334365 bytes to aggregator-001 (3.39ms)
Session completed with aggregator-001
[2025-12-10 08:06:55] Meter 122: Generated 5.593 kWh (encrypted: 334162 bytes, 4.814 ms)
[2025-12-10 08:07:15] Meter 122: Generated 5.745 kWh (encrypted: 334429 bytes, 4.558 ms)
[2025-12-10 08:07:35] Meter 122: Generated 3.261 kWh (encrypted: 334301 bytes, 14.414 ms)
[2025-12-10 08:07:55] Meter 122: Generated 1.919 kWh (encrypted: 334325 bytes, 4.652 ms)
[2025-12-10 08:07:56] NETWORK INFO: Server authentication successful for node: aggregator-001
✓ Aggregator connected: aggregator-001 from 127.0.0.1
✓ Sent 334325 bytes to aggregator-001 (8.73ms)
Session completed with aggregator-001
[2025-12-10 08:08:15] Meter 122: Generated 7.073 kWh (encrypted: 334134 bytes, 4.801 ms)
[2025-12-10 08:08:35] Meter 122: Generated 6.774 kWh (encrypted: 334400 bytes, 5.265 ms)
[2025-12-10 08:08:55] Meter 122: Generated 7.497 kWh (encrypted: 334171 bytes, 5.349 ms)
[2025-12-10 08:09:01] NETWORK INFO: Server authentication successful for node: aggregator-001
✓ Aggregator connected: aggregator-001 from 127.0.0.1
✓ Sent 334171 bytes to aggregator-001 (0.37ms)
Session completed with aggregator-001
[2025-12-10 08:09:15] Meter 122: Generated 5.527 kWh (encrypted: 334326 bytes, 4.613 ms)
[2025-12-10 08:09:35] Meter 122: Generated 3.218 kWh (encrypted: 334238 bytes, 5.010 ms)
[2025-12-10 08:09:55] Meter 122: Generated 5.878 kWh (encrypted: 334397 bytes, 6.367 ms)
[2025-12-10 08:10:06] NETWORK INFO: Server authentication successful for node: aggregator-001
✓ Aggregator connected: aggregator-001 from 127.0.0.1
✓ Sent 334397 bytes to aggregator-001 (0.39ms)
Session completed with aggregator-001
[2025-12-10 08:10:15] Meter 122: Generated 1.951 kWh (encrypted: 334316 bytes, 4.446 ms)
[2025-12-10 08:10:35] Meter 122: Generated 7.137 kWh (encrypted: 334471 bytes, 4.854 ms)
[2025-12-10 08:10:55] Meter 122: Generated 3.651 kWh (encrypted: 334331 bytes, 4.699 ms)
[2025-12-10 08:11:12] NETWORK INFO: Server authentication successful for node: aggregator-001
✓ Aggregator connected: aggregator-001 from 127.0.0.1
✓ Sent 334331 bytes to aggregator-001 (0.45ms)
Session completed with aggregator-001
[2025-12-10 08:11:15] Meter 122: Generated 3.068 kWh (encrypted: 334120 bytes, 6.621 ms)
[2025-12-10 08:11:35] Meter 122: Generated 5.053 kWh (encrypted: 334285 bytes, 5.387 ms)
[2025-12-10 08:11:55] Meter 122: Generated 5.034 kWh (encrypted: 334228 bytes, 4.581 ms)
[2025-12-10 08:12:15] Meter 122: Generated 3.407 kWh (encrypted: 334413 bytes, 6.279 ms)
[2025-12-10 08:12:17] NETWORK INFO: Server authentication successful for node: aggregator-001
✓ Aggregator connected: aggregator-001 from 127.0.0.1
✓ Sent 334413 bytes to aggregator-001 (0.38ms)
Session completed with aggregator-001

Received shutdown signal. Gracefully shutting down smart meter...
Network server thread stopped
Data generation thread stopped
Smart meter 122 shutdown complete
