=== Continuous Smart Meter Server 25 ===
Initializing for continuous operation...
SEAL context initialized
Loaded certificate: smart-meter-025
Requesting public keys from KDC...
[2025-12-10 07:55:36] NETWORK ERROR: Failed to connect to 127.0.0.1:8444: Connection refused
Error: Failed to connect to KDC at 127.0.0.1:8444
Error: Failed to send key request to KDC
Failed to obtain keys from KDC, falling back to file keys
Loaded keys from fallback files
Cryptographic components initialized
[2025-12-10 07:55:36] NETWORK INFO: Server socket created and listening on port 9025
✓ Smart meter server ready on port 9025
Data transmission interval: 20 seconds (15x accelerated - simulates 5min)
✓ Performance metrics CSV files initialized in performance_data/
Starting continuous smart meter operation...
Press Ctrl+C to stop gracefully
Data generation thread started
Network server thread started on port 9025
[2025-12-10 07:55:56] Meter 25: Generated 4.112 kWh (encrypted: 334123 bytes, 4.822 ms)
[2025-12-10 07:56:05] NETWORK INFO: Server authentication successful for node: aggregator-001
✓ Aggregator connected: aggregator-001 from 127.0.0.1
✓ Sent 334123 bytes to aggregator-001 (0.74ms)
Session completed with aggregator-001
[2025-12-10 07:56:16] Meter 25: Generated 0.927 kWh (encrypted: 334260 bytes, 4.509 ms)
[2025-12-10 07:56:36] Meter 25: Generated 5.498 kWh (encrypted: 334427 bytes, 4.296 ms)
[2025-12-10 07:56:56] Meter 25: Generated 4.349 kWh (encrypted: 334316 bytes, 4.239 ms)
[2025-12-10 07:57:15] NETWORK INFO: Server authentication successful for node: aggregator-001
✓ Aggregator connected: aggregator-001 from 127.0.0.1
✓ Sent 334316 bytes to aggregator-001 (0.36ms)
Session completed with aggregator-001
[2025-12-10 07:57:16] Meter 25: Generated 4.231 kWh (encrypted: 334254 bytes, 4.390 ms)
[2025-12-10 07:57:36] Meter 25: Generated 2.938 kWh (encrypted: 334351 bytes, 4.475 ms)
[2025-12-10 07:57:56] Meter 25: Generated 4.637 kWh (encrypted: 334018 bytes, 4.522 ms)
[2025-12-10 07:58:16] Meter 25: Generated 4.023 kWh (encrypted: 334150 bytes, 4.309 ms)
[2025-12-10 07:58:25] NETWORK INFO: Server authentication successful for node: aggregator-001
✓ Aggregator connected: aggregator-001 from 127.0.0.1
✓ Sent 334150 bytes to aggregator-001 (0.38ms)
Session completed with aggregator-001
[2025-12-10 07:58:36] Meter 25: Generated 1.812 kWh (encrypted: 334481 bytes, 6.735 ms)
[2025-12-10 07:58:56] Meter 25: Generated 6.939 kWh (encrypted: 334159 bytes, 6.411 ms)
[2025-12-10 07:59:16] Meter 25: Generated 6.626 kWh (encrypted: 334486 bytes, 4.558 ms)
[2025-12-10 07:59:26] NETWORK INFO: Server authentication successful for node: aggregator-001
✓ Aggregator connected: aggregator-001 from 127.0.0.1
✓ Sent 334486 bytes to aggregator-001 (0.45ms)
Session completed with aggregator-001
[2025-12-10 07:59:36] Meter 25: Generated 5.433 kWh (encrypted: 334189 bytes, 4.734 ms)
[2025-12-10 07:59:57] Meter 25: Generated 7.619 kWh (encrypted: 334421 bytes, 4.664 ms)
[2025-12-10 08:00:17] Meter 25: Generated 2.326 kWh (encrypted: 334351 bytes, 4.853 ms)
[2025-12-10 08:00:28] NETWORK INFO: Server authentication successful for node: aggregator-001
✓ Aggregator connected: aggregator-001 from 127.0.0.1
✓ Sent 334351 bytes to aggregator-001 (0.40ms)
Session completed with aggregator-001
[2025-12-10 08:00:37] Meter 25: Generated 5.183 kWh (encrypted: 334056 bytes, 4.849 ms)
[2025-12-10 08:00:57] Meter 25: Generated 4.657 kWh (encrypted: 334038 bytes, 5.749 ms)
[2025-12-10 08:01:17] Meter 25: Generated 4.003 kWh (encrypted: 334272 bytes, 4.494 ms)
[2025-12-10 08:01:31] NETWORK INFO: Server authentication successful for node: aggregator-001
✓ Aggregator connected: aggregator-001 from 127.0.0.1
✓ Sent 334272 bytes to aggregator-001 (0.34ms)
Session completed with aggregator-001
[2025-12-10 08:01:37] Meter 25: Generated 1.230 kWh (encrypted: 334324 bytes, 4.772 ms)
[2025-12-10 08:01:57] Meter 25: Generated 6.623 kWh (encrypted: 334259 bytes, 4.717 ms)
[2025-12-10 08:02:17] Meter 25: Generated 3.842 kWh (encrypted: 334368 bytes, 4.827 ms)
[2025-12-10 08:02:33] NETWORK INFO: Server authentication successful for node: aggregator-001
✓ Aggregator connected: aggregator-001 from 127.0.0.1
✓ Sent 334368 bytes to aggregator-001 (0.41ms)
Session completed with aggregator-001
[2025-12-10 08:02:37] Meter 25: Generated 5.161 kWh (encrypted: 334182 bytes, 4.526 ms)
[2025-12-10 08:02:57] Meter 25: Generated 6.806 kWh (encrypted: 334202 bytes, 5.977 ms)
[2025-12-10 08:03:17] Meter 25: Generated 3.741 kWh (encrypted: 334235 bytes, 4.974 ms)
[2025-12-10 08:03:36] NETWORK INFO: Server authentication successful for node: aggregator-001
✓ Aggregator connected: aggregator-001 from 127.0.0.1
✓ Sent 334235 bytes to aggregator-001 (0.37ms)
Session completed with aggregator-001
[2025-12-10 08:03:37] Meter 25: Generated 2.321 kWh (encrypted: 334410 bytes, 6.660 ms)
[2025-12-10 08:03:57] Meter 25: Generated 5.441 kWh (encrypted: 334435 bytes, 4.564 ms)
[2025-12-10 08:04:17] Meter 25: Generated 3.428 kWh (encrypted: 334366 bytes, 4.592 ms)
[2025-12-10 08:04:37] Meter 25: Generated 7.194 kWh (encrypted: 334466 bytes, 4.781 ms)
[2025-12-10 08:04:39] NETWORK INFO: Server authentication successful for node: aggregator-001
✓ Aggregator connected: aggregator-001 from 127.0.0.1
✓ Sent 334466 bytes to aggregator-001 (39.11ms)
Session completed with aggregator-001
[2025-12-10 08:04:57] Meter 25: Generated 3.084 kWh (encrypted: 334227 bytes, 4.566 ms)
[2025-12-10 08:05:17] Meter 25: Generated 6.056 kWh (encrypted: 334230 bytes, 4.922 ms)
[2025-12-10 08:05:37] Meter 25: Generated 3.174 kWh (encrypted: 334353 bytes, 4.374 ms)
[2025-12-10 08:05:44] NETWORK INFO: Server authentication successful for node: aggregator-001
✓ Aggregator connected: aggregator-001 from 127.0.0.1
✓ Sent 334353 bytes to aggregator-001 (26.09ms)
Session completed with aggregator-001
[2025-12-10 08:05:57] Meter 25: Generated 3.638 kWh (encrypted: 334376 bytes, 5.350 ms)
[2025-12-10 08:06:17] Meter 25: Generated 3.931 kWh (encrypted: 333654 bytes, 4.411 ms)
[2025-12-10 08:06:37] Meter 25: Generated 3.849 kWh (encrypted: 334131 bytes, 4.292 ms)
[2025-12-10 08:06:50] NETWORK INFO: Server authentication successful for node: aggregator-001
✓ Aggregator connected: aggregator-001 from 127.0.0.1
✓ Sent 334131 bytes to aggregator-001 (0.41ms)
Session completed with aggregator-001
[2025-12-10 08:06:57] Meter 25: Generated 6.697 kWh (encrypted: 334307 bytes, 10.149 ms)
[2025-12-10 08:07:17] Meter 25: Generated 2.821 kWh (encrypted: 334223 bytes, 6.036 ms)
[2025-12-10 08:07:37] Meter 25: Generated 1.996 kWh (encrypted: 334156 bytes, 4.436 ms)
[2025-12-10 08:07:55] NETWORK INFO: Server authentication successful for node: aggregator-001
✓ Aggregator connected: aggregator-001 from 127.0.0.1
✓ Sent 334156 bytes to aggregator-001 (1.20ms)
Session completed with aggregator-001
[2025-12-10 08:07:57] Meter 25: Generated 1.271 kWh (encrypted: 334159 bytes, 4.683 ms)
[2025-12-10 08:08:17] Meter 25: Generated 6.069 kWh (encrypted: 334474 bytes, 17.468 ms)
[2025-12-10 08:08:37] Meter 25: Generated 5.842 kWh (encrypted: 334393 bytes, 4.968 ms)
[2025-12-10 08:08:57] Meter 25: Generated 5.599 kWh (encrypted: 334034 bytes, 4.538 ms)
[2025-12-10 08:09:01] NETWORK INFO: Server authentication successful for node: aggregator-001
✓ Aggregator connected: aggregator-001 from 127.0.0.1
✓ Sent 334034 bytes to aggregator-001 (9.70ms)
Session completed with aggregator-001
[2025-12-10 08:09:17] Meter 25: Generated 2.420 kWh (encrypted: 334332 bytes, 6.505 ms)
[2025-12-10 08:09:37] Meter 25: Generated 4.703 kWh (encrypted: 334330 bytes, 7.256 ms)
[2025-12-10 08:09:57] Meter 25: Generated 5.947 kWh (encrypted: 334456 bytes, 4.908 ms)
[2025-12-10 08:10:06] NETWORK INFO: Server authentication successful for node: aggregator-001
✓ Aggregator connected: aggregator-001 from 127.0.0.1
✓ Sent 334456 bytes to aggregator-001 (11.46ms)
Session completed with aggregator-001
[2025-12-10 08:10:17] Meter 25: Generated 1.403 kWh (encrypted: 334303 bytes, 6.514 ms)
[2025-12-10 08:10:37] Meter 25: Generated 6.809 kWh (encrypted: 334394 bytes, 6.203 ms)
[2025-12-10 08:10:57] Meter 25: Generated 5.196 kWh (encrypted: 334330 bytes, 4.733 ms)
[2025-12-10 08:11:12] NETWORK INFO: Server authentication successful for node: aggregator-001
✓ Aggregator connected: aggregator-001 from 127.0.0.1
✓ Sent 334330 bytes to aggregator-001 (0.35ms)
Session completed with aggregator-001
[2025-12-10 08:11:17] Meter 25: Generated 1.585 kWh (encrypted: 334196 bytes, 16.388 ms)
[2025-12-10 08:11:37] Meter 25: Generated 5.945 kWh (encrypted: 334312 bytes, 7.560 ms)
[2025-12-10 08:11:57] Meter 25: Generated 1.674 kWh (encrypted: 334362 bytes, 7.851 ms)
[2025-12-10 08:12:17] Meter 25: Generated 3.804 kWh (encrypted: 334425 bytes, 7.071 ms)
[2025-12-10 08:12:17] NETWORK INFO: Server authentication successful for node: aggregator-001
✓ Aggregator connected: aggregator-001 from 127.0.0.1
✓ Sent 334425 bytes to aggregator-001 (0.38ms)
Session completed with aggregator-001

Received shutdown signal. Gracefully shutting down smart meter...
Network server thread stopped
Data generation thread stopped
Smart meter 25 shutdown complete
