=== Continuous Smart Meter Server 84 ===
Initializing for continuous operation...
SEAL context initialized
Loaded certificate: smart-meter-084
Requesting public keys from KDC...
[2025-12-10 07:56:48] NETWORK ERROR: Failed to connect to 127.0.0.1:8444: Connection refused
Error: Failed to connect to KDC at 127.0.0.1:8444
Error: Failed to send key request to KDC
Failed to obtain keys from KDC, falling back to file keys
Loaded keys from fallback files
Cryptographic components initialized
[2025-12-10 07:56:48] NETWORK INFO: Server socket created and listening on port 9084
✓ Smart meter server ready on port 9084
Data transmission interval: 20 seconds (15x accelerated - simulates 5min)
✓ Performance metrics CSV files initialized in performance_data/
Starting continuous smart meter operation...
Press Ctrl+C to stop gracefully
Data generation thread started
Network server thread started on port 9084
[2025-12-10 07:57:08] Meter 84: Generated 5.240 kWh (encrypted: 334365 bytes, 5.000 ms)
[2025-12-10 07:57:15] NETWORK INFO: Server authentication successful for node: aggregator-001
✓ Aggregator connected: aggregator-001 from 127.0.0.1
✓ Sent 334365 bytes to aggregator-001 (0.70ms)
Session completed with aggregator-001
[2025-12-10 07:57:28] Meter 84: Generated 4.374 kWh (encrypted: 334384 bytes, 4.250 ms)
[2025-12-10 07:57:48] Meter 84: Generated 6.259 kWh (encrypted: 334468 bytes, 4.475 ms)
[2025-12-10 07:58:08] Meter 84: Generated 6.278 kWh (encrypted: 334251 bytes, 4.464 ms)
[2025-12-10 07:58:25] NETWORK INFO: Server authentication successful for node: aggregator-001
✓ Aggregator connected: aggregator-001 from 127.0.0.1
✓ Sent 334251 bytes to aggregator-001 (0.36ms)
Session completed with aggregator-001
[2025-12-10 07:58:28] Meter 84: Generated 5.907 kWh (encrypted: 334350 bytes, 4.511 ms)
[2025-12-10 07:58:48] Meter 84: Generated 4.662 kWh (encrypted: 334364 bytes, 4.487 ms)
[2025-12-10 07:59:08] Meter 84: Generated 0.841 kWh (encrypted: 334371 bytes, 4.596 ms)
[2025-12-10 07:59:26] NETWORK INFO: Server authentication successful for node: aggregator-001
✓ Aggregator connected: aggregator-001 from 127.0.0.1
✓ Sent 334371 bytes to aggregator-001 (0.34ms)
Session completed with aggregator-001
[2025-12-10 07:59:28] Meter 84: Generated 6.412 kWh (encrypted: 334296 bytes, 4.649 ms)
[2025-12-10 07:59:48] Meter 84: Generated 3.699 kWh (encrypted: 334474 bytes, 4.585 ms)
[2025-12-10 08:00:08] Meter 84: Generated 6.785 kWh (encrypted: 334073 bytes, 4.620 ms)
[2025-12-10 08:00:28] Meter 84: Generated 5.931 kWh (encrypted: 334088 bytes, 5.308 ms)
[2025-12-10 08:00:28] NETWORK INFO: Server authentication successful for node: aggregator-001
✓ Aggregator connected: aggregator-001 from 127.0.0.1
✓ Sent 334088 bytes to aggregator-001 (0.37ms)
Session completed with aggregator-001
[2025-12-10 08:00:48] Meter 84: Generated 6.285 kWh (encrypted: 334122 bytes, 5.171 ms)
[2025-12-10 08:01:08] Meter 84: Generated 6.705 kWh (encrypted: 334397 bytes, 6.175 ms)
[2025-12-10 08:01:28] Meter 84: Generated 3.636 kWh (encrypted: 334032 bytes, 4.357 ms)
[2025-12-10 08:01:31] NETWORK INFO: Server authentication successful for node: aggregator-001
✓ Aggregator connected: aggregator-001 from 127.0.0.1
✓ Sent 334032 bytes to aggregator-001 (0.39ms)
Session completed with aggregator-001
[2025-12-10 08:01:48] Meter 84: Generated 5.829 kWh (encrypted: 334037 bytes, 4.380 ms)
[2025-12-10 08:02:08] Meter 84: Generated 1.264 kWh (encrypted: 333988 bytes, 5.888 ms)
[2025-12-10 08:02:28] Meter 84: Generated 3.348 kWh (encrypted: 334311 bytes, 4.992 ms)
[2025-12-10 08:02:33] NETWORK INFO: Server authentication successful for node: aggregator-001
✓ Aggregator connected: aggregator-001 from 127.0.0.1
✓ Sent 334311 bytes to aggregator-001 (2.11ms)
Session completed with aggregator-001
[2025-12-10 08:02:48] Meter 84: Generated 2.217 kWh (encrypted: 334306 bytes, 6.431 ms)
[2025-12-10 08:03:08] Meter 84: Generated 1.129 kWh (encrypted: 334147 bytes, 5.833 ms)
[2025-12-10 08:03:28] Meter 84: Generated 5.233 kWh (encrypted: 334403 bytes, 4.851 ms)
[2025-12-10 08:03:36] NETWORK INFO: Server authentication successful for node: aggregator-001
✓ Aggregator connected: aggregator-001 from 127.0.0.1
✓ Sent 334403 bytes to aggregator-001 (0.44ms)
Session completed with aggregator-001
[2025-12-10 08:03:48] Meter 84: Generated 4.956 kWh (encrypted: 334469 bytes, 5.360 ms)
[2025-12-10 08:04:08] Meter 84: Generated 6.817 kWh (encrypted: 334431 bytes, 5.241 ms)
[2025-12-10 08:04:28] Meter 84: Generated 7.123 kWh (encrypted: 334166 bytes, 5.348 ms)
[2025-12-10 08:04:39] NETWORK INFO: Server authentication successful for node: aggregator-001
✓ Aggregator connected: aggregator-001 from 127.0.0.1
✓ Sent 334166 bytes to aggregator-001 (0.38ms)
Session completed with aggregator-001
[2025-12-10 08:04:48] Meter 84: Generated 5.874 kWh (encrypted: 334308 bytes, 5.329 ms)
[2025-12-10 08:05:08] Meter 84: Generated 3.186 kWh (encrypted: 334392 bytes, 4.561 ms)
[2025-12-10 08:05:28] Meter 84: Generated 3.727 kWh (encrypted: 334432 bytes, 4.492 ms)
[2025-12-10 08:05:44] NETWORK INFO: Server authentication successful for node: aggregator-001
✓ Aggregator connected: aggregator-001 from 127.0.0.1
✓ Sent 334432 bytes to aggregator-001 (0.36ms)
Session completed with aggregator-001
[2025-12-10 08:05:48] Meter 84: Generated 2.639 kWh (encrypted: 334281 bytes, 4.529 ms)
[2025-12-10 08:06:08] Meter 84: Generated 4.827 kWh (encrypted: 334145 bytes, 5.937 ms)
[2025-12-10 08:06:28] Meter 84: Generated 6.331 kWh (encrypted: 334455 bytes, 5.008 ms)
[2025-12-10 08:06:48] Meter 84: Generated 1.152 kWh (encrypted: 334190 bytes, 4.998 ms)
[2025-12-10 08:06:50] NETWORK INFO: Server authentication successful for node: aggregator-001
✓ Aggregator connected: aggregator-001 from 127.0.0.1
✓ Sent 334190 bytes to aggregator-001 (0.41ms)
Session completed with aggregator-001
[2025-12-10 08:07:08] Meter 84: Generated 4.659 kWh (encrypted: 334505 bytes, 4.994 ms)
[2025-12-10 08:07:28] Meter 84: Generated 2.263 kWh (encrypted: 334222 bytes, 4.545 ms)
[2025-12-10 08:07:48] Meter 84: Generated 4.081 kWh (encrypted: 334340 bytes, 6.553 ms)
[2025-12-10 08:07:56] NETWORK INFO: Server authentication successful for node: aggregator-001
✓ Aggregator connected: aggregator-001 from 127.0.0.1
✓ Sent 334340 bytes to aggregator-001 (15.93ms)
Session completed with aggregator-001
[2025-12-10 08:08:08] Meter 84: Generated 3.097 kWh (encrypted: 334408 bytes, 6.678 ms)
[2025-12-10 08:08:28] Meter 84: Generated 4.361 kWh (encrypted: 334489 bytes, 5.641 ms)
[2025-12-10 08:08:48] Meter 84: Generated 4.668 kWh (encrypted: 334046 bytes, 4.307 ms)
[2025-12-10 08:09:01] NETWORK INFO: Server authentication successful for node: aggregator-001
✓ Aggregator connected: aggregator-001 from 127.0.0.1
✓ Sent 334046 bytes to aggregator-001 (0.41ms)
Session completed with aggregator-001
[2025-12-10 08:09:08] Meter 84: Generated 4.350 kWh (encrypted: 334276 bytes, 4.623 ms)
[2025-12-10 08:09:28] Meter 84: Generated 4.603 kWh (encrypted: 334422 bytes, 5.471 ms)
[2025-12-10 08:09:48] Meter 84: Generated 4.739 kWh (encrypted: 334412 bytes, 4.562 ms)
[2025-12-10 08:10:06] NETWORK INFO: Server authentication successful for node: aggregator-001
✓ Aggregator connected: aggregator-001 from 127.0.0.1
✓ Sent 334412 bytes to aggregator-001 (0.38ms)
Session completed with aggregator-001
[2025-12-10 08:10:08] Meter 84: Generated 5.076 kWh (encrypted: 334212 bytes, 17.675 ms)
[2025-12-10 08:10:28] Meter 84: Generated 4.065 kWh (encrypted: 334336 bytes, 6.808 ms)
[2025-12-10 08:10:48] Meter 84: Generated 7.282 kWh (encrypted: 334304 bytes, 4.912 ms)
[2025-12-10 08:11:09] Meter 84: Generated 3.047 kWh (encrypted: 334384 bytes, 6.542 ms)
[2025-12-10 08:11:12] NETWORK INFO: Server authentication successful for node: aggregator-001
✓ Aggregator connected: aggregator-001 from 127.0.0.1
✓ Sent 334384 bytes to aggregator-001 (2.21ms)
Session completed with aggregator-001
[2025-12-10 08:11:29] Meter 84: Generated 6.347 kWh (encrypted: 334462 bytes, 6.537 ms)
[2025-12-10 08:11:49] Meter 84: Generated 2.671 kWh (encrypted: 334380 bytes, 4.390 ms)
[2025-12-10 08:12:09] Meter 84: Generated 1.196 kWh (encrypted: 334337 bytes, 6.605 ms)
[2025-12-10 08:12:17] NETWORK INFO: Server authentication successful for node: aggregator-001
✓ Aggregator connected: aggregator-001 from 127.0.0.1
✓ Sent 334337 bytes to aggregator-001 (0.37ms)
Session completed with aggregator-001
[2025-12-10 08:12:29] Meter 84: Generated 1.133 kWh (encrypted: 334406 bytes, 7.218 ms)

Received shutdown signal. Gracefully shutting down smart meter...
Network server thread stopped
Data generation thread stopped
Smart meter 84 shutdown complete
