=== Continuous Smart Meter Server 417 ===
Initializing for continuous operation...
SEAL context initialized
Loaded certificate: smart-meter-417
Requesting public keys from KDC...
[2025-12-10 08:03:40] NETWORK ERROR: Failed to connect to 127.0.0.1:8444: Connection refused
Error: Failed to connect to KDC at 127.0.0.1:8444
Error: Failed to send key request to KDC
Failed to obtain keys from KDC, falling back to file keys
Loaded keys from fallback files
Cryptographic components initialized
[2025-12-10 08:03:40] NETWORK INFO: Server socket created and listening on port 9417
✓ Smart meter server ready on port 9417
Data transmission interval: 20 seconds (15x accelerated - simulates 5min)
✓ Performance metrics CSV files initialized in performance_data/
Starting continuous smart meter operation...
Press Ctrl+C to stop gracefully
Data generation thread started
Network server thread started on port 9417
[2025-12-10 08:04:00] Meter 417: Generated 1.690 kWh (encrypted: 334065 bytes, 4.939 ms)
[2025-12-10 08:04:20] Meter 417: Generated 6.355 kWh (encrypted: 334374 bytes, 4.502 ms)
[2025-12-10 08:04:39] NETWORK INFO: Server authentication successful for node: aggregator-001
✓ Aggregator connected: aggregator-001 from 127.0.0.1
✓ Sent 334374 bytes to aggregator-001 (7.67ms)
Session completed with aggregator-001
[2025-12-10 08:04:40] Meter 417: Generated 3.744 kWh (encrypted: 334344 bytes, 4.914 ms)
[2025-12-10 08:05:00] Meter 417: Generated 1.907 kWh (encrypted: 334356 bytes, 4.615 ms)
[2025-12-10 08:05:20] Meter 417: Generated 5.750 kWh (encrypted: 334383 bytes, 5.946 ms)
[2025-12-10 08:05:40] Meter 417: Generated 4.733 kWh (encrypted: 334229 bytes, 4.469 ms)
[2025-12-10 08:05:44] NETWORK INFO: Server authentication successful for node: aggregator-001
✓ Aggregator connected: aggregator-001 from 127.0.0.1
✓ Sent 334229 bytes to aggregator-001 (0.38ms)
Session completed with aggregator-001
[2025-12-10 08:06:00] Meter 417: Generated 1.966 kWh (encrypted: 334244 bytes, 4.414 ms)
[2025-12-10 08:06:20] Meter 417: Generated 1.663 kWh (encrypted: 334041 bytes, 4.348 ms)
[2025-12-10 08:06:40] Meter 417: Generated 2.579 kWh (encrypted: 334381 bytes, 4.297 ms)
[2025-12-10 08:06:50] NETWORK INFO: Server authentication successful for node: aggregator-001
✓ Aggregator connected: aggregator-001 from 127.0.0.1
✓ Sent 334381 bytes to aggregator-001 (0.36ms)
Session completed with aggregator-001
[2025-12-10 08:07:00] Meter 417: Generated 6.773 kWh (encrypted: 334348 bytes, 4.631 ms)
[2025-12-10 08:07:20] Meter 417: Generated 7.474 kWh (encrypted: 334485 bytes, 6.738 ms)
[2025-12-10 08:07:40] Meter 417: Generated 3.341 kWh (encrypted: 334455 bytes, 4.327 ms)
[2025-12-10 08:07:56] NETWORK INFO: Server authentication successful for node: aggregator-001
✓ Aggregator connected: aggregator-001 from 127.0.0.1
✓ Sent 334455 bytes to aggregator-001 (0.35ms)
Session completed with aggregator-001
[2025-12-10 08:08:00] Meter 417: Generated 4.773 kWh (encrypted: 334287 bytes, 6.639 ms)
[2025-12-10 08:08:20] Meter 417: Generated 3.953 kWh (encrypted: 334486 bytes, 4.660 ms)
[2025-12-10 08:08:40] Meter 417: Generated 0.958 kWh (encrypted: 334345 bytes, 4.403 ms)
[2025-12-10 08:09:00] Meter 417: Generated 3.498 kWh (encrypted: 334303 bytes, 8.217 ms)
[2025-12-10 08:09:01] NETWORK INFO: Server authentication successful for node: aggregator-001
✓ Aggregator connected: aggregator-001 from 127.0.0.1
✓ Sent 334303 bytes to aggregator-001 (0.35ms)
Session completed with aggregator-001
[2025-12-10 08:09:20] Meter 417: Generated 2.336 kWh (encrypted: 334168 bytes, 6.221 ms)
[2025-12-10 08:09:40] Meter 417: Generated 1.176 kWh (encrypted: 334471 bytes, 4.902 ms)
[2025-12-10 08:10:00] Meter 417: Generated 6.298 kWh (encrypted: 334361 bytes, 5.919 ms)
[2025-12-10 08:10:06] NETWORK INFO: Server authentication successful for node: aggregator-001
✓ Aggregator connected: aggregator-001 from 127.0.0.1
✓ Sent 334361 bytes to aggregator-001 (0.39ms)
Session completed with aggregator-001
[2025-12-10 08:10:20] Meter 417: Generated 3.243 kWh (encrypted: 334353 bytes, 5.861 ms)
[2025-12-10 08:10:40] Meter 417: Generated 5.433 kWh (encrypted: 333774 bytes, 4.978 ms)
[2025-12-10 08:11:00] Meter 417: Generated 2.333 kWh (encrypted: 334402 bytes, 6.658 ms)
[2025-12-10 08:11:12] NETWORK INFO: Server authentication successful for node: aggregator-001
✓ Aggregator connected: aggregator-001 from 127.0.0.1
✓ Sent 334402 bytes to aggregator-001 (0.43ms)
Session completed with aggregator-001
[2025-12-10 08:11:20] Meter 417: Generated 4.959 kWh (encrypted: 334014 bytes, 6.449 ms)
[2025-12-10 08:11:40] Meter 417: Generated 0.763 kWh (encrypted: 334221 bytes, 7.963 ms)
[2025-12-10 08:12:00] Meter 417: Generated 5.369 kWh (encrypted: 333295 bytes, 7.642 ms)
[2025-12-10 08:12:17] NETWORK INFO: Server authentication successful for node: aggregator-001
✓ Aggregator connected: aggregator-001 from 127.0.0.1
✓ Sent 333295 bytes to aggregator-001 (1.85ms)
Session completed with aggregator-001
[2025-12-10 08:12:20] Meter 417: Generated 6.755 kWh (encrypted: 333972 bytes, 4.644 ms)

Received shutdown signal. Gracefully shutting down smart meter...
Network server thread stopped
Data generation thread stopped
Smart meter 417 shutdown complete
