=== Continuous Smart Meter Server 462 ===
Initializing for continuous operation...
SEAL context initialized
Loaded certificate: smart-meter-462
Requesting public keys from KDC...
[2025-12-10 08:04:37] NETWORK ERROR: Failed to connect to 127.0.0.1:8444: Connection refused
Error: Failed to connect to KDC at 127.0.0.1:8444
Error: Failed to send key request to KDC
Failed to obtain keys from KDC, falling back to file keys
Loaded keys from fallback files
Cryptographic components initialized
[2025-12-10 08:04:37] NETWORK INFO: Server socket created and listening on port 9462
✓ Smart meter server ready on port 9462
Data transmission interval: 20 seconds (15x accelerated - simulates 5min)
✓ Performance metrics CSV files initialized in performance_data/
Starting continuous smart meter operation...
Press Ctrl+C to stop gracefully
Data generation thread started
Network server thread started on port 9462
[2025-12-10 08:04:40] NETWORK INFO: Server authentication successful for node: aggregator-001
✓ Aggregator connected: aggregator-001 from 127.0.0.1
[2025-12-10 08:04:57] Meter 462: Generated 2.414 kWh (encrypted: 334345 bytes, 7.405 ms)
✓ Sent 334345 bytes to aggregator-001 (0.75ms)
Session completed with aggregator-001
[2025-12-10 08:05:17] Meter 462: Generated 2.177 kWh (encrypted: 334410 bytes, 5.858 ms)
[2025-12-10 08:05:37] Meter 462: Generated 3.490 kWh (encrypted: 334495 bytes, 4.864 ms)
[2025-12-10 08:05:44] NETWORK INFO: Server authentication successful for node: aggregator-001
✓ Aggregator connected: aggregator-001 from 127.0.0.1
✓ Sent 334495 bytes to aggregator-001 (0.47ms)
Session completed with aggregator-001
[2025-12-10 08:05:57] Meter 462: Generated 5.273 kWh (encrypted: 334419 bytes, 18.513 ms)
[2025-12-10 08:06:17] Meter 462: Generated 6.116 kWh (encrypted: 334192 bytes, 7.640 ms)
[2025-12-10 08:06:37] Meter 462: Generated 5.523 kWh (encrypted: 334260 bytes, 4.600 ms)
[2025-12-10 08:06:50] NETWORK INFO: Server authentication successful for node: aggregator-001
✓ Aggregator connected: aggregator-001 from 127.0.0.1
✓ Sent 334260 bytes to aggregator-001 (0.36ms)
Session completed with aggregator-001
[2025-12-10 08:06:57] Meter 462: Generated 3.629 kWh (encrypted: 334172 bytes, 13.253 ms)
[2025-12-10 08:07:17] Meter 462: Generated 3.710 kWh (encrypted: 334489 bytes, 6.542 ms)
[2025-12-10 08:07:37] Meter 462: Generated 5.081 kWh (encrypted: 333797 bytes, 6.469 ms)
[2025-12-10 08:07:56] NETWORK INFO: Server authentication successful for node: aggregator-001
✓ Aggregator connected: aggregator-001 from 127.0.0.1
✓ Sent 333797 bytes to aggregator-001 (0.35ms)
Session completed with aggregator-001
[2025-12-10 08:07:57] Meter 462: Generated 2.925 kWh (encrypted: 334031 bytes, 8.025 ms)
[2025-12-10 08:08:17] Meter 462: Generated 4.786 kWh (encrypted: 334462 bytes, 6.616 ms)
[2025-12-10 08:08:37] Meter 462: Generated 1.531 kWh (encrypted: 334205 bytes, 4.638 ms)
[2025-12-10 08:08:57] Meter 462: Generated 3.325 kWh (encrypted: 334327 bytes, 4.957 ms)
[2025-12-10 08:09:01] NETWORK INFO: Server authentication successful for node: aggregator-001
✓ Aggregator connected: aggregator-001 from 127.0.0.1
✓ Sent 334327 bytes to aggregator-001 (0.43ms)
Session completed with aggregator-001
[2025-12-10 08:09:17] Meter 462: Generated 5.123 kWh (encrypted: 334356 bytes, 11.737 ms)
[2025-12-10 08:09:37] Meter 462: Generated 4.821 kWh (encrypted: 334399 bytes, 7.667 ms)
[2025-12-10 08:09:57] Meter 462: Generated 4.497 kWh (encrypted: 334356 bytes, 4.872 ms)
[2025-12-10 08:10:06] NETWORK INFO: Server authentication successful for node: aggregator-001
✓ Aggregator connected: aggregator-001 from 127.0.0.1
✓ Sent 334356 bytes to aggregator-001 (35.85ms)
Session completed with aggregator-001
[2025-12-10 08:10:17] Meter 462: Generated 4.990 kWh (encrypted: 334378 bytes, 6.528 ms)
[2025-12-10 08:10:37] Meter 462: Generated 3.368 kWh (encrypted: 334377 bytes, 4.870 ms)
[2025-12-10 08:10:57] Meter 462: Generated 3.462 kWh (encrypted: 334111 bytes, 4.326 ms)
[2025-12-10 08:11:12] NETWORK INFO: Server authentication successful for node: aggregator-001
✓ Aggregator connected: aggregator-001 from 127.0.0.1
✓ Sent 334111 bytes to aggregator-001 (0.40ms)
Session completed with aggregator-001
[2025-12-10 08:11:17] Meter 462: Generated 4.113 kWh (encrypted: 334247 bytes, 9.474 ms)
[2025-12-10 08:11:37] Meter 462: Generated 4.403 kWh (encrypted: 333314 bytes, 14.176 ms)
[2025-12-10 08:11:57] Meter 462: Generated 2.760 kWh (encrypted: 334445 bytes, 4.500 ms)
[2025-12-10 08:12:17] Meter 462: Generated 6.801 kWh (encrypted: 334204 bytes, 24.036 ms)
[2025-12-10 08:12:17] NETWORK INFO: Server authentication successful for node: aggregator-001
✓ Aggregator connected: aggregator-001 from 127.0.0.1
✓ Sent 334204 bytes to aggregator-001 (0.37ms)
Session completed with aggregator-001

Received shutdown signal. Gracefully shutting down smart meter...
Network server thread stopped
Data generation thread stopped
Smart meter 462 shutdown complete
