=== Continuous Smart Meter Server 379 ===
Initializing for continuous operation...
SEAL context initialized
Loaded certificate: smart-meter-379
Requesting public keys from KDC...
[2025-12-10 08:02:52] NETWORK ERROR: Failed to connect to 127.0.0.1:8444: Connection refused
Error: Failed to connect to KDC at 127.0.0.1:8444
Error: Failed to send key request to KDC
Failed to obtain keys from KDC, falling back to file keys
Loaded keys from fallback files
Cryptographic components initialized
[2025-12-10 08:02:52] NETWORK INFO: Server socket created and listening on port 9379
✓ Smart meter server ready on port 9379
Data transmission interval: 20 seconds (15x accelerated - simulates 5min)
✓ Performance metrics CSV files initialized in performance_data/
Starting continuous smart meter operation...
Press Ctrl+C to stop gracefully
Data generation thread started
Network server thread started on port 9379
[2025-12-10 08:03:12] Meter 379: Generated 4.595 kWh (encrypted: 334011 bytes, 4.883 ms)
[2025-12-10 08:03:32] Meter 379: Generated 2.831 kWh (encrypted: 334144 bytes, 4.311 ms)
[2025-12-10 08:03:36] NETWORK INFO: Server authentication successful for node: aggregator-001
✓ Aggregator connected: aggregator-001 from 127.0.0.1
✓ Sent 334144 bytes to aggregator-001 (1.58ms)
Session completed with aggregator-001
[2025-12-10 08:03:52] Meter 379: Generated 6.791 kWh (encrypted: 334338 bytes, 4.370 ms)
[2025-12-10 08:04:12] Meter 379: Generated 3.056 kWh (encrypted: 334069 bytes, 5.281 ms)
[2025-12-10 08:04:32] Meter 379: Generated 2.707 kWh (encrypted: 334414 bytes, 4.462 ms)
[2025-12-10 08:04:39] NETWORK INFO: Server authentication successful for node: aggregator-001
✓ Aggregator connected: aggregator-001 from 127.0.0.1
✓ Sent 334414 bytes to aggregator-001 (0.38ms)
Session completed with aggregator-001
[2025-12-10 08:04:52] Meter 379: Generated 4.107 kWh (encrypted: 334099 bytes, 4.688 ms)
[2025-12-10 08:05:12] Meter 379: Generated 4.801 kWh (encrypted: 334394 bytes, 5.761 ms)
[2025-12-10 08:05:32] Meter 379: Generated 5.327 kWh (encrypted: 334206 bytes, 6.402 ms)
[2025-12-10 08:05:44] NETWORK INFO: Server authentication successful for node: aggregator-001
✓ Aggregator connected: aggregator-001 from 127.0.0.1
✓ Sent 334206 bytes to aggregator-001 (5.19ms)
Session completed with aggregator-001
[2025-12-10 08:05:52] Meter 379: Generated 3.599 kWh (encrypted: 334322 bytes, 7.044 ms)
[2025-12-10 08:06:12] Meter 379: Generated 7.333 kWh (encrypted: 334306 bytes, 6.868 ms)
[2025-12-10 08:06:32] Meter 379: Generated 5.524 kWh (encrypted: 334425 bytes, 6.525 ms)
[2025-12-10 08:06:50] NETWORK INFO: Server authentication successful for node: aggregator-001
✓ Aggregator connected: aggregator-001 from 127.0.0.1
✓ Sent 334425 bytes to aggregator-001 (0.35ms)
Session completed with aggregator-001
[2025-12-10 08:06:52] Meter 379: Generated 6.061 kWh (encrypted: 334533 bytes, 5.880 ms)
[2025-12-10 08:07:12] Meter 379: Generated 1.668 kWh (encrypted: 333984 bytes, 7.793 ms)
[2025-12-10 08:07:32] Meter 379: Generated 6.351 kWh (encrypted: 334094 bytes, 7.581 ms)
[2025-12-10 08:07:52] Meter 379: Generated 7.443 kWh (encrypted: 334338 bytes, 5.164 ms)
[2025-12-10 08:07:56] NETWORK INFO: Server authentication successful for node: aggregator-001
✓ Aggregator connected: aggregator-001 from 127.0.0.1
✓ Sent 334338 bytes to aggregator-001 (0.35ms)
Session completed with aggregator-001
[2025-12-10 08:08:12] Meter 379: Generated 4.960 kWh (encrypted: 334231 bytes, 6.371 ms)
[2025-12-10 08:08:32] Meter 379: Generated 3.690 kWh (encrypted: 334217 bytes, 9.170 ms)
[2025-12-10 08:08:52] Meter 379: Generated 3.192 kWh (encrypted: 334189 bytes, 4.386 ms)
[2025-12-10 08:09:01] NETWORK INFO: Server authentication successful for node: aggregator-001
✓ Aggregator connected: aggregator-001 from 127.0.0.1
✓ Sent 334189 bytes to aggregator-001 (3.88ms)
Session completed with aggregator-001
[2025-12-10 08:09:12] Meter 379: Generated 1.739 kWh (encrypted: 334156 bytes, 7.230 ms)
[2025-12-10 08:09:32] Meter 379: Generated 5.045 kWh (encrypted: 334131 bytes, 5.405 ms)
[2025-12-10 08:09:52] Meter 379: Generated 2.751 kWh (encrypted: 334323 bytes, 7.172 ms)
[2025-12-10 08:10:06] NETWORK INFO: Server authentication successful for node: aggregator-001
✓ Aggregator connected: aggregator-001 from 127.0.0.1
✓ Sent 334323 bytes to aggregator-001 (0.36ms)
Session completed with aggregator-001
[2025-12-10 08:10:13] Meter 379: Generated 1.379 kWh (encrypted: 334515 bytes, 9.214 ms)
[2025-12-10 08:10:33] Meter 379: Generated 0.846 kWh (encrypted: 334250 bytes, 4.533 ms)
[2025-12-10 08:10:53] Meter 379: Generated 4.368 kWh (encrypted: 334267 bytes, 6.504 ms)
[2025-12-10 08:11:12] NETWORK INFO: Server authentication successful for node: aggregator-001
✓ Aggregator connected: aggregator-001 from 127.0.0.1
✓ Sent 334267 bytes to aggregator-001 (0.36ms)
Session completed with aggregator-001
[2025-12-10 08:11:13] Meter 379: Generated 6.915 kWh (encrypted: 334279 bytes, 4.499 ms)
[2025-12-10 08:11:33] Meter 379: Generated 1.479 kWh (encrypted: 334337 bytes, 4.771 ms)
[2025-12-10 08:11:53] Meter 379: Generated 2.690 kWh (encrypted: 334483 bytes, 4.482 ms)
[2025-12-10 08:12:13] Meter 379: Generated 2.005 kWh (encrypted: 334362 bytes, 5.629 ms)
[2025-12-10 08:12:17] NETWORK INFO: Server authentication successful for node: aggregator-001
✓ Aggregator connected: aggregator-001 from 127.0.0.1
✓ Sent 334362 bytes to aggregator-001 (0.36ms)
Session completed with aggregator-001
[2025-12-10 08:12:33] Meter 379: Generated 5.944 kWh (encrypted: 334426 bytes, 11.317 ms)

Received shutdown signal. Gracefully shutting down smart meter...
Network server thread stopped
Data generation thread stopped
Smart meter 379 shutdown complete
