=== Continuous Smart Meter Server 384 ===
Initializing for continuous operation...
SEAL context initialized
Loaded certificate: smart-meter-384
Requesting public keys from KDC...
[2025-12-10 08:02:59] NETWORK ERROR: Failed to connect to 127.0.0.1:8444: Connection refused
Error: Failed to connect to KDC at 127.0.0.1:8444
Error: Failed to send key request to KDC
Failed to obtain keys from KDC, falling back to file keys
Loaded keys from fallback files
Cryptographic components initialized
[2025-12-10 08:02:59] NETWORK INFO: Server socket created and listening on port 9384
✓ Smart meter server ready on port 9384
Data transmission interval: 20 seconds (15x accelerated - simulates 5min)
✓ Performance metrics CSV files initialized in performance_data/
Starting continuous smart meter operation...
Press Ctrl+C to stop gracefully
Data generation thread started
Network server thread started on port 9384
[2025-12-10 08:03:19] Meter 384: Generated 2.648 kWh (encrypted: 334358 bytes, 7.537 ms)
[2025-12-10 08:03:36] NETWORK INFO: Server authentication successful for node: aggregator-001
✓ Aggregator connected: aggregator-001 from 127.0.0.1
✓ Sent 334358 bytes to aggregator-001 (3.03ms)
Session completed with aggregator-001
[2025-12-10 08:03:39] Meter 384: Generated 3.512 kWh (encrypted: 334185 bytes, 4.526 ms)
[2025-12-10 08:03:59] Meter 384: Generated 3.338 kWh (encrypted: 334070 bytes, 5.896 ms)
[2025-12-10 08:04:19] Meter 384: Generated 1.806 kWh (encrypted: 334466 bytes, 4.493 ms)
[2025-12-10 08:04:39] Meter 384: Generated 1.269 kWh (encrypted: 334381 bytes, 12.407 ms)
[2025-12-10 08:04:39] NETWORK INFO: Server authentication successful for node: aggregator-001
✓ Aggregator connected: aggregator-001 from 127.0.0.1
✓ Sent 334381 bytes to aggregator-001 (0.40ms)
Session completed with aggregator-001
[2025-12-10 08:04:59] Meter 384: Generated 2.705 kWh (encrypted: 334064 bytes, 4.839 ms)
[2025-12-10 08:05:19] Meter 384: Generated 1.306 kWh (encrypted: 334330 bytes, 6.495 ms)
[2025-12-10 08:05:39] Meter 384: Generated 5.771 kWh (encrypted: 334261 bytes, 4.675 ms)
[2025-12-10 08:05:44] NETWORK INFO: Server authentication successful for node: aggregator-001
✓ Aggregator connected: aggregator-001 from 127.0.0.1
✓ Sent 334261 bytes to aggregator-001 (51.12ms)
Session completed with aggregator-001
[2025-12-10 08:05:59] Meter 384: Generated 5.331 kWh (encrypted: 334401 bytes, 6.739 ms)
[2025-12-10 08:06:19] Meter 384: Generated 6.917 kWh (encrypted: 334147 bytes, 6.484 ms)
[2025-12-10 08:06:39] Meter 384: Generated 6.465 kWh (encrypted: 334524 bytes, 4.467 ms)
[2025-12-10 08:06:50] NETWORK INFO: Server authentication successful for node: aggregator-001
✓ Aggregator connected: aggregator-001 from 127.0.0.1
✓ Sent 334524 bytes to aggregator-001 (0.68ms)
Session completed with aggregator-001
[2025-12-10 08:06:59] Meter 384: Generated 3.479 kWh (encrypted: 334369 bytes, 10.146 ms)
[2025-12-10 08:07:19] Meter 384: Generated 5.072 kWh (encrypted: 334273 bytes, 6.403 ms)
[2025-12-10 08:07:39] Meter 384: Generated 1.101 kWh (encrypted: 334104 bytes, 6.369 ms)
[2025-12-10 08:07:56] NETWORK INFO: Server authentication successful for node: aggregator-001
✓ Aggregator connected: aggregator-001 from 127.0.0.1
✓ Sent 334104 bytes to aggregator-001 (0.36ms)
Session completed with aggregator-001
[2025-12-10 08:07:59] Meter 384: Generated 2.961 kWh (encrypted: 334022 bytes, 6.747 ms)
[2025-12-10 08:08:19] Meter 384: Generated 1.165 kWh (encrypted: 333961 bytes, 6.426 ms)
[2025-12-10 08:08:39] Meter 384: Generated 0.971 kWh (encrypted: 334174 bytes, 6.409 ms)
[2025-12-10 08:08:59] Meter 384: Generated 2.733 kWh (encrypted: 334344 bytes, 5.507 ms)
[2025-12-10 08:09:01] NETWORK INFO: Server authentication successful for node: aggregator-001
✓ Aggregator connected: aggregator-001 from 127.0.0.1
✓ Sent 334344 bytes to aggregator-001 (0.36ms)
Session completed with aggregator-001
[2025-12-10 08:09:19] Meter 384: Generated 3.892 kWh (encrypted: 334472 bytes, 6.527 ms)
[2025-12-10 08:09:39] Meter 384: Generated 7.021 kWh (encrypted: 334384 bytes, 4.320 ms)
[2025-12-10 08:09:59] Meter 384: Generated 7.490 kWh (encrypted: 334450 bytes, 6.754 ms)
[2025-12-10 08:10:06] NETWORK INFO: Server authentication successful for node: aggregator-001
✓ Aggregator connected: aggregator-001 from 127.0.0.1
✓ Sent 334450 bytes to aggregator-001 (0.39ms)
Session completed with aggregator-001
[2025-12-10 08:10:19] Meter 384: Generated 5.765 kWh (encrypted: 334284 bytes, 4.765 ms)
[2025-12-10 08:10:39] Meter 384: Generated 4.252 kWh (encrypted: 334428 bytes, 6.501 ms)
[2025-12-10 08:10:59] Meter 384: Generated 2.655 kWh (encrypted: 334490 bytes, 4.538 ms)
[2025-12-10 08:11:12] NETWORK INFO: Server authentication successful for node: aggregator-001
✓ Aggregator connected: aggregator-001 from 127.0.0.1
✓ Sent 334490 bytes to aggregator-001 (0.36ms)
Session completed with aggregator-001
[2025-12-10 08:11:19] Meter 384: Generated 5.264 kWh (encrypted: 334378 bytes, 4.396 ms)
[2025-12-10 08:11:39] Meter 384: Generated 3.132 kWh (encrypted: 334380 bytes, 4.650 ms)
[2025-12-10 08:11:59] Meter 384: Generated 7.493 kWh (encrypted: 334273 bytes, 5.316 ms)
[2025-12-10 08:12:17] NETWORK INFO: Server authentication successful for node: aggregator-001
✓ Aggregator connected: aggregator-001 from 127.0.0.1
✓ Sent 334273 bytes to aggregator-001 (1.34ms)
Session completed with aggregator-001
[2025-12-10 08:12:19] Meter 384: Generated 1.208 kWh (encrypted: 334382 bytes, 4.428 ms)

Received shutdown signal. Gracefully shutting down smart meter...
Network server thread stopped
Data generation thread stopped
Smart meter 384 shutdown complete
