=== Continuous Smart Meter Server 469 ===
Initializing for continuous operation...
SEAL context initialized
Loaded certificate: smart-meter-469
Requesting public keys from KDC...
[2025-12-10 08:04:46] NETWORK ERROR: Failed to connect to 127.0.0.1:8444: Connection refused
Error: Failed to connect to KDC at 127.0.0.1:8444
Error: Failed to send key request to KDC
Failed to obtain keys from KDC, falling back to file keys
Loaded keys from fallback files
Cryptographic components initialized
[2025-12-10 08:04:46] NETWORK INFO: Server socket created and listening on port 9469
✓ Smart meter server ready on port 9469
Data transmission interval: 20 seconds (15x accelerated - simulates 5min)
✓ Performance metrics CSV files initialized in performance_data/
Starting continuous smart meter operation...
Press Ctrl+C to stop gracefully
Data generation thread started
Network server thread started on port 9469
[2025-12-10 08:05:06] Meter 469: Generated 5.577 kWh (encrypted: 334111 bytes, 5.204 ms)
[2025-12-10 08:05:26] Meter 469: Generated 3.391 kWh (encrypted: 333344 bytes, 4.684 ms)
[2025-12-10 08:05:44] NETWORK INFO: Server authentication successful for node: aggregator-001
✓ Aggregator connected: aggregator-001 from 127.0.0.1
✓ Sent 333344 bytes to aggregator-001 (0.82ms)
Session completed with aggregator-001
[2025-12-10 08:05:46] Meter 469: Generated 3.838 kWh (encrypted: 334120 bytes, 4.643 ms)
[2025-12-10 08:06:06] Meter 469: Generated 3.264 kWh (encrypted: 334490 bytes, 4.645 ms)
[2025-12-10 08:06:26] Meter 469: Generated 1.606 kWh (encrypted: 334292 bytes, 6.757 ms)
[2025-12-10 08:06:46] Meter 469: Generated 3.564 kWh (encrypted: 334372 bytes, 5.776 ms)
[2025-12-10 08:06:50] NETWORK INFO: Server authentication successful for node: aggregator-001
✓ Aggregator connected: aggregator-001 from 127.0.0.1
✓ Sent 334372 bytes to aggregator-001 (2.48ms)
Session completed with aggregator-001
[2025-12-10 08:07:06] Meter 469: Generated 4.751 kWh (encrypted: 334476 bytes, 4.546 ms)
[2025-12-10 08:07:26] Meter 469: Generated 5.207 kWh (encrypted: 334258 bytes, 6.423 ms)
[2025-12-10 08:07:46] Meter 469: Generated 6.057 kWh (encrypted: 334431 bytes, 4.726 ms)
[2025-12-10 08:07:56] NETWORK INFO: Server authentication successful for node: aggregator-001
✓ Aggregator connected: aggregator-001 from 127.0.0.1
✓ Sent 334431 bytes to aggregator-001 (0.37ms)
Session completed with aggregator-001
[2025-12-10 08:08:06] Meter 469: Generated 1.891 kWh (encrypted: 334199 bytes, 4.683 ms)
[2025-12-10 08:08:26] Meter 469: Generated 1.460 kWh (encrypted: 334066 bytes, 4.940 ms)
[2025-12-10 08:08:46] Meter 469: Generated 3.489 kWh (encrypted: 334116 bytes, 4.798 ms)
[2025-12-10 08:09:01] NETWORK INFO: Server authentication successful for node: aggregator-001
✓ Aggregator connected: aggregator-001 from 127.0.0.1
✓ Sent 334116 bytes to aggregator-001 (0.77ms)
Session completed with aggregator-001
[2025-12-10 08:09:06] Meter 469: Generated 4.518 kWh (encrypted: 334481 bytes, 5.068 ms)
[2025-12-10 08:09:26] Meter 469: Generated 3.264 kWh (encrypted: 334065 bytes, 5.106 ms)
[2025-12-10 08:09:46] Meter 469: Generated 3.890 kWh (encrypted: 334172 bytes, 4.488 ms)
[2025-12-10 08:10:06] Meter 469: Generated 5.414 kWh (encrypted: 334174 bytes, 6.530 ms)
[2025-12-10 08:10:06] NETWORK INFO: Server authentication successful for node: aggregator-001
✓ Aggregator connected: aggregator-001 from 127.0.0.1
✓ Sent 334174 bytes to aggregator-001 (0.57ms)
Session completed with aggregator-001
[2025-12-10 08:10:26] Meter 469: Generated 1.803 kWh (encrypted: 333896 bytes, 4.709 ms)
[2025-12-10 08:10:46] Meter 469: Generated 4.822 kWh (encrypted: 334400 bytes, 5.235 ms)
[2025-12-10 08:11:06] Meter 469: Generated 5.568 kWh (encrypted: 334342 bytes, 6.631 ms)
[2025-12-10 08:11:12] NETWORK INFO: Server authentication successful for node: aggregator-001
✓ Aggregator connected: aggregator-001 from 127.0.0.1
✓ Sent 334342 bytes to aggregator-001 (0.36ms)
Session completed with aggregator-001
[2025-12-10 08:11:26] Meter 469: Generated 7.465 kWh (encrypted: 334441 bytes, 4.898 ms)
[2025-12-10 08:11:46] Meter 469: Generated 6.958 kWh (encrypted: 334260 bytes, 6.207 ms)
[2025-12-10 08:12:06] Meter 469: Generated 5.769 kWh (encrypted: 334106 bytes, 6.209 ms)
[2025-12-10 08:12:17] NETWORK INFO: Server authentication successful for node: aggregator-001
✓ Aggregator connected: aggregator-001 from 127.0.0.1
✓ Sent 334106 bytes to aggregator-001 (0.33ms)
Session completed with aggregator-001
[2025-12-10 08:12:26] Meter 469: Generated 4.729 kWh (encrypted: 334539 bytes, 6.366 ms)

Received shutdown signal. Gracefully shutting down smart meter...
Network server thread stopped
Data generation thread stopped
Smart meter 469 shutdown complete
