=== Continuous Smart Meter Server 135 ===
Initializing for continuous operation...
SEAL context initialized
Loaded certificate: smart-meter-135
Requesting public keys from KDC...
[2025-12-10 07:57:50] NETWORK ERROR: Failed to connect to 127.0.0.1:8444: Connection refused
Error: Failed to connect to KDC at 127.0.0.1:8444
Error: Failed to send key request to KDC
Failed to obtain keys from KDC, falling back to file keys
Loaded keys from fallback files
Cryptographic components initialized
[2025-12-10 07:57:50] NETWORK INFO: Server socket created and listening on port 9135
✓ Smart meter server ready on port 9135
Data transmission interval: 20 seconds (15x accelerated - simulates 5min)
✓ Performance metrics CSV files initialized in performance_data/
Starting continuous smart meter operation...
Press Ctrl+C to stop gracefully
Data generation thread started
Network server thread started on port 9135
[2025-12-10 07:58:10] Meter 135: Generated 2.147 kWh (encrypted: 334158 bytes, 4.986 ms)
[2025-12-10 07:58:25] NETWORK INFO: Server authentication successful for node: aggregator-001
✓ Aggregator connected: aggregator-001 from 127.0.0.1
✓ Sent 334158 bytes to aggregator-001 (1.88ms)
Session completed with aggregator-001
[2025-12-10 07:58:30] Meter 135: Generated 0.893 kWh (encrypted: 334385 bytes, 5.256 ms)
[2025-12-10 07:58:50] Meter 135: Generated 5.876 kWh (encrypted: 334161 bytes, 6.388 ms)
[2025-12-10 07:59:10] Meter 135: Generated 5.255 kWh (encrypted: 334305 bytes, 4.547 ms)
[2025-12-10 07:59:27] NETWORK INFO: Server authentication successful for node: aggregator-001
✓ Aggregator connected: aggregator-001 from 127.0.0.1
✓ Sent 334305 bytes to aggregator-001 (6.04ms)
Session completed with aggregator-001
[2025-12-10 07:59:30] Meter 135: Generated 5.677 kWh (encrypted: 334390 bytes, 4.658 ms)
[2025-12-10 07:59:50] Meter 135: Generated 4.808 kWh (encrypted: 334230 bytes, 5.225 ms)
[2025-12-10 08:00:10] Meter 135: Generated 4.734 kWh (encrypted: 334292 bytes, 4.618 ms)
[2025-12-10 08:00:28] NETWORK INFO: Server authentication successful for node: aggregator-001
✓ Aggregator connected: aggregator-001 from 127.0.0.1
✓ Sent 334292 bytes to aggregator-001 (8.31ms)
Session completed with aggregator-001
[2025-12-10 08:00:30] Meter 135: Generated 6.992 kWh (encrypted: 334275 bytes, 4.818 ms)
[2025-12-10 08:00:50] Meter 135: Generated 2.169 kWh (encrypted: 334429 bytes, 6.893 ms)
[2025-12-10 08:01:10] Meter 135: Generated 3.204 kWh (encrypted: 334480 bytes, 4.793 ms)
[2025-12-10 08:01:30] Meter 135: Generated 1.931 kWh (encrypted: 334356 bytes, 5.828 ms)
[2025-12-10 08:01:31] NETWORK INFO: Server authentication successful for node: aggregator-001
✓ Aggregator connected: aggregator-001 from 127.0.0.1
✓ Sent 334356 bytes to aggregator-001 (0.74ms)
Session completed with aggregator-001
[2025-12-10 08:01:50] Meter 135: Generated 2.905 kWh (encrypted: 334204 bytes, 5.223 ms)
[2025-12-10 08:02:10] Meter 135: Generated 2.707 kWh (encrypted: 334383 bytes, 5.182 ms)
[2025-12-10 08:02:30] Meter 135: Generated 6.053 kWh (encrypted: 334465 bytes, 6.450 ms)
[2025-12-10 08:02:33] NETWORK INFO: Server authentication successful for node: aggregator-001
✓ Aggregator connected: aggregator-001 from 127.0.0.1
✓ Sent 334465 bytes to aggregator-001 (0.35ms)
Session completed with aggregator-001
[2025-12-10 08:02:50] Meter 135: Generated 1.765 kWh (encrypted: 334258 bytes, 6.575 ms)
[2025-12-10 08:03:10] Meter 135: Generated 3.085 kWh (encrypted: 334348 bytes, 6.222 ms)
[2025-12-10 08:03:30] Meter 135: Generated 5.486 kWh (encrypted: 334348 bytes, 4.324 ms)
[2025-12-10 08:03:36] NETWORK INFO: Server authentication successful for node: aggregator-001
✓ Aggregator connected: aggregator-001 from 127.0.0.1
✓ Sent 334348 bytes to aggregator-001 (0.40ms)
Session completed with aggregator-001
[2025-12-10 08:03:50] Meter 135: Generated 5.568 kWh (encrypted: 334515 bytes, 6.609 ms)
[2025-12-10 08:04:11] Meter 135: Generated 4.207 kWh (encrypted: 333940 bytes, 4.679 ms)
[2025-12-10 08:04:31] Meter 135: Generated 0.747 kWh (encrypted: 334134 bytes, 4.383 ms)
[2025-12-10 08:04:39] NETWORK INFO: Server authentication successful for node: aggregator-001
✓ Aggregator connected: aggregator-001 from 127.0.0.1
✓ Sent 334134 bytes to aggregator-001 (6.17ms)
Session completed with aggregator-001
[2025-12-10 08:04:51] Meter 135: Generated 4.637 kWh (encrypted: 334240 bytes, 4.489 ms)
[2025-12-10 08:05:11] Meter 135: Generated 3.850 kWh (encrypted: 334412 bytes, 4.990 ms)
[2025-12-10 08:05:31] Meter 135: Generated 4.698 kWh (encrypted: 334312 bytes, 4.436 ms)
[2025-12-10 08:05:44] NETWORK INFO: Server authentication successful for node: aggregator-001
✓ Aggregator connected: aggregator-001 from 127.0.0.1
✓ Sent 334312 bytes to aggregator-001 (25.39ms)
Session completed with aggregator-001
[2025-12-10 08:05:51] Meter 135: Generated 2.829 kWh (encrypted: 334266 bytes, 4.791 ms)
[2025-12-10 08:06:11] Meter 135: Generated 1.726 kWh (encrypted: 334433 bytes, 4.627 ms)
[2025-12-10 08:06:31] Meter 135: Generated 6.630 kWh (encrypted: 334494 bytes, 4.599 ms)
[2025-12-10 08:06:50] NETWORK INFO: Server authentication successful for node: aggregator-001
✓ Aggregator connected: aggregator-001 from 127.0.0.1
✓ Sent 334494 bytes to aggregator-001 (0.37ms)
Session completed with aggregator-001
[2025-12-10 08:06:51] Meter 135: Generated 4.970 kWh (encrypted: 334412 bytes, 13.550 ms)
[2025-12-10 08:07:11] Meter 135: Generated 5.353 kWh (encrypted: 334218 bytes, 4.939 ms)
[2025-12-10 08:07:31] Meter 135: Generated 6.775 kWh (encrypted: 334257 bytes, 4.539 ms)
[2025-12-10 08:07:51] Meter 135: Generated 3.381 kWh (encrypted: 334037 bytes, 4.625 ms)
[2025-12-10 08:07:56] NETWORK INFO: Server authentication successful for node: aggregator-001
✓ Aggregator connected: aggregator-001 from 127.0.0.1
✓ Sent 334037 bytes to aggregator-001 (10.52ms)
Session completed with aggregator-001
[2025-12-10 08:08:11] Meter 135: Generated 4.026 kWh (encrypted: 334369 bytes, 5.634 ms)
[2025-12-10 08:08:31] Meter 135: Generated 6.340 kWh (encrypted: 334161 bytes, 4.429 ms)
[2025-12-10 08:08:51] Meter 135: Generated 2.337 kWh (encrypted: 334102 bytes, 6.826 ms)
[2025-12-10 08:09:01] NETWORK INFO: Server authentication successful for node: aggregator-001
✓ Aggregator connected: aggregator-001 from 127.0.0.1
✓ Sent 334102 bytes to aggregator-001 (0.38ms)
Session completed with aggregator-001
[2025-12-10 08:09:11] Meter 135: Generated 4.506 kWh (encrypted: 334360 bytes, 6.143 ms)
[2025-12-10 08:09:31] Meter 135: Generated 1.856 kWh (encrypted: 334074 bytes, 6.936 ms)
[2025-12-10 08:09:51] Meter 135: Generated 3.108 kWh (encrypted: 333842 bytes, 5.442 ms)
[2025-12-10 08:10:06] NETWORK INFO: Server authentication successful for node: aggregator-001
✓ Aggregator connected: aggregator-001 from 127.0.0.1
✓ Sent 333842 bytes to aggregator-001 (2.36ms)
Session completed with aggregator-001
[2025-12-10 08:10:11] Meter 135: Generated 2.335 kWh (encrypted: 334398 bytes, 7.553 ms)
[2025-12-10 08:10:31] Meter 135: Generated 2.767 kWh (encrypted: 334330 bytes, 6.240 ms)
[2025-12-10 08:10:51] Meter 135: Generated 1.958 kWh (encrypted: 334365 bytes, 5.199 ms)
[2025-12-10 08:11:11] Meter 135: Generated 1.853 kWh (encrypted: 333988 bytes, 5.429 ms)
[2025-12-10 08:11:12] NETWORK INFO: Server authentication successful for node: aggregator-001
✓ Aggregator connected: aggregator-001 from 127.0.0.1
✓ Sent 333988 bytes to aggregator-001 (0.36ms)
Session completed with aggregator-001
[2025-12-10 08:11:31] Meter 135: Generated 3.350 kWh (encrypted: 334212 bytes, 11.295 ms)
[2025-12-10 08:11:51] Meter 135: Generated 2.494 kWh (encrypted: 334205 bytes, 4.645 ms)
[2025-12-10 08:12:11] Meter 135: Generated 2.605 kWh (encrypted: 334409 bytes, 4.855 ms)
[2025-12-10 08:12:17] NETWORK INFO: Server authentication successful for node: aggregator-001
✓ Aggregator connected: aggregator-001 from 127.0.0.1
✓ Sent 334409 bytes to aggregator-001 (0.43ms)
Session completed with aggregator-001
[2025-12-10 08:12:31] Meter 135: Generated 2.185 kWh (encrypted: 334418 bytes, 4.517 ms)

Received shutdown signal. Gracefully shutting down smart meter...
Network server thread stopped
Data generation thread stopped
Smart meter 135 shutdown complete
