=== Continuous Smart Meter Server 308 ===
Initializing for continuous operation...
SEAL context initialized
Loaded certificate: smart-meter-308
Requesting public keys from KDC...
[2025-12-10 08:01:24] NETWORK ERROR: Failed to connect to 127.0.0.1:8444: Connection refused
Error: Failed to connect to KDC at 127.0.0.1:8444
Error: Failed to send key request to KDC
Failed to obtain keys from KDC, falling back to file keys
Loaded keys from fallback files
Cryptographic components initialized
[2025-12-10 08:01:24] NETWORK INFO: Server socket created and listening on port 9308
✓ Smart meter server ready on port 9308
Data transmission interval: 20 seconds (15x accelerated - simulates 5min)
✓ Performance metrics CSV files initialized in performance_data/
Starting continuous smart meter operation...
Press Ctrl+C to stop gracefully
Data generation thread started
Network server thread started on port 9308
[2025-12-10 08:01:31] NETWORK INFO: Server authentication successful for node: aggregator-001
✓ Aggregator connected: aggregator-001 from 127.0.0.1
[2025-12-10 08:01:44] Meter 308: Generated 6.864 kWh (encrypted: 334354 bytes, 5.116 ms)
✓ Sent 334354 bytes to aggregator-001 (0.85ms)
Session completed with aggregator-001
[2025-12-10 08:02:04] Meter 308: Generated 5.407 kWh (encrypted: 334470 bytes, 8.802 ms)
[2025-12-10 08:02:24] Meter 308: Generated 3.812 kWh (encrypted: 334326 bytes, 5.081 ms)
[2025-12-10 08:02:33] NETWORK INFO: Server authentication successful for node: aggregator-001
✓ Aggregator connected: aggregator-001 from 127.0.0.1
✓ Sent 334326 bytes to aggregator-001 (0.36ms)
Session completed with aggregator-001
[2025-12-10 08:02:44] Meter 308: Generated 1.492 kWh (encrypted: 334377 bytes, 4.542 ms)
[2025-12-10 08:03:04] Meter 308: Generated 1.060 kWh (encrypted: 334378 bytes, 4.774 ms)
[2025-12-10 08:03:24] Meter 308: Generated 1.784 kWh (encrypted: 334482 bytes, 4.521 ms)
[2025-12-10 08:03:36] NETWORK INFO: Server authentication successful for node: aggregator-001
✓ Aggregator connected: aggregator-001 from 127.0.0.1
✓ Sent 334482 bytes to aggregator-001 (0.37ms)
Session completed with aggregator-001
[2025-12-10 08:03:44] Meter 308: Generated 4.936 kWh (encrypted: 334099 bytes, 4.859 ms)
[2025-12-10 08:04:04] Meter 308: Generated 6.865 kWh (encrypted: 334247 bytes, 4.699 ms)
[2025-12-10 08:04:24] Meter 308: Generated 0.927 kWh (encrypted: 334128 bytes, 6.038 ms)
[2025-12-10 08:04:39] NETWORK INFO: Server authentication successful for node: aggregator-001
✓ Aggregator connected: aggregator-001 from 127.0.0.1
✓ Sent 334128 bytes to aggregator-001 (0.35ms)
Session completed with aggregator-001
[2025-12-10 08:04:44] Meter 308: Generated 7.011 kWh (encrypted: 334331 bytes, 4.627 ms)
[2025-12-10 08:05:04] Meter 308: Generated 5.528 kWh (encrypted: 334419 bytes, 6.191 ms)
[2025-12-10 08:05:24] Meter 308: Generated 0.934 kWh (encrypted: 334027 bytes, 4.867 ms)
[2025-12-10 08:05:44] Meter 308: Generated 3.093 kWh (encrypted: 334113 bytes, 4.509 ms)
[2025-12-10 08:05:44] NETWORK INFO: Server authentication successful for node: aggregator-001
✓ Aggregator connected: aggregator-001 from 127.0.0.1
✓ Sent 334113 bytes to aggregator-001 (0.35ms)
Session completed with aggregator-001
[2025-12-10 08:06:04] Meter 308: Generated 3.160 kWh (encrypted: 334434 bytes, 4.454 ms)
[2025-12-10 08:06:24] Meter 308: Generated 0.753 kWh (encrypted: 334315 bytes, 6.429 ms)
[2025-12-10 08:06:44] Meter 308: Generated 5.637 kWh (encrypted: 334156 bytes, 5.185 ms)
[2025-12-10 08:06:50] NETWORK INFO: Server authentication successful for node: aggregator-001
✓ Aggregator connected: aggregator-001 from 127.0.0.1
✓ Sent 334156 bytes to aggregator-001 (0.38ms)
Session completed with aggregator-001
[2025-12-10 08:07:04] Meter 308: Generated 5.606 kWh (encrypted: 334388 bytes, 4.484 ms)
[2025-12-10 08:07:24] Meter 308: Generated 6.103 kWh (encrypted: 334125 bytes, 4.587 ms)
[2025-12-10 08:07:44] Meter 308: Generated 4.867 kWh (encrypted: 333911 bytes, 4.625 ms)
[2025-12-10 08:07:56] NETWORK INFO: Server authentication successful for node: aggregator-001
✓ Aggregator connected: aggregator-001 from 127.0.0.1
✓ Sent 333911 bytes to aggregator-001 (12.81ms)
Session completed with aggregator-001
[2025-12-10 08:08:04] Meter 308: Generated 4.304 kWh (encrypted: 334209 bytes, 4.833 ms)
[2025-12-10 08:08:24] Meter 308: Generated 1.529 kWh (encrypted: 334392 bytes, 4.670 ms)
[2025-12-10 08:08:44] Meter 308: Generated 6.262 kWh (encrypted: 334346 bytes, 4.609 ms)
[2025-12-10 08:09:01] NETWORK INFO: Server authentication successful for node: aggregator-001
✓ Aggregator connected: aggregator-001 from 127.0.0.1
✓ Sent 334346 bytes to aggregator-001 (0.37ms)
Session completed with aggregator-001
[2025-12-10 08:09:04] Meter 308: Generated 2.035 kWh (encrypted: 334345 bytes, 6.667 ms)
[2025-12-10 08:09:24] Meter 308: Generated 2.420 kWh (encrypted: 334439 bytes, 4.629 ms)
[2025-12-10 08:09:44] Meter 308: Generated 5.577 kWh (encrypted: 334277 bytes, 4.784 ms)
[2025-12-10 08:10:04] Meter 308: Generated 1.350 kWh (encrypted: 334407 bytes, 5.346 ms)
[2025-12-10 08:10:06] NETWORK INFO: Server authentication successful for node: aggregator-001
✓ Aggregator connected: aggregator-001 from 127.0.0.1
✓ Sent 334407 bytes to aggregator-001 (0.36ms)
Session completed with aggregator-001
[2025-12-10 08:10:24] Meter 308: Generated 3.783 kWh (encrypted: 334263 bytes, 5.061 ms)
[2025-12-10 08:10:44] Meter 308: Generated 1.896 kWh (encrypted: 334350 bytes, 4.876 ms)
[2025-12-10 08:11:04] Meter 308: Generated 0.962 kWh (encrypted: 333348 bytes, 6.699 ms)
[2025-12-10 08:11:12] NETWORK INFO: Server authentication successful for node: aggregator-001
✓ Aggregator connected: aggregator-001 from 127.0.0.1
✓ Sent 333348 bytes to aggregator-001 (90.31ms)
Session completed with aggregator-001
[2025-12-10 08:11:24] Meter 308: Generated 5.482 kWh (encrypted: 334288 bytes, 6.074 ms)
[2025-12-10 08:11:44] Meter 308: Generated 4.496 kWh (encrypted: 334073 bytes, 4.526 ms)
[2025-12-10 08:12:04] Meter 308: Generated 2.907 kWh (encrypted: 334383 bytes, 15.293 ms)
[2025-12-10 08:12:17] NETWORK INFO: Server authentication successful for node: aggregator-001
✓ Aggregator connected: aggregator-001 from 127.0.0.1
✓ Sent 334383 bytes to aggregator-001 (1.33ms)
Session completed with aggregator-001
[2025-12-10 08:12:24] Meter 308: Generated 3.362 kWh (encrypted: 334264 bytes, 6.573 ms)

Received shutdown signal. Gracefully shutting down smart meter...
Network server thread stopped
Data generation thread stopped
Smart meter 308 shutdown complete
