=== Continuous Smart Meter Server 160 ===
Initializing for continuous operation...
SEAL context initialized
Loaded certificate: smart-meter-160
Requesting public keys from KDC...
[2025-12-10 07:58:21] NETWORK ERROR: Failed to connect to 127.0.0.1:8444: Connection refused
Error: Failed to connect to KDC at 127.0.0.1:8444
Error: Failed to send key request to KDC
Failed to obtain keys from KDC, falling back to file keys
Loaded keys from fallback files
Cryptographic components initialized
[2025-12-10 07:58:21] NETWORK INFO: Server socket created and listening on port 9160
✓ Smart meter server ready on port 9160
Data transmission interval: 20 seconds (15x accelerated - simulates 5min)
✓ Performance metrics CSV files initialized in performance_data/
Starting continuous smart meter operation...
Press Ctrl+C to stop gracefully
Data generation thread started
Network server thread started on port 9160
[2025-12-10 07:58:25] NETWORK INFO: Server authentication successful for node: aggregator-001
✓ Aggregator connected: aggregator-001 from 127.0.0.1
[2025-12-10 07:58:41] Meter 160: Generated 4.836 kWh (encrypted: 333990 bytes, 5.606 ms)
✓ Sent 333990 bytes to aggregator-001 (0.92ms)
Session completed with aggregator-001
[2025-12-10 07:59:01] Meter 160: Generated 4.450 kWh (encrypted: 334344 bytes, 4.495 ms)
[2025-12-10 07:59:21] Meter 160: Generated 7.222 kWh (encrypted: 334439 bytes, 6.201 ms)
[2025-12-10 07:59:27] NETWORK INFO: Server authentication successful for node: aggregator-001
✓ Aggregator connected: aggregator-001 from 127.0.0.1
✓ Sent 334439 bytes to aggregator-001 (0.34ms)
Session completed with aggregator-001
[2025-12-10 07:59:41] Meter 160: Generated 5.868 kWh (encrypted: 334412 bytes, 4.319 ms)
[2025-12-10 08:00:01] Meter 160: Generated 1.725 kWh (encrypted: 334458 bytes, 4.397 ms)
[2025-12-10 08:00:21] Meter 160: Generated 1.621 kWh (encrypted: 334430 bytes, 6.594 ms)
[2025-12-10 08:00:28] NETWORK INFO: Server authentication successful for node: aggregator-001
✓ Aggregator connected: aggregator-001 from 127.0.0.1
✓ Sent 334430 bytes to aggregator-001 (2.81ms)
Session completed with aggregator-001
[2025-12-10 08:00:41] Meter 160: Generated 5.429 kWh (encrypted: 334452 bytes, 4.749 ms)
[2025-12-10 08:01:01] Meter 160: Generated 4.510 kWh (encrypted: 334431 bytes, 4.604 ms)
[2025-12-10 08:01:21] Meter 160: Generated 6.534 kWh (encrypted: 334294 bytes, 5.613 ms)
[2025-12-10 08:01:31] NETWORK INFO: Server authentication successful for node: aggregator-001
✓ Aggregator connected: aggregator-001 from 127.0.0.1
✓ Sent 334294 bytes to aggregator-001 (0.37ms)
Session completed with aggregator-001
[2025-12-10 08:01:41] Meter 160: Generated 1.607 kWh (encrypted: 334328 bytes, 5.801 ms)
[2025-12-10 08:02:01] Meter 160: Generated 6.520 kWh (encrypted: 334348 bytes, 5.735 ms)
[2025-12-10 08:02:21] Meter 160: Generated 2.494 kWh (encrypted: 334462 bytes, 4.457 ms)
[2025-12-10 08:02:33] NETWORK INFO: Server authentication successful for node: aggregator-001
✓ Aggregator connected: aggregator-001 from 127.0.0.1
✓ Sent 334462 bytes to aggregator-001 (12.12ms)
Session completed with aggregator-001
[2025-12-10 08:02:41] Meter 160: Generated 5.196 kWh (encrypted: 334385 bytes, 5.413 ms)
[2025-12-10 08:03:01] Meter 160: Generated 4.046 kWh (encrypted: 334443 bytes, 4.930 ms)
[2025-12-10 08:03:21] Meter 160: Generated 1.351 kWh (encrypted: 334436 bytes, 7.007 ms)
[2025-12-10 08:03:36] NETWORK INFO: Server authentication successful for node: aggregator-001
✓ Aggregator connected: aggregator-001 from 127.0.0.1
✓ Sent 334436 bytes to aggregator-001 (0.45ms)
Session completed with aggregator-001
[2025-12-10 08:03:41] Meter 160: Generated 6.051 kWh (encrypted: 334301 bytes, 4.508 ms)
[2025-12-10 08:04:01] Meter 160: Generated 1.177 kWh (encrypted: 334148 bytes, 4.386 ms)
[2025-12-10 08:04:21] Meter 160: Generated 1.205 kWh (encrypted: 333988 bytes, 4.486 ms)
[2025-12-10 08:04:39] NETWORK INFO: Server authentication successful for node: aggregator-001
✓ Aggregator connected: aggregator-001 from 127.0.0.1
✓ Sent 333988 bytes to aggregator-001 (0.36ms)
Session completed with aggregator-001
[2025-12-10 08:04:41] Meter 160: Generated 5.830 kWh (encrypted: 334120 bytes, 5.851 ms)
[2025-12-10 08:05:01] Meter 160: Generated 4.972 kWh (encrypted: 334398 bytes, 4.519 ms)
[2025-12-10 08:05:21] Meter 160: Generated 3.449 kWh (encrypted: 334345 bytes, 6.542 ms)
[2025-12-10 08:05:41] Meter 160: Generated 5.554 kWh (encrypted: 334334 bytes, 4.291 ms)
[2025-12-10 08:05:44] NETWORK INFO: Server authentication successful for node: aggregator-001
✓ Aggregator connected: aggregator-001 from 127.0.0.1
✓ Sent 334334 bytes to aggregator-001 (0.34ms)
Session completed with aggregator-001
[2025-12-10 08:06:01] Meter 160: Generated 0.998 kWh (encrypted: 334180 bytes, 5.936 ms)
[2025-12-10 08:06:21] Meter 160: Generated 1.821 kWh (encrypted: 334386 bytes, 6.072 ms)
[2025-12-10 08:06:41] Meter 160: Generated 5.870 kWh (encrypted: 333867 bytes, 5.947 ms)
[2025-12-10 08:06:50] NETWORK INFO: Server authentication successful for node: aggregator-001
✓ Aggregator connected: aggregator-001 from 127.0.0.1
✓ Sent 333867 bytes to aggregator-001 (0.41ms)
Session completed with aggregator-001
[2025-12-10 08:07:01] Meter 160: Generated 6.626 kWh (encrypted: 334011 bytes, 4.728 ms)
[2025-12-10 08:07:21] Meter 160: Generated 3.422 kWh (encrypted: 334335 bytes, 5.482 ms)
[2025-12-10 08:07:41] Meter 160: Generated 4.501 kWh (encrypted: 334341 bytes, 5.286 ms)
[2025-12-10 08:07:56] NETWORK INFO: Server authentication successful for node: aggregator-001
✓ Aggregator connected: aggregator-001 from 127.0.0.1
✓ Sent 334341 bytes to aggregator-001 (0.39ms)
Session completed with aggregator-001
[2025-12-10 08:08:01] Meter 160: Generated 3.756 kWh (encrypted: 334360 bytes, 6.680 ms)
[2025-12-10 08:08:21] Meter 160: Generated 3.550 kWh (encrypted: 334233 bytes, 5.300 ms)
[2025-12-10 08:08:41] Meter 160: Generated 2.256 kWh (encrypted: 334031 bytes, 6.495 ms)
[2025-12-10 08:09:01] NETWORK INFO: Server authentication successful for node: aggregator-001
✓ Aggregator connected: aggregator-001 from 127.0.0.1
✓ Sent 334031 bytes to aggregator-001 (0.35ms)
Session completed with aggregator-001
[2025-12-10 08:09:01] Meter 160: Generated 6.236 kWh (encrypted: 334475 bytes, 4.737 ms)
[2025-12-10 08:09:21] Meter 160: Generated 6.311 kWh (encrypted: 334449 bytes, 6.671 ms)
[2025-12-10 08:09:41] Meter 160: Generated 5.914 kWh (encrypted: 334132 bytes, 4.866 ms)
[2025-12-10 08:10:01] Meter 160: Generated 3.996 kWh (encrypted: 334375 bytes, 4.794 ms)
[2025-12-10 08:10:06] NETWORK INFO: Server authentication successful for node: aggregator-001
✓ Aggregator connected: aggregator-001 from 127.0.0.1
✓ Sent 334375 bytes to aggregator-001 (0.35ms)
Session completed with aggregator-001
[2025-12-10 08:10:21] Meter 160: Generated 2.710 kWh (encrypted: 334226 bytes, 6.694 ms)
[2025-12-10 08:10:41] Meter 160: Generated 6.503 kWh (encrypted: 333582 bytes, 6.303 ms)
[2025-12-10 08:11:01] Meter 160: Generated 5.848 kWh (encrypted: 334344 bytes, 6.517 ms)
[2025-12-10 08:11:12] NETWORK INFO: Server authentication successful for node: aggregator-001
✓ Aggregator connected: aggregator-001 from 127.0.0.1
✓ Sent 334344 bytes to aggregator-001 (0.35ms)
Session completed with aggregator-001
[2025-12-10 08:11:21] Meter 160: Generated 2.425 kWh (encrypted: 334337 bytes, 5.084 ms)
[2025-12-10 08:11:41] Meter 160: Generated 7.155 kWh (encrypted: 334105 bytes, 6.408 ms)
[2025-12-10 08:12:01] Meter 160: Generated 6.103 kWh (encrypted: 334151 bytes, 6.564 ms)
[2025-12-10 08:12:17] NETWORK INFO: Server authentication successful for node: aggregator-001
✓ Aggregator connected: aggregator-001 from 127.0.0.1
✓ Sent 334151 bytes to aggregator-001 (13.27ms)
Session completed with aggregator-001
[2025-12-10 08:12:21] Meter 160: Generated 3.154 kWh (encrypted: 334372 bytes, 6.389 ms)

Received shutdown signal. Gracefully shutting down smart meter...
Network server thread stopped
Data generation thread stopped
Smart meter 160 shutdown complete
