=== Continuous Smart Meter Server 218 ===
Initializing for continuous operation...
SEAL context initialized
Loaded certificate: smart-meter-218
Requesting public keys from KDC...
[2025-12-10 07:59:32] NETWORK ERROR: Failed to connect to 127.0.0.1:8444: Connection refused
Error: Failed to connect to KDC at 127.0.0.1:8444
Error: Failed to send key request to KDC
Failed to obtain keys from KDC, falling back to file keys
Loaded keys from fallback files
Cryptographic components initialized
[2025-12-10 07:59:32] NETWORK INFO: Server socket created and listening on port 9218
✓ Smart meter server ready on port 9218
Data transmission interval: 20 seconds (15x accelerated - simulates 5min)
✓ Performance metrics CSV files initialized in performance_data/
Starting continuous smart meter operation...
Press Ctrl+C to stop gracefully
Data generation thread started
Network server thread started on port 9218
[2025-12-10 07:59:52] Meter 218: Generated 5.378 kWh (encrypted: 334187 bytes, 5.050 ms)
[2025-12-10 08:00:12] Meter 218: Generated 6.715 kWh (encrypted: 333935 bytes, 4.876 ms)
[2025-12-10 08:00:28] NETWORK INFO: Server authentication successful for node: aggregator-001
✓ Aggregator connected: aggregator-001 from 127.0.0.1
✓ Sent 333935 bytes to aggregator-001 (2.20ms)
Session completed with aggregator-001
[2025-12-10 08:00:32] Meter 218: Generated 3.388 kWh (encrypted: 334381 bytes, 4.813 ms)
[2025-12-10 08:00:52] Meter 218: Generated 4.172 kWh (encrypted: 334422 bytes, 4.588 ms)
[2025-12-10 08:01:12] Meter 218: Generated 3.136 kWh (encrypted: 334370 bytes, 4.406 ms)
[2025-12-10 08:01:31] NETWORK INFO: Server authentication successful for node: aggregator-001
✓ Aggregator connected: aggregator-001 from 127.0.0.1
✓ Sent 334370 bytes to aggregator-001 (0.38ms)
Session completed with aggregator-001
[2025-12-10 08:01:32] Meter 218: Generated 4.248 kWh (encrypted: 334261 bytes, 4.498 ms)
[2025-12-10 08:01:52] Meter 218: Generated 4.332 kWh (encrypted: 334363 bytes, 4.634 ms)
[2025-12-10 08:02:12] Meter 218: Generated 2.288 kWh (encrypted: 334252 bytes, 4.393 ms)
[2025-12-10 08:02:32] Meter 218: Generated 3.997 kWh (encrypted: 334265 bytes, 4.808 ms)
[2025-12-10 08:02:33] NETWORK INFO: Server authentication successful for node: aggregator-001
✓ Aggregator connected: aggregator-001 from 127.0.0.1
✓ Sent 334265 bytes to aggregator-001 (9.70ms)
Session completed with aggregator-001
[2025-12-10 08:02:52] Meter 218: Generated 3.598 kWh (encrypted: 334411 bytes, 4.322 ms)
[2025-12-10 08:03:12] Meter 218: Generated 3.488 kWh (encrypted: 334093 bytes, 6.459 ms)
[2025-12-10 08:03:32] Meter 218: Generated 4.934 kWh (encrypted: 334469 bytes, 4.800 ms)
[2025-12-10 08:03:36] NETWORK INFO: Server authentication successful for node: aggregator-001
✓ Aggregator connected: aggregator-001 from 127.0.0.1
✓ Sent 334469 bytes to aggregator-001 (0.37ms)
Session completed with aggregator-001
[2025-12-10 08:03:52] Meter 218: Generated 3.875 kWh (encrypted: 334230 bytes, 4.399 ms)
[2025-12-10 08:04:12] Meter 218: Generated 7.261 kWh (encrypted: 334142 bytes, 4.492 ms)
[2025-12-10 08:04:32] Meter 218: Generated 7.257 kWh (encrypted: 334403 bytes, 4.376 ms)
[2025-12-10 08:04:39] NETWORK INFO: Server authentication successful for node: aggregator-001
✓ Aggregator connected: aggregator-001 from 127.0.0.1
✓ Sent 334403 bytes to aggregator-001 (3.90ms)
Session completed with aggregator-001
[2025-12-10 08:04:52] Meter 218: Generated 7.422 kWh (encrypted: 334168 bytes, 4.721 ms)
[2025-12-10 08:05:12] Meter 218: Generated 5.133 kWh (encrypted: 334175 bytes, 4.548 ms)
[2025-12-10 08:05:32] Meter 218: Generated 0.967 kWh (encrypted: 334400 bytes, 4.457 ms)
[2025-12-10 08:05:44] NETWORK INFO: Server authentication successful for node: aggregator-001
✓ Aggregator connected: aggregator-001 from 127.0.0.1
✓ Sent 334400 bytes to aggregator-001 (0.38ms)
Session completed with aggregator-001
[2025-12-10 08:05:52] Meter 218: Generated 6.566 kWh (encrypted: 334352 bytes, 7.211 ms)
[2025-12-10 08:06:12] Meter 218: Generated 2.151 kWh (encrypted: 334179 bytes, 5.092 ms)
[2025-12-10 08:06:32] Meter 218: Generated 2.102 kWh (encrypted: 334390 bytes, 6.372 ms)
[2025-12-10 08:06:50] NETWORK INFO: Server authentication successful for node: aggregator-001
✓ Aggregator connected: aggregator-001 from 127.0.0.1
✓ Sent 334390 bytes to aggregator-001 (0.37ms)
Session completed with aggregator-001
[2025-12-10 08:06:52] Meter 218: Generated 6.920 kWh (encrypted: 334254 bytes, 5.310 ms)
[2025-12-10 08:07:12] Meter 218: Generated 1.220 kWh (encrypted: 334264 bytes, 7.074 ms)
[2025-12-10 08:07:32] Meter 218: Generated 5.346 kWh (encrypted: 334440 bytes, 9.471 ms)
[2025-12-10 08:07:52] Meter 218: Generated 1.485 kWh (encrypted: 334320 bytes, 5.475 ms)
[2025-12-10 08:07:56] NETWORK INFO: Server authentication successful for node: aggregator-001
✓ Aggregator connected: aggregator-001 from 127.0.0.1
✓ Sent 334320 bytes to aggregator-001 (15.64ms)
Session completed with aggregator-001
[2025-12-10 08:08:12] Meter 218: Generated 5.073 kWh (encrypted: 334345 bytes, 4.604 ms)
[2025-12-10 08:08:32] Meter 218: Generated 1.935 kWh (encrypted: 334174 bytes, 13.790 ms)
[2025-12-10 08:08:52] Meter 218: Generated 5.638 kWh (encrypted: 334426 bytes, 4.415 ms)
[2025-12-10 08:09:01] NETWORK INFO: Server authentication successful for node: aggregator-001
✓ Aggregator connected: aggregator-001 from 127.0.0.1
✓ Sent 334426 bytes to aggregator-001 (5.33ms)
Session completed with aggregator-001
[2025-12-10 08:09:12] Meter 218: Generated 6.364 kWh (encrypted: 334380 bytes, 6.890 ms)
[2025-12-10 08:09:32] Meter 218: Generated 3.603 kWh (encrypted: 334432 bytes, 4.350 ms)
[2025-12-10 08:09:52] Meter 218: Generated 3.470 kWh (encrypted: 334359 bytes, 6.999 ms)
[2025-12-10 08:10:06] NETWORK INFO: Server authentication successful for node: aggregator-001
✓ Aggregator connected: aggregator-001 from 127.0.0.1
✓ Sent 334359 bytes to aggregator-001 (49.91ms)
Session completed with aggregator-001
[2025-12-10 08:10:13] Meter 218: Generated 5.997 kWh (encrypted: 334297 bytes, 15.314 ms)
[2025-12-10 08:10:33] Meter 218: Generated 4.674 kWh (encrypted: 333847 bytes, 4.420 ms)
[2025-12-10 08:10:53] Meter 218: Generated 3.290 kWh (encrypted: 334156 bytes, 4.562 ms)
[2025-12-10 08:11:12] NETWORK INFO: Server authentication successful for node: aggregator-001
✓ Aggregator connected: aggregator-001 from 127.0.0.1
✓ Sent 334156 bytes to aggregator-001 (21.76ms)
Session completed with aggregator-001
[2025-12-10 08:11:13] Meter 218: Generated 4.820 kWh (encrypted: 334366 bytes, 6.443 ms)
[2025-12-10 08:11:33] Meter 218: Generated 2.254 kWh (encrypted: 334207 bytes, 5.922 ms)
[2025-12-10 08:11:53] Meter 218: Generated 1.592 kWh (encrypted: 334479 bytes, 5.744 ms)
[2025-12-10 08:12:13] Meter 218: Generated 3.127 kWh (encrypted: 334346 bytes, 6.650 ms)
[2025-12-10 08:12:17] NETWORK INFO: Server authentication successful for node: aggregator-001
✓ Aggregator connected: aggregator-001 from 127.0.0.1
✓ Sent 334346 bytes to aggregator-001 (0.36ms)
Session completed with aggregator-001
[2025-12-10 08:12:33] Meter 218: Generated 3.553 kWh (encrypted: 334295 bytes, 12.250 ms)

Received shutdown signal. Gracefully shutting down smart meter...
Network server thread stopped
Data generation thread stopped
Smart meter 218 shutdown complete
