=== Continuous Smart Meter Server 11 ===
Initializing for continuous operation...
SEAL context initialized
Loaded certificate: smart-meter-011
Requesting public keys from KDC...
[2025-12-10 07:55:19] NETWORK ERROR: Failed to connect to 127.0.0.1:8444: Connection refused
Error: Failed to connect to KDC at 127.0.0.1:8444
Error: Failed to send key request to KDC
Failed to obtain keys from KDC, falling back to file keys
Loaded keys from fallback files
Cryptographic components initialized
[2025-12-10 07:55:19] NETWORK INFO: Server socket created and listening on port 9011
✓ Smart meter server ready on port 9011
Data transmission interval: 20 seconds (15x accelerated - simulates 5min)
✓ Performance metrics CSV files initialized in performance_data/
Starting continuous smart meter operation...
Press Ctrl+C to stop gracefully
Data generation thread started
Network server thread started on port 9011
[2025-12-10 07:55:39] Meter 11: Generated 7.487 kWh (encrypted: 334319 bytes, 6.016 ms)
[2025-12-10 07:55:59] Meter 11: Generated 6.522 kWh (encrypted: 334351 bytes, 4.267 ms)
[2025-12-10 07:56:05] NETWORK INFO: Server authentication successful for node: aggregator-001
✓ Aggregator connected: aggregator-001 from 127.0.0.1
✓ Sent 334351 bytes to aggregator-001 (0.60ms)
Session completed with aggregator-001
[2025-12-10 07:56:19] Meter 11: Generated 2.282 kWh (encrypted: 334198 bytes, 4.917 ms)
[2025-12-10 07:56:39] Meter 11: Generated 6.358 kWh (encrypted: 334101 bytes, 4.268 ms)
[2025-12-10 07:56:59] Meter 11: Generated 5.889 kWh (encrypted: 334214 bytes, 4.261 ms)
[2025-12-10 07:57:15] NETWORK INFO: Server authentication successful for node: aggregator-001
✓ Aggregator connected: aggregator-001 from 127.0.0.1
✓ Sent 334214 bytes to aggregator-001 (0.34ms)
Session completed with aggregator-001
[2025-12-10 07:57:19] Meter 11: Generated 4.376 kWh (encrypted: 334118 bytes, 4.240 ms)
[2025-12-10 07:57:39] Meter 11: Generated 4.649 kWh (encrypted: 334162 bytes, 4.298 ms)
[2025-12-10 07:58:00] Meter 11: Generated 4.709 kWh (encrypted: 334441 bytes, 4.806 ms)
[2025-12-10 07:58:20] Meter 11: Generated 4.265 kWh (encrypted: 334422 bytes, 4.372 ms)
[2025-12-10 07:58:25] NETWORK INFO: Server authentication successful for node: aggregator-001
✓ Aggregator connected: aggregator-001 from 127.0.0.1
✓ Sent 334422 bytes to aggregator-001 (3.54ms)
Session completed with aggregator-001
[2025-12-10 07:58:40] Meter 11: Generated 2.979 kWh (encrypted: 334140 bytes, 4.435 ms)
[2025-12-10 07:59:00] Meter 11: Generated 3.747 kWh (encrypted: 334103 bytes, 4.859 ms)
[2025-12-10 07:59:20] Meter 11: Generated 2.168 kWh (encrypted: 334253 bytes, 4.580 ms)
[2025-12-10 07:59:26] NETWORK INFO: Server authentication successful for node: aggregator-001
✓ Aggregator connected: aggregator-001 from 127.0.0.1
✓ Sent 334253 bytes to aggregator-001 (0.35ms)
Session completed with aggregator-001
[2025-12-10 07:59:40] Meter 11: Generated 4.281 kWh (encrypted: 334108 bytes, 5.115 ms)
[2025-12-10 08:00:00] Meter 11: Generated 1.297 kWh (encrypted: 334239 bytes, 5.279 ms)
[2025-12-10 08:00:20] Meter 11: Generated 0.809 kWh (encrypted: 334433 bytes, 5.021 ms)
[2025-12-10 08:00:28] NETWORK INFO: Server authentication successful for node: aggregator-001
✓ Aggregator connected: aggregator-001 from 127.0.0.1
✓ Sent 334433 bytes to aggregator-001 (0.36ms)
Session completed with aggregator-001
[2025-12-10 08:00:40] Meter 11: Generated 4.922 kWh (encrypted: 334307 bytes, 5.157 ms)
[2025-12-10 08:01:00] Meter 11: Generated 1.078 kWh (encrypted: 334301 bytes, 6.649 ms)
[2025-12-10 08:01:20] Meter 11: Generated 2.690 kWh (encrypted: 334349 bytes, 5.943 ms)
[2025-12-10 08:01:31] NETWORK INFO: Server authentication successful for node: aggregator-001
✓ Aggregator connected: aggregator-001 from 127.0.0.1
✓ Sent 334349 bytes to aggregator-001 (0.38ms)
Session completed with aggregator-001
[2025-12-10 08:01:40] Meter 11: Generated 4.110 kWh (encrypted: 334406 bytes, 4.379 ms)
[2025-12-10 08:02:00] Meter 11: Generated 4.524 kWh (encrypted: 334091 bytes, 5.475 ms)
[2025-12-10 08:02:20] Meter 11: Generated 3.997 kWh (encrypted: 334422 bytes, 5.822 ms)
[2025-12-10 08:02:33] NETWORK INFO: Server authentication successful for node: aggregator-001
✓ Aggregator connected: aggregator-001 from 127.0.0.1
✓ Sent 334422 bytes to aggregator-001 (0.40ms)
Session completed with aggregator-001
[2025-12-10 08:02:40] Meter 11: Generated 3.751 kWh (encrypted: 334132 bytes, 4.702 ms)
[2025-12-10 08:03:00] Meter 11: Generated 3.456 kWh (encrypted: 334280 bytes, 7.795 ms)
[2025-12-10 08:03:20] Meter 11: Generated 1.735 kWh (encrypted: 334209 bytes, 4.978 ms)
[2025-12-10 08:03:36] NETWORK INFO: Server authentication successful for node: aggregator-001
✓ Aggregator connected: aggregator-001 from 127.0.0.1
✓ Sent 334209 bytes to aggregator-001 (0.71ms)
Session completed with aggregator-001
[2025-12-10 08:03:40] Meter 11: Generated 1.136 kWh (encrypted: 334401 bytes, 4.864 ms)
[2025-12-10 08:04:00] Meter 11: Generated 0.905 kWh (encrypted: 334325 bytes, 5.062 ms)
[2025-12-10 08:04:20] Meter 11: Generated 3.291 kWh (encrypted: 333280 bytes, 4.627 ms)
[2025-12-10 08:04:39] NETWORK INFO: Server authentication successful for node: aggregator-001
✓ Aggregator connected: aggregator-001 from 127.0.0.1
✓ Sent 333280 bytes to aggregator-001 (0.36ms)
Session completed with aggregator-001
[2025-12-10 08:04:40] Meter 11: Generated 3.661 kWh (encrypted: 334419 bytes, 5.463 ms)
[2025-12-10 08:05:00] Meter 11: Generated 2.669 kWh (encrypted: 334062 bytes, 4.892 ms)
[2025-12-10 08:05:20] Meter 11: Generated 3.658 kWh (encrypted: 334401 bytes, 5.425 ms)
[2025-12-10 08:05:40] Meter 11: Generated 3.394 kWh (encrypted: 334292 bytes, 4.575 ms)
[2025-12-10 08:05:44] NETWORK INFO: Server authentication successful for node: aggregator-001
✓ Aggregator connected: aggregator-001 from 127.0.0.1
✓ Sent 334292 bytes to aggregator-001 (0.39ms)
Session completed with aggregator-001
[2025-12-10 08:06:00] Meter 11: Generated 1.173 kWh (encrypted: 334381 bytes, 6.302 ms)
[2025-12-10 08:06:20] Meter 11: Generated 7.241 kWh (encrypted: 334380 bytes, 6.505 ms)
[2025-12-10 08:06:40] Meter 11: Generated 1.705 kWh (encrypted: 334195 bytes, 4.823 ms)
[2025-12-10 08:06:50] NETWORK INFO: Server authentication successful for node: aggregator-001
✓ Aggregator connected: aggregator-001 from 127.0.0.1
✓ Sent 334195 bytes to aggregator-001 (0.42ms)
Session completed with aggregator-001
[2025-12-10 08:07:00] Meter 11: Generated 3.403 kWh (encrypted: 334087 bytes, 6.214 ms)
[2025-12-10 08:07:20] Meter 11: Generated 4.048 kWh (encrypted: 334348 bytes, 5.866 ms)
[2025-12-10 08:07:40] Meter 11: Generated 3.771 kWh (encrypted: 334385 bytes, 4.607 ms)
[2025-12-10 08:07:56] NETWORK INFO: Server authentication successful for node: aggregator-001
✓ Aggregator connected: aggregator-001 from 127.0.0.1
✓ Sent 334385 bytes to aggregator-001 (0.35ms)
Session completed with aggregator-001
[2025-12-10 08:08:00] Meter 11: Generated 6.218 kWh (encrypted: 334282 bytes, 6.391 ms)
[2025-12-10 08:08:20] Meter 11: Generated 2.516 kWh (encrypted: 334501 bytes, 6.662 ms)
[2025-12-10 08:08:40] Meter 11: Generated 2.588 kWh (encrypted: 334348 bytes, 6.926 ms)
[2025-12-10 08:09:00] Meter 11: Generated 6.130 kWh (encrypted: 334377 bytes, 6.719 ms)
[2025-12-10 08:09:01] NETWORK INFO: Server authentication successful for node: aggregator-001
✓ Aggregator connected: aggregator-001 from 127.0.0.1
✓ Sent 334377 bytes to aggregator-001 (1.26ms)
Session completed with aggregator-001
[2025-12-10 08:09:20] Meter 11: Generated 4.055 kWh (encrypted: 334405 bytes, 7.136 ms)
[2025-12-10 08:09:40] Meter 11: Generated 2.185 kWh (encrypted: 334329 bytes, 4.896 ms)
[2025-12-10 08:10:00] Meter 11: Generated 4.351 kWh (encrypted: 334314 bytes, 4.640 ms)
[2025-12-10 08:10:06] NETWORK INFO: Server authentication successful for node: aggregator-001
✓ Aggregator connected: aggregator-001 from 127.0.0.1
✓ Sent 334314 bytes to aggregator-001 (0.39ms)
Session completed with aggregator-001
[2025-12-10 08:10:20] Meter 11: Generated 1.057 kWh (encrypted: 333730 bytes, 6.841 ms)
[2025-12-10 08:10:40] Meter 11: Generated 2.306 kWh (encrypted: 334337 bytes, 5.796 ms)
[2025-12-10 08:11:00] Meter 11: Generated 2.937 kWh (encrypted: 334427 bytes, 4.888 ms)
[2025-12-10 08:11:12] NETWORK INFO: Server authentication successful for node: aggregator-001
✓ Aggregator connected: aggregator-001 from 127.0.0.1
✓ Sent 334427 bytes to aggregator-001 (0.39ms)
Session completed with aggregator-001
[2025-12-10 08:11:20] Meter 11: Generated 5.898 kWh (encrypted: 334259 bytes, 6.915 ms)
[2025-12-10 08:11:40] Meter 11: Generated 4.860 kWh (encrypted: 334348 bytes, 4.722 ms)
[2025-12-10 08:12:00] Meter 11: Generated 5.352 kWh (encrypted: 334164 bytes, 6.869 ms)
[2025-12-10 08:12:17] NETWORK INFO: Server authentication successful for node: aggregator-001
✓ Aggregator connected: aggregator-001 from 127.0.0.1
✓ Sent 334164 bytes to aggregator-001 (0.38ms)
Session completed with aggregator-001
[2025-12-10 08:12:20] Meter 11: Generated 5.013 kWh (encrypted: 334096 bytes, 7.221 ms)

Received shutdown signal. Gracefully shutting down smart meter...
Network server thread stopped

Received shutdown signal. Gracefully shutting down smart meter...
Data generation thread stopped
Smart meter 11 shutdown complete
