=== Continuous Smart Meter Server 378 ===
Initializing for continuous operation...
SEAL context initialized
Loaded certificate: smart-meter-378
Requesting public keys from KDC...
[2025-12-10 08:02:51] NETWORK ERROR: Failed to connect to 127.0.0.1:8444: Connection refused
Error: Failed to connect to KDC at 127.0.0.1:8444
Error: Failed to send key request to KDC
Failed to obtain keys from KDC, falling back to file keys
Loaded keys from fallback files
Cryptographic components initialized
[2025-12-10 08:02:51] NETWORK INFO: Server socket created and listening on port 9378
✓ Smart meter server ready on port 9378
Data transmission interval: 20 seconds (15x accelerated - simulates 5min)
✓ Performance metrics CSV files initialized in performance_data/
Starting continuous smart meter operation...
Press Ctrl+C to stop gracefully
Data generation thread started
Network server thread started on port 9378
[2025-12-10 08:03:11] Meter 378: Generated 3.604 kWh (encrypted: 334412 bytes, 7.479 ms)
[2025-12-10 08:03:31] Meter 378: Generated 1.281 kWh (encrypted: 334153 bytes, 4.901 ms)
[2025-12-10 08:03:36] NETWORK INFO: Server authentication successful for node: aggregator-001
✓ Aggregator connected: aggregator-001 from 127.0.0.1
✓ Sent 334153 bytes to aggregator-001 (65.72ms)
Session completed with aggregator-001
[2025-12-10 08:03:51] Meter 378: Generated 6.806 kWh (encrypted: 334075 bytes, 5.118 ms)
[2025-12-10 08:04:11] Meter 378: Generated 2.171 kWh (encrypted: 334465 bytes, 5.346 ms)
[2025-12-10 08:04:31] Meter 378: Generated 5.595 kWh (encrypted: 334429 bytes, 5.262 ms)
[2025-12-10 08:04:39] NETWORK INFO: Server authentication successful for node: aggregator-001
✓ Aggregator connected: aggregator-001 from 127.0.0.1
✓ Sent 334429 bytes to aggregator-001 (0.38ms)
Session completed with aggregator-001
[2025-12-10 08:04:51] Meter 378: Generated 6.333 kWh (encrypted: 334156 bytes, 4.550 ms)
[2025-12-10 08:05:11] Meter 378: Generated 3.652 kWh (encrypted: 334165 bytes, 5.324 ms)
[2025-12-10 08:05:31] Meter 378: Generated 4.374 kWh (encrypted: 334381 bytes, 4.450 ms)
[2025-12-10 08:05:44] NETWORK INFO: Server authentication successful for node: aggregator-001
✓ Aggregator connected: aggregator-001 from 127.0.0.1
✓ Sent 334381 bytes to aggregator-001 (0.34ms)
Session completed with aggregator-001
[2025-12-10 08:05:51] Meter 378: Generated 4.796 kWh (encrypted: 334419 bytes, 4.358 ms)
[2025-12-10 08:06:11] Meter 378: Generated 1.005 kWh (encrypted: 334183 bytes, 4.588 ms)
[2025-12-10 08:06:31] Meter 378: Generated 7.035 kWh (encrypted: 334402 bytes, 6.478 ms)
[2025-12-10 08:06:50] NETWORK INFO: Server authentication successful for node: aggregator-001
✓ Aggregator connected: aggregator-001 from 127.0.0.1
✓ Sent 334402 bytes to aggregator-001 (0.36ms)
Session completed with aggregator-001
[2025-12-10 08:06:51] Meter 378: Generated 6.809 kWh (encrypted: 334129 bytes, 6.980 ms)
[2025-12-10 08:07:11] Meter 378: Generated 7.440 kWh (encrypted: 334423 bytes, 4.556 ms)
[2025-12-10 08:07:31] Meter 378: Generated 6.481 kWh (encrypted: 334447 bytes, 4.519 ms)
[2025-12-10 08:07:51] Meter 378: Generated 2.545 kWh (encrypted: 334457 bytes, 4.633 ms)
[2025-12-10 08:07:56] NETWORK INFO: Server authentication successful for node: aggregator-001
✓ Aggregator connected: aggregator-001 from 127.0.0.1
✓ Sent 334457 bytes to aggregator-001 (0.35ms)
Session completed with aggregator-001
[2025-12-10 08:08:11] Meter 378: Generated 6.047 kWh (encrypted: 334375 bytes, 4.372 ms)
[2025-12-10 08:08:31] Meter 378: Generated 7.051 kWh (encrypted: 334331 bytes, 4.504 ms)
[2025-12-10 08:08:51] Meter 378: Generated 3.200 kWh (encrypted: 334185 bytes, 4.250 ms)
[2025-12-10 08:09:01] NETWORK INFO: Server authentication successful for node: aggregator-001
✓ Aggregator connected: aggregator-001 from 127.0.0.1
✓ Sent 334185 bytes to aggregator-001 (0.37ms)
Session completed with aggregator-001
[2025-12-10 08:09:11] Meter 378: Generated 4.250 kWh (encrypted: 334080 bytes, 6.162 ms)
[2025-12-10 08:09:31] Meter 378: Generated 2.327 kWh (encrypted: 334137 bytes, 10.435 ms)
[2025-12-10 08:09:51] Meter 378: Generated 3.254 kWh (encrypted: 334283 bytes, 4.563 ms)
[2025-12-10 08:10:06] NETWORK INFO: Server authentication successful for node: aggregator-001
✓ Aggregator connected: aggregator-001 from 127.0.0.1
✓ Sent 334283 bytes to aggregator-001 (0.40ms)
Session completed with aggregator-001
[2025-12-10 08:10:11] Meter 378: Generated 3.366 kWh (encrypted: 333731 bytes, 10.177 ms)
[2025-12-10 08:10:31] Meter 378: Generated 4.911 kWh (encrypted: 334289 bytes, 6.220 ms)
[2025-12-10 08:10:51] Meter 378: Generated 4.588 kWh (encrypted: 334405 bytes, 7.291 ms)
[2025-12-10 08:11:11] Meter 378: Generated 3.443 kWh (encrypted: 334428 bytes, 5.546 ms)
[2025-12-10 08:11:12] NETWORK INFO: Server authentication successful for node: aggregator-001
✓ Aggregator connected: aggregator-001 from 127.0.0.1
✓ Sent 334428 bytes to aggregator-001 (0.38ms)
Session completed with aggregator-001
[2025-12-10 08:11:31] Meter 378: Generated 5.813 kWh (encrypted: 334068 bytes, 4.671 ms)
[2025-12-10 08:11:51] Meter 378: Generated 4.210 kWh (encrypted: 334327 bytes, 4.618 ms)
[2025-12-10 08:12:11] Meter 378: Generated 3.608 kWh (encrypted: 334381 bytes, 4.755 ms)
[2025-12-10 08:12:17] NETWORK INFO: Server authentication successful for node: aggregator-001
✓ Aggregator connected: aggregator-001 from 127.0.0.1
✓ Sent 334381 bytes to aggregator-001 (6.18ms)
Session completed with aggregator-001
[2025-12-10 08:12:31] Meter 378: Generated 2.566 kWh (encrypted: 334328 bytes, 8.494 ms)

Received shutdown signal. Gracefully shutting down smart meter...
Network server thread stopped
Data generation thread stopped
Smart meter 378 shutdown complete
