=== Continuous Smart Meter Server 270 ===
Initializing for continuous operation...
SEAL context initialized
Loaded certificate: smart-meter-270
Requesting public keys from KDC...
[2025-12-10 08:00:36] NETWORK ERROR: Failed to connect to 127.0.0.1:8444: Connection refused
Error: Failed to connect to KDC at 127.0.0.1:8444
Error: Failed to send key request to KDC
Failed to obtain keys from KDC, falling back to file keys
Loaded keys from fallback files
Cryptographic components initialized
[2025-12-10 08:00:36] NETWORK INFO: Server socket created and listening on port 9270
✓ Smart meter server ready on port 9270
Data transmission interval: 20 seconds (15x accelerated - simulates 5min)
✓ Performance metrics CSV files initialized in performance_data/
Starting continuous smart meter operation...
Press Ctrl+C to stop gracefully
Data generation thread started
Network server thread started on port 9270
[2025-12-10 08:00:56] Meter 270: Generated 3.604 kWh (encrypted: 334107 bytes, 5.481 ms)
[2025-12-10 08:01:16] Meter 270: Generated 6.438 kWh (encrypted: 334143 bytes, 5.857 ms)
[2025-12-10 08:01:31] NETWORK INFO: Server authentication successful for node: aggregator-001
✓ Aggregator connected: aggregator-001 from 127.0.0.1
✓ Sent 334143 bytes to aggregator-001 (72.03ms)
Session completed with aggregator-001
[2025-12-10 08:01:36] Meter 270: Generated 2.779 kWh (encrypted: 334248 bytes, 4.676 ms)
[2025-12-10 08:01:56] Meter 270: Generated 5.438 kWh (encrypted: 334362 bytes, 4.872 ms)
[2025-12-10 08:02:16] Meter 270: Generated 3.476 kWh (encrypted: 334301 bytes, 4.865 ms)
[2025-12-10 08:02:33] NETWORK INFO: Server authentication successful for node: aggregator-001
✓ Aggregator connected: aggregator-001 from 127.0.0.1
✓ Sent 334301 bytes to aggregator-001 (0.37ms)
Session completed with aggregator-001
[2025-12-10 08:02:37] Meter 270: Generated 6.980 kWh (encrypted: 334148 bytes, 4.890 ms)
[2025-12-10 08:02:57] Meter 270: Generated 5.358 kWh (encrypted: 334119 bytes, 6.249 ms)
[2025-12-10 08:03:17] Meter 270: Generated 6.163 kWh (encrypted: 334414 bytes, 5.717 ms)
[2025-12-10 08:03:36] NETWORK INFO: Server authentication successful for node: aggregator-001
✓ Aggregator connected: aggregator-001 from 127.0.0.1
✓ Sent 334414 bytes to aggregator-001 (2.22ms)
Session completed with aggregator-001
[2025-12-10 08:03:37] Meter 270: Generated 7.290 kWh (encrypted: 334318 bytes, 5.004 ms)
[2025-12-10 08:03:57] Meter 270: Generated 6.932 kWh (encrypted: 333856 bytes, 4.499 ms)
[2025-12-10 08:04:17] Meter 270: Generated 6.524 kWh (encrypted: 334251 bytes, 4.528 ms)
[2025-12-10 08:04:37] Meter 270: Generated 1.728 kWh (encrypted: 334337 bytes, 4.638 ms)
[2025-12-10 08:04:40] NETWORK INFO: Server authentication successful for node: aggregator-001
✓ Aggregator connected: aggregator-001 from 127.0.0.1
✓ Sent 334337 bytes to aggregator-001 (0.60ms)
Session completed with aggregator-001
[2025-12-10 08:04:57] Meter 270: Generated 7.144 kWh (encrypted: 334050 bytes, 4.585 ms)
[2025-12-10 08:05:17] Meter 270: Generated 3.846 kWh (encrypted: 333987 bytes, 5.742 ms)
[2025-12-10 08:05:37] Meter 270: Generated 3.685 kWh (encrypted: 334381 bytes, 4.559 ms)
[2025-12-10 08:05:44] NETWORK INFO: Server authentication successful for node: aggregator-001
✓ Aggregator connected: aggregator-001 from 127.0.0.1
✓ Sent 334381 bytes to aggregator-001 (0.39ms)
Session completed with aggregator-001
[2025-12-10 08:05:57] Meter 270: Generated 2.558 kWh (encrypted: 334118 bytes, 4.939 ms)
[2025-12-10 08:06:17] Meter 270: Generated 0.757 kWh (encrypted: 334453 bytes, 4.585 ms)
[2025-12-10 08:06:37] Meter 270: Generated 2.493 kWh (encrypted: 334329 bytes, 5.003 ms)
[2025-12-10 08:06:50] NETWORK INFO: Server authentication successful for node: aggregator-001
✓ Aggregator connected: aggregator-001 from 127.0.0.1
✓ Sent 334329 bytes to aggregator-001 (2.13ms)
Session completed with aggregator-001
[2025-12-10 08:06:57] Meter 270: Generated 5.142 kWh (encrypted: 334064 bytes, 5.853 ms)
[2025-12-10 08:07:17] Meter 270: Generated 6.228 kWh (encrypted: 334551 bytes, 6.578 ms)
[2025-12-10 08:07:37] Meter 270: Generated 2.198 kWh (encrypted: 334464 bytes, 6.464 ms)
[2025-12-10 08:07:56] NETWORK INFO: Server authentication successful for node: aggregator-001
✓ Aggregator connected: aggregator-001 from 127.0.0.1
✓ Sent 334464 bytes to aggregator-001 (1.58ms)
Session completed with aggregator-001
[2025-12-10 08:07:57] Meter 270: Generated 0.802 kWh (encrypted: 334417 bytes, 4.818 ms)
[2025-12-10 08:08:17] Meter 270: Generated 3.358 kWh (encrypted: 334428 bytes, 6.873 ms)
[2025-12-10 08:08:37] Meter 270: Generated 2.260 kWh (encrypted: 333934 bytes, 4.903 ms)
[2025-12-10 08:08:57] Meter 270: Generated 4.193 kWh (encrypted: 334451 bytes, 4.389 ms)
[2025-12-10 08:09:01] NETWORK INFO: Server authentication successful for node: aggregator-001
✓ Aggregator connected: aggregator-001 from 127.0.0.1
✓ Sent 334451 bytes to aggregator-001 (0.40ms)
Session completed with aggregator-001
[2025-12-10 08:09:17] Meter 270: Generated 1.624 kWh (encrypted: 334363 bytes, 4.774 ms)
[2025-12-10 08:09:37] Meter 270: Generated 2.914 kWh (encrypted: 334398 bytes, 4.847 ms)
[2025-12-10 08:09:57] Meter 270: Generated 6.681 kWh (encrypted: 334349 bytes, 4.475 ms)
[2025-12-10 08:10:06] NETWORK INFO: Server authentication successful for node: aggregator-001
✓ Aggregator connected: aggregator-001 from 127.0.0.1
✓ Sent 334349 bytes to aggregator-001 (0.35ms)
Session completed with aggregator-001
[2025-12-10 08:10:17] Meter 270: Generated 1.069 kWh (encrypted: 334289 bytes, 6.401 ms)
[2025-12-10 08:10:37] Meter 270: Generated 1.794 kWh (encrypted: 334110 bytes, 4.815 ms)
[2025-12-10 08:10:57] Meter 270: Generated 3.987 kWh (encrypted: 334233 bytes, 4.837 ms)
[2025-12-10 08:11:12] NETWORK INFO: Server authentication successful for node: aggregator-001
✓ Aggregator connected: aggregator-001 from 127.0.0.1
✓ Sent 334233 bytes to aggregator-001 (0.36ms)
Session completed with aggregator-001
[2025-12-10 08:11:17] Meter 270: Generated 4.426 kWh (encrypted: 334379 bytes, 7.007 ms)
[2025-12-10 08:11:37] Meter 270: Generated 4.832 kWh (encrypted: 334457 bytes, 4.591 ms)
[2025-12-10 08:11:57] Meter 270: Generated 2.199 kWh (encrypted: 333308 bytes, 4.976 ms)
[2025-12-10 08:12:17] Meter 270: Generated 6.698 kWh (encrypted: 334350 bytes, 6.524 ms)
[2025-12-10 08:12:17] NETWORK INFO: Server authentication successful for node: aggregator-001
✓ Aggregator connected: aggregator-001 from 127.0.0.1
✓ Sent 334350 bytes to aggregator-001 (0.30ms)
Session completed with aggregator-001

Received shutdown signal. Gracefully shutting down smart meter...
Network server thread stopped
Data generation thread stopped
Smart meter 270 shutdown complete
