=== Continuous Smart Meter Server 191 ===
Initializing for continuous operation...
SEAL context initialized
Loaded certificate: smart-meter-191
Requesting public keys from KDC...
[2025-12-10 07:58:59] NETWORK ERROR: Failed to connect to 127.0.0.1:8444: Connection refused
Error: Failed to connect to KDC at 127.0.0.1:8444
Error: Failed to send key request to KDC
Failed to obtain keys from KDC, falling back to file keys
Loaded keys from fallback files
Cryptographic components initialized
[2025-12-10 07:58:59] NETWORK INFO: Server socket created and listening on port 9191
✓ Smart meter server ready on port 9191
Data transmission interval: 20 seconds (15x accelerated - simulates 5min)
✓ Performance metrics CSV files initialized in performance_data/
Starting continuous smart meter operation...
Press Ctrl+C to stop gracefully
Data generation thread started
Network server thread started on port 9191
[2025-12-10 07:59:19] Meter 191: Generated 2.284 kWh (encrypted: 334084 bytes, 5.134 ms)
[2025-12-10 07:59:26] NETWORK INFO: Server authentication successful for node: aggregator-001
✓ Aggregator connected: aggregator-001 from 127.0.0.1
✓ Sent 334084 bytes to aggregator-001 (0.74ms)
Session completed with aggregator-001
[2025-12-10 07:59:39] Meter 191: Generated 6.241 kWh (encrypted: 334477 bytes, 5.431 ms)
[2025-12-10 07:59:59] Meter 191: Generated 1.783 kWh (encrypted: 334322 bytes, 4.875 ms)
[2025-12-10 08:00:19] Meter 191: Generated 6.059 kWh (encrypted: 334487 bytes, 5.343 ms)
[2025-12-10 08:00:28] NETWORK INFO: Server authentication successful for node: aggregator-001
✓ Aggregator connected: aggregator-001 from 127.0.0.1
✓ Sent 334487 bytes to aggregator-001 (0.83ms)
Session completed with aggregator-001
[2025-12-10 08:00:39] Meter 191: Generated 6.109 kWh (encrypted: 334454 bytes, 6.545 ms)
[2025-12-10 08:00:59] Meter 191: Generated 7.315 kWh (encrypted: 334380 bytes, 5.041 ms)
[2025-12-10 08:01:19] Meter 191: Generated 1.792 kWh (encrypted: 334430 bytes, 10.776 ms)
[2025-12-10 08:01:31] NETWORK INFO: Server authentication successful for node: aggregator-001
✓ Aggregator connected: aggregator-001 from 127.0.0.1
✓ Sent 334430 bytes to aggregator-001 (6.34ms)
Session completed with aggregator-001
[2025-12-10 08:01:39] Meter 191: Generated 1.599 kWh (encrypted: 334339 bytes, 4.925 ms)
[2025-12-10 08:01:59] Meter 191: Generated 5.126 kWh (encrypted: 334344 bytes, 6.150 ms)
[2025-12-10 08:02:19] Meter 191: Generated 4.905 kWh (encrypted: 334463 bytes, 6.495 ms)
[2025-12-10 08:02:33] NETWORK INFO: Server authentication successful for node: aggregator-001
✓ Aggregator connected: aggregator-001 from 127.0.0.1
✓ Sent 334463 bytes to aggregator-001 (0.41ms)
Session completed with aggregator-001
[2025-12-10 08:02:39] Meter 191: Generated 6.083 kWh (encrypted: 334098 bytes, 5.629 ms)
[2025-12-10 08:02:59] Meter 191: Generated 4.015 kWh (encrypted: 334091 bytes, 4.853 ms)
[2025-12-10 08:03:19] Meter 191: Generated 6.595 kWh (encrypted: 334183 bytes, 4.874 ms)
[2025-12-10 08:03:36] NETWORK INFO: Server authentication successful for node: aggregator-001
✓ Aggregator connected: aggregator-001 from 127.0.0.1
✓ Sent 334183 bytes to aggregator-001 (3.58ms)
Session completed with aggregator-001
[2025-12-10 08:03:39] Meter 191: Generated 1.086 kWh (encrypted: 334446 bytes, 4.837 ms)
[2025-12-10 08:03:59] Meter 191: Generated 1.956 kWh (encrypted: 334375 bytes, 4.361 ms)
[2025-12-10 08:04:19] Meter 191: Generated 0.844 kWh (encrypted: 334339 bytes, 4.423 ms)
[2025-12-10 08:04:39] Meter 191: Generated 2.304 kWh (encrypted: 334333 bytes, 4.472 ms)
[2025-12-10 08:04:40] NETWORK INFO: Server authentication successful for node: aggregator-001
✓ Aggregator connected: aggregator-001 from 127.0.0.1
✓ Sent 334333 bytes to aggregator-001 (2.46ms)
Session completed with aggregator-001
[2025-12-10 08:04:59] Meter 191: Generated 5.378 kWh (encrypted: 334018 bytes, 4.268 ms)
[2025-12-10 08:05:19] Meter 191: Generated 6.261 kWh (encrypted: 334448 bytes, 4.590 ms)
[2025-12-10 08:05:39] Meter 191: Generated 6.554 kWh (encrypted: 334189 bytes, 4.397 ms)
[2025-12-10 08:05:44] NETWORK INFO: Server authentication successful for node: aggregator-001
✓ Aggregator connected: aggregator-001 from 127.0.0.1
✓ Sent 334189 bytes to aggregator-001 (0.52ms)
Session completed with aggregator-001
[2025-12-10 08:05:59] Meter 191: Generated 4.113 kWh (encrypted: 334312 bytes, 4.547 ms)
[2025-12-10 08:06:19] Meter 191: Generated 2.920 kWh (encrypted: 334140 bytes, 5.763 ms)
[2025-12-10 08:06:39] Meter 191: Generated 6.568 kWh (encrypted: 334118 bytes, 6.460 ms)
[2025-12-10 08:06:50] NETWORK INFO: Server authentication successful for node: aggregator-001
✓ Aggregator connected: aggregator-001 from 127.0.0.1
✓ Sent 334118 bytes to aggregator-001 (3.00ms)
Session completed with aggregator-001
[2025-12-10 08:06:59] Meter 191: Generated 1.819 kWh (encrypted: 334244 bytes, 5.666 ms)
[2025-12-10 08:07:19] Meter 191: Generated 1.494 kWh (encrypted: 334429 bytes, 8.058 ms)
[2025-12-10 08:07:39] Meter 191: Generated 2.015 kWh (encrypted: 334204 bytes, 4.613 ms)
[2025-12-10 08:07:55] NETWORK INFO: Server authentication successful for node: aggregator-001
✓ Aggregator connected: aggregator-001 from 127.0.0.1
✓ Sent 334204 bytes to aggregator-001 (0.38ms)
Session completed with aggregator-001
[2025-12-10 08:07:59] Meter 191: Generated 3.511 kWh (encrypted: 333302 bytes, 16.133 ms)
[2025-12-10 08:08:19] Meter 191: Generated 3.757 kWh (encrypted: 334272 bytes, 6.597 ms)
[2025-12-10 08:08:39] Meter 191: Generated 3.215 kWh (encrypted: 333898 bytes, 4.556 ms)
[2025-12-10 08:08:59] Meter 191: Generated 3.269 kWh (encrypted: 334398 bytes, 4.441 ms)
[2025-12-10 08:09:01] NETWORK INFO: Server authentication successful for node: aggregator-001
✓ Aggregator connected: aggregator-001 from 127.0.0.1
✓ Sent 334398 bytes to aggregator-001 (0.34ms)
Session completed with aggregator-001
[2025-12-10 08:09:19] Meter 191: Generated 1.886 kWh (encrypted: 334514 bytes, 13.625 ms)
[2025-12-10 08:09:39] Meter 191: Generated 3.955 kWh (encrypted: 334364 bytes, 6.746 ms)
[2025-12-10 08:09:59] Meter 191: Generated 0.777 kWh (encrypted: 334108 bytes, 6.415 ms)
[2025-12-10 08:10:06] NETWORK INFO: Server authentication successful for node: aggregator-001
✓ Aggregator connected: aggregator-001 from 127.0.0.1
✓ Sent 334108 bytes to aggregator-001 (0.43ms)
Session completed with aggregator-001
[2025-12-10 08:10:19] Meter 191: Generated 5.962 kWh (encrypted: 334431 bytes, 6.482 ms)
[2025-12-10 08:10:39] Meter 191: Generated 5.926 kWh (encrypted: 334330 bytes, 7.668 ms)
[2025-12-10 08:10:59] Meter 191: Generated 5.627 kWh (encrypted: 334391 bytes, 7.306 ms)
[2025-12-10 08:11:12] NETWORK INFO: Server authentication successful for node: aggregator-001
✓ Aggregator connected: aggregator-001 from 127.0.0.1
✓ Sent 334391 bytes to aggregator-001 (0.40ms)
Session completed with aggregator-001
[2025-12-10 08:11:19] Meter 191: Generated 1.774 kWh (encrypted: 334251 bytes, 6.644 ms)
[2025-12-10 08:11:39] Meter 191: Generated 3.611 kWh (encrypted: 334105 bytes, 6.168 ms)
[2025-12-10 08:11:59] Meter 191: Generated 7.619 kWh (encrypted: 334401 bytes, 4.859 ms)
[2025-12-10 08:12:17] NETWORK INFO: Server authentication successful for node: aggregator-001
✓ Aggregator connected: aggregator-001 from 127.0.0.1
✓ Sent 334401 bytes to aggregator-001 (0.36ms)
Session completed with aggregator-001
[2025-12-10 08:12:19] Meter 191: Generated 6.138 kWh (encrypted: 334444 bytes, 7.545 ms)

Received shutdown signal. Gracefully shutting down smart meter...
Network server thread stopped
Data generation thread stopped
Smart meter 191 shutdown complete
