=== Continuous Smart Meter Server 177 ===
Initializing for continuous operation...
SEAL context initialized
Loaded certificate: smart-meter-177
Requesting public keys from KDC...
[2025-12-10 07:58:42] NETWORK ERROR: Failed to connect to 127.0.0.1:8444: Connection refused
Error: Failed to connect to KDC at 127.0.0.1:8444
Error: Failed to send key request to KDC
Failed to obtain keys from KDC, falling back to file keys
Loaded keys from fallback files
Cryptographic components initialized
[2025-12-10 07:58:42] NETWORK INFO: Server socket created and listening on port 9177
✓ Smart meter server ready on port 9177
Data transmission interval: 20 seconds (15x accelerated - simulates 5min)
✓ Performance metrics CSV files initialized in performance_data/
Starting continuous smart meter operation...
Press Ctrl+C to stop gracefully
Data generation thread started
Network server thread started on port 9177
[2025-12-10 07:59:02] Meter 177: Generated 3.881 kWh (encrypted: 334379 bytes, 5.042 ms)
[2025-12-10 07:59:22] Meter 177: Generated 7.288 kWh (encrypted: 334373 bytes, 4.585 ms)
[2025-12-10 07:59:26] NETWORK INFO: Server authentication successful for node: aggregator-001
✓ Aggregator connected: aggregator-001 from 127.0.0.1
✓ Sent 334373 bytes to aggregator-001 (0.76ms)
Session completed with aggregator-001
[2025-12-10 07:59:42] Meter 177: Generated 7.570 kWh (encrypted: 334140 bytes, 4.472 ms)
[2025-12-10 08:00:02] Meter 177: Generated 6.056 kWh (encrypted: 333933 bytes, 4.361 ms)
[2025-12-10 08:00:22] Meter 177: Generated 1.262 kWh (encrypted: 334219 bytes, 4.884 ms)
[2025-12-10 08:00:28] NETWORK INFO: Server authentication successful for node: aggregator-001
✓ Aggregator connected: aggregator-001 from 127.0.0.1
✓ Sent 334219 bytes to aggregator-001 (0.36ms)
Session completed with aggregator-001
[2025-12-10 08:00:42] Meter 177: Generated 0.799 kWh (encrypted: 334487 bytes, 4.791 ms)
[2025-12-10 08:01:02] Meter 177: Generated 6.899 kWh (encrypted: 334103 bytes, 4.981 ms)
[2025-12-10 08:01:22] Meter 177: Generated 1.855 kWh (encrypted: 333792 bytes, 6.365 ms)
[2025-12-10 08:01:31] NETWORK INFO: Server authentication successful for node: aggregator-001
✓ Aggregator connected: aggregator-001 from 127.0.0.1
✓ Sent 333792 bytes to aggregator-001 (5.38ms)
Session completed with aggregator-001
[2025-12-10 08:01:42] Meter 177: Generated 7.305 kWh (encrypted: 334094 bytes, 4.623 ms)
[2025-12-10 08:02:02] Meter 177: Generated 2.772 kWh (encrypted: 334204 bytes, 4.851 ms)
[2025-12-10 08:02:22] Meter 177: Generated 7.084 kWh (encrypted: 334166 bytes, 4.432 ms)
[2025-12-10 08:02:33] NETWORK INFO: Server authentication successful for node: aggregator-001
✓ Aggregator connected: aggregator-001 from 127.0.0.1
✓ Sent 334166 bytes to aggregator-001 (2.68ms)
Session completed with aggregator-001
[2025-12-10 08:02:42] Meter 177: Generated 3.275 kWh (encrypted: 334383 bytes, 9.068 ms)
[2025-12-10 08:03:02] Meter 177: Generated 2.328 kWh (encrypted: 334415 bytes, 6.394 ms)
[2025-12-10 08:03:22] Meter 177: Generated 1.835 kWh (encrypted: 334158 bytes, 4.371 ms)
[2025-12-10 08:03:36] NETWORK INFO: Server authentication successful for node: aggregator-001
✓ Aggregator connected: aggregator-001 from 127.0.0.1
✓ Sent 334158 bytes to aggregator-001 (0.42ms)
Session completed with aggregator-001
[2025-12-10 08:03:42] Meter 177: Generated 6.167 kWh (encrypted: 334296 bytes, 4.646 ms)
[2025-12-10 08:04:02] Meter 177: Generated 1.757 kWh (encrypted: 334376 bytes, 6.232 ms)
[2025-12-10 08:04:22] Meter 177: Generated 0.891 kWh (encrypted: 334381 bytes, 4.794 ms)
[2025-12-10 08:04:39] NETWORK INFO: Server authentication successful for node: aggregator-001
✓ Aggregator connected: aggregator-001 from 127.0.0.1
✓ Sent 334381 bytes to aggregator-001 (0.39ms)
Session completed with aggregator-001
[2025-12-10 08:04:42] Meter 177: Generated 6.847 kWh (encrypted: 334210 bytes, 7.518 ms)
[2025-12-10 08:05:02] Meter 177: Generated 5.712 kWh (encrypted: 334187 bytes, 6.653 ms)
[2025-12-10 08:05:22] Meter 177: Generated 6.411 kWh (encrypted: 334386 bytes, 6.469 ms)
[2025-12-10 08:05:42] Meter 177: Generated 6.919 kWh (encrypted: 334401 bytes, 6.657 ms)
[2025-12-10 08:05:44] NETWORK INFO: Server authentication successful for node: aggregator-001
✓ Aggregator connected: aggregator-001 from 127.0.0.1
✓ Sent 334401 bytes to aggregator-001 (0.36ms)
Session completed with aggregator-001
[2025-12-10 08:06:02] Meter 177: Generated 4.307 kWh (encrypted: 334006 bytes, 6.600 ms)
[2025-12-10 08:06:22] Meter 177: Generated 1.993 kWh (encrypted: 334129 bytes, 6.592 ms)
[2025-12-10 08:06:42] Meter 177: Generated 6.402 kWh (encrypted: 334367 bytes, 4.707 ms)
[2025-12-10 08:06:50] NETWORK INFO: Server authentication successful for node: aggregator-001
✓ Aggregator connected: aggregator-001 from 127.0.0.1
✓ Sent 334367 bytes to aggregator-001 (4.43ms)
Session completed with aggregator-001
[2025-12-10 08:07:02] Meter 177: Generated 1.938 kWh (encrypted: 334388 bytes, 6.239 ms)
[2025-12-10 08:07:22] Meter 177: Generated 6.041 kWh (encrypted: 334415 bytes, 6.421 ms)
[2025-12-10 08:07:42] Meter 177: Generated 7.099 kWh (encrypted: 334457 bytes, 4.554 ms)
[2025-12-10 08:07:56] NETWORK INFO: Server authentication successful for node: aggregator-001
✓ Aggregator connected: aggregator-001 from 127.0.0.1
✓ Sent 334457 bytes to aggregator-001 (0.38ms)
Session completed with aggregator-001
[2025-12-10 08:08:02] Meter 177: Generated 6.120 kWh (encrypted: 334135 bytes, 6.586 ms)
[2025-12-10 08:08:22] Meter 177: Generated 2.736 kWh (encrypted: 334444 bytes, 6.122 ms)
[2025-12-10 08:08:42] Meter 177: Generated 6.384 kWh (encrypted: 334542 bytes, 6.588 ms)
[2025-12-10 08:09:01] NETWORK INFO: Server authentication successful for node: aggregator-001
✓ Aggregator connected: aggregator-001 from 127.0.0.1
✓ Sent 334542 bytes to aggregator-001 (0.35ms)
Session completed with aggregator-001
[2025-12-10 08:09:02] Meter 177: Generated 5.402 kWh (encrypted: 334381 bytes, 8.402 ms)
[2025-12-10 08:09:22] Meter 177: Generated 3.310 kWh (encrypted: 334106 bytes, 4.400 ms)
[2025-12-10 08:09:42] Meter 177: Generated 5.406 kWh (encrypted: 334453 bytes, 6.592 ms)
[2025-12-10 08:10:02] Meter 177: Generated 1.337 kWh (encrypted: 334277 bytes, 6.930 ms)
[2025-12-10 08:10:06] NETWORK INFO: Server authentication successful for node: aggregator-001
✓ Aggregator connected: aggregator-001 from 127.0.0.1
✓ Sent 334277 bytes to aggregator-001 (1.19ms)
Session completed with aggregator-001
[2025-12-10 08:10:22] Meter 177: Generated 3.763 kWh (encrypted: 334159 bytes, 6.913 ms)
[2025-12-10 08:10:42] Meter 177: Generated 6.565 kWh (encrypted: 334282 bytes, 4.403 ms)
[2025-12-10 08:11:02] Meter 177: Generated 1.345 kWh (encrypted: 334436 bytes, 6.436 ms)
[2025-12-10 08:11:12] NETWORK INFO: Server authentication successful for node: aggregator-001
✓ Aggregator connected: aggregator-001 from 127.0.0.1
✓ Sent 334436 bytes to aggregator-001 (8.18ms)
Session completed with aggregator-001
[2025-12-10 08:11:22] Meter 177: Generated 5.899 kWh (encrypted: 334347 bytes, 4.685 ms)
[2025-12-10 08:11:42] Meter 177: Generated 3.684 kWh (encrypted: 334440 bytes, 4.480 ms)
[2025-12-10 08:12:02] Meter 177: Generated 4.517 kWh (encrypted: 334433 bytes, 4.407 ms)
[2025-12-10 08:12:17] NETWORK INFO: Server authentication successful for node: aggregator-001
✓ Aggregator connected: aggregator-001 from 127.0.0.1
✓ Sent 334433 bytes to aggregator-001 (0.62ms)
Session completed with aggregator-001
[2025-12-10 08:12:22] Meter 177: Generated 3.778 kWh (encrypted: 334195 bytes, 4.832 ms)

Received shutdown signal. Gracefully shutting down smart meter...
Network server thread stopped
Data generation thread stopped
Smart meter 177 shutdown complete
