=== Continuous Smart Meter Server 239 ===
Initializing for continuous operation...
SEAL context initialized
Loaded certificate: smart-meter-239
Requesting public keys from KDC...
[2025-12-10 07:59:58] NETWORK ERROR: Failed to connect to 127.0.0.1:8444: Connection refused
Error: Failed to connect to KDC at 127.0.0.1:8444
Error: Failed to send key request to KDC
Failed to obtain keys from KDC, falling back to file keys
Loaded keys from fallback files
Cryptographic components initialized
[2025-12-10 07:59:58] NETWORK INFO: Server socket created and listening on port 9239
✓ Smart meter server ready on port 9239
Data transmission interval: 20 seconds (15x accelerated - simulates 5min)
✓ Performance metrics CSV files initialized in performance_data/
Starting continuous smart meter operation...
Press Ctrl+C to stop gracefully
Data generation thread started
Network server thread started on port 9239
[2025-12-10 08:00:18] Meter 239: Generated 6.490 kWh (encrypted: 334343 bytes, 7.364 ms)
[2025-12-10 08:00:28] NETWORK INFO: Server authentication successful for node: aggregator-001
✓ Aggregator connected: aggregator-001 from 127.0.0.1
✓ Sent 334343 bytes to aggregator-001 (1.51ms)
Session completed with aggregator-001
[2025-12-10 08:00:38] Meter 239: Generated 2.579 kWh (encrypted: 334524 bytes, 4.935 ms)
[2025-12-10 08:00:58] Meter 239: Generated 1.545 kWh (encrypted: 334174 bytes, 6.288 ms)
[2025-12-10 08:01:18] Meter 239: Generated 5.658 kWh (encrypted: 334146 bytes, 4.757 ms)
[2025-12-10 08:01:31] NETWORK INFO: Server authentication successful for node: aggregator-001
✓ Aggregator connected: aggregator-001 from 127.0.0.1
✓ Sent 334146 bytes to aggregator-001 (0.40ms)
Session completed with aggregator-001
[2025-12-10 08:01:38] Meter 239: Generated 5.948 kWh (encrypted: 334457 bytes, 4.596 ms)
[2025-12-10 08:01:58] Meter 239: Generated 2.549 kWh (encrypted: 334418 bytes, 4.716 ms)
[2025-12-10 08:02:18] Meter 239: Generated 5.242 kWh (encrypted: 334150 bytes, 4.397 ms)
[2025-12-10 08:02:33] NETWORK INFO: Server authentication successful for node: aggregator-001
✓ Aggregator connected: aggregator-001 from 127.0.0.1
✓ Sent 334150 bytes to aggregator-001 (0.38ms)
Session completed with aggregator-001
[2025-12-10 08:02:38] Meter 239: Generated 4.317 kWh (encrypted: 334136 bytes, 4.640 ms)
[2025-12-10 08:02:58] Meter 239: Generated 2.953 kWh (encrypted: 334400 bytes, 4.584 ms)
[2025-12-10 08:03:18] Meter 239: Generated 5.632 kWh (encrypted: 334394 bytes, 4.552 ms)
[2025-12-10 08:03:36] NETWORK INFO: Server authentication successful for node: aggregator-001
✓ Aggregator connected: aggregator-001 from 127.0.0.1
✓ Sent 334394 bytes to aggregator-001 (0.36ms)
Session completed with aggregator-001
[2025-12-10 08:03:38] Meter 239: Generated 3.033 kWh (encrypted: 334403 bytes, 4.841 ms)
[2025-12-10 08:03:58] Meter 239: Generated 1.381 kWh (encrypted: 334387 bytes, 4.762 ms)
[2025-12-10 08:04:18] Meter 239: Generated 6.443 kWh (encrypted: 334292 bytes, 6.498 ms)
[2025-12-10 08:04:38] Meter 239: Generated 4.187 kWh (encrypted: 334396 bytes, 4.440 ms)
[2025-12-10 08:04:39] NETWORK INFO: Server authentication successful for node: aggregator-001
✓ Aggregator connected: aggregator-001 from 127.0.0.1
✓ Sent 334396 bytes to aggregator-001 (0.36ms)
Session completed with aggregator-001
[2025-12-10 08:04:58] Meter 239: Generated 6.149 kWh (encrypted: 334221 bytes, 4.979 ms)
[2025-12-10 08:05:18] Meter 239: Generated 2.172 kWh (encrypted: 334487 bytes, 4.369 ms)
[2025-12-10 08:05:38] Meter 239: Generated 5.128 kWh (encrypted: 334495 bytes, 4.360 ms)
[2025-12-10 08:05:44] NETWORK INFO: Server authentication successful for node: aggregator-001
✓ Aggregator connected: aggregator-001 from 127.0.0.1
✓ Sent 334495 bytes to aggregator-001 (0.33ms)
Session completed with aggregator-001
[2025-12-10 08:05:58] Meter 239: Generated 6.839 kWh (encrypted: 334456 bytes, 4.382 ms)
[2025-12-10 08:06:18] Meter 239: Generated 4.173 kWh (encrypted: 334416 bytes, 5.003 ms)
[2025-12-10 08:06:38] Meter 239: Generated 0.974 kWh (encrypted: 334268 bytes, 6.574 ms)
[2025-12-10 08:06:50] NETWORK INFO: Server authentication successful for node: aggregator-001
✓ Aggregator connected: aggregator-001 from 127.0.0.1
✓ Sent 334268 bytes to aggregator-001 (0.38ms)
Session completed with aggregator-001
[2025-12-10 08:06:58] Meter 239: Generated 3.613 kWh (encrypted: 334211 bytes, 5.778 ms)
[2025-12-10 08:07:18] Meter 239: Generated 7.082 kWh (encrypted: 333361 bytes, 5.979 ms)
[2025-12-10 08:07:38] Meter 239: Generated 2.990 kWh (encrypted: 334425 bytes, 4.834 ms)
[2025-12-10 08:07:56] NETWORK INFO: Server authentication successful for node: aggregator-001
✓ Aggregator connected: aggregator-001 from 127.0.0.1
✓ Sent 334425 bytes to aggregator-001 (2.92ms)
Session completed with aggregator-001
[2025-12-10 08:07:58] Meter 239: Generated 7.258 kWh (encrypted: 334315 bytes, 6.528 ms)
[2025-12-10 08:08:18] Meter 239: Generated 4.761 kWh (encrypted: 334263 bytes, 6.882 ms)
[2025-12-10 08:08:38] Meter 239: Generated 2.615 kWh (encrypted: 334352 bytes, 4.868 ms)
[2025-12-10 08:08:58] Meter 239: Generated 2.404 kWh (encrypted: 334123 bytes, 4.915 ms)
[2025-12-10 08:09:01] NETWORK INFO: Server authentication successful for node: aggregator-001
✓ Aggregator connected: aggregator-001 from 127.0.0.1
✓ Sent 334123 bytes to aggregator-001 (0.37ms)
Session completed with aggregator-001
[2025-12-10 08:09:18] Meter 239: Generated 2.679 kWh (encrypted: 334004 bytes, 6.206 ms)
[2025-12-10 08:09:38] Meter 239: Generated 4.104 kWh (encrypted: 334149 bytes, 4.700 ms)
[2025-12-10 08:09:58] Meter 239: Generated 6.068 kWh (encrypted: 334147 bytes, 5.752 ms)
[2025-12-10 08:10:06] NETWORK INFO: Server authentication successful for node: aggregator-001
✓ Aggregator connected: aggregator-001 from 127.0.0.1
✓ Sent 334147 bytes to aggregator-001 (0.40ms)
Session completed with aggregator-001
[2025-12-10 08:10:18] Meter 239: Generated 1.254 kWh (encrypted: 334161 bytes, 11.867 ms)
[2025-12-10 08:10:38] Meter 239: Generated 5.181 kWh (encrypted: 334149 bytes, 4.938 ms)
[2025-12-10 08:10:58] Meter 239: Generated 4.624 kWh (encrypted: 334131 bytes, 6.560 ms)
[2025-12-10 08:11:12] NETWORK INFO: Server authentication successful for node: aggregator-001
✓ Aggregator connected: aggregator-001 from 127.0.0.1
✓ Sent 334131 bytes to aggregator-001 (0.39ms)
Session completed with aggregator-001
[2025-12-10 08:11:18] Meter 239: Generated 0.643 kWh (encrypted: 334123 bytes, 7.836 ms)
[2025-12-10 08:11:38] Meter 239: Generated 7.270 kWh (encrypted: 334086 bytes, 5.766 ms)
[2025-12-10 08:11:58] Meter 239: Generated 7.346 kWh (encrypted: 333336 bytes, 5.669 ms)
[2025-12-10 08:12:17] NETWORK INFO: Server authentication successful for node: aggregator-001
✓ Aggregator connected: aggregator-001 from 127.0.0.1
✓ Sent 333336 bytes to aggregator-001 (2.34ms)
Session completed with aggregator-001
[2025-12-10 08:12:18] Meter 239: Generated 1.174 kWh (encrypted: 334355 bytes, 7.244 ms)

Received shutdown signal. Gracefully shutting down smart meter...
Data generation thread stopped
Network server thread stopped
Smart meter 239 shutdown complete
