=== Continuous Smart Meter Server 391 ===
Initializing for continuous operation...
SEAL context initialized
Loaded certificate: smart-meter-391
Requesting public keys from KDC...
[2025-12-10 08:03:07] NETWORK ERROR: Failed to connect to 127.0.0.1:8444: Connection refused
Error: Failed to connect to KDC at 127.0.0.1:8444
Error: Failed to send key request to KDC
Failed to obtain keys from KDC, falling back to file keys
Loaded keys from fallback files
Cryptographic components initialized
[2025-12-10 08:03:07] NETWORK INFO: Server socket created and listening on port 9391
✓ Smart meter server ready on port 9391
Data transmission interval: 20 seconds (15x accelerated - simulates 5min)
✓ Performance metrics CSV files initialized in performance_data/
Starting continuous smart meter operation...
Press Ctrl+C to stop gracefully
Data generation thread started
Network server thread started on port 9391
[2025-12-10 08:03:27] Meter 391: Generated 7.115 kWh (encrypted: 334154 bytes, 6.917 ms)
[2025-12-10 08:03:36] NETWORK INFO: Server authentication successful for node: aggregator-001
✓ Aggregator connected: aggregator-001 from 127.0.0.1
✓ Sent 334154 bytes to aggregator-001 (29.50ms)
Session completed with aggregator-001
[2025-12-10 08:03:47] Meter 391: Generated 1.025 kWh (encrypted: 334422 bytes, 4.658 ms)
[2025-12-10 08:04:07] Meter 391: Generated 2.389 kWh (encrypted: 334403 bytes, 4.962 ms)
[2025-12-10 08:04:27] Meter 391: Generated 5.480 kWh (encrypted: 334407 bytes, 4.718 ms)
[2025-12-10 08:04:40] NETWORK INFO: Server authentication successful for node: aggregator-001
✓ Aggregator connected: aggregator-001 from 127.0.0.1
✓ Sent 334407 bytes to aggregator-001 (0.36ms)
Session completed with aggregator-001
[2025-12-10 08:04:47] Meter 391: Generated 2.710 kWh (encrypted: 334467 bytes, 4.947 ms)
[2025-12-10 08:05:07] Meter 391: Generated 4.982 kWh (encrypted: 334393 bytes, 4.473 ms)
[2025-12-10 08:05:27] Meter 391: Generated 4.174 kWh (encrypted: 334508 bytes, 4.425 ms)
[2025-12-10 08:05:44] NETWORK INFO: Server authentication successful for node: aggregator-001
✓ Aggregator connected: aggregator-001 from 127.0.0.1
✓ Sent 334508 bytes to aggregator-001 (7.16ms)
Session completed with aggregator-001
[2025-12-10 08:05:47] Meter 391: Generated 6.310 kWh (encrypted: 334215 bytes, 6.184 ms)
[2025-12-10 08:06:07] Meter 391: Generated 7.081 kWh (encrypted: 334346 bytes, 7.621 ms)
[2025-12-10 08:06:27] Meter 391: Generated 1.914 kWh (encrypted: 334403 bytes, 4.483 ms)
[2025-12-10 08:06:47] Meter 391: Generated 4.623 kWh (encrypted: 334291 bytes, 4.416 ms)
[2025-12-10 08:06:50] NETWORK INFO: Server authentication successful for node: aggregator-001
✓ Aggregator connected: aggregator-001 from 127.0.0.1
✓ Sent 334291 bytes to aggregator-001 (0.38ms)
Session completed with aggregator-001
[2025-12-10 08:07:07] Meter 391: Generated 0.869 kWh (encrypted: 333234 bytes, 4.445 ms)
[2025-12-10 08:07:27] Meter 391: Generated 0.849 kWh (encrypted: 334445 bytes, 4.882 ms)
[2025-12-10 08:07:47] Meter 391: Generated 4.067 kWh (encrypted: 333732 bytes, 4.414 ms)
[2025-12-10 08:07:56] NETWORK INFO: Server authentication successful for node: aggregator-001
✓ Aggregator connected: aggregator-001 from 127.0.0.1
✓ Sent 333732 bytes to aggregator-001 (0.34ms)
Session completed with aggregator-001
[2025-12-10 08:08:07] Meter 391: Generated 3.271 kWh (encrypted: 334075 bytes, 6.616 ms)
[2025-12-10 08:08:27] Meter 391: Generated 1.875 kWh (encrypted: 334364 bytes, 6.604 ms)
[2025-12-10 08:08:47] Meter 391: Generated 2.321 kWh (encrypted: 334412 bytes, 4.305 ms)
[2025-12-10 08:09:01] NETWORK INFO: Server authentication successful for node: aggregator-001
✓ Aggregator connected: aggregator-001 from 127.0.0.1
✓ Sent 334412 bytes to aggregator-001 (0.37ms)
Session completed with aggregator-001
[2025-12-10 08:09:07] Meter 391: Generated 2.808 kWh (encrypted: 334231 bytes, 23.066 ms)
[2025-12-10 08:09:28] Meter 391: Generated 1.954 kWh (encrypted: 334377 bytes, 5.581 ms)
[2025-12-10 08:09:48] Meter 391: Generated 1.111 kWh (encrypted: 334312 bytes, 5.447 ms)
[2025-12-10 08:10:06] NETWORK INFO: Server authentication successful for node: aggregator-001
✓ Aggregator connected: aggregator-001 from 127.0.0.1
✓ Sent 334312 bytes to aggregator-001 (0.36ms)
Session completed with aggregator-001
[2025-12-10 08:10:08] Meter 391: Generated 6.302 kWh (encrypted: 334436 bytes, 4.644 ms)
[2025-12-10 08:10:28] Meter 391: Generated 2.167 kWh (encrypted: 334376 bytes, 4.395 ms)
[2025-12-10 08:10:48] Meter 391: Generated 7.234 kWh (encrypted: 334232 bytes, 5.148 ms)
[2025-12-10 08:11:08] Meter 391: Generated 4.787 kWh (encrypted: 334412 bytes, 5.776 ms)
[2025-12-10 08:11:12] NETWORK INFO: Server authentication successful for node: aggregator-001
✓ Aggregator connected: aggregator-001 from 127.0.0.1
✓ Sent 334412 bytes to aggregator-001 (4.43ms)
Session completed with aggregator-001
[2025-12-10 08:11:28] Meter 391: Generated 6.763 kWh (encrypted: 334333 bytes, 7.060 ms)
[2025-12-10 08:11:48] Meter 391: Generated 6.007 kWh (encrypted: 334420 bytes, 4.497 ms)
[2025-12-10 08:12:08] Meter 391: Generated 6.867 kWh (encrypted: 334146 bytes, 7.269 ms)
[2025-12-10 08:12:17] NETWORK INFO: Server authentication successful for node: aggregator-001
✓ Aggregator connected: aggregator-001 from 127.0.0.1
✓ Sent 334146 bytes to aggregator-001 (0.36ms)
Session completed with aggregator-001
[2025-12-10 08:12:28] Meter 391: Generated 4.347 kWh (encrypted: 334358 bytes, 7.525 ms)

Received shutdown signal. Gracefully shutting down smart meter...
Network server thread stopped
Data generation thread stopped
Smart meter 391 shutdown complete
