=== Continuous Smart Meter Server 311 ===
Initializing for continuous operation...
SEAL context initialized
Loaded certificate: smart-meter-311
Requesting public keys from KDC...
[2025-12-10 08:01:27] NETWORK ERROR: Failed to connect to 127.0.0.1:8444: Connection refused
Error: Failed to connect to KDC at 127.0.0.1:8444
Error: Failed to send key request to KDC
Failed to obtain keys from KDC, falling back to file keys
Loaded keys from fallback files
Cryptographic components initialized
[2025-12-10 08:01:27] NETWORK INFO: Server socket created and listening on port 9311
✓ Smart meter server ready on port 9311
Data transmission interval: 20 seconds (15x accelerated - simulates 5min)
✓ Performance metrics CSV files initialized in performance_data/
Starting continuous smart meter operation...
Press Ctrl+C to stop gracefully
Data generation thread started
Network server thread started on port 9311
[2025-12-10 08:01:31] NETWORK INFO: Server authentication successful for node: aggregator-001
✓ Aggregator connected: aggregator-001 from 127.0.0.1
[2025-12-10 08:01:47] Meter 311: Generated 1.510 kWh (encrypted: 334399 bytes, 5.031 ms)
✓ Sent 334399 bytes to aggregator-001 (0.69ms)
Session completed with aggregator-001
[2025-12-10 08:02:07] Meter 311: Generated 5.865 kWh (encrypted: 334234 bytes, 4.747 ms)
[2025-12-10 08:02:27] Meter 311: Generated 1.792 kWh (encrypted: 334109 bytes, 4.646 ms)
[2025-12-10 08:02:33] NETWORK INFO: Server authentication successful for node: aggregator-001
✓ Aggregator connected: aggregator-001 from 127.0.0.1
✓ Sent 334109 bytes to aggregator-001 (0.37ms)
Session completed with aggregator-001
[2025-12-10 08:02:47] Meter 311: Generated 3.076 kWh (encrypted: 334399 bytes, 4.612 ms)
[2025-12-10 08:03:07] Meter 311: Generated 2.893 kWh (encrypted: 334243 bytes, 4.693 ms)
[2025-12-10 08:03:27] Meter 311: Generated 5.095 kWh (encrypted: 334367 bytes, 4.483 ms)
[2025-12-10 08:03:36] NETWORK INFO: Server authentication successful for node: aggregator-001
✓ Aggregator connected: aggregator-001 from 127.0.0.1
✓ Sent 334367 bytes to aggregator-001 (0.43ms)
Session completed with aggregator-001
[2025-12-10 08:03:47] Meter 311: Generated 3.354 kWh (encrypted: 334381 bytes, 4.672 ms)
[2025-12-10 08:04:07] Meter 311: Generated 7.136 kWh (encrypted: 334361 bytes, 4.700 ms)
[2025-12-10 08:04:27] Meter 311: Generated 6.809 kWh (encrypted: 334398 bytes, 6.306 ms)
[2025-12-10 08:04:40] NETWORK INFO: Server authentication successful for node: aggregator-001
✓ Aggregator connected: aggregator-001 from 127.0.0.1
✓ Sent 334398 bytes to aggregator-001 (0.35ms)
Session completed with aggregator-001
[2025-12-10 08:04:47] Meter 311: Generated 4.785 kWh (encrypted: 334399 bytes, 4.697 ms)
[2025-12-10 08:05:07] Meter 311: Generated 2.500 kWh (encrypted: 334324 bytes, 4.509 ms)
[2025-12-10 08:05:27] Meter 311: Generated 1.232 kWh (encrypted: 334432 bytes, 6.581 ms)
[2025-12-10 08:05:44] NETWORK INFO: Server authentication successful for node: aggregator-001
✓ Aggregator connected: aggregator-001 from 127.0.0.1
✓ Sent 334432 bytes to aggregator-001 (27.02ms)
Session completed with aggregator-001
[2025-12-10 08:05:47] Meter 311: Generated 3.676 kWh (encrypted: 334337 bytes, 4.592 ms)
[2025-12-10 08:06:07] Meter 311: Generated 1.419 kWh (encrypted: 334425 bytes, 4.838 ms)
[2025-12-10 08:06:27] Meter 311: Generated 2.887 kWh (encrypted: 334030 bytes, 4.691 ms)
[2025-12-10 08:06:47] Meter 311: Generated 6.787 kWh (encrypted: 334104 bytes, 4.362 ms)
[2025-12-10 08:06:50] NETWORK INFO: Server authentication successful for node: aggregator-001
✓ Aggregator connected: aggregator-001 from 127.0.0.1
✓ Sent 334104 bytes to aggregator-001 (0.37ms)
Session completed with aggregator-001
[2025-12-10 08:07:07] Meter 311: Generated 6.532 kWh (encrypted: 334356 bytes, 6.370 ms)
[2025-12-10 08:07:28] Meter 311: Generated 1.058 kWh (encrypted: 334436 bytes, 4.510 ms)
[2025-12-10 08:07:48] Meter 311: Generated 2.508 kWh (encrypted: 334328 bytes, 4.479 ms)
[2025-12-10 08:07:56] NETWORK INFO: Server authentication successful for node: aggregator-001
✓ Aggregator connected: aggregator-001 from 127.0.0.1
✓ Sent 334328 bytes to aggregator-001 (0.34ms)
Session completed with aggregator-001
[2025-12-10 08:08:08] Meter 311: Generated 5.618 kWh (encrypted: 334096 bytes, 6.286 ms)
[2025-12-10 08:08:28] Meter 311: Generated 5.859 kWh (encrypted: 334316 bytes, 6.801 ms)
[2025-12-10 08:08:48] Meter 311: Generated 1.676 kWh (encrypted: 334141 bytes, 4.389 ms)
[2025-12-10 08:09:01] NETWORK INFO: Server authentication successful for node: aggregator-001
✓ Aggregator connected: aggregator-001 from 127.0.0.1
✓ Sent 334141 bytes to aggregator-001 (0.42ms)
Session completed with aggregator-001
[2025-12-10 08:09:08] Meter 311: Generated 4.239 kWh (encrypted: 334159 bytes, 26.595 ms)
[2025-12-10 08:09:28] Meter 311: Generated 7.230 kWh (encrypted: 334497 bytes, 4.364 ms)
[2025-12-10 08:09:48] Meter 311: Generated 4.591 kWh (encrypted: 334064 bytes, 4.661 ms)
[2025-12-10 08:10:06] NETWORK INFO: Server authentication successful for node: aggregator-001
✓ Aggregator connected: aggregator-001 from 127.0.0.1
✓ Sent 334064 bytes to aggregator-001 (4.71ms)
Session completed with aggregator-001
[2025-12-10 08:10:08] Meter 311: Generated 5.274 kWh (encrypted: 334153 bytes, 6.459 ms)
[2025-12-10 08:10:28] Meter 311: Generated 2.533 kWh (encrypted: 334271 bytes, 6.633 ms)
[2025-12-10 08:10:48] Meter 311: Generated 4.046 kWh (encrypted: 334269 bytes, 4.690 ms)
[2025-12-10 08:11:08] Meter 311: Generated 6.606 kWh (encrypted: 334536 bytes, 4.397 ms)
[2025-12-10 08:11:12] NETWORK INFO: Server authentication successful for node: aggregator-001
✓ Aggregator connected: aggregator-001 from 127.0.0.1
✓ Sent 334536 bytes to aggregator-001 (0.35ms)
Session completed with aggregator-001
[2025-12-10 08:11:28] Meter 311: Generated 4.349 kWh (encrypted: 333909 bytes, 5.462 ms)
[2025-12-10 08:11:48] Meter 311: Generated 3.098 kWh (encrypted: 334094 bytes, 4.758 ms)
[2025-12-10 08:12:08] Meter 311: Generated 3.776 kWh (encrypted: 334315 bytes, 6.567 ms)
[2025-12-10 08:12:17] NETWORK INFO: Server authentication successful for node: aggregator-001
✓ Aggregator connected: aggregator-001 from 127.0.0.1
✓ Sent 334315 bytes to aggregator-001 (1.85ms)
Session completed with aggregator-001
[2025-12-10 08:12:28] Meter 311: Generated 5.838 kWh (encrypted: 334314 bytes, 6.829 ms)

Received shutdown signal. Gracefully shutting down smart meter...
Network server thread stopped
Data generation thread stopped
Smart meter 311 shutdown complete
