=== Continuous Smart Meter Server 348 ===
Initializing for continuous operation...
SEAL context initialized
Loaded certificate: smart-meter-348
Requesting public keys from KDC...
[2025-12-10 08:02:13] NETWORK ERROR: Failed to connect to 127.0.0.1:8444: Connection refused
Error: Failed to connect to KDC at 127.0.0.1:8444
Error: Failed to send key request to KDC
Failed to obtain keys from KDC, falling back to file keys
Loaded keys from fallback files
Cryptographic components initialized
[2025-12-10 08:02:13] NETWORK INFO: Server socket created and listening on port 9348
✓ Smart meter server ready on port 9348
Data transmission interval: 20 seconds (15x accelerated - simulates 5min)
✓ Performance metrics CSV files initialized in performance_data/
Starting continuous smart meter operation...
Press Ctrl+C to stop gracefully
Data generation thread started
Network server thread started on port 9348
[2025-12-10 08:02:33] NETWORK INFO: Server authentication successful for node: aggregator-001
✓ Aggregator connected: aggregator-001 from 127.0.0.1
[2025-12-10 08:02:33] Meter 348: Generated 5.960 kWh (encrypted: 334340 bytes, 7.780 ms)
✓ Sent 334340 bytes to aggregator-001 (0.72ms)
Session completed with aggregator-001
[2025-12-10 08:02:53] Meter 348: Generated 4.714 kWh (encrypted: 334451 bytes, 6.415 ms)
[2025-12-10 08:03:13] Meter 348: Generated 3.853 kWh (encrypted: 334296 bytes, 4.826 ms)
[2025-12-10 08:03:33] Meter 348: Generated 6.961 kWh (encrypted: 334391 bytes, 4.431 ms)
[2025-12-10 08:03:36] NETWORK INFO: Server authentication successful for node: aggregator-001
✓ Aggregator connected: aggregator-001 from 127.0.0.1
✓ Sent 334391 bytes to aggregator-001 (0.37ms)
Session completed with aggregator-001
[2025-12-10 08:03:53] Meter 348: Generated 2.088 kWh (encrypted: 334295 bytes, 5.601 ms)
[2025-12-10 08:04:14] Meter 348: Generated 5.872 kWh (encrypted: 334185 bytes, 4.628 ms)
[2025-12-10 08:04:34] Meter 348: Generated 6.353 kWh (encrypted: 334259 bytes, 4.614 ms)
[2025-12-10 08:04:39] NETWORK INFO: Server authentication successful for node: aggregator-001
✓ Aggregator connected: aggregator-001 from 127.0.0.1
✓ Sent 334259 bytes to aggregator-001 (20.36ms)
Session completed with aggregator-001
[2025-12-10 08:04:54] Meter 348: Generated 7.189 kWh (encrypted: 334404 bytes, 6.144 ms)
[2025-12-10 08:05:14] Meter 348: Generated 2.407 kWh (encrypted: 334495 bytes, 4.845 ms)
[2025-12-10 08:05:34] Meter 348: Generated 4.264 kWh (encrypted: 334421 bytes, 5.061 ms)
[2025-12-10 08:05:44] NETWORK INFO: Server authentication successful for node: aggregator-001
✓ Aggregator connected: aggregator-001 from 127.0.0.1
✓ Sent 334421 bytes to aggregator-001 (0.37ms)
Session completed with aggregator-001
[2025-12-10 08:05:54] Meter 348: Generated 3.939 kWh (encrypted: 334344 bytes, 6.327 ms)
[2025-12-10 08:06:14] Meter 348: Generated 6.799 kWh (encrypted: 334375 bytes, 6.908 ms)
[2025-12-10 08:06:34] Meter 348: Generated 3.181 kWh (encrypted: 334427 bytes, 4.473 ms)
[2025-12-10 08:06:50] NETWORK INFO: Server authentication successful for node: aggregator-001
✓ Aggregator connected: aggregator-001 from 127.0.0.1
✓ Sent 334427 bytes to aggregator-001 (0.35ms)
Session completed with aggregator-001
[2025-12-10 08:06:54] Meter 348: Generated 6.088 kWh (encrypted: 334451 bytes, 4.688 ms)
[2025-12-10 08:07:14] Meter 348: Generated 4.614 kWh (encrypted: 334438 bytes, 4.783 ms)
[2025-12-10 08:07:34] Meter 348: Generated 6.352 kWh (encrypted: 334066 bytes, 4.641 ms)
[2025-12-10 08:07:54] Meter 348: Generated 7.184 kWh (encrypted: 334235 bytes, 5.855 ms)
[2025-12-10 08:07:56] NETWORK INFO: Server authentication successful for node: aggregator-001
✓ Aggregator connected: aggregator-001 from 127.0.0.1
✓ Sent 334235 bytes to aggregator-001 (0.38ms)
Session completed with aggregator-001
[2025-12-10 08:08:14] Meter 348: Generated 2.466 kWh (encrypted: 334455 bytes, 4.710 ms)
[2025-12-10 08:08:34] Meter 348: Generated 1.820 kWh (encrypted: 334390 bytes, 5.454 ms)
[2025-12-10 08:08:54] Meter 348: Generated 2.125 kWh (encrypted: 334382 bytes, 5.885 ms)
[2025-12-10 08:09:01] NETWORK INFO: Server authentication successful for node: aggregator-001
✓ Aggregator connected: aggregator-001 from 127.0.0.1
✓ Sent 334382 bytes to aggregator-001 (1.70ms)
Session completed with aggregator-001
[2025-12-10 08:09:14] Meter 348: Generated 3.383 kWh (encrypted: 334304 bytes, 5.583 ms)
[2025-12-10 08:09:34] Meter 348: Generated 5.479 kWh (encrypted: 334381 bytes, 6.881 ms)
[2025-12-10 08:09:54] Meter 348: Generated 5.806 kWh (encrypted: 334114 bytes, 4.483 ms)
[2025-12-10 08:10:06] NETWORK INFO: Server authentication successful for node: aggregator-001
✓ Aggregator connected: aggregator-001 from 127.0.0.1
✓ Sent 334114 bytes to aggregator-001 (18.42ms)
Session completed with aggregator-001
[2025-12-10 08:10:14] Meter 348: Generated 2.639 kWh (encrypted: 334427 bytes, 6.498 ms)
[2025-12-10 08:10:34] Meter 348: Generated 4.459 kWh (encrypted: 334418 bytes, 5.347 ms)
[2025-12-10 08:10:54] Meter 348: Generated 3.938 kWh (encrypted: 334154 bytes, 6.590 ms)
[2025-12-10 08:11:12] NETWORK INFO: Server authentication successful for node: aggregator-001
✓ Aggregator connected: aggregator-001 from 127.0.0.1
✓ Sent 334154 bytes to aggregator-001 (0.38ms)
Session completed with aggregator-001
[2025-12-10 08:11:14] Meter 348: Generated 1.393 kWh (encrypted: 334490 bytes, 10.440 ms)
[2025-12-10 08:11:34] Meter 348: Generated 3.560 kWh (encrypted: 334380 bytes, 4.674 ms)
[2025-12-10 08:11:54] Meter 348: Generated 6.227 kWh (encrypted: 334427 bytes, 6.121 ms)
[2025-12-10 08:12:14] Meter 348: Generated 5.880 kWh (encrypted: 333691 bytes, 6.851 ms)
[2025-12-10 08:12:17] NETWORK INFO: Server authentication successful for node: aggregator-001
✓ Aggregator connected: aggregator-001 from 127.0.0.1
✓ Sent 333691 bytes to aggregator-001 (0.35ms)
Session completed with aggregator-001
[2025-12-10 08:12:34] Meter 348: Generated 3.807 kWh (encrypted: 334171 bytes, 6.680 ms)

Received shutdown signal. Gracefully shutting down smart meter...
Network server thread stopped
Data generation thread stopped
Smart meter 348 shutdown complete
