=== Continuous Smart Meter Server 315 ===
Initializing for continuous operation...
SEAL context initialized
Loaded certificate: smart-meter-315
Requesting public keys from KDC...
[2025-12-10 08:01:32] NETWORK ERROR: Failed to connect to 127.0.0.1:8444: Connection refused
Error: Failed to connect to KDC at 127.0.0.1:8444
Error: Failed to send key request to KDC
Failed to obtain keys from KDC, falling back to file keys
Loaded keys from fallback files
Cryptographic components initialized
[2025-12-10 08:01:32] NETWORK INFO: Server socket created and listening on port 9315
✓ Smart meter server ready on port 9315
Data transmission interval: 20 seconds (15x accelerated - simulates 5min)
✓ Performance metrics CSV files initialized in performance_data/
Starting continuous smart meter operation...
Press Ctrl+C to stop gracefully
Data generation thread started
Network server thread started on port 9315
[2025-12-10 08:01:52] Meter 315: Generated 5.010 kWh (encrypted: 333911 bytes, 7.888 ms)
[2025-12-10 08:02:12] Meter 315: Generated 2.680 kWh (encrypted: 334217 bytes, 5.559 ms)
[2025-12-10 08:02:32] Meter 315: Generated 6.310 kWh (encrypted: 334104 bytes, 5.533 ms)
[2025-12-10 08:02:33] NETWORK INFO: Server authentication successful for node: aggregator-001
✓ Aggregator connected: aggregator-001 from 127.0.0.1
✓ Sent 334104 bytes to aggregator-001 (0.95ms)
Session completed with aggregator-001
[2025-12-10 08:02:52] Meter 315: Generated 1.757 kWh (encrypted: 334397 bytes, 4.669 ms)
[2025-12-10 08:03:12] Meter 315: Generated 1.042 kWh (encrypted: 334229 bytes, 4.755 ms)
[2025-12-10 08:03:32] Meter 315: Generated 6.868 kWh (encrypted: 334200 bytes, 4.578 ms)
[2025-12-10 08:03:36] NETWORK INFO: Server authentication successful for node: aggregator-001
✓ Aggregator connected: aggregator-001 from 127.0.0.1
✓ Sent 334200 bytes to aggregator-001 (7.41ms)
Session completed with aggregator-001
[2025-12-10 08:03:52] Meter 315: Generated 2.631 kWh (encrypted: 334434 bytes, 5.840 ms)
[2025-12-10 08:04:12] Meter 315: Generated 1.647 kWh (encrypted: 334206 bytes, 6.719 ms)
[2025-12-10 08:04:32] Meter 315: Generated 5.218 kWh (encrypted: 334260 bytes, 5.156 ms)
[2025-12-10 08:04:39] NETWORK INFO: Server authentication successful for node: aggregator-001
✓ Aggregator connected: aggregator-001 from 127.0.0.1
✓ Sent 334260 bytes to aggregator-001 (0.35ms)
Session completed with aggregator-001
[2025-12-10 08:04:52] Meter 315: Generated 6.214 kWh (encrypted: 334456 bytes, 6.436 ms)
[2025-12-10 08:05:12] Meter 315: Generated 1.863 kWh (encrypted: 334238 bytes, 4.478 ms)
[2025-12-10 08:05:32] Meter 315: Generated 6.553 kWh (encrypted: 334374 bytes, 4.583 ms)
[2025-12-10 08:05:44] NETWORK INFO: Server authentication successful for node: aggregator-001
✓ Aggregator connected: aggregator-001 from 127.0.0.1
✓ Sent 334374 bytes to aggregator-001 (0.62ms)
Session completed with aggregator-001
[2025-12-10 08:05:52] Meter 315: Generated 4.462 kWh (encrypted: 334184 bytes, 4.699 ms)
[2025-12-10 08:06:12] Meter 315: Generated 1.005 kWh (encrypted: 333659 bytes, 6.581 ms)
[2025-12-10 08:06:32] Meter 315: Generated 2.675 kWh (encrypted: 334334 bytes, 5.315 ms)
[2025-12-10 08:06:50] NETWORK INFO: Server authentication successful for node: aggregator-001
✓ Aggregator connected: aggregator-001 from 127.0.0.1
✓ Sent 334334 bytes to aggregator-001 (6.46ms)
Session completed with aggregator-001
[2025-12-10 08:06:52] Meter 315: Generated 4.841 kWh (encrypted: 334487 bytes, 4.571 ms)
[2025-12-10 08:07:12] Meter 315: Generated 3.221 kWh (encrypted: 334167 bytes, 6.463 ms)
[2025-12-10 08:07:32] Meter 315: Generated 2.945 kWh (encrypted: 334344 bytes, 5.042 ms)
[2025-12-10 08:07:52] Meter 315: Generated 3.300 kWh (encrypted: 333925 bytes, 4.528 ms)
[2025-12-10 08:07:56] NETWORK INFO: Server authentication successful for node: aggregator-001
✓ Aggregator connected: aggregator-001 from 127.0.0.1
✓ Sent 333925 bytes to aggregator-001 (0.46ms)
Session completed with aggregator-001
[2025-12-10 08:08:13] Meter 315: Generated 0.950 kWh (encrypted: 334269 bytes, 4.498 ms)
[2025-12-10 08:08:33] Meter 315: Generated 3.544 kWh (encrypted: 334309 bytes, 6.588 ms)
[2025-12-10 08:08:53] Meter 315: Generated 3.537 kWh (encrypted: 334097 bytes, 4.442 ms)
[2025-12-10 08:09:01] NETWORK INFO: Server authentication successful for node: aggregator-001
✓ Aggregator connected: aggregator-001 from 127.0.0.1
✓ Sent 334097 bytes to aggregator-001 (3.34ms)
Session completed with aggregator-001
[2025-12-10 08:09:13] Meter 315: Generated 1.625 kWh (encrypted: 334338 bytes, 4.825 ms)
[2025-12-10 08:09:33] Meter 315: Generated 5.129 kWh (encrypted: 334421 bytes, 5.702 ms)
[2025-12-10 08:09:53] Meter 315: Generated 4.533 kWh (encrypted: 333656 bytes, 5.337 ms)
[2025-12-10 08:10:06] NETWORK INFO: Server authentication successful for node: aggregator-001
✓ Aggregator connected: aggregator-001 from 127.0.0.1
✓ Sent 333656 bytes to aggregator-001 (2.91ms)
Session completed with aggregator-001
[2025-12-10 08:10:13] Meter 315: Generated 2.621 kWh (encrypted: 334415 bytes, 18.109 ms)
[2025-12-10 08:10:33] Meter 315: Generated 5.540 kWh (encrypted: 334280 bytes, 4.854 ms)
[2025-12-10 08:10:53] Meter 315: Generated 4.594 kWh (encrypted: 334330 bytes, 5.354 ms)
[2025-12-10 08:11:12] NETWORK INFO: Server authentication successful for node: aggregator-001
✓ Aggregator connected: aggregator-001 from 127.0.0.1
✓ Sent 334330 bytes to aggregator-001 (0.36ms)
Session completed with aggregator-001
[2025-12-10 08:11:13] Meter 315: Generated 6.304 kWh (encrypted: 334423 bytes, 10.275 ms)
[2025-12-10 08:11:33] Meter 315: Generated 4.283 kWh (encrypted: 334058 bytes, 6.536 ms)
[2025-12-10 08:11:53] Meter 315: Generated 1.500 kWh (encrypted: 333887 bytes, 8.443 ms)
[2025-12-10 08:12:13] Meter 315: Generated 7.004 kWh (encrypted: 333392 bytes, 7.174 ms)
[2025-12-10 08:12:17] NETWORK INFO: Server authentication successful for node: aggregator-001
✓ Aggregator connected: aggregator-001 from 127.0.0.1
✓ Sent 333392 bytes to aggregator-001 (0.37ms)
Session completed with aggregator-001
[2025-12-10 08:12:33] Meter 315: Generated 3.580 kWh (encrypted: 334359 bytes, 6.102 ms)

Received shutdown signal. Gracefully shutting down smart meter...
Network server thread stopped
Data generation thread stopped
Smart meter 315 shutdown complete
