=== Continuous Smart Meter Server 117 ===
Initializing for continuous operation...
SEAL context initialized
Loaded certificate: smart-meter-117
Requesting public keys from KDC...
[2025-12-10 07:57:28] NETWORK ERROR: Failed to connect to 127.0.0.1:8444: Connection refused
Error: Failed to connect to KDC at 127.0.0.1:8444
Error: Failed to send key request to KDC
Failed to obtain keys from KDC, falling back to file keys
Loaded keys from fallback files
Cryptographic components initialized
[2025-12-10 07:57:28] NETWORK INFO: Server socket created and listening on port 9117
✓ Smart meter server ready on port 9117
Data transmission interval: 20 seconds (15x accelerated - simulates 5min)
✓ Performance metrics CSV files initialized in performance_data/
Starting continuous smart meter operation...
Press Ctrl+C to stop gracefully
Data generation thread started
Network server thread started on port 9117
[2025-12-10 07:57:48] Meter 117: Generated 1.192 kWh (encrypted: 334067 bytes, 6.657 ms)
[2025-12-10 07:58:08] Meter 117: Generated 3.722 kWh (encrypted: 334372 bytes, 4.454 ms)
[2025-12-10 07:58:25] NETWORK INFO: Server authentication successful for node: aggregator-001
✓ Aggregator connected: aggregator-001 from 127.0.0.1
✓ Sent 334372 bytes to aggregator-001 (3.98ms)
Session completed with aggregator-001
[2025-12-10 07:58:28] Meter 117: Generated 5.027 kWh (encrypted: 334454 bytes, 4.588 ms)
[2025-12-10 07:58:48] Meter 117: Generated 2.939 kWh (encrypted: 334511 bytes, 4.532 ms)
[2025-12-10 07:59:08] Meter 117: Generated 4.282 kWh (encrypted: 334397 bytes, 4.567 ms)
[2025-12-10 07:59:26] NETWORK INFO: Server authentication successful for node: aggregator-001
✓ Aggregator connected: aggregator-001 from 127.0.0.1
✓ Sent 334397 bytes to aggregator-001 (0.34ms)
Session completed with aggregator-001
[2025-12-10 07:59:28] Meter 117: Generated 3.097 kWh (encrypted: 334347 bytes, 4.621 ms)
[2025-12-10 07:59:48] Meter 117: Generated 4.519 kWh (encrypted: 334175 bytes, 4.597 ms)
[2025-12-10 08:00:08] Meter 117: Generated 5.716 kWh (encrypted: 334129 bytes, 5.457 ms)
[2025-12-10 08:00:28] NETWORK INFO: Server authentication successful for node: aggregator-001
✓ Aggregator connected: aggregator-001 from 127.0.0.1
✓ Sent 334129 bytes to aggregator-001 (0.36ms)
Session completed with aggregator-001
[2025-12-10 08:00:28] Meter 117: Generated 3.892 kWh (encrypted: 334318 bytes, 17.537 ms)
[2025-12-10 08:00:48] Meter 117: Generated 2.784 kWh (encrypted: 334379 bytes, 4.797 ms)
[2025-12-10 08:01:08] Meter 117: Generated 5.046 kWh (encrypted: 334372 bytes, 4.641 ms)
[2025-12-10 08:01:28] Meter 117: Generated 7.182 kWh (encrypted: 334336 bytes, 5.721 ms)
[2025-12-10 08:01:31] NETWORK INFO: Server authentication successful for node: aggregator-001
✓ Aggregator connected: aggregator-001 from 127.0.0.1
✓ Sent 334336 bytes to aggregator-001 (0.36ms)
Session completed with aggregator-001
[2025-12-10 08:01:48] Meter 117: Generated 7.449 kWh (encrypted: 334008 bytes, 7.147 ms)
[2025-12-10 08:02:08] Meter 117: Generated 1.143 kWh (encrypted: 334365 bytes, 6.058 ms)
[2025-12-10 08:02:29] Meter 117: Generated 2.200 kWh (encrypted: 334265 bytes, 4.873 ms)
[2025-12-10 08:02:33] NETWORK INFO: Server authentication successful for node: aggregator-001
✓ Aggregator connected: aggregator-001 from 127.0.0.1
✓ Sent 334265 bytes to aggregator-001 (0.36ms)
Session completed with aggregator-001
[2025-12-10 08:02:49] Meter 117: Generated 3.858 kWh (encrypted: 334191 bytes, 4.470 ms)
[2025-12-10 08:03:09] Meter 117: Generated 2.534 kWh (encrypted: 334307 bytes, 6.078 ms)
[2025-12-10 08:03:29] Meter 117: Generated 0.943 kWh (encrypted: 334362 bytes, 4.334 ms)
[2025-12-10 08:03:36] NETWORK INFO: Server authentication successful for node: aggregator-001
✓ Aggregator connected: aggregator-001 from 127.0.0.1
✓ Sent 334362 bytes to aggregator-001 (5.82ms)
Session completed with aggregator-001
[2025-12-10 08:03:49] Meter 117: Generated 2.883 kWh (encrypted: 334327 bytes, 4.427 ms)
[2025-12-10 08:04:09] Meter 117: Generated 5.312 kWh (encrypted: 334190 bytes, 4.354 ms)
[2025-12-10 08:04:29] Meter 117: Generated 1.577 kWh (encrypted: 334054 bytes, 4.665 ms)
[2025-12-10 08:04:39] NETWORK INFO: Server authentication successful for node: aggregator-001
✓ Aggregator connected: aggregator-001 from 127.0.0.1
✓ Sent 334054 bytes to aggregator-001 (0.35ms)
Session completed with aggregator-001
[2025-12-10 08:04:49] Meter 117: Generated 3.279 kWh (encrypted: 334477 bytes, 5.443 ms)
[2025-12-10 08:05:09] Meter 117: Generated 6.156 kWh (encrypted: 334468 bytes, 6.901 ms)
[2025-12-10 08:05:29] Meter 117: Generated 2.628 kWh (encrypted: 334187 bytes, 6.939 ms)
[2025-12-10 08:05:44] NETWORK INFO: Server authentication successful for node: aggregator-001
✓ Aggregator connected: aggregator-001 from 127.0.0.1
✓ Sent 334187 bytes to aggregator-001 (0.36ms)
Session completed with aggregator-001
[2025-12-10 08:05:49] Meter 117: Generated 6.921 kWh (encrypted: 334274 bytes, 6.306 ms)
[2025-12-10 08:06:09] Meter 117: Generated 1.589 kWh (encrypted: 334235 bytes, 4.771 ms)
[2025-12-10 08:06:29] Meter 117: Generated 7.258 kWh (encrypted: 333971 bytes, 4.697 ms)
[2025-12-10 08:06:49] Meter 117: Generated 2.788 kWh (encrypted: 334182 bytes, 4.351 ms)
[2025-12-10 08:06:50] NETWORK INFO: Server authentication successful for node: aggregator-001
✓ Aggregator connected: aggregator-001 from 127.0.0.1
✓ Sent 334182 bytes to aggregator-001 (1.69ms)
Session completed with aggregator-001
[2025-12-10 08:07:09] Meter 117: Generated 3.125 kWh (encrypted: 334313 bytes, 6.698 ms)
[2025-12-10 08:07:29] Meter 117: Generated 6.193 kWh (encrypted: 334443 bytes, 4.404 ms)
[2025-12-10 08:07:49] Meter 117: Generated 4.107 kWh (encrypted: 334439 bytes, 4.599 ms)
[2025-12-10 08:07:55] NETWORK INFO: Server authentication successful for node: aggregator-001
✓ Aggregator connected: aggregator-001 from 127.0.0.1
✓ Sent 334439 bytes to aggregator-001 (0.41ms)
Session completed with aggregator-001
[2025-12-10 08:08:09] Meter 117: Generated 7.160 kWh (encrypted: 334152 bytes, 4.491 ms)
[2025-12-10 08:08:29] Meter 117: Generated 1.345 kWh (encrypted: 334465 bytes, 4.582 ms)
[2025-12-10 08:08:49] Meter 117: Generated 1.377 kWh (encrypted: 334398 bytes, 4.597 ms)
[2025-12-10 08:09:01] NETWORK INFO: Server authentication successful for node: aggregator-001
✓ Aggregator connected: aggregator-001 from 127.0.0.1
✓ Sent 334398 bytes to aggregator-001 (0.36ms)
Session completed with aggregator-001
[2025-12-10 08:09:09] Meter 117: Generated 1.462 kWh (encrypted: 334354 bytes, 4.715 ms)
[2025-12-10 08:09:29] Meter 117: Generated 6.346 kWh (encrypted: 334454 bytes, 6.473 ms)
[2025-12-10 08:09:49] Meter 117: Generated 4.645 kWh (encrypted: 334126 bytes, 4.707 ms)
[2025-12-10 08:10:06] NETWORK INFO: Server authentication successful for node: aggregator-001
✓ Aggregator connected: aggregator-001 from 127.0.0.1
✓ Sent 334126 bytes to aggregator-001 (0.37ms)
Session completed with aggregator-001
[2025-12-10 08:10:09] Meter 117: Generated 4.998 kWh (encrypted: 334103 bytes, 4.706 ms)
[2025-12-10 08:10:29] Meter 117: Generated 6.325 kWh (encrypted: 334380 bytes, 4.510 ms)
[2025-12-10 08:10:49] Meter 117: Generated 4.215 kWh (encrypted: 333815 bytes, 7.163 ms)
[2025-12-10 08:11:09] Meter 117: Generated 4.472 kWh (encrypted: 334347 bytes, 9.225 ms)
[2025-12-10 08:11:12] NETWORK INFO: Server authentication successful for node: aggregator-001
✓ Aggregator connected: aggregator-001 from 127.0.0.1
✓ Sent 334347 bytes to aggregator-001 (0.39ms)
Session completed with aggregator-001
[2025-12-10 08:11:29] Meter 117: Generated 6.453 kWh (encrypted: 334326 bytes, 4.616 ms)
[2025-12-10 08:11:49] Meter 117: Generated 7.023 kWh (encrypted: 334364 bytes, 4.425 ms)
[2025-12-10 08:12:09] Meter 117: Generated 6.290 kWh (encrypted: 334082 bytes, 6.036 ms)
[2025-12-10 08:12:17] NETWORK INFO: Server authentication successful for node: aggregator-001
✓ Aggregator connected: aggregator-001 from 127.0.0.1
✓ Sent 334082 bytes to aggregator-001 (0.42ms)
Session completed with aggregator-001
[2025-12-10 08:12:29] Meter 117: Generated 3.033 kWh (encrypted: 334405 bytes, 6.986 ms)

Received shutdown signal. Gracefully shutting down smart meter...
Network server thread stopped
Data generation thread stopped
Smart meter 117 shutdown complete
