=== Continuous Smart Meter Server 67 ===
Initializing for continuous operation...
SEAL context initialized
Loaded certificate: smart-meter-067
Requesting public keys from KDC...
[2025-12-10 07:56:27] NETWORK ERROR: Failed to connect to 127.0.0.1:8444: Connection refused
Error: Failed to connect to KDC at 127.0.0.1:8444
Error: Failed to send key request to KDC
Failed to obtain keys from KDC, falling back to file keys
Loaded keys from fallback files
Cryptographic components initialized
[2025-12-10 07:56:27] NETWORK INFO: Server socket created and listening on port 9067
✓ Smart meter server ready on port 9067
Data transmission interval: 20 seconds (15x accelerated - simulates 5min)
✓ Performance metrics CSV files initialized in performance_data/
Starting continuous smart meter operation...
Press Ctrl+C to stop gracefully
Data generation thread started
Network server thread started on port 9067
[2025-12-10 07:56:47] Meter 67: Generated 2.233 kWh (encrypted: 334403 bytes, 4.910 ms)
[2025-12-10 07:57:07] Meter 67: Generated 3.907 kWh (encrypted: 334313 bytes, 4.294 ms)
[2025-12-10 07:57:15] NETWORK INFO: Server authentication successful for node: aggregator-001
✓ Aggregator connected: aggregator-001 from 127.0.0.1
✓ Sent 334313 bytes to aggregator-001 (8.94ms)
Session completed with aggregator-001
[2025-12-10 07:57:27] Meter 67: Generated 4.299 kWh (encrypted: 334173 bytes, 4.272 ms)
[2025-12-10 07:57:47] Meter 67: Generated 1.645 kWh (encrypted: 334144 bytes, 4.598 ms)
[2025-12-10 07:58:07] Meter 67: Generated 4.129 kWh (encrypted: 334155 bytes, 4.519 ms)
[2025-12-10 07:58:25] NETWORK INFO: Server authentication successful for node: aggregator-001
✓ Aggregator connected: aggregator-001 from 127.0.0.1
✓ Sent 334155 bytes to aggregator-001 (0.38ms)
Session completed with aggregator-001
[2025-12-10 07:58:27] Meter 67: Generated 1.134 kWh (encrypted: 334234 bytes, 6.104 ms)
[2025-12-10 07:58:47] Meter 67: Generated 3.092 kWh (encrypted: 334041 bytes, 4.445 ms)
[2025-12-10 07:59:07] Meter 67: Generated 5.156 kWh (encrypted: 333816 bytes, 4.556 ms)
[2025-12-10 07:59:26] NETWORK INFO: Server authentication successful for node: aggregator-001
✓ Aggregator connected: aggregator-001 from 127.0.0.1
✓ Sent 333816 bytes to aggregator-001 (0.42ms)
Session completed with aggregator-001
[2025-12-10 07:59:27] Meter 67: Generated 2.952 kWh (encrypted: 334243 bytes, 10.041 ms)
[2025-12-10 07:59:47] Meter 67: Generated 2.034 kWh (encrypted: 334273 bytes, 7.069 ms)
[2025-12-10 08:00:07] Meter 67: Generated 4.660 kWh (encrypted: 334338 bytes, 4.817 ms)
[2025-12-10 08:00:27] Meter 67: Generated 4.660 kWh (encrypted: 334078 bytes, 6.901 ms)
[2025-12-10 08:00:28] NETWORK INFO: Server authentication successful for node: aggregator-001
✓ Aggregator connected: aggregator-001 from 127.0.0.1
✓ Sent 334078 bytes to aggregator-001 (0.34ms)
Session completed with aggregator-001
[2025-12-10 08:00:47] Meter 67: Generated 5.449 kWh (encrypted: 334326 bytes, 4.593 ms)
[2025-12-10 08:01:08] Meter 67: Generated 2.019 kWh (encrypted: 334293 bytes, 4.653 ms)
[2025-12-10 08:01:28] Meter 67: Generated 1.817 kWh (encrypted: 334357 bytes, 5.399 ms)
[2025-12-10 08:01:31] NETWORK INFO: Server authentication successful for node: aggregator-001
✓ Aggregator connected: aggregator-001 from 127.0.0.1
✓ Sent 334357 bytes to aggregator-001 (0.40ms)
Session completed with aggregator-001
[2025-12-10 08:01:48] Meter 67: Generated 5.652 kWh (encrypted: 334392 bytes, 5.351 ms)
[2025-12-10 08:02:08] Meter 67: Generated 2.823 kWh (encrypted: 334351 bytes, 4.589 ms)
[2025-12-10 08:02:28] Meter 67: Generated 2.272 kWh (encrypted: 334362 bytes, 6.549 ms)
[2025-12-10 08:02:33] NETWORK INFO: Server authentication successful for node: aggregator-001
✓ Aggregator connected: aggregator-001 from 127.0.0.1
✓ Sent 334362 bytes to aggregator-001 (0.41ms)
Session completed with aggregator-001
[2025-12-10 08:02:48] Meter 67: Generated 5.047 kWh (encrypted: 334398 bytes, 7.031 ms)
[2025-12-10 08:03:08] Meter 67: Generated 3.179 kWh (encrypted: 334188 bytes, 4.505 ms)
[2025-12-10 08:03:28] Meter 67: Generated 3.653 kWh (encrypted: 334327 bytes, 7.904 ms)
[2025-12-10 08:03:36] NETWORK INFO: Server authentication successful for node: aggregator-001
✓ Aggregator connected: aggregator-001 from 127.0.0.1
✓ Sent 334327 bytes to aggregator-001 (12.47ms)
Session completed with aggregator-001
[2025-12-10 08:03:48] Meter 67: Generated 0.990 kWh (encrypted: 334376 bytes, 5.574 ms)
[2025-12-10 08:04:08] Meter 67: Generated 7.313 kWh (encrypted: 334402 bytes, 4.557 ms)
[2025-12-10 08:04:28] Meter 67: Generated 2.825 kWh (encrypted: 333871 bytes, 4.936 ms)
[2025-12-10 08:04:39] NETWORK INFO: Server authentication successful for node: aggregator-001
✓ Aggregator connected: aggregator-001 from 127.0.0.1
✓ Sent 333871 bytes to aggregator-001 (0.42ms)
Session completed with aggregator-001
[2025-12-10 08:04:48] Meter 67: Generated 6.059 kWh (encrypted: 334171 bytes, 5.806 ms)
[2025-12-10 08:05:08] Meter 67: Generated 5.198 kWh (encrypted: 334088 bytes, 5.609 ms)
[2025-12-10 08:05:28] Meter 67: Generated 7.147 kWh (encrypted: 334314 bytes, 5.901 ms)
[2025-12-10 08:05:44] NETWORK INFO: Server authentication successful for node: aggregator-001
✓ Aggregator connected: aggregator-001 from 127.0.0.1
✓ Sent 334314 bytes to aggregator-001 (0.35ms)
Session completed with aggregator-001
[2025-12-10 08:05:48] Meter 67: Generated 1.280 kWh (encrypted: 334291 bytes, 4.728 ms)
[2025-12-10 08:06:08] Meter 67: Generated 2.527 kWh (encrypted: 334400 bytes, 4.774 ms)
[2025-12-10 08:06:28] Meter 67: Generated 5.386 kWh (encrypted: 333944 bytes, 4.779 ms)
[2025-12-10 08:06:48] Meter 67: Generated 1.459 kWh (encrypted: 334475 bytes, 4.752 ms)
[2025-12-10 08:06:50] NETWORK INFO: Server authentication successful for node: aggregator-001
✓ Aggregator connected: aggregator-001 from 127.0.0.1
✓ Sent 334475 bytes to aggregator-001 (0.39ms)
Session completed with aggregator-001
[2025-12-10 08:07:08] Meter 67: Generated 4.620 kWh (encrypted: 334345 bytes, 4.663 ms)
[2025-12-10 08:07:28] Meter 67: Generated 2.176 kWh (encrypted: 334398 bytes, 6.670 ms)
[2025-12-10 08:07:48] Meter 67: Generated 2.787 kWh (encrypted: 333583 bytes, 4.696 ms)
[2025-12-10 08:07:55] NETWORK INFO: Server authentication successful for node: aggregator-001
✓ Aggregator connected: aggregator-001 from 127.0.0.1
✓ Sent 333583 bytes to aggregator-001 (0.65ms)
Session completed with aggregator-001
[2025-12-10 08:08:08] Meter 67: Generated 4.118 kWh (encrypted: 334360 bytes, 4.676 ms)
[2025-12-10 08:08:28] Meter 67: Generated 6.241 kWh (encrypted: 334366 bytes, 17.392 ms)
[2025-12-10 08:08:48] Meter 67: Generated 1.971 kWh (encrypted: 334279 bytes, 4.988 ms)
[2025-12-10 08:09:01] NETWORK INFO: Server authentication successful for node: aggregator-001
✓ Aggregator connected: aggregator-001 from 127.0.0.1
✓ Sent 334279 bytes to aggregator-001 (6.80ms)
Session completed with aggregator-001
[2025-12-10 08:09:08] Meter 67: Generated 1.788 kWh (encrypted: 334097 bytes, 6.456 ms)
[2025-12-10 08:09:28] Meter 67: Generated 5.018 kWh (encrypted: 333956 bytes, 4.962 ms)
[2025-12-10 08:09:48] Meter 67: Generated 1.300 kWh (encrypted: 334491 bytes, 4.791 ms)
[2025-12-10 08:10:06] NETWORK INFO: Server authentication successful for node: aggregator-001
✓ Aggregator connected: aggregator-001 from 127.0.0.1
✓ Sent 334491 bytes to aggregator-001 (0.40ms)
Session completed with aggregator-001
[2025-12-10 08:10:08] Meter 67: Generated 4.318 kWh (encrypted: 334148 bytes, 4.705 ms)
[2025-12-10 08:10:28] Meter 67: Generated 1.648 kWh (encrypted: 334319 bytes, 8.469 ms)
[2025-12-10 08:10:48] Meter 67: Generated 1.003 kWh (encrypted: 334297 bytes, 4.694 ms)
[2025-12-10 08:11:08] Meter 67: Generated 5.585 kWh (encrypted: 334180 bytes, 6.559 ms)
[2025-12-10 08:11:12] NETWORK INFO: Server authentication successful for node: aggregator-001
✓ Aggregator connected: aggregator-001 from 127.0.0.1
✓ Sent 334180 bytes to aggregator-001 (9.76ms)
Session completed with aggregator-001
[2025-12-10 08:11:28] Meter 67: Generated 3.773 kWh (encrypted: 334375 bytes, 5.177 ms)
[2025-12-10 08:11:48] Meter 67: Generated 2.160 kWh (encrypted: 334347 bytes, 4.584 ms)
[2025-12-10 08:12:08] Meter 67: Generated 0.750 kWh (encrypted: 334343 bytes, 7.632 ms)
[2025-12-10 08:12:17] NETWORK INFO: Server authentication successful for node: aggregator-001
✓ Aggregator connected: aggregator-001 from 127.0.0.1
✓ Sent 334343 bytes to aggregator-001 (0.38ms)
Session completed with aggregator-001
[2025-12-10 08:12:28] Meter 67: Generated 4.225 kWh (encrypted: 334375 bytes, 6.424 ms)

Received shutdown signal. Gracefully shutting down smart meter...
Network server thread stopped
Data generation thread stopped
Smart meter 67 shutdown complete
