=== Continuous Smart Meter Server 179 ===
Initializing for continuous operation...
SEAL context initialized
Loaded certificate: smart-meter-179
Requesting public keys from KDC...
[2025-12-10 07:58:44] NETWORK ERROR: Failed to connect to 127.0.0.1:8444: Connection refused
Error: Failed to connect to KDC at 127.0.0.1:8444
Error: Failed to send key request to KDC
Failed to obtain keys from KDC, falling back to file keys
Loaded keys from fallback files
Cryptographic components initialized
[2025-12-10 07:58:44] NETWORK INFO: Server socket created and listening on port 9179
✓ Smart meter server ready on port 9179
Data transmission interval: 20 seconds (15x accelerated - simulates 5min)
✓ Performance metrics CSV files initialized in performance_data/
Starting continuous smart meter operation...
Press Ctrl+C to stop gracefully
Data generation thread started
Network server thread started on port 9179
[2025-12-10 07:59:04] Meter 179: Generated 0.971 kWh (encrypted: 334254 bytes, 5.086 ms)
[2025-12-10 07:59:24] Meter 179: Generated 5.598 kWh (encrypted: 334446 bytes, 4.566 ms)
[2025-12-10 07:59:27] NETWORK INFO: Server authentication successful for node: aggregator-001
✓ Aggregator connected: aggregator-001 from 127.0.0.1
✓ Sent 334446 bytes to aggregator-001 (0.71ms)
Session completed with aggregator-001
[2025-12-10 07:59:44] Meter 179: Generated 3.079 kWh (encrypted: 334411 bytes, 5.356 ms)
[2025-12-10 08:00:04] Meter 179: Generated 6.392 kWh (encrypted: 334400 bytes, 6.451 ms)
[2025-12-10 08:00:24] Meter 179: Generated 6.627 kWh (encrypted: 334310 bytes, 4.879 ms)
[2025-12-10 08:00:28] NETWORK INFO: Server authentication successful for node: aggregator-001
✓ Aggregator connected: aggregator-001 from 127.0.0.1
✓ Sent 334310 bytes to aggregator-001 (0.38ms)
Session completed with aggregator-001
[2025-12-10 08:00:44] Meter 179: Generated 6.487 kWh (encrypted: 334400 bytes, 4.704 ms)
[2025-12-10 08:01:04] Meter 179: Generated 3.809 kWh (encrypted: 334412 bytes, 4.511 ms)
[2025-12-10 08:01:24] Meter 179: Generated 5.131 kWh (encrypted: 334324 bytes, 4.685 ms)
[2025-12-10 08:01:31] NETWORK INFO: Server authentication successful for node: aggregator-001
✓ Aggregator connected: aggregator-001 from 127.0.0.1
✓ Sent 334324 bytes to aggregator-001 (14.58ms)
Session completed with aggregator-001
[2025-12-10 08:01:44] Meter 179: Generated 6.437 kWh (encrypted: 334405 bytes, 4.833 ms)
[2025-12-10 08:02:04] Meter 179: Generated 4.936 kWh (encrypted: 334407 bytes, 4.824 ms)
[2025-12-10 08:02:24] Meter 179: Generated 5.064 kWh (encrypted: 334088 bytes, 4.506 ms)
[2025-12-10 08:02:33] NETWORK INFO: Server authentication successful for node: aggregator-001
✓ Aggregator connected: aggregator-001 from 127.0.0.1
✓ Sent 334088 bytes to aggregator-001 (1.21ms)
Session completed with aggregator-001
[2025-12-10 08:02:44] Meter 179: Generated 6.118 kWh (encrypted: 334113 bytes, 5.061 ms)
[2025-12-10 08:03:04] Meter 179: Generated 1.763 kWh (encrypted: 334422 bytes, 4.418 ms)
[2025-12-10 08:03:24] Meter 179: Generated 0.931 kWh (encrypted: 334223 bytes, 5.076 ms)
[2025-12-10 08:03:36] NETWORK INFO: Server authentication successful for node: aggregator-001
✓ Aggregator connected: aggregator-001 from 127.0.0.1
✓ Sent 334223 bytes to aggregator-001 (0.52ms)
Session completed with aggregator-001
[2025-12-10 08:03:44] Meter 179: Generated 1.435 kWh (encrypted: 334130 bytes, 5.148 ms)
[2025-12-10 08:04:04] Meter 179: Generated 6.813 kWh (encrypted: 334270 bytes, 4.736 ms)
[2025-12-10 08:04:24] Meter 179: Generated 4.406 kWh (encrypted: 334133 bytes, 4.824 ms)
[2025-12-10 08:04:39] NETWORK INFO: Server authentication successful for node: aggregator-001
✓ Aggregator connected: aggregator-001 from 127.0.0.1
✓ Sent 334133 bytes to aggregator-001 (2.71ms)
Session completed with aggregator-001
[2025-12-10 08:04:44] Meter 179: Generated 6.906 kWh (encrypted: 334489 bytes, 6.383 ms)
[2025-12-10 08:05:04] Meter 179: Generated 5.155 kWh (encrypted: 333732 bytes, 5.241 ms)
[2025-12-10 08:05:24] Meter 179: Generated 2.859 kWh (encrypted: 334287 bytes, 4.860 ms)
[2025-12-10 08:05:44] NETWORK INFO: Server authentication successful for node: aggregator-001
✓ Aggregator connected: aggregator-001 from 127.0.0.1
✓ Sent 334287 bytes to aggregator-001 (0.36ms)
Session completed with aggregator-001
[2025-12-10 08:05:44] Meter 179: Generated 6.473 kWh (encrypted: 334433 bytes, 17.962 ms)
[2025-12-10 08:06:04] Meter 179: Generated 1.398 kWh (encrypted: 334073 bytes, 14.841 ms)
[2025-12-10 08:06:24] Meter 179: Generated 3.639 kWh (encrypted: 334376 bytes, 5.428 ms)
[2025-12-10 08:06:44] Meter 179: Generated 1.572 kWh (encrypted: 334060 bytes, 5.222 ms)
[2025-12-10 08:06:50] NETWORK INFO: Server authentication successful for node: aggregator-001
✓ Aggregator connected: aggregator-001 from 127.0.0.1
✓ Sent 334060 bytes to aggregator-001 (0.38ms)
Session completed with aggregator-001
[2025-12-10 08:07:04] Meter 179: Generated 2.324 kWh (encrypted: 334365 bytes, 4.710 ms)
[2025-12-10 08:07:24] Meter 179: Generated 5.732 kWh (encrypted: 334230 bytes, 4.890 ms)
[2025-12-10 08:07:44] Meter 179: Generated 5.005 kWh (encrypted: 334312 bytes, 4.587 ms)
[2025-12-10 08:07:56] NETWORK INFO: Server authentication successful for node: aggregator-001
✓ Aggregator connected: aggregator-001 from 127.0.0.1
✓ Sent 334312 bytes to aggregator-001 (0.36ms)
Session completed with aggregator-001
[2025-12-10 08:08:04] Meter 179: Generated 4.533 kWh (encrypted: 334231 bytes, 6.535 ms)
[2025-12-10 08:08:25] Meter 179: Generated 5.190 kWh (encrypted: 334300 bytes, 21.929 ms)
[2025-12-10 08:08:45] Meter 179: Generated 1.896 kWh (encrypted: 334237 bytes, 4.893 ms)
[2025-12-10 08:09:01] NETWORK INFO: Server authentication successful for node: aggregator-001
✓ Aggregator connected: aggregator-001 from 127.0.0.1
✓ Sent 334237 bytes to aggregator-001 (0.34ms)
Session completed with aggregator-001
[2025-12-10 08:09:05] Meter 179: Generated 5.064 kWh (encrypted: 334440 bytes, 6.532 ms)
[2025-12-10 08:09:25] Meter 179: Generated 0.946 kWh (encrypted: 334427 bytes, 4.546 ms)
[2025-12-10 08:09:45] Meter 179: Generated 7.152 kWh (encrypted: 334085 bytes, 5.005 ms)
[2025-12-10 08:10:05] Meter 179: Generated 3.147 kWh (encrypted: 334026 bytes, 6.835 ms)
[2025-12-10 08:10:06] NETWORK INFO: Server authentication successful for node: aggregator-001
✓ Aggregator connected: aggregator-001 from 127.0.0.1
✓ Sent 334026 bytes to aggregator-001 (20.18ms)
Session completed with aggregator-001
[2025-12-10 08:10:25] Meter 179: Generated 4.164 kWh (encrypted: 334468 bytes, 4.400 ms)
[2025-12-10 08:10:45] Meter 179: Generated 3.402 kWh (encrypted: 334260 bytes, 4.576 ms)
[2025-12-10 08:11:05] Meter 179: Generated 2.262 kWh (encrypted: 334408 bytes, 4.862 ms)
[2025-12-10 08:11:12] NETWORK INFO: Server authentication successful for node: aggregator-001
✓ Aggregator connected: aggregator-001 from 127.0.0.1
✓ Sent 334408 bytes to aggregator-001 (0.82ms)
Session completed with aggregator-001
[2025-12-10 08:11:25] Meter 179: Generated 4.760 kWh (encrypted: 334448 bytes, 10.093 ms)
[2025-12-10 08:11:45] Meter 179: Generated 4.621 kWh (encrypted: 334362 bytes, 13.645 ms)
[2025-12-10 08:12:05] Meter 179: Generated 1.722 kWh (encrypted: 334292 bytes, 6.940 ms)
[2025-12-10 08:12:17] NETWORK INFO: Server authentication successful for node: aggregator-001
✓ Aggregator connected: aggregator-001 from 127.0.0.1
✓ Sent 334292 bytes to aggregator-001 (0.37ms)
Session completed with aggregator-001
[2025-12-10 08:12:25] Meter 179: Generated 3.267 kWh (encrypted: 334468 bytes, 4.812 ms)

Received shutdown signal. Gracefully shutting down smart meter...
Network server thread stopped
Data generation thread stopped
Smart meter 179 shutdown complete
