=== Continuous Smart Meter Server 203 ===
Initializing for continuous operation...
SEAL context initialized
Loaded certificate: smart-meter-203
Requesting public keys from KDC...
[2025-12-10 07:59:14] NETWORK ERROR: Failed to connect to 127.0.0.1:8444: Connection refused
Error: Failed to connect to KDC at 127.0.0.1:8444
Error: Failed to send key request to KDC
Failed to obtain keys from KDC, falling back to file keys
Loaded keys from fallback files
Cryptographic components initialized
[2025-12-10 07:59:14] NETWORK INFO: Server socket created and listening on port 9203
✓ Smart meter server ready on port 9203
Data transmission interval: 20 seconds (15x accelerated - simulates 5min)
✓ Performance metrics CSV files initialized in performance_data/
Starting continuous smart meter operation...
Press Ctrl+C to stop gracefully
Data generation thread started
Network server thread started on port 9203
[2025-12-10 07:59:26] NETWORK INFO: Server authentication successful for node: aggregator-001
✓ Aggregator connected: aggregator-001 from 127.0.0.1
[2025-12-10 07:59:34] Meter 203: Generated 4.386 kWh (encrypted: 334481 bytes, 6.468 ms)
✓ Sent 334481 bytes to aggregator-001 (0.76ms)
Session completed with aggregator-001
[2025-12-10 07:59:54] Meter 203: Generated 5.821 kWh (encrypted: 334177 bytes, 4.505 ms)
[2025-12-10 08:00:14] Meter 203: Generated 1.366 kWh (encrypted: 334194 bytes, 4.735 ms)
[2025-12-10 08:00:28] NETWORK INFO: Server authentication successful for node: aggregator-001
✓ Aggregator connected: aggregator-001 from 127.0.0.1
✓ Sent 334194 bytes to aggregator-001 (4.18ms)
Session completed with aggregator-001
[2025-12-10 08:00:34] Meter 203: Generated 3.904 kWh (encrypted: 334460 bytes, 5.002 ms)
[2025-12-10 08:00:54] Meter 203: Generated 3.270 kWh (encrypted: 334238 bytes, 4.858 ms)
[2025-12-10 08:01:14] Meter 203: Generated 1.114 kWh (encrypted: 334157 bytes, 4.469 ms)
[2025-12-10 08:01:31] NETWORK INFO: Server authentication successful for node: aggregator-001
✓ Aggregator connected: aggregator-001 from 127.0.0.1
✓ Sent 334157 bytes to aggregator-001 (12.40ms)
Session completed with aggregator-001
[2025-12-10 08:01:34] Meter 203: Generated 6.462 kWh (encrypted: 334282 bytes, 4.619 ms)
[2025-12-10 08:01:54] Meter 203: Generated 1.558 kWh (encrypted: 334077 bytes, 4.627 ms)
[2025-12-10 08:02:14] Meter 203: Generated 3.556 kWh (encrypted: 334156 bytes, 4.612 ms)
[2025-12-10 08:02:33] NETWORK INFO: Server authentication successful for node: aggregator-001
✓ Aggregator connected: aggregator-001 from 127.0.0.1
✓ Sent 334156 bytes to aggregator-001 (0.38ms)
Session completed with aggregator-001
[2025-12-10 08:02:34] Meter 203: Generated 6.861 kWh (encrypted: 334343 bytes, 4.356 ms)
[2025-12-10 08:02:54] Meter 203: Generated 3.145 kWh (encrypted: 334273 bytes, 4.694 ms)
[2025-12-10 08:03:14] Meter 203: Generated 6.977 kWh (encrypted: 334438 bytes, 4.659 ms)
[2025-12-10 08:03:34] Meter 203: Generated 1.591 kWh (encrypted: 334138 bytes, 4.559 ms)
[2025-12-10 08:03:36] NETWORK INFO: Server authentication successful for node: aggregator-001
✓ Aggregator connected: aggregator-001 from 127.0.0.1
✓ Sent 334138 bytes to aggregator-001 (0.44ms)
Session completed with aggregator-001
[2025-12-10 08:03:54] Meter 203: Generated 5.006 kWh (encrypted: 334422 bytes, 4.540 ms)
[2025-12-10 08:04:14] Meter 203: Generated 1.528 kWh (encrypted: 334402 bytes, 4.544 ms)
[2025-12-10 08:04:34] Meter 203: Generated 1.113 kWh (encrypted: 333935 bytes, 4.766 ms)
[2025-12-10 08:04:39] NETWORK INFO: Server authentication successful for node: aggregator-001
✓ Aggregator connected: aggregator-001 from 127.0.0.1
✓ Sent 333935 bytes to aggregator-001 (0.49ms)
Session completed with aggregator-001
[2025-12-10 08:04:54] Meter 203: Generated 4.091 kWh (encrypted: 334242 bytes, 4.718 ms)
[2025-12-10 08:05:14] Meter 203: Generated 7.168 kWh (encrypted: 334100 bytes, 6.565 ms)
[2025-12-10 08:05:34] Meter 203: Generated 6.274 kWh (encrypted: 334275 bytes, 4.739 ms)
[2025-12-10 08:05:44] NETWORK INFO: Server authentication successful for node: aggregator-001
✓ Aggregator connected: aggregator-001 from 127.0.0.1
✓ Sent 334275 bytes to aggregator-001 (0.44ms)
Session completed with aggregator-001
[2025-12-10 08:05:54] Meter 203: Generated 4.632 kWh (encrypted: 334404 bytes, 4.711 ms)
[2025-12-10 08:06:14] Meter 203: Generated 3.095 kWh (encrypted: 334204 bytes, 5.148 ms)
[2025-12-10 08:06:34] Meter 203: Generated 2.733 kWh (encrypted: 334366 bytes, 4.819 ms)
[2025-12-10 08:06:50] NETWORK INFO: Server authentication successful for node: aggregator-001
✓ Aggregator connected: aggregator-001 from 127.0.0.1
✓ Sent 334366 bytes to aggregator-001 (0.35ms)
Session completed with aggregator-001
[2025-12-10 08:06:54] Meter 203: Generated 6.265 kWh (encrypted: 334177 bytes, 4.724 ms)
[2025-12-10 08:07:14] Meter 203: Generated 0.812 kWh (encrypted: 334414 bytes, 6.636 ms)
[2025-12-10 08:07:34] Meter 203: Generated 5.686 kWh (encrypted: 334312 bytes, 4.738 ms)
[2025-12-10 08:07:54] Meter 203: Generated 4.628 kWh (encrypted: 334296 bytes, 4.772 ms)
[2025-12-10 08:07:56] NETWORK INFO: Server authentication successful for node: aggregator-001
✓ Aggregator connected: aggregator-001 from 127.0.0.1
✓ Sent 334296 bytes to aggregator-001 (0.40ms)
Session completed with aggregator-001
[2025-12-10 08:08:14] Meter 203: Generated 1.396 kWh (encrypted: 334437 bytes, 6.905 ms)
[2025-12-10 08:08:34] Meter 203: Generated 1.237 kWh (encrypted: 334400 bytes, 4.642 ms)
[2025-12-10 08:08:54] Meter 203: Generated 5.071 kWh (encrypted: 334417 bytes, 4.793 ms)
[2025-12-10 08:09:01] NETWORK INFO: Server authentication successful for node: aggregator-001
✓ Aggregator connected: aggregator-001 from 127.0.0.1
✓ Sent 334417 bytes to aggregator-001 (14.96ms)
Session completed with aggregator-001
[2025-12-10 08:09:14] Meter 203: Generated 2.305 kWh (encrypted: 334249 bytes, 4.518 ms)
[2025-12-10 08:09:34] Meter 203: Generated 6.864 kWh (encrypted: 334270 bytes, 5.112 ms)
[2025-12-10 08:09:54] Meter 203: Generated 7.174 kWh (encrypted: 334179 bytes, 4.459 ms)
[2025-12-10 08:10:06] NETWORK INFO: Server authentication successful for node: aggregator-001
✓ Aggregator connected: aggregator-001 from 127.0.0.1
✓ Sent 334179 bytes to aggregator-001 (0.40ms)
Session completed with aggregator-001
[2025-12-10 08:10:14] Meter 203: Generated 2.068 kWh (encrypted: 334173 bytes, 6.508 ms)
[2025-12-10 08:10:34] Meter 203: Generated 3.116 kWh (encrypted: 334368 bytes, 4.492 ms)
[2025-12-10 08:10:54] Meter 203: Generated 7.023 kWh (encrypted: 334414 bytes, 4.764 ms)
[2025-12-10 08:11:12] NETWORK INFO: Server authentication successful for node: aggregator-001
✓ Aggregator connected: aggregator-001 from 127.0.0.1
✓ Sent 334414 bytes to aggregator-001 (12.19ms)
Session completed with aggregator-001
[2025-12-10 08:11:14] Meter 203: Generated 4.566 kWh (encrypted: 334267 bytes, 11.473 ms)
[2025-12-10 08:11:34] Meter 203: Generated 3.914 kWh (encrypted: 334219 bytes, 5.060 ms)
[2025-12-10 08:11:54] Meter 203: Generated 6.505 kWh (encrypted: 334430 bytes, 4.429 ms)
[2025-12-10 08:12:14] Meter 203: Generated 3.275 kWh (encrypted: 334284 bytes, 4.812 ms)
[2025-12-10 08:12:17] NETWORK INFO: Server authentication successful for node: aggregator-001
✓ Aggregator connected: aggregator-001 from 127.0.0.1
✓ Sent 334284 bytes to aggregator-001 (0.37ms)
Session completed with aggregator-001
[2025-12-10 08:12:34] Meter 203: Generated 2.786 kWh (encrypted: 334422 bytes, 4.707 ms)

Received shutdown signal. Gracefully shutting down smart meter...
Network server thread stopped
Data generation thread stopped
Smart meter 203 shutdown complete
