=== Continuous Smart Meter Server 155 ===
Initializing for continuous operation...
SEAL context initialized
Loaded certificate: smart-meter-155
Requesting public keys from KDC...
[2025-12-10 07:58:15] NETWORK ERROR: Failed to connect to 127.0.0.1:8444: Connection refused
Error: Failed to connect to KDC at 127.0.0.1:8444
Error: Failed to send key request to KDC
Failed to obtain keys from KDC, falling back to file keys
Loaded keys from fallback files
Cryptographic components initialized
[2025-12-10 07:58:15] NETWORK INFO: Server socket created and listening on port 9155
✓ Smart meter server ready on port 9155
Data transmission interval: 20 seconds (15x accelerated - simulates 5min)
✓ Performance metrics CSV files initialized in performance_data/
Starting continuous smart meter operation...
Press Ctrl+C to stop gracefully
Data generation thread started
Network server thread started on port 9155
[2025-12-10 07:58:25] NETWORK INFO: Server authentication successful for node: aggregator-001
✓ Aggregator connected: aggregator-001 from 127.0.0.1
[2025-12-10 07:58:35] Meter 155: Generated 4.613 kWh (encrypted: 334332 bytes, 5.021 ms)
✓ Sent 334332 bytes to aggregator-001 (0.70ms)
Session completed with aggregator-001
[2025-12-10 07:58:55] Meter 155: Generated 1.900 kWh (encrypted: 334298 bytes, 7.057 ms)
[2025-12-10 07:59:15] Meter 155: Generated 4.378 kWh (encrypted: 334421 bytes, 4.590 ms)
[2025-12-10 07:59:26] NETWORK INFO: Server authentication successful for node: aggregator-001
✓ Aggregator connected: aggregator-001 from 127.0.0.1
✓ Sent 334421 bytes to aggregator-001 (0.33ms)
Session completed with aggregator-001
[2025-12-10 07:59:35] Meter 155: Generated 4.734 kWh (encrypted: 334190 bytes, 4.616 ms)
[2025-12-10 07:59:55] Meter 155: Generated 7.238 kWh (encrypted: 334380 bytes, 4.412 ms)
[2025-12-10 08:00:15] Meter 155: Generated 3.873 kWh (encrypted: 334406 bytes, 4.417 ms)
[2025-12-10 08:00:28] NETWORK INFO: Server authentication successful for node: aggregator-001
✓ Aggregator connected: aggregator-001 from 127.0.0.1
✓ Sent 334406 bytes to aggregator-001 (0.40ms)
Session completed with aggregator-001
[2025-12-10 08:00:35] Meter 155: Generated 6.858 kWh (encrypted: 333450 bytes, 4.887 ms)
[2025-12-10 08:00:55] Meter 155: Generated 6.662 kWh (encrypted: 334495 bytes, 4.742 ms)
[2025-12-10 08:01:15] Meter 155: Generated 3.873 kWh (encrypted: 334436 bytes, 5.712 ms)
[2025-12-10 08:01:31] NETWORK INFO: Server authentication successful for node: aggregator-001
✓ Aggregator connected: aggregator-001 from 127.0.0.1
✓ Sent 334436 bytes to aggregator-001 (0.35ms)
Session completed with aggregator-001
[2025-12-10 08:01:35] Meter 155: Generated 2.980 kWh (encrypted: 333938 bytes, 4.704 ms)
[2025-12-10 08:01:55] Meter 155: Generated 0.672 kWh (encrypted: 334188 bytes, 4.650 ms)
[2025-12-10 08:02:15] Meter 155: Generated 7.343 kWh (encrypted: 334277 bytes, 5.011 ms)
[2025-12-10 08:02:33] NETWORK INFO: Server authentication successful for node: aggregator-001
✓ Aggregator connected: aggregator-001 from 127.0.0.1
✓ Sent 334277 bytes to aggregator-001 (0.38ms)
Session completed with aggregator-001
[2025-12-10 08:02:35] Meter 155: Generated 6.312 kWh (encrypted: 334442 bytes, 6.301 ms)
[2025-12-10 08:02:55] Meter 155: Generated 6.600 kWh (encrypted: 333880 bytes, 4.347 ms)
[2025-12-10 08:03:15] Meter 155: Generated 6.612 kWh (encrypted: 334364 bytes, 4.531 ms)
[2025-12-10 08:03:35] Meter 155: Generated 3.949 kWh (encrypted: 334163 bytes, 6.443 ms)
[2025-12-10 08:03:36] NETWORK INFO: Server authentication successful for node: aggregator-001
✓ Aggregator connected: aggregator-001 from 127.0.0.1
✓ Sent 334163 bytes to aggregator-001 (0.39ms)
Session completed with aggregator-001
[2025-12-10 08:03:55] Meter 155: Generated 4.070 kWh (encrypted: 334362 bytes, 4.992 ms)
[2025-12-10 08:04:15] Meter 155: Generated 2.120 kWh (encrypted: 334303 bytes, 6.128 ms)
[2025-12-10 08:04:35] Meter 155: Generated 3.967 kWh (encrypted: 334358 bytes, 7.165 ms)
[2025-12-10 08:04:39] NETWORK INFO: Server authentication successful for node: aggregator-001
✓ Aggregator connected: aggregator-001 from 127.0.0.1
✓ Sent 334358 bytes to aggregator-001 (7.53ms)
Session completed with aggregator-001
[2025-12-10 08:04:55] Meter 155: Generated 6.199 kWh (encrypted: 333479 bytes, 4.968 ms)
[2025-12-10 08:05:15] Meter 155: Generated 2.516 kWh (encrypted: 334419 bytes, 4.741 ms)
[2025-12-10 08:05:35] Meter 155: Generated 3.614 kWh (encrypted: 334284 bytes, 4.433 ms)
[2025-12-10 08:05:44] NETWORK INFO: Server authentication successful for node: aggregator-001
✓ Aggregator connected: aggregator-001 from 127.0.0.1
✓ Sent 334284 bytes to aggregator-001 (0.36ms)
Session completed with aggregator-001
[2025-12-10 08:05:55] Meter 155: Generated 2.065 kWh (encrypted: 334439 bytes, 6.547 ms)
[2025-12-10 08:06:15] Meter 155: Generated 5.841 kWh (encrypted: 333955 bytes, 4.881 ms)
[2025-12-10 08:06:35] Meter 155: Generated 5.633 kWh (encrypted: 334267 bytes, 10.329 ms)
[2025-12-10 08:06:50] NETWORK INFO: Server authentication successful for node: aggregator-001
✓ Aggregator connected: aggregator-001 from 127.0.0.1
✓ Sent 334267 bytes to aggregator-001 (7.75ms)
Session completed with aggregator-001
[2025-12-10 08:06:55] Meter 155: Generated 6.299 kWh (encrypted: 334366 bytes, 4.608 ms)
[2025-12-10 08:07:15] Meter 155: Generated 4.382 kWh (encrypted: 334150 bytes, 4.481 ms)
[2025-12-10 08:07:35] Meter 155: Generated 6.446 kWh (encrypted: 334223 bytes, 4.672 ms)
[2025-12-10 08:07:55] Meter 155: Generated 1.247 kWh (encrypted: 334371 bytes, 4.629 ms)
[2025-12-10 08:07:56] NETWORK INFO: Server authentication successful for node: aggregator-001
✓ Aggregator connected: aggregator-001 from 127.0.0.1
✓ Sent 334371 bytes to aggregator-001 (7.72ms)
Session completed with aggregator-001
[2025-12-10 08:08:15] Meter 155: Generated 4.220 kWh (encrypted: 334240 bytes, 4.716 ms)
[2025-12-10 08:08:35] Meter 155: Generated 5.448 kWh (encrypted: 334126 bytes, 5.585 ms)
[2025-12-10 08:08:55] Meter 155: Generated 5.173 kWh (encrypted: 334355 bytes, 6.566 ms)
[2025-12-10 08:09:01] NETWORK INFO: Server authentication successful for node: aggregator-001
✓ Aggregator connected: aggregator-001 from 127.0.0.1
✓ Sent 334355 bytes to aggregator-001 (26.60ms)
Session completed with aggregator-001
[2025-12-10 08:09:15] Meter 155: Generated 4.024 kWh (encrypted: 334427 bytes, 6.441 ms)
[2025-12-10 08:09:35] Meter 155: Generated 5.558 kWh (encrypted: 333276 bytes, 4.846 ms)
[2025-12-10 08:09:55] Meter 155: Generated 2.036 kWh (encrypted: 334468 bytes, 4.326 ms)
[2025-12-10 08:10:06] NETWORK INFO: Server authentication successful for node: aggregator-001
✓ Aggregator connected: aggregator-001 from 127.0.0.1
✓ Sent 334468 bytes to aggregator-001 (0.39ms)
Session completed with aggregator-001
[2025-12-10 08:10:15] Meter 155: Generated 6.306 kWh (encrypted: 334119 bytes, 6.469 ms)
[2025-12-10 08:10:35] Meter 155: Generated 6.422 kWh (encrypted: 334359 bytes, 4.419 ms)
[2025-12-10 08:10:55] Meter 155: Generated 7.596 kWh (encrypted: 334370 bytes, 9.953 ms)
[2025-12-10 08:11:12] NETWORK INFO: Server authentication successful for node: aggregator-001
✓ Aggregator connected: aggregator-001 from 127.0.0.1
✓ Sent 334370 bytes to aggregator-001 (0.35ms)
Session completed with aggregator-001
[2025-12-10 08:11:15] Meter 155: Generated 5.905 kWh (encrypted: 334407 bytes, 5.538 ms)
[2025-12-10 08:11:35] Meter 155: Generated 6.483 kWh (encrypted: 334416 bytes, 6.384 ms)
[2025-12-10 08:11:55] Meter 155: Generated 1.262 kWh (encrypted: 334395 bytes, 4.993 ms)
[2025-12-10 08:12:15] Meter 155: Generated 1.734 kWh (encrypted: 334236 bytes, 6.549 ms)
[2025-12-10 08:12:17] NETWORK INFO: Server authentication successful for node: aggregator-001
✓ Aggregator connected: aggregator-001 from 127.0.0.1
✓ Sent 334236 bytes to aggregator-001 (0.39ms)
Session completed with aggregator-001

Received shutdown signal. Gracefully shutting down smart meter...
Network server thread stopped
Data generation thread stopped
Smart meter 155 shutdown complete
