=== Continuous Smart Meter Server 269 ===
Initializing for continuous operation...
SEAL context initialized
Loaded certificate: smart-meter-269
Requesting public keys from KDC...
[2025-12-10 08:00:35] NETWORK ERROR: Failed to connect to 127.0.0.1:8444: Connection refused
Error: Failed to connect to KDC at 127.0.0.1:8444
Error: Failed to send key request to KDC
Failed to obtain keys from KDC, falling back to file keys
Loaded keys from fallback files
Cryptographic components initialized
[2025-12-10 08:00:35] NETWORK INFO: Server socket created and listening on port 9269
✓ Smart meter server ready on port 9269
Data transmission interval: 20 seconds (15x accelerated - simulates 5min)
✓ Performance metrics CSV files initialized in performance_data/
Starting continuous smart meter operation...
Press Ctrl+C to stop gracefully
Data generation thread started
Network server thread started on port 9269
[2025-12-10 08:00:55] Meter 269: Generated 7.126 kWh (encrypted: 334341 bytes, 5.363 ms)
[2025-12-10 08:01:15] Meter 269: Generated 3.027 kWh (encrypted: 334388 bytes, 4.637 ms)
[2025-12-10 08:01:31] NETWORK INFO: Server authentication successful for node: aggregator-001
✓ Aggregator connected: aggregator-001 from 127.0.0.1
✓ Sent 334388 bytes to aggregator-001 (8.19ms)
Session completed with aggregator-001
[2025-12-10 08:01:35] Meter 269: Generated 4.408 kWh (encrypted: 334478 bytes, 6.597 ms)
[2025-12-10 08:01:55] Meter 269: Generated 4.252 kWh (encrypted: 334415 bytes, 4.749 ms)
[2025-12-10 08:02:15] Meter 269: Generated 2.206 kWh (encrypted: 334139 bytes, 4.404 ms)
[2025-12-10 08:02:33] NETWORK INFO: Server authentication successful for node: aggregator-001
✓ Aggregator connected: aggregator-001 from 127.0.0.1
✓ Sent 334139 bytes to aggregator-001 (0.38ms)
Session completed with aggregator-001
[2025-12-10 08:02:35] Meter 269: Generated 1.448 kWh (encrypted: 334219 bytes, 4.668 ms)
[2025-12-10 08:02:55] Meter 269: Generated 2.278 kWh (encrypted: 334094 bytes, 4.325 ms)
[2025-12-10 08:03:15] Meter 269: Generated 5.147 kWh (encrypted: 334463 bytes, 4.524 ms)
[2025-12-10 08:03:35] Meter 269: Generated 0.797 kWh (encrypted: 334487 bytes, 4.472 ms)
[2025-12-10 08:03:36] NETWORK INFO: Server authentication successful for node: aggregator-001
✓ Aggregator connected: aggregator-001 from 127.0.0.1
✓ Sent 334487 bytes to aggregator-001 (7.70ms)
Session completed with aggregator-001
[2025-12-10 08:03:55] Meter 269: Generated 1.764 kWh (encrypted: 334514 bytes, 5.262 ms)
[2025-12-10 08:04:15] Meter 269: Generated 2.132 kWh (encrypted: 334509 bytes, 4.431 ms)
[2025-12-10 08:04:35] Meter 269: Generated 2.897 kWh (encrypted: 334410 bytes, 6.407 ms)
[2025-12-10 08:04:39] NETWORK INFO: Server authentication successful for node: aggregator-001
✓ Aggregator connected: aggregator-001 from 127.0.0.1
✓ Sent 334410 bytes to aggregator-001 (0.40ms)
Session completed with aggregator-001
[2025-12-10 08:04:55] Meter 269: Generated 2.626 kWh (encrypted: 334293 bytes, 6.510 ms)
[2025-12-10 08:05:15] Meter 269: Generated 4.025 kWh (encrypted: 334417 bytes, 4.816 ms)
[2025-12-10 08:05:35] Meter 269: Generated 1.476 kWh (encrypted: 334110 bytes, 4.727 ms)
[2025-12-10 08:05:44] NETWORK INFO: Server authentication successful for node: aggregator-001
✓ Aggregator connected: aggregator-001 from 127.0.0.1
✓ Sent 334110 bytes to aggregator-001 (0.37ms)
Session completed with aggregator-001
[2025-12-10 08:05:55] Meter 269: Generated 0.677 kWh (encrypted: 333858 bytes, 4.526 ms)
[2025-12-10 08:06:15] Meter 269: Generated 5.678 kWh (encrypted: 334329 bytes, 4.401 ms)
[2025-12-10 08:06:35] Meter 269: Generated 6.599 kWh (encrypted: 334462 bytes, 4.651 ms)
[2025-12-10 08:06:50] NETWORK INFO: Server authentication successful for node: aggregator-001
✓ Aggregator connected: aggregator-001 from 127.0.0.1
✓ Sent 334462 bytes to aggregator-001 (0.36ms)
Session completed with aggregator-001
[2025-12-10 08:06:55] Meter 269: Generated 2.526 kWh (encrypted: 334193 bytes, 4.601 ms)
[2025-12-10 08:07:15] Meter 269: Generated 2.021 kWh (encrypted: 334420 bytes, 4.492 ms)
[2025-12-10 08:07:35] Meter 269: Generated 1.141 kWh (encrypted: 334182 bytes, 4.344 ms)
[2025-12-10 08:07:55] Meter 269: Generated 3.922 kWh (encrypted: 334354 bytes, 4.600 ms)
[2025-12-10 08:07:55] NETWORK INFO: Server authentication successful for node: aggregator-001
✓ Aggregator connected: aggregator-001 from 127.0.0.1
✓ Sent 334354 bytes to aggregator-001 (4.44ms)
Session completed with aggregator-001
[2025-12-10 08:08:15] Meter 269: Generated 1.836 kWh (encrypted: 334506 bytes, 4.477 ms)
[2025-12-10 08:08:35] Meter 269: Generated 5.186 kWh (encrypted: 334369 bytes, 5.366 ms)
[2025-12-10 08:08:55] Meter 269: Generated 7.215 kWh (encrypted: 334513 bytes, 5.796 ms)
[2025-12-10 08:09:01] NETWORK INFO: Server authentication successful for node: aggregator-001
✓ Aggregator connected: aggregator-001 from 127.0.0.1
✓ Sent 334513 bytes to aggregator-001 (54.13ms)
Session completed with aggregator-001
[2025-12-10 08:09:15] Meter 269: Generated 7.322 kWh (encrypted: 334323 bytes, 6.422 ms)
[2025-12-10 08:09:35] Meter 269: Generated 7.235 kWh (encrypted: 334182 bytes, 6.463 ms)
[2025-12-10 08:09:55] Meter 269: Generated 7.575 kWh (encrypted: 334354 bytes, 4.537 ms)
[2025-12-10 08:10:06] NETWORK INFO: Server authentication successful for node: aggregator-001
✓ Aggregator connected: aggregator-001 from 127.0.0.1
✓ Sent 334354 bytes to aggregator-001 (0.36ms)
Session completed with aggregator-001
[2025-12-10 08:10:15] Meter 269: Generated 6.524 kWh (encrypted: 334298 bytes, 6.546 ms)
[2025-12-10 08:10:35] Meter 269: Generated 1.565 kWh (encrypted: 334137 bytes, 5.270 ms)
[2025-12-10 08:10:56] Meter 269: Generated 5.183 kWh (encrypted: 334065 bytes, 10.096 ms)
[2025-12-10 08:11:12] NETWORK INFO: Server authentication successful for node: aggregator-001
✓ Aggregator connected: aggregator-001 from 127.0.0.1
✓ Sent 334065 bytes to aggregator-001 (17.39ms)
Session completed with aggregator-001
[2025-12-10 08:11:16] Meter 269: Generated 3.801 kWh (encrypted: 334083 bytes, 4.531 ms)
[2025-12-10 08:11:36] Meter 269: Generated 4.660 kWh (encrypted: 334470 bytes, 6.339 ms)
[2025-12-10 08:11:56] Meter 269: Generated 4.911 kWh (encrypted: 334096 bytes, 4.632 ms)
[2025-12-10 08:12:16] Meter 269: Generated 1.831 kWh (encrypted: 334202 bytes, 4.689 ms)
[2025-12-10 08:12:17] NETWORK INFO: Server authentication successful for node: aggregator-001
✓ Aggregator connected: aggregator-001 from 127.0.0.1
✓ Sent 334202 bytes to aggregator-001 (0.35ms)
Session completed with aggregator-001

Received shutdown signal. Gracefully shutting down smart meter...
Network server thread stopped
Data generation thread stopped
Smart meter 269 shutdown complete
