=== Continuous Smart Meter Server 386 ===
Initializing for continuous operation...
SEAL context initialized
Loaded certificate: smart-meter-386
Requesting public keys from KDC...
[2025-12-10 08:03:01] NETWORK ERROR: Failed to connect to 127.0.0.1:8444: Connection refused
Error: Failed to connect to KDC at 127.0.0.1:8444
Error: Failed to send key request to KDC
Failed to obtain keys from KDC, falling back to file keys
Loaded keys from fallback files
Cryptographic components initialized
[2025-12-10 08:03:01] NETWORK INFO: Server socket created and listening on port 9386
✓ Smart meter server ready on port 9386
Data transmission interval: 20 seconds (15x accelerated - simulates 5min)
✓ Performance metrics CSV files initialized in performance_data/
Starting continuous smart meter operation...
Press Ctrl+C to stop gracefully
Data generation thread started
Network server thread started on port 9386
[2025-12-10 08:03:21] Meter 386: Generated 6.510 kWh (encrypted: 334176 bytes, 4.897 ms)
[2025-12-10 08:03:36] NETWORK INFO: Server authentication successful for node: aggregator-001
✓ Aggregator connected: aggregator-001 from 127.0.0.1
✓ Sent 334176 bytes to aggregator-001 (5.68ms)
Session completed with aggregator-001
[2025-12-10 08:03:41] Meter 386: Generated 6.683 kWh (encrypted: 334476 bytes, 4.456 ms)
[2025-12-10 08:04:01] Meter 386: Generated 2.323 kWh (encrypted: 334049 bytes, 4.331 ms)
[2025-12-10 08:04:21] Meter 386: Generated 3.970 kWh (encrypted: 334378 bytes, 4.708 ms)
[2025-12-10 08:04:40] NETWORK INFO: Server authentication successful for node: aggregator-001
✓ Aggregator connected: aggregator-001 from 127.0.0.1
✓ Sent 334378 bytes to aggregator-001 (0.36ms)
Session completed with aggregator-001
[2025-12-10 08:04:41] Meter 386: Generated 1.965 kWh (encrypted: 334160 bytes, 4.485 ms)
[2025-12-10 08:05:01] Meter 386: Generated 3.475 kWh (encrypted: 334471 bytes, 4.761 ms)
[2025-12-10 08:05:21] Meter 386: Generated 1.804 kWh (encrypted: 334105 bytes, 4.327 ms)
[2025-12-10 08:05:41] Meter 386: Generated 4.602 kWh (encrypted: 334137 bytes, 4.372 ms)
[2025-12-10 08:05:44] NETWORK INFO: Server authentication successful for node: aggregator-001
✓ Aggregator connected: aggregator-001 from 127.0.0.1
✓ Sent 334137 bytes to aggregator-001 (0.39ms)
Session completed with aggregator-001
[2025-12-10 08:06:01] Meter 386: Generated 1.248 kWh (encrypted: 334382 bytes, 4.344 ms)
[2025-12-10 08:06:21] Meter 386: Generated 2.611 kWh (encrypted: 334274 bytes, 4.695 ms)
[2025-12-10 08:06:41] Meter 386: Generated 6.001 kWh (encrypted: 334482 bytes, 4.469 ms)
[2025-12-10 08:06:50] NETWORK INFO: Server authentication successful for node: aggregator-001
✓ Aggregator connected: aggregator-001 from 127.0.0.1
✓ Sent 334482 bytes to aggregator-001 (0.36ms)
Session completed with aggregator-001
[2025-12-10 08:07:01] Meter 386: Generated 3.582 kWh (encrypted: 334237 bytes, 6.531 ms)
[2025-12-10 08:07:21] Meter 386: Generated 4.734 kWh (encrypted: 334073 bytes, 4.515 ms)
[2025-12-10 08:07:41] Meter 386: Generated 1.685 kWh (encrypted: 334355 bytes, 4.335 ms)
[2025-12-10 08:07:56] NETWORK INFO: Server authentication successful for node: aggregator-001
✓ Aggregator connected: aggregator-001 from 127.0.0.1
✓ Sent 334355 bytes to aggregator-001 (0.38ms)
Session completed with aggregator-001
[2025-12-10 08:08:01] Meter 386: Generated 3.624 kWh (encrypted: 334078 bytes, 5.873 ms)
[2025-12-10 08:08:21] Meter 386: Generated 2.834 kWh (encrypted: 334392 bytes, 6.613 ms)
[2025-12-10 08:08:41] Meter 386: Generated 6.185 kWh (encrypted: 334473 bytes, 6.708 ms)
[2025-12-10 08:09:01] NETWORK INFO: Server authentication successful for node: aggregator-001
✓ Aggregator connected: aggregator-001 from 127.0.0.1
✓ Sent 334473 bytes to aggregator-001 (0.37ms)
Session completed with aggregator-001
[2025-12-10 08:09:01] Meter 386: Generated 1.726 kWh (encrypted: 334456 bytes, 4.613 ms)
[2025-12-10 08:09:21] Meter 386: Generated 6.921 kWh (encrypted: 334469 bytes, 6.252 ms)
[2025-12-10 08:09:41] Meter 386: Generated 4.727 kWh (encrypted: 334383 bytes, 4.430 ms)
[2025-12-10 08:10:01] Meter 386: Generated 7.299 kWh (encrypted: 334395 bytes, 5.880 ms)
[2025-12-10 08:10:06] NETWORK INFO: Server authentication successful for node: aggregator-001
✓ Aggregator connected: aggregator-001 from 127.0.0.1
✓ Sent 334395 bytes to aggregator-001 (0.36ms)
Session completed with aggregator-001
[2025-12-10 08:10:21] Meter 386: Generated 2.908 kWh (encrypted: 334063 bytes, 7.502 ms)
[2025-12-10 08:10:41] Meter 386: Generated 6.999 kWh (encrypted: 334195 bytes, 4.758 ms)
[2025-12-10 08:11:01] Meter 386: Generated 4.479 kWh (encrypted: 334437 bytes, 8.493 ms)
[2025-12-10 08:11:12] NETWORK INFO: Server authentication successful for node: aggregator-001
✓ Aggregator connected: aggregator-001 from 127.0.0.1
✓ Sent 334437 bytes to aggregator-001 (0.35ms)
Session completed with aggregator-001
[2025-12-10 08:11:21] Meter 386: Generated 5.041 kWh (encrypted: 334295 bytes, 8.153 ms)
[2025-12-10 08:11:41] Meter 386: Generated 6.687 kWh (encrypted: 334385 bytes, 5.702 ms)
[2025-12-10 08:12:01] Meter 386: Generated 7.288 kWh (encrypted: 334274 bytes, 4.541 ms)
[2025-12-10 08:12:17] NETWORK INFO: Server authentication successful for node: aggregator-001
✓ Aggregator connected: aggregator-001 from 127.0.0.1
✓ Sent 334274 bytes to aggregator-001 (2.98ms)
Session completed with aggregator-001
[2025-12-10 08:12:21] Meter 386: Generated 5.139 kWh (encrypted: 334414 bytes, 6.578 ms)

Received shutdown signal. Gracefully shutting down smart meter...
Network server thread stopped
Data generation thread stopped
Smart meter 386 shutdown complete
