=== Continuous Smart Meter Server 409 ===
Initializing for continuous operation...
SEAL context initialized
Loaded certificate: smart-meter-409
Requesting public keys from KDC...
[2025-12-10 08:03:30] NETWORK ERROR: Failed to connect to 127.0.0.1:8444: Connection refused
Error: Failed to connect to KDC at 127.0.0.1:8444
Error: Failed to send key request to KDC
Failed to obtain keys from KDC, falling back to file keys
Loaded keys from fallback files
Cryptographic components initialized
[2025-12-10 08:03:30] NETWORK INFO: Server socket created and listening on port 9409
✓ Smart meter server ready on port 9409
Data transmission interval: 20 seconds (15x accelerated - simulates 5min)
✓ Performance metrics CSV files initialized in performance_data/
Starting continuous smart meter operation...
Press Ctrl+C to stop gracefully
Data generation thread started
Network server thread started on port 9409
[2025-12-10 08:03:36] NETWORK INFO: Server authentication successful for node: aggregator-001
✓ Aggregator connected: aggregator-001 from 127.0.0.1
[2025-12-10 08:03:50] Meter 409: Generated 1.008 kWh (encrypted: 334402 bytes, 7.389 ms)
✓ Sent 334402 bytes to aggregator-001 (1.53ms)
Session completed with aggregator-001
[2025-12-10 08:04:10] Meter 409: Generated 1.936 kWh (encrypted: 334356 bytes, 7.047 ms)
[2025-12-10 08:04:30] Meter 409: Generated 5.528 kWh (encrypted: 334275 bytes, 4.847 ms)
[2025-12-10 08:04:40] NETWORK INFO: Server authentication successful for node: aggregator-001
✓ Aggregator connected: aggregator-001 from 127.0.0.1
✓ Sent 334275 bytes to aggregator-001 (0.40ms)
Session completed with aggregator-001
[2025-12-10 08:04:50] Meter 409: Generated 2.469 kWh (encrypted: 334158 bytes, 5.486 ms)
[2025-12-10 08:05:10] Meter 409: Generated 1.225 kWh (encrypted: 334482 bytes, 5.739 ms)
[2025-12-10 08:05:30] Meter 409: Generated 1.004 kWh (encrypted: 334414 bytes, 5.531 ms)
[2025-12-10 08:05:44] NETWORK INFO: Server authentication successful for node: aggregator-001
✓ Aggregator connected: aggregator-001 from 127.0.0.1
✓ Sent 334414 bytes to aggregator-001 (0.37ms)
Session completed with aggregator-001
[2025-12-10 08:05:50] Meter 409: Generated 2.615 kWh (encrypted: 334484 bytes, 4.824 ms)
[2025-12-10 08:06:10] Meter 409: Generated 7.599 kWh (encrypted: 334394 bytes, 6.674 ms)
[2025-12-10 08:06:30] Meter 409: Generated 4.296 kWh (encrypted: 334420 bytes, 5.593 ms)
[2025-12-10 08:06:50] Meter 409: Generated 0.706 kWh (encrypted: 334430 bytes, 118.469 ms)
[2025-12-10 08:06:50] NETWORK INFO: Server authentication successful for node: aggregator-001
✓ Aggregator connected: aggregator-001 from 127.0.0.1
✓ Sent 334430 bytes to aggregator-001 (0.47ms)
Session completed with aggregator-001
[2025-12-10 08:07:10] Meter 409: Generated 5.253 kWh (encrypted: 334416 bytes, 4.717 ms)
[2025-12-10 08:07:30] Meter 409: Generated 2.903 kWh (encrypted: 334069 bytes, 4.559 ms)
[2025-12-10 08:07:50] Meter 409: Generated 3.440 kWh (encrypted: 334413 bytes, 6.441 ms)
[2025-12-10 08:07:56] NETWORK INFO: Server authentication successful for node: aggregator-001
✓ Aggregator connected: aggregator-001 from 127.0.0.1
✓ Sent 334413 bytes to aggregator-001 (0.42ms)
Session completed with aggregator-001
[2025-12-10 08:08:10] Meter 409: Generated 5.442 kWh (encrypted: 334403 bytes, 6.462 ms)
[2025-12-10 08:08:30] Meter 409: Generated 2.370 kWh (encrypted: 334253 bytes, 4.508 ms)
[2025-12-10 08:08:50] Meter 409: Generated 7.169 kWh (encrypted: 334262 bytes, 6.222 ms)
[2025-12-10 08:09:01] NETWORK INFO: Server authentication successful for node: aggregator-001
✓ Aggregator connected: aggregator-001 from 127.0.0.1
✓ Sent 334262 bytes to aggregator-001 (1.34ms)
Session completed with aggregator-001
[2025-12-10 08:09:10] Meter 409: Generated 3.396 kWh (encrypted: 334431 bytes, 4.824 ms)
[2025-12-10 08:09:30] Meter 409: Generated 2.964 kWh (encrypted: 334153 bytes, 5.169 ms)
[2025-12-10 08:09:50] Meter 409: Generated 3.102 kWh (encrypted: 334124 bytes, 4.766 ms)
[2025-12-10 08:10:06] NETWORK INFO: Server authentication successful for node: aggregator-001
✓ Aggregator connected: aggregator-001 from 127.0.0.1
✓ Sent 334124 bytes to aggregator-001 (6.75ms)
Session completed with aggregator-001
[2025-12-10 08:10:10] Meter 409: Generated 3.152 kWh (encrypted: 334426 bytes, 5.227 ms)
[2025-12-10 08:10:30] Meter 409: Generated 5.816 kWh (encrypted: 334303 bytes, 4.836 ms)
[2025-12-10 08:10:50] Meter 409: Generated 3.370 kWh (encrypted: 334145 bytes, 4.387 ms)
[2025-12-10 08:11:10] Meter 409: Generated 3.477 kWh (encrypted: 334080 bytes, 6.689 ms)
[2025-12-10 08:11:12] NETWORK INFO: Server authentication successful for node: aggregator-001
✓ Aggregator connected: aggregator-001 from 127.0.0.1
✓ Sent 334080 bytes to aggregator-001 (0.39ms)
Session completed with aggregator-001
[2025-12-10 08:11:30] Meter 409: Generated 2.211 kWh (encrypted: 334394 bytes, 9.824 ms)
[2025-12-10 08:11:50] Meter 409: Generated 0.985 kWh (encrypted: 334449 bytes, 4.779 ms)
[2025-12-10 08:12:10] Meter 409: Generated 4.571 kWh (encrypted: 334324 bytes, 5.251 ms)
[2025-12-10 08:12:17] NETWORK INFO: Server authentication successful for node: aggregator-001
✓ Aggregator connected: aggregator-001 from 127.0.0.1
✓ Sent 334324 bytes to aggregator-001 (0.36ms)
Session completed with aggregator-001
[2025-12-10 08:12:30] Meter 409: Generated 4.257 kWh (encrypted: 334538 bytes, 4.598 ms)

Received shutdown signal. Gracefully shutting down smart meter...
Network server thread stopped
Data generation thread stopped
Smart meter 409 shutdown complete
