=== Continuous Smart Meter Server 24 ===
Initializing for continuous operation...
SEAL context initialized
Loaded certificate: smart-meter-024
Requesting public keys from KDC...
[2025-12-10 07:55:35] NETWORK ERROR: Failed to connect to 127.0.0.1:8444: Connection refused
Error: Failed to connect to KDC at 127.0.0.1:8444
Error: Failed to send key request to KDC
Failed to obtain keys from KDC, falling back to file keys
Loaded keys from fallback files
Cryptographic components initialized
[2025-12-10 07:55:35] NETWORK INFO: Server socket created and listening on port 9024
✓ Smart meter server ready on port 9024
Data transmission interval: 20 seconds (15x accelerated - simulates 5min)
✓ Performance metrics CSV files initialized in performance_data/
Starting continuous smart meter operation...
Press Ctrl+C to stop gracefully
Data generation thread started
Network server thread started on port 9024
[2025-12-10 07:55:55] Meter 24: Generated 2.353 kWh (encrypted: 334412 bytes, 4.817 ms)
[2025-12-10 07:56:05] NETWORK INFO: Server authentication successful for node: aggregator-001
✓ Aggregator connected: aggregator-001 from 127.0.0.1
✓ Sent 334412 bytes to aggregator-001 (0.60ms)
Session completed with aggregator-001
[2025-12-10 07:56:15] Meter 24: Generated 4.519 kWh (encrypted: 334466 bytes, 5.056 ms)
[2025-12-10 07:56:35] Meter 24: Generated 2.934 kWh (encrypted: 334505 bytes, 4.282 ms)
[2025-12-10 07:56:55] Meter 24: Generated 5.292 kWh (encrypted: 334163 bytes, 4.309 ms)
[2025-12-10 07:57:15] NETWORK INFO: Server authentication successful for node: aggregator-001
✓ Aggregator connected: aggregator-001 from 127.0.0.1
✓ Sent 334163 bytes to aggregator-001 (1.07ms)
Session completed with aggregator-001
[2025-12-10 07:57:15] Meter 24: Generated 1.303 kWh (encrypted: 334379 bytes, 4.332 ms)
[2025-12-10 07:57:35] Meter 24: Generated 7.335 kWh (encrypted: 334108 bytes, 4.353 ms)
[2025-12-10 07:57:55] Meter 24: Generated 3.360 kWh (encrypted: 334271 bytes, 4.548 ms)
[2025-12-10 07:58:15] Meter 24: Generated 4.478 kWh (encrypted: 334459 bytes, 6.220 ms)
[2025-12-10 07:58:25] NETWORK INFO: Server authentication successful for node: aggregator-001
✓ Aggregator connected: aggregator-001 from 127.0.0.1
✓ Sent 334459 bytes to aggregator-001 (0.36ms)
Session completed with aggregator-001
[2025-12-10 07:58:35] Meter 24: Generated 3.190 kWh (encrypted: 333929 bytes, 4.607 ms)
[2025-12-10 07:58:55] Meter 24: Generated 1.208 kWh (encrypted: 334427 bytes, 4.917 ms)
[2025-12-10 07:59:15] Meter 24: Generated 1.951 kWh (encrypted: 334328 bytes, 4.596 ms)
[2025-12-10 07:59:27] NETWORK INFO: Server authentication successful for node: aggregator-001
✓ Aggregator connected: aggregator-001 from 127.0.0.1
✓ Sent 334328 bytes to aggregator-001 (0.46ms)
Session completed with aggregator-001
[2025-12-10 07:59:35] Meter 24: Generated 2.664 kWh (encrypted: 334171 bytes, 4.631 ms)
[2025-12-10 07:59:55] Meter 24: Generated 3.555 kWh (encrypted: 334518 bytes, 4.571 ms)
[2025-12-10 08:00:15] Meter 24: Generated 4.266 kWh (encrypted: 334489 bytes, 4.739 ms)
[2025-12-10 08:00:28] NETWORK INFO: Server authentication successful for node: aggregator-001
✓ Aggregator connected: aggregator-001 from 127.0.0.1
✓ Sent 334489 bytes to aggregator-001 (0.37ms)
Session completed with aggregator-001
[2025-12-10 08:00:35] Meter 24: Generated 3.964 kWh (encrypted: 333805 bytes, 5.128 ms)
[2025-12-10 08:00:55] Meter 24: Generated 2.587 kWh (encrypted: 334089 bytes, 4.305 ms)
[2025-12-10 08:01:15] Meter 24: Generated 5.970 kWh (encrypted: 334019 bytes, 4.569 ms)
[2025-12-10 08:01:31] NETWORK INFO: Server authentication successful for node: aggregator-001
✓ Aggregator connected: aggregator-001 from 127.0.0.1
✓ Sent 334019 bytes to aggregator-001 (0.35ms)
Session completed with aggregator-001
[2025-12-10 08:01:35] Meter 24: Generated 3.727 kWh (encrypted: 334479 bytes, 4.590 ms)
[2025-12-10 08:01:55] Meter 24: Generated 6.659 kWh (encrypted: 334347 bytes, 4.863 ms)
[2025-12-10 08:02:15] Meter 24: Generated 4.673 kWh (encrypted: 334372 bytes, 5.184 ms)
[2025-12-10 08:02:33] NETWORK INFO: Server authentication successful for node: aggregator-001
✓ Aggregator connected: aggregator-001 from 127.0.0.1
✓ Sent 334372 bytes to aggregator-001 (2.04ms)
Session completed with aggregator-001
[2025-12-10 08:02:35] Meter 24: Generated 3.601 kWh (encrypted: 334343 bytes, 4.757 ms)
[2025-12-10 08:02:55] Meter 24: Generated 4.230 kWh (encrypted: 334387 bytes, 5.512 ms)
[2025-12-10 08:03:15] Meter 24: Generated 1.421 kWh (encrypted: 334367 bytes, 4.541 ms)
[2025-12-10 08:03:35] Meter 24: Generated 6.903 kWh (encrypted: 334330 bytes, 5.078 ms)
[2025-12-10 08:03:36] NETWORK INFO: Server authentication successful for node: aggregator-001
✓ Aggregator connected: aggregator-001 from 127.0.0.1
✓ Sent 334330 bytes to aggregator-001 (0.38ms)
Session completed with aggregator-001
[2025-12-10 08:03:55] Meter 24: Generated 2.665 kWh (encrypted: 334149 bytes, 9.386 ms)
[2025-12-10 08:04:15] Meter 24: Generated 2.412 kWh (encrypted: 334421 bytes, 4.656 ms)
[2025-12-10 08:04:35] Meter 24: Generated 4.054 kWh (encrypted: 334446 bytes, 4.530 ms)
[2025-12-10 08:04:39] NETWORK INFO: Server authentication successful for node: aggregator-001
✓ Aggregator connected: aggregator-001 from 127.0.0.1
✓ Sent 334446 bytes to aggregator-001 (1.80ms)
Session completed with aggregator-001
[2025-12-10 08:04:55] Meter 24: Generated 1.203 kWh (encrypted: 334475 bytes, 6.459 ms)
[2025-12-10 08:05:15] Meter 24: Generated 4.440 kWh (encrypted: 334266 bytes, 4.481 ms)
[2025-12-10 08:05:35] Meter 24: Generated 0.993 kWh (encrypted: 333883 bytes, 4.417 ms)
[2025-12-10 08:05:44] NETWORK INFO: Server authentication successful for node: aggregator-001
✓ Aggregator connected: aggregator-001 from 127.0.0.1
✓ Sent 333883 bytes to aggregator-001 (6.40ms)
Session completed with aggregator-001
[2025-12-10 08:05:55] Meter 24: Generated 2.314 kWh (encrypted: 334362 bytes, 4.316 ms)
[2025-12-10 08:06:15] Meter 24: Generated 2.462 kWh (encrypted: 334444 bytes, 11.166 ms)
[2025-12-10 08:06:35] Meter 24: Generated 5.062 kWh (encrypted: 334339 bytes, 4.668 ms)
[2025-12-10 08:06:50] NETWORK INFO: Server authentication successful for node: aggregator-001
✓ Aggregator connected: aggregator-001 from 127.0.0.1
✓ Sent 334339 bytes to aggregator-001 (27.31ms)
Session completed with aggregator-001
[2025-12-10 08:06:55] Meter 24: Generated 5.855 kWh (encrypted: 334171 bytes, 4.428 ms)
[2025-12-10 08:07:15] Meter 24: Generated 3.807 kWh (encrypted: 334373 bytes, 4.888 ms)
[2025-12-10 08:07:36] Meter 24: Generated 6.980 kWh (encrypted: 334223 bytes, 4.313 ms)
[2025-12-10 08:07:56] NETWORK INFO: Server authentication successful for node: aggregator-001
✓ Aggregator connected: aggregator-001 from 127.0.0.1
✓ Sent 334223 bytes to aggregator-001 (0.39ms)
Session completed with aggregator-001
[2025-12-10 08:07:56] Meter 24: Generated 7.031 kWh (encrypted: 334441 bytes, 12.609 ms)
[2025-12-10 08:08:16] Meter 24: Generated 0.760 kWh (encrypted: 334319 bytes, 4.466 ms)
[2025-12-10 08:08:36] Meter 24: Generated 2.120 kWh (encrypted: 334413 bytes, 4.637 ms)
[2025-12-10 08:08:56] Meter 24: Generated 1.495 kWh (encrypted: 334142 bytes, 4.806 ms)
[2025-12-10 08:09:01] NETWORK INFO: Server authentication successful for node: aggregator-001
✓ Aggregator connected: aggregator-001 from 127.0.0.1
✓ Sent 334142 bytes to aggregator-001 (9.62ms)
Session completed with aggregator-001
[2025-12-10 08:09:16] Meter 24: Generated 4.875 kWh (encrypted: 334182 bytes, 6.455 ms)
[2025-12-10 08:09:36] Meter 24: Generated 4.114 kWh (encrypted: 334493 bytes, 5.480 ms)
[2025-12-10 08:09:56] Meter 24: Generated 4.648 kWh (encrypted: 334341 bytes, 4.535 ms)
[2025-12-10 08:10:06] NETWORK INFO: Server authentication successful for node: aggregator-001
✓ Aggregator connected: aggregator-001 from 127.0.0.1
✓ Sent 334341 bytes to aggregator-001 (0.39ms)
Session completed with aggregator-001
[2025-12-10 08:10:16] Meter 24: Generated 3.651 kWh (encrypted: 334007 bytes, 6.501 ms)
[2025-12-10 08:10:36] Meter 24: Generated 2.485 kWh (encrypted: 334069 bytes, 4.766 ms)
[2025-12-10 08:10:56] Meter 24: Generated 3.572 kWh (encrypted: 334463 bytes, 6.540 ms)
[2025-12-10 08:11:12] NETWORK INFO: Server authentication successful for node: aggregator-001
✓ Aggregator connected: aggregator-001 from 127.0.0.1
✓ Sent 334463 bytes to aggregator-001 (0.36ms)
Session completed with aggregator-001
[2025-12-10 08:11:16] Meter 24: Generated 6.819 kWh (encrypted: 334349 bytes, 6.132 ms)
[2025-12-10 08:11:36] Meter 24: Generated 2.061 kWh (encrypted: 334374 bytes, 12.399 ms)
[2025-12-10 08:11:56] Meter 24: Generated 1.706 kWh (encrypted: 334284 bytes, 7.005 ms)
[2025-12-10 08:12:16] Meter 24: Generated 5.279 kWh (encrypted: 334009 bytes, 7.480 ms)
[2025-12-10 08:12:17] NETWORK INFO: Server authentication successful for node: aggregator-001
✓ Aggregator connected: aggregator-001 from 127.0.0.1
✓ Sent 334009 bytes to aggregator-001 (0.37ms)
Session completed with aggregator-001

Received shutdown signal. Gracefully shutting down smart meter...
Network server thread stopped

Received shutdown signal. Gracefully shutting down smart meter...
Data generation thread stopped
Smart meter 24 shutdown complete
