=== Continuous Smart Meter Server 6 ===
Initializing for continuous operation...
SEAL context initialized
Loaded certificate: smart-meter-006
Requesting public keys from KDC...
[2025-12-10 07:55:13] NETWORK ERROR: Failed to connect to 127.0.0.1:8444: Connection refused
Error: Failed to connect to KDC at 127.0.0.1:8444
Error: Failed to send key request to KDC
Failed to obtain keys from KDC, falling back to file keys
Loaded keys from fallback files
Cryptographic components initialized
[2025-12-10 07:55:13] NETWORK INFO: Server socket created and listening on port 9006
✓ Smart meter server ready on port 9006
Data transmission interval: 20 seconds (15x accelerated - simulates 5min)
✓ Performance metrics CSV files initialized in performance_data/
Starting continuous smart meter operation...
Press Ctrl+C to stop gracefully
Data generation thread started
Network server thread started on port 9006
[2025-12-10 07:55:33] Meter 6: Generated 3.971 kWh (encrypted: 334260 bytes, 5.007 ms)
[2025-12-10 07:55:53] Meter 6: Generated 3.035 kWh (encrypted: 334337 bytes, 4.233 ms)
[2025-12-10 07:56:05] NETWORK INFO: Server authentication successful for node: aggregator-001
✓ Aggregator connected: aggregator-001 from 127.0.0.1
✓ Sent 334337 bytes to aggregator-001 (1.59ms)
Session completed with aggregator-001
[2025-12-10 07:56:13] Meter 6: Generated 6.451 kWh (encrypted: 334327 bytes, 4.737 ms)
[2025-12-10 07:56:33] Meter 6: Generated 2.411 kWh (encrypted: 334465 bytes, 4.457 ms)
[2025-12-10 07:56:53] Meter 6: Generated 4.931 kWh (encrypted: 334190 bytes, 4.492 ms)
[2025-12-10 07:57:13] Meter 6: Generated 5.172 kWh (encrypted: 334225 bytes, 4.300 ms)
[2025-12-10 07:57:15] NETWORK INFO: Server authentication successful for node: aggregator-001
✓ Aggregator connected: aggregator-001 from 127.0.0.1
✓ Sent 334225 bytes to aggregator-001 (0.45ms)
Session completed with aggregator-001
[2025-12-10 07:57:33] Meter 6: Generated 7.133 kWh (encrypted: 334286 bytes, 4.466 ms)
[2025-12-10 07:57:53] Meter 6: Generated 2.757 kWh (encrypted: 334400 bytes, 4.634 ms)
[2025-12-10 07:58:13] Meter 6: Generated 1.886 kWh (encrypted: 334253 bytes, 4.341 ms)
[2025-12-10 07:58:25] NETWORK INFO: Server authentication successful for node: aggregator-001
✓ Aggregator connected: aggregator-001 from 127.0.0.1
✓ Sent 334253 bytes to aggregator-001 (0.42ms)
Session completed with aggregator-001
[2025-12-10 07:58:33] Meter 6: Generated 4.500 kWh (encrypted: 334389 bytes, 4.323 ms)
[2025-12-10 07:58:53] Meter 6: Generated 3.199 kWh (encrypted: 334133 bytes, 4.485 ms)
[2025-12-10 07:59:13] Meter 6: Generated 6.776 kWh (encrypted: 334384 bytes, 4.605 ms)
[2025-12-10 07:59:26] NETWORK INFO: Server authentication successful for node: aggregator-001
✓ Aggregator connected: aggregator-001 from 127.0.0.1
✓ Sent 334384 bytes to aggregator-001 (0.37ms)
Session completed with aggregator-001
[2025-12-10 07:59:33] Meter 6: Generated 7.339 kWh (encrypted: 333241 bytes, 4.671 ms)
[2025-12-10 07:59:53] Meter 6: Generated 2.142 kWh (encrypted: 334177 bytes, 4.537 ms)
[2025-12-10 08:00:14] Meter 6: Generated 1.875 kWh (encrypted: 334389 bytes, 4.857 ms)
[2025-12-10 08:00:28] NETWORK INFO: Server authentication successful for node: aggregator-001
✓ Aggregator connected: aggregator-001 from 127.0.0.1
✓ Sent 334389 bytes to aggregator-001 (0.44ms)
Session completed with aggregator-001
[2025-12-10 08:00:34] Meter 6: Generated 5.334 kWh (encrypted: 334420 bytes, 4.862 ms)
[2025-12-10 08:00:54] Meter 6: Generated 4.068 kWh (encrypted: 334258 bytes, 6.230 ms)
[2025-12-10 08:01:14] Meter 6: Generated 2.238 kWh (encrypted: 334445 bytes, 6.212 ms)
[2025-12-10 08:01:31] NETWORK INFO: Server authentication successful for node: aggregator-001
✓ Aggregator connected: aggregator-001 from 127.0.0.1
✓ Sent 334445 bytes to aggregator-001 (0.36ms)
Session completed with aggregator-001
[2025-12-10 08:01:34] Meter 6: Generated 6.120 kWh (encrypted: 334033 bytes, 6.469 ms)
[2025-12-10 08:01:54] Meter 6: Generated 4.000 kWh (encrypted: 334188 bytes, 4.630 ms)
[2025-12-10 08:02:14] Meter 6: Generated 4.042 kWh (encrypted: 334319 bytes, 4.667 ms)
[2025-12-10 08:02:33] NETWORK INFO: Server authentication successful for node: aggregator-001
✓ Aggregator connected: aggregator-001 from 127.0.0.1
✓ Sent 334319 bytes to aggregator-001 (0.40ms)
Session completed with aggregator-001
[2025-12-10 08:02:34] Meter 6: Generated 1.987 kWh (encrypted: 333944 bytes, 4.794 ms)
[2025-12-10 08:02:54] Meter 6: Generated 6.283 kWh (encrypted: 334473 bytes, 5.860 ms)
[2025-12-10 08:03:14] Meter 6: Generated 1.915 kWh (encrypted: 334500 bytes, 4.522 ms)
[2025-12-10 08:03:34] Meter 6: Generated 1.956 kWh (encrypted: 334261 bytes, 7.244 ms)
[2025-12-10 08:03:36] NETWORK INFO: Server authentication successful for node: aggregator-001
✓ Aggregator connected: aggregator-001 from 127.0.0.1
✓ Sent 334261 bytes to aggregator-001 (9.40ms)
Session completed with aggregator-001
[2025-12-10 08:03:54] Meter 6: Generated 1.481 kWh (encrypted: 333992 bytes, 4.479 ms)
[2025-12-10 08:04:14] Meter 6: Generated 4.647 kWh (encrypted: 334116 bytes, 4.333 ms)
[2025-12-10 08:04:34] Meter 6: Generated 3.637 kWh (encrypted: 334205 bytes, 4.412 ms)
[2025-12-10 08:04:39] NETWORK INFO: Server authentication successful for node: aggregator-001
✓ Aggregator connected: aggregator-001 from 127.0.0.1
✓ Sent 334205 bytes to aggregator-001 (0.35ms)
Session completed with aggregator-001
[2025-12-10 08:04:54] Meter 6: Generated 7.075 kWh (encrypted: 334517 bytes, 4.778 ms)
[2025-12-10 08:05:14] Meter 6: Generated 2.007 kWh (encrypted: 334311 bytes, 4.760 ms)
[2025-12-10 08:05:34] Meter 6: Generated 1.260 kWh (encrypted: 334505 bytes, 4.410 ms)
[2025-12-10 08:05:44] NETWORK INFO: Server authentication successful for node: aggregator-001
✓ Aggregator connected: aggregator-001 from 127.0.0.1
✓ Sent 334505 bytes to aggregator-001 (0.44ms)
Session completed with aggregator-001
[2025-12-10 08:05:54] Meter 6: Generated 6.614 kWh (encrypted: 334164 bytes, 4.676 ms)
[2025-12-10 08:06:14] Meter 6: Generated 1.867 kWh (encrypted: 334208 bytes, 5.186 ms)
[2025-12-10 08:06:34] Meter 6: Generated 3.293 kWh (encrypted: 334264 bytes, 4.686 ms)
[2025-12-10 08:06:50] NETWORK INFO: Server authentication successful for node: aggregator-001
✓ Aggregator connected: aggregator-001 from 127.0.0.1
✓ Sent 334264 bytes to aggregator-001 (0.66ms)
Session completed with aggregator-001
[2025-12-10 08:06:54] Meter 6: Generated 1.814 kWh (encrypted: 334245 bytes, 4.615 ms)
[2025-12-10 08:07:14] Meter 6: Generated 7.218 kWh (encrypted: 334256 bytes, 4.376 ms)
[2025-12-10 08:07:34] Meter 6: Generated 3.561 kWh (encrypted: 334413 bytes, 4.260 ms)
[2025-12-10 08:07:54] Meter 6: Generated 1.651 kWh (encrypted: 334228 bytes, 4.709 ms)
[2025-12-10 08:07:55] NETWORK INFO: Server authentication successful for node: aggregator-001
✓ Aggregator connected: aggregator-001 from 127.0.0.1
✓ Sent 334228 bytes to aggregator-001 (0.40ms)
Session completed with aggregator-001
[2025-12-10 08:08:14] Meter 6: Generated 6.766 kWh (encrypted: 334132 bytes, 4.499 ms)
[2025-12-10 08:08:34] Meter 6: Generated 2.089 kWh (encrypted: 334346 bytes, 6.253 ms)
[2025-12-10 08:08:54] Meter 6: Generated 2.407 kWh (encrypted: 334297 bytes, 4.524 ms)
[2025-12-10 08:09:01] NETWORK INFO: Server authentication successful for node: aggregator-001
✓ Aggregator connected: aggregator-001 from 127.0.0.1
✓ Sent 334297 bytes to aggregator-001 (0.61ms)
Session completed with aggregator-001
[2025-12-10 08:09:14] Meter 6: Generated 6.976 kWh (encrypted: 334437 bytes, 4.461 ms)
[2025-12-10 08:09:34] Meter 6: Generated 6.903 kWh (encrypted: 334389 bytes, 5.151 ms)
[2025-12-10 08:09:54] Meter 6: Generated 2.123 kWh (encrypted: 334174 bytes, 4.621 ms)
[2025-12-10 08:10:06] NETWORK INFO: Server authentication successful for node: aggregator-001
✓ Aggregator connected: aggregator-001 from 127.0.0.1
✓ Sent 334174 bytes to aggregator-001 (0.39ms)
Session completed with aggregator-001
[2025-12-10 08:10:14] Meter 6: Generated 1.483 kWh (encrypted: 334107 bytes, 7.074 ms)
[2025-12-10 08:10:34] Meter 6: Generated 6.686 kWh (encrypted: 334193 bytes, 5.207 ms)
[2025-12-10 08:10:54] Meter 6: Generated 6.184 kWh (encrypted: 334382 bytes, 7.412 ms)
[2025-12-10 08:11:12] NETWORK INFO: Server authentication successful for node: aggregator-001
✓ Aggregator connected: aggregator-001 from 127.0.0.1
✓ Sent 334382 bytes to aggregator-001 (0.40ms)
Session completed with aggregator-001
[2025-12-10 08:11:14] Meter 6: Generated 0.980 kWh (encrypted: 334194 bytes, 15.639 ms)
[2025-12-10 08:11:34] Meter 6: Generated 7.273 kWh (encrypted: 334463 bytes, 4.667 ms)
[2025-12-10 08:11:54] Meter 6: Generated 4.583 kWh (encrypted: 334376 bytes, 5.095 ms)
[2025-12-10 08:12:14] Meter 6: Generated 3.729 kWh (encrypted: 334121 bytes, 4.697 ms)
[2025-12-10 08:12:17] NETWORK INFO: Server authentication successful for node: aggregator-001
✓ Aggregator connected: aggregator-001 from 127.0.0.1
✓ Sent 334121 bytes to aggregator-001 (0.41ms)
Session completed with aggregator-001
[2025-12-10 08:12:34] Meter 6: Generated 3.960 kWh (encrypted: 334188 bytes, 5.378 ms)

Received shutdown signal. Gracefully shutting down smart meter...
Network server thread stopped

Received shutdown signal. Gracefully shutting down smart meter...
Data generation thread stopped
Smart meter 6 shutdown complete
