=== Continuous Smart Meter Server 165 ===
Initializing for continuous operation...
SEAL context initialized
Loaded certificate: smart-meter-165
Requesting public keys from KDC...
[2025-12-10 07:58:27] NETWORK ERROR: Failed to connect to 127.0.0.1:8444: Connection refused
Error: Failed to connect to KDC at 127.0.0.1:8444
Error: Failed to send key request to KDC
Failed to obtain keys from KDC, falling back to file keys
Loaded keys from fallback files
Cryptographic components initialized
[2025-12-10 07:58:27] NETWORK INFO: Server socket created and listening on port 9165
✓ Smart meter server ready on port 9165
Data transmission interval: 20 seconds (15x accelerated - simulates 5min)
✓ Performance metrics CSV files initialized in performance_data/
Starting continuous smart meter operation...
Press Ctrl+C to stop gracefully
Data generation thread started
Network server thread started on port 9165
[2025-12-10 07:58:47] Meter 165: Generated 4.285 kWh (encrypted: 334495 bytes, 4.929 ms)
[2025-12-10 07:59:07] Meter 165: Generated 2.778 kWh (encrypted: 334288 bytes, 6.063 ms)
[2025-12-10 07:59:26] NETWORK INFO: Server authentication successful for node: aggregator-001
✓ Aggregator connected: aggregator-001 from 127.0.0.1
✓ Sent 334288 bytes to aggregator-001 (1.09ms)
Session completed with aggregator-001
[2025-12-10 07:59:27] Meter 165: Generated 6.381 kWh (encrypted: 333491 bytes, 4.516 ms)
[2025-12-10 07:59:47] Meter 165: Generated 4.722 kWh (encrypted: 334511 bytes, 4.588 ms)
[2025-12-10 08:00:07] Meter 165: Generated 3.275 kWh (encrypted: 334507 bytes, 5.755 ms)
[2025-12-10 08:00:27] Meter 165: Generated 4.506 kWh (encrypted: 334268 bytes, 4.835 ms)
[2025-12-10 08:00:28] NETWORK INFO: Server authentication successful for node: aggregator-001
✓ Aggregator connected: aggregator-001 from 127.0.0.1
✓ Sent 334268 bytes to aggregator-001 (0.37ms)
Session completed with aggregator-001
[2025-12-10 08:00:47] Meter 165: Generated 5.681 kWh (encrypted: 334126 bytes, 4.887 ms)
[2025-12-10 08:01:07] Meter 165: Generated 2.231 kWh (encrypted: 333235 bytes, 5.442 ms)
[2025-12-10 08:01:27] Meter 165: Generated 4.074 kWh (encrypted: 333809 bytes, 4.367 ms)
[2025-12-10 08:01:31] NETWORK INFO: Server authentication successful for node: aggregator-001
✓ Aggregator connected: aggregator-001 from 127.0.0.1
✓ Sent 333809 bytes to aggregator-001 (0.35ms)
Session completed with aggregator-001
[2025-12-10 08:01:47] Meter 165: Generated 5.506 kWh (encrypted: 334289 bytes, 6.391 ms)
[2025-12-10 08:02:07] Meter 165: Generated 6.430 kWh (encrypted: 334486 bytes, 5.578 ms)
[2025-12-10 08:02:27] Meter 165: Generated 5.060 kWh (encrypted: 334139 bytes, 6.418 ms)
[2025-12-10 08:02:33] NETWORK INFO: Server authentication successful for node: aggregator-001
✓ Aggregator connected: aggregator-001 from 127.0.0.1
✓ Sent 334139 bytes to aggregator-001 (9.45ms)
Session completed with aggregator-001
[2025-12-10 08:02:47] Meter 165: Generated 5.974 kWh (encrypted: 334323 bytes, 5.244 ms)
[2025-12-10 08:03:07] Meter 165: Generated 3.137 kWh (encrypted: 334269 bytes, 4.712 ms)
[2025-12-10 08:03:27] Meter 165: Generated 5.337 kWh (encrypted: 334506 bytes, 5.196 ms)
[2025-12-10 08:03:36] NETWORK INFO: Server authentication successful for node: aggregator-001
✓ Aggregator connected: aggregator-001 from 127.0.0.1
✓ Sent 334506 bytes to aggregator-001 (2.81ms)
Session completed with aggregator-001
[2025-12-10 08:03:47] Meter 165: Generated 5.077 kWh (encrypted: 334303 bytes, 5.578 ms)
[2025-12-10 08:04:07] Meter 165: Generated 1.834 kWh (encrypted: 334295 bytes, 4.996 ms)
[2025-12-10 08:04:27] Meter 165: Generated 5.613 kWh (encrypted: 334394 bytes, 5.418 ms)
[2025-12-10 08:04:39] NETWORK INFO: Server authentication successful for node: aggregator-001
✓ Aggregator connected: aggregator-001 from 127.0.0.1
✓ Sent 334394 bytes to aggregator-001 (0.42ms)
Session completed with aggregator-001
[2025-12-10 08:04:47] Meter 165: Generated 3.719 kWh (encrypted: 334348 bytes, 5.077 ms)
[2025-12-10 08:05:07] Meter 165: Generated 4.959 kWh (encrypted: 334448 bytes, 5.972 ms)
[2025-12-10 08:05:27] Meter 165: Generated 7.289 kWh (encrypted: 334441 bytes, 5.413 ms)
[2025-12-10 08:05:44] NETWORK INFO: Server authentication successful for node: aggregator-001
✓ Aggregator connected: aggregator-001 from 127.0.0.1
✓ Sent 334441 bytes to aggregator-001 (12.62ms)
Session completed with aggregator-001
[2025-12-10 08:05:47] Meter 165: Generated 3.949 kWh (encrypted: 334311 bytes, 4.606 ms)
[2025-12-10 08:06:07] Meter 165: Generated 5.284 kWh (encrypted: 334419 bytes, 6.803 ms)
[2025-12-10 08:06:27] Meter 165: Generated 5.594 kWh (encrypted: 334113 bytes, 5.488 ms)
[2025-12-10 08:06:47] Meter 165: Generated 2.370 kWh (encrypted: 334096 bytes, 4.619 ms)
[2025-12-10 08:06:50] NETWORK INFO: Server authentication successful for node: aggregator-001
✓ Aggregator connected: aggregator-001 from 127.0.0.1
✓ Sent 334096 bytes to aggregator-001 (0.38ms)
Session completed with aggregator-001
[2025-12-10 08:07:07] Meter 165: Generated 6.502 kWh (encrypted: 334177 bytes, 7.385 ms)
[2025-12-10 08:07:27] Meter 165: Generated 0.931 kWh (encrypted: 334147 bytes, 5.350 ms)
[2025-12-10 08:07:47] Meter 165: Generated 1.897 kWh (encrypted: 334364 bytes, 4.798 ms)
[2025-12-10 08:07:56] NETWORK INFO: Server authentication successful for node: aggregator-001
✓ Aggregator connected: aggregator-001 from 127.0.0.1
✓ Sent 334364 bytes to aggregator-001 (9.23ms)
Session completed with aggregator-001
[2025-12-10 08:08:07] Meter 165: Generated 4.145 kWh (encrypted: 334508 bytes, 5.192 ms)
[2025-12-10 08:08:27] Meter 165: Generated 1.275 kWh (encrypted: 334141 bytes, 5.136 ms)
[2025-12-10 08:08:47] Meter 165: Generated 1.339 kWh (encrypted: 334144 bytes, 4.846 ms)
[2025-12-10 08:09:01] NETWORK INFO: Server authentication successful for node: aggregator-001
✓ Aggregator connected: aggregator-001 from 127.0.0.1
✓ Sent 334144 bytes to aggregator-001 (0.38ms)
Session completed with aggregator-001
[2025-12-10 08:09:07] Meter 165: Generated 2.509 kWh (encrypted: 333966 bytes, 6.510 ms)
[2025-12-10 08:09:27] Meter 165: Generated 5.843 kWh (encrypted: 333957 bytes, 6.559 ms)
[2025-12-10 08:09:47] Meter 165: Generated 3.838 kWh (encrypted: 334138 bytes, 5.622 ms)
[2025-12-10 08:10:06] NETWORK INFO: Server authentication successful for node: aggregator-001
✓ Aggregator connected: aggregator-001 from 127.0.0.1
✓ Sent 334138 bytes to aggregator-001 (0.36ms)
Session completed with aggregator-001
[2025-12-10 08:10:07] Meter 165: Generated 5.919 kWh (encrypted: 334320 bytes, 5.792 ms)
[2025-12-10 08:10:27] Meter 165: Generated 3.218 kWh (encrypted: 334422 bytes, 4.376 ms)
[2025-12-10 08:10:47] Meter 165: Generated 7.148 kWh (encrypted: 334153 bytes, 5.109 ms)
[2025-12-10 08:11:07] Meter 165: Generated 1.000 kWh (encrypted: 334177 bytes, 6.518 ms)
[2025-12-10 08:11:12] NETWORK INFO: Server authentication successful for node: aggregator-001
✓ Aggregator connected: aggregator-001 from 127.0.0.1
✓ Sent 334177 bytes to aggregator-001 (0.37ms)
Session completed with aggregator-001
[2025-12-10 08:11:27] Meter 165: Generated 4.058 kWh (encrypted: 334399 bytes, 6.772 ms)
[2025-12-10 08:11:47] Meter 165: Generated 4.085 kWh (encrypted: 334389 bytes, 4.327 ms)
[2025-12-10 08:12:07] Meter 165: Generated 6.015 kWh (encrypted: 334335 bytes, 4.514 ms)
[2025-12-10 08:12:17] NETWORK INFO: Server authentication successful for node: aggregator-001
✓ Aggregator connected: aggregator-001 from 127.0.0.1
✓ Sent 334335 bytes to aggregator-001 (0.37ms)
Session completed with aggregator-001
[2025-12-10 08:12:27] Meter 165: Generated 4.356 kWh (encrypted: 334227 bytes, 6.346 ms)

Received shutdown signal. Gracefully shutting down smart meter...
Network server thread stopped
Data generation thread stopped
Smart meter 165 shutdown complete
