=== Continuous Smart Meter Server 260 ===
Initializing for continuous operation...
SEAL context initialized
Loaded certificate: smart-meter-260
Requesting public keys from KDC...
[2025-12-10 08:00:24] NETWORK ERROR: Failed to connect to 127.0.0.1:8444: Connection refused
Error: Failed to connect to KDC at 127.0.0.1:8444
Error: Failed to send key request to KDC
Failed to obtain keys from KDC, falling back to file keys
Loaded keys from fallback files
Cryptographic components initialized
[2025-12-10 08:00:24] NETWORK INFO: Server socket created and listening on port 9260
✓ Smart meter server ready on port 9260
Data transmission interval: 20 seconds (15x accelerated - simulates 5min)
✓ Performance metrics CSV files initialized in performance_data/
Starting continuous smart meter operation...
Press Ctrl+C to stop gracefully
Data generation thread started
Network server thread started on port 9260
[2025-12-10 08:00:28] NETWORK INFO: Server authentication successful for node: aggregator-001
✓ Aggregator connected: aggregator-001 from 127.0.0.1
[2025-12-10 08:00:44] Meter 260: Generated 3.031 kWh (encrypted: 334353 bytes, 5.670 ms)
✓ Sent 334353 bytes to aggregator-001 (0.74ms)
Session completed with aggregator-001
[2025-12-10 08:01:04] Meter 260: Generated 1.221 kWh (encrypted: 334474 bytes, 5.209 ms)
[2025-12-10 08:01:24] Meter 260: Generated 1.700 kWh (encrypted: 334386 bytes, 5.221 ms)
[2025-12-10 08:01:31] NETWORK INFO: Server authentication successful for node: aggregator-001
✓ Aggregator connected: aggregator-001 from 127.0.0.1
✓ Sent 334386 bytes to aggregator-001 (0.36ms)
Session completed with aggregator-001
[2025-12-10 08:01:44] Meter 260: Generated 7.355 kWh (encrypted: 333496 bytes, 5.185 ms)
[2025-12-10 08:02:04] Meter 260: Generated 5.136 kWh (encrypted: 334464 bytes, 4.867 ms)
[2025-12-10 08:02:24] Meter 260: Generated 5.425 kWh (encrypted: 333882 bytes, 4.821 ms)
[2025-12-10 08:02:33] NETWORK INFO: Server authentication successful for node: aggregator-001
✓ Aggregator connected: aggregator-001 from 127.0.0.1
✓ Sent 333882 bytes to aggregator-001 (0.39ms)
Session completed with aggregator-001
[2025-12-10 08:02:44] Meter 260: Generated 6.075 kWh (encrypted: 334205 bytes, 4.850 ms)
[2025-12-10 08:03:04] Meter 260: Generated 2.664 kWh (encrypted: 334315 bytes, 4.588 ms)
[2025-12-10 08:03:24] Meter 260: Generated 6.106 kWh (encrypted: 334410 bytes, 5.474 ms)
[2025-12-10 08:03:36] NETWORK INFO: Server authentication successful for node: aggregator-001
✓ Aggregator connected: aggregator-001 from 127.0.0.1
✓ Sent 334410 bytes to aggregator-001 (0.41ms)
Session completed with aggregator-001
[2025-12-10 08:03:44] Meter 260: Generated 5.200 kWh (encrypted: 334511 bytes, 4.621 ms)
[2025-12-10 08:04:04] Meter 260: Generated 2.844 kWh (encrypted: 334417 bytes, 4.624 ms)
[2025-12-10 08:04:24] Meter 260: Generated 1.597 kWh (encrypted: 333878 bytes, 4.602 ms)
[2025-12-10 08:04:39] NETWORK INFO: Server authentication successful for node: aggregator-001
✓ Aggregator connected: aggregator-001 from 127.0.0.1
✓ Sent 333878 bytes to aggregator-001 (18.62ms)
Session completed with aggregator-001
[2025-12-10 08:04:44] Meter 260: Generated 3.301 kWh (encrypted: 334264 bytes, 4.553 ms)
[2025-12-10 08:05:04] Meter 260: Generated 6.857 kWh (encrypted: 334201 bytes, 4.687 ms)
[2025-12-10 08:05:24] Meter 260: Generated 5.813 kWh (encrypted: 334318 bytes, 8.078 ms)
[2025-12-10 08:05:44] Meter 260: Generated 6.224 kWh (encrypted: 334369 bytes, 6.367 ms)
[2025-12-10 08:05:44] NETWORK INFO: Server authentication successful for node: aggregator-001
✓ Aggregator connected: aggregator-001 from 127.0.0.1
✓ Sent 334369 bytes to aggregator-001 (35.79ms)
Session completed with aggregator-001
[2025-12-10 08:06:04] Meter 260: Generated 5.837 kWh (encrypted: 334002 bytes, 6.330 ms)
[2025-12-10 08:06:24] Meter 260: Generated 7.012 kWh (encrypted: 334390 bytes, 6.389 ms)
[2025-12-10 08:06:44] Meter 260: Generated 4.341 kWh (encrypted: 334092 bytes, 4.333 ms)
[2025-12-10 08:06:50] NETWORK INFO: Server authentication successful for node: aggregator-001
✓ Aggregator connected: aggregator-001 from 127.0.0.1
✓ Sent 334092 bytes to aggregator-001 (0.38ms)
Session completed with aggregator-001
[2025-12-10 08:07:04] Meter 260: Generated 4.053 kWh (encrypted: 334312 bytes, 4.458 ms)
[2025-12-10 08:07:24] Meter 260: Generated 7.177 kWh (encrypted: 334299 bytes, 6.363 ms)
[2025-12-10 08:07:44] Meter 260: Generated 2.674 kWh (encrypted: 334372 bytes, 4.501 ms)
[2025-12-10 08:07:56] NETWORK INFO: Server authentication successful for node: aggregator-001
✓ Aggregator connected: aggregator-001 from 127.0.0.1
✓ Sent 334372 bytes to aggregator-001 (0.66ms)
Session completed with aggregator-001
[2025-12-10 08:08:04] Meter 260: Generated 1.025 kWh (encrypted: 334413 bytes, 4.816 ms)
[2025-12-10 08:08:24] Meter 260: Generated 2.951 kWh (encrypted: 334454 bytes, 18.712 ms)
[2025-12-10 08:08:44] Meter 260: Generated 7.501 kWh (encrypted: 334353 bytes, 4.525 ms)
[2025-12-10 08:09:01] NETWORK INFO: Server authentication successful for node: aggregator-001
✓ Aggregator connected: aggregator-001 from 127.0.0.1
✓ Sent 334353 bytes to aggregator-001 (0.35ms)
Session completed with aggregator-001
[2025-12-10 08:09:04] Meter 260: Generated 6.493 kWh (encrypted: 334177 bytes, 6.254 ms)
[2025-12-10 08:09:24] Meter 260: Generated 6.223 kWh (encrypted: 334410 bytes, 35.511 ms)
[2025-12-10 08:09:44] Meter 260: Generated 5.261 kWh (encrypted: 334048 bytes, 4.913 ms)
[2025-12-10 08:10:04] Meter 260: Generated 3.630 kWh (encrypted: 334450 bytes, 6.840 ms)
[2025-12-10 08:10:06] NETWORK INFO: Server authentication successful for node: aggregator-001
✓ Aggregator connected: aggregator-001 from 127.0.0.1
✓ Sent 334450 bytes to aggregator-001 (0.36ms)
Session completed with aggregator-001
[2025-12-10 08:10:24] Meter 260: Generated 6.851 kWh (encrypted: 334526 bytes, 6.693 ms)
[2025-12-10 08:10:44] Meter 260: Generated 4.219 kWh (encrypted: 334017 bytes, 8.945 ms)
[2025-12-10 08:11:04] Meter 260: Generated 0.913 kWh (encrypted: 333875 bytes, 6.575 ms)
[2025-12-10 08:11:12] NETWORK INFO: Server authentication successful for node: aggregator-001
✓ Aggregator connected: aggregator-001 from 127.0.0.1
✓ Sent 333875 bytes to aggregator-001 (0.38ms)
Session completed with aggregator-001
[2025-12-10 08:11:24] Meter 260: Generated 3.920 kWh (encrypted: 334100 bytes, 6.863 ms)
[2025-12-10 08:11:44] Meter 260: Generated 3.394 kWh (encrypted: 334254 bytes, 4.398 ms)
[2025-12-10 08:12:04] Meter 260: Generated 4.696 kWh (encrypted: 334012 bytes, 6.365 ms)
[2025-12-10 08:12:17] NETWORK INFO: Server authentication successful for node: aggregator-001
✓ Aggregator connected: aggregator-001 from 127.0.0.1
✓ Sent 334012 bytes to aggregator-001 (0.37ms)
Session completed with aggregator-001
[2025-12-10 08:12:24] Meter 260: Generated 6.261 kWh (encrypted: 334122 bytes, 6.676 ms)

Received shutdown signal. Gracefully shutting down smart meter...
Data generation thread stopped
Network server thread stopped
Smart meter 260 shutdown complete
