=== Continuous Smart Meter Server 2 ===
Initializing for continuous operation...
SEAL context initialized
Loaded certificate: smart-meter-002
Requesting public keys from KDC...
[2025-12-03 07:40:44] NETWORK ERROR: Failed to connect to 127.0.0.1:8444: Connection refused
Error: Failed to connect to KDC at 127.0.0.1:8444
Error: Failed to send key request to KDC
Failed to obtain keys from KDC, falling back to file keys
Loaded keys from fallback files
Cryptographic components initialized
[2025-12-03 07:40:44] NETWORK INFO: Server socket created and listening on port 9002
✓ Smart meter server ready on port 9002
Data transmission interval: 20 seconds (15x accelerated - simulates 5min)
✓ Performance metrics CSV files initialized in performance_data/
Starting continuous smart meter operation...
Press Ctrl+C to stop gracefully
Data generation thread started
Network server thread started on port 9002
[2025-12-03 07:41:04] Meter 2: Generated 2.076 kWh (encrypted: 334282 bytes, 5.219 ms)
[2025-12-03 07:41:24] Meter 2: Generated 1.855 kWh (encrypted: 334363 bytes, 4.321 ms)
[2025-12-03 07:41:41] NETWORK INFO: Server authentication successful for node: aggregator-001
✓ Aggregator connected: aggregator-001 from 127.0.0.1
✓ Sent 334363 bytes to aggregator-001 (0.68ms)
Session completed with aggregator-001
[2025-12-03 07:41:44] Meter 2: Generated 6.797 kWh (encrypted: 334350 bytes, 4.584 ms)
[2025-12-03 07:42:05] Meter 2: Generated 6.880 kWh (encrypted: 334126 bytes, 4.604 ms)
[2025-12-03 07:42:25] Meter 2: Generated 7.039 kWh (encrypted: 334340 bytes, 4.717 ms)
[2025-12-03 07:42:42] NETWORK INFO: Server authentication successful for node: aggregator-001
✓ Aggregator connected: aggregator-001 from 127.0.0.1
✓ Sent 334340 bytes to aggregator-001 (0.48ms)
Session completed with aggregator-001
[2025-12-03 07:42:45] Meter 2: Generated 2.664 kWh (encrypted: 334151 bytes, 4.637 ms)
[2025-12-03 07:43:05] Meter 2: Generated 3.434 kWh (encrypted: 333972 bytes, 4.500 ms)
[2025-12-03 07:43:25] Meter 2: Generated 6.042 kWh (encrypted: 334274 bytes, 5.165 ms)
[2025-12-03 07:43:42] NETWORK INFO: Server authentication successful for node: aggregator-001
✓ Aggregator connected: aggregator-001 from 127.0.0.1
✓ Sent 334274 bytes to aggregator-001 (0.47ms)
Session completed with aggregator-001
[2025-12-03 07:43:45] Meter 2: Generated 1.055 kWh (encrypted: 334504 bytes, 4.773 ms)
[2025-12-03 07:44:05] Meter 2: Generated 5.212 kWh (encrypted: 333944 bytes, 4.626 ms)
[2025-12-03 07:44:25] Meter 2: Generated 5.494 kWh (encrypted: 334337 bytes, 4.599 ms)
[2025-12-03 07:44:42] NETWORK INFO: Server authentication successful for node: aggregator-001
✓ Aggregator connected: aggregator-001 from 127.0.0.1
✓ Sent 334337 bytes to aggregator-001 (2.47ms)
Session completed with aggregator-001
[2025-12-03 07:44:45] Meter 2: Generated 2.191 kWh (encrypted: 333301 bytes, 4.417 ms)
[2025-12-03 07:45:05] Meter 2: Generated 2.156 kWh (encrypted: 333315 bytes, 4.544 ms)
[2025-12-03 07:45:25] Meter 2: Generated 5.574 kWh (encrypted: 334490 bytes, 4.528 ms)
[2025-12-03 07:45:42] NETWORK INFO: Server authentication successful for node: aggregator-001
✓ Aggregator connected: aggregator-001 from 127.0.0.1
✓ Sent 334490 bytes to aggregator-001 (0.57ms)
Session completed with aggregator-001
[2025-12-03 07:45:45] Meter 2: Generated 2.173 kWh (encrypted: 334287 bytes, 4.625 ms)
[2025-12-03 07:46:05] Meter 2: Generated 2.894 kWh (encrypted: 334055 bytes, 4.677 ms)
[2025-12-03 07:46:25] Meter 2: Generated 5.797 kWh (encrypted: 334298 bytes, 4.488 ms)
[2025-12-03 07:46:43] NETWORK INFO: Server authentication successful for node: aggregator-001
✓ Aggregator connected: aggregator-001 from 127.0.0.1
✓ Sent 334298 bytes to aggregator-001 (0.42ms)
Session completed with aggregator-001
[2025-12-03 07:46:45] Meter 2: Generated 1.637 kWh (encrypted: 334293 bytes, 4.573 ms)
[2025-12-03 07:47:05] Meter 2: Generated 6.701 kWh (encrypted: 333923 bytes, 4.610 ms)
[2025-12-03 07:47:25] Meter 2: Generated 1.022 kWh (encrypted: 333361 bytes, 6.200 ms)
[2025-12-03 07:47:43] NETWORK INFO: Server authentication successful for node: aggregator-001
✓ Aggregator connected: aggregator-001 from 127.0.0.1
✓ Sent 333361 bytes to aggregator-001 (0.52ms)
Session completed with aggregator-001
[2025-12-03 07:47:45] Meter 2: Generated 4.431 kWh (encrypted: 334312 bytes, 4.677 ms)
[2025-12-03 07:48:05] Meter 2: Generated 5.152 kWh (encrypted: 334284 bytes, 4.746 ms)
[2025-12-03 07:48:25] Meter 2: Generated 6.490 kWh (encrypted: 334103 bytes, 4.522 ms)
[2025-12-03 07:48:43] NETWORK INFO: Server authentication successful for node: aggregator-001
✓ Aggregator connected: aggregator-001 from 127.0.0.1
✓ Sent 334103 bytes to aggregator-001 (0.34ms)
Session completed with aggregator-001
[2025-12-03 07:48:45] Meter 2: Generated 5.422 kWh (encrypted: 334153 bytes, 4.374 ms)
[2025-12-03 07:49:05] Meter 2: Generated 6.019 kWh (encrypted: 334458 bytes, 4.783 ms)
[2025-12-03 07:49:25] Meter 2: Generated 4.976 kWh (encrypted: 334429 bytes, 4.540 ms)
[2025-12-03 07:49:44] NETWORK INFO: Server authentication successful for node: aggregator-001
✓ Aggregator connected: aggregator-001 from 127.0.0.1
✓ Sent 334429 bytes to aggregator-001 (0.45ms)
Session completed with aggregator-001
[2025-12-03 07:49:45] Meter 2: Generated 3.002 kWh (encrypted: 334396 bytes, 4.450 ms)
[2025-12-03 07:50:05] Meter 2: Generated 5.459 kWh (encrypted: 334365 bytes, 4.585 ms)
[2025-12-03 07:50:25] Meter 2: Generated 2.375 kWh (encrypted: 334331 bytes, 4.839 ms)
[2025-12-03 07:50:44] NETWORK INFO: Server authentication successful for node: aggregator-001
✓ Aggregator connected: aggregator-001 from 127.0.0.1
✓ Sent 334331 bytes to aggregator-001 (0.42ms)
Session completed with aggregator-001
[2025-12-03 07:50:45] Meter 2: Generated 2.158 kWh (encrypted: 334242 bytes, 6.480 ms)
[2025-12-03 07:51:05] Meter 2: Generated 6.305 kWh (encrypted: 334174 bytes, 4.758 ms)
[2025-12-03 07:51:25] Meter 2: Generated 2.439 kWh (encrypted: 334370 bytes, 4.503 ms)
[2025-12-03 07:51:44] NETWORK INFO: Server authentication successful for node: aggregator-001
✓ Aggregator connected: aggregator-001 from 127.0.0.1
✓ Sent 334370 bytes to aggregator-001 (0.46ms)
Session completed with aggregator-001
[2025-12-03 07:51:45] Meter 2: Generated 7.177 kWh (encrypted: 334325 bytes, 4.462 ms)
[2025-12-03 07:52:05] Meter 2: Generated 6.899 kWh (encrypted: 333891 bytes, 4.563 ms)
[2025-12-03 07:52:25] Meter 2: Generated 4.606 kWh (encrypted: 334331 bytes, 4.507 ms)
[2025-12-03 07:52:44] NETWORK INFO: Server authentication successful for node: aggregator-001
✓ Aggregator connected: aggregator-001 from 127.0.0.1
✓ Sent 334331 bytes to aggregator-001 (0.44ms)
Session completed with aggregator-001
[2025-12-03 07:52:45] Meter 2: Generated 0.886 kWh (encrypted: 334413 bytes, 4.499 ms)
[2025-12-03 07:53:05] Meter 2: Generated 1.793 kWh (encrypted: 334252 bytes, 4.585 ms)
[2025-12-03 07:53:25] Meter 2: Generated 6.296 kWh (encrypted: 334076 bytes, 4.411 ms)
[2025-12-03 07:53:45] NETWORK INFO: Server authentication successful for node: aggregator-001
✓ Aggregator connected: aggregator-001 from 127.0.0.1
✓ Sent 334076 bytes to aggregator-001 (0.34ms)
Session completed with aggregator-001
[2025-12-03 07:53:45] Meter 2: Generated 7.045 kWh (encrypted: 333332 bytes, 4.514 ms)
[2025-12-03 07:54:05] Meter 2: Generated 3.663 kWh (encrypted: 334267 bytes, 4.601 ms)
[2025-12-03 07:54:25] Meter 2: Generated 3.830 kWh (encrypted: 334209 bytes, 4.323 ms)
[2025-12-03 07:54:45] Meter 2: Generated 4.948 kWh (encrypted: 334188 bytes, 6.290 ms)
[2025-12-03 07:54:45] NETWORK INFO: Server authentication successful for node: aggregator-001
✓ Aggregator connected: aggregator-001 from 127.0.0.1
✓ Sent 334188 bytes to aggregator-001 (0.51ms)
Session completed with aggregator-001
[2025-12-03 07:55:05] Meter 2: Generated 5.724 kWh (encrypted: 334382 bytes, 6.265 ms)
[2025-12-03 07:55:25] Meter 2: Generated 0.662 kWh (encrypted: 334378 bytes, 4.787 ms)
[2025-12-03 07:55:45] Meter 2: Generated 4.700 kWh (encrypted: 334456 bytes, 4.431 ms)
[2025-12-03 07:55:45] NETWORK INFO: Server authentication successful for node: aggregator-001
✓ Aggregator connected: aggregator-001 from 127.0.0.1
✓ Sent 334456 bytes to aggregator-001 (0.40ms)
Session completed with aggregator-001
[2025-12-03 07:56:05] Meter 2: Generated 4.458 kWh (encrypted: 334409 bytes, 4.460 ms)
[2025-12-03 07:56:25] Meter 2: Generated 3.726 kWh (encrypted: 334387 bytes, 4.479 ms)
[2025-12-03 07:56:45] Meter 2: Generated 3.128 kWh (encrypted: 334174 bytes, 4.671 ms)
[2025-12-03 07:56:46] NETWORK INFO: Server authentication successful for node: aggregator-001
✓ Aggregator connected: aggregator-001 from 127.0.0.1
✓ Sent 334174 bytes to aggregator-001 (0.34ms)
Session completed with aggregator-001
[2025-12-03 07:57:05] Meter 2: Generated 4.489 kWh (encrypted: 334336 bytes, 4.445 ms)
[2025-12-03 07:57:25] Meter 2: Generated 4.219 kWh (encrypted: 334446 bytes, 4.470 ms)
[2025-12-03 07:57:45] Meter 2: Generated 2.144 kWh (encrypted: 334308 bytes, 4.403 ms)
[2025-12-03 07:57:46] NETWORK INFO: Server authentication successful for node: aggregator-001
✓ Aggregator connected: aggregator-001 from 127.0.0.1
✓ Sent 334308 bytes to aggregator-001 (0.45ms)
Session completed with aggregator-001
[2025-12-03 07:58:05] Meter 2: Generated 1.510 kWh (encrypted: 334339 bytes, 4.427 ms)
[2025-12-03 07:58:25] Meter 2: Generated 5.903 kWh (encrypted: 334377 bytes, 4.518 ms)
[2025-12-03 07:58:45] Meter 2: Generated 6.297 kWh (encrypted: 334374 bytes, 4.653 ms)
[2025-12-03 07:58:46] NETWORK INFO: Server authentication successful for node: aggregator-001
✓ Aggregator connected: aggregator-001 from 127.0.0.1
✓ Sent 334374 bytes to aggregator-001 (0.37ms)
Session completed with aggregator-001
[2025-12-03 07:59:05] Meter 2: Generated 0.984 kWh (encrypted: 334366 bytes, 4.558 ms)
[2025-12-03 07:59:25] Meter 2: Generated 0.869 kWh (encrypted: 334353 bytes, 4.357 ms)
[2025-12-03 07:59:45] Meter 2: Generated 2.930 kWh (encrypted: 334327 bytes, 4.345 ms)
[2025-12-03 07:59:46] NETWORK INFO: Server authentication successful for node: aggregator-001
✓ Aggregator connected: aggregator-001 from 127.0.0.1
✓ Sent 334327 bytes to aggregator-001 (0.57ms)
Session completed with aggregator-001
[2025-12-03 08:00:05] Meter 2: Generated 5.626 kWh (encrypted: 334438 bytes, 4.509 ms)
[2025-12-03 08:00:25] Meter 2: Generated 4.514 kWh (encrypted: 334359 bytes, 4.461 ms)
[2025-12-03 08:00:45] Meter 2: Generated 3.555 kWh (encrypted: 334298 bytes, 4.567 ms)
[2025-12-03 08:00:47] NETWORK INFO: Server authentication successful for node: aggregator-001
✓ Aggregator connected: aggregator-001 from 127.0.0.1
✓ Sent 334298 bytes to aggregator-001 (0.59ms)
Session completed with aggregator-001
[2025-12-03 08:01:05] Meter 2: Generated 1.571 kWh (encrypted: 333977 bytes, 4.509 ms)
[2025-12-03 08:01:25] Meter 2: Generated 6.798 kWh (encrypted: 334393 bytes, 4.605 ms)
[2025-12-03 08:01:45] Meter 2: Generated 0.656 kWh (encrypted: 334377 bytes, 4.658 ms)
[2025-12-03 08:01:47] NETWORK INFO: Server authentication successful for node: aggregator-001
✓ Aggregator connected: aggregator-001 from 127.0.0.1
✓ Sent 334377 bytes to aggregator-001 (0.39ms)
Session completed with aggregator-001
[2025-12-03 08:02:05] Meter 2: Generated 7.015 kWh (encrypted: 334167 bytes, 4.402 ms)
[2025-12-03 08:02:25] Meter 2: Generated 5.679 kWh (encrypted: 334437 bytes, 4.525 ms)
[2025-12-03 08:02:45] Meter 2: Generated 1.766 kWh (encrypted: 334099 bytes, 4.727 ms)
[2025-12-03 08:02:47] NETWORK INFO: Server authentication successful for node: aggregator-001
✓ Aggregator connected: aggregator-001 from 127.0.0.1
✓ Sent 334099 bytes to aggregator-001 (0.36ms)
Session completed with aggregator-001
[2025-12-03 08:03:05] Meter 2: Generated 7.502 kWh (encrypted: 334451 bytes, 4.530 ms)
[2025-12-03 08:03:25] Meter 2: Generated 4.649 kWh (encrypted: 334287 bytes, 4.588 ms)
[2025-12-03 08:03:45] Meter 2: Generated 5.093 kWh (encrypted: 334213 bytes, 4.549 ms)
[2025-12-03 08:03:47] NETWORK INFO: Server authentication successful for node: aggregator-001
✓ Aggregator connected: aggregator-001 from 127.0.0.1
✓ Sent 334213 bytes to aggregator-001 (0.36ms)
Session completed with aggregator-001
[2025-12-03 08:04:05] Meter 2: Generated 5.143 kWh (encrypted: 334110 bytes, 4.436 ms)
[2025-12-03 08:04:25] Meter 2: Generated 3.965 kWh (encrypted: 334414 bytes, 4.600 ms)
[2025-12-03 08:04:45] Meter 2: Generated 6.046 kWh (encrypted: 334150 bytes, 5.421 ms)
[2025-12-03 08:04:48] NETWORK INFO: Server authentication successful for node: aggregator-001
✓ Aggregator connected: aggregator-001 from 127.0.0.1
✓ Sent 334150 bytes to aggregator-001 (0.44ms)
Session completed with aggregator-001
[2025-12-03 08:05:05] Meter 2: Generated 7.084 kWh (encrypted: 334167 bytes, 4.434 ms)
[2025-12-03 08:05:25] Meter 2: Generated 2.536 kWh (encrypted: 334454 bytes, 4.414 ms)
[2025-12-03 08:05:45] Meter 2: Generated 7.212 kWh (encrypted: 334375 bytes, 5.148 ms)
[2025-12-03 08:05:48] NETWORK INFO: Server authentication successful for node: aggregator-001
✓ Aggregator connected: aggregator-001 from 127.0.0.1
✓ Sent 334375 bytes to aggregator-001 (0.46ms)
Session completed with aggregator-001
[2025-12-03 08:06:05] Meter 2: Generated 6.321 kWh (encrypted: 333888 bytes, 4.454 ms)
[2025-12-03 08:06:25] Meter 2: Generated 5.066 kWh (encrypted: 334438 bytes, 4.871 ms)
[2025-12-03 08:06:45] Meter 2: Generated 4.469 kWh (encrypted: 334496 bytes, 4.550 ms)
[2025-12-03 08:06:48] NETWORK INFO: Server authentication successful for node: aggregator-001
✓ Aggregator connected: aggregator-001 from 127.0.0.1
✓ Sent 334496 bytes to aggregator-001 (0.37ms)
Session completed with aggregator-001
[2025-12-03 08:07:05] Meter 2: Generated 6.361 kWh (encrypted: 333682 bytes, 4.615 ms)
[2025-12-03 08:07:25] Meter 2: Generated 5.347 kWh (encrypted: 334187 bytes, 4.520 ms)
[2025-12-03 08:07:45] Meter 2: Generated 3.849 kWh (encrypted: 334373 bytes, 4.552 ms)
[2025-12-03 08:07:49] NETWORK INFO: Server authentication successful for node: aggregator-001
✓ Aggregator connected: aggregator-001 from 127.0.0.1
✓ Sent 334373 bytes to aggregator-001 (0.53ms)
Session completed with aggregator-001
[2025-12-03 08:08:05] Meter 2: Generated 2.878 kWh (encrypted: 334425 bytes, 4.356 ms)
[2025-12-03 08:08:25] Meter 2: Generated 0.996 kWh (encrypted: 334490 bytes, 4.642 ms)
[2025-12-03 08:08:45] Meter 2: Generated 4.450 kWh (encrypted: 334334 bytes, 4.493 ms)
[2025-12-03 08:08:49] NETWORK INFO: Server authentication successful for node: aggregator-001
✓ Aggregator connected: aggregator-001 from 127.0.0.1
✓ Sent 334334 bytes to aggregator-001 (0.43ms)
Session completed with aggregator-001
[2025-12-03 08:09:05] Meter 2: Generated 4.192 kWh (encrypted: 334269 bytes, 4.413 ms)
[2025-12-03 08:09:25] Meter 2: Generated 3.569 kWh (encrypted: 334046 bytes, 4.641 ms)
[2025-12-03 08:09:45] Meter 2: Generated 2.987 kWh (encrypted: 334400 bytes, 4.425 ms)
[2025-12-03 08:09:49] NETWORK INFO: Server authentication successful for node: aggregator-001
✓ Aggregator connected: aggregator-001 from 127.0.0.1
✓ Sent 334400 bytes to aggregator-001 (0.64ms)
Session completed with aggregator-001
[2025-12-03 08:10:05] Meter 2: Generated 1.579 kWh (encrypted: 334288 bytes, 4.488 ms)
[2025-12-03 08:10:25] Meter 2: Generated 4.612 kWh (encrypted: 334220 bytes, 4.691 ms)
[2025-12-03 08:10:45] Meter 2: Generated 4.406 kWh (encrypted: 334455 bytes, 4.455 ms)
[2025-12-03 08:10:49] NETWORK INFO: Server authentication successful for node: aggregator-001
✓ Aggregator connected: aggregator-001 from 127.0.0.1
✓ Sent 334455 bytes to aggregator-001 (0.52ms)
Session completed with aggregator-001
[2025-12-03 08:11:05] Meter 2: Generated 1.416 kWh (encrypted: 334376 bytes, 4.530 ms)
[2025-12-03 08:11:25] Meter 2: Generated 3.593 kWh (encrypted: 334412 bytes, 4.330 ms)
[2025-12-03 08:11:45] Meter 2: Generated 5.219 kWh (encrypted: 334261 bytes, 4.504 ms)
[2025-12-03 08:11:50] NETWORK INFO: Server authentication successful for node: aggregator-001
✓ Aggregator connected: aggregator-001 from 127.0.0.1
✓ Sent 334261 bytes to aggregator-001 (0.70ms)
Session completed with aggregator-001
[2025-12-03 08:12:05] Meter 2: Generated 2.041 kWh (encrypted: 334442 bytes, 4.475 ms)
[2025-12-03 08:12:25] Meter 2: Generated 7.101 kWh (encrypted: 334393 bytes, 4.607 ms)
[2025-12-03 08:12:45] Meter 2: Generated 1.811 kWh (encrypted: 334341 bytes, 4.436 ms)
[2025-12-03 08:12:50] NETWORK INFO: Server authentication successful for node: aggregator-001
✓ Aggregator connected: aggregator-001 from 127.0.0.1
✓ Sent 334341 bytes to aggregator-001 (0.36ms)
Session completed with aggregator-001
[2025-12-03 08:13:05] Meter 2: Generated 5.082 kWh (encrypted: 334479 bytes, 4.360 ms)
[2025-12-03 08:13:25] Meter 2: Generated 0.971 kWh (encrypted: 334282 bytes, 4.437 ms)
[2025-12-03 08:13:45] Meter 2: Generated 7.081 kWh (encrypted: 334379 bytes, 4.671 ms)
[2025-12-03 08:13:50] NETWORK INFO: Server authentication successful for node: aggregator-001
✓ Aggregator connected: aggregator-001 from 127.0.0.1
✓ Sent 334379 bytes to aggregator-001 (0.62ms)
Session completed with aggregator-001
[2025-12-03 08:14:05] Meter 2: Generated 3.826 kWh (encrypted: 333217 bytes, 4.659 ms)
[2025-12-03 08:14:25] Meter 2: Generated 6.890 kWh (encrypted: 334282 bytes, 4.607 ms)
[2025-12-03 08:14:45] Meter 2: Generated 6.714 kWh (encrypted: 334512 bytes, 4.385 ms)
[2025-12-03 08:14:51] NETWORK INFO: Server authentication successful for node: aggregator-001
✓ Aggregator connected: aggregator-001 from 127.0.0.1
✓ Sent 334512 bytes to aggregator-001 (0.41ms)
Session completed with aggregator-001
[2025-12-03 08:15:05] Meter 2: Generated 5.823 kWh (encrypted: 334089 bytes, 4.668 ms)
[2025-12-03 08:15:25] Meter 2: Generated 6.646 kWh (encrypted: 334120 bytes, 4.645 ms)
[2025-12-03 08:15:45] Meter 2: Generated 7.636 kWh (encrypted: 334417 bytes, 4.859 ms)
[2025-12-03 08:15:51] NETWORK INFO: Server authentication successful for node: aggregator-001
✓ Aggregator connected: aggregator-001 from 127.0.0.1
✓ Sent 334417 bytes to aggregator-001 (0.37ms)
Session completed with aggregator-001
[2025-12-03 08:16:05] Meter 2: Generated 1.787 kWh (encrypted: 334372 bytes, 4.648 ms)
[2025-12-03 08:16:25] Meter 2: Generated 1.719 kWh (encrypted: 334390 bytes, 4.686 ms)
[2025-12-03 08:16:45] Meter 2: Generated 3.572 kWh (encrypted: 334290 bytes, 4.566 ms)
[2025-12-03 08:16:51] NETWORK INFO: Server authentication successful for node: aggregator-001
✓ Aggregator connected: aggregator-001 from 127.0.0.1
✓ Sent 334290 bytes to aggregator-001 (0.37ms)
Session completed with aggregator-001
[2025-12-03 08:17:05] Meter 2: Generated 1.910 kWh (encrypted: 334360 bytes, 4.583 ms)
[2025-12-03 08:17:25] Meter 2: Generated 6.884 kWh (encrypted: 334468 bytes, 4.563 ms)
[2025-12-03 08:17:45] Meter 2: Generated 6.442 kWh (encrypted: 334278 bytes, 5.637 ms)
[2025-12-03 08:17:51] NETWORK INFO: Server authentication successful for node: aggregator-001
✓ Aggregator connected: aggregator-001 from 127.0.0.1
✓ Sent 334278 bytes to aggregator-001 (0.65ms)
Session completed with aggregator-001
[2025-12-03 08:18:05] Meter 2: Generated 6.118 kWh (encrypted: 334030 bytes, 4.541 ms)
[2025-12-03 08:18:25] Meter 2: Generated 5.476 kWh (encrypted: 333849 bytes, 4.278 ms)
[2025-12-03 08:18:45] Meter 2: Generated 3.118 kWh (encrypted: 334017 bytes, 4.675 ms)
[2025-12-03 08:18:52] NETWORK INFO: Server authentication successful for node: aggregator-001
✓ Aggregator connected: aggregator-001 from 127.0.0.1
✓ Sent 334017 bytes to aggregator-001 (0.50ms)
Session completed with aggregator-001
[2025-12-03 08:19:05] Meter 2: Generated 2.425 kWh (encrypted: 334226 bytes, 4.603 ms)
[2025-12-03 08:19:25] Meter 2: Generated 3.955 kWh (encrypted: 334164 bytes, 4.430 ms)
[2025-12-03 08:19:45] Meter 2: Generated 4.167 kWh (encrypted: 334108 bytes, 4.456 ms)
[2025-12-03 08:19:52] NETWORK INFO: Server authentication successful for node: aggregator-001
✓ Aggregator connected: aggregator-001 from 127.0.0.1
✓ Sent 334108 bytes to aggregator-001 (0.42ms)
Session completed with aggregator-001
[2025-12-03 08:20:05] Meter 2: Generated 6.402 kWh (encrypted: 334461 bytes, 4.761 ms)
[2025-12-03 08:20:25] Meter 2: Generated 0.996 kWh (encrypted: 334484 bytes, 4.643 ms)
[2025-12-03 08:20:45] Meter 2: Generated 2.379 kWh (encrypted: 334362 bytes, 4.797 ms)
[2025-12-03 08:20:52] NETWORK INFO: Server authentication successful for node: aggregator-001
✓ Aggregator connected: aggregator-001 from 127.0.0.1
✓ Sent 334362 bytes to aggregator-001 (0.40ms)
Session completed with aggregator-001
[2025-12-03 08:21:05] Meter 2: Generated 4.064 kWh (encrypted: 334513 bytes, 4.660 ms)
[2025-12-03 08:21:25] Meter 2: Generated 2.572 kWh (encrypted: 334240 bytes, 4.424 ms)
[2025-12-03 08:21:45] Meter 2: Generated 2.036 kWh (encrypted: 334407 bytes, 4.551 ms)
[2025-12-03 08:21:53] NETWORK INFO: Server authentication successful for node: aggregator-001
✓ Aggregator connected: aggregator-001 from 127.0.0.1
✓ Sent 334407 bytes to aggregator-001 (0.59ms)
Session completed with aggregator-001
[2025-12-03 08:22:05] Meter 2: Generated 7.022 kWh (encrypted: 333317 bytes, 4.647 ms)
[2025-12-03 08:22:25] Meter 2: Generated 2.255 kWh (encrypted: 334554 bytes, 4.573 ms)
[2025-12-03 08:22:46] Meter 2: Generated 6.815 kWh (encrypted: 334457 bytes, 4.734 ms)
[2025-12-03 08:22:53] NETWORK INFO: Server authentication successful for node: aggregator-001
✓ Aggregator connected: aggregator-001 from 127.0.0.1
✓ Sent 334457 bytes to aggregator-001 (0.43ms)
Session completed with aggregator-001
[2025-12-03 08:23:06] Meter 2: Generated 4.014 kWh (encrypted: 334421 bytes, 4.615 ms)
[2025-12-03 08:23:26] Meter 2: Generated 1.673 kWh (encrypted: 333967 bytes, 4.529 ms)
[2025-12-03 08:23:46] Meter 2: Generated 2.442 kWh (encrypted: 334396 bytes, 4.522 ms)
[2025-12-03 08:23:53] NETWORK INFO: Server authentication successful for node: aggregator-001
✓ Aggregator connected: aggregator-001 from 127.0.0.1
✓ Sent 334396 bytes to aggregator-001 (0.51ms)
Session completed with aggregator-001
[2025-12-03 08:24:06] Meter 2: Generated 1.142 kWh (encrypted: 334334 bytes, 4.479 ms)
[2025-12-03 08:24:26] Meter 2: Generated 2.974 kWh (encrypted: 334384 bytes, 4.336 ms)
[2025-12-03 08:24:46] Meter 2: Generated 3.388 kWh (encrypted: 334104 bytes, 4.736 ms)
[2025-12-03 08:24:53] NETWORK INFO: Server authentication successful for node: aggregator-001
✓ Aggregator connected: aggregator-001 from 127.0.0.1
✓ Sent 334104 bytes to aggregator-001 (0.34ms)
Session completed with aggregator-001
[2025-12-03 08:25:06] Meter 2: Generated 2.258 kWh (encrypted: 334516 bytes, 4.472 ms)
[2025-12-03 08:25:26] Meter 2: Generated 5.437 kWh (encrypted: 334383 bytes, 4.546 ms)
[2025-12-03 08:25:46] Meter 2: Generated 5.077 kWh (encrypted: 334423 bytes, 4.545 ms)
[2025-12-03 08:25:54] NETWORK INFO: Server authentication successful for node: aggregator-001
✓ Aggregator connected: aggregator-001 from 127.0.0.1
✓ Sent 334423 bytes to aggregator-001 (0.39ms)
Session completed with aggregator-001
[2025-12-03 08:26:06] Meter 2: Generated 3.445 kWh (encrypted: 334461 bytes, 4.544 ms)
[2025-12-03 08:26:26] Meter 2: Generated 3.471 kWh (encrypted: 333974 bytes, 6.140 ms)
[2025-12-03 08:26:46] Meter 2: Generated 5.719 kWh (encrypted: 334385 bytes, 4.694 ms)
[2025-12-03 08:26:54] NETWORK INFO: Server authentication successful for node: aggregator-001
✓ Aggregator connected: aggregator-001 from 127.0.0.1
✓ Sent 334385 bytes to aggregator-001 (0.45ms)
Session completed with aggregator-001
[2025-12-03 08:27:06] Meter 2: Generated 5.578 kWh (encrypted: 334200 bytes, 4.703 ms)
[2025-12-03 08:27:26] Meter 2: Generated 5.975 kWh (encrypted: 334032 bytes, 4.720 ms)
[2025-12-03 08:27:46] Meter 2: Generated 6.182 kWh (encrypted: 334152 bytes, 4.627 ms)
[2025-12-03 08:27:54] NETWORK INFO: Server authentication successful for node: aggregator-001
✓ Aggregator connected: aggregator-001 from 127.0.0.1
✓ Sent 334152 bytes to aggregator-001 (0.38ms)
Session completed with aggregator-001
[2025-12-03 08:28:06] Meter 2: Generated 3.501 kWh (encrypted: 334157 bytes, 4.821 ms)
[2025-12-03 08:28:26] Meter 2: Generated 7.542 kWh (encrypted: 334016 bytes, 4.779 ms)
[2025-12-03 08:28:46] Meter 2: Generated 1.975 kWh (encrypted: 334385 bytes, 4.603 ms)
[2025-12-03 08:28:55] NETWORK INFO: Server authentication successful for node: aggregator-001
✓ Aggregator connected: aggregator-001 from 127.0.0.1
✓ Sent 334385 bytes to aggregator-001 (0.57ms)
Session completed with aggregator-001
[2025-12-03 08:29:06] Meter 2: Generated 7.575 kWh (encrypted: 334399 bytes, 5.027 ms)
[2025-12-03 08:29:26] Meter 2: Generated 5.096 kWh (encrypted: 334383 bytes, 4.496 ms)
[2025-12-03 08:29:46] Meter 2: Generated 1.892 kWh (encrypted: 333967 bytes, 4.695 ms)
[2025-12-03 08:29:55] NETWORK INFO: Server authentication successful for node: aggregator-001
✓ Aggregator connected: aggregator-001 from 127.0.0.1
✓ Sent 333967 bytes to aggregator-001 (0.42ms)
Session completed with aggregator-001
[2025-12-03 08:30:06] Meter 2: Generated 6.091 kWh (encrypted: 334485 bytes, 4.589 ms)
[2025-12-03 08:30:26] Meter 2: Generated 3.138 kWh (encrypted: 334326 bytes, 4.540 ms)
[2025-12-03 08:30:46] Meter 2: Generated 3.158 kWh (encrypted: 334258 bytes, 6.463 ms)
[2025-12-03 08:30:55] NETWORK INFO: Server authentication successful for node: aggregator-001
✓ Aggregator connected: aggregator-001 from 127.0.0.1
✓ Sent 334258 bytes to aggregator-001 (0.56ms)
Session completed with aggregator-001
[2025-12-03 08:31:06] Meter 2: Generated 0.899 kWh (encrypted: 334382 bytes, 4.708 ms)
[2025-12-03 08:31:26] Meter 2: Generated 4.535 kWh (encrypted: 334359 bytes, 7.632 ms)
[2025-12-03 08:31:46] Meter 2: Generated 4.026 kWh (encrypted: 334448 bytes, 4.657 ms)
[2025-12-03 08:31:55] NETWORK INFO: Server authentication successful for node: aggregator-001
✓ Aggregator connected: aggregator-001 from 127.0.0.1
✓ Sent 334448 bytes to aggregator-001 (0.48ms)
Session completed with aggregator-001
[2025-12-03 08:32:06] Meter 2: Generated 4.391 kWh (encrypted: 334131 bytes, 4.729 ms)
[2025-12-03 08:32:26] Meter 2: Generated 4.589 kWh (encrypted: 334472 bytes, 4.562 ms)
[2025-12-03 08:32:46] Meter 2: Generated 2.028 kWh (encrypted: 334250 bytes, 4.531 ms)
[2025-12-03 08:32:56] NETWORK INFO: Server authentication successful for node: aggregator-001
✓ Aggregator connected: aggregator-001 from 127.0.0.1
✓ Sent 334250 bytes to aggregator-001 (0.71ms)
Session completed with aggregator-001
[2025-12-03 08:33:06] Meter 2: Generated 6.688 kWh (encrypted: 334106 bytes, 4.637 ms)
[2025-12-03 08:33:26] Meter 2: Generated 6.457 kWh (encrypted: 334106 bytes, 4.414 ms)
[2025-12-03 08:33:46] Meter 2: Generated 1.624 kWh (encrypted: 334012 bytes, 4.803 ms)
[2025-12-03 08:33:56] NETWORK INFO: Server authentication successful for node: aggregator-001
✓ Aggregator connected: aggregator-001 from 127.0.0.1
✓ Sent 334012 bytes to aggregator-001 (0.36ms)
Session completed with aggregator-001
[2025-12-03 08:34:06] Meter 2: Generated 3.624 kWh (encrypted: 334503 bytes, 4.492 ms)
[2025-12-03 08:34:26] Meter 2: Generated 4.036 kWh (encrypted: 334027 bytes, 4.564 ms)
[2025-12-03 08:34:46] Meter 2: Generated 7.087 kWh (encrypted: 334229 bytes, 4.621 ms)
[2025-12-03 08:34:56] NETWORK INFO: Server authentication successful for node: aggregator-001
✓ Aggregator connected: aggregator-001 from 127.0.0.1
✓ Sent 334229 bytes to aggregator-001 (0.45ms)
Session completed with aggregator-001
[2025-12-03 08:35:06] Meter 2: Generated 7.293 kWh (encrypted: 334448 bytes, 4.347 ms)
[2025-12-03 08:35:26] Meter 2: Generated 1.825 kWh (encrypted: 333306 bytes, 4.529 ms)
[2025-12-03 08:35:46] Meter 2: Generated 5.875 kWh (encrypted: 334095 bytes, 4.481 ms)
[2025-12-03 08:35:57] NETWORK INFO: Server authentication successful for node: aggregator-001
✓ Aggregator connected: aggregator-001 from 127.0.0.1
✓ Sent 334095 bytes to aggregator-001 (0.41ms)
Session completed with aggregator-001
[2025-12-03 08:36:06] Meter 2: Generated 3.980 kWh (encrypted: 334126 bytes, 4.600 ms)
[2025-12-03 08:36:26] Meter 2: Generated 6.648 kWh (encrypted: 334076 bytes, 4.405 ms)
[2025-12-03 08:36:46] Meter 2: Generated 6.550 kWh (encrypted: 334420 bytes, 4.461 ms)
[2025-12-03 08:36:57] NETWORK INFO: Server authentication successful for node: aggregator-001
✓ Aggregator connected: aggregator-001 from 127.0.0.1
✓ Sent 334420 bytes to aggregator-001 (0.44ms)
Session completed with aggregator-001
[2025-12-03 08:37:06] Meter 2: Generated 7.025 kWh (encrypted: 334404 bytes, 4.397 ms)
[2025-12-03 08:37:26] Meter 2: Generated 3.794 kWh (encrypted: 334038 bytes, 4.654 ms)
[2025-12-03 08:37:46] Meter 2: Generated 1.614 kWh (encrypted: 334192 bytes, 4.549 ms)
[2025-12-03 08:37:57] NETWORK INFO: Server authentication successful for node: aggregator-001
✓ Aggregator connected: aggregator-001 from 127.0.0.1
✓ Sent 334192 bytes to aggregator-001 (0.64ms)
Session completed with aggregator-001
[2025-12-03 08:38:06] Meter 2: Generated 1.188 kWh (encrypted: 334297 bytes, 4.348 ms)
[2025-12-03 08:38:26] Meter 2: Generated 6.268 kWh (encrypted: 334459 bytes, 4.712 ms)
[2025-12-03 08:38:46] Meter 2: Generated 3.947 kWh (encrypted: 333895 bytes, 4.587 ms)
[2025-12-03 08:38:57] NETWORK INFO: Server authentication successful for node: aggregator-001
✓ Aggregator connected: aggregator-001 from 127.0.0.1
✓ Sent 333895 bytes to aggregator-001 (0.72ms)
Session completed with aggregator-001
[2025-12-03 08:39:06] Meter 2: Generated 7.133 kWh (encrypted: 334357 bytes, 4.472 ms)
[2025-12-03 08:39:26] Meter 2: Generated 3.010 kWh (encrypted: 334241 bytes, 4.455 ms)
[2025-12-03 08:39:46] Meter 2: Generated 7.041 kWh (encrypted: 334375 bytes, 4.446 ms)
[2025-12-03 08:39:58] NETWORK INFO: Server authentication successful for node: aggregator-001
✓ Aggregator connected: aggregator-001 from 127.0.0.1
✓ Sent 334375 bytes to aggregator-001 (0.43ms)
Session completed with aggregator-001
[2025-12-03 08:40:06] Meter 2: Generated 6.190 kWh (encrypted: 334259 bytes, 4.387 ms)
[2025-12-03 08:40:26] Meter 2: Generated 6.686 kWh (encrypted: 334575 bytes, 4.348 ms)
[2025-12-03 08:40:46] Meter 2: Generated 7.315 kWh (encrypted: 334149 bytes, 4.520 ms)
[2025-12-03 08:40:58] NETWORK INFO: Server authentication successful for node: aggregator-001
✓ Aggregator connected: aggregator-001 from 127.0.0.1
✓ Sent 334149 bytes to aggregator-001 (2.47ms)
Session completed with aggregator-001
[2025-12-03 08:41:06] Meter 2: Generated 1.627 kWh (encrypted: 334200 bytes, 4.463 ms)
[2025-12-03 08:41:26] Meter 2: Generated 6.890 kWh (encrypted: 334301 bytes, 4.500 ms)
[2025-12-03 08:41:46] Meter 2: Generated 1.164 kWh (encrypted: 334322 bytes, 4.457 ms)

Received shutdown signal. Gracefully shutting down smart meter...

Received shutdown signal. Gracefully shutting down smart meter...
Network server thread stopped
Data generation thread stopped
Smart meter 2 shutdown complete
