=== Continuous Smart Meter Server 470 ===
Initializing for continuous operation...
SEAL context initialized
Loaded certificate: smart-meter-470
Requesting public keys from KDC...
[2025-12-10 08:04:47] NETWORK ERROR: Failed to connect to 127.0.0.1:8444: Connection refused
Error: Failed to connect to KDC at 127.0.0.1:8444
Error: Failed to send key request to KDC
Failed to obtain keys from KDC, falling back to file keys
Loaded keys from fallback files
Cryptographic components initialized
[2025-12-10 08:04:47] NETWORK INFO: Server socket created and listening on port 9470
✓ Smart meter server ready on port 9470
Data transmission interval: 20 seconds (15x accelerated - simulates 5min)
✓ Performance metrics CSV files initialized in performance_data/
Starting continuous smart meter operation...
Press Ctrl+C to stop gracefully
Data generation thread startedNetwork server thread started on port 
9470
[2025-12-10 08:05:07] Meter 470: Generated 0.683 kWh (encrypted: 334444 bytes, 7.828 ms)
[2025-12-10 08:05:27] Meter 470: Generated 5.845 kWh (encrypted: 334401 bytes, 4.566 ms)
[2025-12-10 08:05:44] NETWORK INFO: Server authentication successful for node: aggregator-001
✓ Aggregator connected: aggregator-001 from 127.0.0.1
✓ Sent 334401 bytes to aggregator-001 (0.75ms)
Session completed with aggregator-001
[2025-12-10 08:05:47] Meter 470: Generated 3.617 kWh (encrypted: 334364 bytes, 4.469 ms)
[2025-12-10 08:06:07] Meter 470: Generated 1.221 kWh (encrypted: 334406 bytes, 5.916 ms)
[2025-12-10 08:06:27] Meter 470: Generated 5.727 kWh (encrypted: 334344 bytes, 6.235 ms)
[2025-12-10 08:06:47] Meter 470: Generated 6.205 kWh (encrypted: 334347 bytes, 4.721 ms)
[2025-12-10 08:06:50] NETWORK INFO: Server authentication successful for node: aggregator-001
✓ Aggregator connected: aggregator-001 from 127.0.0.1
✓ Sent 334347 bytes to aggregator-001 (0.34ms)
Session completed with aggregator-001
[2025-12-10 08:07:07] Meter 470: Generated 3.787 kWh (encrypted: 334227 bytes, 15.186 ms)
[2025-12-10 08:07:27] Meter 470: Generated 3.490 kWh (encrypted: 334077 bytes, 4.631 ms)
[2025-12-10 08:07:47] Meter 470: Generated 5.042 kWh (encrypted: 334117 bytes, 4.387 ms)
[2025-12-10 08:07:56] NETWORK INFO: Server authentication successful for node: aggregator-001
✓ Aggregator connected: aggregator-001 from 127.0.0.1
✓ Sent 334117 bytes to aggregator-001 (0.35ms)
Session completed with aggregator-001
[2025-12-10 08:08:07] Meter 470: Generated 3.071 kWh (encrypted: 334368 bytes, 6.573 ms)
[2025-12-10 08:08:27] Meter 470: Generated 2.656 kWh (encrypted: 334413 bytes, 4.491 ms)
[2025-12-10 08:08:47] Meter 470: Generated 4.903 kWh (encrypted: 333983 bytes, 6.933 ms)
[2025-12-10 08:09:01] NETWORK INFO: Server authentication successful for node: aggregator-001
✓ Aggregator connected: aggregator-001 from 127.0.0.1
✓ Sent 333983 bytes to aggregator-001 (0.35ms)
Session completed with aggregator-001
[2025-12-10 08:09:07] Meter 470: Generated 4.240 kWh (encrypted: 334172 bytes, 6.502 ms)
[2025-12-10 08:09:27] Meter 470: Generated 5.657 kWh (encrypted: 334211 bytes, 4.330 ms)
[2025-12-10 08:09:47] Meter 470: Generated 6.942 kWh (encrypted: 334327 bytes, 4.769 ms)
[2025-12-10 08:10:06] NETWORK INFO: Server authentication successful for node: aggregator-001
✓ Aggregator connected: aggregator-001 from 127.0.0.1
✓ Sent 334327 bytes to aggregator-001 (0.40ms)
Session completed with aggregator-001
[2025-12-10 08:10:07] Meter 470: Generated 2.693 kWh (encrypted: 334396 bytes, 8.449 ms)
[2025-12-10 08:10:27] Meter 470: Generated 3.460 kWh (encrypted: 334450 bytes, 5.153 ms)
[2025-12-10 08:10:47] Meter 470: Generated 6.665 kWh (encrypted: 334365 bytes, 6.281 ms)
[2025-12-10 08:11:07] Meter 470: Generated 5.617 kWh (encrypted: 334258 bytes, 9.257 ms)
[2025-12-10 08:11:12] NETWORK INFO: Server authentication successful for node: aggregator-001
✓ Aggregator connected: aggregator-001 from 127.0.0.1
✓ Sent 334258 bytes to aggregator-001 (7.29ms)
Session completed with aggregator-001
[2025-12-10 08:11:27] Meter 470: Generated 6.328 kWh (encrypted: 334047 bytes, 4.661 ms)
[2025-12-10 08:11:47] Meter 470: Generated 3.072 kWh (encrypted: 334468 bytes, 4.960 ms)
[2025-12-10 08:12:07] Meter 470: Generated 4.973 kWh (encrypted: 334387 bytes, 6.698 ms)
[2025-12-10 08:12:17] NETWORK INFO: Server authentication successful for node: aggregator-001
✓ Aggregator connected: aggregator-001 from 127.0.0.1
✓ Sent 334387 bytes to aggregator-001 (0.35ms)
Session completed with aggregator-001
[2025-12-10 08:12:27] Meter 470: Generated 3.678 kWh (encrypted: 334127 bytes, 6.499 ms)

Received shutdown signal. Gracefully shutting down smart meter...
Network server thread stopped
Data generation thread stopped
Smart meter 470 shutdown complete
