=== Continuous Smart Meter Server 46 ===
Initializing for continuous operation...
SEAL context initialized
Loaded certificate: smart-meter-046
Requesting public keys from KDC...
[2025-12-10 07:56:02] NETWORK ERROR: Failed to connect to 127.0.0.1:8444: Connection refused
Error: Failed to connect to KDC at 127.0.0.1:8444
Error: Failed to send key request to KDC
Failed to obtain keys from KDC, falling back to file keys
Loaded keys from fallback files
Cryptographic components initialized
[2025-12-10 07:56:02] NETWORK INFO: Server socket created and listening on port 9046
✓ Smart meter server ready on port 9046
Data transmission interval: 20 seconds (15x accelerated - simulates 5min)
✓ Performance metrics CSV files initialized in performance_data/
Starting continuous smart meter operation...
Press Ctrl+C to stop gracefully
Data generation thread started
Network server thread started on port 9046
[2025-12-10 07:56:05] NETWORK INFO: Server authentication successful for node: aggregator-001
✓ Aggregator connected: aggregator-001 from 127.0.0.1
[2025-12-10 07:56:22] Meter 46: Generated 4.348 kWh (encrypted: 334271 bytes, 5.113 ms)
✓ Sent 334271 bytes to aggregator-001 (0.67ms)
Session completed with aggregator-001
[2025-12-10 07:56:42] Meter 46: Generated 6.365 kWh (encrypted: 334318 bytes, 4.271 ms)
[2025-12-10 07:57:02] Meter 46: Generated 2.352 kWh (encrypted: 334405 bytes, 4.306 ms)
[2025-12-10 07:57:15] NETWORK INFO: Server authentication successful for node: aggregator-001
✓ Aggregator connected: aggregator-001 from 127.0.0.1
✓ Sent 334405 bytes to aggregator-001 (0.34ms)
Session completed with aggregator-001
[2025-12-10 07:57:22] Meter 46: Generated 6.417 kWh (encrypted: 334427 bytes, 4.275 ms)
[2025-12-10 07:57:42] Meter 46: Generated 6.487 kWh (encrypted: 334265 bytes, 4.361 ms)
[2025-12-10 07:58:02] Meter 46: Generated 1.599 kWh (encrypted: 334407 bytes, 4.370 ms)
[2025-12-10 07:58:22] Meter 46: Generated 4.059 kWh (encrypted: 334287 bytes, 5.746 ms)
[2025-12-10 07:58:25] NETWORK INFO: Server authentication successful for node: aggregator-001
✓ Aggregator connected: aggregator-001 from 127.0.0.1
✓ Sent 334287 bytes to aggregator-001 (0.36ms)
Session completed with aggregator-001
[2025-12-10 07:58:42] Meter 46: Generated 2.170 kWh (encrypted: 334146 bytes, 4.608 ms)
[2025-12-10 07:59:02] Meter 46: Generated 7.242 kWh (encrypted: 334546 bytes, 4.588 ms)
[2025-12-10 07:59:22] Meter 46: Generated 6.777 kWh (encrypted: 334295 bytes, 4.727 ms)
[2025-12-10 07:59:26] NETWORK INFO: Server authentication successful for node: aggregator-001
✓ Aggregator connected: aggregator-001 from 127.0.0.1
✓ Sent 334295 bytes to aggregator-001 (0.36ms)
Session completed with aggregator-001
[2025-12-10 07:59:42] Meter 46: Generated 6.461 kWh (encrypted: 334466 bytes, 4.548 ms)
[2025-12-10 08:00:02] Meter 46: Generated 4.842 kWh (encrypted: 334060 bytes, 4.682 ms)
[2025-12-10 08:00:22] Meter 46: Generated 6.032 kWh (encrypted: 334407 bytes, 4.816 ms)
[2025-12-10 08:00:28] NETWORK INFO: Server authentication successful for node: aggregator-001
✓ Aggregator connected: aggregator-001 from 127.0.0.1
✓ Sent 334407 bytes to aggregator-001 (0.89ms)
Session completed with aggregator-001
[2025-12-10 08:00:42] Meter 46: Generated 1.758 kWh (encrypted: 334445 bytes, 4.664 ms)
[2025-12-10 08:01:02] Meter 46: Generated 7.356 kWh (encrypted: 334482 bytes, 4.430 ms)
[2025-12-10 08:01:22] Meter 46: Generated 5.467 kWh (encrypted: 334055 bytes, 4.637 ms)
[2025-12-10 08:01:31] NETWORK INFO: Server authentication successful for node: aggregator-001
✓ Aggregator connected: aggregator-001 from 127.0.0.1
✓ Sent 334055 bytes to aggregator-001 (0.42ms)
Session completed with aggregator-001
[2025-12-10 08:01:42] Meter 46: Generated 5.114 kWh (encrypted: 334362 bytes, 4.671 ms)
[2025-12-10 08:02:02] Meter 46: Generated 2.764 kWh (encrypted: 334357 bytes, 4.760 ms)
[2025-12-10 08:02:22] Meter 46: Generated 2.311 kWh (encrypted: 334116 bytes, 4.683 ms)
[2025-12-10 08:02:33] NETWORK INFO: Server authentication successful for node: aggregator-001
✓ Aggregator connected: aggregator-001 from 127.0.0.1
✓ Sent 334116 bytes to aggregator-001 (0.35ms)
Session completed with aggregator-001
[2025-12-10 08:02:42] Meter 46: Generated 6.230 kWh (encrypted: 334198 bytes, 4.794 ms)
[2025-12-10 08:03:02] Meter 46: Generated 2.003 kWh (encrypted: 334410 bytes, 4.759 ms)
[2025-12-10 08:03:22] Meter 46: Generated 3.831 kWh (encrypted: 334383 bytes, 4.482 ms)
[2025-12-10 08:03:36] NETWORK INFO: Server authentication successful for node: aggregator-001
✓ Aggregator connected: aggregator-001 from 127.0.0.1
✓ Sent 334383 bytes to aggregator-001 (5.89ms)
Session completed with aggregator-001
[2025-12-10 08:03:42] Meter 46: Generated 2.477 kWh (encrypted: 334173 bytes, 4.657 ms)
[2025-12-10 08:04:02] Meter 46: Generated 6.103 kWh (encrypted: 334115 bytes, 6.020 ms)
[2025-12-10 08:04:22] Meter 46: Generated 5.256 kWh (encrypted: 334282 bytes, 4.634 ms)
[2025-12-10 08:04:39] NETWORK INFO: Server authentication successful for node: aggregator-001
✓ Aggregator connected: aggregator-001 from 127.0.0.1
✓ Sent 334282 bytes to aggregator-001 (3.47ms)
Session completed with aggregator-001
[2025-12-10 08:04:42] Meter 46: Generated 5.330 kWh (encrypted: 334235 bytes, 4.424 ms)
[2025-12-10 08:05:02] Meter 46: Generated 3.580 kWh (encrypted: 334417 bytes, 4.693 ms)
[2025-12-10 08:05:22] Meter 46: Generated 1.332 kWh (encrypted: 334332 bytes, 4.288 ms)
[2025-12-10 08:05:42] Meter 46: Generated 3.136 kWh (encrypted: 334334 bytes, 6.075 ms)
[2025-12-10 08:05:44] NETWORK INFO: Server authentication successful for node: aggregator-001
✓ Aggregator connected: aggregator-001 from 127.0.0.1
✓ Sent 334334 bytes to aggregator-001 (0.49ms)
Session completed with aggregator-001
[2025-12-10 08:06:02] Meter 46: Generated 5.367 kWh (encrypted: 334022 bytes, 4.626 ms)
[2025-12-10 08:06:22] Meter 46: Generated 6.122 kWh (encrypted: 334015 bytes, 6.399 ms)
[2025-12-10 08:06:42] Meter 46: Generated 3.610 kWh (encrypted: 334053 bytes, 4.487 ms)
[2025-12-10 08:06:50] NETWORK INFO: Server authentication successful for node: aggregator-001
✓ Aggregator connected: aggregator-001 from 127.0.0.1
✓ Sent 334053 bytes to aggregator-001 (0.42ms)
Session completed with aggregator-001
[2025-12-10 08:07:02] Meter 46: Generated 5.674 kWh (encrypted: 334404 bytes, 6.605 ms)
[2025-12-10 08:07:22] Meter 46: Generated 6.631 kWh (encrypted: 334055 bytes, 6.381 ms)
[2025-12-10 08:07:42] Meter 46: Generated 3.543 kWh (encrypted: 334293 bytes, 4.697 ms)
[2025-12-10 08:07:56] NETWORK INFO: Server authentication successful for node: aggregator-001
✓ Aggregator connected: aggregator-001 from 127.0.0.1
✓ Sent 334293 bytes to aggregator-001 (2.59ms)
Session completed with aggregator-001
[2025-12-10 08:08:02] Meter 46: Generated 1.235 kWh (encrypted: 334455 bytes, 4.716 ms)
[2025-12-10 08:08:22] Meter 46: Generated 1.891 kWh (encrypted: 334313 bytes, 4.472 ms)
[2025-12-10 08:08:42] Meter 46: Generated 7.331 kWh (encrypted: 334460 bytes, 5.964 ms)
[2025-12-10 08:09:01] NETWORK INFO: Server authentication successful for node: aggregator-001
✓ Aggregator connected: aggregator-001 from 127.0.0.1
✓ Sent 334460 bytes to aggregator-001 (0.37ms)
Session completed with aggregator-001
[2025-12-10 08:09:02] Meter 46: Generated 3.567 kWh (encrypted: 334065 bytes, 8.432 ms)
[2025-12-10 08:09:22] Meter 46: Generated 4.635 kWh (encrypted: 334317 bytes, 7.141 ms)
[2025-12-10 08:09:42] Meter 46: Generated 3.869 kWh (encrypted: 334126 bytes, 4.524 ms)
[2025-12-10 08:10:02] Meter 46: Generated 5.101 kWh (encrypted: 334331 bytes, 6.925 ms)
[2025-12-10 08:10:06] NETWORK INFO: Server authentication successful for node: aggregator-001
✓ Aggregator connected: aggregator-001 from 127.0.0.1
✓ Sent 334331 bytes to aggregator-001 (33.14ms)
Session completed with aggregator-001
[2025-12-10 08:10:22] Meter 46: Generated 7.378 kWh (encrypted: 334430 bytes, 4.766 ms)
[2025-12-10 08:10:42] Meter 46: Generated 5.903 kWh (encrypted: 334475 bytes, 4.781 ms)
[2025-12-10 08:11:02] Meter 46: Generated 0.971 kWh (encrypted: 334407 bytes, 6.582 ms)
[2025-12-10 08:11:12] NETWORK INFO: Server authentication successful for node: aggregator-001
✓ Aggregator connected: aggregator-001 from 127.0.0.1
✓ Sent 334407 bytes to aggregator-001 (0.36ms)
Session completed with aggregator-001
[2025-12-10 08:11:22] Meter 46: Generated 1.832 kWh (encrypted: 334136 bytes, 6.465 ms)
[2025-12-10 08:11:42] Meter 46: Generated 5.322 kWh (encrypted: 334247 bytes, 4.533 ms)
[2025-12-10 08:12:02] Meter 46: Generated 2.953 kWh (encrypted: 334124 bytes, 5.184 ms)
[2025-12-10 08:12:17] NETWORK INFO: Server authentication successful for node: aggregator-001
✓ Aggregator connected: aggregator-001 from 127.0.0.1
✓ Sent 334124 bytes to aggregator-001 (0.40ms)
Session completed with aggregator-001
[2025-12-10 08:12:22] Meter 46: Generated 3.878 kWh (encrypted: 334382 bytes, 6.994 ms)

Received shutdown signal. Gracefully shutting down smart meter...
Network server thread stopped

Received shutdown signal. Gracefully shutting down smart meter...
Data generation thread stopped
Smart meter 46 shutdown complete
