=== Continuous Smart Meter Server 319 ===
Initializing for continuous operation...
SEAL context initialized
Loaded certificate: smart-meter-319
Requesting public keys from KDC...
[2025-12-10 08:01:37] NETWORK ERROR: Failed to connect to 127.0.0.1:8444: Connection refused
Error: Failed to connect to KDC at 127.0.0.1:8444
Error: Failed to send key request to KDC
Failed to obtain keys from KDC, falling back to file keys
Loaded keys from fallback files
Cryptographic components initialized
[2025-12-10 08:01:37] NETWORK INFO: Server socket created and listening on port 9319
✓ Smart meter server ready on port 9319
Data transmission interval: 20 seconds (15x accelerated - simulates 5min)
✓ Performance metrics CSV files initialized in performance_data/
Starting continuous smart meter operation...
Press Ctrl+C to stop gracefully
Data generation thread started
Network server thread started on port 9319
[2025-12-10 08:01:57] Meter 319: Generated 2.640 kWh (encrypted: 334366 bytes, 5.048 ms)
[2025-12-10 08:02:17] Meter 319: Generated 4.964 kWh (encrypted: 334351 bytes, 4.773 ms)
[2025-12-10 08:02:33] NETWORK INFO: Server authentication successful for node: aggregator-001
✓ Aggregator connected: aggregator-001 from 127.0.0.1
✓ Sent 334351 bytes to aggregator-001 (13.43ms)
Session completed with aggregator-001
[2025-12-10 08:02:37] Meter 319: Generated 4.249 kWh (encrypted: 334323 bytes, 4.631 ms)
[2025-12-10 08:02:57] Meter 319: Generated 6.653 kWh (encrypted: 334274 bytes, 4.593 ms)
[2025-12-10 08:03:17] Meter 319: Generated 6.691 kWh (encrypted: 334362 bytes, 4.630 ms)
[2025-12-10 08:03:36] NETWORK INFO: Server authentication successful for node: aggregator-001
✓ Aggregator connected: aggregator-001 from 127.0.0.1
✓ Sent 334362 bytes to aggregator-001 (0.37ms)
Session completed with aggregator-001
[2025-12-10 08:03:37] Meter 319: Generated 5.974 kWh (encrypted: 334457 bytes, 6.847 ms)
[2025-12-10 08:03:57] Meter 319: Generated 3.663 kWh (encrypted: 334309 bytes, 4.493 ms)
[2025-12-10 08:04:17] Meter 319: Generated 3.768 kWh (encrypted: 334289 bytes, 4.609 ms)
[2025-12-10 08:04:37] Meter 319: Generated 6.782 kWh (encrypted: 334564 bytes, 5.430 ms)
[2025-12-10 08:04:39] NETWORK INFO: Server authentication successful for node: aggregator-001
✓ Aggregator connected: aggregator-001 from 127.0.0.1
✓ Sent 334564 bytes to aggregator-001 (0.35ms)
Session completed with aggregator-001
[2025-12-10 08:04:57] Meter 319: Generated 3.813 kWh (encrypted: 334337 bytes, 4.625 ms)
[2025-12-10 08:05:17] Meter 319: Generated 4.780 kWh (encrypted: 334367 bytes, 4.531 ms)
[2025-12-10 08:05:37] Meter 319: Generated 5.186 kWh (encrypted: 334105 bytes, 4.652 ms)
[2025-12-10 08:05:44] NETWORK INFO: Server authentication successful for node: aggregator-001
✓ Aggregator connected: aggregator-001 from 127.0.0.1
✓ Sent 334105 bytes to aggregator-001 (18.71ms)
Session completed with aggregator-001
[2025-12-10 08:05:57] Meter 319: Generated 0.848 kWh (encrypted: 333796 bytes, 4.345 ms)
[2025-12-10 08:06:17] Meter 319: Generated 3.845 kWh (encrypted: 334336 bytes, 9.728 ms)
[2025-12-10 08:06:37] Meter 319: Generated 1.693 kWh (encrypted: 334417 bytes, 4.393 ms)
[2025-12-10 08:06:50] NETWORK INFO: Server authentication successful for node: aggregator-001
✓ Aggregator connected: aggregator-001 from 127.0.0.1
✓ Sent 334417 bytes to aggregator-001 (0.39ms)
Session completed with aggregator-001
[2025-12-10 08:06:57] Meter 319: Generated 2.842 kWh (encrypted: 334474 bytes, 5.653 ms)
[2025-12-10 08:07:17] Meter 319: Generated 5.553 kWh (encrypted: 334325 bytes, 6.741 ms)
[2025-12-10 08:07:37] Meter 319: Generated 3.059 kWh (encrypted: 334460 bytes, 4.369 ms)
[2025-12-10 08:07:56] NETWORK INFO: Server authentication successful for node: aggregator-001
✓ Aggregator connected: aggregator-001 from 127.0.0.1
✓ Sent 334460 bytes to aggregator-001 (0.47ms)
Session completed with aggregator-001
[2025-12-10 08:07:57] Meter 319: Generated 6.591 kWh (encrypted: 334445 bytes, 5.458 ms)
[2025-12-10 08:08:17] Meter 319: Generated 7.153 kWh (encrypted: 334405 bytes, 6.438 ms)
[2025-12-10 08:08:38] Meter 319: Generated 3.561 kWh (encrypted: 334262 bytes, 4.443 ms)
[2025-12-10 08:08:58] Meter 319: Generated 2.050 kWh (encrypted: 334213 bytes, 4.850 ms)
[2025-12-10 08:09:01] NETWORK INFO: Server authentication successful for node: aggregator-001
✓ Aggregator connected: aggregator-001 from 127.0.0.1
✓ Sent 334213 bytes to aggregator-001 (1.28ms)
Session completed with aggregator-001
[2025-12-10 08:09:18] Meter 319: Generated 3.108 kWh (encrypted: 333805 bytes, 4.661 ms)
[2025-12-10 08:09:38] Meter 319: Generated 1.006 kWh (encrypted: 334158 bytes, 12.116 ms)
[2025-12-10 08:09:58] Meter 319: Generated 2.063 kWh (encrypted: 334185 bytes, 4.772 ms)
[2025-12-10 08:10:06] NETWORK INFO: Server authentication successful for node: aggregator-001
✓ Aggregator connected: aggregator-001 from 127.0.0.1
✓ Sent 334185 bytes to aggregator-001 (67.88ms)
Session completed with aggregator-001
[2025-12-10 08:10:18] Meter 319: Generated 3.157 kWh (encrypted: 334358 bytes, 9.943 ms)
[2025-12-10 08:10:38] Meter 319: Generated 6.667 kWh (encrypted: 334185 bytes, 6.759 ms)
[2025-12-10 08:10:58] Meter 319: Generated 3.917 kWh (encrypted: 334299 bytes, 6.786 ms)
[2025-12-10 08:11:12] NETWORK INFO: Server authentication successful for node: aggregator-001
✓ Aggregator connected: aggregator-001 from 127.0.0.1
✓ Sent 334299 bytes to aggregator-001 (0.36ms)
Session completed with aggregator-001
[2025-12-10 08:11:18] Meter 319: Generated 1.366 kWh (encrypted: 334414 bytes, 6.324 ms)
[2025-12-10 08:11:38] Meter 319: Generated 1.109 kWh (encrypted: 334406 bytes, 6.428 ms)
[2025-12-10 08:11:58] Meter 319: Generated 2.706 kWh (encrypted: 334345 bytes, 5.830 ms)
[2025-12-10 08:12:17] NETWORK INFO: Server authentication successful for node: aggregator-001
✓ Aggregator connected: aggregator-001 from 127.0.0.1
✓ Sent 334345 bytes to aggregator-001 (4.52ms)
Session completed with aggregator-001
[2025-12-10 08:12:18] Meter 319: Generated 3.410 kWh (encrypted: 333981 bytes, 6.320 ms)

Received shutdown signal. Gracefully shutting down smart meter...
Network server thread stopped
Data generation thread stopped
Smart meter 319 shutdown complete
