=== Continuous Smart Meter Server 321 ===
Initializing for continuous operation...
SEAL context initialized
Loaded certificate: smart-meter-321
Requesting public keys from KDC...
[2025-12-10 08:01:40] NETWORK ERROR: Failed to connect to 127.0.0.1:8444: Connection refused
Error: Failed to connect to KDC at 127.0.0.1:8444
Error: Failed to send key request to KDC
Failed to obtain keys from KDC, falling back to file keys
Loaded keys from fallback files
Cryptographic components initialized
[2025-12-10 08:01:40] NETWORK INFO: Server socket created and listening on port 9321
✓ Smart meter server ready on port 9321
Data transmission interval: 20 seconds (15x accelerated - simulates 5min)
✓ Performance metrics CSV files initialized in performance_data/
Starting continuous smart meter operation...
Press Ctrl+C to stop gracefully
Data generation thread started
Network server thread started on port 9321
[2025-12-10 08:02:00] Meter 321: Generated 1.789 kWh (encrypted: 334207 bytes, 7.105 ms)
[2025-12-10 08:02:20] Meter 321: Generated 1.178 kWh (encrypted: 334033 bytes, 6.526 ms)
[2025-12-10 08:02:33] NETWORK INFO: Server authentication successful for node: aggregator-001
✓ Aggregator connected: aggregator-001 from 127.0.0.1
✓ Sent 334033 bytes to aggregator-001 (0.76ms)
Session completed with aggregator-001
[2025-12-10 08:02:40] Meter 321: Generated 1.093 kWh (encrypted: 334471 bytes, 4.962 ms)
[2025-12-10 08:03:00] Meter 321: Generated 4.910 kWh (encrypted: 334465 bytes, 5.002 ms)
[2025-12-10 08:03:20] Meter 321: Generated 4.268 kWh (encrypted: 334423 bytes, 5.512 ms)
[2025-12-10 08:03:36] NETWORK INFO: Server authentication successful for node: aggregator-001
✓ Aggregator connected: aggregator-001 from 127.0.0.1
✓ Sent 334423 bytes to aggregator-001 (0.42ms)
Session completed with aggregator-001
[2025-12-10 08:03:40] Meter 321: Generated 6.350 kWh (encrypted: 334297 bytes, 4.882 ms)
[2025-12-10 08:04:00] Meter 321: Generated 6.595 kWh (encrypted: 334415 bytes, 4.346 ms)
[2025-12-10 08:04:20] Meter 321: Generated 6.592 kWh (encrypted: 334474 bytes, 4.695 ms)
[2025-12-10 08:04:40] NETWORK INFO: Server authentication successful for node: aggregator-001
✓ Aggregator connected: aggregator-001 from 127.0.0.1
✓ Sent 334474 bytes to aggregator-001 (0.43ms)
Session completed with aggregator-001
[2025-12-10 08:04:40] Meter 321: Generated 5.647 kWh (encrypted: 334201 bytes, 4.756 ms)
[2025-12-10 08:05:00] Meter 321: Generated 2.904 kWh (encrypted: 334363 bytes, 6.309 ms)
[2025-12-10 08:05:20] Meter 321: Generated 3.285 kWh (encrypted: 334424 bytes, 6.871 ms)
[2025-12-10 08:05:40] Meter 321: Generated 1.778 kWh (encrypted: 334464 bytes, 4.545 ms)
[2025-12-10 08:05:44] NETWORK INFO: Server authentication successful for node: aggregator-001
✓ Aggregator connected: aggregator-001 from 127.0.0.1
✓ Sent 334464 bytes to aggregator-001 (0.39ms)
Session completed with aggregator-001
[2025-12-10 08:06:00] Meter 321: Generated 4.163 kWh (encrypted: 334427 bytes, 7.050 ms)
[2025-12-10 08:06:20] Meter 321: Generated 7.488 kWh (encrypted: 334454 bytes, 7.172 ms)
[2025-12-10 08:06:40] Meter 321: Generated 3.163 kWh (encrypted: 334538 bytes, 5.188 ms)
[2025-12-10 08:06:50] NETWORK INFO: Server authentication successful for node: aggregator-001
✓ Aggregator connected: aggregator-001 from 127.0.0.1
✓ Sent 334538 bytes to aggregator-001 (0.38ms)
Session completed with aggregator-001
[2025-12-10 08:07:00] Meter 321: Generated 7.500 kWh (encrypted: 334407 bytes, 6.500 ms)
[2025-12-10 08:07:20] Meter 321: Generated 2.907 kWh (encrypted: 334369 bytes, 6.655 ms)
[2025-12-10 08:07:40] Meter 321: Generated 4.695 kWh (encrypted: 334345 bytes, 5.763 ms)
[2025-12-10 08:07:56] NETWORK INFO: Server authentication successful for node: aggregator-001
✓ Aggregator connected: aggregator-001 from 127.0.0.1
✓ Sent 334345 bytes to aggregator-001 (0.36ms)
Session completed with aggregator-001
[2025-12-10 08:08:00] Meter 321: Generated 5.262 kWh (encrypted: 334371 bytes, 6.210 ms)
[2025-12-10 08:08:20] Meter 321: Generated 4.796 kWh (encrypted: 334284 bytes, 9.193 ms)
[2025-12-10 08:08:40] Meter 321: Generated 6.825 kWh (encrypted: 333957 bytes, 5.810 ms)
[2025-12-10 08:09:00] Meter 321: Generated 7.313 kWh (encrypted: 334104 bytes, 5.785 ms)
[2025-12-10 08:09:01] NETWORK INFO: Server authentication successful for node: aggregator-001
✓ Aggregator connected: aggregator-001 from 127.0.0.1
✓ Sent 334104 bytes to aggregator-001 (0.38ms)
Session completed with aggregator-001
[2025-12-10 08:09:20] Meter 321: Generated 2.697 kWh (encrypted: 333341 bytes, 6.886 ms)
[2025-12-10 08:09:40] Meter 321: Generated 4.037 kWh (encrypted: 334071 bytes, 6.911 ms)
[2025-12-10 08:10:00] Meter 321: Generated 1.308 kWh (encrypted: 334383 bytes, 7.204 ms)
[2025-12-10 08:10:06] NETWORK INFO: Server authentication successful for node: aggregator-001
✓ Aggregator connected: aggregator-001 from 127.0.0.1
✓ Sent 334383 bytes to aggregator-001 (0.36ms)
Session completed with aggregator-001
[2025-12-10 08:10:20] Meter 321: Generated 3.876 kWh (encrypted: 334285 bytes, 4.417 ms)
[2025-12-10 08:10:40] Meter 321: Generated 6.108 kWh (encrypted: 334103 bytes, 6.772 ms)
[2025-12-10 08:11:00] Meter 321: Generated 4.656 kWh (encrypted: 334062 bytes, 4.339 ms)
[2025-12-10 08:11:12] NETWORK INFO: Server authentication successful for node: aggregator-001
✓ Aggregator connected: aggregator-001 from 127.0.0.1
✓ Sent 334062 bytes to aggregator-001 (4.45ms)
Session completed with aggregator-001
[2025-12-10 08:11:20] Meter 321: Generated 4.833 kWh (encrypted: 334327 bytes, 6.657 ms)
[2025-12-10 08:11:40] Meter 321: Generated 1.399 kWh (encrypted: 334035 bytes, 4.522 ms)
[2025-12-10 08:12:00] Meter 321: Generated 2.325 kWh (encrypted: 334408 bytes, 4.483 ms)
[2025-12-10 08:12:17] NETWORK INFO: Server authentication successful for node: aggregator-001
✓ Aggregator connected: aggregator-001 from 127.0.0.1
✓ Sent 334408 bytes to aggregator-001 (0.83ms)
Session completed with aggregator-001
[2025-12-10 08:12:20] Meter 321: Generated 5.026 kWh (encrypted: 334427 bytes, 6.577 ms)

Received shutdown signal. Gracefully shutting down smart meter...
Network server thread stopped
Data generation thread stopped
Smart meter 321 shutdown complete
