=== Continuous Smart Meter Server 294 ===
Initializing for continuous operation...
SEAL context initialized
Loaded certificate: smart-meter-294
Requesting public keys from KDC...
[2025-12-10 08:01:06] NETWORK ERROR: Failed to connect to 127.0.0.1:8444: Connection refused
Error: Failed to connect to KDC at 127.0.0.1:8444
Error: Failed to send key request to KDC
Failed to obtain keys from KDC, falling back to file keys
Loaded keys from fallback files
Cryptographic components initialized
[2025-12-10 08:01:06] NETWORK INFO: Server socket created and listening on port 9294
✓ Smart meter server ready on port 9294
Data transmission interval: 20 seconds (15x accelerated - simulates 5min)
✓ Performance metrics CSV files initialized in performance_data/
Starting continuous smart meter operation...
Press Ctrl+C to stop gracefully
Data generation thread started
Network server thread started on port 9294
[2025-12-10 08:01:26] Meter 294: Generated 5.440 kWh (encrypted: 334325 bytes, 5.293 ms)
[2025-12-10 08:01:31] NETWORK INFO: Server authentication successful for node: aggregator-001
✓ Aggregator connected: aggregator-001 from 127.0.0.1
✓ Sent 334325 bytes to aggregator-001 (0.71ms)
Session completed with aggregator-001
[2025-12-10 08:01:46] Meter 294: Generated 6.183 kWh (encrypted: 334184 bytes, 4.757 ms)
[2025-12-10 08:02:06] Meter 294: Generated 1.105 kWh (encrypted: 333693 bytes, 4.581 ms)
[2025-12-10 08:02:26] Meter 294: Generated 4.272 kWh (encrypted: 334117 bytes, 6.140 ms)
[2025-12-10 08:02:33] NETWORK INFO: Server authentication successful for node: aggregator-001
✓ Aggregator connected: aggregator-001 from 127.0.0.1
✓ Sent 334117 bytes to aggregator-001 (0.43ms)
Session completed with aggregator-001
[2025-12-10 08:02:46] Meter 294: Generated 6.934 kWh (encrypted: 334399 bytes, 4.719 ms)
[2025-12-10 08:03:06] Meter 294: Generated 5.286 kWh (encrypted: 334193 bytes, 4.907 ms)
[2025-12-10 08:03:26] Meter 294: Generated 5.058 kWh (encrypted: 334443 bytes, 4.766 ms)
[2025-12-10 08:03:36] NETWORK INFO: Server authentication successful for node: aggregator-001
✓ Aggregator connected: aggregator-001 from 127.0.0.1
✓ Sent 334443 bytes to aggregator-001 (0.38ms)
Session completed with aggregator-001
[2025-12-10 08:03:46] Meter 294: Generated 6.893 kWh (encrypted: 334348 bytes, 4.948 ms)
[2025-12-10 08:04:06] Meter 294: Generated 2.622 kWh (encrypted: 334275 bytes, 4.403 ms)
[2025-12-10 08:04:26] Meter 294: Generated 7.563 kWh (encrypted: 334490 bytes, 4.544 ms)
[2025-12-10 08:04:39] NETWORK INFO: Server authentication successful for node: aggregator-001
✓ Aggregator connected: aggregator-001 from 127.0.0.1
✓ Sent 334490 bytes to aggregator-001 (0.36ms)
Session completed with aggregator-001
[2025-12-10 08:04:46] Meter 294: Generated 5.625 kWh (encrypted: 334391 bytes, 4.637 ms)
[2025-12-10 08:05:06] Meter 294: Generated 1.093 kWh (encrypted: 334346 bytes, 4.551 ms)
[2025-12-10 08:05:26] Meter 294: Generated 5.969 kWh (encrypted: 334019 bytes, 4.665 ms)
[2025-12-10 08:05:44] NETWORK INFO: Server authentication successful for node: aggregator-001
✓ Aggregator connected: aggregator-001 from 127.0.0.1
✓ Sent 334019 bytes to aggregator-001 (0.63ms)
Session completed with aggregator-001
[2025-12-10 08:05:46] Meter 294: Generated 6.856 kWh (encrypted: 334395 bytes, 4.293 ms)
[2025-12-10 08:06:06] Meter 294: Generated 3.384 kWh (encrypted: 333824 bytes, 4.533 ms)
[2025-12-10 08:06:26] Meter 294: Generated 5.750 kWh (encrypted: 334191 bytes, 4.384 ms)
[2025-12-10 08:06:46] Meter 294: Generated 1.255 kWh (encrypted: 334428 bytes, 12.809 ms)
[2025-12-10 08:06:50] NETWORK INFO: Server authentication successful for node: aggregator-001
✓ Aggregator connected: aggregator-001 from 127.0.0.1
✓ Sent 334428 bytes to aggregator-001 (0.37ms)
Session completed with aggregator-001
[2025-12-10 08:07:06] Meter 294: Generated 5.450 kWh (encrypted: 334292 bytes, 5.336 ms)
[2025-12-10 08:07:26] Meter 294: Generated 6.601 kWh (encrypted: 334224 bytes, 5.306 ms)
[2025-12-10 08:07:46] Meter 294: Generated 3.429 kWh (encrypted: 334283 bytes, 4.298 ms)
[2025-12-10 08:07:56] NETWORK INFO: Server authentication successful for node: aggregator-001
✓ Aggregator connected: aggregator-001 from 127.0.0.1
✓ Sent 334283 bytes to aggregator-001 (0.38ms)
Session completed with aggregator-001
[2025-12-10 08:08:06] Meter 294: Generated 2.374 kWh (encrypted: 334418 bytes, 6.382 ms)
[2025-12-10 08:08:26] Meter 294: Generated 0.924 kWh (encrypted: 334094 bytes, 4.833 ms)
[2025-12-10 08:08:46] Meter 294: Generated 6.099 kWh (encrypted: 334469 bytes, 4.526 ms)
[2025-12-10 08:09:01] NETWORK INFO: Server authentication successful for node: aggregator-001
✓ Aggregator connected: aggregator-001 from 127.0.0.1
✓ Sent 334469 bytes to aggregator-001 (0.36ms)
Session completed with aggregator-001
[2025-12-10 08:09:06] Meter 294: Generated 3.390 kWh (encrypted: 334437 bytes, 6.587 ms)
[2025-12-10 08:09:26] Meter 294: Generated 7.370 kWh (encrypted: 334387 bytes, 4.977 ms)
[2025-12-10 08:09:47] Meter 294: Generated 4.429 kWh (encrypted: 334454 bytes, 4.513 ms)
[2025-12-10 08:10:06] NETWORK INFO: Server authentication successful for node: aggregator-001
✓ Aggregator connected: aggregator-001 from 127.0.0.1
✓ Sent 334454 bytes to aggregator-001 (0.42ms)
Session completed with aggregator-001
[2025-12-10 08:10:07] Meter 294: Generated 1.289 kWh (encrypted: 334115 bytes, 4.596 ms)
[2025-12-10 08:10:27] Meter 294: Generated 6.576 kWh (encrypted: 334338 bytes, 6.551 ms)
[2025-12-10 08:10:47] Meter 294: Generated 7.344 kWh (encrypted: 334466 bytes, 4.784 ms)
[2025-12-10 08:11:07] Meter 294: Generated 1.631 kWh (encrypted: 334491 bytes, 6.680 ms)
[2025-12-10 08:11:12] NETWORK INFO: Server authentication successful for node: aggregator-001
✓ Aggregator connected: aggregator-001 from 127.0.0.1
✓ Sent 334491 bytes to aggregator-001 (0.37ms)
Session completed with aggregator-001
[2025-12-10 08:11:27] Meter 294: Generated 7.192 kWh (encrypted: 334443 bytes, 9.705 ms)
[2025-12-10 08:11:47] Meter 294: Generated 3.000 kWh (encrypted: 334388 bytes, 5.608 ms)
[2025-12-10 08:12:07] Meter 294: Generated 2.836 kWh (encrypted: 334057 bytes, 6.497 ms)
[2025-12-10 08:12:17] NETWORK INFO: Server authentication successful for node: aggregator-001
✓ Aggregator connected: aggregator-001 from 127.0.0.1
✓ Sent 334057 bytes to aggregator-001 (0.84ms)
Session completed with aggregator-001
[2025-12-10 08:12:27] Meter 294: Generated 4.093 kWh (encrypted: 334272 bytes, 7.538 ms)

Received shutdown signal. Gracefully shutting down smart meter...
Network server thread stopped
Data generation thread stopped
Smart meter 294 shutdown complete
