=== Continuous Smart Meter Server 406 ===
Initializing for continuous operation...
SEAL context initialized
Loaded certificate: smart-meter-406
Requesting public keys from KDC...
[2025-12-10 08:03:26] NETWORK ERROR: Failed to connect to 127.0.0.1:8444: Connection refused
Error: Failed to connect to KDC at 127.0.0.1:8444
Error: Failed to send key request to KDC
Failed to obtain keys from KDC, falling back to file keys
Loaded keys from fallback files
Cryptographic components initialized
[2025-12-10 08:03:26] NETWORK INFO: Server socket created and listening on port 9406
✓ Smart meter server ready on port 9406
Data transmission interval: 20 seconds (15x accelerated - simulates 5min)
✓ Performance metrics CSV files initialized in performance_data/
Starting continuous smart meter operation...
Press Ctrl+C to stop gracefully
Data generation thread started
Network server thread started on port 9406
[2025-12-10 08:03:36] NETWORK INFO: Server authentication successful for node: aggregator-001
✓ Aggregator connected: aggregator-001 from 127.0.0.1
[2025-12-10 08:03:46] Meter 406: Generated 3.750 kWh (encrypted: 334181 bytes, 5.143 ms)
✓ Sent 334181 bytes to aggregator-001 (0.73ms)
Session completed with aggregator-001
[2025-12-10 08:04:06] Meter 406: Generated 6.660 kWh (encrypted: 334257 bytes, 4.476 ms)
[2025-12-10 08:04:26] Meter 406: Generated 1.768 kWh (encrypted: 334379 bytes, 4.702 ms)
[2025-12-10 08:04:40] NETWORK INFO: Server authentication successful for node: aggregator-001
✓ Aggregator connected: aggregator-001 from 127.0.0.1
✓ Sent 334379 bytes to aggregator-001 (0.40ms)
Session completed with aggregator-001
[2025-12-10 08:04:46] Meter 406: Generated 4.223 kWh (encrypted: 334470 bytes, 4.343 ms)
[2025-12-10 08:05:06] Meter 406: Generated 5.027 kWh (encrypted: 334489 bytes, 4.665 ms)
[2025-12-10 08:05:26] Meter 406: Generated 6.800 kWh (encrypted: 334084 bytes, 14.456 ms)
[2025-12-10 08:05:44] NETWORK INFO: Server authentication successful for node: aggregator-001
✓ Aggregator connected: aggregator-001 from 127.0.0.1
✓ Sent 334084 bytes to aggregator-001 (0.36ms)
Session completed with aggregator-001
[2025-12-10 08:05:46] Meter 406: Generated 3.432 kWh (encrypted: 334454 bytes, 4.410 ms)
[2025-12-10 08:06:06] Meter 406: Generated 1.419 kWh (encrypted: 334317 bytes, 6.875 ms)
[2025-12-10 08:06:26] Meter 406: Generated 4.156 kWh (encrypted: 334387 bytes, 7.697 ms)
[2025-12-10 08:06:46] Meter 406: Generated 3.679 kWh (encrypted: 334321 bytes, 25.070 ms)
[2025-12-10 08:06:50] NETWORK INFO: Server authentication successful for node: aggregator-001
✓ Aggregator connected: aggregator-001 from 127.0.0.1
✓ Sent 334321 bytes to aggregator-001 (0.36ms)
Session completed with aggregator-001
[2025-12-10 08:07:06] Meter 406: Generated 5.618 kWh (encrypted: 334194 bytes, 6.644 ms)
[2025-12-10 08:07:26] Meter 406: Generated 5.957 kWh (encrypted: 334243 bytes, 6.330 ms)
[2025-12-10 08:07:46] Meter 406: Generated 2.810 kWh (encrypted: 334265 bytes, 4.336 ms)
[2025-12-10 08:07:56] NETWORK INFO: Server authentication successful for node: aggregator-001
✓ Aggregator connected: aggregator-001 from 127.0.0.1
✓ Sent 334265 bytes to aggregator-001 (0.36ms)
Session completed with aggregator-001
[2025-12-10 08:08:06] Meter 406: Generated 3.822 kWh (encrypted: 334461 bytes, 4.566 ms)
[2025-12-10 08:08:26] Meter 406: Generated 4.239 kWh (encrypted: 334399 bytes, 4.511 ms)
[2025-12-10 08:08:46] Meter 406: Generated 6.487 kWh (encrypted: 334355 bytes, 4.743 ms)
[2025-12-10 08:09:01] NETWORK INFO: Server authentication successful for node: aggregator-001
✓ Aggregator connected: aggregator-001 from 127.0.0.1
✓ Sent 334355 bytes to aggregator-001 (0.35ms)
Session completed with aggregator-001
[2025-12-10 08:09:06] Meter 406: Generated 6.690 kWh (encrypted: 334371 bytes, 6.785 ms)
[2025-12-10 08:09:26] Meter 406: Generated 3.113 kWh (encrypted: 334209 bytes, 4.784 ms)
[2025-12-10 08:09:46] Meter 406: Generated 6.961 kWh (encrypted: 334186 bytes, 9.193 ms)
[2025-12-10 08:10:06] NETWORK INFO: Server authentication successful for node: aggregator-001
✓ Aggregator connected: aggregator-001 from 127.0.0.1
✓ Sent 334186 bytes to aggregator-001 (0.42ms)
Session completed with aggregator-001
[2025-12-10 08:10:06] Meter 406: Generated 0.771 kWh (encrypted: 334439 bytes, 11.793 ms)
[2025-12-10 08:10:26] Meter 406: Generated 2.700 kWh (encrypted: 334135 bytes, 11.885 ms)
[2025-12-10 08:10:46] Meter 406: Generated 5.492 kWh (encrypted: 334192 bytes, 7.545 ms)
[2025-12-10 08:11:06] Meter 406: Generated 4.176 kWh (encrypted: 334330 bytes, 6.917 ms)
[2025-12-10 08:11:12] NETWORK INFO: Server authentication successful for node: aggregator-001
✓ Aggregator connected: aggregator-001 from 127.0.0.1
✓ Sent 334330 bytes to aggregator-001 (0.37ms)
Session completed with aggregator-001
[2025-12-10 08:11:26] Meter 406: Generated 3.033 kWh (encrypted: 334346 bytes, 8.116 ms)
[2025-12-10 08:11:46] Meter 406: Generated 4.159 kWh (encrypted: 334412 bytes, 7.057 ms)
[2025-12-10 08:12:06] Meter 406: Generated 5.996 kWh (encrypted: 334304 bytes, 4.867 ms)
[2025-12-10 08:12:17] NETWORK INFO: Server authentication successful for node: aggregator-001
✓ Aggregator connected: aggregator-001 from 127.0.0.1
✓ Sent 334304 bytes to aggregator-001 (8.38ms)
Session completed with aggregator-001
[2025-12-10 08:12:26] Meter 406: Generated 1.375 kWh (encrypted: 334439 bytes, 7.050 ms)

Received shutdown signal. Gracefully shutting down smart meter...
Network server thread stopped
Data generation thread stopped
Smart meter 406 shutdown complete
