=== Continuous Smart Meter Server 10 ===
Initializing for continuous operation...
SEAL context initialized
Loaded certificate: smart-meter-010
Requesting public keys from KDC...
[2025-12-03 07:40:54] NETWORK ERROR: Failed to connect to 127.0.0.1:8444: Connection refused
Error: Failed to connect to KDC at 127.0.0.1:8444
Error: Failed to send key request to KDC
Failed to obtain keys from KDC, falling back to file keys
Loaded keys from fallback files
Cryptographic components initialized
[2025-12-03 07:40:54] NETWORK INFO: Server socket created and listening on port 9010
✓ Smart meter server ready on port 9010
Data transmission interval: 20 seconds (15x accelerated - simulates 5min)
✓ Performance metrics CSV files initialized in performance_data/
Starting continuous smart meter operation...
Press Ctrl+C to stop gracefully
Data generation thread started
Network server thread started on port 9010
[2025-12-03 07:41:14] Meter 10: Generated 7.033 kWh (encrypted: 333887 bytes, 4.926 ms)
[2025-12-03 07:41:34] Meter 10: Generated 3.229 kWh (encrypted: 334207 bytes, 4.534 ms)
[2025-12-03 07:41:41] NETWORK INFO: Server authentication successful for node: aggregator-001
✓ Aggregator connected: aggregator-001 from 127.0.0.1
✓ Sent 334207 bytes to aggregator-001 (0.62ms)
Session completed with aggregator-001
[2025-12-03 07:41:54] Meter 10: Generated 1.237 kWh (encrypted: 334074 bytes, 4.497 ms)
[2025-12-03 07:42:14] Meter 10: Generated 3.710 kWh (encrypted: 334426 bytes, 4.466 ms)
[2025-12-03 07:42:34] Meter 10: Generated 7.207 kWh (encrypted: 334459 bytes, 4.570 ms)
[2025-12-03 07:42:42] NETWORK INFO: Server authentication successful for node: aggregator-001
✓ Aggregator connected: aggregator-001 from 127.0.0.1
✓ Sent 334459 bytes to aggregator-001 (0.42ms)
Session completed with aggregator-001
[2025-12-03 07:42:54] Meter 10: Generated 1.083 kWh (encrypted: 334392 bytes, 4.661 ms)
[2025-12-03 07:43:14] Meter 10: Generated 0.749 kWh (encrypted: 334315 bytes, 4.512 ms)
[2025-12-03 07:43:34] Meter 10: Generated 3.586 kWh (encrypted: 334269 bytes, 4.485 ms)
[2025-12-03 07:43:42] NETWORK INFO: Server authentication successful for node: aggregator-001
✓ Aggregator connected: aggregator-001 from 127.0.0.1
✓ Sent 334269 bytes to aggregator-001 (0.35ms)
Session completed with aggregator-001
[2025-12-03 07:43:54] Meter 10: Generated 3.616 kWh (encrypted: 333291 bytes, 4.649 ms)
[2025-12-03 07:44:14] Meter 10: Generated 1.229 kWh (encrypted: 334427 bytes, 4.318 ms)
[2025-12-03 07:44:34] Meter 10: Generated 0.875 kWh (encrypted: 334202 bytes, 4.392 ms)
[2025-12-03 07:44:42] NETWORK INFO: Server authentication successful for node: aggregator-001
✓ Aggregator connected: aggregator-001 from 127.0.0.1
✓ Sent 334202 bytes to aggregator-001 (0.36ms)
Session completed with aggregator-001
[2025-12-03 07:44:54] Meter 10: Generated 5.616 kWh (encrypted: 333941 bytes, 4.383 ms)
[2025-12-03 07:45:14] Meter 10: Generated 3.555 kWh (encrypted: 334475 bytes, 4.539 ms)
[2025-12-03 07:45:34] Meter 10: Generated 4.193 kWh (encrypted: 334291 bytes, 5.369 ms)
[2025-12-03 07:45:42] NETWORK INFO: Server authentication successful for node: aggregator-001
✓ Aggregator connected: aggregator-001 from 127.0.0.1
✓ Sent 334291 bytes to aggregator-001 (0.41ms)
Session completed with aggregator-001
[2025-12-03 07:45:54] Meter 10: Generated 3.252 kWh (encrypted: 334350 bytes, 4.378 ms)
[2025-12-03 07:46:14] Meter 10: Generated 0.789 kWh (encrypted: 334362 bytes, 4.560 ms)
[2025-12-03 07:46:34] Meter 10: Generated 1.877 kWh (encrypted: 334392 bytes, 4.515 ms)
[2025-12-03 07:46:43] NETWORK INFO: Server authentication successful for node: aggregator-001
✓ Aggregator connected: aggregator-001 from 127.0.0.1
✓ Sent 334392 bytes to aggregator-001 (0.36ms)
Session completed with aggregator-001
[2025-12-03 07:46:54] Meter 10: Generated 6.269 kWh (encrypted: 334512 bytes, 4.614 ms)
[2025-12-03 07:47:14] Meter 10: Generated 3.930 kWh (encrypted: 334343 bytes, 4.487 ms)
[2025-12-03 07:47:34] Meter 10: Generated 4.139 kWh (encrypted: 333978 bytes, 5.673 ms)
[2025-12-03 07:47:43] NETWORK INFO: Server authentication successful for node: aggregator-001
✓ Aggregator connected: aggregator-001 from 127.0.0.1
✓ Sent 333978 bytes to aggregator-001 (0.42ms)
Session completed with aggregator-001
[2025-12-03 07:47:54] Meter 10: Generated 1.634 kWh (encrypted: 333969 bytes, 4.838 ms)
[2025-12-03 07:48:14] Meter 10: Generated 1.476 kWh (encrypted: 334414 bytes, 4.508 ms)
[2025-12-03 07:48:34] Meter 10: Generated 6.802 kWh (encrypted: 334355 bytes, 4.760 ms)
[2025-12-03 07:48:43] NETWORK INFO: Server authentication successful for node: aggregator-001
✓ Aggregator connected: aggregator-001 from 127.0.0.1
✓ Sent 334355 bytes to aggregator-001 (0.39ms)
Session completed with aggregator-001
[2025-12-03 07:48:54] Meter 10: Generated 1.983 kWh (encrypted: 334059 bytes, 4.743 ms)
[2025-12-03 07:49:14] Meter 10: Generated 2.804 kWh (encrypted: 334260 bytes, 4.535 ms)
[2025-12-03 07:49:34] Meter 10: Generated 5.305 kWh (encrypted: 334431 bytes, 4.640 ms)
[2025-12-03 07:49:44] NETWORK INFO: Server authentication successful for node: aggregator-001
✓ Aggregator connected: aggregator-001 from 127.0.0.1
✓ Sent 334431 bytes to aggregator-001 (0.38ms)
Session completed with aggregator-001
[2025-12-03 07:49:54] Meter 10: Generated 7.056 kWh (encrypted: 334376 bytes, 4.404 ms)
[2025-12-03 07:50:14] Meter 10: Generated 2.497 kWh (encrypted: 334301 bytes, 4.440 ms)
[2025-12-03 07:50:34] Meter 10: Generated 3.184 kWh (encrypted: 334230 bytes, 4.611 ms)
[2025-12-03 07:50:44] NETWORK INFO: Server authentication successful for node: aggregator-001
✓ Aggregator connected: aggregator-001 from 127.0.0.1
✓ Sent 334230 bytes to aggregator-001 (0.43ms)
Session completed with aggregator-001
[2025-12-03 07:50:54] Meter 10: Generated 5.280 kWh (encrypted: 334389 bytes, 4.426 ms)
[2025-12-03 07:51:14] Meter 10: Generated 5.698 kWh (encrypted: 334315 bytes, 4.397 ms)
[2025-12-03 07:51:34] Meter 10: Generated 5.033 kWh (encrypted: 334143 bytes, 4.556 ms)
[2025-12-03 07:51:44] NETWORK INFO: Server authentication successful for node: aggregator-001
✓ Aggregator connected: aggregator-001 from 127.0.0.1
✓ Sent 334143 bytes to aggregator-001 (0.48ms)
Session completed with aggregator-001
[2025-12-03 07:51:54] Meter 10: Generated 5.053 kWh (encrypted: 334153 bytes, 4.484 ms)
[2025-12-03 07:52:14] Meter 10: Generated 3.797 kWh (encrypted: 334262 bytes, 4.694 ms)
[2025-12-03 07:52:34] Meter 10: Generated 1.387 kWh (encrypted: 334336 bytes, 4.458 ms)
[2025-12-03 07:52:44] NETWORK INFO: Server authentication successful for node: aggregator-001
✓ Aggregator connected: aggregator-001 from 127.0.0.1
✓ Sent 334336 bytes to aggregator-001 (0.35ms)
Session completed with aggregator-001
[2025-12-03 07:52:54] Meter 10: Generated 2.742 kWh (encrypted: 334021 bytes, 4.496 ms)
[2025-12-03 07:53:14] Meter 10: Generated 3.817 kWh (encrypted: 334503 bytes, 4.466 ms)
[2025-12-03 07:53:34] Meter 10: Generated 6.052 kWh (encrypted: 334194 bytes, 4.474 ms)
[2025-12-03 07:53:45] NETWORK INFO: Server authentication successful for node: aggregator-001
✓ Aggregator connected: aggregator-001 from 127.0.0.1
✓ Sent 334194 bytes to aggregator-001 (0.34ms)
Session completed with aggregator-001
[2025-12-03 07:53:54] Meter 10: Generated 4.103 kWh (encrypted: 334200 bytes, 4.775 ms)
[2025-12-03 07:54:14] Meter 10: Generated 7.440 kWh (encrypted: 334285 bytes, 4.332 ms)
[2025-12-03 07:54:34] Meter 10: Generated 4.574 kWh (encrypted: 334167 bytes, 4.346 ms)
[2025-12-03 07:54:45] NETWORK INFO: Server authentication successful for node: aggregator-001
✓ Aggregator connected: aggregator-001 from 127.0.0.1
✓ Sent 334167 bytes to aggregator-001 (1.57ms)
Session completed with aggregator-001
[2025-12-03 07:54:54] Meter 10: Generated 0.969 kWh (encrypted: 334320 bytes, 4.649 ms)
[2025-12-03 07:55:14] Meter 10: Generated 7.032 kWh (encrypted: 334494 bytes, 4.495 ms)
[2025-12-03 07:55:35] Meter 10: Generated 3.356 kWh (encrypted: 334329 bytes, 4.434 ms)
[2025-12-03 07:55:45] NETWORK INFO: Server authentication successful for node: aggregator-001
✓ Aggregator connected: aggregator-001 from 127.0.0.1
✓ Sent 334329 bytes to aggregator-001 (0.46ms)
Session completed with aggregator-001
[2025-12-03 07:55:55] Meter 10: Generated 5.718 kWh (encrypted: 334304 bytes, 4.513 ms)
[2025-12-03 07:56:15] Meter 10: Generated 0.828 kWh (encrypted: 333972 bytes, 4.588 ms)
[2025-12-03 07:56:35] Meter 10: Generated 2.469 kWh (encrypted: 334175 bytes, 5.933 ms)
[2025-12-03 07:56:46] NETWORK INFO: Server authentication successful for node: aggregator-001
✓ Aggregator connected: aggregator-001 from 127.0.0.1
✓ Sent 334175 bytes to aggregator-001 (0.45ms)
Session completed with aggregator-001
[2025-12-03 07:56:55] Meter 10: Generated 6.511 kWh (encrypted: 334298 bytes, 4.764 ms)
[2025-12-03 07:57:15] Meter 10: Generated 4.734 kWh (encrypted: 334017 bytes, 4.456 ms)
[2025-12-03 07:57:35] Meter 10: Generated 5.569 kWh (encrypted: 334259 bytes, 6.476 ms)
[2025-12-03 07:57:46] NETWORK INFO: Server authentication successful for node: aggregator-001
✓ Aggregator connected: aggregator-001 from 127.0.0.1
✓ Sent 334259 bytes to aggregator-001 (0.35ms)
Session completed with aggregator-001
[2025-12-03 07:57:55] Meter 10: Generated 6.789 kWh (encrypted: 334373 bytes, 4.417 ms)
[2025-12-03 07:58:15] Meter 10: Generated 5.990 kWh (encrypted: 334100 bytes, 4.606 ms)
[2025-12-03 07:58:35] Meter 10: Generated 1.850 kWh (encrypted: 334377 bytes, 4.517 ms)
[2025-12-03 07:58:46] NETWORK INFO: Server authentication successful for node: aggregator-001
✓ Aggregator connected: aggregator-001 from 127.0.0.1
✓ Sent 334377 bytes to aggregator-001 (0.41ms)
Session completed with aggregator-001
[2025-12-03 07:58:55] Meter 10: Generated 4.392 kWh (encrypted: 334400 bytes, 4.723 ms)
[2025-12-03 07:59:15] Meter 10: Generated 7.544 kWh (encrypted: 334268 bytes, 4.678 ms)
[2025-12-03 07:59:35] Meter 10: Generated 3.085 kWh (encrypted: 334297 bytes, 4.576 ms)
[2025-12-03 07:59:46] NETWORK INFO: Server authentication successful for node: aggregator-001
✓ Aggregator connected: aggregator-001 from 127.0.0.1
✓ Sent 334297 bytes to aggregator-001 (0.53ms)
Session completed with aggregator-001
[2025-12-03 07:59:55] Meter 10: Generated 5.934 kWh (encrypted: 334347 bytes, 4.607 ms)
[2025-12-03 08:00:15] Meter 10: Generated 3.164 kWh (encrypted: 334106 bytes, 5.942 ms)
[2025-12-03 08:00:35] Meter 10: Generated 7.308 kWh (encrypted: 334331 bytes, 4.556 ms)
[2025-12-03 08:00:47] NETWORK INFO: Server authentication successful for node: aggregator-001
✓ Aggregator connected: aggregator-001 from 127.0.0.1
✓ Sent 334331 bytes to aggregator-001 (0.59ms)
Session completed with aggregator-001
[2025-12-03 08:00:55] Meter 10: Generated 6.186 kWh (encrypted: 333266 bytes, 4.580 ms)
[2025-12-03 08:01:15] Meter 10: Generated 1.624 kWh (encrypted: 334418 bytes, 4.657 ms)
[2025-12-03 08:01:35] Meter 10: Generated 7.439 kWh (encrypted: 333809 bytes, 4.339 ms)
[2025-12-03 08:01:47] NETWORK INFO: Server authentication successful for node: aggregator-001
✓ Aggregator connected: aggregator-001 from 127.0.0.1
✓ Sent 333809 bytes to aggregator-001 (0.37ms)
Session completed with aggregator-001
[2025-12-03 08:01:55] Meter 10: Generated 2.854 kWh (encrypted: 334395 bytes, 4.547 ms)
[2025-12-03 08:02:15] Meter 10: Generated 6.505 kWh (encrypted: 334371 bytes, 4.468 ms)
[2025-12-03 08:02:35] Meter 10: Generated 6.633 kWh (encrypted: 334505 bytes, 4.429 ms)
[2025-12-03 08:02:47] NETWORK INFO: Server authentication successful for node: aggregator-001
✓ Aggregator connected: aggregator-001 from 127.0.0.1
✓ Sent 334505 bytes to aggregator-001 (0.50ms)
Session completed with aggregator-001
[2025-12-03 08:02:55] Meter 10: Generated 5.493 kWh (encrypted: 334344 bytes, 4.684 ms)
[2025-12-03 08:03:15] Meter 10: Generated 6.705 kWh (encrypted: 334516 bytes, 4.415 ms)
[2025-12-03 08:03:35] Meter 10: Generated 4.634 kWh (encrypted: 334296 bytes, 4.685 ms)
[2025-12-03 08:03:47] NETWORK INFO: Server authentication successful for node: aggregator-001
✓ Aggregator connected: aggregator-001 from 127.0.0.1
✓ Sent 334296 bytes to aggregator-001 (0.81ms)
Session completed with aggregator-001
[2025-12-03 08:03:55] Meter 10: Generated 7.299 kWh (encrypted: 334241 bytes, 6.066 ms)
[2025-12-03 08:04:15] Meter 10: Generated 5.868 kWh (encrypted: 333856 bytes, 4.516 ms)
[2025-12-03 08:04:35] Meter 10: Generated 3.146 kWh (encrypted: 334312 bytes, 4.428 ms)
[2025-12-03 08:04:48] NETWORK INFO: Server authentication successful for node: aggregator-001
✓ Aggregator connected: aggregator-001 from 127.0.0.1
✓ Sent 334312 bytes to aggregator-001 (0.54ms)
Session completed with aggregator-001
[2025-12-03 08:04:55] Meter 10: Generated 4.828 kWh (encrypted: 334434 bytes, 4.561 ms)
[2025-12-03 08:05:15] Meter 10: Generated 7.310 kWh (encrypted: 334207 bytes, 4.555 ms)
[2025-12-03 08:05:35] Meter 10: Generated 6.346 kWh (encrypted: 334220 bytes, 4.466 ms)
[2025-12-03 08:05:48] NETWORK INFO: Server authentication successful for node: aggregator-001
✓ Aggregator connected: aggregator-001 from 127.0.0.1
✓ Sent 334220 bytes to aggregator-001 (0.87ms)
Session completed with aggregator-001
[2025-12-03 08:05:55] Meter 10: Generated 1.958 kWh (encrypted: 334316 bytes, 4.937 ms)
[2025-12-03 08:06:15] Meter 10: Generated 6.568 kWh (encrypted: 334267 bytes, 4.679 ms)
[2025-12-03 08:06:35] Meter 10: Generated 2.334 kWh (encrypted: 334169 bytes, 4.347 ms)
[2025-12-03 08:06:48] NETWORK INFO: Server authentication successful for node: aggregator-001
✓ Aggregator connected: aggregator-001 from 127.0.0.1
✓ Sent 334169 bytes to aggregator-001 (0.36ms)
Session completed with aggregator-001
[2025-12-03 08:06:55] Meter 10: Generated 6.082 kWh (encrypted: 334448 bytes, 4.356 ms)
[2025-12-03 08:07:15] Meter 10: Generated 3.457 kWh (encrypted: 334168 bytes, 4.478 ms)
[2025-12-03 08:07:35] Meter 10: Generated 1.662 kWh (encrypted: 334098 bytes, 4.574 ms)
[2025-12-03 08:07:49] NETWORK INFO: Server authentication successful for node: aggregator-001
✓ Aggregator connected: aggregator-001 from 127.0.0.1
✓ Sent 334098 bytes to aggregator-001 (0.53ms)
Session completed with aggregator-001
[2025-12-03 08:07:55] Meter 10: Generated 3.638 kWh (encrypted: 334459 bytes, 4.657 ms)
[2025-12-03 08:08:15] Meter 10: Generated 0.887 kWh (encrypted: 333893 bytes, 4.579 ms)
[2025-12-03 08:08:35] Meter 10: Generated 2.879 kWh (encrypted: 334379 bytes, 4.477 ms)
[2025-12-03 08:08:49] NETWORK INFO: Server authentication successful for node: aggregator-001
✓ Aggregator connected: aggregator-001 from 127.0.0.1
✓ Sent 334379 bytes to aggregator-001 (0.40ms)
Session completed with aggregator-001
[2025-12-03 08:08:55] Meter 10: Generated 7.615 kWh (encrypted: 334117 bytes, 4.475 ms)
[2025-12-03 08:09:15] Meter 10: Generated 5.580 kWh (encrypted: 334269 bytes, 4.446 ms)
[2025-12-03 08:09:35] Meter 10: Generated 5.347 kWh (encrypted: 334033 bytes, 4.613 ms)
[2025-12-03 08:09:49] NETWORK INFO: Server authentication successful for node: aggregator-001
✓ Aggregator connected: aggregator-001 from 127.0.0.1
✓ Sent 334033 bytes to aggregator-001 (1.94ms)
Session completed with aggregator-001
[2025-12-03 08:09:55] Meter 10: Generated 5.136 kWh (encrypted: 334401 bytes, 4.584 ms)
[2025-12-03 08:10:15] Meter 10: Generated 4.515 kWh (encrypted: 334453 bytes, 4.646 ms)
[2025-12-03 08:10:35] Meter 10: Generated 6.703 kWh (encrypted: 334251 bytes, 4.650 ms)
[2025-12-03 08:10:49] NETWORK INFO: Server authentication successful for node: aggregator-001
✓ Aggregator connected: aggregator-001 from 127.0.0.1
✓ Sent 334251 bytes to aggregator-001 (0.38ms)
Session completed with aggregator-001
[2025-12-03 08:10:55] Meter 10: Generated 4.000 kWh (encrypted: 334085 bytes, 4.501 ms)
[2025-12-03 08:11:15] Meter 10: Generated 3.294 kWh (encrypted: 334224 bytes, 4.400 ms)
[2025-12-03 08:11:35] Meter 10: Generated 3.590 kWh (encrypted: 334196 bytes, 4.475 ms)
[2025-12-03 08:11:50] NETWORK INFO: Server authentication successful for node: aggregator-001
✓ Aggregator connected: aggregator-001 from 127.0.0.1
✓ Sent 334196 bytes to aggregator-001 (0.39ms)
Session completed with aggregator-001
[2025-12-03 08:11:55] Meter 10: Generated 1.596 kWh (encrypted: 334144 bytes, 4.512 ms)
[2025-12-03 08:12:15] Meter 10: Generated 4.671 kWh (encrypted: 334440 bytes, 4.407 ms)
[2025-12-03 08:12:35] Meter 10: Generated 2.732 kWh (encrypted: 334480 bytes, 4.340 ms)
[2025-12-03 08:12:50] NETWORK INFO: Server authentication successful for node: aggregator-001
✓ Aggregator connected: aggregator-001 from 127.0.0.1
✓ Sent 334480 bytes to aggregator-001 (0.38ms)
Session completed with aggregator-001
[2025-12-03 08:12:55] Meter 10: Generated 2.899 kWh (encrypted: 334426 bytes, 4.803 ms)
[2025-12-03 08:13:15] Meter 10: Generated 5.153 kWh (encrypted: 334380 bytes, 4.666 ms)
[2025-12-03 08:13:35] Meter 10: Generated 3.556 kWh (encrypted: 334380 bytes, 4.353 ms)
[2025-12-03 08:13:50] NETWORK INFO: Server authentication successful for node: aggregator-001
✓ Aggregator connected: aggregator-001 from 127.0.0.1
✓ Sent 334380 bytes to aggregator-001 (0.43ms)
Session completed with aggregator-001
[2025-12-03 08:13:55] Meter 10: Generated 2.427 kWh (encrypted: 334446 bytes, 4.439 ms)
[2025-12-03 08:14:15] Meter 10: Generated 3.593 kWh (encrypted: 334498 bytes, 4.756 ms)
[2025-12-03 08:14:35] Meter 10: Generated 6.293 kWh (encrypted: 334422 bytes, 4.559 ms)
[2025-12-03 08:14:51] NETWORK INFO: Server authentication successful for node: aggregator-001
✓ Aggregator connected: aggregator-001 from 127.0.0.1
✓ Sent 334422 bytes to aggregator-001 (0.39ms)
Session completed with aggregator-001
[2025-12-03 08:14:55] Meter 10: Generated 4.151 kWh (encrypted: 334407 bytes, 4.601 ms)
[2025-12-03 08:15:15] Meter 10: Generated 1.028 kWh (encrypted: 334285 bytes, 4.411 ms)
[2025-12-03 08:15:35] Meter 10: Generated 2.552 kWh (encrypted: 334172 bytes, 4.550 ms)
[2025-12-03 08:15:51] NETWORK INFO: Server authentication successful for node: aggregator-001
✓ Aggregator connected: aggregator-001 from 127.0.0.1
✓ Sent 334172 bytes to aggregator-001 (0.38ms)
Session completed with aggregator-001
[2025-12-03 08:15:55] Meter 10: Generated 5.452 kWh (encrypted: 334408 bytes, 4.608 ms)
[2025-12-03 08:16:15] Meter 10: Generated 2.012 kWh (encrypted: 334433 bytes, 4.607 ms)
[2025-12-03 08:16:35] Meter 10: Generated 7.001 kWh (encrypted: 334185 bytes, 4.505 ms)
[2025-12-03 08:16:51] NETWORK INFO: Server authentication successful for node: aggregator-001
✓ Aggregator connected: aggregator-001 from 127.0.0.1
✓ Sent 334185 bytes to aggregator-001 (0.88ms)
Session completed with aggregator-001
[2025-12-03 08:16:55] Meter 10: Generated 7.000 kWh (encrypted: 334285 bytes, 4.560 ms)
[2025-12-03 08:17:15] Meter 10: Generated 3.531 kWh (encrypted: 333184 bytes, 4.267 ms)
[2025-12-03 08:17:35] Meter 10: Generated 4.716 kWh (encrypted: 334255 bytes, 4.626 ms)
[2025-12-03 08:17:51] NETWORK INFO: Server authentication successful for node: aggregator-001
✓ Aggregator connected: aggregator-001 from 127.0.0.1
✓ Sent 334255 bytes to aggregator-001 (0.49ms)
Session completed with aggregator-001
[2025-12-03 08:17:55] Meter 10: Generated 3.907 kWh (encrypted: 334403 bytes, 4.607 ms)
[2025-12-03 08:18:15] Meter 10: Generated 1.563 kWh (encrypted: 334185 bytes, 4.836 ms)
[2025-12-03 08:18:35] Meter 10: Generated 6.984 kWh (encrypted: 334360 bytes, 4.671 ms)
[2025-12-03 08:18:52] NETWORK INFO: Server authentication successful for node: aggregator-001
✓ Aggregator connected: aggregator-001 from 127.0.0.1
✓ Sent 334360 bytes to aggregator-001 (0.37ms)
Session completed with aggregator-001
[2025-12-03 08:18:55] Meter 10: Generated 1.686 kWh (encrypted: 334185 bytes, 4.808 ms)
[2025-12-03 08:19:15] Meter 10: Generated 5.659 kWh (encrypted: 334083 bytes, 4.703 ms)
[2025-12-03 08:19:35] Meter 10: Generated 3.281 kWh (encrypted: 334333 bytes, 4.461 ms)
[2025-12-03 08:19:52] NETWORK INFO: Server authentication successful for node: aggregator-001
✓ Aggregator connected: aggregator-001 from 127.0.0.1
✓ Sent 334333 bytes to aggregator-001 (0.49ms)
Session completed with aggregator-001
[2025-12-03 08:19:55] Meter 10: Generated 1.614 kWh (encrypted: 334388 bytes, 4.711 ms)
[2025-12-03 08:20:15] Meter 10: Generated 3.987 kWh (encrypted: 334271 bytes, 4.630 ms)
[2025-12-03 08:20:35] Meter 10: Generated 3.192 kWh (encrypted: 334286 bytes, 4.371 ms)
[2025-12-03 08:20:52] NETWORK INFO: Server authentication successful for node: aggregator-001
✓ Aggregator connected: aggregator-001 from 127.0.0.1
✓ Sent 334286 bytes to aggregator-001 (0.45ms)
Session completed with aggregator-001
[2025-12-03 08:20:55] Meter 10: Generated 7.224 kWh (encrypted: 334220 bytes, 5.767 ms)
[2025-12-03 08:21:15] Meter 10: Generated 5.146 kWh (encrypted: 334374 bytes, 4.562 ms)
[2025-12-03 08:21:35] Meter 10: Generated 5.140 kWh (encrypted: 334352 bytes, 4.631 ms)
[2025-12-03 08:21:53] NETWORK INFO: Server authentication successful for node: aggregator-001
✓ Aggregator connected: aggregator-001 from 127.0.0.1
✓ Sent 334352 bytes to aggregator-001 (0.79ms)
Session completed with aggregator-001
[2025-12-03 08:21:55] Meter 10: Generated 6.180 kWh (encrypted: 334080 bytes, 4.668 ms)
[2025-12-03 08:22:15] Meter 10: Generated 7.112 kWh (encrypted: 334449 bytes, 7.277 ms)
[2025-12-03 08:22:35] Meter 10: Generated 6.952 kWh (encrypted: 334149 bytes, 4.451 ms)
[2025-12-03 08:22:53] NETWORK INFO: Server authentication successful for node: aggregator-001
✓ Aggregator connected: aggregator-001 from 127.0.0.1
✓ Sent 334149 bytes to aggregator-001 (0.49ms)
Session completed with aggregator-001
[2025-12-03 08:22:55] Meter 10: Generated 7.155 kWh (encrypted: 334176 bytes, 4.693 ms)
[2025-12-03 08:23:15] Meter 10: Generated 1.649 kWh (encrypted: 334397 bytes, 4.536 ms)
[2025-12-03 08:23:35] Meter 10: Generated 5.310 kWh (encrypted: 334393 bytes, 4.668 ms)
[2025-12-03 08:23:53] NETWORK INFO: Server authentication successful for node: aggregator-001
✓ Aggregator connected: aggregator-001 from 127.0.0.1
✓ Sent 334393 bytes to aggregator-001 (0.41ms)
Session completed with aggregator-001
[2025-12-03 08:23:55] Meter 10: Generated 3.572 kWh (encrypted: 334369 bytes, 4.518 ms)
[2025-12-03 08:24:15] Meter 10: Generated 1.329 kWh (encrypted: 334209 bytes, 4.495 ms)
[2025-12-03 08:24:35] Meter 10: Generated 5.718 kWh (encrypted: 334283 bytes, 4.493 ms)
[2025-12-03 08:24:53] NETWORK INFO: Server authentication successful for node: aggregator-001
✓ Aggregator connected: aggregator-001 from 127.0.0.1
✓ Sent 334283 bytes to aggregator-001 (0.53ms)
Session completed with aggregator-001
[2025-12-03 08:24:55] Meter 10: Generated 6.548 kWh (encrypted: 334133 bytes, 4.612 ms)
[2025-12-03 08:25:15] Meter 10: Generated 3.053 kWh (encrypted: 334402 bytes, 4.459 ms)
[2025-12-03 08:25:35] Meter 10: Generated 0.694 kWh (encrypted: 334327 bytes, 4.499 ms)
[2025-12-03 08:25:54] NETWORK INFO: Server authentication successful for node: aggregator-001
✓ Aggregator connected: aggregator-001 from 127.0.0.1
✓ Sent 334327 bytes to aggregator-001 (0.43ms)
Session completed with aggregator-001
[2025-12-03 08:25:55] Meter 10: Generated 7.398 kWh (encrypted: 334434 bytes, 4.731 ms)
[2025-12-03 08:26:15] Meter 10: Generated 2.764 kWh (encrypted: 334462 bytes, 4.713 ms)
[2025-12-03 08:26:35] Meter 10: Generated 1.901 kWh (encrypted: 333721 bytes, 4.786 ms)
[2025-12-03 08:26:54] NETWORK INFO: Server authentication successful for node: aggregator-001
✓ Aggregator connected: aggregator-001 from 127.0.0.1
✓ Sent 333721 bytes to aggregator-001 (0.37ms)
Session completed with aggregator-001
[2025-12-03 08:26:55] Meter 10: Generated 6.004 kWh (encrypted: 334421 bytes, 4.803 ms)
[2025-12-03 08:27:15] Meter 10: Generated 2.432 kWh (encrypted: 334165 bytes, 4.678 ms)
[2025-12-03 08:27:35] Meter 10: Generated 7.576 kWh (encrypted: 334330 bytes, 4.746 ms)
[2025-12-03 08:27:54] NETWORK INFO: Server authentication successful for node: aggregator-001
✓ Aggregator connected: aggregator-001 from 127.0.0.1
✓ Sent 334330 bytes to aggregator-001 (0.44ms)
Session completed with aggregator-001
[2025-12-03 08:27:55] Meter 10: Generated 3.278 kWh (encrypted: 334267 bytes, 4.780 ms)
[2025-12-03 08:28:15] Meter 10: Generated 6.356 kWh (encrypted: 334303 bytes, 4.657 ms)
[2025-12-03 08:28:35] Meter 10: Generated 2.142 kWh (encrypted: 334470 bytes, 4.573 ms)
[2025-12-03 08:28:55] NETWORK INFO: Server authentication successful for node: aggregator-001
✓ Aggregator connected: aggregator-001 from 127.0.0.1
✓ Sent 334470 bytes to aggregator-001 (0.52ms)
Session completed with aggregator-001
[2025-12-03 08:28:55] Meter 10: Generated 3.702 kWh (encrypted: 334379 bytes, 4.554 ms)
[2025-12-03 08:29:15] Meter 10: Generated 2.758 kWh (encrypted: 334246 bytes, 4.801 ms)
[2025-12-03 08:29:35] Meter 10: Generated 4.239 kWh (encrypted: 334491 bytes, 4.557 ms)
[2025-12-03 08:29:55] NETWORK INFO: Server authentication successful for node: aggregator-001
✓ Aggregator connected: aggregator-001 from 127.0.0.1
✓ Sent 334491 bytes to aggregator-001 (0.63ms)
Session completed with aggregator-001
[2025-12-03 08:29:55] Meter 10: Generated 7.414 kWh (encrypted: 334478 bytes, 4.559 ms)
[2025-12-03 08:30:15] Meter 10: Generated 4.519 kWh (encrypted: 334419 bytes, 4.326 ms)
[2025-12-03 08:30:35] Meter 10: Generated 6.574 kWh (encrypted: 334323 bytes, 4.593 ms)
[2025-12-03 08:30:55] NETWORK INFO: Server authentication successful for node: aggregator-001
✓ Aggregator connected: aggregator-001 from 127.0.0.1
✓ Sent 334323 bytes to aggregator-001 (0.39ms)
Session completed with aggregator-001
[2025-12-03 08:30:55] Meter 10: Generated 2.660 kWh (encrypted: 334498 bytes, 5.088 ms)
[2025-12-03 08:31:15] Meter 10: Generated 1.576 kWh (encrypted: 334368 bytes, 4.469 ms)
[2025-12-03 08:31:35] Meter 10: Generated 0.658 kWh (encrypted: 334451 bytes, 4.712 ms)
[2025-12-03 08:31:55] Meter 10: Generated 5.747 kWh (encrypted: 334431 bytes, 4.687 ms)
[2025-12-03 08:31:55] NETWORK INFO: Server authentication successful for node: aggregator-001
✓ Aggregator connected: aggregator-001 from 127.0.0.1
✓ Sent 334431 bytes to aggregator-001 (0.59ms)
Session completed with aggregator-001
[2025-12-03 08:32:15] Meter 10: Generated 6.132 kWh (encrypted: 334333 bytes, 4.519 ms)
[2025-12-03 08:32:35] Meter 10: Generated 2.622 kWh (encrypted: 334393 bytes, 4.485 ms)
[2025-12-03 08:32:55] Meter 10: Generated 4.883 kWh (encrypted: 334290 bytes, 4.516 ms)
[2025-12-03 08:32:56] NETWORK INFO: Server authentication successful for node: aggregator-001
✓ Aggregator connected: aggregator-001 from 127.0.0.1
✓ Sent 334290 bytes to aggregator-001 (3.47ms)
Session completed with aggregator-001
[2025-12-03 08:33:15] Meter 10: Generated 6.315 kWh (encrypted: 334213 bytes, 4.560 ms)
[2025-12-03 08:33:35] Meter 10: Generated 1.036 kWh (encrypted: 334378 bytes, 4.690 ms)
[2025-12-03 08:33:55] Meter 10: Generated 3.190 kWh (encrypted: 334138 bytes, 4.659 ms)
[2025-12-03 08:33:56] NETWORK INFO: Server authentication successful for node: aggregator-001
✓ Aggregator connected: aggregator-001 from 127.0.0.1
✓ Sent 334138 bytes to aggregator-001 (0.39ms)
Session completed with aggregator-001
[2025-12-03 08:34:15] Meter 10: Generated 1.036 kWh (encrypted: 334333 bytes, 4.475 ms)
[2025-12-03 08:34:35] Meter 10: Generated 4.592 kWh (encrypted: 334342 bytes, 4.596 ms)
[2025-12-03 08:34:55] Meter 10: Generated 5.100 kWh (encrypted: 334408 bytes, 4.647 ms)
[2025-12-03 08:34:56] NETWORK INFO: Server authentication successful for node: aggregator-001
✓ Aggregator connected: aggregator-001 from 127.0.0.1
✓ Sent 334408 bytes to aggregator-001 (0.46ms)
Session completed with aggregator-001
[2025-12-03 08:35:15] Meter 10: Generated 4.336 kWh (encrypted: 334424 bytes, 4.454 ms)
[2025-12-03 08:35:35] Meter 10: Generated 6.874 kWh (encrypted: 334427 bytes, 4.697 ms)
[2025-12-03 08:35:56] Meter 10: Generated 2.012 kWh (encrypted: 334389 bytes, 4.507 ms)
[2025-12-03 08:35:57] NETWORK INFO: Server authentication successful for node: aggregator-001
✓ Aggregator connected: aggregator-001 from 127.0.0.1
✓ Sent 334389 bytes to aggregator-001 (0.49ms)
Session completed with aggregator-001
[2025-12-03 08:36:16] Meter 10: Generated 4.557 kWh (encrypted: 334351 bytes, 4.744 ms)
[2025-12-03 08:36:36] Meter 10: Generated 1.574 kWh (encrypted: 334491 bytes, 6.200 ms)
[2025-12-03 08:36:56] Meter 10: Generated 6.029 kWh (encrypted: 334011 bytes, 4.274 ms)
[2025-12-03 08:36:57] NETWORK INFO: Server authentication successful for node: aggregator-001
✓ Aggregator connected: aggregator-001 from 127.0.0.1
✓ Sent 334011 bytes to aggregator-001 (0.44ms)
Session completed with aggregator-001
[2025-12-03 08:37:16] Meter 10: Generated 7.171 kWh (encrypted: 334222 bytes, 4.586 ms)
[2025-12-03 08:37:36] Meter 10: Generated 3.179 kWh (encrypted: 334345 bytes, 4.612 ms)
[2025-12-03 08:37:56] Meter 10: Generated 6.336 kWh (encrypted: 334341 bytes, 4.563 ms)
[2025-12-03 08:37:57] NETWORK INFO: Server authentication successful for node: aggregator-001
✓ Aggregator connected: aggregator-001 from 127.0.0.1
✓ Sent 334341 bytes to aggregator-001 (0.51ms)
Session completed with aggregator-001
[2025-12-03 08:38:16] Meter 10: Generated 4.418 kWh (encrypted: 333383 bytes, 4.887 ms)
[2025-12-03 08:38:36] Meter 10: Generated 2.852 kWh (encrypted: 334326 bytes, 4.485 ms)
[2025-12-03 08:38:56] Meter 10: Generated 5.744 kWh (encrypted: 334103 bytes, 4.387 ms)
[2025-12-03 08:38:57] NETWORK INFO: Server authentication successful for node: aggregator-001
✓ Aggregator connected: aggregator-001 from 127.0.0.1
✓ Sent 334103 bytes to aggregator-001 (0.51ms)
Session completed with aggregator-001
[2025-12-03 08:39:16] Meter 10: Generated 4.941 kWh (encrypted: 334305 bytes, 4.560 ms)
[2025-12-03 08:39:36] Meter 10: Generated 1.950 kWh (encrypted: 334484 bytes, 4.690 ms)
[2025-12-03 08:39:56] Meter 10: Generated 2.347 kWh (encrypted: 334427 bytes, 4.558 ms)
[2025-12-03 08:39:58] NETWORK INFO: Server authentication successful for node: aggregator-001
✓ Aggregator connected: aggregator-001 from 127.0.0.1
✓ Sent 334427 bytes to aggregator-001 (0.42ms)
Session completed with aggregator-001
[2025-12-03 08:40:16] Meter 10: Generated 6.533 kWh (encrypted: 334365 bytes, 5.284 ms)
[2025-12-03 08:40:36] Meter 10: Generated 5.480 kWh (encrypted: 334253 bytes, 4.429 ms)
[2025-12-03 08:40:56] Meter 10: Generated 1.577 kWh (encrypted: 334230 bytes, 4.458 ms)
[2025-12-03 08:40:58] NETWORK INFO: Server authentication successful for node: aggregator-001
✓ Aggregator connected: aggregator-001 from 127.0.0.1
✓ Sent 334230 bytes to aggregator-001 (0.44ms)
Session completed with aggregator-001
[2025-12-03 08:41:16] Meter 10: Generated 4.553 kWh (encrypted: 334359 bytes, 4.604 ms)
[2025-12-03 08:41:36] Meter 10: Generated 2.660 kWh (encrypted: 334284 bytes, 4.716 ms)

Received shutdown signal. Gracefully shutting down smart meter...
Data generation thread stopped
Network server thread stopped

Received shutdown signal. Gracefully shutting down smart meter...
Smart meter 10 shutdown complete
