=== Continuous Smart Meter Server 148 ===
Initializing for continuous operation...
SEAL context initialized
Loaded certificate: smart-meter-148
Requesting public keys from KDC...
[2025-12-10 07:58:06] NETWORK ERROR: Failed to connect to 127.0.0.1:8444: Connection refused
Error: Failed to connect to KDC at 127.0.0.1:8444
Error: Failed to send key request to KDC
Failed to obtain keys from KDC, falling back to file keys
Loaded keys from fallback files
Cryptographic components initialized
[2025-12-10 07:58:06] NETWORK INFO: Server socket created and listening on port 9148
✓ Smart meter server ready on port 9148
Data transmission interval: 20 seconds (15x accelerated - simulates 5min)
✓ Performance metrics CSV files initialized in performance_data/
Starting continuous smart meter operation...
Press Ctrl+C to stop gracefully
Data generation thread started
Network server thread started on port 9148
[2025-12-10 07:58:25] NETWORK INFO: Server authentication successful for node: aggregator-001
✓ Aggregator connected: aggregator-001 from 127.0.0.1
[2025-12-10 07:58:26] Meter 148: Generated 7.303 kWh (encrypted: 334308 bytes, 5.199 ms)
✓ Sent 334308 bytes to aggregator-001 (0.73ms)
Session completed with aggregator-001
[2025-12-10 07:58:46] Meter 148: Generated 6.231 kWh (encrypted: 334526 bytes, 4.452 ms)
[2025-12-10 07:59:06] Meter 148: Generated 3.231 kWh (encrypted: 334452 bytes, 4.426 ms)
[2025-12-10 07:59:26] Meter 148: Generated 5.719 kWh (encrypted: 334311 bytes, 5.563 ms)
[2025-12-10 07:59:26] NETWORK INFO: Server authentication successful for node: aggregator-001
✓ Aggregator connected: aggregator-001 from 127.0.0.1
✓ Sent 334311 bytes to aggregator-001 (0.38ms)
Session completed with aggregator-001
[2025-12-10 07:59:46] Meter 148: Generated 3.825 kWh (encrypted: 334246 bytes, 4.585 ms)
[2025-12-10 08:00:06] Meter 148: Generated 2.837 kWh (encrypted: 334480 bytes, 4.724 ms)
[2025-12-10 08:00:26] Meter 148: Generated 3.420 kWh (encrypted: 334427 bytes, 5.031 ms)
[2025-12-10 08:00:28] NETWORK INFO: Server authentication successful for node: aggregator-001
✓ Aggregator connected: aggregator-001 from 127.0.0.1
✓ Sent 334427 bytes to aggregator-001 (0.38ms)
Session completed with aggregator-001
[2025-12-10 08:00:46] Meter 148: Generated 7.362 kWh (encrypted: 334424 bytes, 4.467 ms)
[2025-12-10 08:01:06] Meter 148: Generated 4.948 kWh (encrypted: 334372 bytes, 4.412 ms)
[2025-12-10 08:01:26] Meter 148: Generated 5.747 kWh (encrypted: 334391 bytes, 4.581 ms)
[2025-12-10 08:01:31] NETWORK INFO: Server authentication successful for node: aggregator-001
✓ Aggregator connected: aggregator-001 from 127.0.0.1
✓ Sent 334391 bytes to aggregator-001 (0.36ms)
Session completed with aggregator-001
[2025-12-10 08:01:46] Meter 148: Generated 7.280 kWh (encrypted: 334240 bytes, 5.432 ms)
[2025-12-10 08:02:06] Meter 148: Generated 2.911 kWh (encrypted: 334393 bytes, 4.549 ms)
[2025-12-10 08:02:26] Meter 148: Generated 1.704 kWh (encrypted: 334352 bytes, 4.720 ms)
[2025-12-10 08:02:33] NETWORK INFO: Server authentication successful for node: aggregator-001
✓ Aggregator connected: aggregator-001 from 127.0.0.1
✓ Sent 334352 bytes to aggregator-001 (14.24ms)
Session completed with aggregator-001
[2025-12-10 08:02:46] Meter 148: Generated 1.440 kWh (encrypted: 334412 bytes, 4.610 ms)
[2025-12-10 08:03:06] Meter 148: Generated 2.011 kWh (encrypted: 334322 bytes, 4.649 ms)
[2025-12-10 08:03:26] Meter 148: Generated 2.349 kWh (encrypted: 334348 bytes, 4.702 ms)
[2025-12-10 08:03:36] NETWORK INFO: Server authentication successful for node: aggregator-001
✓ Aggregator connected: aggregator-001 from 127.0.0.1
✓ Sent 334348 bytes to aggregator-001 (3.67ms)
Session completed with aggregator-001
[2025-12-10 08:03:46] Meter 148: Generated 5.549 kWh (encrypted: 334435 bytes, 6.773 ms)
[2025-12-10 08:04:06] Meter 148: Generated 4.749 kWh (encrypted: 334229 bytes, 4.528 ms)
[2025-12-10 08:04:26] Meter 148: Generated 1.041 kWh (encrypted: 334412 bytes, 4.520 ms)
[2025-12-10 08:04:40] NETWORK INFO: Server authentication successful for node: aggregator-001
✓ Aggregator connected: aggregator-001 from 127.0.0.1
✓ Sent 334412 bytes to aggregator-001 (0.41ms)
Session completed with aggregator-001
[2025-12-10 08:04:46] Meter 148: Generated 0.893 kWh (encrypted: 334247 bytes, 4.298 ms)
[2025-12-10 08:05:06] Meter 148: Generated 5.867 kWh (encrypted: 334203 bytes, 4.673 ms)
[2025-12-10 08:05:26] Meter 148: Generated 4.922 kWh (encrypted: 334204 bytes, 4.654 ms)
[2025-12-10 08:05:44] NETWORK INFO: Server authentication successful for node: aggregator-001
✓ Aggregator connected: aggregator-001 from 127.0.0.1
✓ Sent 334204 bytes to aggregator-001 (0.37ms)
Session completed with aggregator-001
[2025-12-10 08:05:46] Meter 148: Generated 3.852 kWh (encrypted: 334342 bytes, 4.491 ms)
[2025-12-10 08:06:06] Meter 148: Generated 5.477 kWh (encrypted: 334288 bytes, 4.422 ms)
[2025-12-10 08:06:26] Meter 148: Generated 6.392 kWh (encrypted: 334318 bytes, 4.825 ms)
[2025-12-10 08:06:46] Meter 148: Generated 2.354 kWh (encrypted: 333301 bytes, 9.740 ms)
[2025-12-10 08:06:50] NETWORK INFO: Server authentication successful for node: aggregator-001
✓ Aggregator connected: aggregator-001 from 127.0.0.1
✓ Sent 333301 bytes to aggregator-001 (0.37ms)
Session completed with aggregator-001
[2025-12-10 08:07:06] Meter 148: Generated 1.822 kWh (encrypted: 334431 bytes, 15.143 ms)
[2025-12-10 08:07:26] Meter 148: Generated 4.146 kWh (encrypted: 334170 bytes, 5.727 ms)
[2025-12-10 08:07:47] Meter 148: Generated 2.950 kWh (encrypted: 334218 bytes, 4.682 ms)
[2025-12-10 08:07:56] NETWORK INFO: Server authentication successful for node: aggregator-001
✓ Aggregator connected: aggregator-001 from 127.0.0.1
✓ Sent 334218 bytes to aggregator-001 (0.38ms)
Session completed with aggregator-001
[2025-12-10 08:08:07] Meter 148: Generated 4.575 kWh (encrypted: 334321 bytes, 4.436 ms)
[2025-12-10 08:08:27] Meter 148: Generated 6.481 kWh (encrypted: 334084 bytes, 4.510 ms)
[2025-12-10 08:08:47] Meter 148: Generated 2.032 kWh (encrypted: 334139 bytes, 4.283 ms)
[2025-12-10 08:09:01] NETWORK INFO: Server authentication successful for node: aggregator-001
✓ Aggregator connected: aggregator-001 from 127.0.0.1
✓ Sent 334139 bytes to aggregator-001 (0.38ms)
Session completed with aggregator-001
[2025-12-10 08:09:07] Meter 148: Generated 4.280 kWh (encrypted: 334395 bytes, 4.672 ms)
[2025-12-10 08:09:27] Meter 148: Generated 7.319 kWh (encrypted: 334081 bytes, 5.612 ms)
[2025-12-10 08:09:47] Meter 148: Generated 6.514 kWh (encrypted: 334301 bytes, 6.580 ms)
[2025-12-10 08:10:06] NETWORK INFO: Server authentication successful for node: aggregator-001
✓ Aggregator connected: aggregator-001 from 127.0.0.1
✓ Sent 334301 bytes to aggregator-001 (0.46ms)
Session completed with aggregator-001
[2025-12-10 08:10:07] Meter 148: Generated 7.340 kWh (encrypted: 334384 bytes, 6.776 ms)
[2025-12-10 08:10:27] Meter 148: Generated 4.002 kWh (encrypted: 334399 bytes, 4.745 ms)
[2025-12-10 08:10:47] Meter 148: Generated 7.205 kWh (encrypted: 334149 bytes, 4.700 ms)
[2025-12-10 08:11:07] Meter 148: Generated 7.014 kWh (encrypted: 334393 bytes, 6.788 ms)
[2025-12-10 08:11:12] NETWORK INFO: Server authentication successful for node: aggregator-001
✓ Aggregator connected: aggregator-001 from 127.0.0.1
✓ Sent 334393 bytes to aggregator-001 (1.33ms)
Session completed with aggregator-001
[2025-12-10 08:11:27] Meter 148: Generated 2.002 kWh (encrypted: 334249 bytes, 6.395 ms)
[2025-12-10 08:11:47] Meter 148: Generated 5.361 kWh (encrypted: 334396 bytes, 4.578 ms)
[2025-12-10 08:12:07] Meter 148: Generated 6.002 kWh (encrypted: 334229 bytes, 4.414 ms)
[2025-12-10 08:12:17] NETWORK INFO: Server authentication successful for node: aggregator-001
✓ Aggregator connected: aggregator-001 from 127.0.0.1
✓ Sent 334229 bytes to aggregator-001 (2.41ms)
Session completed with aggregator-001
[2025-12-10 08:12:27] Meter 148: Generated 7.061 kWh (encrypted: 334405 bytes, 6.431 ms)

Received shutdown signal. Gracefully shutting down smart meter...
Network server thread stopped
Data generation thread stopped
Smart meter 148 shutdown complete
