=== Continuous Smart Meter Server 75 ===
Initializing for continuous operation...
SEAL context initialized
Loaded certificate: smart-meter-075
Requesting public keys from KDC...
[2025-12-10 07:56:37] NETWORK ERROR: Failed to connect to 127.0.0.1:8444: Connection refused
Error: Failed to connect to KDC at 127.0.0.1:8444
Error: Failed to send key request to KDC
Failed to obtain keys from KDC, falling back to file keys
Loaded keys from fallback files
Cryptographic components initialized
[2025-12-10 07:56:37] NETWORK INFO: Server socket created and listening on port 9075
✓ Smart meter server ready on port 9075
Data transmission interval: 20 seconds (15x accelerated - simulates 5min)
✓ Performance metrics CSV files initialized in performance_data/
Starting continuous smart meter operation...
Press Ctrl+C to stop gracefully
Data generation thread started
Network server thread started on port 9075
[2025-12-10 07:56:57] Meter 75: Generated 5.382 kWh (encrypted: 334261 bytes, 4.838 ms)
[2025-12-10 07:57:15] NETWORK INFO: Server authentication successful for node: aggregator-001
✓ Aggregator connected: aggregator-001 from 127.0.0.1
✓ Sent 334261 bytes to aggregator-001 (0.70ms)
Session completed with aggregator-001
[2025-12-10 07:57:17] Meter 75: Generated 6.198 kWh (encrypted: 334188 bytes, 5.404 ms)
[2025-12-10 07:57:37] Meter 75: Generated 6.712 kWh (encrypted: 334203 bytes, 4.890 ms)
[2025-12-10 07:57:57] Meter 75: Generated 5.560 kWh (encrypted: 334376 bytes, 4.405 ms)
[2025-12-10 07:58:17] Meter 75: Generated 4.335 kWh (encrypted: 334365 bytes, 4.964 ms)
[2025-12-10 07:58:25] NETWORK INFO: Server authentication successful for node: aggregator-001
✓ Aggregator connected: aggregator-001 from 127.0.0.1
✓ Sent 334365 bytes to aggregator-001 (2.87ms)
Session completed with aggregator-001
[2025-12-10 07:58:37] Meter 75: Generated 3.537 kWh (encrypted: 334150 bytes, 4.525 ms)
[2025-12-10 07:58:57] Meter 75: Generated 1.085 kWh (encrypted: 334190 bytes, 4.525 ms)
[2025-12-10 07:59:17] Meter 75: Generated 2.186 kWh (encrypted: 334281 bytes, 6.560 ms)
[2025-12-10 07:59:26] NETWORK INFO: Server authentication successful for node: aggregator-001
✓ Aggregator connected: aggregator-001 from 127.0.0.1
✓ Sent 334281 bytes to aggregator-001 (0.37ms)
Session completed with aggregator-001
[2025-12-10 07:59:37] Meter 75: Generated 4.767 kWh (encrypted: 333722 bytes, 4.725 ms)
[2025-12-10 07:59:57] Meter 75: Generated 5.969 kWh (encrypted: 334306 bytes, 4.510 ms)
[2025-12-10 08:00:17] Meter 75: Generated 7.545 kWh (encrypted: 334382 bytes, 4.809 ms)
[2025-12-10 08:00:28] NETWORK INFO: Server authentication successful for node: aggregator-001
✓ Aggregator connected: aggregator-001 from 127.0.0.1
✓ Sent 334382 bytes to aggregator-001 (0.41ms)
Session completed with aggregator-001
[2025-12-10 08:00:37] Meter 75: Generated 4.167 kWh (encrypted: 334240 bytes, 5.035 ms)
[2025-12-10 08:00:57] Meter 75: Generated 3.107 kWh (encrypted: 334460 bytes, 4.599 ms)
[2025-12-10 08:01:17] Meter 75: Generated 1.987 kWh (encrypted: 334360 bytes, 4.692 ms)
[2025-12-10 08:01:31] NETWORK INFO: Server authentication successful for node: aggregator-001
✓ Aggregator connected: aggregator-001 from 127.0.0.1
✓ Sent 334360 bytes to aggregator-001 (0.36ms)
Session completed with aggregator-001
[2025-12-10 08:01:37] Meter 75: Generated 5.391 kWh (encrypted: 334078 bytes, 4.654 ms)
[2025-12-10 08:01:57] Meter 75: Generated 2.261 kWh (encrypted: 334209 bytes, 4.371 ms)
[2025-12-10 08:02:17] Meter 75: Generated 3.491 kWh (encrypted: 334136 bytes, 4.787 ms)
[2025-12-10 08:02:33] NETWORK INFO: Server authentication successful for node: aggregator-001
✓ Aggregator connected: aggregator-001 from 127.0.0.1
✓ Sent 334136 bytes to aggregator-001 (0.36ms)
Session completed with aggregator-001
[2025-12-10 08:02:37] Meter 75: Generated 1.673 kWh (encrypted: 334227 bytes, 4.566 ms)
[2025-12-10 08:02:57] Meter 75: Generated 7.384 kWh (encrypted: 334127 bytes, 4.429 ms)
[2025-12-10 08:03:17] Meter 75: Generated 7.270 kWh (encrypted: 334372 bytes, 5.905 ms)
[2025-12-10 08:03:36] NETWORK INFO: Server authentication successful for node: aggregator-001
✓ Aggregator connected: aggregator-001 from 127.0.0.1
✓ Sent 334372 bytes to aggregator-001 (0.39ms)
Session completed with aggregator-001
[2025-12-10 08:03:37] Meter 75: Generated 5.000 kWh (encrypted: 334059 bytes, 5.331 ms)
[2025-12-10 08:03:57] Meter 75: Generated 1.692 kWh (encrypted: 334423 bytes, 4.559 ms)
[2025-12-10 08:04:17] Meter 75: Generated 3.343 kWh (encrypted: 334375 bytes, 10.275 ms)
[2025-12-10 08:04:37] Meter 75: Generated 6.330 kWh (encrypted: 334169 bytes, 5.378 ms)
[2025-12-10 08:04:39] NETWORK INFO: Server authentication successful for node: aggregator-001
✓ Aggregator connected: aggregator-001 from 127.0.0.1
✓ Sent 334169 bytes to aggregator-001 (34.83ms)
Session completed with aggregator-001
[2025-12-10 08:04:57] Meter 75: Generated 3.781 kWh (encrypted: 334114 bytes, 4.531 ms)
[2025-12-10 08:05:17] Meter 75: Generated 6.488 kWh (encrypted: 334021 bytes, 6.417 ms)
[2025-12-10 08:05:37] Meter 75: Generated 0.969 kWh (encrypted: 334351 bytes, 7.221 ms)
[2025-12-10 08:05:44] NETWORK INFO: Server authentication successful for node: aggregator-001
✓ Aggregator connected: aggregator-001 from 127.0.0.1
✓ Sent 334351 bytes to aggregator-001 (11.72ms)
Session completed with aggregator-001
[2025-12-10 08:05:57] Meter 75: Generated 5.267 kWh (encrypted: 334057 bytes, 7.170 ms)
[2025-12-10 08:06:17] Meter 75: Generated 1.438 kWh (encrypted: 334288 bytes, 7.349 ms)
[2025-12-10 08:06:37] Meter 75: Generated 0.861 kWh (encrypted: 334335 bytes, 5.240 ms)
[2025-12-10 08:06:50] NETWORK INFO: Server authentication successful for node: aggregator-001
✓ Aggregator connected: aggregator-001 from 127.0.0.1
✓ Sent 334335 bytes to aggregator-001 (0.39ms)
Session completed with aggregator-001
[2025-12-10 08:06:57] Meter 75: Generated 6.465 kWh (encrypted: 334409 bytes, 9.747 ms)
[2025-12-10 08:07:17] Meter 75: Generated 6.853 kWh (encrypted: 334203 bytes, 8.106 ms)
[2025-12-10 08:07:37] Meter 75: Generated 7.453 kWh (encrypted: 334149 bytes, 4.624 ms)
[2025-12-10 08:07:55] NETWORK INFO: Server authentication successful for node: aggregator-001
✓ Aggregator connected: aggregator-001 from 127.0.0.1
✓ Sent 334149 bytes to aggregator-001 (0.45ms)
Session completed with aggregator-001
[2025-12-10 08:07:57] Meter 75: Generated 6.562 kWh (encrypted: 334256 bytes, 7.088 ms)
[2025-12-10 08:08:17] Meter 75: Generated 2.974 kWh (encrypted: 334341 bytes, 10.837 ms)
[2025-12-10 08:08:37] Meter 75: Generated 0.850 kWh (encrypted: 334414 bytes, 6.104 ms)
[2025-12-10 08:08:57] Meter 75: Generated 4.568 kWh (encrypted: 334143 bytes, 6.843 ms)
[2025-12-10 08:09:01] NETWORK INFO: Server authentication successful for node: aggregator-001
✓ Aggregator connected: aggregator-001 from 127.0.0.1
✓ Sent 334143 bytes to aggregator-001 (0.39ms)
Session completed with aggregator-001
[2025-12-10 08:09:17] Meter 75: Generated 7.399 kWh (encrypted: 333954 bytes, 5.273 ms)
[2025-12-10 08:09:37] Meter 75: Generated 3.686 kWh (encrypted: 334374 bytes, 6.574 ms)
[2025-12-10 08:09:58] Meter 75: Generated 4.258 kWh (encrypted: 334484 bytes, 6.024 ms)
[2025-12-10 08:10:06] NETWORK INFO: Server authentication successful for node: aggregator-001
✓ Aggregator connected: aggregator-001 from 127.0.0.1
✓ Sent 334484 bytes to aggregator-001 (2.99ms)
Session completed with aggregator-001
[2025-12-10 08:10:18] Meter 75: Generated 7.388 kWh (encrypted: 334163 bytes, 6.469 ms)
[2025-12-10 08:10:38] Meter 75: Generated 3.706 kWh (encrypted: 334370 bytes, 6.928 ms)
[2025-12-10 08:10:58] Meter 75: Generated 4.194 kWh (encrypted: 334360 bytes, 4.567 ms)
[2025-12-10 08:11:12] NETWORK INFO: Server authentication successful for node: aggregator-001
✓ Aggregator connected: aggregator-001 from 127.0.0.1
✓ Sent 334360 bytes to aggregator-001 (12.23ms)
Session completed with aggregator-001
[2025-12-10 08:11:18] Meter 75: Generated 2.340 kWh (encrypted: 334330 bytes, 4.819 ms)
[2025-12-10 08:11:38] Meter 75: Generated 5.464 kWh (encrypted: 334112 bytes, 6.207 ms)
[2025-12-10 08:11:58] Meter 75: Generated 4.850 kWh (encrypted: 334510 bytes, 4.822 ms)
[2025-12-10 08:12:17] NETWORK INFO: Server authentication successful for node: aggregator-001
✓ Aggregator connected: aggregator-001 from 127.0.0.1
✓ Sent 334510 bytes to aggregator-001 (0.38ms)
Session completed with aggregator-001
[2025-12-10 08:12:18] Meter 75: Generated 4.620 kWh (encrypted: 333938 bytes, 6.425 ms)

Received shutdown signal. Gracefully shutting down smart meter...
Network server thread stopped
Data generation thread stopped
Smart meter 75 shutdown complete
