=== Continuous Smart Meter Server 40 ===
Initializing for continuous operation...
SEAL context initialized
Loaded certificate: smart-meter-040
Requesting public keys from KDC...
[2025-12-10 07:55:55] NETWORK ERROR: Failed to connect to 127.0.0.1:8444: Connection refused
Error: Failed to connect to KDC at 127.0.0.1:8444
Error: Failed to send key request to KDC
Failed to obtain keys from KDC, falling back to file keys
Loaded keys from fallback files
Cryptographic components initialized
[2025-12-10 07:55:55] NETWORK INFO: Server socket created and listening on port 9040
✓ Smart meter server ready on port 9040
Data transmission interval: 20 seconds (15x accelerated - simulates 5min)
✓ Performance metrics CSV files initialized in performance_data/
Starting continuous smart meter operation...
Press Ctrl+C to stop gracefully
Data generation thread started
Network server thread started on port 9040
[2025-12-10 07:56:05] NETWORK INFO: Server authentication successful for node: aggregator-001
✓ Aggregator connected: aggregator-001 from 127.0.0.1
[2025-12-10 07:56:15] Meter 40: Generated 4.931 kWh (encrypted: 334222 bytes, 4.872 ms)
✓ Sent 334222 bytes to aggregator-001 (0.66ms)
Session completed with aggregator-001
[2025-12-10 07:56:35] Meter 40: Generated 3.751 kWh (encrypted: 334366 bytes, 4.331 ms)
[2025-12-10 07:56:55] Meter 40: Generated 5.411 kWh (encrypted: 334270 bytes, 4.312 ms)
[2025-12-10 07:57:15] Meter 40: Generated 4.286 kWh (encrypted: 334378 bytes, 4.439 ms)
[2025-12-10 07:57:15] NETWORK INFO: Server authentication successful for node: aggregator-001
✓ Aggregator connected: aggregator-001 from 127.0.0.1
✓ Sent 334378 bytes to aggregator-001 (0.39ms)
Session completed with aggregator-001
[2025-12-10 07:57:35] Meter 40: Generated 6.580 kWh (encrypted: 334333 bytes, 5.447 ms)
[2025-12-10 07:57:55] Meter 40: Generated 7.030 kWh (encrypted: 334475 bytes, 5.775 ms)
[2025-12-10 07:58:15] Meter 40: Generated 3.617 kWh (encrypted: 334055 bytes, 4.444 ms)
[2025-12-10 07:58:25] NETWORK INFO: Server authentication successful for node: aggregator-001
✓ Aggregator connected: aggregator-001 from 127.0.0.1
✓ Sent 334055 bytes to aggregator-001 (0.36ms)
Session completed with aggregator-001
[2025-12-10 07:58:35] Meter 40: Generated 3.609 kWh (encrypted: 334343 bytes, 4.402 ms)
[2025-12-10 07:58:55] Meter 40: Generated 5.306 kWh (encrypted: 334022 bytes, 4.526 ms)
[2025-12-10 07:59:15] Meter 40: Generated 6.722 kWh (encrypted: 334035 bytes, 4.584 ms)
[2025-12-10 07:59:26] NETWORK INFO: Server authentication successful for node: aggregator-001
✓ Aggregator connected: aggregator-001 from 127.0.0.1
✓ Sent 334035 bytes to aggregator-001 (8.41ms)
Session completed with aggregator-001
[2025-12-10 07:59:35] Meter 40: Generated 4.629 kWh (encrypted: 334350 bytes, 4.460 ms)
[2025-12-10 07:59:55] Meter 40: Generated 5.005 kWh (encrypted: 334433 bytes, 4.617 ms)
[2025-12-10 08:00:15] Meter 40: Generated 6.502 kWh (encrypted: 334424 bytes, 4.489 ms)
[2025-12-10 08:00:28] NETWORK INFO: Server authentication successful for node: aggregator-001
✓ Aggregator connected: aggregator-001 from 127.0.0.1
✓ Sent 334424 bytes to aggregator-001 (0.84ms)
Session completed with aggregator-001
[2025-12-10 08:00:35] Meter 40: Generated 5.104 kWh (encrypted: 334463 bytes, 4.539 ms)
[2025-12-10 08:00:55] Meter 40: Generated 1.589 kWh (encrypted: 334437 bytes, 4.685 ms)
[2025-12-10 08:01:15] Meter 40: Generated 4.578 kWh (encrypted: 334216 bytes, 4.560 ms)
[2025-12-10 08:01:31] NETWORK INFO: Server authentication successful for node: aggregator-001
✓ Aggregator connected: aggregator-001 from 127.0.0.1
✓ Sent 334216 bytes to aggregator-001 (0.37ms)
Session completed with aggregator-001
[2025-12-10 08:01:35] Meter 40: Generated 3.252 kWh (encrypted: 334033 bytes, 4.330 ms)
[2025-12-10 08:01:55] Meter 40: Generated 5.964 kWh (encrypted: 334106 bytes, 4.528 ms)
[2025-12-10 08:02:15] Meter 40: Generated 2.607 kWh (encrypted: 334186 bytes, 4.342 ms)
[2025-12-10 08:02:33] NETWORK INFO: Server authentication successful for node: aggregator-001
✓ Aggregator connected: aggregator-001 from 127.0.0.1
✓ Sent 334186 bytes to aggregator-001 (8.30ms)
Session completed with aggregator-001
[2025-12-10 08:02:35] Meter 40: Generated 6.728 kWh (encrypted: 334471 bytes, 4.724 ms)
[2025-12-10 08:02:55] Meter 40: Generated 2.321 kWh (encrypted: 334347 bytes, 5.842 ms)
[2025-12-10 08:03:15] Meter 40: Generated 2.310 kWh (encrypted: 334136 bytes, 8.985 ms)
[2025-12-10 08:03:35] Meter 40: Generated 1.580 kWh (encrypted: 334062 bytes, 6.403 ms)
[2025-12-10 08:03:36] NETWORK INFO: Server authentication successful for node: aggregator-001
✓ Aggregator connected: aggregator-001 from 127.0.0.1
✓ Sent 334062 bytes to aggregator-001 (0.41ms)
Session completed with aggregator-001
[2025-12-10 08:03:55] Meter 40: Generated 1.712 kWh (encrypted: 334106 bytes, 6.516 ms)
[2025-12-10 08:04:15] Meter 40: Generated 3.061 kWh (encrypted: 334443 bytes, 9.632 ms)
[2025-12-10 08:04:35] Meter 40: Generated 4.769 kWh (encrypted: 334393 bytes, 8.415 ms)
[2025-12-10 08:04:39] NETWORK INFO: Server authentication successful for node: aggregator-001
✓ Aggregator connected: aggregator-001 from 127.0.0.1
✓ Sent 334393 bytes to aggregator-001 (0.42ms)
Session completed with aggregator-001
[2025-12-10 08:04:55] Meter 40: Generated 6.475 kWh (encrypted: 334400 bytes, 5.867 ms)
[2025-12-10 08:05:15] Meter 40: Generated 6.060 kWh (encrypted: 334086 bytes, 17.817 ms)
[2025-12-10 08:05:35] Meter 40: Generated 6.361 kWh (encrypted: 334440 bytes, 5.807 ms)
[2025-12-10 08:05:44] NETWORK INFO: Server authentication successful for node: aggregator-001
✓ Aggregator connected: aggregator-001 from 127.0.0.1
✓ Sent 334440 bytes to aggregator-001 (5.03ms)
Session completed with aggregator-001
[2025-12-10 08:05:55] Meter 40: Generated 1.657 kWh (encrypted: 334392 bytes, 6.704 ms)
[2025-12-10 08:06:15] Meter 40: Generated 6.860 kWh (encrypted: 334137 bytes, 7.457 ms)
[2025-12-10 08:06:35] Meter 40: Generated 2.995 kWh (encrypted: 333953 bytes, 14.381 ms)
[2025-12-10 08:06:50] NETWORK INFO: Server authentication successful for node: aggregator-001
✓ Aggregator connected: aggregator-001 from 127.0.0.1
✓ Sent 333953 bytes to aggregator-001 (7.10ms)
Session completed with aggregator-001
[2025-12-10 08:06:55] Meter 40: Generated 4.262 kWh (encrypted: 334329 bytes, 4.488 ms)
[2025-12-10 08:07:15] Meter 40: Generated 4.734 kWh (encrypted: 334150 bytes, 4.304 ms)
[2025-12-10 08:07:35] Meter 40: Generated 4.017 kWh (encrypted: 334486 bytes, 5.133 ms)
[2025-12-10 08:07:55] Meter 40: Generated 1.668 kWh (encrypted: 334295 bytes, 6.113 ms)
[2025-12-10 08:07:56] NETWORK INFO: Server authentication successful for node: aggregator-001
✓ Aggregator connected: aggregator-001 from 127.0.0.1
✓ Sent 334295 bytes to aggregator-001 (0.39ms)
Session completed with aggregator-001
[2025-12-10 08:08:15] Meter 40: Generated 5.698 kWh (encrypted: 334448 bytes, 4.568 ms)
[2025-12-10 08:08:35] Meter 40: Generated 2.774 kWh (encrypted: 334343 bytes, 5.127 ms)
[2025-12-10 08:08:55] Meter 40: Generated 3.588 kWh (encrypted: 334207 bytes, 5.282 ms)
[2025-12-10 08:09:01] NETWORK INFO: Server authentication successful for node: aggregator-001
✓ Aggregator connected: aggregator-001 from 127.0.0.1
✓ Sent 334207 bytes to aggregator-001 (35.89ms)
Session completed with aggregator-001
[2025-12-10 08:09:15] Meter 40: Generated 1.288 kWh (encrypted: 334419 bytes, 6.446 ms)
[2025-12-10 08:09:35] Meter 40: Generated 6.716 kWh (encrypted: 334357 bytes, 4.999 ms)
[2025-12-10 08:09:55] Meter 40: Generated 4.105 kWh (encrypted: 334503 bytes, 5.077 ms)
[2025-12-10 08:10:06] NETWORK INFO: Server authentication successful for node: aggregator-001
✓ Aggregator connected: aggregator-001 from 127.0.0.1
✓ Sent 334503 bytes to aggregator-001 (0.37ms)
Session completed with aggregator-001
[2025-12-10 08:10:15] Meter 40: Generated 4.588 kWh (encrypted: 334045 bytes, 7.094 ms)
[2025-12-10 08:10:35] Meter 40: Generated 1.875 kWh (encrypted: 334391 bytes, 6.523 ms)
[2025-12-10 08:10:55] Meter 40: Generated 1.128 kWh (encrypted: 334402 bytes, 4.867 ms)
[2025-12-10 08:11:12] NETWORK INFO: Server authentication successful for node: aggregator-001
✓ Aggregator connected: aggregator-001 from 127.0.0.1
✓ Sent 334402 bytes to aggregator-001 (0.44ms)
Session completed with aggregator-001
[2025-12-10 08:11:15] Meter 40: Generated 5.650 kWh (encrypted: 334192 bytes, 4.561 ms)
[2025-12-10 08:11:35] Meter 40: Generated 5.350 kWh (encrypted: 334120 bytes, 6.529 ms)
[2025-12-10 08:11:55] Meter 40: Generated 5.766 kWh (encrypted: 334443 bytes, 6.554 ms)
[2025-12-10 08:12:15] Meter 40: Generated 4.761 kWh (encrypted: 334111 bytes, 6.395 ms)
[2025-12-10 08:12:17] NETWORK INFO: Server authentication successful for node: aggregator-001
✓ Aggregator connected: aggregator-001 from 127.0.0.1
✓ Sent 334111 bytes to aggregator-001 (0.36ms)
Session completed with aggregator-001

Received shutdown signal. Gracefully shutting down smart meter...
Network server thread stopped
Data generation thread stopped
Smart meter 40 shutdown complete
