=== Continuous Smart Meter Server 210 ===
Initializing for continuous operation...
SEAL context initialized
Loaded certificate: smart-meter-210
Requesting public keys from KDC...
[2025-12-10 07:59:22] NETWORK ERROR: Failed to connect to 127.0.0.1:8444: Connection refused
Error: Failed to connect to KDC at 127.0.0.1:8444
Error: Failed to send key request to KDC
Failed to obtain keys from KDC, falling back to file keys
Loaded keys from fallback files
Cryptographic components initialized
[2025-12-10 07:59:22] NETWORK INFO: Server socket created and listening on port 9210
✓ Smart meter server ready on port 9210
Data transmission interval: 20 seconds (15x accelerated - simulates 5min)
✓ Performance metrics CSV files initialized in performance_data/
Starting continuous smart meter operation...
Press Ctrl+C to stop gracefully
Data generation thread started
Network server thread started on port 9210
[2025-12-10 07:59:26] NETWORK INFO: Server authentication successful for node: aggregator-001
✓ Aggregator connected: aggregator-001 from 127.0.0.1
[2025-12-10 07:59:42] Meter 210: Generated 6.300 kWh (encrypted: 334401 bytes, 6.364 ms)
✓ Sent 334401 bytes to aggregator-001 (0.78ms)
Session completed with aggregator-001
[2025-12-10 08:00:02] Meter 210: Generated 7.314 kWh (encrypted: 334382 bytes, 5.070 ms)
[2025-12-10 08:00:22] Meter 210: Generated 7.163 kWh (encrypted: 334378 bytes, 4.339 ms)
[2025-12-10 08:00:28] NETWORK INFO: Server authentication successful for node: aggregator-001
✓ Aggregator connected: aggregator-001 from 127.0.0.1
✓ Sent 334378 bytes to aggregator-001 (0.42ms)
Session completed with aggregator-001
[2025-12-10 08:00:42] Meter 210: Generated 4.267 kWh (encrypted: 334460 bytes, 4.784 ms)
[2025-12-10 08:01:02] Meter 210: Generated 1.819 kWh (encrypted: 334198 bytes, 4.998 ms)
[2025-12-10 08:01:22] Meter 210: Generated 2.565 kWh (encrypted: 334390 bytes, 4.848 ms)
[2025-12-10 08:01:31] NETWORK INFO: Server authentication successful for node: aggregator-001
✓ Aggregator connected: aggregator-001 from 127.0.0.1
✓ Sent 334390 bytes to aggregator-001 (0.39ms)
Session completed with aggregator-001
[2025-12-10 08:01:42] Meter 210: Generated 7.035 kWh (encrypted: 333960 bytes, 4.498 ms)
[2025-12-10 08:02:02] Meter 210: Generated 6.749 kWh (encrypted: 334406 bytes, 6.000 ms)
[2025-12-10 08:02:22] Meter 210: Generated 2.182 kWh (encrypted: 334197 bytes, 4.499 ms)
[2025-12-10 08:02:33] NETWORK INFO: Server authentication successful for node: aggregator-001
✓ Aggregator connected: aggregator-001 from 127.0.0.1
✓ Sent 334197 bytes to aggregator-001 (0.40ms)
Session completed with aggregator-001
[2025-12-10 08:02:42] Meter 210: Generated 5.551 kWh (encrypted: 334405 bytes, 4.677 ms)
[2025-12-10 08:03:02] Meter 210: Generated 2.112 kWh (encrypted: 334434 bytes, 6.713 ms)
[2025-12-10 08:03:22] Meter 210: Generated 3.203 kWh (encrypted: 334282 bytes, 4.376 ms)
[2025-12-10 08:03:36] NETWORK INFO: Server authentication successful for node: aggregator-001
✓ Aggregator connected: aggregator-001 from 127.0.0.1
✓ Sent 334282 bytes to aggregator-001 (2.53ms)
Session completed with aggregator-001
[2025-12-10 08:03:42] Meter 210: Generated 5.376 kWh (encrypted: 334352 bytes, 6.734 ms)
[2025-12-10 08:04:02] Meter 210: Generated 1.257 kWh (encrypted: 334283 bytes, 5.028 ms)
[2025-12-10 08:04:22] Meter 210: Generated 4.286 kWh (encrypted: 334533 bytes, 6.542 ms)
[2025-12-10 08:04:39] NETWORK INFO: Server authentication successful for node: aggregator-001
✓ Aggregator connected: aggregator-001 from 127.0.0.1
✓ Sent 334533 bytes to aggregator-001 (12.22ms)
Session completed with aggregator-001
[2025-12-10 08:04:43] Meter 210: Generated 4.886 kWh (encrypted: 334276 bytes, 4.752 ms)
[2025-12-10 08:05:03] Meter 210: Generated 5.058 kWh (encrypted: 334449 bytes, 20.679 ms)
[2025-12-10 08:05:23] Meter 210: Generated 6.999 kWh (encrypted: 334437 bytes, 4.594 ms)
[2025-12-10 08:05:43] Meter 210: Generated 2.954 kWh (encrypted: 334550 bytes, 4.641 ms)
[2025-12-10 08:05:44] NETWORK INFO: Server authentication successful for node: aggregator-001
✓ Aggregator connected: aggregator-001 from 127.0.0.1
✓ Sent 334550 bytes to aggregator-001 (1.61ms)
Session completed with aggregator-001
[2025-12-10 08:06:03] Meter 210: Generated 1.709 kWh (encrypted: 334471 bytes, 4.589 ms)
[2025-12-10 08:06:23] Meter 210: Generated 2.305 kWh (encrypted: 334425 bytes, 6.383 ms)
[2025-12-10 08:06:43] Meter 210: Generated 3.560 kWh (encrypted: 334226 bytes, 4.670 ms)
[2025-12-10 08:06:50] NETWORK INFO: Server authentication successful for node: aggregator-001
✓ Aggregator connected: aggregator-001 from 127.0.0.1
✓ Sent 334226 bytes to aggregator-001 (0.40ms)
Session completed with aggregator-001
[2025-12-10 08:07:03] Meter 210: Generated 2.976 kWh (encrypted: 334519 bytes, 6.590 ms)
[2025-12-10 08:07:23] Meter 210: Generated 1.962 kWh (encrypted: 334124 bytes, 4.409 ms)
[2025-12-10 08:07:43] Meter 210: Generated 7.212 kWh (encrypted: 334403 bytes, 6.345 ms)
[2025-12-10 08:07:56] NETWORK INFO: Server authentication successful for node: aggregator-001
✓ Aggregator connected: aggregator-001 from 127.0.0.1
✓ Sent 334403 bytes to aggregator-001 (0.35ms)
Session completed with aggregator-001
[2025-12-10 08:08:03] Meter 210: Generated 6.649 kWh (encrypted: 334357 bytes, 6.412 ms)
[2025-12-10 08:08:23] Meter 210: Generated 7.017 kWh (encrypted: 334226 bytes, 5.175 ms)
[2025-12-10 08:08:43] Meter 210: Generated 7.043 kWh (encrypted: 334132 bytes, 4.466 ms)
[2025-12-10 08:09:01] NETWORK INFO: Server authentication successful for node: aggregator-001
✓ Aggregator connected: aggregator-001 from 127.0.0.1
✓ Sent 334132 bytes to aggregator-001 (0.48ms)
Session completed with aggregator-001
[2025-12-10 08:09:03] Meter 210: Generated 6.669 kWh (encrypted: 334271 bytes, 6.646 ms)
[2025-12-10 08:09:23] Meter 210: Generated 3.040 kWh (encrypted: 334418 bytes, 6.630 ms)
[2025-12-10 08:09:43] Meter 210: Generated 1.506 kWh (encrypted: 334479 bytes, 6.235 ms)
[2025-12-10 08:10:03] Meter 210: Generated 2.420 kWh (encrypted: 334564 bytes, 6.115 ms)
[2025-12-10 08:10:06] NETWORK INFO: Server authentication successful for node: aggregator-001
✓ Aggregator connected: aggregator-001 from 127.0.0.1
✓ Sent 334564 bytes to aggregator-001 (0.36ms)
Session completed with aggregator-001
[2025-12-10 08:10:23] Meter 210: Generated 7.547 kWh (encrypted: 334262 bytes, 6.539 ms)
[2025-12-10 08:10:43] Meter 210: Generated 3.609 kWh (encrypted: 334175 bytes, 5.320 ms)
[2025-12-10 08:11:03] Meter 210: Generated 7.222 kWh (encrypted: 334230 bytes, 6.835 ms)
[2025-12-10 08:11:12] NETWORK INFO: Server authentication successful for node: aggregator-001
✓ Aggregator connected: aggregator-001 from 127.0.0.1
✓ Sent 334230 bytes to aggregator-001 (0.34ms)
Session completed with aggregator-001
[2025-12-10 08:11:23] Meter 210: Generated 2.168 kWh (encrypted: 334184 bytes, 4.854 ms)
[2025-12-10 08:11:43] Meter 210: Generated 5.041 kWh (encrypted: 334334 bytes, 4.965 ms)
[2025-12-10 08:12:03] Meter 210: Generated 3.571 kWh (encrypted: 334397 bytes, 4.446 ms)
[2025-12-10 08:12:17] NETWORK INFO: Server authentication successful for node: aggregator-001
✓ Aggregator connected: aggregator-001 from 127.0.0.1
✓ Sent 334397 bytes to aggregator-001 (0.40ms)
Session completed with aggregator-001
[2025-12-10 08:12:23] Meter 210: Generated 6.785 kWh (encrypted: 334362 bytes, 4.727 ms)

Received shutdown signal. Gracefully shutting down smart meter...
Network server thread stopped
Data generation thread stopped
Smart meter 210 shutdown complete
