=== Continuous Smart Meter Server 447 ===
Initializing for continuous operation...
SEAL context initialized
Loaded certificate: smart-meter-447
Requesting public keys from KDC...
[2025-12-10 08:04:18] NETWORK ERROR: Failed to connect to 127.0.0.1:8444: Connection refused
Error: Failed to connect to KDC at 127.0.0.1:8444
Error: Failed to send key request to KDC
Failed to obtain keys from KDC, falling back to file keys
Loaded keys from fallback files
Cryptographic components initialized
[2025-12-10 08:04:18] NETWORK INFO: Server socket created and listening on port 9447
✓ Smart meter server ready on port 9447
Data transmission interval: 20 seconds (15x accelerated - simulates 5min)
✓ Performance metrics CSV files initialized in performance_data/
Starting continuous smart meter operation...
Press Ctrl+C to stop gracefully
Data generation thread started
Network server thread started on port 9447
[2025-12-10 08:04:38] Meter 447: Generated 6.240 kWh (encrypted: 334159 bytes, 9.486 ms)
[2025-12-10 08:04:39] NETWORK INFO: Server authentication successful for node: aggregator-001
✓ Aggregator connected: aggregator-001 from 127.0.0.1
✓ Sent 334159 bytes to aggregator-001 (4.04ms)
Session completed with aggregator-001
[2025-12-10 08:04:58] Meter 447: Generated 5.856 kWh (encrypted: 334235 bytes, 6.519 ms)
[2025-12-10 08:05:18] Meter 447: Generated 1.035 kWh (encrypted: 334468 bytes, 4.876 ms)
[2025-12-10 08:05:38] Meter 447: Generated 5.378 kWh (encrypted: 334461 bytes, 4.615 ms)
[2025-12-10 08:05:44] NETWORK INFO: Server authentication successful for node: aggregator-001
✓ Aggregator connected: aggregator-001 from 127.0.0.1
✓ Sent 334461 bytes to aggregator-001 (0.35ms)
Session completed with aggregator-001
[2025-12-10 08:05:58] Meter 447: Generated 4.513 kWh (encrypted: 334412 bytes, 4.395 ms)
[2025-12-10 08:06:18] Meter 447: Generated 3.949 kWh (encrypted: 334305 bytes, 6.394 ms)
[2025-12-10 08:06:38] Meter 447: Generated 1.428 kWh (encrypted: 334376 bytes, 4.473 ms)
[2025-12-10 08:06:50] NETWORK INFO: Server authentication successful for node: aggregator-001
✓ Aggregator connected: aggregator-001 from 127.0.0.1
✓ Sent 334376 bytes to aggregator-001 (5.10ms)
Session completed with aggregator-001
[2025-12-10 08:06:58] Meter 447: Generated 4.373 kWh (encrypted: 334307 bytes, 7.552 ms)
[2025-12-10 08:07:18] Meter 447: Generated 4.376 kWh (encrypted: 334095 bytes, 7.282 ms)
[2025-12-10 08:07:38] Meter 447: Generated 4.597 kWh (encrypted: 334441 bytes, 7.198 ms)
[2025-12-10 08:07:56] NETWORK INFO: Server authentication successful for node: aggregator-001
✓ Aggregator connected: aggregator-001 from 127.0.0.1
✓ Sent 334441 bytes to aggregator-001 (2.82ms)
Session completed with aggregator-001
[2025-12-10 08:07:58] Meter 447: Generated 1.542 kWh (encrypted: 334419 bytes, 6.472 ms)
[2025-12-10 08:08:18] Meter 447: Generated 1.233 kWh (encrypted: 334371 bytes, 6.560 ms)
[2025-12-10 08:08:38] Meter 447: Generated 1.903 kWh (encrypted: 334203 bytes, 4.499 ms)
[2025-12-10 08:08:58] Meter 447: Generated 1.336 kWh (encrypted: 334307 bytes, 7.492 ms)
[2025-12-10 08:09:01] NETWORK INFO: Server authentication successful for node: aggregator-001
✓ Aggregator connected: aggregator-001 from 127.0.0.1
✓ Sent 334307 bytes to aggregator-001 (1.22ms)
Session completed with aggregator-001
[2025-12-10 08:09:18] Meter 447: Generated 2.460 kWh (encrypted: 334340 bytes, 6.532 ms)
[2025-12-10 08:09:38] Meter 447: Generated 1.769 kWh (encrypted: 334415 bytes, 5.289 ms)
[2025-12-10 08:09:58] Meter 447: Generated 4.021 kWh (encrypted: 334414 bytes, 7.167 ms)
[2025-12-10 08:10:06] NETWORK INFO: Server authentication successful for node: aggregator-001
✓ Aggregator connected: aggregator-001 from 127.0.0.1
✓ Sent 334414 bytes to aggregator-001 (0.36ms)
Session completed with aggregator-001
[2025-12-10 08:10:18] Meter 447: Generated 2.846 kWh (encrypted: 334120 bytes, 6.563 ms)
[2025-12-10 08:10:38] Meter 447: Generated 5.055 kWh (encrypted: 334376 bytes, 8.785 ms)
[2025-12-10 08:10:58] Meter 447: Generated 2.234 kWh (encrypted: 334064 bytes, 12.615 ms)
[2025-12-10 08:11:12] NETWORK INFO: Server authentication successful for node: aggregator-001
✓ Aggregator connected: aggregator-001 from 127.0.0.1
✓ Sent 334064 bytes to aggregator-001 (1.26ms)
Session completed with aggregator-001
[2025-12-10 08:11:18] Meter 447: Generated 0.760 kWh (encrypted: 334452 bytes, 6.804 ms)
[2025-12-10 08:11:38] Meter 447: Generated 2.782 kWh (encrypted: 334238 bytes, 4.846 ms)
[2025-12-10 08:11:58] Meter 447: Generated 5.879 kWh (encrypted: 334344 bytes, 6.494 ms)
[2025-12-10 08:12:17] NETWORK INFO: Server authentication successful for node: aggregator-001
✓ Aggregator connected: aggregator-001 from 127.0.0.1
✓ Sent 334344 bytes to aggregator-001 (0.41ms)
Session completed with aggregator-001
[2025-12-10 08:12:18] Meter 447: Generated 2.623 kWh (encrypted: 334267 bytes, 7.635 ms)

Received shutdown signal. Gracefully shutting down smart meter...
Network server thread stopped
Data generation thread stopped
Smart meter 447 shutdown complete
