=== Continuous Smart Meter Server 151 ===
Initializing for continuous operation...
SEAL context initialized
Loaded certificate: smart-meter-151
Requesting public keys from KDC...
[2025-12-10 07:58:10] NETWORK ERROR: Failed to connect to 127.0.0.1:8444: Connection refused
Error: Failed to connect to KDC at 127.0.0.1:8444
Error: Failed to send key request to KDC
Failed to obtain keys from KDC, falling back to file keys
Loaded keys from fallback files
Cryptographic components initialized
[2025-12-10 07:58:10] NETWORK INFO: Server socket created and listening on port 9151
✓ Smart meter server ready on port 9151
Data transmission interval: 20 seconds (15x accelerated - simulates 5min)
✓ Performance metrics CSV files initialized in performance_data/
Starting continuous smart meter operation...
Press Ctrl+C to stop gracefully
Data generation thread started
Network server thread started on port 9151
[2025-12-10 07:58:25] NETWORK INFO: Server authentication successful for node: aggregator-001
✓ Aggregator connected: aggregator-001 from 127.0.0.1
[2025-12-10 07:58:30] Meter 151: Generated 2.226 kWh (encrypted: 334179 bytes, 4.994 ms)
✓ Sent 334179 bytes to aggregator-001 (0.70ms)
Session completed with aggregator-001
[2025-12-10 07:58:50] Meter 151: Generated 6.521 kWh (encrypted: 334099 bytes, 4.400 ms)
[2025-12-10 07:59:10] Meter 151: Generated 2.819 kWh (encrypted: 334450 bytes, 4.520 ms)
[2025-12-10 07:59:26] NETWORK INFO: Server authentication successful for node: aggregator-001
✓ Aggregator connected: aggregator-001 from 127.0.0.1
✓ Sent 334450 bytes to aggregator-001 (0.38ms)
Session completed with aggregator-001
[2025-12-10 07:59:30] Meter 151: Generated 5.789 kWh (encrypted: 334056 bytes, 4.613 ms)
[2025-12-10 07:59:50] Meter 151: Generated 2.838 kWh (encrypted: 334402 bytes, 4.573 ms)
[2025-12-10 08:00:10] Meter 151: Generated 3.429 kWh (encrypted: 334365 bytes, 4.798 ms)
[2025-12-10 08:00:28] NETWORK INFO: Server authentication successful for node: aggregator-001
✓ Aggregator connected: aggregator-001 from 127.0.0.1
✓ Sent 334365 bytes to aggregator-001 (0.37ms)
Session completed with aggregator-001
[2025-12-10 08:00:30] Meter 151: Generated 1.546 kWh (encrypted: 334463 bytes, 5.243 ms)
[2025-12-10 08:00:50] Meter 151: Generated 5.418 kWh (encrypted: 334284 bytes, 4.709 ms)
[2025-12-10 08:01:10] Meter 151: Generated 4.861 kWh (encrypted: 334198 bytes, 4.399 ms)
[2025-12-10 08:01:30] Meter 151: Generated 7.485 kWh (encrypted: 334132 bytes, 4.587 ms)
[2025-12-10 08:01:31] NETWORK INFO: Server authentication successful for node: aggregator-001
✓ Aggregator connected: aggregator-001 from 127.0.0.1
✓ Sent 334132 bytes to aggregator-001 (8.72ms)
Session completed with aggregator-001
[2025-12-10 08:01:50] Meter 151: Generated 6.969 kWh (encrypted: 333990 bytes, 4.326 ms)
[2025-12-10 08:02:10] Meter 151: Generated 2.424 kWh (encrypted: 334127 bytes, 4.566 ms)
[2025-12-10 08:02:30] Meter 151: Generated 3.146 kWh (encrypted: 334464 bytes, 6.066 ms)
[2025-12-10 08:02:33] NETWORK INFO: Server authentication successful for node: aggregator-001
✓ Aggregator connected: aggregator-001 from 127.0.0.1
✓ Sent 334464 bytes to aggregator-001 (0.38ms)
Session completed with aggregator-001
[2025-12-10 08:02:50] Meter 151: Generated 3.972 kWh (encrypted: 334358 bytes, 4.792 ms)
[2025-12-10 08:03:10] Meter 151: Generated 4.343 kWh (encrypted: 334203 bytes, 4.315 ms)
[2025-12-10 08:03:30] Meter 151: Generated 1.214 kWh (encrypted: 334323 bytes, 6.326 ms)
[2025-12-10 08:03:36] NETWORK INFO: Server authentication successful for node: aggregator-001
✓ Aggregator connected: aggregator-001 from 127.0.0.1
✓ Sent 334323 bytes to aggregator-001 (0.39ms)
Session completed with aggregator-001
[2025-12-10 08:03:50] Meter 151: Generated 7.058 kWh (encrypted: 334180 bytes, 4.495 ms)
[2025-12-10 08:04:10] Meter 151: Generated 4.488 kWh (encrypted: 334380 bytes, 4.374 ms)
[2025-12-10 08:04:30] Meter 151: Generated 4.094 kWh (encrypted: 334055 bytes, 6.044 ms)
[2025-12-10 08:04:39] NETWORK INFO: Server authentication successful for node: aggregator-001
✓ Aggregator connected: aggregator-001 from 127.0.0.1
✓ Sent 334055 bytes to aggregator-001 (0.37ms)
Session completed with aggregator-001
[2025-12-10 08:04:50] Meter 151: Generated 1.795 kWh (encrypted: 334368 bytes, 4.757 ms)
[2025-12-10 08:05:10] Meter 151: Generated 2.343 kWh (encrypted: 334389 bytes, 5.617 ms)
[2025-12-10 08:05:30] Meter 151: Generated 5.121 kWh (encrypted: 334302 bytes, 4.896 ms)
[2025-12-10 08:05:44] NETWORK INFO: Server authentication successful for node: aggregator-001
✓ Aggregator connected: aggregator-001 from 127.0.0.1
✓ Sent 334302 bytes to aggregator-001 (0.39ms)
Session completed with aggregator-001
[2025-12-10 08:05:50] Meter 151: Generated 4.951 kWh (encrypted: 334408 bytes, 5.331 ms)
[2025-12-10 08:06:10] Meter 151: Generated 6.901 kWh (encrypted: 334209 bytes, 6.214 ms)
[2025-12-10 08:06:30] Meter 151: Generated 1.444 kWh (encrypted: 334127 bytes, 5.329 ms)
[2025-12-10 08:06:50] NETWORK INFO: Server authentication successful for node: aggregator-001
✓ Aggregator connected: aggregator-001 from 127.0.0.1
✓ Sent 334127 bytes to aggregator-001 (0.37ms)
Session completed with aggregator-001
[2025-12-10 08:06:50] Meter 151: Generated 6.902 kWh (encrypted: 334376 bytes, 24.364 ms)
[2025-12-10 08:07:10] Meter 151: Generated 4.302 kWh (encrypted: 334417 bytes, 5.527 ms)
[2025-12-10 08:07:30] Meter 151: Generated 0.793 kWh (encrypted: 334456 bytes, 4.439 ms)
[2025-12-10 08:07:50] Meter 151: Generated 5.878 kWh (encrypted: 334348 bytes, 6.444 ms)
[2025-12-10 08:07:55] NETWORK INFO: Server authentication successful for node: aggregator-001
✓ Aggregator connected: aggregator-001 from 127.0.0.1
✓ Sent 334348 bytes to aggregator-001 (0.44ms)
Session completed with aggregator-001
[2025-12-10 08:08:10] Meter 151: Generated 6.563 kWh (encrypted: 334146 bytes, 4.987 ms)
[2025-12-10 08:08:30] Meter 151: Generated 6.542 kWh (encrypted: 334162 bytes, 5.071 ms)
[2025-12-10 08:08:50] Meter 151: Generated 6.811 kWh (encrypted: 334157 bytes, 7.062 ms)
[2025-12-10 08:09:01] NETWORK INFO: Server authentication successful for node: aggregator-001
✓ Aggregator connected: aggregator-001 from 127.0.0.1
✓ Sent 334157 bytes to aggregator-001 (0.37ms)
Session completed with aggregator-001
[2025-12-10 08:09:10] Meter 151: Generated 2.424 kWh (encrypted: 334356 bytes, 6.188 ms)
[2025-12-10 08:09:30] Meter 151: Generated 6.325 kWh (encrypted: 334386 bytes, 4.666 ms)
[2025-12-10 08:09:50] Meter 151: Generated 5.588 kWh (encrypted: 334311 bytes, 4.815 ms)
[2025-12-10 08:10:06] NETWORK INFO: Server authentication successful for node: aggregator-001
✓ Aggregator connected: aggregator-001 from 127.0.0.1
✓ Sent 334311 bytes to aggregator-001 (31.72ms)
Session completed with aggregator-001
[2025-12-10 08:10:10] Meter 151: Generated 6.352 kWh (encrypted: 334407 bytes, 4.507 ms)
[2025-12-10 08:10:30] Meter 151: Generated 4.939 kWh (encrypted: 334322 bytes, 4.471 ms)
[2025-12-10 08:10:50] Meter 151: Generated 6.246 kWh (encrypted: 334154 bytes, 4.693 ms)
[2025-12-10 08:11:10] Meter 151: Generated 1.650 kWh (encrypted: 334395 bytes, 7.809 ms)
[2025-12-10 08:11:12] NETWORK INFO: Server authentication successful for node: aggregator-001
✓ Aggregator connected: aggregator-001 from 127.0.0.1
✓ Sent 334395 bytes to aggregator-001 (0.37ms)
Session completed with aggregator-001
[2025-12-10 08:11:30] Meter 151: Generated 2.361 kWh (encrypted: 334314 bytes, 5.712 ms)
[2025-12-10 08:11:50] Meter 151: Generated 4.079 kWh (encrypted: 334476 bytes, 4.396 ms)
[2025-12-10 08:12:10] Meter 151: Generated 6.251 kWh (encrypted: 334417 bytes, 6.480 ms)
[2025-12-10 08:12:17] NETWORK INFO: Server authentication successful for node: aggregator-001
✓ Aggregator connected: aggregator-001 from 127.0.0.1
✓ Sent 334417 bytes to aggregator-001 (0.41ms)
Session completed with aggregator-001
[2025-12-10 08:12:30] Meter 151: Generated 2.266 kWh (encrypted: 334155 bytes, 4.663 ms)

Received shutdown signal. Gracefully shutting down smart meter...
Network server thread stopped
Data generation thread stopped
Smart meter 151 shutdown complete
