=== Continuous Smart Meter Server 209 ===
Initializing for continuous operation...
SEAL context initialized
Loaded certificate: smart-meter-209
Requesting public keys from KDC...
[2025-12-10 07:59:21] NETWORK ERROR: Failed to connect to 127.0.0.1:8444: Connection refused
Error: Failed to connect to KDC at 127.0.0.1:8444
Error: Failed to send key request to KDC
Failed to obtain keys from KDC, falling back to file keys
Loaded keys from fallback files
Cryptographic components initialized
[2025-12-10 07:59:21] NETWORK INFO: Server socket created and listening on port 9209
✓ Smart meter server ready on port 9209
Data transmission interval: 20 seconds (15x accelerated - simulates 5min)
✓ Performance metrics CSV files initialized in performance_data/
Starting continuous smart meter operation...
Press Ctrl+C to stop gracefully
Data generation thread started
Network server thread started on port 9209
[2025-12-10 07:59:26] NETWORK INFO: Server authentication successful for node: aggregator-001
✓ Aggregator connected: aggregator-001 from 127.0.0.1
[2025-12-10 07:59:41] Meter 209: Generated 4.617 kWh (encrypted: 334235 bytes, 5.401 ms)
✓ Sent 334235 bytes to aggregator-001 (0.68ms)
Session completed with aggregator-001
[2025-12-10 08:00:01] Meter 209: Generated 1.985 kWh (encrypted: 334457 bytes, 4.629 ms)
[2025-12-10 08:00:21] Meter 209: Generated 7.371 kWh (encrypted: 334083 bytes, 4.881 ms)
[2025-12-10 08:00:28] NETWORK INFO: Server authentication successful for node: aggregator-001
✓ Aggregator connected: aggregator-001 from 127.0.0.1
✓ Sent 334083 bytes to aggregator-001 (0.38ms)
Session completed with aggregator-001
[2025-12-10 08:00:41] Meter 209: Generated 4.434 kWh (encrypted: 334180 bytes, 4.966 ms)
[2025-12-10 08:01:01] Meter 209: Generated 3.576 kWh (encrypted: 334035 bytes, 4.578 ms)
[2025-12-10 08:01:21] Meter 209: Generated 2.659 kWh (encrypted: 333973 bytes, 4.601 ms)
[2025-12-10 08:01:31] NETWORK INFO: Server authentication successful for node: aggregator-001
✓ Aggregator connected: aggregator-001 from 127.0.0.1
✓ Sent 333973 bytes to aggregator-001 (31.08ms)
Session completed with aggregator-001
[2025-12-10 08:01:41] Meter 209: Generated 3.753 kWh (encrypted: 334479 bytes, 5.663 ms)
[2025-12-10 08:02:01] Meter 209: Generated 3.978 kWh (encrypted: 334403 bytes, 4.575 ms)
[2025-12-10 08:02:21] Meter 209: Generated 2.805 kWh (encrypted: 334448 bytes, 5.210 ms)
[2025-12-10 08:02:33] NETWORK INFO: Server authentication successful for node: aggregator-001
✓ Aggregator connected: aggregator-001 from 127.0.0.1
✓ Sent 334448 bytes to aggregator-001 (9.61ms)
Session completed with aggregator-001
[2025-12-10 08:02:41] Meter 209: Generated 1.902 kWh (encrypted: 334513 bytes, 4.599 ms)
[2025-12-10 08:03:01] Meter 209: Generated 1.527 kWh (encrypted: 334335 bytes, 4.644 ms)
[2025-12-10 08:03:21] Meter 209: Generated 6.249 kWh (encrypted: 334316 bytes, 6.510 ms)
[2025-12-10 08:03:36] NETWORK INFO: Server authentication successful for node: aggregator-001
✓ Aggregator connected: aggregator-001 from 127.0.0.1
✓ Sent 334316 bytes to aggregator-001 (3.10ms)
Session completed with aggregator-001
[2025-12-10 08:03:41] Meter 209: Generated 4.086 kWh (encrypted: 334440 bytes, 4.456 ms)
[2025-12-10 08:04:01] Meter 209: Generated 5.469 kWh (encrypted: 334387 bytes, 4.728 ms)
[2025-12-10 08:04:21] Meter 209: Generated 1.648 kWh (encrypted: 334067 bytes, 4.548 ms)
[2025-12-10 08:04:39] NETWORK INFO: Server authentication successful for node: aggregator-001
✓ Aggregator connected: aggregator-001 from 127.0.0.1
✓ Sent 334067 bytes to aggregator-001 (0.36ms)
Session completed with aggregator-001
[2025-12-10 08:04:41] Meter 209: Generated 2.998 kWh (encrypted: 334444 bytes, 4.832 ms)
[2025-12-10 08:05:01] Meter 209: Generated 4.062 kWh (encrypted: 334433 bytes, 4.595 ms)
[2025-12-10 08:05:21] Meter 209: Generated 6.345 kWh (encrypted: 334007 bytes, 4.323 ms)
[2025-12-10 08:05:41] Meter 209: Generated 5.187 kWh (encrypted: 334379 bytes, 4.586 ms)
[2025-12-10 08:05:44] NETWORK INFO: Server authentication successful for node: aggregator-001
✓ Aggregator connected: aggregator-001 from 127.0.0.1
✓ Sent 334379 bytes to aggregator-001 (1.89ms)
Session completed with aggregator-001
[2025-12-10 08:06:01] Meter 209: Generated 7.114 kWh (encrypted: 334452 bytes, 4.619 ms)
[2025-12-10 08:06:21] Meter 209: Generated 4.831 kWh (encrypted: 334089 bytes, 4.829 ms)
[2025-12-10 08:06:41] Meter 209: Generated 3.722 kWh (encrypted: 334458 bytes, 4.642 ms)
[2025-12-10 08:06:50] NETWORK INFO: Server authentication successful for node: aggregator-001
✓ Aggregator connected: aggregator-001 from 127.0.0.1
✓ Sent 334458 bytes to aggregator-001 (0.38ms)
Session completed with aggregator-001
[2025-12-10 08:07:01] Meter 209: Generated 5.898 kWh (encrypted: 334346 bytes, 4.663 ms)
[2025-12-10 08:07:21] Meter 209: Generated 2.071 kWh (encrypted: 334394 bytes, 6.480 ms)
[2025-12-10 08:07:41] Meter 209: Generated 6.649 kWh (encrypted: 334410 bytes, 4.687 ms)
[2025-12-10 08:07:56] NETWORK INFO: Server authentication successful for node: aggregator-001
✓ Aggregator connected: aggregator-001 from 127.0.0.1
✓ Sent 334410 bytes to aggregator-001 (0.37ms)
Session completed with aggregator-001
[2025-12-10 08:08:01] Meter 209: Generated 1.726 kWh (encrypted: 334454 bytes, 6.492 ms)
[2025-12-10 08:08:21] Meter 209: Generated 3.866 kWh (encrypted: 334477 bytes, 4.715 ms)
[2025-12-10 08:08:41] Meter 209: Generated 2.119 kWh (encrypted: 334326 bytes, 5.811 ms)
[2025-12-10 08:09:01] NETWORK INFO: Server authentication successful for node: aggregator-001
✓ Aggregator connected: aggregator-001 from 127.0.0.1
✓ Sent 334326 bytes to aggregator-001 (0.40ms)
Session completed with aggregator-001
[2025-12-10 08:09:01] Meter 209: Generated 7.142 kWh (encrypted: 334364 bytes, 6.477 ms)
[2025-12-10 08:09:21] Meter 209: Generated 6.557 kWh (encrypted: 334195 bytes, 4.499 ms)
[2025-12-10 08:09:41] Meter 209: Generated 2.837 kWh (encrypted: 334374 bytes, 6.080 ms)
[2025-12-10 08:10:01] Meter 209: Generated 5.031 kWh (encrypted: 334498 bytes, 6.961 ms)
[2025-12-10 08:10:06] NETWORK INFO: Server authentication successful for node: aggregator-001
✓ Aggregator connected: aggregator-001 from 127.0.0.1
✓ Sent 334498 bytes to aggregator-001 (0.36ms)
Session completed with aggregator-001
[2025-12-10 08:10:21] Meter 209: Generated 6.425 kWh (encrypted: 334394 bytes, 6.965 ms)
[2025-12-10 08:10:41] Meter 209: Generated 2.017 kWh (encrypted: 334404 bytes, 5.036 ms)
[2025-12-10 08:11:01] Meter 209: Generated 5.382 kWh (encrypted: 334257 bytes, 7.571 ms)
[2025-12-10 08:11:12] NETWORK INFO: Server authentication successful for node: aggregator-001
✓ Aggregator connected: aggregator-001 from 127.0.0.1
✓ Sent 334257 bytes to aggregator-001 (0.36ms)
Session completed with aggregator-001
[2025-12-10 08:11:21] Meter 209: Generated 5.538 kWh (encrypted: 334428 bytes, 6.102 ms)
[2025-12-10 08:11:41] Meter 209: Generated 2.765 kWh (encrypted: 334000 bytes, 5.161 ms)
[2025-12-10 08:12:01] Meter 209: Generated 6.580 kWh (encrypted: 334071 bytes, 4.747 ms)
[2025-12-10 08:12:17] NETWORK INFO: Server authentication successful for node: aggregator-001
✓ Aggregator connected: aggregator-001 from 127.0.0.1
✓ Sent 334071 bytes to aggregator-001 (0.42ms)
Session completed with aggregator-001
[2025-12-10 08:12:21] Meter 209: Generated 2.254 kWh (encrypted: 334338 bytes, 4.882 ms)

Received shutdown signal. Gracefully shutting down smart meter...
Network server thread stopped
Data generation thread stopped
Smart meter 209 shutdown complete
