=== Continuous Smart Meter Server 58 ===
Initializing for continuous operation...
SEAL context initialized
Loaded certificate: smart-meter-058
Requesting public keys from KDC...
[2025-12-10 07:56:16] NETWORK ERROR: Failed to connect to 127.0.0.1:8444: Connection refused
Error: Failed to connect to KDC at 127.0.0.1:8444
Error: Failed to send key request to KDC
Failed to obtain keys from KDC, falling back to file keys
Loaded keys from fallback files
Cryptographic components initialized
[2025-12-10 07:56:16] NETWORK INFO: Server socket created and listening on port 9058
✓ Smart meter server ready on port 9058
Data transmission interval: 20 seconds (15x accelerated - simulates 5min)
✓ Performance metrics CSV files initialized in performance_data/
Starting continuous smart meter operation...
Press Ctrl+C to stop gracefully
Data generation thread started
Network server thread started on port 9058
[2025-12-10 07:56:36] Meter 58: Generated 3.668 kWh (encrypted: 333697 bytes, 5.468 ms)
[2025-12-10 07:56:56] Meter 58: Generated 7.325 kWh (encrypted: 334352 bytes, 4.240 ms)
[2025-12-10 07:57:15] NETWORK INFO: Server authentication successful for node: aggregator-001
✓ Aggregator connected: aggregator-001 from 127.0.0.1
✓ Sent 334352 bytes to aggregator-001 (1.94ms)
Session completed with aggregator-001
[2025-12-10 07:57:16] Meter 58: Generated 1.608 kWh (encrypted: 334277 bytes, 4.323 ms)
[2025-12-10 07:57:36] Meter 58: Generated 6.738 kWh (encrypted: 334281 bytes, 4.235 ms)
[2025-12-10 07:57:56] Meter 58: Generated 1.929 kWh (encrypted: 333958 bytes, 4.481 ms)
[2025-12-10 07:58:16] Meter 58: Generated 7.413 kWh (encrypted: 334437 bytes, 4.539 ms)
[2025-12-10 07:58:25] NETWORK INFO: Server authentication successful for node: aggregator-001
✓ Aggregator connected: aggregator-001 from 127.0.0.1
✓ Sent 334437 bytes to aggregator-001 (1.32ms)
Session completed with aggregator-001
[2025-12-10 07:58:36] Meter 58: Generated 3.990 kWh (encrypted: 334222 bytes, 6.552 ms)
[2025-12-10 07:58:57] Meter 58: Generated 1.084 kWh (encrypted: 334376 bytes, 5.015 ms)
[2025-12-10 07:59:17] Meter 58: Generated 4.826 kWh (encrypted: 334400 bytes, 4.822 ms)
[2025-12-10 07:59:26] NETWORK INFO: Server authentication successful for node: aggregator-001
✓ Aggregator connected: aggregator-001 from 127.0.0.1
✓ Sent 334400 bytes to aggregator-001 (0.44ms)
Session completed with aggregator-001
[2025-12-10 07:59:37] Meter 58: Generated 6.728 kWh (encrypted: 334290 bytes, 4.626 ms)
[2025-12-10 07:59:57] Meter 58: Generated 6.669 kWh (encrypted: 334431 bytes, 4.686 ms)
[2025-12-10 08:00:17] Meter 58: Generated 3.300 kWh (encrypted: 334432 bytes, 4.774 ms)
[2025-12-10 08:00:28] NETWORK INFO: Server authentication successful for node: aggregator-001
✓ Aggregator connected: aggregator-001 from 127.0.0.1
✓ Sent 334432 bytes to aggregator-001 (1.85ms)
Session completed with aggregator-001
[2025-12-10 08:00:37] Meter 58: Generated 1.467 kWh (encrypted: 334360 bytes, 4.949 ms)
[2025-12-10 08:00:57] Meter 58: Generated 5.922 kWh (encrypted: 334331 bytes, 6.323 ms)
[2025-12-10 08:01:17] Meter 58: Generated 5.818 kWh (encrypted: 333508 bytes, 5.401 ms)
[2025-12-10 08:01:31] NETWORK INFO: Server authentication successful for node: aggregator-001
✓ Aggregator connected: aggregator-001 from 127.0.0.1
✓ Sent 333508 bytes to aggregator-001 (19.04ms)
Session completed with aggregator-001
[2025-12-10 08:01:37] Meter 58: Generated 3.078 kWh (encrypted: 334144 bytes, 4.571 ms)
[2025-12-10 08:01:57] Meter 58: Generated 0.917 kWh (encrypted: 334526 bytes, 4.712 ms)
[2025-12-10 08:02:17] Meter 58: Generated 7.639 kWh (encrypted: 334294 bytes, 4.923 ms)
[2025-12-10 08:02:33] NETWORK INFO: Server authentication successful for node: aggregator-001
✓ Aggregator connected: aggregator-001 from 127.0.0.1
✓ Sent 334294 bytes to aggregator-001 (0.41ms)
Session completed with aggregator-001
[2025-12-10 08:02:37] Meter 58: Generated 2.755 kWh (encrypted: 334117 bytes, 4.308 ms)
[2025-12-10 08:02:57] Meter 58: Generated 5.505 kWh (encrypted: 334258 bytes, 6.434 ms)
[2025-12-10 08:03:17] Meter 58: Generated 4.167 kWh (encrypted: 334145 bytes, 4.833 ms)
[2025-12-10 08:03:36] NETWORK INFO: Server authentication successful for node: aggregator-001
✓ Aggregator connected: aggregator-001 from 127.0.0.1
✓ Sent 334145 bytes to aggregator-001 (0.38ms)
Session completed with aggregator-001
[2025-12-10 08:03:37] Meter 58: Generated 3.551 kWh (encrypted: 334387 bytes, 7.386 ms)
[2025-12-10 08:03:57] Meter 58: Generated 4.348 kWh (encrypted: 334471 bytes, 4.325 ms)
[2025-12-10 08:04:17] Meter 58: Generated 4.781 kWh (encrypted: 334380 bytes, 7.077 ms)
[2025-12-10 08:04:37] Meter 58: Generated 6.080 kWh (encrypted: 334250 bytes, 4.671 ms)
[2025-12-10 08:04:39] NETWORK INFO: Server authentication successful for node: aggregator-001
✓ Aggregator connected: aggregator-001 from 127.0.0.1
✓ Sent 334250 bytes to aggregator-001 (0.44ms)
Session completed with aggregator-001
[2025-12-10 08:04:57] Meter 58: Generated 0.752 kWh (encrypted: 334302 bytes, 4.563 ms)
[2025-12-10 08:05:17] Meter 58: Generated 3.384 kWh (encrypted: 333936 bytes, 5.783 ms)
[2025-12-10 08:05:37] Meter 58: Generated 7.520 kWh (encrypted: 334129 bytes, 6.449 ms)
[2025-12-10 08:05:44] NETWORK INFO: Server authentication successful for node: aggregator-001
✓ Aggregator connected: aggregator-001 from 127.0.0.1
✓ Sent 334129 bytes to aggregator-001 (11.59ms)
Session completed with aggregator-001
[2025-12-10 08:05:57] Meter 58: Generated 1.925 kWh (encrypted: 334191 bytes, 17.025 ms)
[2025-12-10 08:06:17] Meter 58: Generated 3.484 kWh (encrypted: 334090 bytes, 4.644 ms)
[2025-12-10 08:06:37] Meter 58: Generated 5.216 kWh (encrypted: 334380 bytes, 4.591 ms)
[2025-12-10 08:06:50] NETWORK INFO: Server authentication successful for node: aggregator-001
✓ Aggregator connected: aggregator-001 from 127.0.0.1
✓ Sent 334380 bytes to aggregator-001 (16.15ms)
Session completed with aggregator-001
[2025-12-10 08:06:57] Meter 58: Generated 3.993 kWh (encrypted: 334452 bytes, 11.079 ms)
[2025-12-10 08:07:17] Meter 58: Generated 6.319 kWh (encrypted: 334378 bytes, 4.912 ms)
[2025-12-10 08:07:37] Meter 58: Generated 2.936 kWh (encrypted: 334515 bytes, 4.941 ms)
[2025-12-10 08:07:55] NETWORK INFO: Server authentication successful for node: aggregator-001
✓ Aggregator connected: aggregator-001 from 127.0.0.1
✓ Sent 334515 bytes to aggregator-001 (0.36ms)
Session completed with aggregator-001
[2025-12-10 08:07:57] Meter 58: Generated 1.517 kWh (encrypted: 334392 bytes, 5.034 ms)
[2025-12-10 08:08:17] Meter 58: Generated 6.377 kWh (encrypted: 334255 bytes, 6.434 ms)
[2025-12-10 08:08:37] Meter 58: Generated 2.091 kWh (encrypted: 334323 bytes, 5.175 ms)
[2025-12-10 08:08:57] Meter 58: Generated 4.634 kWh (encrypted: 334326 bytes, 6.468 ms)
[2025-12-10 08:09:01] NETWORK INFO: Server authentication successful for node: aggregator-001
✓ Aggregator connected: aggregator-001 from 127.0.0.1
✓ Sent 334326 bytes to aggregator-001 (4.70ms)
Session completed with aggregator-001
[2025-12-10 08:09:17] Meter 58: Generated 4.354 kWh (encrypted: 334198 bytes, 4.634 ms)
[2025-12-10 08:09:37] Meter 58: Generated 5.184 kWh (encrypted: 334343 bytes, 4.646 ms)
[2025-12-10 08:09:57] Meter 58: Generated 4.927 kWh (encrypted: 334109 bytes, 6.452 ms)
[2025-12-10 08:10:06] NETWORK INFO: Server authentication successful for node: aggregator-001
✓ Aggregator connected: aggregator-001 from 127.0.0.1
✓ Sent 334109 bytes to aggregator-001 (16.20ms)
Session completed with aggregator-001
[2025-12-10 08:10:17] Meter 58: Generated 6.904 kWh (encrypted: 334220 bytes, 6.647 ms)
[2025-12-10 08:10:37] Meter 58: Generated 1.789 kWh (encrypted: 334466 bytes, 5.439 ms)
[2025-12-10 08:10:57] Meter 58: Generated 1.351 kWh (encrypted: 334095 bytes, 4.796 ms)
[2025-12-10 08:11:12] NETWORK INFO: Server authentication successful for node: aggregator-001
✓ Aggregator connected: aggregator-001 from 127.0.0.1
✓ Sent 334095 bytes to aggregator-001 (0.35ms)
Session completed with aggregator-001
[2025-12-10 08:11:17] Meter 58: Generated 4.865 kWh (encrypted: 334270 bytes, 18.023 ms)
[2025-12-10 08:11:37] Meter 58: Generated 6.580 kWh (encrypted: 334457 bytes, 9.534 ms)
[2025-12-10 08:11:57] Meter 58: Generated 4.091 kWh (encrypted: 334429 bytes, 4.484 ms)
[2025-12-10 08:12:17] NETWORK INFO: Server authentication successful for node: aggregator-001
✓ Aggregator connected: aggregator-001 from 127.0.0.1
[2025-12-10 08:12:17] Meter 58: Generated 3.566 kWh (encrypted: 334346 bytes, 27.714 ms)
✓ Sent 334346 bytes to aggregator-001 (0.40ms)
Session completed with aggregator-001

Received shutdown signal. Gracefully shutting down smart meter...
Network server thread stopped
Data generation thread stopped
Smart meter 58 shutdown complete
