=== Continuous Smart Meter Server 159 ===
Initializing for continuous operation...
SEAL context initialized
Loaded certificate: smart-meter-159
Requesting public keys from KDC...
[2025-12-10 07:58:20] NETWORK ERROR: Failed to connect to 127.0.0.1:8444: Connection refused
Error: Failed to connect to KDC at 127.0.0.1:8444
Error: Failed to send key request to KDC
Failed to obtain keys from KDC, falling back to file keys
Loaded keys from fallback files
Cryptographic components initialized
[2025-12-10 07:58:20] NETWORK INFO: Server socket created and listening on port 9159
✓ Smart meter server ready on port 9159
Data transmission interval: 20 seconds (15x accelerated - simulates 5min)
✓ Performance metrics CSV files initialized in performance_data/
Starting continuous smart meter operation...
Press Ctrl+C to stop gracefully
Data generation thread started
Network server thread started on port 9159
[2025-12-10 07:58:25] NETWORK INFO: Server authentication successful for node: aggregator-001
✓ Aggregator connected: aggregator-001 from 127.0.0.1
[2025-12-10 07:58:40] Meter 159: Generated 3.970 kWh (encrypted: 334176 bytes, 5.331 ms)
✓ Sent 334176 bytes to aggregator-001 (0.69ms)
Session completed with aggregator-001
[2025-12-10 07:59:00] Meter 159: Generated 2.772 kWh (encrypted: 334374 bytes, 4.380 ms)
[2025-12-10 07:59:20] Meter 159: Generated 6.812 kWh (encrypted: 333958 bytes, 4.494 ms)
[2025-12-10 07:59:26] NETWORK INFO: Server authentication successful for node: aggregator-001
✓ Aggregator connected: aggregator-001 from 127.0.0.1
✓ Sent 333958 bytes to aggregator-001 (0.34ms)
Session completed with aggregator-001
[2025-12-10 07:59:40] Meter 159: Generated 3.941 kWh (encrypted: 334044 bytes, 4.584 ms)
[2025-12-10 08:00:00] Meter 159: Generated 3.975 kWh (encrypted: 334294 bytes, 4.623 ms)
[2025-12-10 08:00:20] Meter 159: Generated 2.398 kWh (encrypted: 334335 bytes, 4.785 ms)
[2025-12-10 08:00:28] NETWORK INFO: Server authentication successful for node: aggregator-001
✓ Aggregator connected: aggregator-001 from 127.0.0.1
✓ Sent 334335 bytes to aggregator-001 (0.37ms)
Session completed with aggregator-001
[2025-12-10 08:00:40] Meter 159: Generated 3.577 kWh (encrypted: 334214 bytes, 4.651 ms)
[2025-12-10 08:01:00] Meter 159: Generated 1.499 kWh (encrypted: 334176 bytes, 4.631 ms)
[2025-12-10 08:01:20] Meter 159: Generated 4.114 kWh (encrypted: 334389 bytes, 4.660 ms)
[2025-12-10 08:01:31] NETWORK INFO: Server authentication successful for node: aggregator-001
✓ Aggregator connected: aggregator-001 from 127.0.0.1
✓ Sent 334389 bytes to aggregator-001 (0.35ms)
Session completed with aggregator-001
[2025-12-10 08:01:40] Meter 159: Generated 3.604 kWh (encrypted: 334047 bytes, 4.992 ms)
[2025-12-10 08:02:00] Meter 159: Generated 3.767 kWh (encrypted: 334395 bytes, 6.519 ms)
[2025-12-10 08:02:20] Meter 159: Generated 6.883 kWh (encrypted: 334490 bytes, 6.476 ms)
[2025-12-10 08:02:33] NETWORK INFO: Server authentication successful for node: aggregator-001
✓ Aggregator connected: aggregator-001 from 127.0.0.1
✓ Sent 334490 bytes to aggregator-001 (2.25ms)
Session completed with aggregator-001
[2025-12-10 08:02:40] Meter 159: Generated 1.760 kWh (encrypted: 334392 bytes, 4.688 ms)
[2025-12-10 08:03:00] Meter 159: Generated 2.141 kWh (encrypted: 334102 bytes, 4.975 ms)
[2025-12-10 08:03:20] Meter 159: Generated 6.397 kWh (encrypted: 334180 bytes, 6.760 ms)
[2025-12-10 08:03:36] NETWORK INFO: Server authentication successful for node: aggregator-001
✓ Aggregator connected: aggregator-001 from 127.0.0.1
✓ Sent 334180 bytes to aggregator-001 (0.40ms)
Session completed with aggregator-001
[2025-12-10 08:03:40] Meter 159: Generated 4.428 kWh (encrypted: 334185 bytes, 5.281 ms)
[2025-12-10 08:04:00] Meter 159: Generated 3.462 kWh (encrypted: 334324 bytes, 5.002 ms)
[2025-12-10 08:04:20] Meter 159: Generated 4.493 kWh (encrypted: 334194 bytes, 4.648 ms)
[2025-12-10 08:04:39] NETWORK INFO: Server authentication successful for node: aggregator-001
✓ Aggregator connected: aggregator-001 from 127.0.0.1
✓ Sent 334194 bytes to aggregator-001 (0.39ms)
Session completed with aggregator-001
[2025-12-10 08:04:40] Meter 159: Generated 1.601 kWh (encrypted: 334289 bytes, 5.663 ms)
[2025-12-10 08:05:00] Meter 159: Generated 4.345 kWh (encrypted: 334443 bytes, 5.103 ms)
[2025-12-10 08:05:20] Meter 159: Generated 6.252 kWh (encrypted: 334353 bytes, 7.904 ms)
[2025-12-10 08:05:40] Meter 159: Generated 3.252 kWh (encrypted: 334246 bytes, 4.630 ms)
[2025-12-10 08:05:44] NETWORK INFO: Server authentication successful for node: aggregator-001
✓ Aggregator connected: aggregator-001 from 127.0.0.1
✓ Sent 334246 bytes to aggregator-001 (3.08ms)
Session completed with aggregator-001
[2025-12-10 08:06:00] Meter 159: Generated 1.482 kWh (encrypted: 334447 bytes, 6.028 ms)
[2025-12-10 08:06:20] Meter 159: Generated 5.290 kWh (encrypted: 334122 bytes, 5.758 ms)
[2025-12-10 08:06:40] Meter 159: Generated 6.222 kWh (encrypted: 334389 bytes, 4.633 ms)
[2025-12-10 08:06:50] NETWORK INFO: Server authentication successful for node: aggregator-001
✓ Aggregator connected: aggregator-001 from 127.0.0.1
✓ Sent 334389 bytes to aggregator-001 (18.79ms)
Session completed with aggregator-001
[2025-12-10 08:07:00] Meter 159: Generated 1.249 kWh (encrypted: 334432 bytes, 4.736 ms)
[2025-12-10 08:07:20] Meter 159: Generated 4.270 kWh (encrypted: 334363 bytes, 6.824 ms)
[2025-12-10 08:07:40] Meter 159: Generated 2.258 kWh (encrypted: 334310 bytes, 5.464 ms)
[2025-12-10 08:07:56] NETWORK INFO: Server authentication successful for node: aggregator-001
✓ Aggregator connected: aggregator-001 from 127.0.0.1
✓ Sent 334310 bytes to aggregator-001 (0.70ms)
Session completed with aggregator-001
[2025-12-10 08:08:00] Meter 159: Generated 4.754 kWh (encrypted: 334386 bytes, 6.901 ms)
[2025-12-10 08:08:20] Meter 159: Generated 0.869 kWh (encrypted: 334406 bytes, 6.543 ms)
[2025-12-10 08:08:40] Meter 159: Generated 3.039 kWh (encrypted: 334499 bytes, 5.232 ms)
[2025-12-10 08:09:00] Meter 159: Generated 2.265 kWh (encrypted: 334091 bytes, 5.181 ms)
[2025-12-10 08:09:01] NETWORK INFO: Server authentication successful for node: aggregator-001
✓ Aggregator connected: aggregator-001 from 127.0.0.1
✓ Sent 334091 bytes to aggregator-001 (0.34ms)
Session completed with aggregator-001
[2025-12-10 08:09:20] Meter 159: Generated 3.064 kWh (encrypted: 334178 bytes, 5.057 ms)
[2025-12-10 08:09:40] Meter 159: Generated 3.354 kWh (encrypted: 334403 bytes, 5.572 ms)
[2025-12-10 08:10:00] Meter 159: Generated 2.786 kWh (encrypted: 334418 bytes, 5.482 ms)
[2025-12-10 08:10:06] NETWORK INFO: Server authentication successful for node: aggregator-001
✓ Aggregator connected: aggregator-001 from 127.0.0.1
✓ Sent 334418 bytes to aggregator-001 (0.37ms)
Session completed with aggregator-001
[2025-12-10 08:10:20] Meter 159: Generated 1.771 kWh (encrypted: 334397 bytes, 5.035 ms)
[2025-12-10 08:10:40] Meter 159: Generated 5.668 kWh (encrypted: 334377 bytes, 6.795 ms)
[2025-12-10 08:11:00] Meter 159: Generated 6.549 kWh (encrypted: 334146 bytes, 4.975 ms)
[2025-12-10 08:11:12] NETWORK INFO: Server authentication successful for node: aggregator-001
✓ Aggregator connected: aggregator-001 from 127.0.0.1
✓ Sent 334146 bytes to aggregator-001 (0.34ms)
Session completed with aggregator-001
[2025-12-10 08:11:20] Meter 159: Generated 7.355 kWh (encrypted: 334270 bytes, 4.760 ms)
[2025-12-10 08:11:40] Meter 159: Generated 4.685 kWh (encrypted: 334479 bytes, 4.310 ms)
[2025-12-10 08:12:00] Meter 159: Generated 5.118 kWh (encrypted: 334372 bytes, 5.141 ms)
[2025-12-10 08:12:17] NETWORK INFO: Server authentication successful for node: aggregator-001
✓ Aggregator connected: aggregator-001 from 127.0.0.1
✓ Sent 334372 bytes to aggregator-001 (0.46ms)
Session completed with aggregator-001
[2025-12-10 08:12:20] Meter 159: Generated 5.200 kWh (encrypted: 334271 bytes, 9.357 ms)

Received shutdown signal. Gracefully shutting down smart meter...
Network server thread stopped
Data generation thread stopped
Smart meter 159 shutdown complete
