=== Continuous Smart Meter Server 365 ===
Initializing for continuous operation...
SEAL context initialized
Loaded certificate: smart-meter-365
Requesting public keys from KDC...
[2025-12-10 08:02:35] NETWORK ERROR: Failed to connect to 127.0.0.1:8444: Connection refused
Error: Failed to connect to KDC at 127.0.0.1:8444
Error: Failed to send key request to KDC
Failed to obtain keys from KDC, falling back to file keys
Loaded keys from fallback files
Cryptographic components initialized
[2025-12-10 08:02:35] NETWORK INFO: Server socket created and listening on port 9365
✓ Smart meter server ready on port 9365
Data transmission interval: 20 seconds (15x accelerated - simulates 5min)
✓ Performance metrics CSV files initialized in performance_data/
Starting continuous smart meter operation...
Press Ctrl+C to stop gracefully
Data generation thread started
Network server thread started on port 9365
[2025-12-10 08:02:55] Meter 365: Generated 5.305 kWh (encrypted: 334327 bytes, 8.150 ms)
[2025-12-10 08:03:15] Meter 365: Generated 2.826 kWh (encrypted: 334275 bytes, 4.876 ms)
[2025-12-10 08:03:35] Meter 365: Generated 6.107 kWh (encrypted: 334170 bytes, 5.120 ms)
[2025-12-10 08:03:36] NETWORK INFO: Server authentication successful for node: aggregator-001
✓ Aggregator connected: aggregator-001 from 127.0.0.1
✓ Sent 334170 bytes to aggregator-001 (0.77ms)
Session completed with aggregator-001
[2025-12-10 08:03:55] Meter 365: Generated 1.814 kWh (encrypted: 334372 bytes, 4.710 ms)
[2025-12-10 08:04:15] Meter 365: Generated 3.917 kWh (encrypted: 334310 bytes, 6.449 ms)
[2025-12-10 08:04:35] Meter 365: Generated 2.937 kWh (encrypted: 334336 bytes, 6.521 ms)
[2025-12-10 08:04:39] NETWORK INFO: Server authentication successful for node: aggregator-001
✓ Aggregator connected: aggregator-001 from 127.0.0.1
✓ Sent 334336 bytes to aggregator-001 (0.73ms)
Session completed with aggregator-001
[2025-12-10 08:04:55] Meter 365: Generated 5.833 kWh (encrypted: 334471 bytes, 4.478 ms)
[2025-12-10 08:05:15] Meter 365: Generated 1.865 kWh (encrypted: 334441 bytes, 6.687 ms)
[2025-12-10 08:05:35] Meter 365: Generated 4.368 kWh (encrypted: 334067 bytes, 5.157 ms)
[2025-12-10 08:05:44] NETWORK INFO: Server authentication successful for node: aggregator-001
✓ Aggregator connected: aggregator-001 from 127.0.0.1
✓ Sent 334067 bytes to aggregator-001 (0.41ms)
Session completed with aggregator-001
[2025-12-10 08:05:55] Meter 365: Generated 6.435 kWh (encrypted: 334297 bytes, 4.393 ms)
[2025-12-10 08:06:15] Meter 365: Generated 3.283 kWh (encrypted: 334063 bytes, 4.531 ms)
[2025-12-10 08:06:35] Meter 365: Generated 2.835 kWh (encrypted: 334206 bytes, 5.153 ms)
[2025-12-10 08:06:50] NETWORK INFO: Server authentication successful for node: aggregator-001
✓ Aggregator connected: aggregator-001 from 127.0.0.1
✓ Sent 334206 bytes to aggregator-001 (2.01ms)
Session completed with aggregator-001
[2025-12-10 08:06:55] Meter 365: Generated 1.022 kWh (encrypted: 334056 bytes, 4.452 ms)
[2025-12-10 08:07:15] Meter 365: Generated 2.848 kWh (encrypted: 334188 bytes, 4.622 ms)
[2025-12-10 08:07:35] Meter 365: Generated 5.787 kWh (encrypted: 334304 bytes, 4.811 ms)
[2025-12-10 08:07:55] Meter 365: Generated 3.179 kWh (encrypted: 333798 bytes, 5.650 ms)
[2025-12-10 08:07:56] NETWORK INFO: Server authentication successful for node: aggregator-001
✓ Aggregator connected: aggregator-001 from 127.0.0.1
✓ Sent 333798 bytes to aggregator-001 (0.38ms)
Session completed with aggregator-001
[2025-12-10 08:08:15] Meter 365: Generated 4.023 kWh (encrypted: 334161 bytes, 4.518 ms)
[2025-12-10 08:08:35] Meter 365: Generated 1.441 kWh (encrypted: 334360 bytes, 5.878 ms)
[2025-12-10 08:08:55] Meter 365: Generated 2.782 kWh (encrypted: 333913 bytes, 4.480 ms)
[2025-12-10 08:09:01] NETWORK INFO: Server authentication successful for node: aggregator-001
✓ Aggregator connected: aggregator-001 from 127.0.0.1
✓ Sent 333913 bytes to aggregator-001 (0.39ms)
Session completed with aggregator-001
[2025-12-10 08:09:15] Meter 365: Generated 1.037 kWh (encrypted: 334472 bytes, 6.989 ms)
[2025-12-10 08:09:35] Meter 365: Generated 6.816 kWh (encrypted: 334255 bytes, 4.567 ms)
[2025-12-10 08:09:55] Meter 365: Generated 3.310 kWh (encrypted: 334517 bytes, 6.963 ms)
[2025-12-10 08:10:06] NETWORK INFO: Server authentication successful for node: aggregator-001
✓ Aggregator connected: aggregator-001 from 127.0.0.1
✓ Sent 334517 bytes to aggregator-001 (0.70ms)
Session completed with aggregator-001
[2025-12-10 08:10:15] Meter 365: Generated 7.188 kWh (encrypted: 334501 bytes, 5.295 ms)
[2025-12-10 08:10:35] Meter 365: Generated 3.231 kWh (encrypted: 334424 bytes, 6.580 ms)
[2025-12-10 08:10:55] Meter 365: Generated 1.498 kWh (encrypted: 333888 bytes, 5.591 ms)
[2025-12-10 08:11:12] NETWORK INFO: Server authentication successful for node: aggregator-001
✓ Aggregator connected: aggregator-001 from 127.0.0.1
✓ Sent 333888 bytes to aggregator-001 (0.34ms)
Session completed with aggregator-001
[2025-12-10 08:11:15] Meter 365: Generated 2.808 kWh (encrypted: 334302 bytes, 7.322 ms)
[2025-12-10 08:11:35] Meter 365: Generated 1.390 kWh (encrypted: 334599 bytes, 4.630 ms)
[2025-12-10 08:11:55] Meter 365: Generated 6.877 kWh (encrypted: 334136 bytes, 4.471 ms)
[2025-12-10 08:12:15] Meter 365: Generated 6.201 kWh (encrypted: 334486 bytes, 5.334 ms)
[2025-12-10 08:12:17] NETWORK INFO: Server authentication successful for node: aggregator-001
✓ Aggregator connected: aggregator-001 from 127.0.0.1
✓ Sent 334486 bytes to aggregator-001 (0.37ms)
Session completed with aggregator-001

Received shutdown signal. Gracefully shutting down smart meter...
Network server thread stopped
Data generation thread stopped
Smart meter 365 shutdown complete
