=== Continuous Smart Meter Server 421 ===
Initializing for continuous operation...
SEAL context initialized
Loaded certificate: smart-meter-421
Requesting public keys from KDC...
[2025-12-10 08:03:45] NETWORK ERROR: Failed to connect to 127.0.0.1:8444: Connection refused
Error: Failed to connect to KDC at 127.0.0.1:8444
Error: Failed to send key request to KDC
Failed to obtain keys from KDC, falling back to file keys
Loaded keys from fallback files
Cryptographic components initialized
[2025-12-10 08:03:45] NETWORK INFO: Server socket created and listening on port 9421
✓ Smart meter server ready on port 9421
Data transmission interval: 20 seconds (15x accelerated - simulates 5min)
✓ Performance metrics CSV files initialized in performance_data/
Starting continuous smart meter operation...
Press Ctrl+C to stop gracefully
Data generation thread started
Network server thread started on port 9421
[2025-12-10 08:04:05] Meter 421: Generated 2.374 kWh (encrypted: 334102 bytes, 6.667 ms)
[2025-12-10 08:04:25] Meter 421: Generated 2.835 kWh (encrypted: 334261 bytes, 4.791 ms)
[2025-12-10 08:04:39] NETWORK INFO: Server authentication successful for node: aggregator-001
✓ Aggregator connected: aggregator-001 from 127.0.0.1
✓ Sent 334261 bytes to aggregator-001 (19.33ms)
Session completed with aggregator-001
[2025-12-10 08:04:45] Meter 421: Generated 3.531 kWh (encrypted: 334336 bytes, 8.713 ms)
[2025-12-10 08:05:05] Meter 421: Generated 2.966 kWh (encrypted: 334303 bytes, 4.770 ms)
[2025-12-10 08:05:25] Meter 421: Generated 3.306 kWh (encrypted: 333959 bytes, 4.599 ms)
[2025-12-10 08:05:44] NETWORK INFO: Server authentication successful for node: aggregator-001
✓ Aggregator connected: aggregator-001 from 127.0.0.1
✓ Sent 333959 bytes to aggregator-001 (9.67ms)
Session completed with aggregator-001
[2025-12-10 08:05:45] Meter 421: Generated 1.504 kWh (encrypted: 334500 bytes, 4.656 ms)
[2025-12-10 08:06:05] Meter 421: Generated 5.346 kWh (encrypted: 334403 bytes, 10.071 ms)
[2025-12-10 08:06:25] Meter 421: Generated 2.155 kWh (encrypted: 334381 bytes, 7.788 ms)
[2025-12-10 08:06:45] Meter 421: Generated 1.152 kWh (encrypted: 334317 bytes, 4.588 ms)
[2025-12-10 08:06:50] NETWORK INFO: Server authentication successful for node: aggregator-001
✓ Aggregator connected: aggregator-001 from 127.0.0.1
✓ Sent 334317 bytes to aggregator-001 (38.73ms)
Session completed with aggregator-001
[2025-12-10 08:07:05] Meter 421: Generated 6.715 kWh (encrypted: 333997 bytes, 4.524 ms)
[2025-12-10 08:07:25] Meter 421: Generated 4.019 kWh (encrypted: 334393 bytes, 6.470 ms)
[2025-12-10 08:07:45] Meter 421: Generated 4.436 kWh (encrypted: 333925 bytes, 4.635 ms)
[2025-12-10 08:07:56] NETWORK INFO: Server authentication successful for node: aggregator-001
✓ Aggregator connected: aggregator-001 from 127.0.0.1
✓ Sent 333925 bytes to aggregator-001 (0.38ms)
Session completed with aggregator-001
[2025-12-10 08:08:05] Meter 421: Generated 4.216 kWh (encrypted: 334060 bytes, 9.722 ms)
[2025-12-10 08:08:25] Meter 421: Generated 4.213 kWh (encrypted: 334176 bytes, 4.737 ms)
[2025-12-10 08:08:45] Meter 421: Generated 3.872 kWh (encrypted: 334271 bytes, 4.368 ms)
[2025-12-10 08:09:01] NETWORK INFO: Server authentication successful for node: aggregator-001
✓ Aggregator connected: aggregator-001 from 127.0.0.1
✓ Sent 334271 bytes to aggregator-001 (2.11ms)
Session completed with aggregator-001
[2025-12-10 08:09:05] Meter 421: Generated 1.265 kWh (encrypted: 334197 bytes, 10.254 ms)
[2025-12-10 08:09:25] Meter 421: Generated 4.645 kWh (encrypted: 334291 bytes, 6.536 ms)
[2025-12-10 08:09:45] Meter 421: Generated 3.404 kWh (encrypted: 334448 bytes, 4.599 ms)
[2025-12-10 08:10:05] Meter 421: Generated 1.501 kWh (encrypted: 334112 bytes, 7.034 ms)
[2025-12-10 08:10:06] NETWORK INFO: Server authentication successful for node: aggregator-001
✓ Aggregator connected: aggregator-001 from 127.0.0.1
✓ Sent 334112 bytes to aggregator-001 (0.37ms)
Session completed with aggregator-001
[2025-12-10 08:10:25] Meter 421: Generated 1.283 kWh (encrypted: 334237 bytes, 6.405 ms)
[2025-12-10 08:10:45] Meter 421: Generated 6.452 kWh (encrypted: 334049 bytes, 6.678 ms)
[2025-12-10 08:11:05] Meter 421: Generated 5.320 kWh (encrypted: 334345 bytes, 6.063 ms)
[2025-12-10 08:11:12] NETWORK INFO: Server authentication successful for node: aggregator-001
✓ Aggregator connected: aggregator-001 from 127.0.0.1
✓ Sent 334345 bytes to aggregator-001 (0.39ms)
Session completed with aggregator-001
[2025-12-10 08:11:25] Meter 421: Generated 2.218 kWh (encrypted: 334390 bytes, 4.734 ms)
[2025-12-10 08:11:45] Meter 421: Generated 6.816 kWh (encrypted: 334259 bytes, 6.773 ms)
[2025-12-10 08:12:05] Meter 421: Generated 4.066 kWh (encrypted: 334225 bytes, 9.954 ms)
[2025-12-10 08:12:17] NETWORK INFO: Server authentication successful for node: aggregator-001
✓ Aggregator connected: aggregator-001 from 127.0.0.1
✓ Sent 334225 bytes to aggregator-001 (0.48ms)
Session completed with aggregator-001
[2025-12-10 08:12:25] Meter 421: Generated 3.618 kWh (encrypted: 334154 bytes, 7.010 ms)

Received shutdown signal. Gracefully shutting down smart meter...
Network server thread stopped
Data generation thread stopped
Smart meter 421 shutdown complete
