=== Continuous Smart Meter Server 473 ===
Initializing for continuous operation...
SEAL context initialized
Loaded certificate: smart-meter-473
Requesting public keys from KDC...
[2025-12-10 08:04:51] NETWORK ERROR: Failed to connect to 127.0.0.1:8444: Connection refused
Error: Failed to connect to KDC at 127.0.0.1:8444
Error: Failed to send key request to KDC
Failed to obtain keys from KDC, falling back to file keys
Loaded keys from fallback files
Cryptographic components initialized
[2025-12-10 08:04:51] NETWORK INFO: Server socket created and listening on port 9473
✓ Smart meter server ready on port 9473
Data transmission interval: 20 seconds (15x accelerated - simulates 5min)
✓ Performance metrics CSV files initialized in performance_data/
Starting continuous smart meter operation...
Press Ctrl+C to stop gracefully
Data generation thread started
Network server thread started on port 9473
[2025-12-10 08:05:11] Meter 473: Generated 0.925 kWh (encrypted: 333555 bytes, 5.127 ms)
[2025-12-10 08:05:31] Meter 473: Generated 4.358 kWh (encrypted: 334133 bytes, 4.603 ms)
[2025-12-10 08:05:44] NETWORK INFO: Server authentication successful for node: aggregator-001
✓ Aggregator connected: aggregator-001 from 127.0.0.1
✓ Sent 334133 bytes to aggregator-001 (0.79ms)
Session completed with aggregator-001
[2025-12-10 08:05:51] Meter 473: Generated 6.614 kWh (encrypted: 334435 bytes, 4.569 ms)
[2025-12-10 08:06:11] Meter 473: Generated 1.833 kWh (encrypted: 333324 bytes, 4.683 ms)
[2025-12-10 08:06:31] Meter 473: Generated 5.862 kWh (encrypted: 334106 bytes, 5.067 ms)
[2025-12-10 08:06:50] NETWORK INFO: Server authentication successful for node: aggregator-001
✓ Aggregator connected: aggregator-001 from 127.0.0.1
✓ Sent 334106 bytes to aggregator-001 (0.81ms)
Session completed with aggregator-001
[2025-12-10 08:06:51] Meter 473: Generated 2.097 kWh (encrypted: 334185 bytes, 4.535 ms)
[2025-12-10 08:07:11] Meter 473: Generated 7.022 kWh (encrypted: 334378 bytes, 6.815 ms)
[2025-12-10 08:07:31] Meter 473: Generated 4.059 kWh (encrypted: 334445 bytes, 5.822 ms)
[2025-12-10 08:07:51] Meter 473: Generated 5.175 kWh (encrypted: 334323 bytes, 4.837 ms)
[2025-12-10 08:07:56] NETWORK INFO: Server authentication successful for node: aggregator-001
✓ Aggregator connected: aggregator-001 from 127.0.0.1
✓ Sent 334323 bytes to aggregator-001 (0.37ms)
Session completed with aggregator-001
[2025-12-10 08:08:11] Meter 473: Generated 1.430 kWh (encrypted: 334363 bytes, 7.000 ms)
[2025-12-10 08:08:31] Meter 473: Generated 3.660 kWh (encrypted: 334417 bytes, 4.638 ms)
[2025-12-10 08:08:51] Meter 473: Generated 3.462 kWh (encrypted: 334414 bytes, 4.552 ms)
[2025-12-10 08:09:01] NETWORK INFO: Server authentication successful for node: aggregator-001
✓ Aggregator connected: aggregator-001 from 127.0.0.1
✓ Sent 334414 bytes to aggregator-001 (5.13ms)
Session completed with aggregator-001
[2025-12-10 08:09:11] Meter 473: Generated 1.360 kWh (encrypted: 333987 bytes, 6.745 ms)
[2025-12-10 08:09:31] Meter 473: Generated 2.281 kWh (encrypted: 334421 bytes, 4.818 ms)
[2025-12-10 08:09:51] Meter 473: Generated 7.068 kWh (encrypted: 334449 bytes, 4.935 ms)
[2025-12-10 08:10:06] NETWORK INFO: Server authentication successful for node: aggregator-001
✓ Aggregator connected: aggregator-001 from 127.0.0.1
✓ Sent 334449 bytes to aggregator-001 (0.34ms)
Session completed with aggregator-001
[2025-12-10 08:10:11] Meter 473: Generated 3.950 kWh (encrypted: 334358 bytes, 5.896 ms)
[2025-12-10 08:10:31] Meter 473: Generated 7.183 kWh (encrypted: 334412 bytes, 5.636 ms)
[2025-12-10 08:10:51] Meter 473: Generated 2.389 kWh (encrypted: 334362 bytes, 4.476 ms)
[2025-12-10 08:11:11] Meter 473: Generated 7.326 kWh (encrypted: 334549 bytes, 4.538 ms)
[2025-12-10 08:11:12] NETWORK INFO: Server authentication successful for node: aggregator-001
✓ Aggregator connected: aggregator-001 from 127.0.0.1
✓ Sent 334549 bytes to aggregator-001 (0.43ms)
Session completed with aggregator-001
[2025-12-10 08:11:31] Meter 473: Generated 4.838 kWh (encrypted: 334156 bytes, 4.816 ms)
[2025-12-10 08:11:51] Meter 473: Generated 5.686 kWh (encrypted: 334202 bytes, 4.905 ms)
[2025-12-10 08:12:11] Meter 473: Generated 1.865 kWh (encrypted: 334206 bytes, 4.673 ms)
[2025-12-10 08:12:17] NETWORK INFO: Server authentication successful for node: aggregator-001
✓ Aggregator connected: aggregator-001 from 127.0.0.1
✓ Sent 334206 bytes to aggregator-001 (0.36ms)
Session completed with aggregator-001
[2025-12-10 08:12:31] Meter 473: Generated 4.874 kWh (encrypted: 334346 bytes, 4.479 ms)

Received shutdown signal. Gracefully shutting down smart meter...
Network server thread stopped
Data generation thread stopped
Smart meter 473 shutdown complete
