=== Continuous Smart Meter Server 339 ===
Initializing for continuous operation...
SEAL context initialized
Loaded certificate: smart-meter-339
Requesting public keys from KDC...
[2025-12-10 08:02:02] NETWORK ERROR: Failed to connect to 127.0.0.1:8444: Connection refused
Error: Failed to connect to KDC at 127.0.0.1:8444
Error: Failed to send key request to KDC
Failed to obtain keys from KDC, falling back to file keys
Loaded keys from fallback files
Cryptographic components initialized
[2025-12-10 08:02:02] NETWORK INFO: Server socket created and listening on port 9339
✓ Smart meter server ready on port 9339
Data transmission interval: 20 seconds (15x accelerated - simulates 5min)
✓ Performance metrics CSV files initialized in performance_data/
Starting continuous smart meter operation...
Press Ctrl+C to stop gracefully
Data generation thread started
Network server thread started on port 9339
[2025-12-10 08:02:22] Meter 339: Generated 4.896 kWh (encrypted: 334314 bytes, 5.784 ms)
[2025-12-10 08:02:33] NETWORK INFO: Server authentication successful for node: aggregator-001
✓ Aggregator connected: aggregator-001 from 127.0.0.1
✓ Sent 334314 bytes to aggregator-001 (15.29ms)
Session completed with aggregator-001
[2025-12-10 08:02:42] Meter 339: Generated 3.742 kWh (encrypted: 333815 bytes, 4.431 ms)
[2025-12-10 08:03:02] Meter 339: Generated 2.078 kWh (encrypted: 334375 bytes, 7.973 ms)
[2025-12-10 08:03:22] Meter 339: Generated 4.644 kWh (encrypted: 334277 bytes, 4.563 ms)
[2025-12-10 08:03:36] NETWORK INFO: Server authentication successful for node: aggregator-001
✓ Aggregator connected: aggregator-001 from 127.0.0.1
✓ Sent 334277 bytes to aggregator-001 (0.42ms)
Session completed with aggregator-001
[2025-12-10 08:03:42] Meter 339: Generated 1.874 kWh (encrypted: 334143 bytes, 4.858 ms)
[2025-12-10 08:04:02] Meter 339: Generated 4.877 kWh (encrypted: 334405 bytes, 5.306 ms)
[2025-12-10 08:04:22] Meter 339: Generated 3.026 kWh (encrypted: 334154 bytes, 5.787 ms)
[2025-12-10 08:04:39] NETWORK INFO: Server authentication successful for node: aggregator-001
✓ Aggregator connected: aggregator-001 from 127.0.0.1
✓ Sent 334154 bytes to aggregator-001 (2.06ms)
Session completed with aggregator-001
[2025-12-10 08:04:42] Meter 339: Generated 2.164 kWh (encrypted: 334403 bytes, 4.493 ms)
[2025-12-10 08:05:02] Meter 339: Generated 5.410 kWh (encrypted: 333750 bytes, 4.920 ms)
[2025-12-10 08:05:22] Meter 339: Generated 1.469 kWh (encrypted: 334143 bytes, 4.524 ms)
[2025-12-10 08:05:42] Meter 339: Generated 6.160 kWh (encrypted: 333380 bytes, 4.581 ms)
[2025-12-10 08:05:44] NETWORK INFO: Server authentication successful for node: aggregator-001
✓ Aggregator connected: aggregator-001 from 127.0.0.1
✓ Sent 333380 bytes to aggregator-001 (0.74ms)
Session completed with aggregator-001
[2025-12-10 08:06:02] Meter 339: Generated 4.559 kWh (encrypted: 334262 bytes, 4.665 ms)
[2025-12-10 08:06:22] Meter 339: Generated 7.093 kWh (encrypted: 334159 bytes, 4.524 ms)
[2025-12-10 08:06:42] Meter 339: Generated 5.027 kWh (encrypted: 334085 bytes, 10.569 ms)
[2025-12-10 08:06:50] NETWORK INFO: Server authentication successful for node: aggregator-001
✓ Aggregator connected: aggregator-001 from 127.0.0.1
✓ Sent 334085 bytes to aggregator-001 (0.39ms)
Session completed with aggregator-001
[2025-12-10 08:07:02] Meter 339: Generated 2.210 kWh (encrypted: 334355 bytes, 4.293 ms)
[2025-12-10 08:07:22] Meter 339: Generated 2.696 kWh (encrypted: 333834 bytes, 16.052 ms)
[2025-12-10 08:07:42] Meter 339: Generated 6.923 kWh (encrypted: 334098 bytes, 4.480 ms)
[2025-12-10 08:07:56] NETWORK INFO: Server authentication successful for node: aggregator-001
✓ Aggregator connected: aggregator-001 from 127.0.0.1
✓ Sent 334098 bytes to aggregator-001 (0.54ms)
Session completed with aggregator-001
[2025-12-10 08:08:02] Meter 339: Generated 2.743 kWh (encrypted: 334436 bytes, 4.791 ms)
[2025-12-10 08:08:22] Meter 339: Generated 3.620 kWh (encrypted: 334214 bytes, 4.582 ms)
[2025-12-10 08:08:42] Meter 339: Generated 1.643 kWh (encrypted: 334193 bytes, 4.599 ms)
[2025-12-10 08:09:01] NETWORK INFO: Server authentication successful for node: aggregator-001
✓ Aggregator connected: aggregator-001 from 127.0.0.1
✓ Sent 334193 bytes to aggregator-001 (0.94ms)
Session completed with aggregator-001
[2025-12-10 08:09:02] Meter 339: Generated 4.424 kWh (encrypted: 334460 bytes, 5.972 ms)
[2025-12-10 08:09:22] Meter 339: Generated 0.728 kWh (encrypted: 334196 bytes, 9.118 ms)
[2025-12-10 08:09:42] Meter 339: Generated 2.216 kWh (encrypted: 334300 bytes, 4.938 ms)
[2025-12-10 08:10:02] Meter 339: Generated 7.059 kWh (encrypted: 334479 bytes, 6.717 ms)
[2025-12-10 08:10:06] NETWORK INFO: Server authentication successful for node: aggregator-001
✓ Aggregator connected: aggregator-001 from 127.0.0.1
✓ Sent 334479 bytes to aggregator-001 (3.48ms)
Session completed with aggregator-001
[2025-12-10 08:10:23] Meter 339: Generated 6.993 kWh (encrypted: 334076 bytes, 4.915 ms)
[2025-12-10 08:10:43] Meter 339: Generated 3.454 kWh (encrypted: 334484 bytes, 4.634 ms)
[2025-12-10 08:11:03] Meter 339: Generated 2.723 kWh (encrypted: 334402 bytes, 6.665 ms)
[2025-12-10 08:11:12] NETWORK INFO: Server authentication successful for node: aggregator-001
✓ Aggregator connected: aggregator-001 from 127.0.0.1
✓ Sent 334402 bytes to aggregator-001 (3.88ms)
Session completed with aggregator-001
[2025-12-10 08:11:23] Meter 339: Generated 1.484 kWh (encrypted: 334459 bytes, 4.764 ms)
[2025-12-10 08:11:43] Meter 339: Generated 6.960 kWh (encrypted: 334202 bytes, 4.851 ms)
[2025-12-10 08:12:03] Meter 339: Generated 3.500 kWh (encrypted: 334322 bytes, 4.573 ms)
[2025-12-10 08:12:17] NETWORK INFO: Server authentication successful for node: aggregator-001
✓ Aggregator connected: aggregator-001 from 127.0.0.1
✓ Sent 334322 bytes to aggregator-001 (1.90ms)
Session completed with aggregator-001
[2025-12-10 08:12:23] Meter 339: Generated 2.515 kWh (encrypted: 334216 bytes, 5.281 ms)

Received shutdown signal. Gracefully shutting down smart meter...
Network server thread stopped
Data generation thread stopped
Smart meter 339 shutdown complete
