=== Continuous Smart Meter Server 500 ===
Initializing for continuous operation...
SEAL context initialized
Loaded certificate: smart-meter-500
Requesting public keys from KDC...
[2025-12-10 08:05:25] NETWORK ERROR: Failed to connect to 127.0.0.1:8444: Connection refused
Error: Failed to connect to KDC at 127.0.0.1:8444
Error: Failed to send key request to KDC
Failed to obtain keys from KDC, falling back to file keys
Loaded keys from fallback files
Cryptographic components initialized
[2025-12-10 08:05:25] NETWORK INFO: Server socket created and listening on port 9500
✓ Smart meter server ready on port 9500
Data transmission interval: 20 seconds (15x accelerated - simulates 5min)
✓ Performance metrics CSV files initialized in performance_data/
Starting continuous smart meter operation...
Press Ctrl+C to stop gracefully
Data generation thread started
Network server thread started on port 9500
[2025-12-10 08:05:44] NETWORK INFO: Server authentication successful for node: aggregator-001
✓ Aggregator connected: aggregator-001 from 127.0.0.1
[2025-12-10 08:05:45] Meter 500: Generated 3.931 kWh (encrypted: 334369 bytes, 5.140 ms)
✓ Sent 334369 bytes to aggregator-001 (0.72ms)
Session completed with aggregator-001
[2025-12-10 08:06:05] Meter 500: Generated 3.063 kWh (encrypted: 333941 bytes, 4.464 ms)
[2025-12-10 08:06:25] Meter 500: Generated 6.740 kWh (encrypted: 334269 bytes, 6.420 ms)
[2025-12-10 08:06:45] Meter 500: Generated 3.800 kWh (encrypted: 334333 bytes, 4.518 ms)
[2025-12-10 08:06:50] NETWORK INFO: Server authentication successful for node: aggregator-001
✓ Aggregator connected: aggregator-001 from 127.0.0.1
✓ Sent 334333 bytes to aggregator-001 (0.86ms)
Session completed with aggregator-001
[2025-12-10 08:07:05] Meter 500: Generated 7.524 kWh (encrypted: 334404 bytes, 5.445 ms)
[2025-12-10 08:07:25] Meter 500: Generated 5.326 kWh (encrypted: 334121 bytes, 5.965 ms)
[2025-12-10 08:07:45] Meter 500: Generated 6.790 kWh (encrypted: 334446 bytes, 4.583 ms)
[2025-12-10 08:07:56] NETWORK INFO: Server authentication successful for node: aggregator-001
✓ Aggregator connected: aggregator-001 from 127.0.0.1
✓ Sent 334446 bytes to aggregator-001 (5.03ms)
Session completed with aggregator-001
[2025-12-10 08:08:05] Meter 500: Generated 1.575 kWh (encrypted: 334463 bytes, 8.781 ms)
[2025-12-10 08:08:25] Meter 500: Generated 3.574 kWh (encrypted: 334108 bytes, 6.724 ms)
[2025-12-10 08:08:45] Meter 500: Generated 7.030 kWh (encrypted: 334500 bytes, 7.781 ms)
[2025-12-10 08:09:01] NETWORK INFO: Server authentication successful for node: aggregator-001
✓ Aggregator connected: aggregator-001 from 127.0.0.1
✓ Sent 334500 bytes to aggregator-001 (0.36ms)
Session completed with aggregator-001
[2025-12-10 08:09:05] Meter 500: Generated 4.315 kWh (encrypted: 334489 bytes, 4.472 ms)
[2025-12-10 08:09:25] Meter 500: Generated 2.350 kWh (encrypted: 334387 bytes, 4.297 ms)
[2025-12-10 08:09:45] Meter 500: Generated 6.309 kWh (encrypted: 334114 bytes, 4.788 ms)
[2025-12-10 08:10:05] Meter 500: Generated 3.111 kWh (encrypted: 334135 bytes, 4.890 ms)
[2025-12-10 08:10:06] NETWORK INFO: Server authentication successful for node: aggregator-001
✓ Aggregator connected: aggregator-001 from 127.0.0.1
✓ Sent 334135 bytes to aggregator-001 (0.36ms)
Session completed with aggregator-001
[2025-12-10 08:10:25] Meter 500: Generated 1.512 kWh (encrypted: 334415 bytes, 4.564 ms)
[2025-12-10 08:10:45] Meter 500: Generated 1.109 kWh (encrypted: 334118 bytes, 5.143 ms)
[2025-12-10 08:11:05] Meter 500: Generated 4.104 kWh (encrypted: 334281 bytes, 6.630 ms)
[2025-12-10 08:11:12] NETWORK INFO: Server authentication successful for node: aggregator-001
✓ Aggregator connected: aggregator-001 from 127.0.0.1
✓ Sent 334281 bytes to aggregator-001 (28.43ms)
Session completed with aggregator-001
[2025-12-10 08:11:25] Meter 500: Generated 3.392 kWh (encrypted: 334150 bytes, 6.434 ms)
[2025-12-10 08:11:45] Meter 500: Generated 3.766 kWh (encrypted: 334452 bytes, 6.542 ms)
[2025-12-10 08:12:05] Meter 500: Generated 2.388 kWh (encrypted: 334491 bytes, 6.635 ms)
[2025-12-10 08:12:17] NETWORK INFO: Server authentication successful for node: aggregator-001
✓ Aggregator connected: aggregator-001 from 127.0.0.1
✓ Sent 334491 bytes to aggregator-001 (4.58ms)
Session completed with aggregator-001
[2025-12-10 08:12:25] Meter 500: Generated 5.158 kWh (encrypted: 334465 bytes, 6.591 ms)

Received shutdown signal. Gracefully shutting down smart meter...
Network server thread stopped
Data generation thread stopped
Smart meter 500 shutdown complete
