=== Continuous Smart Meter Server 158 ===
Initializing for continuous operation...
SEAL context initialized
Loaded certificate: smart-meter-158
Requesting public keys from KDC...
[2025-12-10 07:58:18] NETWORK ERROR: Failed to connect to 127.0.0.1:8444: Connection refused
Error: Failed to connect to KDC at 127.0.0.1:8444
Error: Failed to send key request to KDC
Failed to obtain keys from KDC, falling back to file keys
Loaded keys from fallback files
Cryptographic components initialized
[2025-12-10 07:58:18] NETWORK INFO: Server socket created and listening on port 9158
✓ Smart meter server ready on port 9158
Data transmission interval: 20 seconds (15x accelerated - simulates 5min)
✓ Performance metrics CSV files initialized in performance_data/
Starting continuous smart meter operation...
Press Ctrl+C to stop gracefully
Data generation thread started
Network server thread started on port 9158
[2025-12-10 07:58:25] NETWORK INFO: Server authentication successful for node: aggregator-001
✓ Aggregator connected: aggregator-001 from 127.0.0.1
[2025-12-10 07:58:38] Meter 158: Generated 1.925 kWh (encrypted: 334400 bytes, 6.815 ms)
✓ Sent 334400 bytes to aggregator-001 (0.72ms)
Session completed with aggregator-001
[2025-12-10 07:58:58] Meter 158: Generated 6.920 kWh (encrypted: 334305 bytes, 4.538 ms)
[2025-12-10 07:59:18] Meter 158: Generated 3.849 kWh (encrypted: 334337 bytes, 5.958 ms)
[2025-12-10 07:59:26] NETWORK INFO: Server authentication successful for node: aggregator-001
✓ Aggregator connected: aggregator-001 from 127.0.0.1
✓ Sent 334337 bytes to aggregator-001 (1.16ms)
Session completed with aggregator-001
[2025-12-10 07:59:39] Meter 158: Generated 3.233 kWh (encrypted: 334398 bytes, 5.222 ms)
[2025-12-10 07:59:59] Meter 158: Generated 6.323 kWh (encrypted: 334101 bytes, 5.678 ms)
[2025-12-10 08:00:19] Meter 158: Generated 1.190 kWh (encrypted: 334281 bytes, 6.811 ms)
[2025-12-10 08:00:28] NETWORK INFO: Server authentication successful for node: aggregator-001
✓ Aggregator connected: aggregator-001 from 127.0.0.1
✓ Sent 334281 bytes to aggregator-001 (12.51ms)
Session completed with aggregator-001
[2025-12-10 08:00:39] Meter 158: Generated 5.652 kWh (encrypted: 334535 bytes, 5.254 ms)
[2025-12-10 08:00:59] Meter 158: Generated 5.284 kWh (encrypted: 334447 bytes, 4.882 ms)
[2025-12-10 08:01:19] Meter 158: Generated 2.788 kWh (encrypted: 334376 bytes, 6.240 ms)
[2025-12-10 08:01:31] NETWORK INFO: Server authentication successful for node: aggregator-001
✓ Aggregator connected: aggregator-001 from 127.0.0.1
✓ Sent 334376 bytes to aggregator-001 (0.39ms)
Session completed with aggregator-001
[2025-12-10 08:01:39] Meter 158: Generated 7.224 kWh (encrypted: 334452 bytes, 5.301 ms)
[2025-12-10 08:01:59] Meter 158: Generated 1.023 kWh (encrypted: 334121 bytes, 4.590 ms)
[2025-12-10 08:02:19] Meter 158: Generated 0.828 kWh (encrypted: 334493 bytes, 4.516 ms)
[2025-12-10 08:02:33] NETWORK INFO: Server authentication successful for node: aggregator-001
✓ Aggregator connected: aggregator-001 from 127.0.0.1
✓ Sent 334493 bytes to aggregator-001 (0.37ms)
Session completed with aggregator-001
[2025-12-10 08:02:39] Meter 158: Generated 6.950 kWh (encrypted: 334438 bytes, 4.576 ms)
[2025-12-10 08:02:59] Meter 158: Generated 6.135 kWh (encrypted: 334198 bytes, 5.383 ms)
[2025-12-10 08:03:19] Meter 158: Generated 5.030 kWh (encrypted: 334297 bytes, 4.843 ms)
[2025-12-10 08:03:36] NETWORK INFO: Server authentication successful for node: aggregator-001
✓ Aggregator connected: aggregator-001 from 127.0.0.1
✓ Sent 334297 bytes to aggregator-001 (0.36ms)
Session completed with aggregator-001
[2025-12-10 08:03:39] Meter 158: Generated 5.974 kWh (encrypted: 334497 bytes, 4.350 ms)
[2025-12-10 08:03:59] Meter 158: Generated 0.704 kWh (encrypted: 334529 bytes, 5.733 ms)
[2025-12-10 08:04:19] Meter 158: Generated 2.960 kWh (encrypted: 334375 bytes, 5.752 ms)
[2025-12-10 08:04:39] Meter 158: Generated 3.682 kWh (encrypted: 334216 bytes, 10.737 ms)
[2025-12-10 08:04:39] NETWORK INFO: Server authentication successful for node: aggregator-001
✓ Aggregator connected: aggregator-001 from 127.0.0.1
✓ Sent 334216 bytes to aggregator-001 (14.60ms)
Session completed with aggregator-001
[2025-12-10 08:04:59] Meter 158: Generated 1.603 kWh (encrypted: 334346 bytes, 4.504 ms)
[2025-12-10 08:05:19] Meter 158: Generated 1.454 kWh (encrypted: 334286 bytes, 4.498 ms)
[2025-12-10 08:05:39] Meter 158: Generated 3.475 kWh (encrypted: 334388 bytes, 4.387 ms)
[2025-12-10 08:05:44] NETWORK INFO: Server authentication successful for node: aggregator-001
✓ Aggregator connected: aggregator-001 from 127.0.0.1
✓ Sent 334388 bytes to aggregator-001 (0.37ms)
Session completed with aggregator-001
[2025-12-10 08:05:59] Meter 158: Generated 6.366 kWh (encrypted: 334434 bytes, 4.324 ms)
[2025-12-10 08:06:19] Meter 158: Generated 5.817 kWh (encrypted: 334375 bytes, 6.559 ms)
[2025-12-10 08:06:39] Meter 158: Generated 2.025 kWh (encrypted: 334495 bytes, 4.490 ms)
[2025-12-10 08:06:50] NETWORK INFO: Server authentication successful for node: aggregator-001
✓ Aggregator connected: aggregator-001 from 127.0.0.1
✓ Sent 334495 bytes to aggregator-001 (6.81ms)
Session completed with aggregator-001
[2025-12-10 08:06:59] Meter 158: Generated 2.830 kWh (encrypted: 334418 bytes, 6.418 ms)
[2025-12-10 08:07:19] Meter 158: Generated 4.114 kWh (encrypted: 334348 bytes, 4.441 ms)
[2025-12-10 08:07:39] Meter 158: Generated 4.199 kWh (encrypted: 334359 bytes, 6.516 ms)
[2025-12-10 08:07:56] NETWORK INFO: Server authentication successful for node: aggregator-001
✓ Aggregator connected: aggregator-001 from 127.0.0.1
✓ Sent 334359 bytes to aggregator-001 (0.35ms)
Session completed with aggregator-001
[2025-12-10 08:07:59] Meter 158: Generated 6.265 kWh (encrypted: 334230 bytes, 6.610 ms)
[2025-12-10 08:08:19] Meter 158: Generated 0.705 kWh (encrypted: 334293 bytes, 6.251 ms)
[2025-12-10 08:08:39] Meter 158: Generated 2.046 kWh (encrypted: 334419 bytes, 8.461 ms)
[2025-12-10 08:08:59] Meter 158: Generated 2.333 kWh (encrypted: 334411 bytes, 6.120 ms)
[2025-12-10 08:09:01] NETWORK INFO: Server authentication successful for node: aggregator-001
✓ Aggregator connected: aggregator-001 from 127.0.0.1
✓ Sent 334411 bytes to aggregator-001 (0.39ms)
Session completed with aggregator-001
[2025-12-10 08:09:19] Meter 158: Generated 2.361 kWh (encrypted: 334349 bytes, 6.668 ms)
[2025-12-10 08:09:39] Meter 158: Generated 5.892 kWh (encrypted: 334330 bytes, 4.659 ms)
[2025-12-10 08:09:59] Meter 158: Generated 1.942 kWh (encrypted: 334184 bytes, 5.469 ms)
[2025-12-10 08:10:06] NETWORK INFO: Server authentication successful for node: aggregator-001
✓ Aggregator connected: aggregator-001 from 127.0.0.1
✓ Sent 334184 bytes to aggregator-001 (0.41ms)
Session completed with aggregator-001
[2025-12-10 08:10:19] Meter 158: Generated 1.542 kWh (encrypted: 334195 bytes, 5.806 ms)
[2025-12-10 08:10:39] Meter 158: Generated 4.937 kWh (encrypted: 334373 bytes, 6.106 ms)
[2025-12-10 08:10:59] Meter 158: Generated 6.636 kWh (encrypted: 334321 bytes, 6.309 ms)
[2025-12-10 08:11:12] NETWORK INFO: Server authentication successful for node: aggregator-001
✓ Aggregator connected: aggregator-001 from 127.0.0.1
✓ Sent 334321 bytes to aggregator-001 (0.38ms)
Session completed with aggregator-001
[2025-12-10 08:11:19] Meter 158: Generated 1.797 kWh (encrypted: 334301 bytes, 4.806 ms)
[2025-12-10 08:11:39] Meter 158: Generated 2.160 kWh (encrypted: 334404 bytes, 4.531 ms)
[2025-12-10 08:11:59] Meter 158: Generated 1.536 kWh (encrypted: 334379 bytes, 4.342 ms)
[2025-12-10 08:12:17] NETWORK INFO: Server authentication successful for node: aggregator-001
✓ Aggregator connected: aggregator-001 from 127.0.0.1
✓ Sent 334379 bytes to aggregator-001 (5.55ms)
Session completed with aggregator-001
[2025-12-10 08:12:19] Meter 158: Generated 0.857 kWh (encrypted: 334294 bytes, 5.280 ms)

Received shutdown signal. Gracefully shutting down smart meter...
Network server thread stopped
Data generation thread stopped
Smart meter 158 shutdown complete
