=== Continuous Smart Meter Server 292 ===
Initializing for continuous operation...
SEAL context initialized
Loaded certificate: smart-meter-292
Requesting public keys from KDC...
[2025-12-10 08:01:04] NETWORK ERROR: Failed to connect to 127.0.0.1:8444: Connection refused
Error: Failed to connect to KDC at 127.0.0.1:8444
Error: Failed to send key request to KDC
Failed to obtain keys from KDC, falling back to file keys
Loaded keys from fallback files
Cryptographic components initialized
[2025-12-10 08:01:04] NETWORK INFO: Server socket created and listening on port 9292
✓ Smart meter server ready on port 9292
Data transmission interval: 20 seconds (15x accelerated - simulates 5min)
✓ Performance metrics CSV files initialized in performance_data/
Starting continuous smart meter operation...
Press Ctrl+C to stop gracefully
Data generation thread started
Network server thread started on port 9292
[2025-12-10 08:01:24] Meter 292: Generated 6.889 kWh (encrypted: 334051 bytes, 5.178 ms)
[2025-12-10 08:01:31] NETWORK INFO: Server authentication successful for node: aggregator-001
✓ Aggregator connected: aggregator-001 from 127.0.0.1
✓ Sent 334051 bytes to aggregator-001 (0.69ms)
Session completed with aggregator-001
[2025-12-10 08:01:44] Meter 292: Generated 5.164 kWh (encrypted: 334453 bytes, 7.731 ms)
[2025-12-10 08:02:04] Meter 292: Generated 7.282 kWh (encrypted: 334363 bytes, 4.999 ms)
[2025-12-10 08:02:24] Meter 292: Generated 3.718 kWh (encrypted: 334477 bytes, 4.683 ms)
[2025-12-10 08:02:33] NETWORK INFO: Server authentication successful for node: aggregator-001
✓ Aggregator connected: aggregator-001 from 127.0.0.1
✓ Sent 334477 bytes to aggregator-001 (0.35ms)
Session completed with aggregator-001
[2025-12-10 08:02:44] Meter 292: Generated 1.092 kWh (encrypted: 334301 bytes, 4.571 ms)
[2025-12-10 08:03:04] Meter 292: Generated 2.882 kWh (encrypted: 334429 bytes, 5.172 ms)
[2025-12-10 08:03:24] Meter 292: Generated 6.845 kWh (encrypted: 334190 bytes, 4.674 ms)
[2025-12-10 08:03:36] NETWORK INFO: Server authentication successful for node: aggregator-001
✓ Aggregator connected: aggregator-001 from 127.0.0.1
✓ Sent 334190 bytes to aggregator-001 (0.43ms)
Session completed with aggregator-001
[2025-12-10 08:03:44] Meter 292: Generated 3.919 kWh (encrypted: 334310 bytes, 4.628 ms)
[2025-12-10 08:04:04] Meter 292: Generated 6.492 kWh (encrypted: 334438 bytes, 4.513 ms)
[2025-12-10 08:04:24] Meter 292: Generated 3.302 kWh (encrypted: 334523 bytes, 4.518 ms)
[2025-12-10 08:04:39] NETWORK INFO: Server authentication successful for node: aggregator-001
✓ Aggregator connected: aggregator-001 from 127.0.0.1
✓ Sent 334523 bytes to aggregator-001 (0.40ms)
Session completed with aggregator-001
[2025-12-10 08:04:44] Meter 292: Generated 5.340 kWh (encrypted: 334135 bytes, 4.834 ms)
[2025-12-10 08:05:04] Meter 292: Generated 4.480 kWh (encrypted: 334350 bytes, 4.493 ms)
[2025-12-10 08:05:24] Meter 292: Generated 5.593 kWh (encrypted: 334302 bytes, 7.408 ms)
[2025-12-10 08:05:44] Meter 292: Generated 7.306 kWh (encrypted: 334391 bytes, 4.721 ms)
[2025-12-10 08:05:44] NETWORK INFO: Server authentication successful for node: aggregator-001
✓ Aggregator connected: aggregator-001 from 127.0.0.1
✓ Sent 334391 bytes to aggregator-001 (0.36ms)
Session completed with aggregator-001
[2025-12-10 08:06:04] Meter 292: Generated 6.057 kWh (encrypted: 334317 bytes, 5.325 ms)
[2025-12-10 08:06:24] Meter 292: Generated 7.257 kWh (encrypted: 334478 bytes, 4.957 ms)
[2025-12-10 08:06:44] Meter 292: Generated 0.885 kWh (encrypted: 334378 bytes, 4.662 ms)
[2025-12-10 08:06:50] NETWORK INFO: Server authentication successful for node: aggregator-001
✓ Aggregator connected: aggregator-001 from 127.0.0.1
✓ Sent 334378 bytes to aggregator-001 (0.34ms)
Session completed with aggregator-001
[2025-12-10 08:07:04] Meter 292: Generated 1.944 kWh (encrypted: 334219 bytes, 4.405 ms)
[2025-12-10 08:07:24] Meter 292: Generated 7.288 kWh (encrypted: 334347 bytes, 7.120 ms)
[2025-12-10 08:07:44] Meter 292: Generated 2.536 kWh (encrypted: 334109 bytes, 4.841 ms)
[2025-12-10 08:07:56] NETWORK INFO: Server authentication successful for node: aggregator-001
✓ Aggregator connected: aggregator-001 from 127.0.0.1
✓ Sent 334109 bytes to aggregator-001 (0.35ms)
Session completed with aggregator-001
[2025-12-10 08:08:04] Meter 292: Generated 5.501 kWh (encrypted: 334392 bytes, 6.390 ms)
[2025-12-10 08:08:24] Meter 292: Generated 1.820 kWh (encrypted: 334548 bytes, 6.684 ms)
[2025-12-10 08:08:44] Meter 292: Generated 2.303 kWh (encrypted: 334411 bytes, 4.598 ms)
[2025-12-10 08:09:01] NETWORK INFO: Server authentication successful for node: aggregator-001
✓ Aggregator connected: aggregator-001 from 127.0.0.1
✓ Sent 334411 bytes to aggregator-001 (0.31ms)
Session completed with aggregator-001
[2025-12-10 08:09:04] Meter 292: Generated 5.927 kWh (encrypted: 334372 bytes, 4.635 ms)
[2025-12-10 08:09:24] Meter 292: Generated 1.999 kWh (encrypted: 334287 bytes, 6.564 ms)
[2025-12-10 08:09:44] Meter 292: Generated 2.456 kWh (encrypted: 334133 bytes, 4.416 ms)
[2025-12-10 08:10:04] Meter 292: Generated 7.245 kWh (encrypted: 334453 bytes, 6.579 ms)
[2025-12-10 08:10:06] NETWORK INFO: Server authentication successful for node: aggregator-001
✓ Aggregator connected: aggregator-001 from 127.0.0.1
✓ Sent 334453 bytes to aggregator-001 (0.42ms)
Session completed with aggregator-001
[2025-12-10 08:10:24] Meter 292: Generated 6.324 kWh (encrypted: 334386 bytes, 4.753 ms)
[2025-12-10 08:10:44] Meter 292: Generated 5.880 kWh (encrypted: 334119 bytes, 4.701 ms)
[2025-12-10 08:11:04] Meter 292: Generated 4.464 kWh (encrypted: 334400 bytes, 6.574 ms)
[2025-12-10 08:11:12] NETWORK INFO: Server authentication successful for node: aggregator-001
✓ Aggregator connected: aggregator-001 from 127.0.0.1
✓ Sent 334400 bytes to aggregator-001 (0.40ms)
Session completed with aggregator-001
[2025-12-10 08:11:24] Meter 292: Generated 4.484 kWh (encrypted: 334361 bytes, 4.717 ms)
[2025-12-10 08:11:44] Meter 292: Generated 1.906 kWh (encrypted: 334185 bytes, 4.674 ms)
[2025-12-10 08:12:04] Meter 292: Generated 2.495 kWh (encrypted: 333951 bytes, 9.924 ms)
[2025-12-10 08:12:17] NETWORK INFO: Server authentication successful for node: aggregator-001
✓ Aggregator connected: aggregator-001 from 127.0.0.1
✓ Sent 333951 bytes to aggregator-001 (0.37ms)
Session completed with aggregator-001
[2025-12-10 08:12:24] Meter 292: Generated 2.740 kWh (encrypted: 334237 bytes, 4.905 ms)

Received shutdown signal. Gracefully shutting down smart meter...
Network server thread stopped
Data generation thread stopped
Smart meter 292 shutdown complete
