=== Continuous Smart Meter Server 224 ===
Initializing for continuous operation...
SEAL context initialized
Loaded certificate: smart-meter-224
Requesting public keys from KDC...
[2025-12-10 07:59:40] NETWORK ERROR: Failed to connect to 127.0.0.1:8444: Connection refused
Error: Failed to connect to KDC at 127.0.0.1:8444
Error: Failed to send key request to KDC
Failed to obtain keys from KDC, falling back to file keys
Loaded keys from fallback files
Cryptographic components initialized
[2025-12-10 07:59:40] NETWORK INFO: Server socket created and listening on port 9224
✓ Smart meter server ready on port 9224
Data transmission interval: 20 seconds (15x accelerated - simulates 5min)
✓ Performance metrics CSV files initialized in performance_data/
Starting continuous smart meter operation...
Press Ctrl+C to stop gracefully
Data generation thread started
Network server thread started on port 9224
[2025-12-10 08:00:00] Meter 224: Generated 7.279 kWh (encrypted: 334387 bytes, 5.038 ms)
[2025-12-10 08:00:20] Meter 224: Generated 1.332 kWh (encrypted: 334300 bytes, 4.885 ms)
[2025-12-10 08:00:28] NETWORK INFO: Server authentication successful for node: aggregator-001
✓ Aggregator connected: aggregator-001 from 127.0.0.1
✓ Sent 334300 bytes to aggregator-001 (0.79ms)
Session completed with aggregator-001
[2025-12-10 08:00:40] Meter 224: Generated 1.435 kWh (encrypted: 334351 bytes, 4.638 ms)
[2025-12-10 08:01:00] Meter 224: Generated 6.935 kWh (encrypted: 334363 bytes, 6.442 ms)
[2025-12-10 08:01:20] Meter 224: Generated 6.058 kWh (encrypted: 334040 bytes, 4.483 ms)
[2025-12-10 08:01:31] NETWORK INFO: Server authentication successful for node: aggregator-001
✓ Aggregator connected: aggregator-001 from 127.0.0.1
✓ Sent 334040 bytes to aggregator-001 (0.34ms)
Session completed with aggregator-001
[2025-12-10 08:01:40] Meter 224: Generated 4.772 kWh (encrypted: 334429 bytes, 4.575 ms)
[2025-12-10 08:02:00] Meter 224: Generated 7.155 kWh (encrypted: 334371 bytes, 4.911 ms)
[2025-12-10 08:02:20] Meter 224: Generated 1.759 kWh (encrypted: 334280 bytes, 6.729 ms)
[2025-12-10 08:02:33] NETWORK INFO: Server authentication successful for node: aggregator-001
✓ Aggregator connected: aggregator-001 from 127.0.0.1
✓ Sent 334280 bytes to aggregator-001 (0.38ms)
Session completed with aggregator-001
[2025-12-10 08:02:40] Meter 224: Generated 4.575 kWh (encrypted: 334139 bytes, 5.271 ms)
[2025-12-10 08:03:00] Meter 224: Generated 4.867 kWh (encrypted: 334427 bytes, 6.425 ms)
[2025-12-10 08:03:20] Meter 224: Generated 4.311 kWh (encrypted: 334208 bytes, 5.755 ms)
[2025-12-10 08:03:36] NETWORK INFO: Server authentication successful for node: aggregator-001
✓ Aggregator connected: aggregator-001 from 127.0.0.1
✓ Sent 334208 bytes to aggregator-001 (0.40ms)
Session completed with aggregator-001
[2025-12-10 08:03:40] Meter 224: Generated 1.752 kWh (encrypted: 334200 bytes, 5.010 ms)
[2025-12-10 08:04:00] Meter 224: Generated 5.331 kWh (encrypted: 334351 bytes, 5.474 ms)
[2025-12-10 08:04:20] Meter 224: Generated 5.433 kWh (encrypted: 334251 bytes, 5.981 ms)
[2025-12-10 08:04:39] NETWORK INFO: Server authentication successful for node: aggregator-001
✓ Aggregator connected: aggregator-001 from 127.0.0.1
✓ Sent 334251 bytes to aggregator-001 (15.26ms)
Session completed with aggregator-001
[2025-12-10 08:04:40] Meter 224: Generated 2.494 kWh (encrypted: 334189 bytes, 5.128 ms)
[2025-12-10 08:05:00] Meter 224: Generated 2.344 kWh (encrypted: 334423 bytes, 4.473 ms)
[2025-12-10 08:05:20] Meter 224: Generated 5.136 kWh (encrypted: 334278 bytes, 4.877 ms)
[2025-12-10 08:05:40] Meter 224: Generated 5.044 kWh (encrypted: 334165 bytes, 4.590 ms)
[2025-12-10 08:05:44] NETWORK INFO: Server authentication successful for node: aggregator-001
✓ Aggregator connected: aggregator-001 from 127.0.0.1
✓ Sent 334165 bytes to aggregator-001 (0.42ms)
Session completed with aggregator-001
[2025-12-10 08:06:00] Meter 224: Generated 3.969 kWh (encrypted: 334526 bytes, 5.730 ms)
[2025-12-10 08:06:20] Meter 224: Generated 4.356 kWh (encrypted: 334253 bytes, 4.338 ms)
[2025-12-10 08:06:40] Meter 224: Generated 3.229 kWh (encrypted: 333988 bytes, 4.565 ms)
[2025-12-10 08:06:50] NETWORK INFO: Server authentication successful for node: aggregator-001
✓ Aggregator connected: aggregator-001 from 127.0.0.1
✓ Sent 333988 bytes to aggregator-001 (0.38ms)
Session completed with aggregator-001
[2025-12-10 08:07:00] Meter 224: Generated 3.698 kWh (encrypted: 334246 bytes, 6.693 ms)
[2025-12-10 08:07:20] Meter 224: Generated 2.639 kWh (encrypted: 333289 bytes, 4.442 ms)
[2025-12-10 08:07:40] Meter 224: Generated 6.869 kWh (encrypted: 334487 bytes, 4.495 ms)
[2025-12-10 08:07:56] NETWORK INFO: Server authentication successful for node: aggregator-001
✓ Aggregator connected: aggregator-001 from 127.0.0.1
✓ Sent 334487 bytes to aggregator-001 (0.35ms)
Session completed with aggregator-001
[2025-12-10 08:08:00] Meter 224: Generated 6.029 kWh (encrypted: 334260 bytes, 4.417 ms)
[2025-12-10 08:08:20] Meter 224: Generated 1.715 kWh (encrypted: 334463 bytes, 5.336 ms)
[2025-12-10 08:08:40] Meter 224: Generated 2.791 kWh (encrypted: 334236 bytes, 6.690 ms)
[2025-12-10 08:09:00] Meter 224: Generated 6.790 kWh (encrypted: 334358 bytes, 6.616 ms)
[2025-12-10 08:09:01] NETWORK INFO: Server authentication successful for node: aggregator-001
✓ Aggregator connected: aggregator-001 from 127.0.0.1
✓ Sent 334358 bytes to aggregator-001 (0.35ms)
Session completed with aggregator-001
[2025-12-10 08:09:20] Meter 224: Generated 5.122 kWh (encrypted: 334431 bytes, 9.757 ms)
[2025-12-10 08:09:40] Meter 224: Generated 0.989 kWh (encrypted: 334400 bytes, 4.681 ms)
[2025-12-10 08:10:00] Meter 224: Generated 0.707 kWh (encrypted: 334125 bytes, 4.441 ms)
[2025-12-10 08:10:06] NETWORK INFO: Server authentication successful for node: aggregator-001
✓ Aggregator connected: aggregator-001 from 127.0.0.1
✓ Sent 334125 bytes to aggregator-001 (0.34ms)
Session completed with aggregator-001
[2025-12-10 08:10:20] Meter 224: Generated 3.824 kWh (encrypted: 334431 bytes, 4.672 ms)
[2025-12-10 08:10:40] Meter 224: Generated 2.910 kWh (encrypted: 334357 bytes, 5.213 ms)
[2025-12-10 08:11:00] Meter 224: Generated 4.628 kWh (encrypted: 334029 bytes, 4.724 ms)
[2025-12-10 08:11:12] NETWORK INFO: Server authentication successful for node: aggregator-001
✓ Aggregator connected: aggregator-001 from 127.0.0.1
✓ Sent 334029 bytes to aggregator-001 (0.36ms)
Session completed with aggregator-001
[2025-12-10 08:11:20] Meter 224: Generated 6.048 kWh (encrypted: 334374 bytes, 6.445 ms)
[2025-12-10 08:11:40] Meter 224: Generated 2.441 kWh (encrypted: 334310 bytes, 4.718 ms)
[2025-12-10 08:12:00] Meter 224: Generated 1.095 kWh (encrypted: 334091 bytes, 4.437 ms)
[2025-12-10 08:12:17] NETWORK INFO: Server authentication successful for node: aggregator-001
✓ Aggregator connected: aggregator-001 from 127.0.0.1
✓ Sent 334091 bytes to aggregator-001 (0.55ms)
Session completed with aggregator-001
[2025-12-10 08:12:20] Meter 224: Generated 4.440 kWh (encrypted: 334406 bytes, 6.800 ms)

Received shutdown signal. Gracefully shutting down smart meter...
Network server thread stopped
Data generation thread stopped
Smart meter 224 shutdown complete
