=== Continuous Smart Meter Server 300 ===
Initializing for continuous operation...
SEAL context initialized
Loaded certificate: smart-meter-300
Requesting public keys from KDC...
[2025-12-10 08:01:14] NETWORK ERROR: Failed to connect to 127.0.0.1:8444: Connection refused
Error: Failed to connect to KDC at 127.0.0.1:8444
Error: Failed to send key request to KDC
Failed to obtain keys from KDC, falling back to file keys
Loaded keys from fallback files
Cryptographic components initialized
[2025-12-10 08:01:14] NETWORK INFO: Server socket created and listening on port 9300
✓ Smart meter server ready on port 9300
Data transmission interval: 20 seconds (15x accelerated - simulates 5min)
✓ Performance metrics CSV files initialized in performance_data/
Starting continuous smart meter operation...
Press Ctrl+C to stop gracefully
Data generation thread started
Network server thread started on port 9300
[2025-12-10 08:01:31] NETWORK INFO: Server authentication successful for node: aggregator-001
✓ Aggregator connected: aggregator-001 from 127.0.0.1
[2025-12-10 08:01:34] Meter 300: Generated 6.526 kWh (encrypted: 334414 bytes, 5.031 ms)
✓ Sent 334414 bytes to aggregator-001 (0.71ms)
Session completed with aggregator-001
[2025-12-10 08:01:54] Meter 300: Generated 1.855 kWh (encrypted: 334136 bytes, 4.568 ms)
[2025-12-10 08:02:14] Meter 300: Generated 3.142 kWh (encrypted: 334089 bytes, 4.634 ms)
[2025-12-10 08:02:33] NETWORK INFO: Server authentication successful for node: aggregator-001
✓ Aggregator connected: aggregator-001 from 127.0.0.1
✓ Sent 334089 bytes to aggregator-001 (0.43ms)
Session completed with aggregator-001
[2025-12-10 08:02:34] Meter 300: Generated 4.242 kWh (encrypted: 334182 bytes, 4.599 ms)
[2025-12-10 08:02:54] Meter 300: Generated 4.797 kWh (encrypted: 334152 bytes, 6.209 ms)
[2025-12-10 08:03:14] Meter 300: Generated 6.369 kWh (encrypted: 334119 bytes, 4.509 ms)
[2025-12-10 08:03:34] Meter 300: Generated 2.611 kWh (encrypted: 334277 bytes, 4.295 ms)
[2025-12-10 08:03:36] NETWORK INFO: Server authentication successful for node: aggregator-001
✓ Aggregator connected: aggregator-001 from 127.0.0.1
✓ Sent 334277 bytes to aggregator-001 (0.42ms)
Session completed with aggregator-001
[2025-12-10 08:03:54] Meter 300: Generated 2.006 kWh (encrypted: 334273 bytes, 4.336 ms)
[2025-12-10 08:04:14] Meter 300: Generated 4.014 kWh (encrypted: 334226 bytes, 4.281 ms)
[2025-12-10 08:04:34] Meter 300: Generated 1.167 kWh (encrypted: 334254 bytes, 4.677 ms)
[2025-12-10 08:04:39] NETWORK INFO: Server authentication successful for node: aggregator-001
✓ Aggregator connected: aggregator-001 from 127.0.0.1
✓ Sent 334254 bytes to aggregator-001 (13.09ms)
Session completed with aggregator-001
[2025-12-10 08:04:54] Meter 300: Generated 6.220 kWh (encrypted: 334400 bytes, 4.515 ms)
[2025-12-10 08:05:14] Meter 300: Generated 3.878 kWh (encrypted: 334412 bytes, 6.515 ms)
[2025-12-10 08:05:34] Meter 300: Generated 4.631 kWh (encrypted: 333999 bytes, 4.704 ms)
[2025-12-10 08:05:44] NETWORK INFO: Server authentication successful for node: aggregator-001
✓ Aggregator connected: aggregator-001 from 127.0.0.1
✓ Sent 333999 bytes to aggregator-001 (0.35ms)
Session completed with aggregator-001
[2025-12-10 08:05:54] Meter 300: Generated 5.485 kWh (encrypted: 334355 bytes, 4.407 ms)
[2025-12-10 08:06:14] Meter 300: Generated 2.148 kWh (encrypted: 334143 bytes, 4.958 ms)
[2025-12-10 08:06:34] Meter 300: Generated 5.373 kWh (encrypted: 334103 bytes, 4.507 ms)
[2025-12-10 08:06:50] NETWORK INFO: Server authentication successful for node: aggregator-001
✓ Aggregator connected: aggregator-001 from 127.0.0.1
✓ Sent 334103 bytes to aggregator-001 (0.95ms)
Session completed with aggregator-001
[2025-12-10 08:06:54] Meter 300: Generated 3.337 kWh (encrypted: 334031 bytes, 4.558 ms)
[2025-12-10 08:07:14] Meter 300: Generated 7.447 kWh (encrypted: 334406 bytes, 4.764 ms)
[2025-12-10 08:07:34] Meter 300: Generated 2.247 kWh (encrypted: 334325 bytes, 4.624 ms)
[2025-12-10 08:07:54] Meter 300: Generated 5.400 kWh (encrypted: 334509 bytes, 6.532 ms)
[2025-12-10 08:07:56] NETWORK INFO: Server authentication successful for node: aggregator-001
✓ Aggregator connected: aggregator-001 from 127.0.0.1
✓ Sent 334509 bytes to aggregator-001 (0.41ms)
Session completed with aggregator-001
[2025-12-10 08:08:14] Meter 300: Generated 1.410 kWh (encrypted: 334453 bytes, 11.905 ms)
[2025-12-10 08:08:34] Meter 300: Generated 5.072 kWh (encrypted: 333983 bytes, 6.800 ms)
[2025-12-10 08:08:54] Meter 300: Generated 3.553 kWh (encrypted: 334377 bytes, 5.892 ms)
[2025-12-10 08:09:01] NETWORK INFO: Server authentication successful for node: aggregator-001
✓ Aggregator connected: aggregator-001 from 127.0.0.1
✓ Sent 334377 bytes to aggregator-001 (0.39ms)
Session completed with aggregator-001
[2025-12-10 08:09:14] Meter 300: Generated 5.643 kWh (encrypted: 334262 bytes, 7.601 ms)
[2025-12-10 08:09:34] Meter 300: Generated 4.039 kWh (encrypted: 334418 bytes, 4.918 ms)
[2025-12-10 08:09:54] Meter 300: Generated 3.790 kWh (encrypted: 334136 bytes, 5.433 ms)
[2025-12-10 08:10:06] NETWORK INFO: Server authentication successful for node: aggregator-001
✓ Aggregator connected: aggregator-001 from 127.0.0.1
✓ Sent 334136 bytes to aggregator-001 (38.30ms)
Session completed with aggregator-001
[2025-12-10 08:10:14] Meter 300: Generated 6.419 kWh (encrypted: 334066 bytes, 6.102 ms)
[2025-12-10 08:10:34] Meter 300: Generated 6.206 kWh (encrypted: 334174 bytes, 6.398 ms)
[2025-12-10 08:10:54] Meter 300: Generated 3.541 kWh (encrypted: 334384 bytes, 4.813 ms)
[2025-12-10 08:11:12] NETWORK INFO: Server authentication successful for node: aggregator-001
✓ Aggregator connected: aggregator-001 from 127.0.0.1
✓ Sent 334384 bytes to aggregator-001 (0.38ms)
Session completed with aggregator-001
[2025-12-10 08:11:14] Meter 300: Generated 6.316 kWh (encrypted: 334448 bytes, 6.456 ms)
[2025-12-10 08:11:34] Meter 300: Generated 5.156 kWh (encrypted: 334487 bytes, 4.510 ms)
[2025-12-10 08:11:54] Meter 300: Generated 5.927 kWh (encrypted: 333669 bytes, 4.595 ms)
[2025-12-10 08:12:14] Meter 300: Generated 6.816 kWh (encrypted: 334460 bytes, 9.337 ms)
[2025-12-10 08:12:17] NETWORK INFO: Server authentication successful for node: aggregator-001
✓ Aggregator connected: aggregator-001 from 127.0.0.1
✓ Sent 334460 bytes to aggregator-001 (0.37ms)
Session completed with aggregator-001
[2025-12-10 08:12:34] Meter 300: Generated 2.682 kWh (encrypted: 334344 bytes, 4.696 ms)

Received shutdown signal. Gracefully shutting down smart meter...
Network server thread stopped
Data generation thread stopped
Smart meter 300 shutdown complete
