=== Continuous Smart Meter Server 196 ===
Initializing for continuous operation...
SEAL context initialized
Loaded certificate: smart-meter-196
Requesting public keys from KDC...
[2025-12-10 07:59:05] NETWORK ERROR: Failed to connect to 127.0.0.1:8444: Connection refused
Error: Failed to connect to KDC at 127.0.0.1:8444
Error: Failed to send key request to KDC
Failed to obtain keys from KDC, falling back to file keys
Loaded keys from fallback files
Cryptographic components initialized
[2025-12-10 07:59:05] NETWORK INFO: Server socket created and listening on port 9196
✓ Smart meter server ready on port 9196
Data transmission interval: 20 seconds (15x accelerated - simulates 5min)
✓ Performance metrics CSV files initialized in performance_data/
Starting continuous smart meter operation...
Press Ctrl+C to stop gracefully
Data generation thread started
Network server thread started on port 9196
[2025-12-10 07:59:25] Meter 196: Generated 1.913 kWh (encrypted: 333964 bytes, 5.081 ms)
[2025-12-10 07:59:27] NETWORK INFO: Server authentication successful for node: aggregator-001
✓ Aggregator connected: aggregator-001 from 127.0.0.1
✓ Sent 333964 bytes to aggregator-001 (1.43ms)
Session completed with aggregator-001
[2025-12-10 07:59:45] Meter 196: Generated 1.477 kWh (encrypted: 334447 bytes, 5.150 ms)
[2025-12-10 08:00:05] Meter 196: Generated 3.366 kWh (encrypted: 334354 bytes, 5.529 ms)
[2025-12-10 08:00:25] Meter 196: Generated 6.924 kWh (encrypted: 334266 bytes, 4.983 ms)
[2025-12-10 08:00:28] NETWORK INFO: Server authentication successful for node: aggregator-001
✓ Aggregator connected: aggregator-001 from 127.0.0.1
✓ Sent 334266 bytes to aggregator-001 (0.35ms)
Session completed with aggregator-001
[2025-12-10 08:00:45] Meter 196: Generated 7.273 kWh (encrypted: 334299 bytes, 4.569 ms)
[2025-12-10 08:01:05] Meter 196: Generated 4.299 kWh (encrypted: 334349 bytes, 4.613 ms)
[2025-12-10 08:01:25] Meter 196: Generated 4.131 kWh (encrypted: 334142 bytes, 4.459 ms)
[2025-12-10 08:01:31] NETWORK INFO: Server authentication successful for node: aggregator-001
✓ Aggregator connected: aggregator-001 from 127.0.0.1
✓ Sent 334142 bytes to aggregator-001 (0.37ms)
Session completed with aggregator-001
[2025-12-10 08:01:45] Meter 196: Generated 4.009 kWh (encrypted: 334268 bytes, 4.329 ms)
[2025-12-10 08:02:05] Meter 196: Generated 1.603 kWh (encrypted: 334505 bytes, 5.600 ms)
[2025-12-10 08:02:25] Meter 196: Generated 4.594 kWh (encrypted: 334396 bytes, 4.901 ms)
[2025-12-10 08:02:33] NETWORK INFO: Server authentication successful for node: aggregator-001
✓ Aggregator connected: aggregator-001 from 127.0.0.1
✓ Sent 334396 bytes to aggregator-001 (10.42ms)
Session completed with aggregator-001
[2025-12-10 08:02:45] Meter 196: Generated 1.226 kWh (encrypted: 334391 bytes, 4.344 ms)
[2025-12-10 08:03:05] Meter 196: Generated 2.676 kWh (encrypted: 334051 bytes, 7.104 ms)
[2025-12-10 08:03:25] Meter 196: Generated 6.533 kWh (encrypted: 334360 bytes, 4.807 ms)
[2025-12-10 08:03:36] NETWORK INFO: Server authentication successful for node: aggregator-001
✓ Aggregator connected: aggregator-001 from 127.0.0.1
✓ Sent 334360 bytes to aggregator-001 (0.41ms)
Session completed with aggregator-001
[2025-12-10 08:03:45] Meter 196: Generated 3.586 kWh (encrypted: 334148 bytes, 4.855 ms)
[2025-12-10 08:04:05] Meter 196: Generated 7.433 kWh (encrypted: 334169 bytes, 6.435 ms)
[2025-12-10 08:04:25] Meter 196: Generated 7.041 kWh (encrypted: 334242 bytes, 4.796 ms)
[2025-12-10 08:04:39] NETWORK INFO: Server authentication successful for node: aggregator-001
✓ Aggregator connected: aggregator-001 from 127.0.0.1
✓ Sent 334242 bytes to aggregator-001 (8.08ms)
Session completed with aggregator-001
[2025-12-10 08:04:45] Meter 196: Generated 0.677 kWh (encrypted: 334460 bytes, 5.022 ms)
[2025-12-10 08:05:05] Meter 196: Generated 7.495 kWh (encrypted: 334298 bytes, 5.383 ms)
[2025-12-10 08:05:25] Meter 196: Generated 4.018 kWh (encrypted: 334371 bytes, 4.776 ms)
[2025-12-10 08:05:44] NETWORK INFO: Server authentication successful for node: aggregator-001
✓ Aggregator connected: aggregator-001 from 127.0.0.1
✓ Sent 334371 bytes to aggregator-001 (0.39ms)
Session completed with aggregator-001
[2025-12-10 08:05:45] Meter 196: Generated 4.377 kWh (encrypted: 334062 bytes, 4.351 ms)
[2025-12-10 08:06:05] Meter 196: Generated 5.697 kWh (encrypted: 334107 bytes, 6.557 ms)
[2025-12-10 08:06:25] Meter 196: Generated 1.165 kWh (encrypted: 334302 bytes, 6.471 ms)
[2025-12-10 08:06:45] Meter 196: Generated 5.350 kWh (encrypted: 334476 bytes, 4.326 ms)
[2025-12-10 08:06:50] NETWORK INFO: Server authentication successful for node: aggregator-001
✓ Aggregator connected: aggregator-001 from 127.0.0.1
✓ Sent 334476 bytes to aggregator-001 (0.40ms)
Session completed with aggregator-001
[2025-12-10 08:07:05] Meter 196: Generated 5.539 kWh (encrypted: 334468 bytes, 6.387 ms)
[2025-12-10 08:07:25] Meter 196: Generated 1.525 kWh (encrypted: 334347 bytes, 7.025 ms)
[2025-12-10 08:07:45] Meter 196: Generated 6.962 kWh (encrypted: 334131 bytes, 5.356 ms)
[2025-12-10 08:07:56] NETWORK INFO: Server authentication successful for node: aggregator-001
✓ Aggregator connected: aggregator-001 from 127.0.0.1
✓ Sent 334131 bytes to aggregator-001 (0.40ms)
Session completed with aggregator-001
[2025-12-10 08:08:05] Meter 196: Generated 4.183 kWh (encrypted: 334006 bytes, 4.379 ms)
[2025-12-10 08:08:25] Meter 196: Generated 1.037 kWh (encrypted: 334174 bytes, 4.544 ms)
[2025-12-10 08:08:45] Meter 196: Generated 6.086 kWh (encrypted: 334044 bytes, 4.382 ms)
[2025-12-10 08:09:01] NETWORK INFO: Server authentication successful for node: aggregator-001
✓ Aggregator connected: aggregator-001 from 127.0.0.1
✓ Sent 334044 bytes to aggregator-001 (1.55ms)
Session completed with aggregator-001
[2025-12-10 08:09:05] Meter 196: Generated 6.190 kWh (encrypted: 334386 bytes, 6.702 ms)
[2025-12-10 08:09:25] Meter 196: Generated 7.323 kWh (encrypted: 334312 bytes, 6.796 ms)
[2025-12-10 08:09:45] Meter 196: Generated 2.240 kWh (encrypted: 334185 bytes, 4.479 ms)
[2025-12-10 08:10:05] Meter 196: Generated 1.492 kWh (encrypted: 333974 bytes, 7.553 ms)
[2025-12-10 08:10:06] NETWORK INFO: Server authentication successful for node: aggregator-001
✓ Aggregator connected: aggregator-001 from 127.0.0.1
✓ Sent 333974 bytes to aggregator-001 (0.35ms)
Session completed with aggregator-001
[2025-12-10 08:10:25] Meter 196: Generated 4.055 kWh (encrypted: 334110 bytes, 5.558 ms)
[2025-12-10 08:10:45] Meter 196: Generated 1.583 kWh (encrypted: 334042 bytes, 6.015 ms)
[2025-12-10 08:11:05] Meter 196: Generated 1.554 kWh (encrypted: 334453 bytes, 4.677 ms)
[2025-12-10 08:11:12] NETWORK INFO: Server authentication successful for node: aggregator-001
✓ Aggregator connected: aggregator-001 from 127.0.0.1
✓ Sent 334453 bytes to aggregator-001 (0.53ms)
Session completed with aggregator-001
[2025-12-10 08:11:25] Meter 196: Generated 7.242 kWh (encrypted: 334403 bytes, 8.284 ms)
[2025-12-10 08:11:45] Meter 196: Generated 1.916 kWh (encrypted: 334187 bytes, 6.015 ms)
[2025-12-10 08:12:05] Meter 196: Generated 3.536 kWh (encrypted: 334424 bytes, 9.212 ms)
[2025-12-10 08:12:17] NETWORK INFO: Server authentication successful for node: aggregator-001
✓ Aggregator connected: aggregator-001 from 127.0.0.1
✓ Sent 334424 bytes to aggregator-001 (0.42ms)
Session completed with aggregator-001
[2025-12-10 08:12:26] Meter 196: Generated 3.095 kWh (encrypted: 334320 bytes, 6.683 ms)

Received shutdown signal. Gracefully shutting down smart meter...
Network server thread stopped
Data generation thread stopped
Smart meter 196 shutdown complete
