=== Continuous Smart Meter Server 236 ===
Initializing for continuous operation...
SEAL context initialized
Loaded certificate: smart-meter-236
Requesting public keys from KDC...
[2025-12-10 07:59:54] NETWORK ERROR: Failed to connect to 127.0.0.1:8444: Connection refused
Error: Failed to connect to KDC at 127.0.0.1:8444
Error: Failed to send key request to KDC
Failed to obtain keys from KDC, falling back to file keys
Loaded keys from fallback files
Cryptographic components initialized
[2025-12-10 07:59:54] NETWORK INFO: Server socket created and listening on port 9236
✓ Smart meter server ready on port 9236
Data transmission interval: 20 seconds (15x accelerated - simulates 5min)
✓ Performance metrics CSV files initialized in performance_data/
Starting continuous smart meter operation...
Press Ctrl+C to stop gracefully
Data generation thread started
Network server thread started on port 9236
[2025-12-10 08:00:14] Meter 236: Generated 4.427 kWh (encrypted: 334074 bytes, 5.340 ms)
[2025-12-10 08:00:28] NETWORK INFO: Server authentication successful for node: aggregator-001
✓ Aggregator connected: aggregator-001 from 127.0.0.1
✓ Sent 334074 bytes to aggregator-001 (7.71ms)
Session completed with aggregator-001
[2025-12-10 08:00:34] Meter 236: Generated 1.134 kWh (encrypted: 334138 bytes, 5.348 ms)
[2025-12-10 08:00:54] Meter 236: Generated 5.354 kWh (encrypted: 334450 bytes, 6.477 ms)
[2025-12-10 08:01:14] Meter 236: Generated 7.506 kWh (encrypted: 334354 bytes, 5.440 ms)
[2025-12-10 08:01:31] NETWORK INFO: Server authentication successful for node: aggregator-001
✓ Aggregator connected: aggregator-001 from 127.0.0.1
✓ Sent 334354 bytes to aggregator-001 (0.34ms)
Session completed with aggregator-001
[2025-12-10 08:01:34] Meter 236: Generated 4.232 kWh (encrypted: 334143 bytes, 4.970 ms)
[2025-12-10 08:01:54] Meter 236: Generated 3.428 kWh (encrypted: 334316 bytes, 6.966 ms)
[2025-12-10 08:02:14] Meter 236: Generated 2.929 kWh (encrypted: 334324 bytes, 6.473 ms)
[2025-12-10 08:02:33] NETWORK INFO: Server authentication successful for node: aggregator-001
✓ Aggregator connected: aggregator-001 from 127.0.0.1
✓ Sent 334324 bytes to aggregator-001 (0.36ms)
Session completed with aggregator-001
[2025-12-10 08:02:34] Meter 236: Generated 2.694 kWh (encrypted: 334439 bytes, 5.472 ms)
[2025-12-10 08:02:54] Meter 236: Generated 5.606 kWh (encrypted: 334333 bytes, 4.661 ms)
[2025-12-10 08:03:15] Meter 236: Generated 1.026 kWh (encrypted: 334350 bytes, 5.407 ms)
[2025-12-10 08:03:35] Meter 236: Generated 4.773 kWh (encrypted: 334421 bytes, 5.708 ms)
[2025-12-10 08:03:36] NETWORK INFO: Server authentication successful for node: aggregator-001
✓ Aggregator connected: aggregator-001 from 127.0.0.1
✓ Sent 334421 bytes to aggregator-001 (0.36ms)
Session completed with aggregator-001
[2025-12-10 08:03:55] Meter 236: Generated 1.643 kWh (encrypted: 334352 bytes, 5.762 ms)
[2025-12-10 08:04:15] Meter 236: Generated 4.039 kWh (encrypted: 334267 bytes, 4.717 ms)
[2025-12-10 08:04:35] Meter 236: Generated 4.731 kWh (encrypted: 333664 bytes, 4.957 ms)
[2025-12-10 08:04:40] NETWORK INFO: Server authentication successful for node: aggregator-001
✓ Aggregator connected: aggregator-001 from 127.0.0.1
✓ Sent 333664 bytes to aggregator-001 (0.52ms)
Session completed with aggregator-001
[2025-12-10 08:04:55] Meter 236: Generated 3.272 kWh (encrypted: 334466 bytes, 4.510 ms)
[2025-12-10 08:05:15] Meter 236: Generated 2.498 kWh (encrypted: 334336 bytes, 5.650 ms)
[2025-12-10 08:05:35] Meter 236: Generated 5.868 kWh (encrypted: 334128 bytes, 6.501 ms)
[2025-12-10 08:05:44] NETWORK INFO: Server authentication successful for node: aggregator-001
✓ Aggregator connected: aggregator-001 from 127.0.0.1
✓ Sent 334128 bytes to aggregator-001 (0.39ms)
Session completed with aggregator-001
[2025-12-10 08:05:55] Meter 236: Generated 1.502 kWh (encrypted: 334063 bytes, 4.741 ms)
[2025-12-10 08:06:15] Meter 236: Generated 4.310 kWh (encrypted: 334464 bytes, 6.568 ms)
[2025-12-10 08:06:35] Meter 236: Generated 2.282 kWh (encrypted: 334320 bytes, 6.136 ms)
[2025-12-10 08:06:50] NETWORK INFO: Server authentication successful for node: aggregator-001
✓ Aggregator connected: aggregator-001 from 127.0.0.1
✓ Sent 334320 bytes to aggregator-001 (34.21ms)
Session completed with aggregator-001
[2025-12-10 08:06:55] Meter 236: Generated 4.594 kWh (encrypted: 334450 bytes, 4.858 ms)
[2025-12-10 08:07:15] Meter 236: Generated 5.349 kWh (encrypted: 334407 bytes, 4.624 ms)
[2025-12-10 08:07:35] Meter 236: Generated 7.338 kWh (encrypted: 334321 bytes, 13.331 ms)
[2025-12-10 08:07:55] Meter 236: Generated 3.858 kWh (encrypted: 334174 bytes, 4.489 ms)
[2025-12-10 08:07:56] NETWORK INFO: Server authentication successful for node: aggregator-001
✓ Aggregator connected: aggregator-001 from 127.0.0.1
✓ Sent 334174 bytes to aggregator-001 (21.16ms)
Session completed with aggregator-001
[2025-12-10 08:08:15] Meter 236: Generated 2.315 kWh (encrypted: 334478 bytes, 4.479 ms)
[2025-12-10 08:08:35] Meter 236: Generated 5.993 kWh (encrypted: 334414 bytes, 6.207 ms)
[2025-12-10 08:08:55] Meter 236: Generated 7.419 kWh (encrypted: 334315 bytes, 5.076 ms)
[2025-12-10 08:09:01] NETWORK INFO: Server authentication successful for node: aggregator-001
✓ Aggregator connected: aggregator-001 from 127.0.0.1
✓ Sent 334315 bytes to aggregator-001 (0.38ms)
Session completed with aggregator-001
[2025-12-10 08:09:15] Meter 236: Generated 2.281 kWh (encrypted: 334365 bytes, 6.445 ms)
[2025-12-10 08:09:35] Meter 236: Generated 1.305 kWh (encrypted: 334382 bytes, 4.831 ms)
[2025-12-10 08:09:55] Meter 236: Generated 2.383 kWh (encrypted: 334550 bytes, 4.417 ms)
[2025-12-10 08:10:06] NETWORK INFO: Server authentication successful for node: aggregator-001
✓ Aggregator connected: aggregator-001 from 127.0.0.1
✓ Sent 334550 bytes to aggregator-001 (40.36ms)
Session completed with aggregator-001
[2025-12-10 08:10:15] Meter 236: Generated 1.191 kWh (encrypted: 334158 bytes, 4.681 ms)
[2025-12-10 08:10:35] Meter 236: Generated 6.779 kWh (encrypted: 334426 bytes, 5.557 ms)
[2025-12-10 08:10:55] Meter 236: Generated 2.141 kWh (encrypted: 334142 bytes, 5.693 ms)
[2025-12-10 08:11:12] NETWORK INFO: Server authentication successful for node: aggregator-001
✓ Aggregator connected: aggregator-001 from 127.0.0.1
✓ Sent 334142 bytes to aggregator-001 (0.38ms)
Session completed with aggregator-001
[2025-12-10 08:11:15] Meter 236: Generated 5.486 kWh (encrypted: 334401 bytes, 6.454 ms)
[2025-12-10 08:11:35] Meter 236: Generated 4.478 kWh (encrypted: 334435 bytes, 7.083 ms)
[2025-12-10 08:11:55] Meter 236: Generated 3.021 kWh (encrypted: 334456 bytes, 4.462 ms)
[2025-12-10 08:12:15] Meter 236: Generated 2.199 kWh (encrypted: 334432 bytes, 4.649 ms)
[2025-12-10 08:12:17] NETWORK INFO: Server authentication successful for node: aggregator-001
✓ Aggregator connected: aggregator-001 from 127.0.0.1
✓ Sent 334432 bytes to aggregator-001 (0.36ms)
Session completed with aggregator-001

Received shutdown signal. Gracefully shutting down smart meter...
Network server thread stopped
Data generation thread stopped
Smart meter 236 shutdown complete
