=== Continuous Smart Meter Server 309 ===
Initializing for continuous operation...
SEAL context initialized
Loaded certificate: smart-meter-309
Requesting public keys from KDC...
[2025-12-10 08:01:25] NETWORK ERROR: Failed to connect to 127.0.0.1:8444: Connection refused
Error: Failed to connect to KDC at 127.0.0.1:8444
Error: Failed to send key request to KDC
Failed to obtain keys from KDC, falling back to file keys
Loaded keys from fallback files
Cryptographic components initialized
[2025-12-10 08:01:25] NETWORK INFO: Server socket created and listening on port 9309
✓ Smart meter server ready on port 9309
Data transmission interval: 20 seconds (15x accelerated - simulates 5min)
✓ Performance metrics CSV files initialized in performance_data/
Starting continuous smart meter operation...
Press Ctrl+C to stop gracefully
Data generation thread started
Network server thread started on port 9309
[2025-12-10 08:01:31] NETWORK INFO: Server authentication successful for node: aggregator-001
✓ Aggregator connected: aggregator-001 from 127.0.0.1
[2025-12-10 08:01:45] Meter 309: Generated 3.014 kWh (encrypted: 334229 bytes, 8.004 ms)
✓ Sent 334229 bytes to aggregator-001 (0.75ms)
Session completed with aggregator-001
[2025-12-10 08:02:05] Meter 309: Generated 0.723 kWh (encrypted: 334458 bytes, 4.369 ms)
[2025-12-10 08:02:25] Meter 309: Generated 6.753 kWh (encrypted: 334292 bytes, 6.191 ms)
[2025-12-10 08:02:33] NETWORK INFO: Server authentication successful for node: aggregator-001
✓ Aggregator connected: aggregator-001 from 127.0.0.1
✓ Sent 334292 bytes to aggregator-001 (0.40ms)
Session completed with aggregator-001
[2025-12-10 08:02:45] Meter 309: Generated 4.458 kWh (encrypted: 334417 bytes, 6.327 ms)
[2025-12-10 08:03:05] Meter 309: Generated 5.862 kWh (encrypted: 334364 bytes, 5.245 ms)
[2025-12-10 08:03:25] Meter 309: Generated 0.929 kWh (encrypted: 334373 bytes, 5.105 ms)
[2025-12-10 08:03:36] NETWORK INFO: Server authentication successful for node: aggregator-001
✓ Aggregator connected: aggregator-001 from 127.0.0.1
✓ Sent 334373 bytes to aggregator-001 (0.42ms)
Session completed with aggregator-001
[2025-12-10 08:03:45] Meter 309: Generated 6.905 kWh (encrypted: 334154 bytes, 6.899 ms)
[2025-12-10 08:04:05] Meter 309: Generated 5.939 kWh (encrypted: 334497 bytes, 4.867 ms)
[2025-12-10 08:04:25] Meter 309: Generated 7.081 kWh (encrypted: 334238 bytes, 23.843 ms)
[2025-12-10 08:04:39] NETWORK INFO: Server authentication successful for node: aggregator-001
✓ Aggregator connected: aggregator-001 from 127.0.0.1
✓ Sent 334238 bytes to aggregator-001 (6.50ms)
Session completed with aggregator-001
[2025-12-10 08:04:45] Meter 309: Generated 5.932 kWh (encrypted: 334206 bytes, 7.365 ms)
[2025-12-10 08:05:05] Meter 309: Generated 3.253 kWh (encrypted: 334116 bytes, 4.999 ms)
[2025-12-10 08:05:25] Meter 309: Generated 6.961 kWh (encrypted: 334362 bytes, 5.532 ms)
[2025-12-10 08:05:44] NETWORK INFO: Server authentication successful for node: aggregator-001
✓ Aggregator connected: aggregator-001 from 127.0.0.1
✓ Sent 334362 bytes to aggregator-001 (7.98ms)
Session completed with aggregator-001
[2025-12-10 08:05:45] Meter 309: Generated 2.819 kWh (encrypted: 334338 bytes, 4.758 ms)
[2025-12-10 08:06:05] Meter 309: Generated 2.657 kWh (encrypted: 334208 bytes, 4.623 ms)
[2025-12-10 08:06:25] Meter 309: Generated 3.583 kWh (encrypted: 334016 bytes, 6.609 ms)
[2025-12-10 08:06:45] Meter 309: Generated 6.750 kWh (encrypted: 334220 bytes, 4.512 ms)
[2025-12-10 08:06:50] NETWORK INFO: Server authentication successful for node: aggregator-001
✓ Aggregator connected: aggregator-001 from 127.0.0.1
✓ Sent 334220 bytes to aggregator-001 (0.39ms)
Session completed with aggregator-001
[2025-12-10 08:07:05] Meter 309: Generated 4.469 kWh (encrypted: 334191 bytes, 4.776 ms)
[2025-12-10 08:07:25] Meter 309: Generated 1.376 kWh (encrypted: 334231 bytes, 5.173 ms)
[2025-12-10 08:07:45] Meter 309: Generated 6.634 kWh (encrypted: 334491 bytes, 4.661 ms)
[2025-12-10 08:07:55] NETWORK INFO: Server authentication successful for node: aggregator-001
✓ Aggregator connected: aggregator-001 from 127.0.0.1
✓ Sent 334491 bytes to aggregator-001 (2.28ms)
Session completed with aggregator-001
[2025-12-10 08:08:05] Meter 309: Generated 3.610 kWh (encrypted: 334346 bytes, 4.680 ms)
[2025-12-10 08:08:25] Meter 309: Generated 2.664 kWh (encrypted: 334392 bytes, 4.552 ms)
[2025-12-10 08:08:45] Meter 309: Generated 2.811 kWh (encrypted: 334308 bytes, 6.566 ms)
[2025-12-10 08:09:01] NETWORK INFO: Server authentication successful for node: aggregator-001
✓ Aggregator connected: aggregator-001 from 127.0.0.1
✓ Sent 334308 bytes to aggregator-001 (0.46ms)
Session completed with aggregator-001
[2025-12-10 08:09:05] Meter 309: Generated 3.570 kWh (encrypted: 334491 bytes, 5.033 ms)
[2025-12-10 08:09:25] Meter 309: Generated 3.096 kWh (encrypted: 334309 bytes, 4.389 ms)
[2025-12-10 08:09:45] Meter 309: Generated 3.135 kWh (encrypted: 334552 bytes, 6.665 ms)
[2025-12-10 08:10:05] Meter 309: Generated 4.782 kWh (encrypted: 334106 bytes, 4.610 ms)
[2025-12-10 08:10:06] NETWORK INFO: Server authentication successful for node: aggregator-001
✓ Aggregator connected: aggregator-001 from 127.0.0.1
✓ Sent 334106 bytes to aggregator-001 (0.38ms)
Session completed with aggregator-001
[2025-12-10 08:10:25] Meter 309: Generated 6.897 kWh (encrypted: 334398 bytes, 5.524 ms)
[2025-12-10 08:10:45] Meter 309: Generated 6.098 kWh (encrypted: 334524 bytes, 4.376 ms)
[2025-12-10 08:11:05] Meter 309: Generated 6.108 kWh (encrypted: 334308 bytes, 6.546 ms)
[2025-12-10 08:11:12] NETWORK INFO: Server authentication successful for node: aggregator-001
✓ Aggregator connected: aggregator-001 from 127.0.0.1
✓ Sent 334308 bytes to aggregator-001 (0.39ms)
Session completed with aggregator-001
[2025-12-10 08:11:25] Meter 309: Generated 3.704 kWh (encrypted: 334413 bytes, 6.449 ms)
[2025-12-10 08:11:45] Meter 309: Generated 3.132 kWh (encrypted: 333772 bytes, 6.637 ms)
[2025-12-10 08:12:05] Meter 309: Generated 4.098 kWh (encrypted: 334364 bytes, 4.414 ms)
[2025-12-10 08:12:17] NETWORK INFO: Server authentication successful for node: aggregator-001
✓ Aggregator connected: aggregator-001 from 127.0.0.1
✓ Sent 334364 bytes to aggregator-001 (0.36ms)
Session completed with aggregator-001
[2025-12-10 08:12:25] Meter 309: Generated 6.196 kWh (encrypted: 334425 bytes, 6.461 ms)

Received shutdown signal. Gracefully shutting down smart meter...
Network server thread stopped
Data generation thread stopped
Smart meter 309 shutdown complete
