=== Continuous Smart Meter Server 373 ===
Initializing for continuous operation...
SEAL context initialized
Loaded certificate: smart-meter-373
Requesting public keys from KDC...
[2025-12-10 08:02:45] NETWORK ERROR: Failed to connect to 127.0.0.1:8444: Connection refused
Error: Failed to connect to KDC at 127.0.0.1:8444
Error: Failed to send key request to KDC
Failed to obtain keys from KDC, falling back to file keys
Loaded keys from fallback files
Cryptographic components initialized
[2025-12-10 08:02:45] NETWORK INFO: Server socket created and listening on port 9373
✓ Smart meter server ready on port 9373
Data transmission interval: 20 seconds (15x accelerated - simulates 5min)
✓ Performance metrics CSV files initialized in performance_data/
Starting continuous smart meter operation...
Press Ctrl+C to stop gracefully
Data generation thread started
Network server thread started on port 9373
[2025-12-10 08:03:05] Meter 373: Generated 2.041 kWh (encrypted: 334264 bytes, 8.590 ms)
[2025-12-10 08:03:25] Meter 373: Generated 5.290 kWh (encrypted: 334329 bytes, 6.033 ms)
[2025-12-10 08:03:36] NETWORK INFO: Server authentication successful for node: aggregator-001
✓ Aggregator connected: aggregator-001 from 127.0.0.1
✓ Sent 334329 bytes to aggregator-001 (0.72ms)
Session completed with aggregator-001
[2025-12-10 08:03:45] Meter 373: Generated 3.863 kWh (encrypted: 334443 bytes, 6.897 ms)
[2025-12-10 08:04:05] Meter 373: Generated 4.825 kWh (encrypted: 334219 bytes, 7.195 ms)
[2025-12-10 08:04:25] Meter 373: Generated 2.561 kWh (encrypted: 334417 bytes, 6.421 ms)
[2025-12-10 08:04:39] NETWORK INFO: Server authentication successful for node: aggregator-001
✓ Aggregator connected: aggregator-001 from 127.0.0.1
✓ Sent 334417 bytes to aggregator-001 (2.03ms)
Session completed with aggregator-001
[2025-12-10 08:04:45] Meter 373: Generated 6.888 kWh (encrypted: 334032 bytes, 4.729 ms)
[2025-12-10 08:05:05] Meter 373: Generated 4.379 kWh (encrypted: 334250 bytes, 6.072 ms)
[2025-12-10 08:05:25] Meter 373: Generated 6.266 kWh (encrypted: 334300 bytes, 4.779 ms)
[2025-12-10 08:05:44] NETWORK INFO: Server authentication successful for node: aggregator-001
✓ Aggregator connected: aggregator-001 from 127.0.0.1
✓ Sent 334300 bytes to aggregator-001 (0.38ms)
Session completed with aggregator-001
[2025-12-10 08:05:45] Meter 373: Generated 3.127 kWh (encrypted: 334260 bytes, 5.848 ms)
[2025-12-10 08:06:05] Meter 373: Generated 4.917 kWh (encrypted: 334092 bytes, 6.537 ms)
[2025-12-10 08:06:25] Meter 373: Generated 2.848 kWh (encrypted: 333982 bytes, 6.472 ms)
[2025-12-10 08:06:45] Meter 373: Generated 6.968 kWh (encrypted: 334080 bytes, 4.371 ms)
[2025-12-10 08:06:50] NETWORK INFO: Server authentication successful for node: aggregator-001
✓ Aggregator connected: aggregator-001 from 127.0.0.1
✓ Sent 334080 bytes to aggregator-001 (0.34ms)
Session completed with aggregator-001
[2025-12-10 08:07:05] Meter 373: Generated 2.382 kWh (encrypted: 334400 bytes, 5.113 ms)
[2025-12-10 08:07:25] Meter 373: Generated 0.613 kWh (encrypted: 334307 bytes, 6.195 ms)
[2025-12-10 08:07:45] Meter 373: Generated 5.384 kWh (encrypted: 334425 bytes, 4.617 ms)
[2025-12-10 08:07:56] NETWORK INFO: Server authentication successful for node: aggregator-001
✓ Aggregator connected: aggregator-001 from 127.0.0.1
✓ Sent 334425 bytes to aggregator-001 (4.88ms)
Session completed with aggregator-001
[2025-12-10 08:08:05] Meter 373: Generated 5.989 kWh (encrypted: 334064 bytes, 4.369 ms)
[2025-12-10 08:08:25] Meter 373: Generated 6.640 kWh (encrypted: 334211 bytes, 4.987 ms)
[2025-12-10 08:08:45] Meter 373: Generated 1.994 kWh (encrypted: 333680 bytes, 6.792 ms)
[2025-12-10 08:09:01] NETWORK INFO: Server authentication successful for node: aggregator-001
✓ Aggregator connected: aggregator-001 from 127.0.0.1
✓ Sent 333680 bytes to aggregator-001 (0.34ms)
Session completed with aggregator-001
[2025-12-10 08:09:05] Meter 373: Generated 5.856 kWh (encrypted: 334522 bytes, 4.340 ms)
[2025-12-10 08:09:25] Meter 373: Generated 7.026 kWh (encrypted: 334317 bytes, 9.753 ms)
[2025-12-10 08:09:45] Meter 373: Generated 2.595 kWh (encrypted: 334423 bytes, 4.662 ms)
[2025-12-10 08:10:05] Meter 373: Generated 7.257 kWh (encrypted: 334377 bytes, 6.570 ms)
[2025-12-10 08:10:06] NETWORK INFO: Server authentication successful for node: aggregator-001
✓ Aggregator connected: aggregator-001 from 127.0.0.1
✓ Sent 334377 bytes to aggregator-001 (0.40ms)
Session completed with aggregator-001
[2025-12-10 08:10:25] Meter 373: Generated 7.218 kWh (encrypted: 334478 bytes, 4.360 ms)
[2025-12-10 08:10:45] Meter 373: Generated 4.275 kWh (encrypted: 334369 bytes, 4.317 ms)
[2025-12-10 08:11:05] Meter 373: Generated 2.886 kWh (encrypted: 334034 bytes, 6.732 ms)
[2025-12-10 08:11:12] NETWORK INFO: Server authentication successful for node: aggregator-001
✓ Aggregator connected: aggregator-001 from 127.0.0.1
✓ Sent 334034 bytes to aggregator-001 (0.42ms)
Session completed with aggregator-001
[2025-12-10 08:11:25] Meter 373: Generated 7.288 kWh (encrypted: 334375 bytes, 14.788 ms)
[2025-12-10 08:11:45] Meter 373: Generated 4.044 kWh (encrypted: 334406 bytes, 7.059 ms)
[2025-12-10 08:12:05] Meter 373: Generated 4.090 kWh (encrypted: 334496 bytes, 5.715 ms)
[2025-12-10 08:12:17] NETWORK INFO: Server authentication successful for node: aggregator-001
✓ Aggregator connected: aggregator-001 from 127.0.0.1
✓ Sent 334496 bytes to aggregator-001 (0.39ms)
Session completed with aggregator-001
[2025-12-10 08:12:25] Meter 373: Generated 5.398 kWh (encrypted: 334135 bytes, 5.927 ms)

Received shutdown signal. Gracefully shutting down smart meter...
Network server thread stopped
Data generation thread stopped
Smart meter 373 shutdown complete
