=== Continuous Smart Meter Server 454 ===
Initializing for continuous operation...
SEAL context initialized
Loaded certificate: smart-meter-454
Requesting public keys from KDC...
[2025-12-10 08:04:27] NETWORK ERROR: Failed to connect to 127.0.0.1:8444: Connection refused
Error: Failed to connect to KDC at 127.0.0.1:8444
Error: Failed to send key request to KDC
Failed to obtain keys from KDC, falling back to file keys
Loaded keys from fallback files
Cryptographic components initialized
[2025-12-10 08:04:27] NETWORK INFO: Server socket created and listening on port 9454
✓ Smart meter server ready on port 9454
Data transmission interval: 20 seconds (15x accelerated - simulates 5min)
✓ Performance metrics CSV files initialized in performance_data/
Starting continuous smart meter operation...
Press Ctrl+C to stop gracefully
Data generation thread started
Network server thread started on port 9454
[2025-12-10 08:04:39] NETWORK INFO: Server authentication successful for node: aggregator-001
✓ Aggregator connected: aggregator-001 from 127.0.0.1
[2025-12-10 08:04:47] Meter 454: Generated 6.865 kWh (encrypted: 333621 bytes, 4.912 ms)
✓ Sent 333621 bytes to aggregator-001 (0.71ms)
Session completed with aggregator-001
[2025-12-10 08:05:07] Meter 454: Generated 1.457 kWh (encrypted: 334196 bytes, 4.556 ms)
[2025-12-10 08:05:27] Meter 454: Generated 3.666 kWh (encrypted: 334431 bytes, 5.409 ms)
[2025-12-10 08:05:44] NETWORK INFO: Server authentication successful for node: aggregator-001
✓ Aggregator connected: aggregator-001 from 127.0.0.1
✓ Sent 334431 bytes to aggregator-001 (0.43ms)
Session completed with aggregator-001
[2025-12-10 08:05:47] Meter 454: Generated 2.726 kWh (encrypted: 334392 bytes, 6.693 ms)
[2025-12-10 08:06:07] Meter 454: Generated 7.312 kWh (encrypted: 334509 bytes, 6.157 ms)
[2025-12-10 08:06:27] Meter 454: Generated 0.938 kWh (encrypted: 334313 bytes, 5.245 ms)
[2025-12-10 08:06:47] Meter 454: Generated 4.473 kWh (encrypted: 334196 bytes, 4.373 ms)
[2025-12-10 08:06:50] NETWORK INFO: Server authentication successful for node: aggregator-001
✓ Aggregator connected: aggregator-001 from 127.0.0.1
✓ Sent 334196 bytes to aggregator-001 (0.58ms)
Session completed with aggregator-001
[2025-12-10 08:07:07] Meter 454: Generated 1.718 kWh (encrypted: 334211 bytes, 6.656 ms)
[2025-12-10 08:07:27] Meter 454: Generated 2.500 kWh (encrypted: 334199 bytes, 6.277 ms)
[2025-12-10 08:07:47] Meter 454: Generated 4.311 kWh (encrypted: 334543 bytes, 5.317 ms)
[2025-12-10 08:07:56] NETWORK INFO: Server authentication successful for node: aggregator-001
✓ Aggregator connected: aggregator-001 from 127.0.0.1
✓ Sent 334543 bytes to aggregator-001 (0.40ms)
Session completed with aggregator-001
[2025-12-10 08:08:07] Meter 454: Generated 1.310 kWh (encrypted: 334163 bytes, 4.904 ms)
[2025-12-10 08:08:27] Meter 454: Generated 1.819 kWh (encrypted: 334347 bytes, 4.492 ms)
[2025-12-10 08:08:47] Meter 454: Generated 6.588 kWh (encrypted: 333955 bytes, 4.513 ms)
[2025-12-10 08:09:01] NETWORK INFO: Server authentication successful for node: aggregator-001
✓ Aggregator connected: aggregator-001 from 127.0.0.1
✓ Sent 333955 bytes to aggregator-001 (1.01ms)
Session completed with aggregator-001
[2025-12-10 08:09:07] Meter 454: Generated 6.659 kWh (encrypted: 334304 bytes, 5.812 ms)
[2025-12-10 08:09:27] Meter 454: Generated 3.649 kWh (encrypted: 334302 bytes, 5.176 ms)
[2025-12-10 08:09:47] Meter 454: Generated 2.927 kWh (encrypted: 334263 bytes, 5.677 ms)
[2025-12-10 08:10:06] NETWORK INFO: Server authentication successful for node: aggregator-001
✓ Aggregator connected: aggregator-001 from 127.0.0.1
✓ Sent 334263 bytes to aggregator-001 (0.36ms)
Session completed with aggregator-001
[2025-12-10 08:10:07] Meter 454: Generated 1.276 kWh (encrypted: 334418 bytes, 6.641 ms)
[2025-12-10 08:10:27] Meter 454: Generated 6.343 kWh (encrypted: 333297 bytes, 7.807 ms)
[2025-12-10 08:10:47] Meter 454: Generated 5.971 kWh (encrypted: 334402 bytes, 4.632 ms)
[2025-12-10 08:11:07] Meter 454: Generated 3.738 kWh (encrypted: 334419 bytes, 10.611 ms)
[2025-12-10 08:11:12] NETWORK INFO: Server authentication successful for node: aggregator-001
✓ Aggregator connected: aggregator-001 from 127.0.0.1
✓ Sent 334419 bytes to aggregator-001 (0.37ms)
Session completed with aggregator-001
[2025-12-10 08:11:27] Meter 454: Generated 3.087 kWh (encrypted: 334176 bytes, 6.678 ms)
[2025-12-10 08:11:47] Meter 454: Generated 2.058 kWh (encrypted: 334345 bytes, 4.753 ms)
[2025-12-10 08:12:07] Meter 454: Generated 3.085 kWh (encrypted: 334334 bytes, 5.539 ms)
[2025-12-10 08:12:17] NETWORK INFO: Server authentication successful for node: aggregator-001
✓ Aggregator connected: aggregator-001 from 127.0.0.1
✓ Sent 334334 bytes to aggregator-001 (5.86ms)
Session completed with aggregator-001
[2025-12-10 08:12:27] Meter 454: Generated 2.328 kWh (encrypted: 334365 bytes, 6.506 ms)

Received shutdown signal. Gracefully shutting down smart meter...
Network server thread stopped
Data generation thread stopped
Smart meter 454 shutdown complete
