=== Continuous Smart Meter Server 279 ===
Initializing for continuous operation...
SEAL context initialized
Loaded certificate: smart-meter-279
Requesting public keys from KDC...
[2025-12-10 08:00:48] NETWORK ERROR: Failed to connect to 127.0.0.1:8444: Connection refused
Error: Failed to connect to KDC at 127.0.0.1:8444
Error: Failed to send key request to KDC
Failed to obtain keys from KDC, falling back to file keys
Loaded keys from fallback files
Cryptographic components initialized
[2025-12-10 08:00:48] NETWORK INFO: Server socket created and listening on port 9279
✓ Smart meter server ready on port 9279
Data transmission interval: 20 seconds (15x accelerated - simulates 5min)
✓ Performance metrics CSV files initialized in performance_data/
Starting continuous smart meter operation...
Press Ctrl+C to stop gracefully
Data generation thread started
Network server thread started on port 9279
[2025-12-10 08:01:08] Meter 279: Generated 5.597 kWh (encrypted: 334140 bytes, 7.317 ms)
[2025-12-10 08:01:28] Meter 279: Generated 6.322 kWh (encrypted: 334160 bytes, 4.934 ms)
[2025-12-10 08:01:31] NETWORK INFO: Server authentication successful for node: aggregator-001
✓ Aggregator connected: aggregator-001 from 127.0.0.1
✓ Sent 334160 bytes to aggregator-001 (62.24ms)
Session completed with aggregator-001
[2025-12-10 08:01:48] Meter 279: Generated 3.423 kWh (encrypted: 334439 bytes, 4.814 ms)
[2025-12-10 08:02:08] Meter 279: Generated 5.434 kWh (encrypted: 334458 bytes, 4.799 ms)
[2025-12-10 08:02:28] Meter 279: Generated 4.140 kWh (encrypted: 334384 bytes, 6.211 ms)
[2025-12-10 08:02:33] NETWORK INFO: Server authentication successful for node: aggregator-001
✓ Aggregator connected: aggregator-001 from 127.0.0.1
✓ Sent 334384 bytes to aggregator-001 (0.39ms)
Session completed with aggregator-001
[2025-12-10 08:02:48] Meter 279: Generated 1.001 kWh (encrypted: 334130 bytes, 5.733 ms)
[2025-12-10 08:03:08] Meter 279: Generated 5.586 kWh (encrypted: 334172 bytes, 6.318 ms)
[2025-12-10 08:03:28] Meter 279: Generated 2.794 kWh (encrypted: 334253 bytes, 6.652 ms)
[2025-12-10 08:03:36] NETWORK INFO: Server authentication successful for node: aggregator-001
✓ Aggregator connected: aggregator-001 from 127.0.0.1
✓ Sent 334253 bytes to aggregator-001 (0.36ms)
Session completed with aggregator-001
[2025-12-10 08:03:48] Meter 279: Generated 2.792 kWh (encrypted: 334364 bytes, 4.684 ms)
[2025-12-10 08:04:08] Meter 279: Generated 3.228 kWh (encrypted: 334241 bytes, 6.381 ms)
[2025-12-10 08:04:28] Meter 279: Generated 2.207 kWh (encrypted: 334426 bytes, 4.858 ms)
[2025-12-10 08:04:40] NETWORK INFO: Server authentication successful for node: aggregator-001
✓ Aggregator connected: aggregator-001 from 127.0.0.1
✓ Sent 334426 bytes to aggregator-001 (0.35ms)
Session completed with aggregator-001
[2025-12-10 08:04:48] Meter 279: Generated 0.885 kWh (encrypted: 334448 bytes, 5.110 ms)
[2025-12-10 08:05:08] Meter 279: Generated 7.473 kWh (encrypted: 334188 bytes, 4.408 ms)
[2025-12-10 08:05:28] Meter 279: Generated 6.096 kWh (encrypted: 334426 bytes, 5.991 ms)
[2025-12-10 08:05:44] NETWORK INFO: Server authentication successful for node: aggregator-001
✓ Aggregator connected: aggregator-001 from 127.0.0.1
✓ Sent 334426 bytes to aggregator-001 (0.37ms)
Session completed with aggregator-001
[2025-12-10 08:05:48] Meter 279: Generated 5.990 kWh (encrypted: 334223 bytes, 4.484 ms)
[2025-12-10 08:06:08] Meter 279: Generated 1.384 kWh (encrypted: 334388 bytes, 6.647 ms)
[2025-12-10 08:06:28] Meter 279: Generated 1.962 kWh (encrypted: 334435 bytes, 6.179 ms)
[2025-12-10 08:06:48] Meter 279: Generated 3.440 kWh (encrypted: 334160 bytes, 4.501 ms)
[2025-12-10 08:06:50] NETWORK INFO: Server authentication successful for node: aggregator-001
✓ Aggregator connected: aggregator-001 from 127.0.0.1
✓ Sent 334160 bytes to aggregator-001 (0.35ms)
Session completed with aggregator-001
[2025-12-10 08:07:08] Meter 279: Generated 6.443 kWh (encrypted: 334490 bytes, 6.486 ms)
[2025-12-10 08:07:28] Meter 279: Generated 3.591 kWh (encrypted: 334210 bytes, 8.492 ms)
[2025-12-10 08:07:48] Meter 279: Generated 3.019 kWh (encrypted: 334452 bytes, 7.144 ms)
[2025-12-10 08:07:56] NETWORK INFO: Server authentication successful for node: aggregator-001
✓ Aggregator connected: aggregator-001 from 127.0.0.1
✓ Sent 334452 bytes to aggregator-001 (0.41ms)
Session completed with aggregator-001
[2025-12-10 08:08:08] Meter 279: Generated 1.478 kWh (encrypted: 334287 bytes, 6.764 ms)
[2025-12-10 08:08:28] Meter 279: Generated 4.329 kWh (encrypted: 334296 bytes, 7.629 ms)
[2025-12-10 08:08:48] Meter 279: Generated 3.281 kWh (encrypted: 334267 bytes, 4.818 ms)
[2025-12-10 08:09:01] NETWORK INFO: Server authentication successful for node: aggregator-001
✓ Aggregator connected: aggregator-001 from 127.0.0.1
✓ Sent 334267 bytes to aggregator-001 (3.22ms)
Session completed with aggregator-001
[2025-12-10 08:09:08] Meter 279: Generated 6.347 kWh (encrypted: 334342 bytes, 6.830 ms)
[2025-12-10 08:09:28] Meter 279: Generated 2.213 kWh (encrypted: 334268 bytes, 6.311 ms)
[2025-12-10 08:09:48] Meter 279: Generated 2.488 kWh (encrypted: 334068 bytes, 4.713 ms)
[2025-12-10 08:10:06] NETWORK INFO: Server authentication successful for node: aggregator-001
✓ Aggregator connected: aggregator-001 from 127.0.0.1
✓ Sent 334068 bytes to aggregator-001 (31.00ms)
Session completed with aggregator-001
[2025-12-10 08:10:08] Meter 279: Generated 6.786 kWh (encrypted: 333754 bytes, 4.666 ms)
[2025-12-10 08:10:28] Meter 279: Generated 7.105 kWh (encrypted: 334349 bytes, 9.468 ms)
[2025-12-10 08:10:48] Meter 279: Generated 1.999 kWh (encrypted: 334301 bytes, 4.292 ms)
[2025-12-10 08:11:08] Meter 279: Generated 4.194 kWh (encrypted: 334275 bytes, 6.883 ms)
[2025-12-10 08:11:12] NETWORK INFO: Server authentication successful for node: aggregator-001
✓ Aggregator connected: aggregator-001 from 127.0.0.1
✓ Sent 334275 bytes to aggregator-001 (0.44ms)
Session completed with aggregator-001
[2025-12-10 08:11:28] Meter 279: Generated 3.568 kWh (encrypted: 334416 bytes, 6.963 ms)
[2025-12-10 08:11:48] Meter 279: Generated 1.748 kWh (encrypted: 334388 bytes, 4.714 ms)
[2025-12-10 08:12:08] Meter 279: Generated 5.135 kWh (encrypted: 334292 bytes, 5.705 ms)
[2025-12-10 08:12:17] NETWORK INFO: Server authentication successful for node: aggregator-001
✓ Aggregator connected: aggregator-001 from 127.0.0.1
✓ Sent 334292 bytes to aggregator-001 (0.37ms)
Session completed with aggregator-001
[2025-12-10 08:12:28] Meter 279: Generated 2.241 kWh (encrypted: 334473 bytes, 6.576 ms)

Received shutdown signal. Gracefully shutting down smart meter...
Network server thread stopped
Data generation thread stopped
Smart meter 279 shutdown complete
