=== Continuous Smart Meter Server 432 ===
Initializing for continuous operation...
SEAL context initialized
Loaded certificate: smart-meter-432
Requesting public keys from KDC...
[2025-12-10 08:03:59] NETWORK ERROR: Failed to connect to 127.0.0.1:8444: Connection refused
Error: Failed to connect to KDC at 127.0.0.1:8444
Error: Failed to send key request to KDC
Failed to obtain keys from KDC, falling back to file keys
Loaded keys from fallback files
Cryptographic components initialized
[2025-12-10 08:03:59] NETWORK INFO: Server socket created and listening on port 9432
✓ Smart meter server ready on port 9432
Data transmission interval: 20 seconds (15x accelerated - simulates 5min)
✓ Performance metrics CSV files initialized in performance_data/
Starting continuous smart meter operation...
Press Ctrl+C to stop gracefully
Data generation thread started
Network server thread started on port 9432
[2025-12-10 08:04:19] Meter 432: Generated 1.612 kWh (encrypted: 334297 bytes, 5.043 ms)
[2025-12-10 08:04:39] Meter 432: Generated 4.555 kWh (encrypted: 333932 bytes, 4.699 ms)
[2025-12-10 08:04:39] NETWORK INFO: Server authentication successful for node: aggregator-001
✓ Aggregator connected: aggregator-001 from 127.0.0.1
✓ Sent 333932 bytes to aggregator-001 (1.50ms)
Session completed with aggregator-001
[2025-12-10 08:04:59] Meter 432: Generated 5.197 kWh (encrypted: 334271 bytes, 5.445 ms)
[2025-12-10 08:05:19] Meter 432: Generated 3.290 kWh (encrypted: 334294 bytes, 4.618 ms)
[2025-12-10 08:05:39] Meter 432: Generated 7.130 kWh (encrypted: 334219 bytes, 5.042 ms)
[2025-12-10 08:05:44] NETWORK INFO: Server authentication successful for node: aggregator-001
✓ Aggregator connected: aggregator-001 from 127.0.0.1
✓ Sent 334219 bytes to aggregator-001 (0.35ms)
Session completed with aggregator-001
[2025-12-10 08:05:59] Meter 432: Generated 2.412 kWh (encrypted: 334427 bytes, 6.515 ms)
[2025-12-10 08:06:19] Meter 432: Generated 1.949 kWh (encrypted: 334108 bytes, 6.553 ms)
[2025-12-10 08:06:39] Meter 432: Generated 3.331 kWh (encrypted: 334316 bytes, 4.660 ms)
[2025-12-10 08:06:50] NETWORK INFO: Server authentication successful for node: aggregator-001
✓ Aggregator connected: aggregator-001 from 127.0.0.1
✓ Sent 334316 bytes to aggregator-001 (0.38ms)
Session completed with aggregator-001
[2025-12-10 08:06:59] Meter 432: Generated 1.502 kWh (encrypted: 334013 bytes, 6.498 ms)
[2025-12-10 08:07:19] Meter 432: Generated 5.377 kWh (encrypted: 334394 bytes, 6.513 ms)
[2025-12-10 08:07:39] Meter 432: Generated 6.973 kWh (encrypted: 334116 bytes, 4.384 ms)
[2025-12-10 08:07:56] NETWORK INFO: Server authentication successful for node: aggregator-001
✓ Aggregator connected: aggregator-001 from 127.0.0.1
✓ Sent 334116 bytes to aggregator-001 (0.72ms)
Session completed with aggregator-001
[2025-12-10 08:07:59] Meter 432: Generated 6.717 kWh (encrypted: 333765 bytes, 6.390 ms)
[2025-12-10 08:08:19] Meter 432: Generated 2.678 kWh (encrypted: 334490 bytes, 9.996 ms)
[2025-12-10 08:08:39] Meter 432: Generated 3.371 kWh (encrypted: 333347 bytes, 6.210 ms)
[2025-12-10 08:08:59] Meter 432: Generated 3.119 kWh (encrypted: 334418 bytes, 4.945 ms)
[2025-12-10 08:09:01] NETWORK INFO: Server authentication successful for node: aggregator-001
✓ Aggregator connected: aggregator-001 from 127.0.0.1
✓ Sent 334418 bytes to aggregator-001 (0.36ms)
Session completed with aggregator-001
[2025-12-10 08:09:19] Meter 432: Generated 2.735 kWh (encrypted: 334417 bytes, 6.645 ms)
[2025-12-10 08:09:39] Meter 432: Generated 1.111 kWh (encrypted: 334441 bytes, 4.689 ms)
[2025-12-10 08:09:59] Meter 432: Generated 6.109 kWh (encrypted: 334121 bytes, 6.172 ms)
[2025-12-10 08:10:06] NETWORK INFO: Server authentication successful for node: aggregator-001
✓ Aggregator connected: aggregator-001 from 127.0.0.1
✓ Sent 334121 bytes to aggregator-001 (69.25ms)
Session completed with aggregator-001
[2025-12-10 08:10:19] Meter 432: Generated 4.199 kWh (encrypted: 334342 bytes, 4.643 ms)
[2025-12-10 08:10:39] Meter 432: Generated 4.401 kWh (encrypted: 333404 bytes, 5.179 ms)
[2025-12-10 08:10:59] Meter 432: Generated 3.606 kWh (encrypted: 334286 bytes, 6.620 ms)
[2025-12-10 08:11:12] NETWORK INFO: Server authentication successful for node: aggregator-001
✓ Aggregator connected: aggregator-001 from 127.0.0.1
✓ Sent 334286 bytes to aggregator-001 (0.40ms)
Session completed with aggregator-001
[2025-12-10 08:11:19] Meter 432: Generated 3.528 kWh (encrypted: 334254 bytes, 6.574 ms)
[2025-12-10 08:11:39] Meter 432: Generated 3.280 kWh (encrypted: 334339 bytes, 4.882 ms)
[2025-12-10 08:11:59] Meter 432: Generated 5.457 kWh (encrypted: 334136 bytes, 6.391 ms)
[2025-12-10 08:12:17] NETWORK INFO: Server authentication successful for node: aggregator-001
✓ Aggregator connected: aggregator-001 from 127.0.0.1
✓ Sent 334136 bytes to aggregator-001 (2.10ms)
Session completed with aggregator-001
[2025-12-10 08:12:19] Meter 432: Generated 4.716 kWh (encrypted: 334319 bytes, 6.591 ms)

Received shutdown signal. Gracefully shutting down smart meter...
Network server thread stopped
Data generation thread stopped
Smart meter 432 shutdown complete
