=== Continuous Smart Meter Server 353 ===
Initializing for continuous operation...
SEAL context initialized
Loaded certificate: smart-meter-353
Requesting public keys from KDC...
[2025-12-10 08:02:20] NETWORK ERROR: Failed to connect to 127.0.0.1:8444: Connection refused
Error: Failed to connect to KDC at 127.0.0.1:8444
Error: Failed to send key request to KDC
Failed to obtain keys from KDC, falling back to file keys
Loaded keys from fallback files
Cryptographic components initialized
[2025-12-10 08:02:20] NETWORK INFO: Server socket created and listening on port 9353
✓ Smart meter server ready on port 9353
Data transmission interval: 20 seconds (15x accelerated - simulates 5min)
✓ Performance metrics CSV files initialized in performance_data/
Starting continuous smart meter operation...
Press Ctrl+C to stop gracefully
Data generation thread started
Network server thread started on port 9353
[2025-12-10 08:02:33] NETWORK INFO: Server authentication successful for node: aggregator-001
✓ Aggregator connected: aggregator-001 from 127.0.0.1
[2025-12-10 08:02:40] Meter 353: Generated 2.110 kWh (encrypted: 334465 bytes, 6.939 ms)
✓ Sent 334465 bytes to aggregator-001 (0.85ms)
Session completed with aggregator-001
[2025-12-10 08:03:00] Meter 353: Generated 2.691 kWh (encrypted: 333831 bytes, 5.287 ms)
[2025-12-10 08:03:20] Meter 353: Generated 5.968 kWh (encrypted: 334112 bytes, 5.270 ms)
[2025-12-10 08:03:36] NETWORK INFO: Server authentication successful for node: aggregator-001
✓ Aggregator connected: aggregator-001 from 127.0.0.1
✓ Sent 334112 bytes to aggregator-001 (22.97ms)
Session completed with aggregator-001
[2025-12-10 08:03:40] Meter 353: Generated 3.020 kWh (encrypted: 334304 bytes, 4.390 ms)
[2025-12-10 08:04:00] Meter 353: Generated 3.795 kWh (encrypted: 334280 bytes, 5.045 ms)
[2025-12-10 08:04:20] Meter 353: Generated 6.559 kWh (encrypted: 334372 bytes, 4.369 ms)
[2025-12-10 08:04:39] NETWORK INFO: Server authentication successful for node: aggregator-001
✓ Aggregator connected: aggregator-001 from 127.0.0.1
✓ Sent 334372 bytes to aggregator-001 (13.41ms)
Session completed with aggregator-001
[2025-12-10 08:04:40] Meter 353: Generated 5.263 kWh (encrypted: 334328 bytes, 5.008 ms)
[2025-12-10 08:05:00] Meter 353: Generated 1.529 kWh (encrypted: 334264 bytes, 5.679 ms)
[2025-12-10 08:05:20] Meter 353: Generated 7.050 kWh (encrypted: 334281 bytes, 5.005 ms)
[2025-12-10 08:05:40] Meter 353: Generated 5.102 kWh (encrypted: 334323 bytes, 4.532 ms)
[2025-12-10 08:05:44] NETWORK INFO: Server authentication successful for node: aggregator-001
✓ Aggregator connected: aggregator-001 from 127.0.0.1
✓ Sent 334323 bytes to aggregator-001 (0.46ms)
Session completed with aggregator-001
[2025-12-10 08:06:00] Meter 353: Generated 4.870 kWh (encrypted: 334142 bytes, 6.040 ms)
[2025-12-10 08:06:20] Meter 353: Generated 3.874 kWh (encrypted: 334136 bytes, 6.311 ms)
[2025-12-10 08:06:40] Meter 353: Generated 4.568 kWh (encrypted: 334437 bytes, 6.377 ms)
[2025-12-10 08:06:50] NETWORK INFO: Server authentication successful for node: aggregator-001
✓ Aggregator connected: aggregator-001 from 127.0.0.1
✓ Sent 334437 bytes to aggregator-001 (11.08ms)
Session completed with aggregator-001
[2025-12-10 08:07:00] Meter 353: Generated 4.129 kWh (encrypted: 334398 bytes, 4.433 ms)
[2025-12-10 08:07:20] Meter 353: Generated 4.132 kWh (encrypted: 334442 bytes, 5.818 ms)
[2025-12-10 08:07:40] Meter 353: Generated 2.259 kWh (encrypted: 334132 bytes, 7.419 ms)
[2025-12-10 08:07:56] NETWORK INFO: Server authentication successful for node: aggregator-001
✓ Aggregator connected: aggregator-001 from 127.0.0.1
✓ Sent 334132 bytes to aggregator-001 (0.37ms)
Session completed with aggregator-001
[2025-12-10 08:08:00] Meter 353: Generated 5.119 kWh (encrypted: 334417 bytes, 4.492 ms)
[2025-12-10 08:08:20] Meter 353: Generated 5.321 kWh (encrypted: 334377 bytes, 8.641 ms)
[2025-12-10 08:08:40] Meter 353: Generated 1.265 kWh (encrypted: 334297 bytes, 5.174 ms)
[2025-12-10 08:09:00] Meter 353: Generated 6.583 kWh (encrypted: 334373 bytes, 5.543 ms)
[2025-12-10 08:09:01] NETWORK INFO: Server authentication successful for node: aggregator-001
✓ Aggregator connected: aggregator-001 from 127.0.0.1
✓ Sent 334373 bytes to aggregator-001 (16.65ms)
Session completed with aggregator-001
[2025-12-10 08:09:20] Meter 353: Generated 6.931 kWh (encrypted: 334096 bytes, 7.202 ms)
[2025-12-10 08:09:40] Meter 353: Generated 4.415 kWh (encrypted: 334287 bytes, 4.372 ms)
[2025-12-10 08:10:00] Meter 353: Generated 3.195 kWh (encrypted: 334417 bytes, 6.400 ms)
[2025-12-10 08:10:06] NETWORK INFO: Server authentication successful for node: aggregator-001
✓ Aggregator connected: aggregator-001 from 127.0.0.1
✓ Sent 334417 bytes to aggregator-001 (0.38ms)
Session completed with aggregator-001
[2025-12-10 08:10:20] Meter 353: Generated 3.751 kWh (encrypted: 334240 bytes, 5.241 ms)
[2025-12-10 08:10:40] Meter 353: Generated 1.898 kWh (encrypted: 334402 bytes, 5.201 ms)
[2025-12-10 08:11:00] Meter 353: Generated 6.165 kWh (encrypted: 334439 bytes, 5.030 ms)
[2025-12-10 08:11:12] NETWORK INFO: Server authentication successful for node: aggregator-001
✓ Aggregator connected: aggregator-001 from 127.0.0.1
✓ Sent 334439 bytes to aggregator-001 (0.35ms)
Session completed with aggregator-001
[2025-12-10 08:11:20] Meter 353: Generated 5.175 kWh (encrypted: 334361 bytes, 5.594 ms)
[2025-12-10 08:11:40] Meter 353: Generated 5.910 kWh (encrypted: 334408 bytes, 4.663 ms)
[2025-12-10 08:12:00] Meter 353: Generated 5.908 kWh (encrypted: 334435 bytes, 6.678 ms)
[2025-12-10 08:12:17] NETWORK INFO: Server authentication successful for node: aggregator-001
✓ Aggregator connected: aggregator-001 from 127.0.0.1
✓ Sent 334435 bytes to aggregator-001 (5.48ms)
Session completed with aggregator-001
[2025-12-10 08:12:20] Meter 353: Generated 2.469 kWh (encrypted: 334102 bytes, 6.629 ms)

Received shutdown signal. Gracefully shutting down smart meter...
Network server thread stopped
Data generation thread stopped
Smart meter 353 shutdown complete
