=== Continuous Smart Meter Server 346 ===
Initializing for continuous operation...
SEAL context initialized
Loaded certificate: smart-meter-346
Requesting public keys from KDC...
[2025-12-10 08:02:11] NETWORK ERROR: Failed to connect to 127.0.0.1:8444: Connection refused
Error: Failed to connect to KDC at 127.0.0.1:8444
Error: Failed to send key request to KDC
Failed to obtain keys from KDC, falling back to file keys
Loaded keys from fallback files
Cryptographic components initialized
[2025-12-10 08:02:11] NETWORK INFO: Server socket created and listening on port 9346
✓ Smart meter server ready on port 9346
Data transmission interval: 20 seconds (15x accelerated - simulates 5min)
✓ Performance metrics CSV files initialized in performance_data/
Starting continuous smart meter operation...
Press Ctrl+C to stop gracefully
Network server thread started on port 9346
Data generation thread started
[2025-12-10 08:02:31] Meter 346: Generated 1.519 kWh (encrypted: 334507 bytes, 6.666 ms)
[2025-12-10 08:02:33] NETWORK INFO: Server authentication successful for node: aggregator-001
✓ Aggregator connected: aggregator-001 from 127.0.0.1
✓ Sent 334507 bytes to aggregator-001 (0.87ms)
Session completed with aggregator-001
[2025-12-10 08:02:51] Meter 346: Generated 0.767 kWh (encrypted: 334215 bytes, 6.566 ms)
[2025-12-10 08:03:11] Meter 346: Generated 5.655 kWh (encrypted: 334295 bytes, 6.116 ms)
[2025-12-10 08:03:31] Meter 346: Generated 5.756 kWh (encrypted: 334453 bytes, 4.342 ms)
[2025-12-10 08:03:36] NETWORK INFO: Server authentication successful for node: aggregator-001
✓ Aggregator connected: aggregator-001 from 127.0.0.1
✓ Sent 334453 bytes to aggregator-001 (0.35ms)
Session completed with aggregator-001
[2025-12-10 08:03:51] Meter 346: Generated 2.981 kWh (encrypted: 334124 bytes, 4.486 ms)
[2025-12-10 08:04:11] Meter 346: Generated 3.402 kWh (encrypted: 334152 bytes, 4.403 ms)
[2025-12-10 08:04:31] Meter 346: Generated 5.255 kWh (encrypted: 334116 bytes, 4.357 ms)
[2025-12-10 08:04:40] NETWORK INFO: Server authentication successful for node: aggregator-001
✓ Aggregator connected: aggregator-001 from 127.0.0.1
✓ Sent 334116 bytes to aggregator-001 (0.40ms)
Session completed with aggregator-001
[2025-12-10 08:04:51] Meter 346: Generated 7.380 kWh (encrypted: 334445 bytes, 4.362 ms)
[2025-12-10 08:05:11] Meter 346: Generated 2.323 kWh (encrypted: 334396 bytes, 4.582 ms)
[2025-12-10 08:05:31] Meter 346: Generated 2.514 kWh (encrypted: 334418 bytes, 5.296 ms)
[2025-12-10 08:05:44] NETWORK INFO: Server authentication successful for node: aggregator-001
✓ Aggregator connected: aggregator-001 from 127.0.0.1
✓ Sent 334418 bytes to aggregator-001 (12.61ms)
Session completed with aggregator-001
[2025-12-10 08:05:51] Meter 346: Generated 4.096 kWh (encrypted: 334427 bytes, 5.225 ms)
[2025-12-10 08:06:11] Meter 346: Generated 6.099 kWh (encrypted: 334441 bytes, 6.073 ms)
[2025-12-10 08:06:31] Meter 346: Generated 5.840 kWh (encrypted: 334151 bytes, 6.033 ms)
[2025-12-10 08:06:50] NETWORK INFO: Server authentication successful for node: aggregator-001
✓ Aggregator connected: aggregator-001 from 127.0.0.1
✓ Sent 334151 bytes to aggregator-001 (0.36ms)
Session completed with aggregator-001
[2025-12-10 08:06:51] Meter 346: Generated 6.423 kWh (encrypted: 334070 bytes, 4.650 ms)
[2025-12-10 08:07:11] Meter 346: Generated 5.980 kWh (encrypted: 334225 bytes, 6.085 ms)
[2025-12-10 08:07:31] Meter 346: Generated 6.754 kWh (encrypted: 334369 bytes, 4.547 ms)
[2025-12-10 08:07:51] Meter 346: Generated 2.749 kWh (encrypted: 334353 bytes, 5.969 ms)
[2025-12-10 08:07:56] NETWORK INFO: Server authentication successful for node: aggregator-001
✓ Aggregator connected: aggregator-001 from 127.0.0.1
✓ Sent 334353 bytes to aggregator-001 (0.35ms)
Session completed with aggregator-001
[2025-12-10 08:08:11] Meter 346: Generated 5.115 kWh (encrypted: 334294 bytes, 6.412 ms)
[2025-12-10 08:08:31] Meter 346: Generated 5.656 kWh (encrypted: 334403 bytes, 4.673 ms)
[2025-12-10 08:08:51] Meter 346: Generated 1.117 kWh (encrypted: 334387 bytes, 5.219 ms)
[2025-12-10 08:09:01] NETWORK INFO: Server authentication successful for node: aggregator-001
✓ Aggregator connected: aggregator-001 from 127.0.0.1
✓ Sent 334387 bytes to aggregator-001 (0.63ms)
Session completed with aggregator-001
[2025-12-10 08:09:11] Meter 346: Generated 2.812 kWh (encrypted: 333943 bytes, 5.135 ms)
[2025-12-10 08:09:31] Meter 346: Generated 1.380 kWh (encrypted: 334336 bytes, 6.941 ms)
[2025-12-10 08:09:51] Meter 346: Generated 5.168 kWh (encrypted: 334360 bytes, 6.376 ms)
[2025-12-10 08:10:06] NETWORK INFO: Server authentication successful for node: aggregator-001
✓ Aggregator connected: aggregator-001 from 127.0.0.1
✓ Sent 334360 bytes to aggregator-001 (0.34ms)
Session completed with aggregator-001
[2025-12-10 08:10:11] Meter 346: Generated 6.883 kWh (encrypted: 334198 bytes, 6.968 ms)
[2025-12-10 08:10:31] Meter 346: Generated 4.937 kWh (encrypted: 334283 bytes, 6.077 ms)
[2025-12-10 08:10:51] Meter 346: Generated 4.309 kWh (encrypted: 334478 bytes, 4.954 ms)
[2025-12-10 08:11:11] Meter 346: Generated 2.038 kWh (encrypted: 334203 bytes, 5.791 ms)
[2025-12-10 08:11:12] NETWORK INFO: Server authentication successful for node: aggregator-001
✓ Aggregator connected: aggregator-001 from 127.0.0.1
✓ Sent 334203 bytes to aggregator-001 (4.20ms)
Session completed with aggregator-001
[2025-12-10 08:11:31] Meter 346: Generated 7.316 kWh (encrypted: 334463 bytes, 4.729 ms)
[2025-12-10 08:11:51] Meter 346: Generated 4.877 kWh (encrypted: 334212 bytes, 4.733 ms)
[2025-12-10 08:12:11] Meter 346: Generated 1.873 kWh (encrypted: 334370 bytes, 6.737 ms)
[2025-12-10 08:12:17] NETWORK INFO: Server authentication successful for node: aggregator-001
✓ Aggregator connected: aggregator-001 from 127.0.0.1
✓ Sent 334370 bytes to aggregator-001 (0.38ms)
Session completed with aggregator-001
[2025-12-10 08:12:31] Meter 346: Generated 2.340 kWh (encrypted: 334257 bytes, 5.292 ms)

Received shutdown signal. Gracefully shutting down smart meter...
Network server thread stopped
Data generation thread stopped
Smart meter 346 shutdown complete
