=== Continuous Smart Meter Server 109 ===
Initializing for continuous operation...
SEAL context initialized
Loaded certificate: smart-meter-109
Requesting public keys from KDC...
[2025-12-10 07:57:19] NETWORK ERROR: Failed to connect to 127.0.0.1:8444: Connection refused
Error: Failed to connect to KDC at 127.0.0.1:8444
Error: Failed to send key request to KDC
Failed to obtain keys from KDC, falling back to file keys
Loaded keys from fallback files
Cryptographic components initialized
[2025-12-10 07:57:19] NETWORK INFO: Server socket created and listening on port 9109
✓ Smart meter server ready on port 9109
Data transmission interval: 20 seconds (15x accelerated - simulates 5min)
✓ Performance metrics CSV files initialized in performance_data/
Starting continuous smart meter operation...
Press Ctrl+C to stop gracefully
Data generation thread started
Network server thread started on port 9109
[2025-12-10 07:57:39] Meter 109: Generated 3.002 kWh (encrypted: 334477 bytes, 5.082 ms)
[2025-12-10 07:57:59] Meter 109: Generated 1.703 kWh (encrypted: 334273 bytes, 4.391 ms)
[2025-12-10 07:58:19] Meter 109: Generated 5.485 kWh (encrypted: 334295 bytes, 4.619 ms)
[2025-12-10 07:58:25] NETWORK INFO: Server authentication successful for node: aggregator-001
✓ Aggregator connected: aggregator-001 from 127.0.0.1
✓ Sent 334295 bytes to aggregator-001 (3.67ms)
Session completed with aggregator-001
[2025-12-10 07:58:39] Meter 109: Generated 7.217 kWh (encrypted: 334147 bytes, 4.331 ms)
[2025-12-10 07:58:59] Meter 109: Generated 4.181 kWh (encrypted: 334527 bytes, 4.565 ms)
[2025-12-10 07:59:19] Meter 109: Generated 5.965 kWh (encrypted: 334315 bytes, 4.690 ms)
[2025-12-10 07:59:26] NETWORK INFO: Server authentication successful for node: aggregator-001
✓ Aggregator connected: aggregator-001 from 127.0.0.1
✓ Sent 334315 bytes to aggregator-001 (0.34ms)
Session completed with aggregator-001
[2025-12-10 07:59:39] Meter 109: Generated 1.664 kWh (encrypted: 334408 bytes, 6.277 ms)
[2025-12-10 07:59:59] Meter 109: Generated 6.501 kWh (encrypted: 334117 bytes, 4.640 ms)
[2025-12-10 08:00:19] Meter 109: Generated 1.966 kWh (encrypted: 334223 bytes, 5.073 ms)
[2025-12-10 08:00:28] NETWORK INFO: Server authentication successful for node: aggregator-001
✓ Aggregator connected: aggregator-001 from 127.0.0.1
✓ Sent 334223 bytes to aggregator-001 (4.14ms)
Session completed with aggregator-001
[2025-12-10 08:00:39] Meter 109: Generated 4.475 kWh (encrypted: 334515 bytes, 4.508 ms)
[2025-12-10 08:00:59] Meter 109: Generated 6.340 kWh (encrypted: 334337 bytes, 4.640 ms)
[2025-12-10 08:01:19] Meter 109: Generated 3.695 kWh (encrypted: 334369 bytes, 4.932 ms)
[2025-12-10 08:01:31] NETWORK INFO: Server authentication successful for node: aggregator-001
✓ Aggregator connected: aggregator-001 from 127.0.0.1
✓ Sent 334369 bytes to aggregator-001 (0.35ms)
Session completed with aggregator-001
[2025-12-10 08:01:39] Meter 109: Generated 5.160 kWh (encrypted: 334090 bytes, 5.176 ms)
[2025-12-10 08:01:59] Meter 109: Generated 5.819 kWh (encrypted: 334350 bytes, 4.686 ms)
[2025-12-10 08:02:19] Meter 109: Generated 1.316 kWh (encrypted: 334063 bytes, 5.045 ms)
[2025-12-10 08:02:33] NETWORK INFO: Server authentication successful for node: aggregator-001
✓ Aggregator connected: aggregator-001 from 127.0.0.1
✓ Sent 334063 bytes to aggregator-001 (7.47ms)
Session completed with aggregator-001
[2025-12-10 08:02:39] Meter 109: Generated 5.391 kWh (encrypted: 334224 bytes, 4.663 ms)
[2025-12-10 08:02:59] Meter 109: Generated 5.783 kWh (encrypted: 334325 bytes, 4.698 ms)
[2025-12-10 08:03:19] Meter 109: Generated 6.050 kWh (encrypted: 334265 bytes, 4.819 ms)
[2025-12-10 08:03:36] NETWORK INFO: Server authentication successful for node: aggregator-001
✓ Aggregator connected: aggregator-001 from 127.0.0.1
✓ Sent 334265 bytes to aggregator-001 (0.36ms)
Session completed with aggregator-001
[2025-12-10 08:03:39] Meter 109: Generated 6.044 kWh (encrypted: 334362 bytes, 6.722 ms)
[2025-12-10 08:03:59] Meter 109: Generated 5.423 kWh (encrypted: 334509 bytes, 4.556 ms)
[2025-12-10 08:04:19] Meter 109: Generated 7.051 kWh (encrypted: 334380 bytes, 4.605 ms)
[2025-12-10 08:04:39] Meter 109: Generated 5.185 kWh (encrypted: 334260 bytes, 4.522 ms)
[2025-12-10 08:04:39] NETWORK INFO: Server authentication successful for node: aggregator-001
✓ Aggregator connected: aggregator-001 from 127.0.0.1
✓ Sent 334260 bytes to aggregator-001 (0.42ms)
Session completed with aggregator-001
[2025-12-10 08:04:59] Meter 109: Generated 3.435 kWh (encrypted: 333608 bytes, 4.780 ms)
[2025-12-10 08:05:19] Meter 109: Generated 4.022 kWh (encrypted: 334265 bytes, 4.684 ms)
[2025-12-10 08:05:39] Meter 109: Generated 1.634 kWh (encrypted: 334607 bytes, 4.441 ms)
[2025-12-10 08:05:44] NETWORK INFO: Server authentication successful for node: aggregator-001
✓ Aggregator connected: aggregator-001 from 127.0.0.1
✓ Sent 334607 bytes to aggregator-001 (0.36ms)
Session completed with aggregator-001
[2025-12-10 08:05:59] Meter 109: Generated 6.838 kWh (encrypted: 334047 bytes, 4.776 ms)
[2025-12-10 08:06:19] Meter 109: Generated 3.985 kWh (encrypted: 334374 bytes, 4.504 ms)
[2025-12-10 08:06:39] Meter 109: Generated 2.200 kWh (encrypted: 334434 bytes, 4.635 ms)
[2025-12-10 08:06:50] NETWORK INFO: Server authentication successful for node: aggregator-001
✓ Aggregator connected: aggregator-001 from 127.0.0.1
✓ Sent 334434 bytes to aggregator-001 (0.37ms)
Session completed with aggregator-001
[2025-12-10 08:06:59] Meter 109: Generated 5.273 kWh (encrypted: 334492 bytes, 6.715 ms)
[2025-12-10 08:07:19] Meter 109: Generated 4.841 kWh (encrypted: 334431 bytes, 4.739 ms)
[2025-12-10 08:07:39] Meter 109: Generated 4.381 kWh (encrypted: 334249 bytes, 5.856 ms)
[2025-12-10 08:07:56] NETWORK INFO: Server authentication successful for node: aggregator-001
✓ Aggregator connected: aggregator-001 from 127.0.0.1
✓ Sent 334249 bytes to aggregator-001 (0.34ms)
Session completed with aggregator-001
[2025-12-10 08:07:59] Meter 109: Generated 6.311 kWh (encrypted: 334174 bytes, 6.293 ms)
[2025-12-10 08:08:19] Meter 109: Generated 4.263 kWh (encrypted: 334183 bytes, 5.754 ms)
[2025-12-10 08:08:39] Meter 109: Generated 6.912 kWh (encrypted: 334161 bytes, 5.768 ms)
[2025-12-10 08:08:59] Meter 109: Generated 2.766 kWh (encrypted: 334256 bytes, 6.908 ms)
[2025-12-10 08:09:01] NETWORK INFO: Server authentication successful for node: aggregator-001
✓ Aggregator connected: aggregator-001 from 127.0.0.1
✓ Sent 334256 bytes to aggregator-001 (0.47ms)
Session completed with aggregator-001
[2025-12-10 08:09:19] Meter 109: Generated 5.602 kWh (encrypted: 334118 bytes, 5.535 ms)
[2025-12-10 08:09:39] Meter 109: Generated 3.936 kWh (encrypted: 334586 bytes, 5.843 ms)
[2025-12-10 08:09:59] Meter 109: Generated 6.953 kWh (encrypted: 334414 bytes, 6.454 ms)
[2025-12-10 08:10:06] NETWORK INFO: Server authentication successful for node: aggregator-001
✓ Aggregator connected: aggregator-001 from 127.0.0.1
✓ Sent 334414 bytes to aggregator-001 (0.38ms)
Session completed with aggregator-001
[2025-12-10 08:10:19] Meter 109: Generated 5.766 kWh (encrypted: 334301 bytes, 6.558 ms)
[2025-12-10 08:10:39] Meter 109: Generated 2.004 kWh (encrypted: 334427 bytes, 4.952 ms)
[2025-12-10 08:10:59] Meter 109: Generated 5.214 kWh (encrypted: 334265 bytes, 4.453 ms)
[2025-12-10 08:11:12] NETWORK INFO: Server authentication successful for node: aggregator-001
✓ Aggregator connected: aggregator-001 from 127.0.0.1
✓ Sent 334265 bytes to aggregator-001 (0.40ms)
Session completed with aggregator-001
[2025-12-10 08:11:19] Meter 109: Generated 3.291 kWh (encrypted: 334419 bytes, 6.501 ms)
[2025-12-10 08:11:39] Meter 109: Generated 1.446 kWh (encrypted: 334283 bytes, 4.450 ms)
[2025-12-10 08:11:59] Meter 109: Generated 1.140 kWh (encrypted: 334405 bytes, 7.124 ms)
[2025-12-10 08:12:17] NETWORK INFO: Server authentication successful for node: aggregator-001
✓ Aggregator connected: aggregator-001 from 127.0.0.1
✓ Sent 334405 bytes to aggregator-001 (0.37ms)
Session completed with aggregator-001
[2025-12-10 08:12:19] Meter 109: Generated 6.959 kWh (encrypted: 334426 bytes, 6.682 ms)

Received shutdown signal. Gracefully shutting down smart meter...
Network server thread stopped
Data generation thread stopped
Smart meter 109 shutdown complete
