=== Continuous Smart Meter Server 293 ===
Initializing for continuous operation...
SEAL context initialized
Loaded certificate: smart-meter-293
Requesting public keys from KDC...
[2025-12-10 08:01:05] NETWORK ERROR: Failed to connect to 127.0.0.1:8444: Connection refused
Error: Failed to connect to KDC at 127.0.0.1:8444
Error: Failed to send key request to KDC
Failed to obtain keys from KDC, falling back to file keys
Loaded keys from fallback files
Cryptographic components initialized
[2025-12-10 08:01:05] NETWORK INFO: Server socket created and listening on port 9293
✓ Smart meter server ready on port 9293
Data transmission interval: 20 seconds (15x accelerated - simulates 5min)
✓ Performance metrics CSV files initialized in performance_data/
Starting continuous smart meter operation...
Press Ctrl+C to stop gracefully
Data generation thread started
Network server thread started on port 9293
[2025-12-10 08:01:25] Meter 293: Generated 5.786 kWh (encrypted: 334377 bytes, 5.104 ms)
[2025-12-10 08:01:31] NETWORK INFO: Server authentication successful for node: aggregator-001
✓ Aggregator connected: aggregator-001 from 127.0.0.1
✓ Sent 334377 bytes to aggregator-001 (4.50ms)
Session completed with aggregator-001
[2025-12-10 08:01:45] Meter 293: Generated 7.247 kWh (encrypted: 334336 bytes, 4.617 ms)
[2025-12-10 08:02:05] Meter 293: Generated 4.129 kWh (encrypted: 334470 bytes, 4.703 ms)
[2025-12-10 08:02:25] Meter 293: Generated 4.877 kWh (encrypted: 334189 bytes, 4.568 ms)
[2025-12-10 08:02:33] NETWORK INFO: Server authentication successful for node: aggregator-001
✓ Aggregator connected: aggregator-001 from 127.0.0.1
✓ Sent 334189 bytes to aggregator-001 (26.55ms)
Session completed with aggregator-001
[2025-12-10 08:02:45] Meter 293: Generated 3.076 kWh (encrypted: 334228 bytes, 4.784 ms)
[2025-12-10 08:03:05] Meter 293: Generated 2.403 kWh (encrypted: 334457 bytes, 4.518 ms)
[2025-12-10 08:03:25] Meter 293: Generated 1.664 kWh (encrypted: 334169 bytes, 4.783 ms)
[2025-12-10 08:03:36] NETWORK INFO: Server authentication successful for node: aggregator-001
✓ Aggregator connected: aggregator-001 from 127.0.0.1
✓ Sent 334169 bytes to aggregator-001 (10.03ms)
Session completed with aggregator-001
[2025-12-10 08:03:45] Meter 293: Generated 1.703 kWh (encrypted: 334262 bytes, 4.626 ms)
[2025-12-10 08:04:05] Meter 293: Generated 4.876 kWh (encrypted: 334448 bytes, 5.454 ms)
[2025-12-10 08:04:25] Meter 293: Generated 3.235 kWh (encrypted: 334218 bytes, 4.701 ms)
[2025-12-10 08:04:39] NETWORK INFO: Server authentication successful for node: aggregator-001
✓ Aggregator connected: aggregator-001 from 127.0.0.1
✓ Sent 334218 bytes to aggregator-001 (0.38ms)
Session completed with aggregator-001
[2025-12-10 08:04:45] Meter 293: Generated 7.380 kWh (encrypted: 334322 bytes, 8.200 ms)
[2025-12-10 08:05:05] Meter 293: Generated 4.297 kWh (encrypted: 334532 bytes, 4.681 ms)
[2025-12-10 08:05:25] Meter 293: Generated 4.746 kWh (encrypted: 334173 bytes, 6.383 ms)
[2025-12-10 08:05:44] NETWORK INFO: Server authentication successful for node: aggregator-001
✓ Aggregator connected: aggregator-001 from 127.0.0.1
✓ Sent 334173 bytes to aggregator-001 (0.38ms)
Session completed with aggregator-001
[2025-12-10 08:05:45] Meter 293: Generated 3.560 kWh (encrypted: 334396 bytes, 4.560 ms)
[2025-12-10 08:06:05] Meter 293: Generated 3.226 kWh (encrypted: 334057 bytes, 4.602 ms)
[2025-12-10 08:06:25] Meter 293: Generated 6.942 kWh (encrypted: 334352 bytes, 6.648 ms)
[2025-12-10 08:06:45] Meter 293: Generated 1.301 kWh (encrypted: 334100 bytes, 4.565 ms)
[2025-12-10 08:06:50] NETWORK INFO: Server authentication successful for node: aggregator-001
✓ Aggregator connected: aggregator-001 from 127.0.0.1
✓ Sent 334100 bytes to aggregator-001 (39.54ms)
Session completed with aggregator-001
[2025-12-10 08:07:05] Meter 293: Generated 7.676 kWh (encrypted: 334111 bytes, 5.346 ms)
[2025-12-10 08:07:25] Meter 293: Generated 0.930 kWh (encrypted: 334459 bytes, 6.177 ms)
[2025-12-10 08:07:45] Meter 293: Generated 1.012 kWh (encrypted: 334212 bytes, 4.751 ms)
[2025-12-10 08:07:55] NETWORK INFO: Server authentication successful for node: aggregator-001
✓ Aggregator connected: aggregator-001 from 127.0.0.1
✓ Sent 334212 bytes to aggregator-001 (0.42ms)
Session completed with aggregator-001
[2025-12-10 08:08:05] Meter 293: Generated 4.349 kWh (encrypted: 334128 bytes, 5.370 ms)
[2025-12-10 08:08:25] Meter 293: Generated 1.667 kWh (encrypted: 334143 bytes, 6.618 ms)
[2025-12-10 08:08:45] Meter 293: Generated 6.204 kWh (encrypted: 334522 bytes, 4.656 ms)
[2025-12-10 08:09:01] NETWORK INFO: Server authentication successful for node: aggregator-001
✓ Aggregator connected: aggregator-001 from 127.0.0.1
✓ Sent 334522 bytes to aggregator-001 (0.36ms)
Session completed with aggregator-001
[2025-12-10 08:09:05] Meter 293: Generated 3.825 kWh (encrypted: 334466 bytes, 5.114 ms)
[2025-12-10 08:09:25] Meter 293: Generated 3.911 kWh (encrypted: 334373 bytes, 6.534 ms)
[2025-12-10 08:09:45] Meter 293: Generated 1.656 kWh (encrypted: 334092 bytes, 4.642 ms)
[2025-12-10 08:10:05] Meter 293: Generated 1.534 kWh (encrypted: 334115 bytes, 7.710 ms)
[2025-12-10 08:10:06] NETWORK INFO: Server authentication successful for node: aggregator-001
✓ Aggregator connected: aggregator-001 from 127.0.0.1
✓ Sent 334115 bytes to aggregator-001 (0.35ms)
Session completed with aggregator-001
[2025-12-10 08:10:25] Meter 293: Generated 5.622 kWh (encrypted: 334116 bytes, 6.554 ms)
[2025-12-10 08:10:45] Meter 293: Generated 2.391 kWh (encrypted: 334424 bytes, 5.140 ms)
[2025-12-10 08:11:05] Meter 293: Generated 2.635 kWh (encrypted: 334331 bytes, 4.834 ms)
[2025-12-10 08:11:12] NETWORK INFO: Server authentication successful for node: aggregator-001
✓ Aggregator connected: aggregator-001 from 127.0.0.1
✓ Sent 334331 bytes to aggregator-001 (0.49ms)
Session completed with aggregator-001
[2025-12-10 08:11:25] Meter 293: Generated 4.011 kWh (encrypted: 334466 bytes, 6.644 ms)
[2025-12-10 08:11:45] Meter 293: Generated 6.231 kWh (encrypted: 334452 bytes, 4.745 ms)
[2025-12-10 08:12:05] Meter 293: Generated 6.151 kWh (encrypted: 334417 bytes, 6.733 ms)
[2025-12-10 08:12:17] NETWORK INFO: Server authentication successful for node: aggregator-001
✓ Aggregator connected: aggregator-001 from 127.0.0.1
✓ Sent 334417 bytes to aggregator-001 (0.38ms)
Session completed with aggregator-001
[2025-12-10 08:12:25] Meter 293: Generated 2.322 kWh (encrypted: 334321 bytes, 4.998 ms)

Received shutdown signal. Gracefully shutting down smart meter...
Network server thread stopped
Data generation thread stopped
Smart meter 293 shutdown complete
