=== Continuous Smart Meter Server 307 ===
Initializing for continuous operation...
SEAL context initialized
Loaded certificate: smart-meter-307
Requesting public keys from KDC...
[2025-12-10 08:01:22] NETWORK ERROR: Failed to connect to 127.0.0.1:8444: Connection refused
Error: Failed to connect to KDC at 127.0.0.1:8444
Error: Failed to send key request to KDC
Failed to obtain keys from KDC, falling back to file keys
Loaded keys from fallback files
Cryptographic components initialized
[2025-12-10 08:01:22] NETWORK INFO: Server socket created and listening on port 9307
✓ Smart meter server ready on port 9307
Data transmission interval: 20 seconds (15x accelerated - simulates 5min)
✓ Performance metrics CSV files initialized in performance_data/
Starting continuous smart meter operation...
Press Ctrl+C to stop gracefully
Data generation thread started
Network server thread started on port 9307
[2025-12-10 08:01:31] NETWORK INFO: Server authentication successful for node: aggregator-001
✓ Aggregator connected: aggregator-001 from 127.0.0.1
[2025-12-10 08:01:42] Meter 307: Generated 6.994 kWh (encrypted: 334414 bytes, 4.911 ms)
✓ Sent 334414 bytes to aggregator-001 (0.82ms)
Session completed with aggregator-001
[2025-12-10 08:02:02] Meter 307: Generated 2.701 kWh (encrypted: 334282 bytes, 5.683 ms)
[2025-12-10 08:02:22] Meter 307: Generated 4.940 kWh (encrypted: 334112 bytes, 4.562 ms)
[2025-12-10 08:02:33] NETWORK INFO: Server authentication successful for node: aggregator-001
✓ Aggregator connected: aggregator-001 from 127.0.0.1
✓ Sent 334112 bytes to aggregator-001 (0.42ms)
Session completed with aggregator-001
[2025-12-10 08:02:42] Meter 307: Generated 4.518 kWh (encrypted: 334377 bytes, 4.794 ms)
[2025-12-10 08:03:02] Meter 307: Generated 6.779 kWh (encrypted: 334170 bytes, 5.903 ms)
[2025-12-10 08:03:22] Meter 307: Generated 2.834 kWh (encrypted: 334549 bytes, 5.296 ms)
[2025-12-10 08:03:36] NETWORK INFO: Server authentication successful for node: aggregator-001
✓ Aggregator connected: aggregator-001 from 127.0.0.1
✓ Sent 334549 bytes to aggregator-001 (4.59ms)
Session completed with aggregator-001
[2025-12-10 08:03:42] Meter 307: Generated 7.129 kWh (encrypted: 334302 bytes, 4.680 ms)
[2025-12-10 08:04:02] Meter 307: Generated 4.587 kWh (encrypted: 334462 bytes, 4.734 ms)
[2025-12-10 08:04:22] Meter 307: Generated 4.724 kWh (encrypted: 334272 bytes, 4.402 ms)
[2025-12-10 08:04:39] NETWORK INFO: Server authentication successful for node: aggregator-001
✓ Aggregator connected: aggregator-001 from 127.0.0.1
✓ Sent 334272 bytes to aggregator-001 (3.21ms)
Session completed with aggregator-001
[2025-12-10 08:04:42] Meter 307: Generated 7.382 kWh (encrypted: 334384 bytes, 4.606 ms)
[2025-12-10 08:05:02] Meter 307: Generated 4.171 kWh (encrypted: 334469 bytes, 12.864 ms)
[2025-12-10 08:05:22] Meter 307: Generated 4.096 kWh (encrypted: 333360 bytes, 4.720 ms)
[2025-12-10 08:05:42] Meter 307: Generated 2.989 kWh (encrypted: 334224 bytes, 4.675 ms)
[2025-12-10 08:05:44] NETWORK INFO: Server authentication successful for node: aggregator-001
✓ Aggregator connected: aggregator-001 from 127.0.0.1
✓ Sent 334224 bytes to aggregator-001 (5.57ms)
Session completed with aggregator-001
[2025-12-10 08:06:03] Meter 307: Generated 7.314 kWh (encrypted: 333279 bytes, 5.209 ms)
[2025-12-10 08:06:23] Meter 307: Generated 7.083 kWh (encrypted: 333329 bytes, 6.490 ms)
[2025-12-10 08:06:43] Meter 307: Generated 4.031 kWh (encrypted: 334370 bytes, 6.566 ms)
[2025-12-10 08:06:50] NETWORK INFO: Server authentication successful for node: aggregator-001
✓ Aggregator connected: aggregator-001 from 127.0.0.1
✓ Sent 334370 bytes to aggregator-001 (0.36ms)
Session completed with aggregator-001
[2025-12-10 08:07:03] Meter 307: Generated 7.647 kWh (encrypted: 334421 bytes, 6.457 ms)
[2025-12-10 08:07:23] Meter 307: Generated 5.401 kWh (encrypted: 334051 bytes, 11.605 ms)
[2025-12-10 08:07:43] Meter 307: Generated 2.246 kWh (encrypted: 334177 bytes, 14.466 ms)
[2025-12-10 08:07:56] NETWORK INFO: Server authentication successful for node: aggregator-001
✓ Aggregator connected: aggregator-001 from 127.0.0.1
✓ Sent 334177 bytes to aggregator-001 (22.79ms)
Session completed with aggregator-001
[2025-12-10 08:08:03] Meter 307: Generated 4.031 kWh (encrypted: 334277 bytes, 6.142 ms)
[2025-12-10 08:08:23] Meter 307: Generated 0.815 kWh (encrypted: 334432 bytes, 5.177 ms)
[2025-12-10 08:08:43] Meter 307: Generated 5.056 kWh (encrypted: 334415 bytes, 4.914 ms)
[2025-12-10 08:09:01] NETWORK INFO: Server authentication successful for node: aggregator-001
✓ Aggregator connected: aggregator-001 from 127.0.0.1
✓ Sent 334415 bytes to aggregator-001 (0.41ms)
Session completed with aggregator-001
[2025-12-10 08:09:03] Meter 307: Generated 6.377 kWh (encrypted: 334462 bytes, 6.301 ms)
[2025-12-10 08:09:23] Meter 307: Generated 4.460 kWh (encrypted: 334245 bytes, 6.472 ms)
[2025-12-10 08:09:43] Meter 307: Generated 2.628 kWh (encrypted: 334220 bytes, 4.547 ms)
[2025-12-10 08:10:03] Meter 307: Generated 1.669 kWh (encrypted: 334112 bytes, 4.862 ms)
[2025-12-10 08:10:06] NETWORK INFO: Server authentication successful for node: aggregator-001
✓ Aggregator connected: aggregator-001 from 127.0.0.1
✓ Sent 334112 bytes to aggregator-001 (0.39ms)
Session completed with aggregator-001
[2025-12-10 08:10:23] Meter 307: Generated 6.368 kWh (encrypted: 334375 bytes, 6.755 ms)
[2025-12-10 08:10:43] Meter 307: Generated 1.380 kWh (encrypted: 334413 bytes, 5.127 ms)
[2025-12-10 08:11:03] Meter 307: Generated 7.153 kWh (encrypted: 334401 bytes, 7.663 ms)
[2025-12-10 08:11:12] NETWORK INFO: Server authentication successful for node: aggregator-001
✓ Aggregator connected: aggregator-001 from 127.0.0.1
✓ Sent 334401 bytes to aggregator-001 (0.37ms)
Session completed with aggregator-001
[2025-12-10 08:11:23] Meter 307: Generated 3.943 kWh (encrypted: 334422 bytes, 4.382 ms)
[2025-12-10 08:11:43] Meter 307: Generated 5.086 kWh (encrypted: 334369 bytes, 4.571 ms)
[2025-12-10 08:12:03] Meter 307: Generated 6.250 kWh (encrypted: 334313 bytes, 13.443 ms)
[2025-12-10 08:12:17] NETWORK INFO: Server authentication successful for node: aggregator-001
✓ Aggregator connected: aggregator-001 from 127.0.0.1
✓ Sent 334313 bytes to aggregator-001 (1.65ms)
Session completed with aggregator-001
[2025-12-10 08:12:23] Meter 307: Generated 4.057 kWh (encrypted: 334367 bytes, 8.477 ms)

Received shutdown signal. Gracefully shutting down smart meter...
Network server thread stopped
Data generation thread stopped
Smart meter 307 shutdown complete
