=== Continuous Smart Meter Server 144 ===
Initializing for continuous operation...
SEAL context initialized
Loaded certificate: smart-meter-144
Requesting public keys from KDC...
[2025-12-10 07:58:01] NETWORK ERROR: Failed to connect to 127.0.0.1:8444: Connection refused
Error: Failed to connect to KDC at 127.0.0.1:8444
Error: Failed to send key request to KDC
Failed to obtain keys from KDC, falling back to file keys
Loaded keys from fallback files
Cryptographic components initialized
[2025-12-10 07:58:01] NETWORK INFO: Server socket created and listening on port 9144
✓ Smart meter server ready on port 9144
Data transmission interval: 20 seconds (15x accelerated - simulates 5min)
✓ Performance metrics CSV files initialized in performance_data/
Starting continuous smart meter operation...
Press Ctrl+C to stop gracefully
Data generation thread started
Network server thread started on port 9144
[2025-12-10 07:58:21] Meter 144: Generated 1.962 kWh (encrypted: 334450 bytes, 4.986 ms)
[2025-12-10 07:58:25] NETWORK INFO: Server authentication successful for node: aggregator-001
✓ Aggregator connected: aggregator-001 from 127.0.0.1
✓ Sent 334450 bytes to aggregator-001 (0.71ms)
Session completed with aggregator-001
[2025-12-10 07:58:41] Meter 144: Generated 1.280 kWh (encrypted: 334402 bytes, 4.599 ms)
[2025-12-10 07:59:01] Meter 144: Generated 4.002 kWh (encrypted: 334177 bytes, 5.010 ms)
[2025-12-10 07:59:21] Meter 144: Generated 1.708 kWh (encrypted: 334136 bytes, 4.487 ms)
[2025-12-10 07:59:26] NETWORK INFO: Server authentication successful for node: aggregator-001
✓ Aggregator connected: aggregator-001 from 127.0.0.1
✓ Sent 334136 bytes to aggregator-001 (0.35ms)
Session completed with aggregator-001
[2025-12-10 07:59:41] Meter 144: Generated 5.140 kWh (encrypted: 334371 bytes, 4.492 ms)
[2025-12-10 08:00:01] Meter 144: Generated 4.888 kWh (encrypted: 334352 bytes, 4.631 ms)
[2025-12-10 08:00:21] Meter 144: Generated 3.269 kWh (encrypted: 334365 bytes, 4.779 ms)
[2025-12-10 08:00:28] NETWORK INFO: Server authentication successful for node: aggregator-001
✓ Aggregator connected: aggregator-001 from 127.0.0.1
✓ Sent 334365 bytes to aggregator-001 (0.39ms)
Session completed with aggregator-001
[2025-12-10 08:00:41] Meter 144: Generated 6.958 kWh (encrypted: 334120 bytes, 4.754 ms)
[2025-12-10 08:01:01] Meter 144: Generated 2.865 kWh (encrypted: 334278 bytes, 4.573 ms)
[2025-12-10 08:01:21] Meter 144: Generated 4.486 kWh (encrypted: 334357 bytes, 4.397 ms)
[2025-12-10 08:01:31] NETWORK INFO: Server authentication successful for node: aggregator-001
✓ Aggregator connected: aggregator-001 from 127.0.0.1
✓ Sent 334357 bytes to aggregator-001 (0.40ms)
Session completed with aggregator-001
[2025-12-10 08:01:41] Meter 144: Generated 6.224 kWh (encrypted: 334213 bytes, 4.592 ms)
[2025-12-10 08:02:01] Meter 144: Generated 6.963 kWh (encrypted: 334173 bytes, 4.604 ms)
[2025-12-10 08:02:21] Meter 144: Generated 5.462 kWh (encrypted: 334409 bytes, 6.581 ms)
[2025-12-10 08:02:33] NETWORK INFO: Server authentication successful for node: aggregator-001
✓ Aggregator connected: aggregator-001 from 127.0.0.1
✓ Sent 334409 bytes to aggregator-001 (10.47ms)
Session completed with aggregator-001
[2025-12-10 08:02:41] Meter 144: Generated 3.120 kWh (encrypted: 334090 bytes, 4.606 ms)
[2025-12-10 08:03:01] Meter 144: Generated 1.044 kWh (encrypted: 334473 bytes, 4.470 ms)
[2025-12-10 08:03:21] Meter 144: Generated 4.305 kWh (encrypted: 334385 bytes, 4.597 ms)
[2025-12-10 08:03:36] NETWORK INFO: Server authentication successful for node: aggregator-001
✓ Aggregator connected: aggregator-001 from 127.0.0.1
✓ Sent 334385 bytes to aggregator-001 (0.39ms)
Session completed with aggregator-001
[2025-12-10 08:03:41] Meter 144: Generated 7.033 kWh (encrypted: 334434 bytes, 6.344 ms)
[2025-12-10 08:04:01] Meter 144: Generated 4.919 kWh (encrypted: 334367 bytes, 6.427 ms)
[2025-12-10 08:04:21] Meter 144: Generated 2.147 kWh (encrypted: 334424 bytes, 5.653 ms)
[2025-12-10 08:04:39] NETWORK INFO: Server authentication successful for node: aggregator-001
✓ Aggregator connected: aggregator-001 from 127.0.0.1
✓ Sent 334424 bytes to aggregator-001 (0.39ms)
Session completed with aggregator-001
[2025-12-10 08:04:41] Meter 144: Generated 6.399 kWh (encrypted: 334298 bytes, 4.778 ms)
[2025-12-10 08:05:02] Meter 144: Generated 3.147 kWh (encrypted: 334017 bytes, 4.591 ms)
[2025-12-10 08:05:22] Meter 144: Generated 0.811 kWh (encrypted: 334553 bytes, 4.574 ms)
[2025-12-10 08:05:42] Meter 144: Generated 3.958 kWh (encrypted: 334379 bytes, 4.620 ms)
[2025-12-10 08:05:44] NETWORK INFO: Server authentication successful for node: aggregator-001
✓ Aggregator connected: aggregator-001 from 127.0.0.1
✓ Sent 334379 bytes to aggregator-001 (0.38ms)
Session completed with aggregator-001
[2025-12-10 08:06:02] Meter 144: Generated 4.888 kWh (encrypted: 334434 bytes, 4.468 ms)
[2025-12-10 08:06:22] Meter 144: Generated 1.048 kWh (encrypted: 334392 bytes, 6.458 ms)
[2025-12-10 08:06:42] Meter 144: Generated 2.923 kWh (encrypted: 334410 bytes, 4.748 ms)
[2025-12-10 08:06:50] NETWORK INFO: Server authentication successful for node: aggregator-001
✓ Aggregator connected: aggregator-001 from 127.0.0.1
✓ Sent 334410 bytes to aggregator-001 (0.34ms)
Session completed with aggregator-001
[2025-12-10 08:07:02] Meter 144: Generated 6.706 kWh (encrypted: 333769 bytes, 6.741 ms)
[2025-12-10 08:07:22] Meter 144: Generated 1.936 kWh (encrypted: 334396 bytes, 6.471 ms)
[2025-12-10 08:07:42] Meter 144: Generated 6.724 kWh (encrypted: 334429 bytes, 4.592 ms)
[2025-12-10 08:07:56] NETWORK INFO: Server authentication successful for node: aggregator-001
✓ Aggregator connected: aggregator-001 from 127.0.0.1
✓ Sent 334429 bytes to aggregator-001 (0.36ms)
Session completed with aggregator-001
[2025-12-10 08:08:02] Meter 144: Generated 6.755 kWh (encrypted: 334482 bytes, 5.130 ms)
[2025-12-10 08:08:22] Meter 144: Generated 3.754 kWh (encrypted: 334501 bytes, 4.777 ms)
[2025-12-10 08:08:42] Meter 144: Generated 2.138 kWh (encrypted: 334298 bytes, 5.252 ms)
[2025-12-10 08:09:01] NETWORK INFO: Server authentication successful for node: aggregator-001
✓ Aggregator connected: aggregator-001 from 127.0.0.1
✓ Sent 334298 bytes to aggregator-001 (0.48ms)
Session completed with aggregator-001
[2025-12-10 08:09:02] Meter 144: Generated 6.303 kWh (encrypted: 334480 bytes, 4.830 ms)
[2025-12-10 08:09:22] Meter 144: Generated 2.250 kWh (encrypted: 334371 bytes, 6.573 ms)
[2025-12-10 08:09:42] Meter 144: Generated 1.666 kWh (encrypted: 334483 bytes, 6.866 ms)
[2025-12-10 08:10:02] Meter 144: Generated 4.880 kWh (encrypted: 334097 bytes, 6.164 ms)
[2025-12-10 08:10:06] NETWORK INFO: Server authentication successful for node: aggregator-001
✓ Aggregator connected: aggregator-001 from 127.0.0.1
✓ Sent 334097 bytes to aggregator-001 (1.05ms)
Session completed with aggregator-001
[2025-12-10 08:10:22] Meter 144: Generated 3.094 kWh (encrypted: 334347 bytes, 6.084 ms)
[2025-12-10 08:10:42] Meter 144: Generated 0.859 kWh (encrypted: 334192 bytes, 6.954 ms)
[2025-12-10 08:11:02] Meter 144: Generated 2.144 kWh (encrypted: 333861 bytes, 6.499 ms)
[2025-12-10 08:11:12] NETWORK INFO: Server authentication successful for node: aggregator-001
✓ Aggregator connected: aggregator-001 from 127.0.0.1
✓ Sent 333861 bytes to aggregator-001 (0.39ms)
Session completed with aggregator-001
[2025-12-10 08:11:22] Meter 144: Generated 1.611 kWh (encrypted: 334172 bytes, 6.280 ms)
[2025-12-10 08:11:42] Meter 144: Generated 5.001 kWh (encrypted: 334514 bytes, 4.466 ms)
[2025-12-10 08:12:02] Meter 144: Generated 4.537 kWh (encrypted: 334451 bytes, 4.474 ms)
[2025-12-10 08:12:17] NETWORK INFO: Server authentication successful for node: aggregator-001
✓ Aggregator connected: aggregator-001 from 127.0.0.1
✓ Sent 334451 bytes to aggregator-001 (4.15ms)
Session completed with aggregator-001
[2025-12-10 08:12:22] Meter 144: Generated 5.942 kWh (encrypted: 334214 bytes, 4.987 ms)

Received shutdown signal. Gracefully shutting down smart meter...
Network server thread stopped
Data generation thread stopped
Smart meter 144 shutdown complete
