=== Continuous Smart Meter Server 7 ===
Initializing for continuous operation...
SEAL context initialized
Loaded certificate: smart-meter-007
Requesting public keys from KDC...
[2025-11-24 09:12:08] NETWORK ERROR: Failed to connect to 127.0.0.1:8444: Connection refused
Error: Failed to connect to KDC at 127.0.0.1:8444
Error: Failed to send key request to KDC
Failed to obtain keys from KDC, falling back to file keys
Loaded keys from fallback files
Cryptographic components initialized
[2025-11-24 09:12:08] NETWORK INFO: Server socket created and listening on port 9007
✓ Smart meter server ready on port 9007
Data transmission interval: 300 seconds
Starting continuous smart meter operation...
Press Ctrl+C to stop gracefully
Data generation thread started
Network server thread started on port 9007
[2025-11-24 09:17:08] Meter 7: Generated 1.727 kWh (encrypted: 333936 bytes)
[2025-11-24 09:22:08] Meter 7: Generated 6.498 kWh (encrypted: 334419 bytes)
[2025-11-24 09:26:59] NETWORK INFO: Server authentication successful for node: aggregator-001
✓ Aggregator connected: aggregator-001 from 127.0.0.1
✓ Sent 334419 bytes to aggregator-001
Session completed with aggregator-001
[2025-11-24 09:27:08] Meter 7: Generated 7.449 kWh (encrypted: 334202 bytes)
