=== Continuous Smart Meter Server 65 ===
Initializing for continuous operation...
SEAL context initialized
Loaded certificate: smart-meter-065
Requesting public keys from KDC...
[2025-12-10 07:56:25] NETWORK ERROR: Failed to connect to 127.0.0.1:8444: Connection refused
Error: Failed to connect to KDC at 127.0.0.1:8444
Error: Failed to send key request to KDC
Failed to obtain keys from KDC, falling back to file keys
Loaded keys from fallback files
Cryptographic components initialized
[2025-12-10 07:56:25] NETWORK INFO: Server socket created and listening on port 9065
✓ Smart meter server ready on port 9065
Data transmission interval: 20 seconds (15x accelerated - simulates 5min)
✓ Performance metrics CSV files initialized in performance_data/
Starting continuous smart meter operation...
Press Ctrl+C to stop gracefully
Data generation thread started
Network server thread started on port 9065
[2025-12-10 07:56:45] Meter 65: Generated 2.476 kWh (encrypted: 334102 bytes, 5.036 ms)
[2025-12-10 07:57:05] Meter 65: Generated 5.652 kWh (encrypted: 334326 bytes, 6.870 ms)
[2025-12-10 07:57:15] NETWORK INFO: Server authentication successful for node: aggregator-001
✓ Aggregator connected: aggregator-001 from 127.0.0.1
✓ Sent 334326 bytes to aggregator-001 (0.72ms)
Session completed with aggregator-001
[2025-12-10 07:57:25] Meter 65: Generated 6.966 kWh (encrypted: 334090 bytes, 4.233 ms)
[2025-12-10 07:57:45] Meter 65: Generated 4.383 kWh (encrypted: 334167 bytes, 6.156 ms)
[2025-12-10 07:58:05] Meter 65: Generated 5.041 kWh (encrypted: 334294 bytes, 5.013 ms)
[2025-12-10 07:58:25] NETWORK INFO: Server authentication successful for node: aggregator-001
✓ Aggregator connected: aggregator-001 from 127.0.0.1
✓ Sent 334294 bytes to aggregator-001 (0.42ms)
Session completed with aggregator-001
[2025-12-10 07:58:25] Meter 65: Generated 1.444 kWh (encrypted: 333351 bytes, 4.473 ms)
[2025-12-10 07:58:45] Meter 65: Generated 7.320 kWh (encrypted: 334406 bytes, 4.497 ms)
[2025-12-10 07:59:05] Meter 65: Generated 4.696 kWh (encrypted: 334428 bytes, 4.471 ms)
[2025-12-10 07:59:25] Meter 65: Generated 5.648 kWh (encrypted: 334440 bytes, 4.517 ms)
[2025-12-10 07:59:26] NETWORK INFO: Server authentication successful for node: aggregator-001
✓ Aggregator connected: aggregator-001 from 127.0.0.1
✓ Sent 334440 bytes to aggregator-001 (0.35ms)
Session completed with aggregator-001
[2025-12-10 07:59:45] Meter 65: Generated 6.807 kWh (encrypted: 333999 bytes, 4.550 ms)
[2025-12-10 08:00:05] Meter 65: Generated 3.350 kWh (encrypted: 333388 bytes, 4.712 ms)
[2025-12-10 08:00:25] Meter 65: Generated 5.556 kWh (encrypted: 334196 bytes, 4.741 ms)
[2025-12-10 08:00:28] NETWORK INFO: Server authentication successful for node: aggregator-001
✓ Aggregator connected: aggregator-001 from 127.0.0.1
✓ Sent 334196 bytes to aggregator-001 (0.34ms)
Session completed with aggregator-001
[2025-12-10 08:00:45] Meter 65: Generated 4.439 kWh (encrypted: 334311 bytes, 4.847 ms)
[2025-12-10 08:01:05] Meter 65: Generated 0.934 kWh (encrypted: 334124 bytes, 5.696 ms)
[2025-12-10 08:01:25] Meter 65: Generated 5.731 kWh (encrypted: 334094 bytes, 4.604 ms)
[2025-12-10 08:01:31] NETWORK INFO: Server authentication successful for node: aggregator-001
✓ Aggregator connected: aggregator-001 from 127.0.0.1
✓ Sent 334094 bytes to aggregator-001 (18.39ms)
Session completed with aggregator-001
[2025-12-10 08:01:45] Meter 65: Generated 6.341 kWh (encrypted: 334250 bytes, 4.749 ms)
[2025-12-10 08:02:05] Meter 65: Generated 2.101 kWh (encrypted: 334219 bytes, 4.680 ms)
[2025-12-10 08:02:25] Meter 65: Generated 1.716 kWh (encrypted: 334174 bytes, 4.660 ms)
[2025-12-10 08:02:33] NETWORK INFO: Server authentication successful for node: aggregator-001
✓ Aggregator connected: aggregator-001 from 127.0.0.1
✓ Sent 334174 bytes to aggregator-001 (9.87ms)
Session completed with aggregator-001
[2025-12-10 08:02:45] Meter 65: Generated 2.921 kWh (encrypted: 334173 bytes, 4.554 ms)
[2025-12-10 08:03:05] Meter 65: Generated 4.125 kWh (encrypted: 334470 bytes, 4.903 ms)
[2025-12-10 08:03:25] Meter 65: Generated 6.755 kWh (encrypted: 334472 bytes, 5.061 ms)
[2025-12-10 08:03:36] NETWORK INFO: Server authentication successful for node: aggregator-001
✓ Aggregator connected: aggregator-001 from 127.0.0.1
✓ Sent 334472 bytes to aggregator-001 (0.38ms)
Session completed with aggregator-001
[2025-12-10 08:03:45] Meter 65: Generated 3.464 kWh (encrypted: 334140 bytes, 6.443 ms)
[2025-12-10 08:04:05] Meter 65: Generated 6.973 kWh (encrypted: 334351 bytes, 4.851 ms)
[2025-12-10 08:04:25] Meter 65: Generated 6.964 kWh (encrypted: 334470 bytes, 5.561 ms)
[2025-12-10 08:04:39] NETWORK INFO: Server authentication successful for node: aggregator-001
✓ Aggregator connected: aggregator-001 from 127.0.0.1
✓ Sent 334470 bytes to aggregator-001 (0.42ms)
Session completed with aggregator-001
[2025-12-10 08:04:45] Meter 65: Generated 5.484 kWh (encrypted: 334397 bytes, 6.692 ms)
[2025-12-10 08:05:05] Meter 65: Generated 5.030 kWh (encrypted: 334315 bytes, 6.286 ms)
[2025-12-10 08:05:25] Meter 65: Generated 6.979 kWh (encrypted: 334161 bytes, 4.739 ms)
[2025-12-10 08:05:44] NETWORK INFO: Server authentication successful for node: aggregator-001
✓ Aggregator connected: aggregator-001 from 127.0.0.1
✓ Sent 334161 bytes to aggregator-001 (0.34ms)
Session completed with aggregator-001
[2025-12-10 08:05:45] Meter 65: Generated 4.903 kWh (encrypted: 334491 bytes, 4.847 ms)
[2025-12-10 08:06:05] Meter 65: Generated 6.107 kWh (encrypted: 334137 bytes, 6.460 ms)
[2025-12-10 08:06:25] Meter 65: Generated 4.826 kWh (encrypted: 334194 bytes, 4.732 ms)
[2025-12-10 08:06:45] Meter 65: Generated 2.898 kWh (encrypted: 334429 bytes, 5.838 ms)
[2025-12-10 08:06:50] NETWORK INFO: Server authentication successful for node: aggregator-001
✓ Aggregator connected: aggregator-001 from 127.0.0.1
✓ Sent 334429 bytes to aggregator-001 (0.38ms)
Session completed with aggregator-001
[2025-12-10 08:07:05] Meter 65: Generated 4.426 kWh (encrypted: 334285 bytes, 6.368 ms)
[2025-12-10 08:07:25] Meter 65: Generated 6.660 kWh (encrypted: 334173 bytes, 6.423 ms)
[2025-12-10 08:07:45] Meter 65: Generated 3.314 kWh (encrypted: 334251 bytes, 4.943 ms)
[2025-12-10 08:07:55] NETWORK INFO: Server authentication successful for node: aggregator-001
✓ Aggregator connected: aggregator-001 from 127.0.0.1
✓ Sent 334251 bytes to aggregator-001 (0.35ms)
Session completed with aggregator-001
[2025-12-10 08:08:05] Meter 65: Generated 1.334 kWh (encrypted: 334395 bytes, 6.631 ms)
[2025-12-10 08:08:25] Meter 65: Generated 3.209 kWh (encrypted: 334479 bytes, 5.361 ms)
[2025-12-10 08:08:45] Meter 65: Generated 4.585 kWh (encrypted: 334354 bytes, 4.898 ms)
[2025-12-10 08:09:01] NETWORK INFO: Server authentication successful for node: aggregator-001
✓ Aggregator connected: aggregator-001 from 127.0.0.1
✓ Sent 334354 bytes to aggregator-001 (20.86ms)
Session completed with aggregator-001
[2025-12-10 08:09:05] Meter 65: Generated 6.806 kWh (encrypted: 334363 bytes, 6.858 ms)
[2025-12-10 08:09:25] Meter 65: Generated 5.191 kWh (encrypted: 334378 bytes, 4.524 ms)
[2025-12-10 08:09:45] Meter 65: Generated 7.117 kWh (encrypted: 334235 bytes, 4.614 ms)
[2025-12-10 08:10:05] Meter 65: Generated 4.375 kWh (encrypted: 333920 bytes, 4.939 ms)
[2025-12-10 08:10:06] NETWORK INFO: Server authentication successful for node: aggregator-001
✓ Aggregator connected: aggregator-001 from 127.0.0.1
✓ Sent 333920 bytes to aggregator-001 (0.36ms)
Session completed with aggregator-001
[2025-12-10 08:10:25] Meter 65: Generated 1.203 kWh (encrypted: 334402 bytes, 4.634 ms)
[2025-12-10 08:10:45] Meter 65: Generated 5.449 kWh (encrypted: 334345 bytes, 4.627 ms)
[2025-12-10 08:11:05] Meter 65: Generated 4.037 kWh (encrypted: 334522 bytes, 5.069 ms)
[2025-12-10 08:11:12] NETWORK INFO: Server authentication successful for node: aggregator-001
✓ Aggregator connected: aggregator-001 from 127.0.0.1
✓ Sent 334522 bytes to aggregator-001 (4.85ms)
Session completed with aggregator-001
[2025-12-10 08:11:25] Meter 65: Generated 1.999 kWh (encrypted: 334420 bytes, 4.950 ms)
[2025-12-10 08:11:45] Meter 65: Generated 6.067 kWh (encrypted: 334417 bytes, 4.743 ms)
[2025-12-10 08:12:05] Meter 65: Generated 4.635 kWh (encrypted: 333586 bytes, 6.510 ms)
[2025-12-10 08:12:17] NETWORK INFO: Server authentication successful for node: aggregator-001
✓ Aggregator connected: aggregator-001 from 127.0.0.1
✓ Sent 333586 bytes to aggregator-001 (0.40ms)
Session completed with aggregator-001
[2025-12-10 08:12:25] Meter 65: Generated 4.846 kWh (encrypted: 334443 bytes, 5.736 ms)

Received shutdown signal. Gracefully shutting down smart meter...
Network server thread stopped
Data generation thread stopped
Smart meter 65 shutdown complete
