=== Continuous Smart Meter Server 483 ===
Initializing for continuous operation...
SEAL context initialized
Loaded certificate: smart-meter-483
Requesting public keys from KDC...
[2025-12-10 08:05:03] NETWORK ERROR: Failed to connect to 127.0.0.1:8444: Connection refused
Error: Failed to connect to KDC at 127.0.0.1:8444
Error: Failed to send key request to KDC
Failed to obtain keys from KDC, falling back to file keys
Loaded keys from fallback files
Cryptographic components initialized
[2025-12-10 08:05:03] NETWORK INFO: Server socket created and listening on port 9483
✓ Smart meter server ready on port 9483
Data transmission interval: 20 seconds (15x accelerated - simulates 5min)
✓ Performance metrics CSV files initialized in performance_data/
Starting continuous smart meter operation...
Press Ctrl+C to stop gracefully
Data generation thread started
Network server thread started on port 9483
[2025-12-10 08:05:23] Meter 483: Generated 4.881 kWh (encrypted: 334219 bytes, 5.094 ms)
[2025-12-10 08:05:43] Meter 483: Generated 2.963 kWh (encrypted: 334359 bytes, 4.628 ms)
[2025-12-10 08:05:44] NETWORK INFO: Server authentication successful for node: aggregator-001
✓ Aggregator connected: aggregator-001 from 127.0.0.1
✓ Sent 334359 bytes to aggregator-001 (0.77ms)
Session completed with aggregator-001
[2025-12-10 08:06:03] Meter 483: Generated 4.744 kWh (encrypted: 334236 bytes, 4.635 ms)
[2025-12-10 08:06:23] Meter 483: Generated 4.948 kWh (encrypted: 334184 bytes, 5.158 ms)
[2025-12-10 08:06:43] Meter 483: Generated 2.656 kWh (encrypted: 334323 bytes, 4.469 ms)
[2025-12-10 08:06:50] NETWORK INFO: Server authentication successful for node: aggregator-001
✓ Aggregator connected: aggregator-001 from 127.0.0.1
✓ Sent 334323 bytes to aggregator-001 (0.53ms)
Session completed with aggregator-001
[2025-12-10 08:07:03] Meter 483: Generated 0.921 kWh (encrypted: 334368 bytes, 4.804 ms)
[2025-12-10 08:07:23] Meter 483: Generated 4.443 kWh (encrypted: 334130 bytes, 6.436 ms)
[2025-12-10 08:07:43] Meter 483: Generated 7.208 kWh (encrypted: 334085 bytes, 4.482 ms)
[2025-12-10 08:07:56] NETWORK INFO: Server authentication successful for node: aggregator-001
✓ Aggregator connected: aggregator-001 from 127.0.0.1
✓ Sent 334085 bytes to aggregator-001 (3.12ms)
Session completed with aggregator-001
[2025-12-10 08:08:03] Meter 483: Generated 5.813 kWh (encrypted: 334245 bytes, 5.695 ms)
[2025-12-10 08:08:23] Meter 483: Generated 4.425 kWh (encrypted: 334535 bytes, 6.686 ms)
[2025-12-10 08:08:43] Meter 483: Generated 2.149 kWh (encrypted: 334383 bytes, 4.913 ms)
[2025-12-10 08:09:01] NETWORK INFO: Server authentication successful for node: aggregator-001
✓ Aggregator connected: aggregator-001 from 127.0.0.1
✓ Sent 334383 bytes to aggregator-001 (1.70ms)
Session completed with aggregator-001
[2025-12-10 08:09:04] Meter 483: Generated 3.695 kWh (encrypted: 334354 bytes, 6.583 ms)
[2025-12-10 08:09:24] Meter 483: Generated 0.853 kWh (encrypted: 334337 bytes, 6.490 ms)
[2025-12-10 08:09:44] Meter 483: Generated 5.450 kWh (encrypted: 334324 bytes, 6.530 ms)
[2025-12-10 08:10:04] Meter 483: Generated 6.005 kWh (encrypted: 334425 bytes, 6.907 ms)
[2025-12-10 08:10:06] NETWORK INFO: Server authentication successful for node: aggregator-001
✓ Aggregator connected: aggregator-001 from 127.0.0.1
✓ Sent 334425 bytes to aggregator-001 (0.42ms)
Session completed with aggregator-001
[2025-12-10 08:10:24] Meter 483: Generated 1.651 kWh (encrypted: 334449 bytes, 6.827 ms)
[2025-12-10 08:10:44] Meter 483: Generated 2.427 kWh (encrypted: 334473 bytes, 7.088 ms)
[2025-12-10 08:11:04] Meter 483: Generated 3.270 kWh (encrypted: 334075 bytes, 7.090 ms)
[2025-12-10 08:11:12] NETWORK INFO: Server authentication successful for node: aggregator-001
✓ Aggregator connected: aggregator-001 from 127.0.0.1
✓ Sent 334075 bytes to aggregator-001 (0.39ms)
Session completed with aggregator-001
[2025-12-10 08:11:24] Meter 483: Generated 2.326 kWh (encrypted: 334312 bytes, 7.162 ms)
[2025-12-10 08:11:44] Meter 483: Generated 4.802 kWh (encrypted: 334108 bytes, 7.411 ms)
[2025-12-10 08:12:04] Meter 483: Generated 6.295 kWh (encrypted: 334365 bytes, 6.477 ms)
[2025-12-10 08:12:17] NETWORK INFO: Server authentication successful for node: aggregator-001
✓ Aggregator connected: aggregator-001 from 127.0.0.1
✓ Sent 334365 bytes to aggregator-001 (0.36ms)
Session completed with aggregator-001
[2025-12-10 08:12:24] Meter 483: Generated 3.998 kWh (encrypted: 334414 bytes, 6.766 ms)

Received shutdown signal. Gracefully shutting down smart meter...
Network server thread stopped
Data generation thread stopped
Smart meter 483 shutdown complete
