=== Continuous Smart Meter Server 136 ===
Initializing for continuous operation...
SEAL context initialized
Loaded certificate: smart-meter-136
Requesting public keys from KDC...
[2025-12-10 07:57:52] NETWORK ERROR: Failed to connect to 127.0.0.1:8444: Connection refused
Error: Failed to connect to KDC at 127.0.0.1:8444
Error: Failed to send key request to KDC
Failed to obtain keys from KDC, falling back to file keys
Loaded keys from fallback files
Cryptographic components initialized
[2025-12-10 07:57:52] NETWORK INFO: Server socket created and listening on port 9136
✓ Smart meter server ready on port 9136
Data transmission interval: 20 seconds (15x accelerated - simulates 5min)
✓ Performance metrics CSV files initialized in performance_data/
Starting continuous smart meter operation...
Press Ctrl+C to stop gracefully
Data generation thread started
Network server thread started on port 9136
[2025-12-10 07:58:12] Meter 136: Generated 4.528 kWh (encrypted: 334383 bytes, 4.991 ms)
[2025-12-10 07:58:25] NETWORK INFO: Server authentication successful for node: aggregator-001
✓ Aggregator connected: aggregator-001 from 127.0.0.1
✓ Sent 334383 bytes to aggregator-001 (0.80ms)
Session completed with aggregator-001
[2025-12-10 07:58:32] Meter 136: Generated 3.466 kWh (encrypted: 334434 bytes, 4.424 ms)
[2025-12-10 07:58:52] Meter 136: Generated 4.909 kWh (encrypted: 334407 bytes, 4.524 ms)
[2025-12-10 07:59:12] Meter 136: Generated 1.666 kWh (encrypted: 334387 bytes, 4.660 ms)
[2025-12-10 07:59:26] NETWORK INFO: Server authentication successful for node: aggregator-001
✓ Aggregator connected: aggregator-001 from 127.0.0.1
✓ Sent 334387 bytes to aggregator-001 (0.34ms)
Session completed with aggregator-001
[2025-12-10 07:59:32] Meter 136: Generated 6.524 kWh (encrypted: 334278 bytes, 4.462 ms)
[2025-12-10 07:59:52] Meter 136: Generated 7.032 kWh (encrypted: 334378 bytes, 4.584 ms)
[2025-12-10 08:00:12] Meter 136: Generated 3.389 kWh (encrypted: 334358 bytes, 4.902 ms)
[2025-12-10 08:00:28] NETWORK INFO: Server authentication successful for node: aggregator-001
✓ Aggregator connected: aggregator-001 from 127.0.0.1
✓ Sent 334358 bytes to aggregator-001 (6.39ms)
Session completed with aggregator-001
[2025-12-10 08:00:32] Meter 136: Generated 5.842 kWh (encrypted: 334450 bytes, 4.686 ms)
[2025-12-10 08:00:52] Meter 136: Generated 4.648 kWh (encrypted: 334146 bytes, 4.624 ms)
[2025-12-10 08:01:12] Meter 136: Generated 2.073 kWh (encrypted: 334309 bytes, 4.598 ms)
[2025-12-10 08:01:31] NETWORK INFO: Server authentication successful for node: aggregator-001
✓ Aggregator connected: aggregator-001 from 127.0.0.1
✓ Sent 334309 bytes to aggregator-001 (0.35ms)
Session completed with aggregator-001
[2025-12-10 08:01:32] Meter 136: Generated 6.051 kWh (encrypted: 334329 bytes, 4.514 ms)
[2025-12-10 08:01:52] Meter 136: Generated 0.648 kWh (encrypted: 334278 bytes, 4.511 ms)
[2025-12-10 08:02:12] Meter 136: Generated 4.874 kWh (encrypted: 334412 bytes, 4.715 ms)
[2025-12-10 08:02:32] Meter 136: Generated 2.772 kWh (encrypted: 334375 bytes, 6.444 ms)
[2025-12-10 08:02:33] NETWORK INFO: Server authentication successful for node: aggregator-001
✓ Aggregator connected: aggregator-001 from 127.0.0.1
✓ Sent 334375 bytes to aggregator-001 (10.14ms)
Session completed with aggregator-001
[2025-12-10 08:02:52] Meter 136: Generated 7.208 kWh (encrypted: 334056 bytes, 5.002 ms)
[2025-12-10 08:03:12] Meter 136: Generated 3.221 kWh (encrypted: 334419 bytes, 4.639 ms)
[2025-12-10 08:03:32] Meter 136: Generated 2.330 kWh (encrypted: 334388 bytes, 4.834 ms)
[2025-12-10 08:03:36] NETWORK INFO: Server authentication successful for node: aggregator-001
✓ Aggregator connected: aggregator-001 from 127.0.0.1
✓ Sent 334388 bytes to aggregator-001 (1.10ms)
Session completed with aggregator-001
[2025-12-10 08:03:52] Meter 136: Generated 4.819 kWh (encrypted: 334340 bytes, 5.951 ms)
[2025-12-10 08:04:12] Meter 136: Generated 5.153 kWh (encrypted: 334070 bytes, 4.522 ms)
[2025-12-10 08:04:32] Meter 136: Generated 0.958 kWh (encrypted: 334188 bytes, 12.355 ms)
[2025-12-10 08:04:39] NETWORK INFO: Server authentication successful for node: aggregator-001
✓ Aggregator connected: aggregator-001 from 127.0.0.1
✓ Sent 334188 bytes to aggregator-001 (10.44ms)
Session completed with aggregator-001
[2025-12-10 08:04:52] Meter 136: Generated 1.349 kWh (encrypted: 334400 bytes, 4.518 ms)
[2025-12-10 08:05:12] Meter 136: Generated 4.212 kWh (encrypted: 334086 bytes, 4.592 ms)
[2025-12-10 08:05:32] Meter 136: Generated 4.486 kWh (encrypted: 334120 bytes, 4.510 ms)
[2025-12-10 08:05:44] NETWORK INFO: Server authentication successful for node: aggregator-001
✓ Aggregator connected: aggregator-001 from 127.0.0.1
✓ Sent 334120 bytes to aggregator-001 (0.35ms)
Session completed with aggregator-001
[2025-12-10 08:05:52] Meter 136: Generated 6.027 kWh (encrypted: 334134 bytes, 4.468 ms)
[2025-12-10 08:06:12] Meter 136: Generated 6.868 kWh (encrypted: 334475 bytes, 10.137 ms)
[2025-12-10 08:06:32] Meter 136: Generated 4.661 kWh (encrypted: 333769 bytes, 4.417 ms)
[2025-12-10 08:06:50] NETWORK INFO: Server authentication successful for node: aggregator-001
✓ Aggregator connected: aggregator-001 from 127.0.0.1
✓ Sent 333769 bytes to aggregator-001 (0.40ms)
Session completed with aggregator-001
[2025-12-10 08:06:52] Meter 136: Generated 7.401 kWh (encrypted: 334071 bytes, 5.481 ms)
[2025-12-10 08:07:12] Meter 136: Generated 6.453 kWh (encrypted: 334433 bytes, 4.569 ms)
[2025-12-10 08:07:32] Meter 136: Generated 5.478 kWh (encrypted: 334242 bytes, 4.609 ms)
[2025-12-10 08:07:52] Meter 136: Generated 5.440 kWh (encrypted: 334165 bytes, 5.340 ms)
[2025-12-10 08:07:56] NETWORK INFO: Server authentication successful for node: aggregator-001
✓ Aggregator connected: aggregator-001 from 127.0.0.1
✓ Sent 334165 bytes to aggregator-001 (0.37ms)
Session completed with aggregator-001
[2025-12-10 08:08:12] Meter 136: Generated 4.418 kWh (encrypted: 333958 bytes, 6.976 ms)
[2025-12-10 08:08:32] Meter 136: Generated 3.336 kWh (encrypted: 334453 bytes, 4.552 ms)
[2025-12-10 08:08:52] Meter 136: Generated 3.066 kWh (encrypted: 334379 bytes, 5.510 ms)
[2025-12-10 08:09:01] NETWORK INFO: Server authentication successful for node: aggregator-001
✓ Aggregator connected: aggregator-001 from 127.0.0.1
✓ Sent 334379 bytes to aggregator-001 (0.36ms)
Session completed with aggregator-001
[2025-12-10 08:09:12] Meter 136: Generated 6.442 kWh (encrypted: 334230 bytes, 4.773 ms)
[2025-12-10 08:09:32] Meter 136: Generated 1.431 kWh (encrypted: 334372 bytes, 4.775 ms)
[2025-12-10 08:09:52] Meter 136: Generated 2.490 kWh (encrypted: 333976 bytes, 6.736 ms)
[2025-12-10 08:10:06] NETWORK INFO: Server authentication successful for node: aggregator-001
✓ Aggregator connected: aggregator-001 from 127.0.0.1
✓ Sent 333976 bytes to aggregator-001 (0.35ms)
Session completed with aggregator-001
[2025-12-10 08:10:12] Meter 136: Generated 2.784 kWh (encrypted: 333934 bytes, 4.407 ms)
[2025-12-10 08:10:32] Meter 136: Generated 4.259 kWh (encrypted: 334201 bytes, 5.803 ms)
[2025-12-10 08:10:52] Meter 136: Generated 4.528 kWh (encrypted: 334381 bytes, 11.793 ms)
[2025-12-10 08:11:12] NETWORK INFO: Server authentication successful for node: aggregator-001
✓ Aggregator connected: aggregator-001 from 127.0.0.1
✓ Sent 334381 bytes to aggregator-001 (28.86ms)
Session completed with aggregator-001
[2025-12-10 08:11:12] Meter 136: Generated 7.426 kWh (encrypted: 334386 bytes, 6.376 ms)
[2025-12-10 08:11:32] Meter 136: Generated 2.754 kWh (encrypted: 334056 bytes, 7.403 ms)
[2025-12-10 08:11:52] Meter 136: Generated 1.907 kWh (encrypted: 334409 bytes, 8.528 ms)
[2025-12-10 08:12:12] Meter 136: Generated 3.616 kWh (encrypted: 334530 bytes, 5.473 ms)
[2025-12-10 08:12:17] NETWORK INFO: Server authentication successful for node: aggregator-001
✓ Aggregator connected: aggregator-001 from 127.0.0.1
✓ Sent 334530 bytes to aggregator-001 (2.02ms)
Session completed with aggregator-001
[2025-12-10 08:12:32] Meter 136: Generated 2.884 kWh (encrypted: 334135 bytes, 4.642 ms)

Received shutdown signal. Gracefully shutting down smart meter...
Network server thread stopped
Data generation thread stopped
Smart meter 136 shutdown complete
