=== Continuous Smart Meter Server 134 ===
Initializing for continuous operation...
SEAL context initialized
Loaded certificate: smart-meter-134
Requesting public keys from KDC...
[2025-12-10 07:57:49] NETWORK ERROR: Failed to connect to 127.0.0.1:8444: Connection refused
Error: Failed to connect to KDC at 127.0.0.1:8444
Error: Failed to send key request to KDC
Failed to obtain keys from KDC, falling back to file keys
Loaded keys from fallback files
Cryptographic components initialized
[2025-12-10 07:57:49] NETWORK INFO: Server socket created and listening on port 9134
✓ Smart meter server ready on port 9134
Data transmission interval: 20 seconds (15x accelerated - simulates 5min)
✓ Performance metrics CSV files initialized in performance_data/
Starting continuous smart meter operation...
Press Ctrl+C to stop gracefully
Data generation thread started
Network server thread started on port 9134
[2025-12-10 07:58:09] Meter 134: Generated 5.591 kWh (encrypted: 334288 bytes, 4.935 ms)
[2025-12-10 07:58:25] NETWORK INFO: Server authentication successful for node: aggregator-001
✓ Aggregator connected: aggregator-001 from 127.0.0.1
✓ Sent 334288 bytes to aggregator-001 (0.75ms)
Session completed with aggregator-001
[2025-12-10 07:58:29] Meter 134: Generated 7.515 kWh (encrypted: 334094 bytes, 4.583 ms)
[2025-12-10 07:58:49] Meter 134: Generated 5.662 kWh (encrypted: 334228 bytes, 6.470 ms)
[2025-12-10 07:59:09] Meter 134: Generated 5.496 kWh (encrypted: 334213 bytes, 4.475 ms)
[2025-12-10 07:59:26] NETWORK INFO: Server authentication successful for node: aggregator-001
✓ Aggregator connected: aggregator-001 from 127.0.0.1
✓ Sent 334213 bytes to aggregator-001 (0.39ms)
Session completed with aggregator-001
[2025-12-10 07:59:29] Meter 134: Generated 0.921 kWh (encrypted: 334442 bytes, 4.926 ms)
[2025-12-10 07:59:49] Meter 134: Generated 3.354 kWh (encrypted: 334392 bytes, 5.088 ms)
[2025-12-10 08:00:09] Meter 134: Generated 5.095 kWh (encrypted: 334400 bytes, 6.659 ms)
[2025-12-10 08:00:28] NETWORK INFO: Server authentication successful for node: aggregator-001
✓ Aggregator connected: aggregator-001 from 127.0.0.1
✓ Sent 334400 bytes to aggregator-001 (0.61ms)
Session completed with aggregator-001
[2025-12-10 08:00:29] Meter 134: Generated 5.292 kWh (encrypted: 334429 bytes, 4.660 ms)
[2025-12-10 08:00:49] Meter 134: Generated 2.730 kWh (encrypted: 334358 bytes, 5.431 ms)
[2025-12-10 08:01:09] Meter 134: Generated 3.991 kWh (encrypted: 334340 bytes, 5.203 ms)
[2025-12-10 08:01:29] Meter 134: Generated 1.661 kWh (encrypted: 334421 bytes, 5.700 ms)
[2025-12-10 08:01:31] NETWORK INFO: Server authentication successful for node: aggregator-001
✓ Aggregator connected: aggregator-001 from 127.0.0.1
✓ Sent 334421 bytes to aggregator-001 (0.35ms)
Session completed with aggregator-001
[2025-12-10 08:01:49] Meter 134: Generated 2.270 kWh (encrypted: 334450 bytes, 7.323 ms)
[2025-12-10 08:02:09] Meter 134: Generated 5.373 kWh (encrypted: 334157 bytes, 6.516 ms)
[2025-12-10 08:02:29] Meter 134: Generated 2.390 kWh (encrypted: 333993 bytes, 5.201 ms)
[2025-12-10 08:02:33] NETWORK INFO: Server authentication successful for node: aggregator-001
✓ Aggregator connected: aggregator-001 from 127.0.0.1
✓ Sent 333993 bytes to aggregator-001 (0.39ms)
Session completed with aggregator-001
[2025-12-10 08:02:49] Meter 134: Generated 6.545 kWh (encrypted: 334062 bytes, 4.957 ms)
[2025-12-10 08:03:09] Meter 134: Generated 2.188 kWh (encrypted: 334535 bytes, 4.945 ms)
[2025-12-10 08:03:29] Meter 134: Generated 4.933 kWh (encrypted: 334112 bytes, 4.699 ms)
[2025-12-10 08:03:36] NETWORK INFO: Server authentication successful for node: aggregator-001
✓ Aggregator connected: aggregator-001 from 127.0.0.1
✓ Sent 334112 bytes to aggregator-001 (0.37ms)
Session completed with aggregator-001
[2025-12-10 08:03:49] Meter 134: Generated 1.452 kWh (encrypted: 334370 bytes, 6.187 ms)
[2025-12-10 08:04:09] Meter 134: Generated 5.903 kWh (encrypted: 334499 bytes, 4.878 ms)
[2025-12-10 08:04:29] Meter 134: Generated 7.309 kWh (encrypted: 334130 bytes, 4.660 ms)
[2025-12-10 08:04:39] NETWORK INFO: Server authentication successful for node: aggregator-001
✓ Aggregator connected: aggregator-001 from 127.0.0.1
✓ Sent 334130 bytes to aggregator-001 (0.36ms)
Session completed with aggregator-001
[2025-12-10 08:04:49] Meter 134: Generated 6.991 kWh (encrypted: 334026 bytes, 4.481 ms)
[2025-12-10 08:05:09] Meter 134: Generated 2.651 kWh (encrypted: 334315 bytes, 7.177 ms)
[2025-12-10 08:05:29] Meter 134: Generated 4.400 kWh (encrypted: 334488 bytes, 6.814 ms)
[2025-12-10 08:05:44] NETWORK INFO: Server authentication successful for node: aggregator-001
✓ Aggregator connected: aggregator-001 from 127.0.0.1
✓ Sent 334488 bytes to aggregator-001 (0.38ms)
Session completed with aggregator-001
[2025-12-10 08:05:49] Meter 134: Generated 4.951 kWh (encrypted: 334418 bytes, 12.112 ms)
[2025-12-10 08:06:09] Meter 134: Generated 3.837 kWh (encrypted: 334448 bytes, 4.596 ms)
[2025-12-10 08:06:29] Meter 134: Generated 6.942 kWh (encrypted: 334186 bytes, 5.153 ms)
[2025-12-10 08:06:49] Meter 134: Generated 3.860 kWh (encrypted: 334314 bytes, 4.509 ms)
[2025-12-10 08:06:50] NETWORK INFO: Server authentication successful for node: aggregator-001
✓ Aggregator connected: aggregator-001 from 127.0.0.1
✓ Sent 334314 bytes to aggregator-001 (0.36ms)
Session completed with aggregator-001
[2025-12-10 08:07:09] Meter 134: Generated 5.504 kWh (encrypted: 333839 bytes, 6.712 ms)
[2025-12-10 08:07:29] Meter 134: Generated 1.767 kWh (encrypted: 334240 bytes, 6.827 ms)
[2025-12-10 08:07:49] Meter 134: Generated 3.657 kWh (encrypted: 334475 bytes, 4.795 ms)
[2025-12-10 08:07:56] NETWORK INFO: Server authentication successful for node: aggregator-001
✓ Aggregator connected: aggregator-001 from 127.0.0.1
✓ Sent 334475 bytes to aggregator-001 (0.43ms)
Session completed with aggregator-001
[2025-12-10 08:08:09] Meter 134: Generated 7.323 kWh (encrypted: 334451 bytes, 4.918 ms)
[2025-12-10 08:08:29] Meter 134: Generated 2.939 kWh (encrypted: 334280 bytes, 10.191 ms)
[2025-12-10 08:08:49] Meter 134: Generated 5.774 kWh (encrypted: 334335 bytes, 4.706 ms)
[2025-12-10 08:09:01] NETWORK INFO: Server authentication successful for node: aggregator-001
✓ Aggregator connected: aggregator-001 from 127.0.0.1
✓ Sent 334335 bytes to aggregator-001 (9.44ms)
Session completed with aggregator-001
[2025-12-10 08:09:09] Meter 134: Generated 0.945 kWh (encrypted: 334456 bytes, 5.716 ms)
[2025-12-10 08:09:29] Meter 134: Generated 4.678 kWh (encrypted: 334406 bytes, 4.999 ms)
[2025-12-10 08:09:49] Meter 134: Generated 6.087 kWh (encrypted: 334490 bytes, 4.743 ms)
[2025-12-10 08:10:06] NETWORK INFO: Server authentication successful for node: aggregator-001
✓ Aggregator connected: aggregator-001 from 127.0.0.1
✓ Sent 334490 bytes to aggregator-001 (0.39ms)
Session completed with aggregator-001
[2025-12-10 08:10:09] Meter 134: Generated 3.695 kWh (encrypted: 334323 bytes, 4.729 ms)
[2025-12-10 08:10:29] Meter 134: Generated 3.066 kWh (encrypted: 334433 bytes, 5.144 ms)
[2025-12-10 08:10:49] Meter 134: Generated 1.554 kWh (encrypted: 334454 bytes, 4.429 ms)
[2025-12-10 08:11:09] Meter 134: Generated 6.208 kWh (encrypted: 334208 bytes, 6.636 ms)
[2025-12-10 08:11:12] NETWORK INFO: Server authentication successful for node: aggregator-001
✓ Aggregator connected: aggregator-001 from 127.0.0.1
✓ Sent 334208 bytes to aggregator-001 (0.39ms)
Session completed with aggregator-001
[2025-12-10 08:11:29] Meter 134: Generated 2.863 kWh (encrypted: 333752 bytes, 6.978 ms)
[2025-12-10 08:11:49] Meter 134: Generated 6.647 kWh (encrypted: 334151 bytes, 6.981 ms)
[2025-12-10 08:12:10] Meter 134: Generated 4.366 kWh (encrypted: 334308 bytes, 7.474 ms)
[2025-12-10 08:12:17] NETWORK INFO: Server authentication successful for node: aggregator-001
✓ Aggregator connected: aggregator-001 from 127.0.0.1
✓ Sent 334308 bytes to aggregator-001 (6.36ms)
Session completed with aggregator-001
[2025-12-10 08:12:30] Meter 134: Generated 5.882 kWh (encrypted: 334491 bytes, 5.158 ms)

Received shutdown signal. Gracefully shutting down smart meter...
Network server thread stopped
Data generation thread stopped
Smart meter 134 shutdown complete
