=== Continuous Smart Meter Server 82 ===
Initializing for continuous operation...
SEAL context initialized
Loaded certificate: smart-meter-082
Requesting public keys from KDC...
[2025-12-10 07:56:46] NETWORK ERROR: Failed to connect to 127.0.0.1:8444: Connection refused
Error: Failed to connect to KDC at 127.0.0.1:8444
Error: Failed to send key request to KDC
Failed to obtain keys from KDC, falling back to file keys
Loaded keys from fallback files
Cryptographic components initialized
[2025-12-10 07:56:46] NETWORK INFO: Server socket created and listening on port 9082
✓ Smart meter server ready on port 9082
Data transmission interval: 20 seconds (15x accelerated - simulates 5min)
✓ Performance metrics CSV files initialized in performance_data/
Starting continuous smart meter operation...
Press Ctrl+C to stop gracefully
Data generation thread started
Network server thread started on port 9082
[2025-12-10 07:57:06] Meter 82: Generated 3.874 kWh (encrypted: 334456 bytes, 4.876 ms)
[2025-12-10 07:57:15] NETWORK INFO: Server authentication successful for node: aggregator-001
✓ Aggregator connected: aggregator-001 from 127.0.0.1
✓ Sent 334456 bytes to aggregator-001 (0.74ms)
Session completed with aggregator-001
[2025-12-10 07:57:26] Meter 82: Generated 3.071 kWh (encrypted: 334305 bytes, 4.405 ms)
[2025-12-10 07:57:46] Meter 82: Generated 4.653 kWh (encrypted: 334106 bytes, 4.742 ms)
[2025-12-10 07:58:06] Meter 82: Generated 4.307 kWh (encrypted: 334383 bytes, 4.394 ms)
[2025-12-10 07:58:25] NETWORK INFO: Server authentication successful for node: aggregator-001
✓ Aggregator connected: aggregator-001 from 127.0.0.1
✓ Sent 334383 bytes to aggregator-001 (0.38ms)
Session completed with aggregator-001
[2025-12-10 07:58:26] Meter 82: Generated 1.645 kWh (encrypted: 334235 bytes, 4.376 ms)
[2025-12-10 07:58:46] Meter 82: Generated 1.847 kWh (encrypted: 334295 bytes, 5.522 ms)
[2025-12-10 07:59:06] Meter 82: Generated 2.798 kWh (encrypted: 334034 bytes, 6.353 ms)
[2025-12-10 07:59:26] Meter 82: Generated 2.909 kWh (encrypted: 334072 bytes, 4.733 ms)
[2025-12-10 07:59:26] NETWORK INFO: Server authentication successful for node: aggregator-001
✓ Aggregator connected: aggregator-001 from 127.0.0.1
✓ Sent 334072 bytes to aggregator-001 (0.43ms)
Session completed with aggregator-001
[2025-12-10 07:59:46] Meter 82: Generated 4.421 kWh (encrypted: 333314 bytes, 5.380 ms)
[2025-12-10 08:00:06] Meter 82: Generated 7.429 kWh (encrypted: 333332 bytes, 4.880 ms)
[2025-12-10 08:00:26] Meter 82: Generated 5.188 kWh (encrypted: 334398 bytes, 4.826 ms)
[2025-12-10 08:00:28] NETWORK INFO: Server authentication successful for node: aggregator-001
✓ Aggregator connected: aggregator-001 from 127.0.0.1
✓ Sent 334398 bytes to aggregator-001 (2.59ms)
Session completed with aggregator-001
[2025-12-10 08:00:46] Meter 82: Generated 3.122 kWh (encrypted: 334451 bytes, 4.598 ms)
[2025-12-10 08:01:06] Meter 82: Generated 7.051 kWh (encrypted: 334357 bytes, 6.084 ms)
[2025-12-10 08:01:26] Meter 82: Generated 3.545 kWh (encrypted: 334453 bytes, 4.493 ms)
[2025-12-10 08:01:31] NETWORK INFO: Server authentication successful for node: aggregator-001
✓ Aggregator connected: aggregator-001 from 127.0.0.1
✓ Sent 334453 bytes to aggregator-001 (0.41ms)
Session completed with aggregator-001
[2025-12-10 08:01:46] Meter 82: Generated 3.126 kWh (encrypted: 334461 bytes, 4.698 ms)
[2025-12-10 08:02:06] Meter 82: Generated 4.348 kWh (encrypted: 334475 bytes, 4.811 ms)
[2025-12-10 08:02:26] Meter 82: Generated 7.285 kWh (encrypted: 334205 bytes, 4.770 ms)
[2025-12-10 08:02:33] NETWORK INFO: Server authentication successful for node: aggregator-001
✓ Aggregator connected: aggregator-001 from 127.0.0.1
✓ Sent 334205 bytes to aggregator-001 (0.39ms)
Session completed with aggregator-001
[2025-12-10 08:02:46] Meter 82: Generated 4.667 kWh (encrypted: 334442 bytes, 4.744 ms)
[2025-12-10 08:03:06] Meter 82: Generated 1.350 kWh (encrypted: 334365 bytes, 4.986 ms)
[2025-12-10 08:03:26] Meter 82: Generated 6.712 kWh (encrypted: 334477 bytes, 4.825 ms)
[2025-12-10 08:03:36] NETWORK INFO: Server authentication successful for node: aggregator-001
✓ Aggregator connected: aggregator-001 from 127.0.0.1
✓ Sent 334477 bytes to aggregator-001 (0.43ms)
Session completed with aggregator-001
[2025-12-10 08:03:46] Meter 82: Generated 0.957 kWh (encrypted: 334124 bytes, 6.365 ms)
[2025-12-10 08:04:06] Meter 82: Generated 3.551 kWh (encrypted: 334145 bytes, 4.672 ms)
[2025-12-10 08:04:26] Meter 82: Generated 6.994 kWh (encrypted: 334409 bytes, 4.601 ms)
[2025-12-10 08:04:39] NETWORK INFO: Server authentication successful for node: aggregator-001
✓ Aggregator connected: aggregator-001 from 127.0.0.1
✓ Sent 334409 bytes to aggregator-001 (0.37ms)
Session completed with aggregator-001
[2025-12-10 08:04:46] Meter 82: Generated 6.747 kWh (encrypted: 334234 bytes, 4.686 ms)
[2025-12-10 08:05:06] Meter 82: Generated 5.680 kWh (encrypted: 334338 bytes, 7.016 ms)
[2025-12-10 08:05:26] Meter 82: Generated 2.645 kWh (encrypted: 334216 bytes, 4.613 ms)
[2025-12-10 08:05:44] NETWORK INFO: Server authentication successful for node: aggregator-001
✓ Aggregator connected: aggregator-001 from 127.0.0.1
✓ Sent 334216 bytes to aggregator-001 (0.39ms)
Session completed with aggregator-001
[2025-12-10 08:05:46] Meter 82: Generated 7.032 kWh (encrypted: 334452 bytes, 4.707 ms)
[2025-12-10 08:06:06] Meter 82: Generated 5.256 kWh (encrypted: 334270 bytes, 4.758 ms)
[2025-12-10 08:06:26] Meter 82: Generated 1.941 kWh (encrypted: 334158 bytes, 6.499 ms)
[2025-12-10 08:06:46] Meter 82: Generated 7.079 kWh (encrypted: 334409 bytes, 4.542 ms)
[2025-12-10 08:06:50] NETWORK INFO: Server authentication successful for node: aggregator-001
✓ Aggregator connected: aggregator-001 from 127.0.0.1
✓ Sent 334409 bytes to aggregator-001 (0.41ms)
Session completed with aggregator-001
[2025-12-10 08:07:06] Meter 82: Generated 4.750 kWh (encrypted: 334328 bytes, 6.685 ms)
[2025-12-10 08:07:26] Meter 82: Generated 6.087 kWh (encrypted: 334140 bytes, 4.821 ms)
[2025-12-10 08:07:46] Meter 82: Generated 6.075 kWh (encrypted: 334372 bytes, 4.657 ms)
[2025-12-10 08:07:55] NETWORK INFO: Server authentication successful for node: aggregator-001
✓ Aggregator connected: aggregator-001 from 127.0.0.1
✓ Sent 334372 bytes to aggregator-001 (1.81ms)
Session completed with aggregator-001
[2025-12-10 08:08:06] Meter 82: Generated 2.942 kWh (encrypted: 334409 bytes, 4.746 ms)
[2025-12-10 08:08:26] Meter 82: Generated 4.875 kWh (encrypted: 334423 bytes, 6.536 ms)
[2025-12-10 08:08:46] Meter 82: Generated 7.194 kWh (encrypted: 334457 bytes, 4.549 ms)
[2025-12-10 08:09:01] NETWORK INFO: Server authentication successful for node: aggregator-001
✓ Aggregator connected: aggregator-001 from 127.0.0.1
✓ Sent 334457 bytes to aggregator-001 (2.11ms)
Session completed with aggregator-001
[2025-12-10 08:09:06] Meter 82: Generated 1.434 kWh (encrypted: 334271 bytes, 4.850 ms)
[2025-12-10 08:09:26] Meter 82: Generated 6.744 kWh (encrypted: 334088 bytes, 14.091 ms)
[2025-12-10 08:09:46] Meter 82: Generated 5.565 kWh (encrypted: 334387 bytes, 4.957 ms)
[2025-12-10 08:10:06] Meter 82: Generated 1.914 kWh (encrypted: 334417 bytes, 6.620 ms)
[2025-12-10 08:10:06] NETWORK INFO: Server authentication successful for node: aggregator-001
✓ Aggregator connected: aggregator-001 from 127.0.0.1
✓ Sent 334417 bytes to aggregator-001 (0.39ms)
Session completed with aggregator-001
[2025-12-10 08:10:26] Meter 82: Generated 4.502 kWh (encrypted: 334234 bytes, 7.377 ms)
[2025-12-10 08:10:46] Meter 82: Generated 0.645 kWh (encrypted: 334464 bytes, 5.140 ms)
[2025-12-10 08:11:06] Meter 82: Generated 6.597 kWh (encrypted: 334371 bytes, 6.416 ms)
[2025-12-10 08:11:12] NETWORK INFO: Server authentication successful for node: aggregator-001
✓ Aggregator connected: aggregator-001 from 127.0.0.1
✓ Sent 334371 bytes to aggregator-001 (0.40ms)
Session completed with aggregator-001
[2025-12-10 08:11:26] Meter 82: Generated 5.351 kWh (encrypted: 334070 bytes, 6.463 ms)
[2025-12-10 08:11:46] Meter 82: Generated 3.730 kWh (encrypted: 334133 bytes, 6.492 ms)
[2025-12-10 08:12:06] Meter 82: Generated 6.245 kWh (encrypted: 334200 bytes, 8.275 ms)
[2025-12-10 08:12:17] NETWORK INFO: Server authentication successful for node: aggregator-001
✓ Aggregator connected: aggregator-001 from 127.0.0.1
✓ Sent 334200 bytes to aggregator-001 (0.45ms)
Session completed with aggregator-001
[2025-12-10 08:12:26] Meter 82: Generated 2.235 kWh (encrypted: 334068 bytes, 7.740 ms)

Received shutdown signal. Gracefully shutting down smart meter...
Network server thread stopped
Data generation thread stopped
Smart meter 82 shutdown complete
