=== Continuous Smart Meter Server 121 ===
Initializing for continuous operation...
SEAL context initialized
Loaded certificate: smart-meter-121
Requesting public keys from KDC...
[2025-12-10 07:57:33] NETWORK ERROR: Failed to connect to 127.0.0.1:8444: Connection refused
Error: Failed to connect to KDC at 127.0.0.1:8444
Error: Failed to send key request to KDC
Failed to obtain keys from KDC, falling back to file keys
Loaded keys from fallback files
Cryptographic components initialized
[2025-12-10 07:57:33] NETWORK INFO: Server socket created and listening on port 9121
✓ Smart meter server ready on port 9121
Data transmission interval: 20 seconds (15x accelerated - simulates 5min)
✓ Performance metrics CSV files initialized in performance_data/
Starting continuous smart meter operation...
Press Ctrl+C to stop gracefully
Data generation thread started
Network server thread started on port 9121
[2025-12-10 07:57:53] Meter 121: Generated 5.422 kWh (encrypted: 334242 bytes, 5.267 ms)
[2025-12-10 07:58:13] Meter 121: Generated 1.294 kWh (encrypted: 334105 bytes, 4.315 ms)
[2025-12-10 07:58:25] NETWORK INFO: Server authentication successful for node: aggregator-001
✓ Aggregator connected: aggregator-001 from 127.0.0.1
✓ Sent 334105 bytes to aggregator-001 (0.72ms)
Session completed with aggregator-001
[2025-12-10 07:58:33] Meter 121: Generated 1.356 kWh (encrypted: 334380 bytes, 4.619 ms)
[2025-12-10 07:58:53] Meter 121: Generated 7.591 kWh (encrypted: 334355 bytes, 4.518 ms)
[2025-12-10 07:59:13] Meter 121: Generated 6.152 kWh (encrypted: 334081 bytes, 4.575 ms)
[2025-12-10 07:59:26] NETWORK INFO: Server authentication successful for node: aggregator-001
✓ Aggregator connected: aggregator-001 from 127.0.0.1
✓ Sent 334081 bytes to aggregator-001 (0.47ms)
Session completed with aggregator-001
[2025-12-10 07:59:33] Meter 121: Generated 1.584 kWh (encrypted: 334112 bytes, 5.788 ms)
[2025-12-10 07:59:53] Meter 121: Generated 5.005 kWh (encrypted: 334276 bytes, 4.584 ms)
[2025-12-10 08:00:13] Meter 121: Generated 7.315 kWh (encrypted: 333855 bytes, 5.137 ms)
[2025-12-10 08:00:28] NETWORK INFO: Server authentication successful for node: aggregator-001
✓ Aggregator connected: aggregator-001 from 127.0.0.1
✓ Sent 333855 bytes to aggregator-001 (0.38ms)
Session completed with aggregator-001
[2025-12-10 08:00:33] Meter 121: Generated 5.688 kWh (encrypted: 333301 bytes, 4.841 ms)
[2025-12-10 08:00:53] Meter 121: Generated 3.518 kWh (encrypted: 334337 bytes, 4.539 ms)
[2025-12-10 08:01:13] Meter 121: Generated 7.056 kWh (encrypted: 334150 bytes, 5.063 ms)
[2025-12-10 08:01:31] NETWORK INFO: Server authentication successful for node: aggregator-001
✓ Aggregator connected: aggregator-001 from 127.0.0.1
✓ Sent 334150 bytes to aggregator-001 (0.37ms)
Session completed with aggregator-001
[2025-12-10 08:01:33] Meter 121: Generated 2.673 kWh (encrypted: 334295 bytes, 6.429 ms)
[2025-12-10 08:01:53] Meter 121: Generated 1.803 kWh (encrypted: 334082 bytes, 4.760 ms)
[2025-12-10 08:02:13] Meter 121: Generated 4.196 kWh (encrypted: 334054 bytes, 4.452 ms)
[2025-12-10 08:02:33] NETWORK INFO: Server authentication successful for node: aggregator-001
✓ Aggregator connected: aggregator-001 from 127.0.0.1
✓ Sent 334054 bytes to aggregator-001 (17.17ms)
Session completed with aggregator-001
[2025-12-10 08:02:33] Meter 121: Generated 6.921 kWh (encrypted: 334340 bytes, 6.291 ms)
[2025-12-10 08:02:53] Meter 121: Generated 5.556 kWh (encrypted: 334209 bytes, 4.628 ms)
[2025-12-10 08:03:13] Meter 121: Generated 5.850 kWh (encrypted: 334402 bytes, 4.788 ms)
[2025-12-10 08:03:33] Meter 121: Generated 3.484 kWh (encrypted: 334482 bytes, 5.508 ms)
[2025-12-10 08:03:36] NETWORK INFO: Server authentication successful for node: aggregator-001
✓ Aggregator connected: aggregator-001 from 127.0.0.1
✓ Sent 334482 bytes to aggregator-001 (0.36ms)
Session completed with aggregator-001
[2025-12-10 08:03:53] Meter 121: Generated 6.798 kWh (encrypted: 334405 bytes, 5.352 ms)
[2025-12-10 08:04:13] Meter 121: Generated 5.132 kWh (encrypted: 334396 bytes, 4.604 ms)
[2025-12-10 08:04:33] Meter 121: Generated 4.839 kWh (encrypted: 334339 bytes, 4.683 ms)
[2025-12-10 08:04:39] NETWORK INFO: Server authentication successful for node: aggregator-001
✓ Aggregator connected: aggregator-001 from 127.0.0.1
✓ Sent 334339 bytes to aggregator-001 (11.75ms)
Session completed with aggregator-001
[2025-12-10 08:04:53] Meter 121: Generated 2.026 kWh (encrypted: 334460 bytes, 5.675 ms)
[2025-12-10 08:05:13] Meter 121: Generated 2.854 kWh (encrypted: 334289 bytes, 4.482 ms)
[2025-12-10 08:05:33] Meter 121: Generated 3.785 kWh (encrypted: 334353 bytes, 4.564 ms)
[2025-12-10 08:05:44] NETWORK INFO: Server authentication successful for node: aggregator-001
✓ Aggregator connected: aggregator-001 from 127.0.0.1
✓ Sent 334353 bytes to aggregator-001 (0.35ms)
Session completed with aggregator-001
[2025-12-10 08:05:53] Meter 121: Generated 4.556 kWh (encrypted: 334248 bytes, 4.640 ms)
[2025-12-10 08:06:13] Meter 121: Generated 4.787 kWh (encrypted: 334091 bytes, 5.016 ms)
[2025-12-10 08:06:33] Meter 121: Generated 6.167 kWh (encrypted: 334300 bytes, 4.659 ms)
[2025-12-10 08:06:50] NETWORK INFO: Server authentication successful for node: aggregator-001
✓ Aggregator connected: aggregator-001 from 127.0.0.1
✓ Sent 334300 bytes to aggregator-001 (0.40ms)
Session completed with aggregator-001
[2025-12-10 08:06:53] Meter 121: Generated 4.865 kWh (encrypted: 334433 bytes, 6.227 ms)
[2025-12-10 08:07:13] Meter 121: Generated 2.272 kWh (encrypted: 334114 bytes, 6.546 ms)
[2025-12-10 08:07:34] Meter 121: Generated 2.490 kWh (encrypted: 334399 bytes, 4.374 ms)
[2025-12-10 08:07:54] Meter 121: Generated 5.470 kWh (encrypted: 334241 bytes, 4.992 ms)
[2025-12-10 08:07:56] NETWORK INFO: Server authentication successful for node: aggregator-001
✓ Aggregator connected: aggregator-001 from 127.0.0.1
✓ Sent 334241 bytes to aggregator-001 (0.35ms)
Session completed with aggregator-001
[2025-12-10 08:08:14] Meter 121: Generated 6.562 kWh (encrypted: 334374 bytes, 4.867 ms)
[2025-12-10 08:08:34] Meter 121: Generated 4.285 kWh (encrypted: 334268 bytes, 4.732 ms)
[2025-12-10 08:08:54] Meter 121: Generated 4.263 kWh (encrypted: 334021 bytes, 5.025 ms)
[2025-12-10 08:09:01] NETWORK INFO: Server authentication successful for node: aggregator-001
✓ Aggregator connected: aggregator-001 from 127.0.0.1
✓ Sent 334021 bytes to aggregator-001 (1.49ms)
Session completed with aggregator-001
[2025-12-10 08:09:14] Meter 121: Generated 3.092 kWh (encrypted: 333817 bytes, 14.746 ms)
[2025-12-10 08:09:34] Meter 121: Generated 4.213 kWh (encrypted: 334409 bytes, 4.354 ms)
[2025-12-10 08:09:54] Meter 121: Generated 3.160 kWh (encrypted: 334109 bytes, 4.460 ms)
[2025-12-10 08:10:06] NETWORK INFO: Server authentication successful for node: aggregator-001
✓ Aggregator connected: aggregator-001 from 127.0.0.1
✓ Sent 334109 bytes to aggregator-001 (12.61ms)
Session completed with aggregator-001
[2025-12-10 08:10:14] Meter 121: Generated 4.977 kWh (encrypted: 334373 bytes, 5.225 ms)
[2025-12-10 08:10:34] Meter 121: Generated 7.107 kWh (encrypted: 334437 bytes, 4.649 ms)
[2025-12-10 08:10:54] Meter 121: Generated 5.207 kWh (encrypted: 334116 bytes, 6.414 ms)
[2025-12-10 08:11:12] NETWORK INFO: Server authentication successful for node: aggregator-001
✓ Aggregator connected: aggregator-001 from 127.0.0.1
✓ Sent 334116 bytes to aggregator-001 (91.25ms)
Session completed with aggregator-001
[2025-12-10 08:11:14] Meter 121: Generated 1.731 kWh (encrypted: 334473 bytes, 6.811 ms)
[2025-12-10 08:11:34] Meter 121: Generated 4.174 kWh (encrypted: 334507 bytes, 5.388 ms)
[2025-12-10 08:11:54] Meter 121: Generated 2.868 kWh (encrypted: 334378 bytes, 4.565 ms)
[2025-12-10 08:12:14] Meter 121: Generated 3.451 kWh (encrypted: 333950 bytes, 4.742 ms)
[2025-12-10 08:12:17] NETWORK INFO: Server authentication successful for node: aggregator-001
✓ Aggregator connected: aggregator-001 from 127.0.0.1
✓ Sent 333950 bytes to aggregator-001 (0.39ms)
Session completed with aggregator-001
[2025-12-10 08:12:34] Meter 121: Generated 4.254 kWh (encrypted: 334165 bytes, 4.940 ms)

Received shutdown signal. Gracefully shutting down smart meter...
Network server thread stopped
Data generation thread stopped
Smart meter 121 shutdown complete
