=== Continuous Smart Meter Server 101 ===
Initializing for continuous operation...
SEAL context initialized
Loaded certificate: smart-meter-101
Requesting public keys from KDC...
[2025-12-10 07:57:09] NETWORK ERROR: Failed to connect to 127.0.0.1:8444: Connection refused
Error: Failed to connect to KDC at 127.0.0.1:8444
Error: Failed to send key request to KDC
Failed to obtain keys from KDC, falling back to file keys
Loaded keys from fallback files
Cryptographic components initialized
[2025-12-10 07:57:09] NETWORK INFO: Server socket created and listening on port 9101
✓ Smart meter server ready on port 9101
Data transmission interval: 20 seconds (15x accelerated - simulates 5min)
✓ Performance metrics CSV files initialized in performance_data/
Starting continuous smart meter operation...
Press Ctrl+C to stop gracefully
Data generation thread started
Network server thread started on port 9101
[2025-12-10 07:57:15] NETWORK INFO: Server authentication successful for node: aggregator-001
✓ Aggregator connected: aggregator-001 from 127.0.0.1
[2025-12-10 07:57:29] Meter 101: Generated 4.042 kWh (encrypted: 333913 bytes, 6.043 ms)
✓ Sent 333913 bytes to aggregator-001 (0.89ms)
Session completed with aggregator-001
[2025-12-10 07:57:49] Meter 101: Generated 6.656 kWh (encrypted: 334321 bytes, 8.466 ms)
[2025-12-10 07:58:09] Meter 101: Generated 4.254 kWh (encrypted: 334440 bytes, 4.988 ms)
[2025-12-10 07:58:25] NETWORK INFO: Server authentication successful for node: aggregator-001
✓ Aggregator connected: aggregator-001 from 127.0.0.1
✓ Sent 334440 bytes to aggregator-001 (0.39ms)
Session completed with aggregator-001
[2025-12-10 07:58:29] Meter 101: Generated 4.872 kWh (encrypted: 334415 bytes, 5.099 ms)
[2025-12-10 07:58:49] Meter 101: Generated 3.065 kWh (encrypted: 334170 bytes, 5.537 ms)
[2025-12-10 07:59:09] Meter 101: Generated 2.641 kWh (encrypted: 334262 bytes, 5.325 ms)
[2025-12-10 07:59:27] NETWORK INFO: Server authentication successful for node: aggregator-001
✓ Aggregator connected: aggregator-001 from 127.0.0.1
✓ Sent 334262 bytes to aggregator-001 (0.51ms)
Session completed with aggregator-001
[2025-12-10 07:59:29] Meter 101: Generated 0.759 kWh (encrypted: 334304 bytes, 4.750 ms)
[2025-12-10 07:59:49] Meter 101: Generated 4.596 kWh (encrypted: 334235 bytes, 4.577 ms)
[2025-12-10 08:00:09] Meter 101: Generated 3.860 kWh (encrypted: 334161 bytes, 4.364 ms)
[2025-12-10 08:00:28] NETWORK INFO: Server authentication successful for node: aggregator-001
✓ Aggregator connected: aggregator-001 from 127.0.0.1
✓ Sent 334161 bytes to aggregator-001 (7.57ms)
Session completed with aggregator-001
[2025-12-10 08:00:29] Meter 101: Generated 5.821 kWh (encrypted: 334378 bytes, 6.779 ms)
[2025-12-10 08:00:49] Meter 101: Generated 5.914 kWh (encrypted: 334107 bytes, 6.433 ms)
[2025-12-10 08:01:09] Meter 101: Generated 1.446 kWh (encrypted: 334311 bytes, 4.691 ms)
[2025-12-10 08:01:29] Meter 101: Generated 5.226 kWh (encrypted: 334076 bytes, 4.690 ms)
[2025-12-10 08:01:31] NETWORK INFO: Server authentication successful for node: aggregator-001
✓ Aggregator connected: aggregator-001 from 127.0.0.1
✓ Sent 334076 bytes to aggregator-001 (2.41ms)
Session completed with aggregator-001
[2025-12-10 08:01:49] Meter 101: Generated 5.491 kWh (encrypted: 334225 bytes, 7.043 ms)
[2025-12-10 08:02:09] Meter 101: Generated 4.669 kWh (encrypted: 334437 bytes, 4.361 ms)
[2025-12-10 08:02:29] Meter 101: Generated 5.516 kWh (encrypted: 334187 bytes, 4.752 ms)
[2025-12-10 08:02:33] NETWORK INFO: Server authentication successful for node: aggregator-001
✓ Aggregator connected: aggregator-001 from 127.0.0.1
✓ Sent 334187 bytes to aggregator-001 (0.40ms)
Session completed with aggregator-001
[2025-12-10 08:02:49] Meter 101: Generated 3.580 kWh (encrypted: 334415 bytes, 4.516 ms)
[2025-12-10 08:03:09] Meter 101: Generated 4.907 kWh (encrypted: 334313 bytes, 4.585 ms)
[2025-12-10 08:03:29] Meter 101: Generated 1.296 kWh (encrypted: 334449 bytes, 4.416 ms)
[2025-12-10 08:03:36] NETWORK INFO: Server authentication successful for node: aggregator-001
✓ Aggregator connected: aggregator-001 from 127.0.0.1
✓ Sent 334449 bytes to aggregator-001 (0.40ms)
Session completed with aggregator-001
[2025-12-10 08:03:49] Meter 101: Generated 6.189 kWh (encrypted: 334341 bytes, 6.077 ms)
[2025-12-10 08:04:09] Meter 101: Generated 6.603 kWh (encrypted: 334434 bytes, 4.297 ms)
[2025-12-10 08:04:29] Meter 101: Generated 6.914 kWh (encrypted: 334464 bytes, 4.495 ms)
[2025-12-10 08:04:39] NETWORK INFO: Server authentication successful for node: aggregator-001
✓ Aggregator connected: aggregator-001 from 127.0.0.1
✓ Sent 334464 bytes to aggregator-001 (0.35ms)
Session completed with aggregator-001
[2025-12-10 08:04:49] Meter 101: Generated 2.910 kWh (encrypted: 334462 bytes, 4.438 ms)
[2025-12-10 08:05:09] Meter 101: Generated 5.336 kWh (encrypted: 334340 bytes, 4.547 ms)
[2025-12-10 08:05:29] Meter 101: Generated 2.806 kWh (encrypted: 334131 bytes, 4.297 ms)
[2025-12-10 08:05:44] NETWORK INFO: Server authentication successful for node: aggregator-001
✓ Aggregator connected: aggregator-001 from 127.0.0.1
✓ Sent 334131 bytes to aggregator-001 (0.38ms)
Session completed with aggregator-001
[2025-12-10 08:05:49] Meter 101: Generated 4.104 kWh (encrypted: 334289 bytes, 6.487 ms)
[2025-12-10 08:06:09] Meter 101: Generated 3.063 kWh (encrypted: 334339 bytes, 6.546 ms)
[2025-12-10 08:06:29] Meter 101: Generated 1.214 kWh (encrypted: 334191 bytes, 4.468 ms)
[2025-12-10 08:06:49] Meter 101: Generated 3.002 kWh (encrypted: 334425 bytes, 5.115 ms)
[2025-12-10 08:06:50] NETWORK INFO: Server authentication successful for node: aggregator-001
✓ Aggregator connected: aggregator-001 from 127.0.0.1
✓ Sent 334425 bytes to aggregator-001 (0.35ms)
Session completed with aggregator-001
[2025-12-10 08:07:09] Meter 101: Generated 7.226 kWh (encrypted: 334224 bytes, 12.743 ms)
[2025-12-10 08:07:29] Meter 101: Generated 5.749 kWh (encrypted: 334455 bytes, 6.368 ms)
[2025-12-10 08:07:49] Meter 101: Generated 0.863 kWh (encrypted: 334214 bytes, 5.988 ms)
[2025-12-10 08:07:55] NETWORK INFO: Server authentication successful for node: aggregator-001
✓ Aggregator connected: aggregator-001 from 127.0.0.1
✓ Sent 334214 bytes to aggregator-001 (1.78ms)
Session completed with aggregator-001
[2025-12-10 08:08:09] Meter 101: Generated 5.085 kWh (encrypted: 334183 bytes, 6.907 ms)
[2025-12-10 08:08:29] Meter 101: Generated 3.138 kWh (encrypted: 334161 bytes, 6.713 ms)
[2025-12-10 08:08:49] Meter 101: Generated 1.333 kWh (encrypted: 334285 bytes, 8.199 ms)
[2025-12-10 08:09:01] NETWORK INFO: Server authentication successful for node: aggregator-001
✓ Aggregator connected: aggregator-001 from 127.0.0.1
✓ Sent 334285 bytes to aggregator-001 (0.35ms)
Session completed with aggregator-001
[2025-12-10 08:09:09] Meter 101: Generated 5.980 kWh (encrypted: 334341 bytes, 6.695 ms)
[2025-12-10 08:09:29] Meter 101: Generated 4.959 kWh (encrypted: 334466 bytes, 7.320 ms)
[2025-12-10 08:09:49] Meter 101: Generated 5.663 kWh (encrypted: 334125 bytes, 5.117 ms)
[2025-12-10 08:10:06] NETWORK INFO: Server authentication successful for node: aggregator-001
✓ Aggregator connected: aggregator-001 from 127.0.0.1
✓ Sent 334125 bytes to aggregator-001 (0.37ms)
Session completed with aggregator-001
[2025-12-10 08:10:09] Meter 101: Generated 7.156 kWh (encrypted: 334064 bytes, 6.320 ms)
[2025-12-10 08:10:29] Meter 101: Generated 2.404 kWh (encrypted: 334322 bytes, 5.499 ms)
[2025-12-10 08:10:49] Meter 101: Generated 4.612 kWh (encrypted: 334354 bytes, 4.635 ms)
[2025-12-10 08:11:09] Meter 101: Generated 2.413 kWh (encrypted: 334150 bytes, 6.456 ms)
[2025-12-10 08:11:12] NETWORK INFO: Server authentication successful for node: aggregator-001
✓ Aggregator connected: aggregator-001 from 127.0.0.1
✓ Sent 334150 bytes to aggregator-001 (0.37ms)
Session completed with aggregator-001
[2025-12-10 08:11:29] Meter 101: Generated 1.784 kWh (encrypted: 333996 bytes, 4.562 ms)
[2025-12-10 08:11:49] Meter 101: Generated 4.720 kWh (encrypted: 334276 bytes, 4.688 ms)
[2025-12-10 08:12:09] Meter 101: Generated 6.634 kWh (encrypted: 334438 bytes, 7.083 ms)
[2025-12-10 08:12:17] NETWORK INFO: Server authentication successful for node: aggregator-001
✓ Aggregator connected: aggregator-001 from 127.0.0.1
✓ Sent 334438 bytes to aggregator-001 (8.16ms)
Session completed with aggregator-001
[2025-12-10 08:12:29] Meter 101: Generated 5.829 kWh (encrypted: 334235 bytes, 6.435 ms)

Received shutdown signal. Gracefully shutting down smart meter...
Network server thread stopped
Data generation thread stopped
Smart meter 101 shutdown complete
