=== Continuous Smart Meter Server 104 ===
Initializing for continuous operation...
SEAL context initialized
Loaded certificate: smart-meter-104
Requesting public keys from KDC...
[2025-12-10 07:57:12] NETWORK ERROR: Failed to connect to 127.0.0.1:8444: Connection refused
Error: Failed to connect to KDC at 127.0.0.1:8444
Error: Failed to send key request to KDC
Failed to obtain keys from KDC, falling back to file keys
Loaded keys from fallback files
Cryptographic components initialized
[2025-12-10 07:57:12] NETWORK INFO: Server socket created and listening on port 9104
✓ Smart meter server ready on port 9104
Data transmission interval: 20 seconds (15x accelerated - simulates 5min)
✓ Performance metrics CSV files initialized in performance_data/
Starting continuous smart meter operation...
Press Ctrl+C to stop gracefully
Data generation thread started
Network server thread started on port 9104
[2025-12-10 07:57:15] NETWORK INFO: Server authentication successful for node: aggregator-001
✓ Aggregator connected: aggregator-001 from 127.0.0.1
[2025-12-10 07:57:32] Meter 104: Generated 2.822 kWh (encrypted: 334321 bytes, 6.607 ms)
✓ Sent 334321 bytes to aggregator-001 (0.73ms)
Session completed with aggregator-001
[2025-12-10 07:57:52] Meter 104: Generated 2.687 kWh (encrypted: 334374 bytes, 4.980 ms)
[2025-12-10 07:58:12] Meter 104: Generated 2.139 kWh (encrypted: 334127 bytes, 4.711 ms)
[2025-12-10 07:58:25] NETWORK INFO: Server authentication successful for node: aggregator-001
✓ Aggregator connected: aggregator-001 from 127.0.0.1
✓ Sent 334127 bytes to aggregator-001 (0.42ms)
Session completed with aggregator-001
[2025-12-10 07:58:32] Meter 104: Generated 6.785 kWh (encrypted: 334408 bytes, 6.320 ms)
[2025-12-10 07:58:52] Meter 104: Generated 3.750 kWh (encrypted: 334428 bytes, 6.279 ms)
[2025-12-10 07:59:12] Meter 104: Generated 5.286 kWh (encrypted: 334398 bytes, 6.427 ms)
[2025-12-10 07:59:26] NETWORK INFO: Server authentication successful for node: aggregator-001
✓ Aggregator connected: aggregator-001 from 127.0.0.1
✓ Sent 334398 bytes to aggregator-001 (0.36ms)
Session completed with aggregator-001
[2025-12-10 07:59:33] Meter 104: Generated 2.386 kWh (encrypted: 334381 bytes, 4.438 ms)
[2025-12-10 07:59:53] Meter 104: Generated 4.939 kWh (encrypted: 334330 bytes, 4.476 ms)
[2025-12-10 08:00:13] Meter 104: Generated 1.677 kWh (encrypted: 334287 bytes, 5.928 ms)
[2025-12-10 08:00:28] NETWORK INFO: Server authentication successful for node: aggregator-001
✓ Aggregator connected: aggregator-001 from 127.0.0.1
✓ Sent 334287 bytes to aggregator-001 (0.44ms)
Session completed with aggregator-001
[2025-12-10 08:00:33] Meter 104: Generated 5.630 kWh (encrypted: 334154 bytes, 5.735 ms)
[2025-12-10 08:00:53] Meter 104: Generated 1.968 kWh (encrypted: 334254 bytes, 6.122 ms)
[2025-12-10 08:01:13] Meter 104: Generated 2.494 kWh (encrypted: 334407 bytes, 6.150 ms)
[2025-12-10 08:01:31] NETWORK INFO: Server authentication successful for node: aggregator-001
✓ Aggregator connected: aggregator-001 from 127.0.0.1
✓ Sent 334407 bytes to aggregator-001 (0.37ms)
Session completed with aggregator-001
[2025-12-10 08:01:33] Meter 104: Generated 6.822 kWh (encrypted: 334413 bytes, 4.861 ms)
[2025-12-10 08:01:53] Meter 104: Generated 7.294 kWh (encrypted: 334175 bytes, 5.106 ms)
[2025-12-10 08:02:13] Meter 104: Generated 1.581 kWh (encrypted: 334024 bytes, 4.977 ms)
[2025-12-10 08:02:33] Meter 104: Generated 2.142 kWh (encrypted: 333296 bytes, 4.711 ms)
[2025-12-10 08:02:33] NETWORK INFO: Server authentication successful for node: aggregator-001
✓ Aggregator connected: aggregator-001 from 127.0.0.1
✓ Sent 333296 bytes to aggregator-001 (2.25ms)
Session completed with aggregator-001
[2025-12-10 08:02:53] Meter 104: Generated 3.234 kWh (encrypted: 334090 bytes, 4.768 ms)
[2025-12-10 08:03:13] Meter 104: Generated 3.615 kWh (encrypted: 334428 bytes, 7.068 ms)
[2025-12-10 08:03:33] Meter 104: Generated 4.087 kWh (encrypted: 334438 bytes, 5.106 ms)
[2025-12-10 08:03:36] NETWORK INFO: Server authentication successful for node: aggregator-001
✓ Aggregator connected: aggregator-001 from 127.0.0.1
✓ Sent 334438 bytes to aggregator-001 (0.45ms)
Session completed with aggregator-001
[2025-12-10 08:03:53] Meter 104: Generated 6.112 kWh (encrypted: 334415 bytes, 4.975 ms)
[2025-12-10 08:04:13] Meter 104: Generated 0.750 kWh (encrypted: 334445 bytes, 4.630 ms)
[2025-12-10 08:04:33] Meter 104: Generated 4.424 kWh (encrypted: 334182 bytes, 8.673 ms)
[2025-12-10 08:04:39] NETWORK INFO: Server authentication successful for node: aggregator-001
✓ Aggregator connected: aggregator-001 from 127.0.0.1
✓ Sent 334182 bytes to aggregator-001 (0.36ms)
Session completed with aggregator-001
[2025-12-10 08:04:53] Meter 104: Generated 5.416 kWh (encrypted: 334512 bytes, 4.657 ms)
[2025-12-10 08:05:13] Meter 104: Generated 1.755 kWh (encrypted: 334082 bytes, 4.842 ms)
[2025-12-10 08:05:33] Meter 104: Generated 3.507 kWh (encrypted: 334335 bytes, 4.547 ms)
[2025-12-10 08:05:44] NETWORK INFO: Server authentication successful for node: aggregator-001
✓ Aggregator connected: aggregator-001 from 127.0.0.1
✓ Sent 334335 bytes to aggregator-001 (0.41ms)
Session completed with aggregator-001
[2025-12-10 08:05:53] Meter 104: Generated 5.192 kWh (encrypted: 334304 bytes, 4.667 ms)
[2025-12-10 08:06:13] Meter 104: Generated 4.111 kWh (encrypted: 334362 bytes, 4.939 ms)
[2025-12-10 08:06:33] Meter 104: Generated 3.099 kWh (encrypted: 334294 bytes, 4.939 ms)
[2025-12-10 08:06:50] NETWORK INFO: Server authentication successful for node: aggregator-001
✓ Aggregator connected: aggregator-001 from 127.0.0.1
✓ Sent 334294 bytes to aggregator-001 (0.94ms)
Session completed with aggregator-001
[2025-12-10 08:06:53] Meter 104: Generated 5.049 kWh (encrypted: 334383 bytes, 4.377 ms)
[2025-12-10 08:07:13] Meter 104: Generated 6.452 kWh (encrypted: 334197 bytes, 4.538 ms)
[2025-12-10 08:07:33] Meter 104: Generated 2.657 kWh (encrypted: 334389 bytes, 6.493 ms)
[2025-12-10 08:07:53] Meter 104: Generated 3.508 kWh (encrypted: 334181 bytes, 4.568 ms)
[2025-12-10 08:07:55] NETWORK INFO: Server authentication successful for node: aggregator-001
✓ Aggregator connected: aggregator-001 from 127.0.0.1
✓ Sent 334181 bytes to aggregator-001 (10.43ms)
Session completed with aggregator-001
[2025-12-10 08:08:13] Meter 104: Generated 5.943 kWh (encrypted: 334169 bytes, 4.879 ms)
[2025-12-10 08:08:33] Meter 104: Generated 2.920 kWh (encrypted: 334455 bytes, 6.253 ms)
[2025-12-10 08:08:53] Meter 104: Generated 6.358 kWh (encrypted: 334387 bytes, 4.997 ms)
[2025-12-10 08:09:01] NETWORK INFO: Server authentication successful for node: aggregator-001
✓ Aggregator connected: aggregator-001 from 127.0.0.1
✓ Sent 334387 bytes to aggregator-001 (7.43ms)
Session completed with aggregator-001
[2025-12-10 08:09:13] Meter 104: Generated 1.891 kWh (encrypted: 333263 bytes, 6.407 ms)
[2025-12-10 08:09:33] Meter 104: Generated 5.621 kWh (encrypted: 334132 bytes, 6.884 ms)
[2025-12-10 08:09:53] Meter 104: Generated 3.896 kWh (encrypted: 334306 bytes, 7.185 ms)
[2025-12-10 08:10:06] NETWORK INFO: Server authentication successful for node: aggregator-001
✓ Aggregator connected: aggregator-001 from 127.0.0.1
✓ Sent 334306 bytes to aggregator-001 (9.91ms)
Session completed with aggregator-001
[2025-12-10 08:10:13] Meter 104: Generated 3.310 kWh (encrypted: 334148 bytes, 5.986 ms)
[2025-12-10 08:10:33] Meter 104: Generated 6.808 kWh (encrypted: 334045 bytes, 5.652 ms)
[2025-12-10 08:10:53] Meter 104: Generated 2.157 kWh (encrypted: 334348 bytes, 4.706 ms)
[2025-12-10 08:11:12] NETWORK INFO: Server authentication successful for node: aggregator-001
✓ Aggregator connected: aggregator-001 from 127.0.0.1
✓ Sent 334348 bytes to aggregator-001 (16.47ms)
Session completed with aggregator-001
[2025-12-10 08:11:13] Meter 104: Generated 3.372 kWh (encrypted: 334189 bytes, 5.116 ms)
[2025-12-10 08:11:33] Meter 104: Generated 5.201 kWh (encrypted: 334395 bytes, 4.653 ms)
[2025-12-10 08:11:53] Meter 104: Generated 7.519 kWh (encrypted: 334110 bytes, 4.602 ms)
[2025-12-10 08:12:13] Meter 104: Generated 1.241 kWh (encrypted: 334379 bytes, 6.946 ms)
[2025-12-10 08:12:17] NETWORK INFO: Server authentication successful for node: aggregator-001
✓ Aggregator connected: aggregator-001 from 127.0.0.1
✓ Sent 334379 bytes to aggregator-001 (0.37ms)
Session completed with aggregator-001
[2025-12-10 08:12:33] Meter 104: Generated 4.454 kWh (encrypted: 334254 bytes, 6.090 ms)

Received shutdown signal. Gracefully shutting down smart meter...
Network server thread stopped
Data generation thread stopped
Smart meter 104 shutdown complete
