=== Continuous Smart Meter Server 261 ===
Initializing for continuous operation...
SEAL context initialized
Loaded certificate: smart-meter-261
Requesting public keys from KDC...
[2025-12-10 08:00:25] NETWORK ERROR: Failed to connect to 127.0.0.1:8444: Connection refused
Error: Failed to connect to KDC at 127.0.0.1:8444
Error: Failed to send key request to KDC
Failed to obtain keys from KDC, falling back to file keys
Loaded keys from fallback files
Cryptographic components initialized
[2025-12-10 08:00:25] NETWORK INFO: Server socket created and listening on port 9261
✓ Smart meter server ready on port 9261
Data transmission interval: 20 seconds (15x accelerated - simulates 5min)
✓ Performance metrics CSV files initialized in performance_data/
Starting continuous smart meter operation...
Press Ctrl+C to stop gracefully
Data generation thread started
Network server thread started on port 9261
[2025-12-10 08:00:28] NETWORK INFO: Server authentication successful for node: aggregator-001
✓ Aggregator connected: aggregator-001 from 127.0.0.1
[2025-12-10 08:00:45] Meter 261: Generated 6.885 kWh (encrypted: 334089 bytes, 5.468 ms)
✓ Sent 334089 bytes to aggregator-001 (0.95ms)
Session completed with aggregator-001
[2025-12-10 08:01:05] Meter 261: Generated 6.444 kWh (encrypted: 334442 bytes, 4.491 ms)
[2025-12-10 08:01:25] Meter 261: Generated 3.929 kWh (encrypted: 334253 bytes, 5.192 ms)
[2025-12-10 08:01:31] NETWORK INFO: Server authentication successful for node: aggregator-001
✓ Aggregator connected: aggregator-001 from 127.0.0.1
✓ Sent 334253 bytes to aggregator-001 (0.39ms)
Session completed with aggregator-001
[2025-12-10 08:01:45] Meter 261: Generated 5.151 kWh (encrypted: 334531 bytes, 4.658 ms)
[2025-12-10 08:02:05] Meter 261: Generated 4.303 kWh (encrypted: 334440 bytes, 4.732 ms)
[2025-12-10 08:02:25] Meter 261: Generated 7.209 kWh (encrypted: 334305 bytes, 4.749 ms)
[2025-12-10 08:02:33] NETWORK INFO: Server authentication successful for node: aggregator-001
✓ Aggregator connected: aggregator-001 from 127.0.0.1
✓ Sent 334305 bytes to aggregator-001 (0.98ms)
Session completed with aggregator-001
[2025-12-10 08:02:45] Meter 261: Generated 6.891 kWh (encrypted: 334099 bytes, 4.771 ms)
[2025-12-10 08:03:05] Meter 261: Generated 4.266 kWh (encrypted: 334441 bytes, 4.702 ms)
[2025-12-10 08:03:25] Meter 261: Generated 5.756 kWh (encrypted: 334355 bytes, 4.531 ms)
[2025-12-10 08:03:36] NETWORK INFO: Server authentication successful for node: aggregator-001
✓ Aggregator connected: aggregator-001 from 127.0.0.1
✓ Sent 334355 bytes to aggregator-001 (0.37ms)
Session completed with aggregator-001
[2025-12-10 08:03:45] Meter 261: Generated 0.983 kWh (encrypted: 334412 bytes, 6.596 ms)
[2025-12-10 08:04:05] Meter 261: Generated 3.587 kWh (encrypted: 334520 bytes, 6.073 ms)
[2025-12-10 08:04:25] Meter 261: Generated 3.231 kWh (encrypted: 334326 bytes, 6.463 ms)
[2025-12-10 08:04:39] NETWORK INFO: Server authentication successful for node: aggregator-001
✓ Aggregator connected: aggregator-001 from 127.0.0.1
✓ Sent 334326 bytes to aggregator-001 (0.36ms)
Session completed with aggregator-001
[2025-12-10 08:04:45] Meter 261: Generated 7.033 kWh (encrypted: 334424 bytes, 4.440 ms)
[2025-12-10 08:05:05] Meter 261: Generated 2.311 kWh (encrypted: 334362 bytes, 7.657 ms)
[2025-12-10 08:05:25] Meter 261: Generated 6.718 kWh (encrypted: 334153 bytes, 4.448 ms)
[2025-12-10 08:05:44] NETWORK INFO: Server authentication successful for node: aggregator-001
✓ Aggregator connected: aggregator-001 from 127.0.0.1
✓ Sent 334153 bytes to aggregator-001 (28.46ms)
Session completed with aggregator-001
[2025-12-10 08:05:45] Meter 261: Generated 1.985 kWh (encrypted: 334428 bytes, 4.403 ms)
[2025-12-10 08:06:05] Meter 261: Generated 5.539 kWh (encrypted: 334345 bytes, 11.617 ms)
[2025-12-10 08:06:25] Meter 261: Generated 2.080 kWh (encrypted: 334366 bytes, 5.327 ms)
[2025-12-10 08:06:45] Meter 261: Generated 7.382 kWh (encrypted: 334440 bytes, 6.632 ms)
[2025-12-10 08:06:50] NETWORK INFO: Server authentication successful for node: aggregator-001
✓ Aggregator connected: aggregator-001 from 127.0.0.1
✓ Sent 334440 bytes to aggregator-001 (0.36ms)
Session completed with aggregator-001
[2025-12-10 08:07:05] Meter 261: Generated 6.877 kWh (encrypted: 334469 bytes, 6.461 ms)
[2025-12-10 08:07:26] Meter 261: Generated 7.478 kWh (encrypted: 334449 bytes, 6.416 ms)
[2025-12-10 08:07:46] Meter 261: Generated 3.587 kWh (encrypted: 334400 bytes, 5.082 ms)
[2025-12-10 08:07:56] NETWORK INFO: Server authentication successful for node: aggregator-001
✓ Aggregator connected: aggregator-001 from 127.0.0.1
✓ Sent 334400 bytes to aggregator-001 (0.40ms)
Session completed with aggregator-001
[2025-12-10 08:08:06] Meter 261: Generated 3.380 kWh (encrypted: 334370 bytes, 4.675 ms)
[2025-12-10 08:08:26] Meter 261: Generated 6.659 kWh (encrypted: 334211 bytes, 4.732 ms)
[2025-12-10 08:08:46] Meter 261: Generated 2.679 kWh (encrypted: 334285 bytes, 5.224 ms)
[2025-12-10 08:09:01] NETWORK INFO: Server authentication successful for node: aggregator-001
✓ Aggregator connected: aggregator-001 from 127.0.0.1
✓ Sent 334285 bytes to aggregator-001 (22.72ms)
Session completed with aggregator-001
[2025-12-10 08:09:06] Meter 261: Generated 1.669 kWh (encrypted: 334396 bytes, 4.595 ms)
[2025-12-10 08:09:26] Meter 261: Generated 4.532 kWh (encrypted: 334536 bytes, 4.723 ms)
[2025-12-10 08:09:46] Meter 261: Generated 4.749 kWh (encrypted: 334433 bytes, 5.063 ms)
[2025-12-10 08:10:06] Meter 261: Generated 7.177 kWh (encrypted: 334390 bytes, 6.573 ms)
[2025-12-10 08:10:06] NETWORK INFO: Server authentication successful for node: aggregator-001
✓ Aggregator connected: aggregator-001 from 127.0.0.1
✓ Sent 334390 bytes to aggregator-001 (3.59ms)
Session completed with aggregator-001
[2025-12-10 08:10:26] Meter 261: Generated 3.867 kWh (encrypted: 334217 bytes, 6.456 ms)
[2025-12-10 08:10:46] Meter 261: Generated 2.445 kWh (encrypted: 334255 bytes, 4.593 ms)
[2025-12-10 08:11:06] Meter 261: Generated 3.533 kWh (encrypted: 334413 bytes, 6.965 ms)
[2025-12-10 08:11:12] NETWORK INFO: Server authentication successful for node: aggregator-001
✓ Aggregator connected: aggregator-001 from 127.0.0.1
✓ Sent 334413 bytes to aggregator-001 (15.40ms)
Session completed with aggregator-001
[2025-12-10 08:11:26] Meter 261: Generated 6.647 kWh (encrypted: 334227 bytes, 4.766 ms)
[2025-12-10 08:11:46] Meter 261: Generated 6.809 kWh (encrypted: 334442 bytes, 6.810 ms)
[2025-12-10 08:12:06] Meter 261: Generated 6.248 kWh (encrypted: 334489 bytes, 6.356 ms)
[2025-12-10 08:12:17] NETWORK INFO: Server authentication successful for node: aggregator-001
✓ Aggregator connected: aggregator-001 from 127.0.0.1
✓ Sent 334489 bytes to aggregator-001 (0.57ms)
Session completed with aggregator-001
[2025-12-10 08:12:26] Meter 261: Generated 6.850 kWh (encrypted: 334096 bytes, 6.499 ms)

Received shutdown signal. Gracefully shutting down smart meter...
Network server thread stopped
Data generation thread stopped
Smart meter 261 shutdown complete
