=== Continuous Smart Meter Server 444 ===
Initializing for continuous operation...
SEAL context initialized
Loaded certificate: smart-meter-444
Requesting public keys from KDC...
[2025-12-10 08:04:14] NETWORK ERROR: Failed to connect to 127.0.0.1:8444: Connection refused
Error: Failed to connect to KDC at 127.0.0.1:8444
Error: Failed to send key request to KDC
Failed to obtain keys from KDC, falling back to file keys
Loaded keys from fallback files
Cryptographic components initialized
[2025-12-10 08:04:14] NETWORK INFO: Server socket created and listening on port 9444
✓ Smart meter server ready on port 9444
Data transmission interval: 20 seconds (15x accelerated - simulates 5min)
✓ Performance metrics CSV files initialized in performance_data/
Starting continuous smart meter operation...
Press Ctrl+C to stop gracefully
Network server thread started on port 9444
Data generation thread started
[2025-12-10 08:04:34] Meter 444: Generated 5.289 kWh (encrypted: 334463 bytes, 5.031 ms)
[2025-12-10 08:04:39] NETWORK INFO: Server authentication successful for node: aggregator-001
✓ Aggregator connected: aggregator-001 from 127.0.0.1
✓ Sent 334463 bytes to aggregator-001 (0.93ms)
Session completed with aggregator-001
[2025-12-10 08:04:54] Meter 444: Generated 6.934 kWh (encrypted: 334449 bytes, 4.727 ms)
[2025-12-10 08:05:14] Meter 444: Generated 2.837 kWh (encrypted: 334309 bytes, 4.644 ms)
[2025-12-10 08:05:34] Meter 444: Generated 3.135 kWh (encrypted: 334382 bytes, 4.514 ms)
[2025-12-10 08:05:44] NETWORK INFO: Server authentication successful for node: aggregator-001
✓ Aggregator connected: aggregator-001 from 127.0.0.1
✓ Sent 334382 bytes to aggregator-001 (0.39ms)
Session completed with aggregator-001
[2025-12-10 08:05:54] Meter 444: Generated 7.147 kWh (encrypted: 334022 bytes, 4.433 ms)
[2025-12-10 08:06:14] Meter 444: Generated 4.514 kWh (encrypted: 334485 bytes, 7.770 ms)
[2025-12-10 08:06:34] Meter 444: Generated 5.012 kWh (encrypted: 334150 bytes, 9.595 ms)
[2025-12-10 08:06:50] NETWORK INFO: Server authentication successful for node: aggregator-001
✓ Aggregator connected: aggregator-001 from 127.0.0.1
✓ Sent 334150 bytes to aggregator-001 (5.26ms)
Session completed with aggregator-001
[2025-12-10 08:06:54] Meter 444: Generated 4.486 kWh (encrypted: 334242 bytes, 4.752 ms)
[2025-12-10 08:07:14] Meter 444: Generated 2.005 kWh (encrypted: 334322 bytes, 9.847 ms)
[2025-12-10 08:07:34] Meter 444: Generated 6.704 kWh (encrypted: 334332 bytes, 6.885 ms)
[2025-12-10 08:07:54] Meter 444: Generated 4.300 kWh (encrypted: 334025 bytes, 6.390 ms)
[2025-12-10 08:07:56] NETWORK INFO: Server authentication successful for node: aggregator-001
✓ Aggregator connected: aggregator-001 from 127.0.0.1
✓ Sent 334025 bytes to aggregator-001 (3.18ms)
Session completed with aggregator-001
[2025-12-10 08:08:14] Meter 444: Generated 1.510 kWh (encrypted: 334403 bytes, 5.761 ms)
[2025-12-10 08:08:34] Meter 444: Generated 5.697 kWh (encrypted: 334322 bytes, 5.378 ms)
[2025-12-10 08:08:54] Meter 444: Generated 4.903 kWh (encrypted: 334374 bytes, 5.115 ms)
[2025-12-10 08:09:01] NETWORK INFO: Server authentication successful for node: aggregator-001
✓ Aggregator connected: aggregator-001 from 127.0.0.1
✓ Sent 334374 bytes to aggregator-001 (0.38ms)
Session completed with aggregator-001
[2025-12-10 08:09:14] Meter 444: Generated 6.986 kWh (encrypted: 334332 bytes, 4.973 ms)
[2025-12-10 08:09:34] Meter 444: Generated 2.758 kWh (encrypted: 334475 bytes, 5.159 ms)
[2025-12-10 08:09:54] Meter 444: Generated 3.066 kWh (encrypted: 333889 bytes, 4.674 ms)
[2025-12-10 08:10:06] NETWORK INFO: Server authentication successful for node: aggregator-001
✓ Aggregator connected: aggregator-001 from 127.0.0.1
✓ Sent 333889 bytes to aggregator-001 (0.38ms)
Session completed with aggregator-001
[2025-12-10 08:10:14] Meter 444: Generated 4.687 kWh (encrypted: 334362 bytes, 4.540 ms)
[2025-12-10 08:10:34] Meter 444: Generated 5.425 kWh (encrypted: 334367 bytes, 5.295 ms)
[2025-12-10 08:10:54] Meter 444: Generated 4.146 kWh (encrypted: 333869 bytes, 4.782 ms)
[2025-12-10 08:11:12] NETWORK INFO: Server authentication successful for node: aggregator-001
✓ Aggregator connected: aggregator-001 from 127.0.0.1
✓ Sent 333869 bytes to aggregator-001 (12.51ms)
Session completed with aggregator-001
[2025-12-10 08:11:14] Meter 444: Generated 3.043 kWh (encrypted: 334326 bytes, 7.769 ms)
[2025-12-10 08:11:34] Meter 444: Generated 2.351 kWh (encrypted: 334311 bytes, 4.442 ms)
[2025-12-10 08:11:54] Meter 444: Generated 3.815 kWh (encrypted: 334527 bytes, 15.667 ms)
[2025-12-10 08:12:14] Meter 444: Generated 1.680 kWh (encrypted: 334178 bytes, 4.961 ms)
[2025-12-10 08:12:17] NETWORK INFO: Server authentication successful for node: aggregator-001
✓ Aggregator connected: aggregator-001 from 127.0.0.1
✓ Sent 334178 bytes to aggregator-001 (0.35ms)
Session completed with aggregator-001
[2025-12-10 08:12:34] Meter 444: Generated 3.237 kWh (encrypted: 334261 bytes, 4.673 ms)

Received shutdown signal. Gracefully shutting down smart meter...
Network server thread stopped
Data generation thread stopped
Smart meter 444 shutdown complete
