=== Continuous Smart Meter Server 248 ===
Initializing for continuous operation...
SEAL context initialized
Loaded certificate: smart-meter-248
Requesting public keys from KDC...
[2025-12-10 08:00:09] NETWORK ERROR: Failed to connect to 127.0.0.1:8444: Connection refused
Error: Failed to connect to KDC at 127.0.0.1:8444
Error: Failed to send key request to KDC
Failed to obtain keys from KDC, falling back to file keys
Loaded keys from fallback files
Cryptographic components initialized
[2025-12-10 08:00:09] NETWORK INFO: Server socket created and listening on port 9248
✓ Smart meter server ready on port 9248
Data transmission interval: 20 seconds (15x accelerated - simulates 5min)
✓ Performance metrics CSV files initialized in performance_data/
Starting continuous smart meter operation...
Press Ctrl+C to stop gracefully
Data generation thread started
Network server thread started on port 9248
[2025-12-10 08:00:28] NETWORK INFO: Server authentication successful for node: aggregator-001
✓ Aggregator connected: aggregator-001 from 127.0.0.1
[2025-12-10 08:00:29] Meter 248: Generated 5.694 kWh (encrypted: 334046 bytes, 7.543 ms)
✓ Sent 334046 bytes to aggregator-001 (0.85ms)
Session completed with aggregator-001
[2025-12-10 08:00:49] Meter 248: Generated 2.708 kWh (encrypted: 334346 bytes, 6.542 ms)
[2025-12-10 08:01:09] Meter 248: Generated 2.530 kWh (encrypted: 334367 bytes, 4.651 ms)
[2025-12-10 08:01:29] Meter 248: Generated 4.030 kWh (encrypted: 334382 bytes, 4.834 ms)
[2025-12-10 08:01:31] NETWORK INFO: Server authentication successful for node: aggregator-001
✓ Aggregator connected: aggregator-001 from 127.0.0.1
✓ Sent 334382 bytes to aggregator-001 (0.37ms)
Session completed with aggregator-001
[2025-12-10 08:01:49] Meter 248: Generated 7.254 kWh (encrypted: 334504 bytes, 5.850 ms)
[2025-12-10 08:02:09] Meter 248: Generated 2.839 kWh (encrypted: 334271 bytes, 12.500 ms)
[2025-12-10 08:02:29] Meter 248: Generated 3.907 kWh (encrypted: 334281 bytes, 5.259 ms)
[2025-12-10 08:02:33] NETWORK INFO: Server authentication successful for node: aggregator-001
✓ Aggregator connected: aggregator-001 from 127.0.0.1
✓ Sent 334281 bytes to aggregator-001 (0.39ms)
Session completed with aggregator-001
[2025-12-10 08:02:49] Meter 248: Generated 1.999 kWh (encrypted: 334346 bytes, 4.895 ms)
[2025-12-10 08:03:09] Meter 248: Generated 1.279 kWh (encrypted: 334381 bytes, 4.640 ms)
[2025-12-10 08:03:29] Meter 248: Generated 4.563 kWh (encrypted: 334424 bytes, 4.648 ms)
[2025-12-10 08:03:36] NETWORK INFO: Server authentication successful for node: aggregator-001
✓ Aggregator connected: aggregator-001 from 127.0.0.1
✓ Sent 334424 bytes to aggregator-001 (2.45ms)
Session completed with aggregator-001
[2025-12-10 08:03:49] Meter 248: Generated 2.539 kWh (encrypted: 334308 bytes, 4.955 ms)
[2025-12-10 08:04:09] Meter 248: Generated 7.309 kWh (encrypted: 334089 bytes, 4.794 ms)
[2025-12-10 08:04:29] Meter 248: Generated 0.912 kWh (encrypted: 334196 bytes, 5.775 ms)
[2025-12-10 08:04:39] NETWORK INFO: Server authentication successful for node: aggregator-001
✓ Aggregator connected: aggregator-001 from 127.0.0.1
✓ Sent 334196 bytes to aggregator-001 (0.38ms)
Session completed with aggregator-001
[2025-12-10 08:04:49] Meter 248: Generated 6.884 kWh (encrypted: 334346 bytes, 5.997 ms)
[2025-12-10 08:05:09] Meter 248: Generated 5.888 kWh (encrypted: 334402 bytes, 6.093 ms)
[2025-12-10 08:05:29] Meter 248: Generated 7.058 kWh (encrypted: 334428 bytes, 5.316 ms)
[2025-12-10 08:05:44] NETWORK INFO: Server authentication successful for node: aggregator-001
✓ Aggregator connected: aggregator-001 from 127.0.0.1
✓ Sent 334428 bytes to aggregator-001 (0.36ms)
Session completed with aggregator-001
[2025-12-10 08:05:49] Meter 248: Generated 2.198 kWh (encrypted: 334462 bytes, 6.464 ms)
[2025-12-10 08:06:09] Meter 248: Generated 1.806 kWh (encrypted: 333820 bytes, 6.810 ms)
[2025-12-10 08:06:29] Meter 248: Generated 2.083 kWh (encrypted: 333363 bytes, 5.777 ms)
[2025-12-10 08:06:49] Meter 248: Generated 5.323 kWh (encrypted: 334402 bytes, 4.407 ms)
[2025-12-10 08:06:50] NETWORK INFO: Server authentication successful for node: aggregator-001
✓ Aggregator connected: aggregator-001 from 127.0.0.1
✓ Sent 334402 bytes to aggregator-001 (1.44ms)
Session completed with aggregator-001
[2025-12-10 08:07:09] Meter 248: Generated 4.180 kWh (encrypted: 334387 bytes, 5.695 ms)
[2025-12-10 08:07:29] Meter 248: Generated 5.396 kWh (encrypted: 334318 bytes, 6.189 ms)
[2025-12-10 08:07:49] Meter 248: Generated 4.734 kWh (encrypted: 334368 bytes, 4.395 ms)
[2025-12-10 08:07:55] NETWORK INFO: Server authentication successful for node: aggregator-001
✓ Aggregator connected: aggregator-001 from 127.0.0.1
✓ Sent 334368 bytes to aggregator-001 (9.14ms)
Session completed with aggregator-001
[2025-12-10 08:08:09] Meter 248: Generated 3.837 kWh (encrypted: 334223 bytes, 6.080 ms)
[2025-12-10 08:08:29] Meter 248: Generated 5.004 kWh (encrypted: 334439 bytes, 7.205 ms)
[2025-12-10 08:08:49] Meter 248: Generated 7.391 kWh (encrypted: 334127 bytes, 4.797 ms)
[2025-12-10 08:09:01] NETWORK INFO: Server authentication successful for node: aggregator-001
✓ Aggregator connected: aggregator-001 from 127.0.0.1
✓ Sent 334127 bytes to aggregator-001 (0.37ms)
Session completed with aggregator-001
[2025-12-10 08:09:09] Meter 248: Generated 2.426 kWh (encrypted: 334413 bytes, 4.611 ms)
[2025-12-10 08:09:29] Meter 248: Generated 4.008 kWh (encrypted: 334249 bytes, 4.861 ms)
[2025-12-10 08:09:50] Meter 248: Generated 3.003 kWh (encrypted: 334126 bytes, 4.807 ms)
[2025-12-10 08:10:06] NETWORK INFO: Server authentication successful for node: aggregator-001
✓ Aggregator connected: aggregator-001 from 127.0.0.1
✓ Sent 334126 bytes to aggregator-001 (0.41ms)
Session completed with aggregator-001
[2025-12-10 08:10:10] Meter 248: Generated 4.136 kWh (encrypted: 334076 bytes, 6.316 ms)
[2025-12-10 08:10:30] Meter 248: Generated 1.956 kWh (encrypted: 334330 bytes, 7.000 ms)
[2025-12-10 08:10:50] Meter 248: Generated 2.830 kWh (encrypted: 334341 bytes, 6.190 ms)
[2025-12-10 08:11:10] Meter 248: Generated 2.979 kWh (encrypted: 334110 bytes, 6.578 ms)
[2025-12-10 08:11:12] NETWORK INFO: Server authentication successful for node: aggregator-001
✓ Aggregator connected: aggregator-001 from 127.0.0.1
✓ Sent 334110 bytes to aggregator-001 (20.57ms)
Session completed with aggregator-001
[2025-12-10 08:11:30] Meter 248: Generated 5.894 kWh (encrypted: 334112 bytes, 4.816 ms)
[2025-12-10 08:11:50] Meter 248: Generated 3.843 kWh (encrypted: 334316 bytes, 6.818 ms)
[2025-12-10 08:12:10] Meter 248: Generated 5.638 kWh (encrypted: 334359 bytes, 6.346 ms)
[2025-12-10 08:12:17] NETWORK INFO: Server authentication successful for node: aggregator-001
✓ Aggregator connected: aggregator-001 from 127.0.0.1
✓ Sent 334359 bytes to aggregator-001 (0.36ms)
Session completed with aggregator-001
[2025-12-10 08:12:30] Meter 248: Generated 4.955 kWh (encrypted: 334369 bytes, 6.525 ms)

Received shutdown signal. Gracefully shutting down smart meter...
Network server thread stopped
Data generation thread stopped
Smart meter 248 shutdown complete
