=== Continuous Smart Meter Server 70 ===
Initializing for continuous operation...
SEAL context initialized
Loaded certificate: smart-meter-070
Requesting public keys from KDC...
[2025-12-10 07:56:31] NETWORK ERROR: Failed to connect to 127.0.0.1:8444: Connection refused
Error: Failed to connect to KDC at 127.0.0.1:8444
Error: Failed to send key request to KDC
Failed to obtain keys from KDC, falling back to file keys
Loaded keys from fallback files
Cryptographic components initialized
[2025-12-10 07:56:31] NETWORK INFO: Server socket created and listening on port 9070
✓ Smart meter server ready on port 9070
Data transmission interval: 20 seconds (15x accelerated - simulates 5min)
✓ Performance metrics CSV files initialized in performance_data/
Starting continuous smart meter operation...
Press Ctrl+C to stop gracefully
Data generation thread started
Network server thread started on port 9070
[2025-12-10 07:56:51] Meter 70: Generated 7.085 kWh (encrypted: 334217 bytes, 4.888 ms)
[2025-12-10 07:57:11] Meter 70: Generated 6.302 kWh (encrypted: 334144 bytes, 4.628 ms)
[2025-12-10 07:57:15] NETWORK INFO: Server authentication successful for node: aggregator-001
✓ Aggregator connected: aggregator-001 from 127.0.0.1
✓ Sent 334144 bytes to aggregator-001 (1.73ms)
Session completed with aggregator-001
[2025-12-10 07:57:31] Meter 70: Generated 1.182 kWh (encrypted: 334465 bytes, 4.331 ms)
[2025-12-10 07:57:51] Meter 70: Generated 0.790 kWh (encrypted: 334469 bytes, 4.521 ms)
[2025-12-10 07:58:11] Meter 70: Generated 3.396 kWh (encrypted: 334313 bytes, 4.293 ms)
[2025-12-10 07:58:25] NETWORK INFO: Server authentication successful for node: aggregator-001
✓ Aggregator connected: aggregator-001 from 127.0.0.1
✓ Sent 334313 bytes to aggregator-001 (0.34ms)
Session completed with aggregator-001
[2025-12-10 07:58:31] Meter 70: Generated 6.938 kWh (encrypted: 334141 bytes, 4.426 ms)
[2025-12-10 07:58:51] Meter 70: Generated 3.988 kWh (encrypted: 334170 bytes, 4.501 ms)
[2025-12-10 07:59:11] Meter 70: Generated 6.003 kWh (encrypted: 334239 bytes, 4.651 ms)
[2025-12-10 07:59:26] NETWORK INFO: Server authentication successful for node: aggregator-001
✓ Aggregator connected: aggregator-001 from 127.0.0.1
✓ Sent 334239 bytes to aggregator-001 (0.35ms)
Session completed with aggregator-001
[2025-12-10 07:59:31] Meter 70: Generated 3.641 kWh (encrypted: 334434 bytes, 4.503 ms)
[2025-12-10 07:59:51] Meter 70: Generated 7.324 kWh (encrypted: 334386 bytes, 4.457 ms)
[2025-12-10 08:00:11] Meter 70: Generated 2.782 kWh (encrypted: 334242 bytes, 4.379 ms)
[2025-12-10 08:00:28] NETWORK INFO: Server authentication successful for node: aggregator-001
✓ Aggregator connected: aggregator-001 from 127.0.0.1
✓ Sent 334242 bytes to aggregator-001 (12.11ms)
Session completed with aggregator-001
[2025-12-10 08:00:31] Meter 70: Generated 4.902 kWh (encrypted: 334260 bytes, 6.250 ms)
[2025-12-10 08:00:51] Meter 70: Generated 2.016 kWh (encrypted: 334184 bytes, 5.011 ms)
[2025-12-10 08:01:11] Meter 70: Generated 4.746 kWh (encrypted: 334136 bytes, 4.508 ms)
[2025-12-10 08:01:31] NETWORK INFO: Server authentication successful for node: aggregator-001
✓ Aggregator connected: aggregator-001 from 127.0.0.1
✓ Sent 334136 bytes to aggregator-001 (0.35ms)
Session completed with aggregator-001
[2025-12-10 08:01:31] Meter 70: Generated 2.813 kWh (encrypted: 334118 bytes, 4.273 ms)
[2025-12-10 08:01:51] Meter 70: Generated 4.601 kWh (encrypted: 334335 bytes, 4.597 ms)
[2025-12-10 08:02:11] Meter 70: Generated 1.767 kWh (encrypted: 334252 bytes, 4.782 ms)
[2025-12-10 08:02:31] Meter 70: Generated 6.662 kWh (encrypted: 334153 bytes, 4.502 ms)
[2025-12-10 08:02:33] NETWORK INFO: Server authentication successful for node: aggregator-001
✓ Aggregator connected: aggregator-001 from 127.0.0.1
✓ Sent 334153 bytes to aggregator-001 (0.37ms)
Session completed with aggregator-001
[2025-12-10 08:02:51] Meter 70: Generated 6.628 kWh (encrypted: 334498 bytes, 4.660 ms)
[2025-12-10 08:03:11] Meter 70: Generated 0.973 kWh (encrypted: 334328 bytes, 5.899 ms)
[2025-12-10 08:03:31] Meter 70: Generated 2.668 kWh (encrypted: 334277 bytes, 4.982 ms)
[2025-12-10 08:03:36] NETWORK INFO: Server authentication successful for node: aggregator-001
✓ Aggregator connected: aggregator-001 from 127.0.0.1
✓ Sent 334277 bytes to aggregator-001 (0.39ms)
Session completed with aggregator-001
[2025-12-10 08:03:51] Meter 70: Generated 5.207 kWh (encrypted: 334282 bytes, 4.872 ms)
[2025-12-10 08:04:11] Meter 70: Generated 3.255 kWh (encrypted: 334441 bytes, 4.375 ms)
[2025-12-10 08:04:31] Meter 70: Generated 6.463 kWh (encrypted: 334283 bytes, 4.477 ms)
[2025-12-10 08:04:39] NETWORK INFO: Server authentication successful for node: aggregator-001
✓ Aggregator connected: aggregator-001 from 127.0.0.1
✓ Sent 334283 bytes to aggregator-001 (0.40ms)
Session completed with aggregator-001
[2025-12-10 08:04:51] Meter 70: Generated 6.504 kWh (encrypted: 334261 bytes, 4.324 ms)
[2025-12-10 08:05:11] Meter 70: Generated 2.493 kWh (encrypted: 334370 bytes, 4.418 ms)
[2025-12-10 08:05:31] Meter 70: Generated 1.681 kWh (encrypted: 334179 bytes, 4.735 ms)
[2025-12-10 08:05:44] NETWORK INFO: Server authentication successful for node: aggregator-001
✓ Aggregator connected: aggregator-001 from 127.0.0.1
✓ Sent 334179 bytes to aggregator-001 (30.57ms)
Session completed with aggregator-001
[2025-12-10 08:05:51] Meter 70: Generated 5.264 kWh (encrypted: 334410 bytes, 4.628 ms)
[2025-12-10 08:06:11] Meter 70: Generated 3.145 kWh (encrypted: 334503 bytes, 5.191 ms)
[2025-12-10 08:06:31] Meter 70: Generated 6.261 kWh (encrypted: 334247 bytes, 4.542 ms)
[2025-12-10 08:06:50] NETWORK INFO: Server authentication successful for node: aggregator-001
✓ Aggregator connected: aggregator-001 from 127.0.0.1
✓ Sent 334247 bytes to aggregator-001 (0.35ms)
Session completed with aggregator-001
[2025-12-10 08:06:51] Meter 70: Generated 3.603 kWh (encrypted: 334232 bytes, 6.399 ms)
[2025-12-10 08:07:11] Meter 70: Generated 5.180 kWh (encrypted: 334213 bytes, 6.780 ms)
[2025-12-10 08:07:31] Meter 70: Generated 4.295 kWh (encrypted: 334485 bytes, 4.401 ms)
[2025-12-10 08:07:51] Meter 70: Generated 6.982 kWh (encrypted: 334126 bytes, 6.701 ms)
[2025-12-10 08:07:56] NETWORK INFO: Server authentication successful for node: aggregator-001
✓ Aggregator connected: aggregator-001 from 127.0.0.1
✓ Sent 334126 bytes to aggregator-001 (0.38ms)
Session completed with aggregator-001
[2025-12-10 08:08:11] Meter 70: Generated 7.048 kWh (encrypted: 334295 bytes, 6.696 ms)
[2025-12-10 08:08:31] Meter 70: Generated 2.813 kWh (encrypted: 333754 bytes, 6.391 ms)
[2025-12-10 08:08:51] Meter 70: Generated 1.325 kWh (encrypted: 334354 bytes, 5.276 ms)
[2025-12-10 08:09:01] NETWORK INFO: Server authentication successful for node: aggregator-001
✓ Aggregator connected: aggregator-001 from 127.0.0.1
✓ Sent 334354 bytes to aggregator-001 (1.28ms)
Session completed with aggregator-001
[2025-12-10 08:09:11] Meter 70: Generated 7.222 kWh (encrypted: 334501 bytes, 6.517 ms)
[2025-12-10 08:09:31] Meter 70: Generated 6.832 kWh (encrypted: 334205 bytes, 6.633 ms)
[2025-12-10 08:09:51] Meter 70: Generated 4.581 kWh (encrypted: 334471 bytes, 4.536 ms)
[2025-12-10 08:10:06] NETWORK INFO: Server authentication successful for node: aggregator-001
✓ Aggregator connected: aggregator-001 from 127.0.0.1
✓ Sent 334471 bytes to aggregator-001 (0.37ms)
Session completed with aggregator-001
[2025-12-10 08:10:11] Meter 70: Generated 3.839 kWh (encrypted: 334376 bytes, 6.571 ms)
[2025-12-10 08:10:31] Meter 70: Generated 4.667 kWh (encrypted: 334037 bytes, 7.545 ms)
[2025-12-10 08:10:51] Meter 70: Generated 6.369 kWh (encrypted: 334222 bytes, 5.749 ms)
[2025-12-10 08:11:11] Meter 70: Generated 6.427 kWh (encrypted: 334155 bytes, 6.514 ms)
[2025-12-10 08:11:12] NETWORK INFO: Server authentication successful for node: aggregator-001
✓ Aggregator connected: aggregator-001 from 127.0.0.1
✓ Sent 334155 bytes to aggregator-001 (0.38ms)
Session completed with aggregator-001
[2025-12-10 08:11:31] Meter 70: Generated 4.144 kWh (encrypted: 334271 bytes, 6.129 ms)
[2025-12-10 08:11:51] Meter 70: Generated 3.102 kWh (encrypted: 334468 bytes, 4.760 ms)
[2025-12-10 08:12:11] Meter 70: Generated 1.136 kWh (encrypted: 334154 bytes, 6.541 ms)
[2025-12-10 08:12:17] NETWORK INFO: Server authentication successful for node: aggregator-001
✓ Aggregator connected: aggregator-001 from 127.0.0.1
✓ Sent 334154 bytes to aggregator-001 (0.47ms)
Session completed with aggregator-001
[2025-12-10 08:12:31] Meter 70: Generated 1.851 kWh (encrypted: 334376 bytes, 5.074 ms)

Received shutdown signal. Gracefully shutting down smart meter...
Network server thread stopped
Data generation thread stopped
Smart meter 70 shutdown complete
