=== Continuous Smart Meter Server 255 ===
Initializing for continuous operation...
SEAL context initialized
Loaded certificate: smart-meter-255
Requesting public keys from KDC...
[2025-12-10 08:00:18] NETWORK ERROR: Failed to connect to 127.0.0.1:8444: Connection refused
Error: Failed to connect to KDC at 127.0.0.1:8444
Error: Failed to send key request to KDC
Failed to obtain keys from KDC, falling back to file keys
Loaded keys from fallback files
Cryptographic components initialized
[2025-12-10 08:00:18] NETWORK INFO: Server socket created and listening on port 9255
✓ Smart meter server ready on port 9255
Data transmission interval: 20 seconds (15x accelerated - simulates 5min)
✓ Performance metrics CSV files initialized in performance_data/
Starting continuous smart meter operation...
Press Ctrl+C to stop gracefully
Data generation thread started
Network server thread started on port 9255
[2025-12-10 08:00:28] NETWORK INFO: Server authentication successful for node: aggregator-001
✓ Aggregator connected: aggregator-001 from 127.0.0.1
[2025-12-10 08:00:38] Meter 255: Generated 7.610 kWh (encrypted: 334060 bytes, 5.632 ms)
✓ Sent 334060 bytes to aggregator-001 (0.77ms)
Session completed with aggregator-001
[2025-12-10 08:00:58] Meter 255: Generated 5.420 kWh (encrypted: 334047 bytes, 7.694 ms)
[2025-12-10 08:01:18] Meter 255: Generated 3.097 kWh (encrypted: 333833 bytes, 5.257 ms)
[2025-12-10 08:01:31] NETWORK INFO: Server authentication successful for node: aggregator-001
✓ Aggregator connected: aggregator-001 from 127.0.0.1
✓ Sent 333833 bytes to aggregator-001 (0.35ms)
Session completed with aggregator-001
[2025-12-10 08:01:38] Meter 255: Generated 1.664 kWh (encrypted: 334050 bytes, 4.393 ms)
[2025-12-10 08:01:58] Meter 255: Generated 1.197 kWh (encrypted: 334304 bytes, 4.595 ms)
[2025-12-10 08:02:18] Meter 255: Generated 6.320 kWh (encrypted: 334339 bytes, 4.719 ms)
[2025-12-10 08:02:33] NETWORK INFO: Server authentication successful for node: aggregator-001
✓ Aggregator connected: aggregator-001 from 127.0.0.1
✓ Sent 334339 bytes to aggregator-001 (0.37ms)
Session completed with aggregator-001
[2025-12-10 08:02:38] Meter 255: Generated 3.886 kWh (encrypted: 334084 bytes, 5.220 ms)
[2025-12-10 08:02:58] Meter 255: Generated 4.790 kWh (encrypted: 334408 bytes, 4.869 ms)
[2025-12-10 08:03:18] Meter 255: Generated 6.497 kWh (encrypted: 334347 bytes, 5.115 ms)
[2025-12-10 08:03:36] NETWORK INFO: Server authentication successful for node: aggregator-001
✓ Aggregator connected: aggregator-001 from 127.0.0.1
✓ Sent 334347 bytes to aggregator-001 (0.46ms)
Session completed with aggregator-001
[2025-12-10 08:03:38] Meter 255: Generated 6.421 kWh (encrypted: 334165 bytes, 5.103 ms)
[2025-12-10 08:03:58] Meter 255: Generated 3.375 kWh (encrypted: 334054 bytes, 4.400 ms)
[2025-12-10 08:04:18] Meter 255: Generated 2.137 kWh (encrypted: 334365 bytes, 4.918 ms)
[2025-12-10 08:04:38] Meter 255: Generated 6.945 kWh (encrypted: 334315 bytes, 6.027 ms)
[2025-12-10 08:04:40] NETWORK INFO: Server authentication successful for node: aggregator-001
✓ Aggregator connected: aggregator-001 from 127.0.0.1
✓ Sent 334315 bytes to aggregator-001 (0.34ms)
Session completed with aggregator-001
[2025-12-10 08:04:58] Meter 255: Generated 1.569 kWh (encrypted: 334043 bytes, 4.822 ms)
[2025-12-10 08:05:18] Meter 255: Generated 5.997 kWh (encrypted: 334517 bytes, 4.832 ms)
[2025-12-10 08:05:38] Meter 255: Generated 3.048 kWh (encrypted: 334081 bytes, 4.622 ms)
[2025-12-10 08:05:44] NETWORK INFO: Server authentication successful for node: aggregator-001
✓ Aggregator connected: aggregator-001 from 127.0.0.1
✓ Sent 334081 bytes to aggregator-001 (5.81ms)
Session completed with aggregator-001
[2025-12-10 08:05:58] Meter 255: Generated 6.976 kWh (encrypted: 334398 bytes, 4.661 ms)
[2025-12-10 08:06:18] Meter 255: Generated 0.676 kWh (encrypted: 334384 bytes, 4.783 ms)
[2025-12-10 08:06:38] Meter 255: Generated 0.803 kWh (encrypted: 334400 bytes, 4.537 ms)
[2025-12-10 08:06:50] NETWORK INFO: Server authentication successful for node: aggregator-001
✓ Aggregator connected: aggregator-001 from 127.0.0.1
✓ Sent 334400 bytes to aggregator-001 (0.38ms)
Session completed with aggregator-001
[2025-12-10 08:06:58] Meter 255: Generated 1.363 kWh (encrypted: 334435 bytes, 6.469 ms)
[2025-12-10 08:07:18] Meter 255: Generated 5.729 kWh (encrypted: 334257 bytes, 4.773 ms)
[2025-12-10 08:07:38] Meter 255: Generated 4.294 kWh (encrypted: 334179 bytes, 6.637 ms)
[2025-12-10 08:07:56] NETWORK INFO: Server authentication successful for node: aggregator-001
✓ Aggregator connected: aggregator-001 from 127.0.0.1
✓ Sent 334179 bytes to aggregator-001 (0.36ms)
Session completed with aggregator-001
[2025-12-10 08:07:58] Meter 255: Generated 2.494 kWh (encrypted: 333760 bytes, 4.875 ms)
[2025-12-10 08:08:18] Meter 255: Generated 6.927 kWh (encrypted: 334165 bytes, 6.419 ms)
[2025-12-10 08:08:38] Meter 255: Generated 7.506 kWh (encrypted: 333394 bytes, 4.807 ms)
[2025-12-10 08:08:58] Meter 255: Generated 4.657 kWh (encrypted: 334417 bytes, 6.710 ms)
[2025-12-10 08:09:01] NETWORK INFO: Server authentication successful for node: aggregator-001
✓ Aggregator connected: aggregator-001 from 127.0.0.1
✓ Sent 334417 bytes to aggregator-001 (0.97ms)
Session completed with aggregator-001
[2025-12-10 08:09:18] Meter 255: Generated 1.431 kWh (encrypted: 334333 bytes, 4.940 ms)
[2025-12-10 08:09:38] Meter 255: Generated 1.696 kWh (encrypted: 334082 bytes, 4.767 ms)
[2025-12-10 08:09:58] Meter 255: Generated 1.082 kWh (encrypted: 334255 bytes, 4.573 ms)
[2025-12-10 08:10:06] NETWORK INFO: Server authentication successful for node: aggregator-001
✓ Aggregator connected: aggregator-001 from 127.0.0.1
✓ Sent 334255 bytes to aggregator-001 (14.20ms)
Session completed with aggregator-001
[2025-12-10 08:10:18] Meter 255: Generated 1.011 kWh (encrypted: 334469 bytes, 4.658 ms)
[2025-12-10 08:10:38] Meter 255: Generated 2.943 kWh (encrypted: 334436 bytes, 4.635 ms)
[2025-12-10 08:10:58] Meter 255: Generated 3.445 kWh (encrypted: 333999 bytes, 5.900 ms)
[2025-12-10 08:11:12] NETWORK INFO: Server authentication successful for node: aggregator-001
✓ Aggregator connected: aggregator-001 from 127.0.0.1
✓ Sent 333999 bytes to aggregator-001 (0.38ms)
Session completed with aggregator-001
[2025-12-10 08:11:18] Meter 255: Generated 1.808 kWh (encrypted: 334349 bytes, 7.118 ms)
[2025-12-10 08:11:38] Meter 255: Generated 2.463 kWh (encrypted: 334325 bytes, 4.738 ms)
[2025-12-10 08:11:58] Meter 255: Generated 2.378 kWh (encrypted: 334381 bytes, 4.798 ms)
[2025-12-10 08:12:17] NETWORK INFO: Server authentication successful for node: aggregator-001
✓ Aggregator connected: aggregator-001 from 127.0.0.1
✓ Sent 334381 bytes to aggregator-001 (0.46ms)
Session completed with aggregator-001
[2025-12-10 08:12:18] Meter 255: Generated 1.481 kWh (encrypted: 334392 bytes, 7.639 ms)

Received shutdown signal. Gracefully shutting down smart meter...
Network server thread stopped
Data generation thread stopped
Smart meter 255 shutdown complete
