=== Continuous Smart Meter Server 152 ===
Initializing for continuous operation...
SEAL context initialized
Loaded certificate: smart-meter-152
Requesting public keys from KDC...
[2025-12-10 07:58:11] NETWORK ERROR: Failed to connect to 127.0.0.1:8444: Connection refused
Error: Failed to connect to KDC at 127.0.0.1:8444
Error: Failed to send key request to KDC
Failed to obtain keys from KDC, falling back to file keys
Loaded keys from fallback files
Cryptographic components initialized
[2025-12-10 07:58:11] NETWORK INFO: Server socket created and listening on port 9152
✓ Smart meter server ready on port 9152
Data transmission interval: 20 seconds (15x accelerated - simulates 5min)
✓ Performance metrics CSV files initialized in performance_data/
Starting continuous smart meter operation...
Press Ctrl+C to stop gracefully
Data generation thread started
Network server thread started on port 9152
[2025-12-10 07:58:25] NETWORK INFO: Server authentication successful for node: aggregator-001
✓ Aggregator connected: aggregator-001 from 127.0.0.1
[2025-12-10 07:58:31] Meter 152: Generated 6.088 kWh (encrypted: 334479 bytes, 5.023 ms)
✓ Sent 334479 bytes to aggregator-001 (0.73ms)
Session completed with aggregator-001
[2025-12-10 07:58:51] Meter 152: Generated 3.398 kWh (encrypted: 334434 bytes, 4.403 ms)
[2025-12-10 07:59:11] Meter 152: Generated 5.061 kWh (encrypted: 334257 bytes, 6.023 ms)
[2025-12-10 07:59:27] NETWORK INFO: Server authentication successful for node: aggregator-001
✓ Aggregator connected: aggregator-001 from 127.0.0.1
✓ Sent 334257 bytes to aggregator-001 (0.34ms)
Session completed with aggregator-001
[2025-12-10 07:59:31] Meter 152: Generated 6.406 kWh (encrypted: 334184 bytes, 4.520 ms)
[2025-12-10 07:59:51] Meter 152: Generated 5.446 kWh (encrypted: 334271 bytes, 4.666 ms)
[2025-12-10 08:00:11] Meter 152: Generated 6.537 kWh (encrypted: 333350 bytes, 4.619 ms)
[2025-12-10 08:00:28] NETWORK INFO: Server authentication successful for node: aggregator-001
✓ Aggregator connected: aggregator-001 from 127.0.0.1
✓ Sent 333350 bytes to aggregator-001 (0.35ms)
Session completed with aggregator-001
[2025-12-10 08:00:31] Meter 152: Generated 5.441 kWh (encrypted: 334273 bytes, 5.013 ms)
[2025-12-10 08:00:51] Meter 152: Generated 4.537 kWh (encrypted: 334246 bytes, 4.691 ms)
[2025-12-10 08:01:11] Meter 152: Generated 6.672 kWh (encrypted: 334385 bytes, 6.884 ms)
[2025-12-10 08:01:31] NETWORK INFO: Server authentication successful for node: aggregator-001
✓ Aggregator connected: aggregator-001 from 127.0.0.1
✓ Sent 334385 bytes to aggregator-001 (0.40ms)
Session completed with aggregator-001
[2025-12-10 08:01:31] Meter 152: Generated 4.427 kWh (encrypted: 334163 bytes, 7.205 ms)
[2025-12-10 08:01:51] Meter 152: Generated 7.271 kWh (encrypted: 334403 bytes, 4.726 ms)
[2025-12-10 08:02:11] Meter 152: Generated 3.023 kWh (encrypted: 334193 bytes, 4.534 ms)
[2025-12-10 08:02:31] Meter 152: Generated 4.418 kWh (encrypted: 334187 bytes, 7.132 ms)
[2025-12-10 08:02:33] NETWORK INFO: Server authentication successful for node: aggregator-001
✓ Aggregator connected: aggregator-001 from 127.0.0.1
✓ Sent 334187 bytes to aggregator-001 (9.53ms)
Session completed with aggregator-001
[2025-12-10 08:02:51] Meter 152: Generated 7.416 kWh (encrypted: 334316 bytes, 4.818 ms)
[2025-12-10 08:03:11] Meter 152: Generated 3.892 kWh (encrypted: 334423 bytes, 5.137 ms)
[2025-12-10 08:03:31] Meter 152: Generated 2.423 kWh (encrypted: 334220 bytes, 6.992 ms)
[2025-12-10 08:03:36] NETWORK INFO: Server authentication successful for node: aggregator-001
✓ Aggregator connected: aggregator-001 from 127.0.0.1
✓ Sent 334220 bytes to aggregator-001 (0.40ms)
Session completed with aggregator-001
[2025-12-10 08:03:51] Meter 152: Generated 6.558 kWh (encrypted: 334320 bytes, 6.933 ms)
[2025-12-10 08:04:11] Meter 152: Generated 2.230 kWh (encrypted: 334384 bytes, 6.510 ms)
[2025-12-10 08:04:31] Meter 152: Generated 2.831 kWh (encrypted: 334345 bytes, 4.639 ms)
[2025-12-10 08:04:39] NETWORK INFO: Server authentication successful for node: aggregator-001
✓ Aggregator connected: aggregator-001 from 127.0.0.1
✓ Sent 334345 bytes to aggregator-001 (0.37ms)
Session completed with aggregator-001
[2025-12-10 08:04:51] Meter 152: Generated 0.935 kWh (encrypted: 334400 bytes, 4.624 ms)
[2025-12-10 08:05:11] Meter 152: Generated 1.859 kWh (encrypted: 334347 bytes, 4.544 ms)
[2025-12-10 08:05:31] Meter 152: Generated 5.267 kWh (encrypted: 334327 bytes, 13.439 ms)
[2025-12-10 08:05:44] NETWORK INFO: Server authentication successful for node: aggregator-001
✓ Aggregator connected: aggregator-001 from 127.0.0.1
✓ Sent 334327 bytes to aggregator-001 (9.16ms)
Session completed with aggregator-001
[2025-12-10 08:05:51] Meter 152: Generated 6.942 kWh (encrypted: 333320 bytes, 4.877 ms)
[2025-12-10 08:06:11] Meter 152: Generated 5.643 kWh (encrypted: 334378 bytes, 6.778 ms)
[2025-12-10 08:06:31] Meter 152: Generated 5.564 kWh (encrypted: 334230 bytes, 5.974 ms)
[2025-12-10 08:06:50] NETWORK INFO: Server authentication successful for node: aggregator-001
✓ Aggregator connected: aggregator-001 from 127.0.0.1
✓ Sent 334230 bytes to aggregator-001 (0.47ms)
Session completed with aggregator-001
[2025-12-10 08:06:51] Meter 152: Generated 5.453 kWh (encrypted: 334237 bytes, 6.725 ms)
[2025-12-10 08:07:11] Meter 152: Generated 7.340 kWh (encrypted: 334316 bytes, 6.445 ms)
[2025-12-10 08:07:31] Meter 152: Generated 2.415 kWh (encrypted: 334410 bytes, 4.632 ms)
[2025-12-10 08:07:51] Meter 152: Generated 2.137 kWh (encrypted: 334222 bytes, 4.965 ms)
[2025-12-10 08:07:55] NETWORK INFO: Server authentication successful for node: aggregator-001
✓ Aggregator connected: aggregator-001 from 127.0.0.1
✓ Sent 334222 bytes to aggregator-001 (0.42ms)
Session completed with aggregator-001
[2025-12-10 08:08:11] Meter 152: Generated 1.646 kWh (encrypted: 334438 bytes, 6.415 ms)
[2025-12-10 08:08:31] Meter 152: Generated 0.991 kWh (encrypted: 334100 bytes, 6.473 ms)
[2025-12-10 08:08:51] Meter 152: Generated 2.283 kWh (encrypted: 334324 bytes, 4.644 ms)
[2025-12-10 08:09:01] NETWORK INFO: Server authentication successful for node: aggregator-001
✓ Aggregator connected: aggregator-001 from 127.0.0.1
✓ Sent 334324 bytes to aggregator-001 (0.52ms)
Session completed with aggregator-001
[2025-12-10 08:09:11] Meter 152: Generated 7.091 kWh (encrypted: 334031 bytes, 4.510 ms)
[2025-12-10 08:09:31] Meter 152: Generated 7.274 kWh (encrypted: 334336 bytes, 4.660 ms)
[2025-12-10 08:09:51] Meter 152: Generated 3.726 kWh (encrypted: 334417 bytes, 4.353 ms)
[2025-12-10 08:10:06] NETWORK INFO: Server authentication successful for node: aggregator-001
✓ Aggregator connected: aggregator-001 from 127.0.0.1
✓ Sent 334417 bytes to aggregator-001 (14.07ms)
Session completed with aggregator-001
[2025-12-10 08:10:11] Meter 152: Generated 7.032 kWh (encrypted: 334266 bytes, 6.505 ms)
[2025-12-10 08:10:31] Meter 152: Generated 5.823 kWh (encrypted: 334337 bytes, 7.597 ms)
[2025-12-10 08:10:51] Meter 152: Generated 2.205 kWh (encrypted: 334438 bytes, 5.035 ms)
[2025-12-10 08:11:12] Meter 152: Generated 7.121 kWh (encrypted: 334070 bytes, 4.344 ms)
[2025-12-10 08:11:12] NETWORK INFO: Server authentication successful for node: aggregator-001
✓ Aggregator connected: aggregator-001 from 127.0.0.1
✓ Sent 334070 bytes to aggregator-001 (0.40ms)
Session completed with aggregator-001
[2025-12-10 08:11:32] Meter 152: Generated 1.426 kWh (encrypted: 334155 bytes, 4.800 ms)
[2025-12-10 08:11:52] Meter 152: Generated 1.361 kWh (encrypted: 334397 bytes, 4.679 ms)
[2025-12-10 08:12:12] Meter 152: Generated 7.348 kWh (encrypted: 334166 bytes, 7.133 ms)
[2025-12-10 08:12:17] NETWORK INFO: Server authentication successful for node: aggregator-001
✓ Aggregator connected: aggregator-001 from 127.0.0.1
✓ Sent 334166 bytes to aggregator-001 (0.36ms)
Session completed with aggregator-001
[2025-12-10 08:12:32] Meter 152: Generated 6.176 kWh (encrypted: 334193 bytes, 4.687 ms)

Received shutdown signal. Gracefully shutting down smart meter...
Network server thread stopped
Data generation thread stopped
Smart meter 152 shutdown complete
