=== Continuous Smart Meter Server 322 ===
Initializing for continuous operation...
SEAL context initialized
Loaded certificate: smart-meter-322
Requesting public keys from KDC...
[2025-12-10 08:01:41] NETWORK ERROR: Failed to connect to 127.0.0.1:8444: Connection refused
Error: Failed to connect to KDC at 127.0.0.1:8444
Error: Failed to send key request to KDC
Failed to obtain keys from KDC, falling back to file keys
Loaded keys from fallback files
Cryptographic components initialized
[2025-12-10 08:01:41] NETWORK INFO: Server socket created and listening on port 9322
✓ Smart meter server ready on port 9322
Data transmission interval: 20 seconds (15x accelerated - simulates 5min)
✓ Performance metrics CSV files initialized in performance_data/
Starting continuous smart meter operation...
Press Ctrl+C to stop gracefully
Data generation thread started
Network server thread started on port 9322
[2025-12-10 08:02:01] Meter 322: Generated 2.799 kWh (encrypted: 334439 bytes, 4.964 ms)
[2025-12-10 08:02:21] Meter 322: Generated 2.197 kWh (encrypted: 334331 bytes, 4.425 ms)
[2025-12-10 08:02:33] NETWORK INFO: Server authentication successful for node: aggregator-001
✓ Aggregator connected: aggregator-001 from 127.0.0.1
✓ Sent 334331 bytes to aggregator-001 (0.78ms)
Session completed with aggregator-001
[2025-12-10 08:02:41] Meter 322: Generated 4.027 kWh (encrypted: 334068 bytes, 4.580 ms)
[2025-12-10 08:03:01] Meter 322: Generated 5.807 kWh (encrypted: 334312 bytes, 4.378 ms)
[2025-12-10 08:03:21] Meter 322: Generated 2.528 kWh (encrypted: 334325 bytes, 6.419 ms)
[2025-12-10 08:03:36] NETWORK INFO: Server authentication successful for node: aggregator-001
✓ Aggregator connected: aggregator-001 from 127.0.0.1
✓ Sent 334325 bytes to aggregator-001 (0.37ms)
Session completed with aggregator-001
[2025-12-10 08:03:41] Meter 322: Generated 1.794 kWh (encrypted: 334439 bytes, 4.520 ms)
[2025-12-10 08:04:01] Meter 322: Generated 1.998 kWh (encrypted: 334253 bytes, 4.546 ms)
[2025-12-10 08:04:21] Meter 322: Generated 2.375 kWh (encrypted: 334013 bytes, 4.634 ms)
[2025-12-10 08:04:39] NETWORK INFO: Server authentication successful for node: aggregator-001
✓ Aggregator connected: aggregator-001 from 127.0.0.1
✓ Sent 334013 bytes to aggregator-001 (16.75ms)
Session completed with aggregator-001
[2025-12-10 08:04:41] Meter 322: Generated 5.131 kWh (encrypted: 334347 bytes, 4.410 ms)
[2025-12-10 08:05:01] Meter 322: Generated 5.659 kWh (encrypted: 334270 bytes, 4.534 ms)
[2025-12-10 08:05:21] Meter 322: Generated 5.509 kWh (encrypted: 334427 bytes, 6.392 ms)
[2025-12-10 08:05:41] Meter 322: Generated 4.317 kWh (encrypted: 334330 bytes, 4.713 ms)
[2025-12-10 08:05:44] NETWORK INFO: Server authentication successful for node: aggregator-001
✓ Aggregator connected: aggregator-001 from 127.0.0.1
✓ Sent 334330 bytes to aggregator-001 (0.47ms)
Session completed with aggregator-001
[2025-12-10 08:06:01] Meter 322: Generated 6.147 kWh (encrypted: 334221 bytes, 6.640 ms)
[2025-12-10 08:06:21] Meter 322: Generated 1.564 kWh (encrypted: 334075 bytes, 4.639 ms)
[2025-12-10 08:06:41] Meter 322: Generated 2.350 kWh (encrypted: 334416 bytes, 6.573 ms)
[2025-12-10 08:06:50] NETWORK INFO: Server authentication successful for node: aggregator-001
✓ Aggregator connected: aggregator-001 from 127.0.0.1
✓ Sent 334416 bytes to aggregator-001 (0.54ms)
Session completed with aggregator-001
[2025-12-10 08:07:01] Meter 322: Generated 4.070 kWh (encrypted: 334339 bytes, 4.644 ms)
[2025-12-10 08:07:21] Meter 322: Generated 7.242 kWh (encrypted: 334155 bytes, 4.434 ms)
[2025-12-10 08:07:41] Meter 322: Generated 6.467 kWh (encrypted: 334373 bytes, 4.751 ms)
[2025-12-10 08:07:56] NETWORK INFO: Server authentication successful for node: aggregator-001
✓ Aggregator connected: aggregator-001 from 127.0.0.1
✓ Sent 334373 bytes to aggregator-001 (11.43ms)
Session completed with aggregator-001
[2025-12-10 08:08:01] Meter 322: Generated 6.141 kWh (encrypted: 334529 bytes, 4.758 ms)
[2025-12-10 08:08:21] Meter 322: Generated 5.498 kWh (encrypted: 334499 bytes, 5.942 ms)
[2025-12-10 08:08:41] Meter 322: Generated 1.788 kWh (encrypted: 334423 bytes, 6.384 ms)
[2025-12-10 08:09:01] NETWORK INFO: Server authentication successful for node: aggregator-001
✓ Aggregator connected: aggregator-001 from 127.0.0.1
✓ Sent 334423 bytes to aggregator-001 (31.13ms)
Session completed with aggregator-001
[2025-12-10 08:09:01] Meter 322: Generated 1.356 kWh (encrypted: 334312 bytes, 4.493 ms)
[2025-12-10 08:09:21] Meter 322: Generated 2.110 kWh (encrypted: 334240 bytes, 5.196 ms)
[2025-12-10 08:09:41] Meter 322: Generated 6.363 kWh (encrypted: 334301 bytes, 4.843 ms)
[2025-12-10 08:10:01] Meter 322: Generated 3.993 kWh (encrypted: 334109 bytes, 4.560 ms)
[2025-12-10 08:10:06] NETWORK INFO: Server authentication successful for node: aggregator-001
✓ Aggregator connected: aggregator-001 from 127.0.0.1
✓ Sent 334109 bytes to aggregator-001 (10.84ms)
Session completed with aggregator-001
[2025-12-10 08:10:21] Meter 322: Generated 5.938 kWh (encrypted: 334138 bytes, 4.410 ms)
[2025-12-10 08:10:41] Meter 322: Generated 5.563 kWh (encrypted: 334342 bytes, 5.007 ms)
[2025-12-10 08:11:01] Meter 322: Generated 6.409 kWh (encrypted: 334336 bytes, 4.944 ms)
[2025-12-10 08:11:12] NETWORK INFO: Server authentication successful for node: aggregator-001
✓ Aggregator connected: aggregator-001 from 127.0.0.1
✓ Sent 334336 bytes to aggregator-001 (5.25ms)
Session completed with aggregator-001
[2025-12-10 08:11:21] Meter 322: Generated 7.354 kWh (encrypted: 334285 bytes, 6.683 ms)
[2025-12-10 08:11:41] Meter 322: Generated 6.608 kWh (encrypted: 334256 bytes, 5.804 ms)
[2025-12-10 08:12:01] Meter 322: Generated 2.375 kWh (encrypted: 334477 bytes, 4.900 ms)
[2025-12-10 08:12:17] NETWORK INFO: Server authentication successful for node: aggregator-001
✓ Aggregator connected: aggregator-001 from 127.0.0.1
✓ Sent 334477 bytes to aggregator-001 (0.34ms)
Session completed with aggregator-001
[2025-12-10 08:12:21] Meter 322: Generated 2.636 kWh (encrypted: 334459 bytes, 6.550 ms)

Received shutdown signal. Gracefully shutting down smart meter...
Network server thread stopped
Data generation thread stopped
Smart meter 322 shutdown complete
