=== Continuous Smart Meter Server 333 ===
Initializing for continuous operation...
SEAL context initialized
Loaded certificate: smart-meter-333
Requesting public keys from KDC...
[2025-12-10 08:01:55] NETWORK ERROR: Failed to connect to 127.0.0.1:8444: Connection refused
Error: Failed to connect to KDC at 127.0.0.1:8444
Error: Failed to send key request to KDC
Failed to obtain keys from KDC, falling back to file keys
Loaded keys from fallback files
Cryptographic components initialized
[2025-12-10 08:01:55] NETWORK INFO: Server socket created and listening on port 9333
✓ Smart meter server ready on port 9333
Data transmission interval: 20 seconds (15x accelerated - simulates 5min)
✓ Performance metrics CSV files initialized in performance_data/
Starting continuous smart meter operation...
Press Ctrl+C to stop gracefully
Data generation thread started
Network server thread started on port 9333
[2025-12-10 08:02:15] Meter 333: Generated 5.703 kWh (encrypted: 334491 bytes, 5.669 ms)
[2025-12-10 08:02:33] NETWORK INFO: Server authentication successful for node: aggregator-001
✓ Aggregator connected: aggregator-001 from 127.0.0.1
✓ Sent 334491 bytes to aggregator-001 (18.48ms)
Session completed with aggregator-001
[2025-12-10 08:02:35] Meter 333: Generated 6.878 kWh (encrypted: 334391 bytes, 5.284 ms)
[2025-12-10 08:02:55] Meter 333: Generated 5.138 kWh (encrypted: 334213 bytes, 12.282 ms)
[2025-12-10 08:03:15] Meter 333: Generated 3.325 kWh (encrypted: 334438 bytes, 5.336 ms)
[2025-12-10 08:03:35] Meter 333: Generated 3.000 kWh (encrypted: 334147 bytes, 4.423 ms)
[2025-12-10 08:03:36] NETWORK INFO: Server authentication successful for node: aggregator-001
✓ Aggregator connected: aggregator-001 from 127.0.0.1
✓ Sent 334147 bytes to aggregator-001 (0.45ms)
Session completed with aggregator-001
[2025-12-10 08:03:55] Meter 333: Generated 3.891 kWh (encrypted: 334232 bytes, 5.198 ms)
[2025-12-10 08:04:15] Meter 333: Generated 2.616 kWh (encrypted: 334101 bytes, 6.589 ms)
[2025-12-10 08:04:35] Meter 333: Generated 5.117 kWh (encrypted: 334413 bytes, 8.622 ms)
[2025-12-10 08:04:39] NETWORK INFO: Server authentication successful for node: aggregator-001
✓ Aggregator connected: aggregator-001 from 127.0.0.1
✓ Sent 334413 bytes to aggregator-001 (24.37ms)
Session completed with aggregator-001
[2025-12-10 08:04:55] Meter 333: Generated 4.507 kWh (encrypted: 333939 bytes, 4.759 ms)
[2025-12-10 08:05:15] Meter 333: Generated 3.182 kWh (encrypted: 333803 bytes, 10.438 ms)
[2025-12-10 08:05:35] Meter 333: Generated 5.706 kWh (encrypted: 334226 bytes, 6.140 ms)
[2025-12-10 08:05:44] NETWORK INFO: Server authentication successful for node: aggregator-001
✓ Aggregator connected: aggregator-001 from 127.0.0.1
✓ Sent 334226 bytes to aggregator-001 (0.34ms)
Session completed with aggregator-001
[2025-12-10 08:05:55] Meter 333: Generated 1.494 kWh (encrypted: 334325 bytes, 6.426 ms)
[2025-12-10 08:06:15] Meter 333: Generated 7.134 kWh (encrypted: 334470 bytes, 6.560 ms)
[2025-12-10 08:06:35] Meter 333: Generated 4.816 kWh (encrypted: 334015 bytes, 4.689 ms)
[2025-12-10 08:06:50] NETWORK INFO: Server authentication successful for node: aggregator-001
✓ Aggregator connected: aggregator-001 from 127.0.0.1
✓ Sent 334015 bytes to aggregator-001 (13.82ms)
Session completed with aggregator-001
[2025-12-10 08:06:55] Meter 333: Generated 6.235 kWh (encrypted: 334502 bytes, 4.858 ms)
[2025-12-10 08:07:15] Meter 333: Generated 4.106 kWh (encrypted: 334369 bytes, 4.503 ms)
[2025-12-10 08:07:35] Meter 333: Generated 5.542 kWh (encrypted: 334195 bytes, 5.019 ms)
[2025-12-10 08:07:55] Meter 333: Generated 6.104 kWh (encrypted: 334399 bytes, 5.480 ms)
[2025-12-10 08:07:56] NETWORK INFO: Server authentication successful for node: aggregator-001
✓ Aggregator connected: aggregator-001 from 127.0.0.1
✓ Sent 334399 bytes to aggregator-001 (0.38ms)
Session completed with aggregator-001
[2025-12-10 08:08:15] Meter 333: Generated 5.933 kWh (encrypted: 334201 bytes, 6.298 ms)
[2025-12-10 08:08:35] Meter 333: Generated 4.676 kWh (encrypted: 334368 bytes, 5.632 ms)
[2025-12-10 08:08:55] Meter 333: Generated 1.187 kWh (encrypted: 334100 bytes, 5.486 ms)
[2025-12-10 08:09:01] NETWORK INFO: Server authentication successful for node: aggregator-001
✓ Aggregator connected: aggregator-001 from 127.0.0.1
✓ Sent 334100 bytes to aggregator-001 (4.24ms)
Session completed with aggregator-001
[2025-12-10 08:09:15] Meter 333: Generated 3.500 kWh (encrypted: 334340 bytes, 6.743 ms)
[2025-12-10 08:09:35] Meter 333: Generated 3.648 kWh (encrypted: 334263 bytes, 4.969 ms)
[2025-12-10 08:09:55] Meter 333: Generated 1.336 kWh (encrypted: 334081 bytes, 6.736 ms)
[2025-12-10 08:10:06] NETWORK INFO: Server authentication successful for node: aggregator-001
✓ Aggregator connected: aggregator-001 from 127.0.0.1
✓ Sent 334081 bytes to aggregator-001 (0.41ms)
Session completed with aggregator-001
[2025-12-10 08:10:15] Meter 333: Generated 1.550 kWh (encrypted: 334153 bytes, 6.461 ms)
[2025-12-10 08:10:35] Meter 333: Generated 3.419 kWh (encrypted: 334447 bytes, 5.489 ms)
[2025-12-10 08:10:55] Meter 333: Generated 1.847 kWh (encrypted: 334352 bytes, 4.480 ms)
[2025-12-10 08:11:12] NETWORK INFO: Server authentication successful for node: aggregator-001
✓ Aggregator connected: aggregator-001 from 127.0.0.1
✓ Sent 334352 bytes to aggregator-001 (7.12ms)
Session completed with aggregator-001
[2025-12-10 08:11:15] Meter 333: Generated 3.834 kWh (encrypted: 334337 bytes, 6.622 ms)
[2025-12-10 08:11:35] Meter 333: Generated 1.960 kWh (encrypted: 334190 bytes, 6.068 ms)
[2025-12-10 08:11:55] Meter 333: Generated 1.989 kWh (encrypted: 334498 bytes, 6.584 ms)
[2025-12-10 08:12:15] Meter 333: Generated 5.118 kWh (encrypted: 334463 bytes, 6.398 ms)
[2025-12-10 08:12:17] NETWORK INFO: Server authentication successful for node: aggregator-001
✓ Aggregator connected: aggregator-001 from 127.0.0.1
✓ Sent 334463 bytes to aggregator-001 (0.36ms)
Session completed with aggregator-001

Received shutdown signal. Gracefully shutting down smart meter...
Network server thread stopped
Data generation thread stopped
Smart meter 333 shutdown complete
