=== Continuous Smart Meter Server 201 ===
Initializing for continuous operation...
SEAL context initialized
Loaded certificate: smart-meter-201
Requesting public keys from KDC...
[2025-12-10 07:59:11] NETWORK ERROR: Failed to connect to 127.0.0.1:8444: Connection refused
Error: Failed to connect to KDC at 127.0.0.1:8444
Error: Failed to send key request to KDC
Failed to obtain keys from KDC, falling back to file keys
Loaded keys from fallback files
Cryptographic components initialized
[2025-12-10 07:59:11] NETWORK INFO: Server socket created and listening on port 9201
✓ Smart meter server ready on port 9201
Data transmission interval: 20 seconds (15x accelerated - simulates 5min)
✓ Performance metrics CSV files initialized in performance_data/
Starting continuous smart meter operation...
Press Ctrl+C to stop gracefully
Data generation thread started
Network server thread started on port 9201
[2025-12-10 07:59:27] NETWORK INFO: Server authentication successful for node: aggregator-001
✓ Aggregator connected: aggregator-001 from 127.0.0.1
[2025-12-10 07:59:31] Meter 201: Generated 4.471 kWh (encrypted: 334299 bytes, 8.413 ms)
✓ Sent 334299 bytes to aggregator-001 (0.81ms)
Session completed with aggregator-001
[2025-12-10 07:59:51] Meter 201: Generated 2.942 kWh (encrypted: 334443 bytes, 5.817 ms)
[2025-12-10 08:00:11] Meter 201: Generated 3.226 kWh (encrypted: 334308 bytes, 4.370 ms)
[2025-12-10 08:00:28] NETWORK INFO: Server authentication successful for node: aggregator-001
✓ Aggregator connected: aggregator-001 from 127.0.0.1
✓ Sent 334308 bytes to aggregator-001 (0.42ms)
Session completed with aggregator-001
[2025-12-10 08:00:31] Meter 201: Generated 3.377 kWh (encrypted: 334113 bytes, 5.216 ms)
[2025-12-10 08:00:51] Meter 201: Generated 5.767 kWh (encrypted: 334284 bytes, 4.369 ms)
[2025-12-10 08:01:11] Meter 201: Generated 6.445 kWh (encrypted: 334480 bytes, 4.474 ms)
[2025-12-10 08:01:31] NETWORK INFO: Server authentication successful for node: aggregator-001
✓ Aggregator connected: aggregator-001 from 127.0.0.1
✓ Sent 334480 bytes to aggregator-001 (0.40ms)
Session completed with aggregator-001
[2025-12-10 08:01:31] Meter 201: Generated 1.784 kWh (encrypted: 334326 bytes, 5.118 ms)
[2025-12-10 08:01:51] Meter 201: Generated 3.267 kWh (encrypted: 334407 bytes, 4.434 ms)
[2025-12-10 08:02:11] Meter 201: Generated 3.681 kWh (encrypted: 334461 bytes, 5.664 ms)
[2025-12-10 08:02:31] Meter 201: Generated 3.012 kWh (encrypted: 334245 bytes, 4.398 ms)
[2025-12-10 08:02:33] NETWORK INFO: Server authentication successful for node: aggregator-001
✓ Aggregator connected: aggregator-001 from 127.0.0.1
✓ Sent 334245 bytes to aggregator-001 (0.45ms)
Session completed with aggregator-001
[2025-12-10 08:02:51] Meter 201: Generated 2.499 kWh (encrypted: 334253 bytes, 4.296 ms)
[2025-12-10 08:03:11] Meter 201: Generated 1.706 kWh (encrypted: 334384 bytes, 6.097 ms)
[2025-12-10 08:03:31] Meter 201: Generated 4.292 kWh (encrypted: 334439 bytes, 6.524 ms)
[2025-12-10 08:03:36] NETWORK INFO: Server authentication successful for node: aggregator-001
✓ Aggregator connected: aggregator-001 from 127.0.0.1
✓ Sent 334439 bytes to aggregator-001 (0.41ms)
Session completed with aggregator-001
[2025-12-10 08:03:51] Meter 201: Generated 0.990 kWh (encrypted: 334423 bytes, 5.789 ms)
[2025-12-10 08:04:11] Meter 201: Generated 3.633 kWh (encrypted: 334361 bytes, 4.478 ms)
[2025-12-10 08:04:31] Meter 201: Generated 1.514 kWh (encrypted: 334221 bytes, 10.150 ms)
[2025-12-10 08:04:39] NETWORK INFO: Server authentication successful for node: aggregator-001
✓ Aggregator connected: aggregator-001 from 127.0.0.1
✓ Sent 334221 bytes to aggregator-001 (4.48ms)
Session completed with aggregator-001
[2025-12-10 08:04:51] Meter 201: Generated 3.097 kWh (encrypted: 334146 bytes, 4.526 ms)
[2025-12-10 08:05:11] Meter 201: Generated 7.243 kWh (encrypted: 334317 bytes, 4.388 ms)
[2025-12-10 08:05:31] Meter 201: Generated 4.814 kWh (encrypted: 334116 bytes, 4.947 ms)
[2025-12-10 08:05:44] NETWORK INFO: Server authentication successful for node: aggregator-001
✓ Aggregator connected: aggregator-001 from 127.0.0.1
✓ Sent 334116 bytes to aggregator-001 (0.41ms)
Session completed with aggregator-001
[2025-12-10 08:05:51] Meter 201: Generated 6.916 kWh (encrypted: 334475 bytes, 4.388 ms)
[2025-12-10 08:06:11] Meter 201: Generated 4.825 kWh (encrypted: 334381 bytes, 7.171 ms)
[2025-12-10 08:06:32] Meter 201: Generated 3.119 kWh (encrypted: 334295 bytes, 4.423 ms)
[2025-12-10 08:06:50] NETWORK INFO: Server authentication successful for node: aggregator-001
✓ Aggregator connected: aggregator-001 from 127.0.0.1
✓ Sent 334295 bytes to aggregator-001 (0.36ms)
Session completed with aggregator-001
[2025-12-10 08:06:52] Meter 201: Generated 5.885 kWh (encrypted: 334294 bytes, 8.421 ms)
[2025-12-10 08:07:12] Meter 201: Generated 4.557 kWh (encrypted: 334404 bytes, 6.472 ms)
[2025-12-10 08:07:32] Meter 201: Generated 2.422 kWh (encrypted: 334288 bytes, 4.662 ms)
[2025-12-10 08:07:52] Meter 201: Generated 3.242 kWh (encrypted: 334048 bytes, 4.314 ms)
[2025-12-10 08:07:56] NETWORK INFO: Server authentication successful for node: aggregator-001
✓ Aggregator connected: aggregator-001 from 127.0.0.1
✓ Sent 334048 bytes to aggregator-001 (0.41ms)
Session completed with aggregator-001
[2025-12-10 08:08:12] Meter 201: Generated 1.127 kWh (encrypted: 333970 bytes, 8.747 ms)
[2025-12-10 08:08:32] Meter 201: Generated 1.497 kWh (encrypted: 334151 bytes, 4.760 ms)
[2025-12-10 08:08:52] Meter 201: Generated 5.808 kWh (encrypted: 334425 bytes, 4.452 ms)
[2025-12-10 08:09:01] NETWORK INFO: Server authentication successful for node: aggregator-001
✓ Aggregator connected: aggregator-001 from 127.0.0.1
✓ Sent 334425 bytes to aggregator-001 (5.06ms)
Session completed with aggregator-001
[2025-12-10 08:09:12] Meter 201: Generated 7.052 kWh (encrypted: 334042 bytes, 6.617 ms)
[2025-12-10 08:09:32] Meter 201: Generated 3.275 kWh (encrypted: 334413 bytes, 4.396 ms)
[2025-12-10 08:09:52] Meter 201: Generated 4.975 kWh (encrypted: 334389 bytes, 4.559 ms)
[2025-12-10 08:10:06] NETWORK INFO: Server authentication successful for node: aggregator-001
✓ Aggregator connected: aggregator-001 from 127.0.0.1
✓ Sent 334389 bytes to aggregator-001 (0.39ms)
Session completed with aggregator-001
[2025-12-10 08:10:12] Meter 201: Generated 3.843 kWh (encrypted: 334125 bytes, 4.782 ms)
[2025-12-10 08:10:32] Meter 201: Generated 1.474 kWh (encrypted: 334395 bytes, 6.755 ms)
[2025-12-10 08:10:52] Meter 201: Generated 4.854 kWh (encrypted: 334414 bytes, 4.841 ms)
[2025-12-10 08:11:12] NETWORK INFO: Server authentication successful for node: aggregator-001
✓ Aggregator connected: aggregator-001 from 127.0.0.1
✓ Sent 334414 bytes to aggregator-001 (1.41ms)
Session completed with aggregator-001
[2025-12-10 08:11:12] Meter 201: Generated 4.061 kWh (encrypted: 334438 bytes, 11.589 ms)
[2025-12-10 08:11:32] Meter 201: Generated 1.743 kWh (encrypted: 334384 bytes, 4.673 ms)
[2025-12-10 08:11:52] Meter 201: Generated 3.282 kWh (encrypted: 334500 bytes, 4.920 ms)
[2025-12-10 08:12:12] Meter 201: Generated 6.821 kWh (encrypted: 334219 bytes, 6.434 ms)
[2025-12-10 08:12:17] NETWORK INFO: Server authentication successful for node: aggregator-001
✓ Aggregator connected: aggregator-001 from 127.0.0.1
✓ Sent 334219 bytes to aggregator-001 (0.35ms)
Session completed with aggregator-001
[2025-12-10 08:12:32] Meter 201: Generated 5.156 kWh (encrypted: 334440 bytes, 5.612 ms)

Received shutdown signal. Gracefully shutting down smart meter...
Network server thread stopped
Data generation thread stopped
Smart meter 201 shutdown complete
