=== Continuous Smart Meter Server 407 ===
Initializing for continuous operation...
SEAL context initialized
Loaded certificate: smart-meter-407
Requesting public keys from KDC...
[2025-12-10 08:03:27] NETWORK ERROR: Failed to connect to 127.0.0.1:8444: Connection refused
Error: Failed to connect to KDC at 127.0.0.1:8444
Error: Failed to send key request to KDC
Failed to obtain keys from KDC, falling back to file keys
Loaded keys from fallback files
Cryptographic components initialized
[2025-12-10 08:03:27] NETWORK INFO: Server socket created and listening on port 9407
✓ Smart meter server ready on port 9407
Data transmission interval: 20 seconds (15x accelerated - simulates 5min)
✓ Performance metrics CSV files initialized in performance_data/
Starting continuous smart meter operation...
Press Ctrl+C to stop gracefully
Data generation thread started
Network server thread started on port 9407
[2025-12-10 08:03:36] NETWORK INFO: Server authentication successful for node: aggregator-001
✓ Aggregator connected: aggregator-001 from 127.0.0.1
[2025-12-10 08:03:47] Meter 407: Generated 2.740 kWh (encrypted: 334476 bytes, 5.072 ms)
✓ Sent 334476 bytes to aggregator-001 (0.77ms)
Session completed with aggregator-001
[2025-12-10 08:04:07] Meter 407: Generated 1.737 kWh (encrypted: 334481 bytes, 4.305 ms)
[2025-12-10 08:04:27] Meter 407: Generated 6.067 kWh (encrypted: 333971 bytes, 5.055 ms)
[2025-12-10 08:04:40] NETWORK INFO: Server authentication successful for node: aggregator-001
✓ Aggregator connected: aggregator-001 from 127.0.0.1
✓ Sent 333971 bytes to aggregator-001 (1.45ms)
Session completed with aggregator-001
[2025-12-10 08:04:47] Meter 407: Generated 1.907 kWh (encrypted: 334191 bytes, 4.358 ms)
[2025-12-10 08:05:07] Meter 407: Generated 3.307 kWh (encrypted: 334099 bytes, 4.440 ms)
[2025-12-10 08:05:27] Meter 407: Generated 1.247 kWh (encrypted: 334409 bytes, 6.528 ms)
[2025-12-10 08:05:44] NETWORK INFO: Server authentication successful for node: aggregator-001
✓ Aggregator connected: aggregator-001 from 127.0.0.1
✓ Sent 334409 bytes to aggregator-001 (27.35ms)
Session completed with aggregator-001
[2025-12-10 08:05:47] Meter 407: Generated 2.826 kWh (encrypted: 334412 bytes, 4.695 ms)
[2025-12-10 08:06:07] Meter 407: Generated 5.387 kWh (encrypted: 334423 bytes, 5.880 ms)
[2025-12-10 08:06:27] Meter 407: Generated 5.954 kWh (encrypted: 334079 bytes, 4.812 ms)
[2025-12-10 08:06:48] Meter 407: Generated 7.145 kWh (encrypted: 334458 bytes, 4.522 ms)
[2025-12-10 08:06:50] NETWORK INFO: Server authentication successful for node: aggregator-001
✓ Aggregator connected: aggregator-001 from 127.0.0.1
✓ Sent 334458 bytes to aggregator-001 (14.45ms)
Session completed with aggregator-001
[2025-12-10 08:07:08] Meter 407: Generated 5.816 kWh (encrypted: 334406 bytes, 4.369 ms)
[2025-12-10 08:07:28] Meter 407: Generated 1.981 kWh (encrypted: 334350 bytes, 4.879 ms)
[2025-12-10 08:07:48] Meter 407: Generated 4.954 kWh (encrypted: 334079 bytes, 4.779 ms)
[2025-12-10 08:07:56] NETWORK INFO: Server authentication successful for node: aggregator-001
✓ Aggregator connected: aggregator-001 from 127.0.0.1
✓ Sent 334079 bytes to aggregator-001 (0.36ms)
Session completed with aggregator-001
[2025-12-10 08:08:08] Meter 407: Generated 5.358 kWh (encrypted: 334338 bytes, 6.999 ms)
[2025-12-10 08:08:28] Meter 407: Generated 5.415 kWh (encrypted: 334257 bytes, 4.590 ms)
[2025-12-10 08:08:48] Meter 407: Generated 5.629 kWh (encrypted: 334464 bytes, 4.966 ms)
[2025-12-10 08:09:01] NETWORK INFO: Server authentication successful for node: aggregator-001
✓ Aggregator connected: aggregator-001 from 127.0.0.1
✓ Sent 334464 bytes to aggregator-001 (1.93ms)
Session completed with aggregator-001
[2025-12-10 08:09:08] Meter 407: Generated 5.324 kWh (encrypted: 334398 bytes, 25.029 ms)
[2025-12-10 08:09:28] Meter 407: Generated 2.233 kWh (encrypted: 334416 bytes, 4.530 ms)
[2025-12-10 08:09:48] Meter 407: Generated 7.459 kWh (encrypted: 334269 bytes, 6.871 ms)
[2025-12-10 08:10:06] NETWORK INFO: Server authentication successful for node: aggregator-001
✓ Aggregator connected: aggregator-001 from 127.0.0.1
✓ Sent 334269 bytes to aggregator-001 (0.35ms)
Session completed with aggregator-001
[2025-12-10 08:10:08] Meter 407: Generated 1.200 kWh (encrypted: 334067 bytes, 6.736 ms)
[2025-12-10 08:10:28] Meter 407: Generated 7.307 kWh (encrypted: 334329 bytes, 5.202 ms)
[2025-12-10 08:10:48] Meter 407: Generated 2.045 kWh (encrypted: 334068 bytes, 4.727 ms)
[2025-12-10 08:11:08] Meter 407: Generated 1.213 kWh (encrypted: 334246 bytes, 5.380 ms)
[2025-12-10 08:11:12] NETWORK INFO: Server authentication successful for node: aggregator-001
✓ Aggregator connected: aggregator-001 from 127.0.0.1
✓ Sent 334246 bytes to aggregator-001 (0.37ms)
Session completed with aggregator-001
[2025-12-10 08:11:28] Meter 407: Generated 5.624 kWh (encrypted: 334288 bytes, 4.714 ms)
[2025-12-10 08:11:48] Meter 407: Generated 5.822 kWh (encrypted: 334440 bytes, 7.207 ms)
[2025-12-10 08:12:08] Meter 407: Generated 5.604 kWh (encrypted: 334271 bytes, 6.598 ms)
[2025-12-10 08:12:17] NETWORK INFO: Server authentication successful for node: aggregator-001
✓ Aggregator connected: aggregator-001 from 127.0.0.1
✓ Sent 334271 bytes to aggregator-001 (1.98ms)
Session completed with aggregator-001
[2025-12-10 08:12:28] Meter 407: Generated 6.252 kWh (encrypted: 334258 bytes, 6.576 ms)

Received shutdown signal. Gracefully shutting down smart meter...
Network server thread stopped
Data generation thread stopped
Smart meter 407 shutdown complete
