=== Continuous Smart Meter Server 414 ===
Initializing for continuous operation...
SEAL context initialized
Loaded certificate: smart-meter-414
Requesting public keys from KDC...
[2025-12-10 08:03:36] NETWORK ERROR: Failed to connect to 127.0.0.1:8444: Connection refused
Error: Failed to connect to KDC at 127.0.0.1:8444
Error: Failed to send key request to KDC
Failed to obtain keys from KDC, falling back to file keys
Loaded keys from fallback files
Cryptographic components initialized
[2025-12-10 08:03:36] NETWORK INFO: Server socket created and listening on port 9414
✓ Smart meter server ready on port 9414
Data transmission interval: 20 seconds (15x accelerated - simulates 5min)
✓ Performance metrics CSV files initialized in performance_data/
Starting continuous smart meter operation...
Press Ctrl+C to stop gracefully
Data generation thread started
Network server thread started on port 9414
[2025-12-10 08:03:56] Meter 414: Generated 3.379 kWh (encrypted: 334161 bytes, 5.149 ms)
[2025-12-10 08:04:16] Meter 414: Generated 5.732 kWh (encrypted: 334021 bytes, 4.554 ms)
[2025-12-10 08:04:36] Meter 414: Generated 2.662 kWh (encrypted: 334348 bytes, 4.298 ms)
[2025-12-10 08:04:39] NETWORK INFO: Server authentication successful for node: aggregator-001
✓ Aggregator connected: aggregator-001 from 127.0.0.1
✓ Sent 334348 bytes to aggregator-001 (30.64ms)
Session completed with aggregator-001
[2025-12-10 08:04:56] Meter 414: Generated 6.058 kWh (encrypted: 334324 bytes, 4.766 ms)
[2025-12-10 08:05:16] Meter 414: Generated 4.545 kWh (encrypted: 334315 bytes, 4.656 ms)
[2025-12-10 08:05:36] Meter 414: Generated 4.580 kWh (encrypted: 334315 bytes, 6.248 ms)
[2025-12-10 08:05:44] NETWORK INFO: Server authentication successful for node: aggregator-001
✓ Aggregator connected: aggregator-001 from 127.0.0.1
✓ Sent 334315 bytes to aggregator-001 (7.26ms)
Session completed with aggregator-001
[2025-12-10 08:05:56] Meter 414: Generated 2.101 kWh (encrypted: 334519 bytes, 4.374 ms)
[2025-12-10 08:06:16] Meter 414: Generated 6.516 kWh (encrypted: 334486 bytes, 6.710 ms)
[2025-12-10 08:06:36] Meter 414: Generated 7.206 kWh (encrypted: 334318 bytes, 4.657 ms)
[2025-12-10 08:06:50] NETWORK INFO: Server authentication successful for node: aggregator-001
✓ Aggregator connected: aggregator-001 from 127.0.0.1
✓ Sent 334318 bytes to aggregator-001 (0.39ms)
Session completed with aggregator-001
[2025-12-10 08:06:56] Meter 414: Generated 6.339 kWh (encrypted: 334199 bytes, 6.679 ms)
[2025-12-10 08:07:16] Meter 414: Generated 2.850 kWh (encrypted: 334413 bytes, 5.011 ms)
[2025-12-10 08:07:36] Meter 414: Generated 7.209 kWh (encrypted: 334438 bytes, 4.843 ms)
[2025-12-10 08:07:56] NETWORK INFO: Server authentication successful for node: aggregator-001
✓ Aggregator connected: aggregator-001 from 127.0.0.1
✓ Sent 334438 bytes to aggregator-001 (0.36ms)
Session completed with aggregator-001
[2025-12-10 08:07:56] Meter 414: Generated 2.211 kWh (encrypted: 334260 bytes, 6.569 ms)
[2025-12-10 08:08:17] Meter 414: Generated 6.280 kWh (encrypted: 334268 bytes, 4.890 ms)
[2025-12-10 08:08:37] Meter 414: Generated 3.080 kWh (encrypted: 334383 bytes, 4.890 ms)
[2025-12-10 08:08:57] Meter 414: Generated 4.005 kWh (encrypted: 334289 bytes, 6.494 ms)
[2025-12-10 08:09:01] NETWORK INFO: Server authentication successful for node: aggregator-001
✓ Aggregator connected: aggregator-001 from 127.0.0.1
✓ Sent 334289 bytes to aggregator-001 (0.97ms)
Session completed with aggregator-001
[2025-12-10 08:09:17] Meter 414: Generated 5.229 kWh (encrypted: 334119 bytes, 6.381 ms)
[2025-12-10 08:09:37] Meter 414: Generated 5.989 kWh (encrypted: 334351 bytes, 4.981 ms)
[2025-12-10 08:09:57] Meter 414: Generated 2.481 kWh (encrypted: 334230 bytes, 6.415 ms)
[2025-12-10 08:10:06] NETWORK INFO: Server authentication successful for node: aggregator-001
✓ Aggregator connected: aggregator-001 from 127.0.0.1
✓ Sent 334230 bytes to aggregator-001 (9.65ms)
Session completed with aggregator-001
[2025-12-10 08:10:17] Meter 414: Generated 6.569 kWh (encrypted: 334151 bytes, 4.583 ms)
[2025-12-10 08:10:37] Meter 414: Generated 3.191 kWh (encrypted: 334140 bytes, 7.349 ms)
[2025-12-10 08:10:57] Meter 414: Generated 2.017 kWh (encrypted: 334504 bytes, 6.931 ms)
[2025-12-10 08:11:12] NETWORK INFO: Server authentication successful for node: aggregator-001
✓ Aggregator connected: aggregator-001 from 127.0.0.1
✓ Sent 334504 bytes to aggregator-001 (0.36ms)
Session completed with aggregator-001
[2025-12-10 08:11:17] Meter 414: Generated 4.428 kWh (encrypted: 334483 bytes, 6.343 ms)
[2025-12-10 08:11:37] Meter 414: Generated 6.154 kWh (encrypted: 333884 bytes, 4.692 ms)
[2025-12-10 08:11:57] Meter 414: Generated 1.547 kWh (encrypted: 334341 bytes, 4.800 ms)
[2025-12-10 08:12:17] Meter 414: Generated 3.069 kWh (encrypted: 334027 bytes, 4.577 ms)
[2025-12-10 08:12:17] NETWORK INFO: Server authentication successful for node: aggregator-001
✓ Aggregator connected: aggregator-001 from 127.0.0.1
✓ Sent 334027 bytes to aggregator-001 (0.42ms)
Session completed with aggregator-001

Received shutdown signal. Gracefully shutting down smart meter...
Network server thread stopped
Data generation thread stopped
Smart meter 414 shutdown complete
