=== Continuous Smart Meter Server 23 ===
Initializing for continuous operation...
SEAL context initialized
Loaded certificate: smart-meter-023
Requesting public keys from KDC...
[2025-12-14 17:02:20] NETWORK ERROR: Failed to connect to 127.0.0.1:8444: Connection refused
Error: Failed to connect to KDC at 127.0.0.1:8444
Error: Failed to send key request to KDC
Failed to obtain keys from KDC, falling back to file keys
Loaded keys from fallback files
Cryptographic components initialized
[2025-12-14 17:02:20] NETWORK INFO: Server socket created and listening on port 9023
✓ Smart meter server ready on port 9023
Data transmission interval: 20 seconds (15x accelerated - simulates 5min)
✓ Performance metrics CSV files initialized in performance_data/
Starting continuous smart meter operation...
Press Ctrl+C to stop gracefully
Data generation thread started
Network server thread started on port 9023
[2025-12-14 17:02:40] Meter 23 (Low): 0.433 kWh (H:1.06, D:1.04) (encrypted: 334423 bytes, 5.001 ms)
[2025-12-14 17:02:51] NETWORK INFO: Server authentication successful for node: aggregator-001
✓ Aggregator connected: aggregator-001 from 127.0.0.1
✓ Sent 334423 bytes to aggregator-001 (0.99ms)
Session completed with aggregator-001
[2025-12-14 17:03:00] Meter 23 (Low): 0.440 kWh (H:1.06, D:1.04) (encrypted: 334256 bytes, 4.491 ms)

Received shutdown signal. Gracefully shutting down smart meter...
Network server thread stopped

Received shutdown signal. Gracefully shutting down smart meter...
Data generation thread stopped
Smart meter 23 shutdown complete
