=== Continuous Smart Meter Server 41 ===
Initializing for continuous operation...
SEAL context initialized
Loaded certificate: smart-meter-041
Requesting public keys from KDC...
[2025-12-10 07:55:56] NETWORK ERROR: Failed to connect to 127.0.0.1:8444: Connection refused
Error: Failed to connect to KDC at 127.0.0.1:8444
Error: Failed to send key request to KDC
Failed to obtain keys from KDC, falling back to file keys
Loaded keys from fallback files
Cryptographic components initialized
[2025-12-10 07:55:56] NETWORK INFO: Server socket created and listening on port 9041
✓ Smart meter server ready on port 9041
Data transmission interval: 20 seconds (15x accelerated - simulates 5min)
✓ Performance metrics CSV files initialized in performance_data/
Starting continuous smart meter operation...
Press Ctrl+C to stop gracefully
Data generation thread started
Network server thread started on port 9041
[2025-12-10 07:56:05] NETWORK INFO: Server authentication successful for node: aggregator-001
✓ Aggregator connected: aggregator-001 from 127.0.0.1
[2025-12-10 07:56:16] Meter 41: Generated 2.795 kWh (encrypted: 334495 bytes, 4.868 ms)
✓ Sent 334495 bytes to aggregator-001 (1.13ms)
Session completed with aggregator-001
[2025-12-10 07:56:36] Meter 41: Generated 7.021 kWh (encrypted: 334201 bytes, 4.232 ms)
[2025-12-10 07:56:56] Meter 41: Generated 4.491 kWh (encrypted: 334401 bytes, 4.272 ms)
[2025-12-10 07:57:15] NETWORK INFO: Server authentication successful for node: aggregator-001
✓ Aggregator connected: aggregator-001 from 127.0.0.1
✓ Sent 334401 bytes to aggregator-001 (0.35ms)
Session completed with aggregator-001
[2025-12-10 07:57:16] Meter 41: Generated 5.249 kWh (encrypted: 334050 bytes, 6.303 ms)
[2025-12-10 07:57:36] Meter 41: Generated 1.857 kWh (encrypted: 334338 bytes, 4.497 ms)
[2025-12-10 07:57:56] Meter 41: Generated 4.462 kWh (encrypted: 334456 bytes, 4.913 ms)
[2025-12-10 07:58:16] Meter 41: Generated 1.518 kWh (encrypted: 334427 bytes, 4.359 ms)
[2025-12-10 07:58:25] NETWORK INFO: Server authentication successful for node: aggregator-001
✓ Aggregator connected: aggregator-001 from 127.0.0.1
✓ Sent 334427 bytes to aggregator-001 (0.40ms)
Session completed with aggregator-001
[2025-12-10 07:58:36] Meter 41: Generated 0.921 kWh (encrypted: 334202 bytes, 4.481 ms)
[2025-12-10 07:58:56] Meter 41: Generated 5.742 kWh (encrypted: 334356 bytes, 6.509 ms)
[2025-12-10 07:59:16] Meter 41: Generated 3.135 kWh (encrypted: 334339 bytes, 4.533 ms)
[2025-12-10 07:59:26] NETWORK INFO: Server authentication successful for node: aggregator-001
✓ Aggregator connected: aggregator-001 from 127.0.0.1
✓ Sent 334339 bytes to aggregator-001 (2.44ms)
Session completed with aggregator-001
[2025-12-10 07:59:36] Meter 41: Generated 6.092 kWh (encrypted: 334209 bytes, 4.449 ms)
[2025-12-10 07:59:56] Meter 41: Generated 1.886 kWh (encrypted: 334300 bytes, 6.541 ms)
[2025-12-10 08:00:16] Meter 41: Generated 4.889 kWh (encrypted: 334370 bytes, 4.769 ms)
[2025-12-10 08:00:28] NETWORK INFO: Server authentication successful for node: aggregator-001
✓ Aggregator connected: aggregator-001 from 127.0.0.1
✓ Sent 334370 bytes to aggregator-001 (1.90ms)
Session completed with aggregator-001
[2025-12-10 08:00:36] Meter 41: Generated 2.712 kWh (encrypted: 333224 bytes, 4.793 ms)
[2025-12-10 08:00:56] Meter 41: Generated 0.727 kWh (encrypted: 334291 bytes, 6.399 ms)
[2025-12-10 08:01:16] Meter 41: Generated 2.429 kWh (encrypted: 334436 bytes, 4.629 ms)
[2025-12-10 08:01:31] NETWORK INFO: Server authentication successful for node: aggregator-001
✓ Aggregator connected: aggregator-001 from 127.0.0.1
✓ Sent 334436 bytes to aggregator-001 (0.40ms)
Session completed with aggregator-001
[2025-12-10 08:01:36] Meter 41: Generated 2.006 kWh (encrypted: 334300 bytes, 6.429 ms)
[2025-12-10 08:01:56] Meter 41: Generated 5.023 kWh (encrypted: 334084 bytes, 4.925 ms)
[2025-12-10 08:02:16] Meter 41: Generated 3.035 kWh (encrypted: 334268 bytes, 5.110 ms)
[2025-12-10 08:02:33] NETWORK INFO: Server authentication successful for node: aggregator-001
✓ Aggregator connected: aggregator-001 from 127.0.0.1
✓ Sent 334268 bytes to aggregator-001 (2.54ms)
Session completed with aggregator-001
[2025-12-10 08:02:36] Meter 41: Generated 3.519 kWh (encrypted: 334356 bytes, 4.622 ms)
[2025-12-10 08:02:56] Meter 41: Generated 1.182 kWh (encrypted: 334101 bytes, 7.212 ms)
[2025-12-10 08:03:16] Meter 41: Generated 7.388 kWh (encrypted: 334299 bytes, 5.728 ms)
[2025-12-10 08:03:36] Meter 41: Generated 4.948 kWh (encrypted: 334583 bytes, 6.728 ms)
[2025-12-10 08:03:36] NETWORK INFO: Server authentication successful for node: aggregator-001
✓ Aggregator connected: aggregator-001 from 127.0.0.1
✓ Sent 334583 bytes to aggregator-001 (0.42ms)
Session completed with aggregator-001
[2025-12-10 08:03:56] Meter 41: Generated 2.558 kWh (encrypted: 334413 bytes, 4.743 ms)
[2025-12-10 08:04:16] Meter 41: Generated 1.232 kWh (encrypted: 334311 bytes, 4.644 ms)
[2025-12-10 08:04:36] Meter 41: Generated 3.333 kWh (encrypted: 334315 bytes, 4.586 ms)
[2025-12-10 08:04:39] NETWORK INFO: Server authentication successful for node: aggregator-001
✓ Aggregator connected: aggregator-001 from 127.0.0.1
✓ Sent 334315 bytes to aggregator-001 (0.42ms)
Session completed with aggregator-001
[2025-12-10 08:04:56] Meter 41: Generated 5.249 kWh (encrypted: 334030 bytes, 4.528 ms)
[2025-12-10 08:05:16] Meter 41: Generated 2.593 kWh (encrypted: 334092 bytes, 4.393 ms)
[2025-12-10 08:05:36] Meter 41: Generated 0.778 kWh (encrypted: 334133 bytes, 5.576 ms)
[2025-12-10 08:05:44] NETWORK INFO: Server authentication successful for node: aggregator-001
✓ Aggregator connected: aggregator-001 from 127.0.0.1
✓ Sent 334133 bytes to aggregator-001 (0.99ms)
Session completed with aggregator-001
[2025-12-10 08:05:56] Meter 41: Generated 3.634 kWh (encrypted: 334381 bytes, 4.594 ms)
[2025-12-10 08:06:16] Meter 41: Generated 5.187 kWh (encrypted: 334211 bytes, 6.764 ms)
[2025-12-10 08:06:36] Meter 41: Generated 4.104 kWh (encrypted: 334048 bytes, 6.575 ms)
[2025-12-10 08:06:50] NETWORK INFO: Server authentication successful for node: aggregator-001
✓ Aggregator connected: aggregator-001 from 127.0.0.1
✓ Sent 334048 bytes to aggregator-001 (0.36ms)
Session completed with aggregator-001
[2025-12-10 08:06:56] Meter 41: Generated 3.136 kWh (encrypted: 334115 bytes, 4.406 ms)
[2025-12-10 08:07:16] Meter 41: Generated 1.592 kWh (encrypted: 334138 bytes, 4.957 ms)
[2025-12-10 08:07:36] Meter 41: Generated 5.795 kWh (encrypted: 334182 bytes, 4.423 ms)
[2025-12-10 08:07:55] NETWORK INFO: Server authentication successful for node: aggregator-001
✓ Aggregator connected: aggregator-001 from 127.0.0.1
✓ Sent 334182 bytes to aggregator-001 (11.50ms)
Session completed with aggregator-001
[2025-12-10 08:07:56] Meter 41: Generated 3.292 kWh (encrypted: 334173 bytes, 5.979 ms)
[2025-12-10 08:08:16] Meter 41: Generated 2.309 kWh (encrypted: 334221 bytes, 5.596 ms)
[2025-12-10 08:08:36] Meter 41: Generated 4.517 kWh (encrypted: 334094 bytes, 4.682 ms)
[2025-12-10 08:08:56] Meter 41: Generated 7.273 kWh (encrypted: 334460 bytes, 5.817 ms)
[2025-12-10 08:09:01] NETWORK INFO: Server authentication successful for node: aggregator-001
✓ Aggregator connected: aggregator-001 from 127.0.0.1
✓ Sent 334460 bytes to aggregator-001 (0.37ms)
Session completed with aggregator-001
[2025-12-10 08:09:16] Meter 41: Generated 2.848 kWh (encrypted: 334154 bytes, 4.421 ms)
[2025-12-10 08:09:36] Meter 41: Generated 3.735 kWh (encrypted: 334206 bytes, 4.735 ms)
[2025-12-10 08:09:56] Meter 41: Generated 2.382 kWh (encrypted: 334128 bytes, 4.545 ms)
[2025-12-10 08:10:06] NETWORK INFO: Server authentication successful for node: aggregator-001
✓ Aggregator connected: aggregator-001 from 127.0.0.1
✓ Sent 334128 bytes to aggregator-001 (0.36ms)
Session completed with aggregator-001
[2025-12-10 08:10:16] Meter 41: Generated 3.190 kWh (encrypted: 334200 bytes, 6.537 ms)
[2025-12-10 08:10:36] Meter 41: Generated 1.412 kWh (encrypted: 333913 bytes, 4.769 ms)
[2025-12-10 08:10:56] Meter 41: Generated 4.827 kWh (encrypted: 334410 bytes, 5.686 ms)
[2025-12-10 08:11:12] NETWORK INFO: Server authentication successful for node: aggregator-001
✓ Aggregator connected: aggregator-001 from 127.0.0.1
✓ Sent 334410 bytes to aggregator-001 (8.20ms)
Session completed with aggregator-001
[2025-12-10 08:11:16] Meter 41: Generated 3.827 kWh (encrypted: 334185 bytes, 6.612 ms)
[2025-12-10 08:11:36] Meter 41: Generated 4.815 kWh (encrypted: 334164 bytes, 4.353 ms)
[2025-12-10 08:11:56] Meter 41: Generated 5.757 kWh (encrypted: 334227 bytes, 4.498 ms)
[2025-12-10 08:12:16] Meter 41: Generated 4.339 kWh (encrypted: 334518 bytes, 4.710 ms)
[2025-12-10 08:12:17] NETWORK INFO: Server authentication successful for node: aggregator-001
✓ Aggregator connected: aggregator-001 from 127.0.0.1
✓ Sent 334518 bytes to aggregator-001 (0.38ms)
Session completed with aggregator-001

Received shutdown signal. Gracefully shutting down smart meter...
Network server thread stopped

Received shutdown signal. Gracefully shutting down smart meter...
Data generation thread stopped
Smart meter 41 shutdown complete
