=== Continuous Smart Meter Server 474 ===
Initializing for continuous operation...
SEAL context initialized
Loaded certificate: smart-meter-474
Requesting public keys from KDC...
[2025-12-10 08:04:52] NETWORK ERROR: Failed to connect to 127.0.0.1:8444: Connection refused
Error: Failed to connect to KDC at 127.0.0.1:8444
Error: Failed to send key request to KDC
Failed to obtain keys from KDC, falling back to file keys
Loaded keys from fallback files
Cryptographic components initialized
[2025-12-10 08:04:52] NETWORK INFO: Server socket created and listening on port 9474
✓ Smart meter server ready on port 9474
Data transmission interval: 20 seconds (15x accelerated - simulates 5min)
✓ Performance metrics CSV files initialized in performance_data/
Starting continuous smart meter operation...
Press Ctrl+C to stop gracefully
Network server thread started on port 9474
Data generation thread started
[2025-12-10 08:05:12] Meter 474: Generated 4.791 kWh (encrypted: 334150 bytes, 4.915 ms)
[2025-12-10 08:05:32] Meter 474: Generated 4.878 kWh (encrypted: 334311 bytes, 4.384 ms)
[2025-12-10 08:05:44] NETWORK INFO: Server authentication successful for node: aggregator-001
✓ Aggregator connected: aggregator-001 from 127.0.0.1
✓ Sent 334311 bytes to aggregator-001 (0.71ms)
Session completed with aggregator-001
[2025-12-10 08:05:52] Meter 474: Generated 2.102 kWh (encrypted: 334387 bytes, 4.324 ms)
[2025-12-10 08:06:12] Meter 474: Generated 2.915 kWh (encrypted: 334470 bytes, 10.985 ms)
[2025-12-10 08:06:32] Meter 474: Generated 1.561 kWh (encrypted: 334431 bytes, 4.498 ms)
[2025-12-10 08:06:50] NETWORK INFO: Server authentication successful for node: aggregator-001
✓ Aggregator connected: aggregator-001 from 127.0.0.1
✓ Sent 334431 bytes to aggregator-001 (0.34ms)
Session completed with aggregator-001
[2025-12-10 08:06:52] Meter 474: Generated 3.990 kWh (encrypted: 334143 bytes, 4.600 ms)
[2025-12-10 08:07:12] Meter 474: Generated 5.542 kWh (encrypted: 334337 bytes, 5.953 ms)
[2025-12-10 08:07:32] Meter 474: Generated 3.026 kWh (encrypted: 334198 bytes, 5.588 ms)
[2025-12-10 08:07:52] Meter 474: Generated 6.355 kWh (encrypted: 334518 bytes, 4.629 ms)
[2025-12-10 08:07:56] NETWORK INFO: Server authentication successful for node: aggregator-001
✓ Aggregator connected: aggregator-001 from 127.0.0.1
✓ Sent 334518 bytes to aggregator-001 (0.35ms)
Session completed with aggregator-001
[2025-12-10 08:08:12] Meter 474: Generated 6.096 kWh (encrypted: 334187 bytes, 4.442 ms)
[2025-12-10 08:08:32] Meter 474: Generated 1.853 kWh (encrypted: 334424 bytes, 4.847 ms)
[2025-12-10 08:08:52] Meter 474: Generated 2.811 kWh (encrypted: 334062 bytes, 4.582 ms)
[2025-12-10 08:09:01] NETWORK INFO: Server authentication successful for node: aggregator-001
✓ Aggregator connected: aggregator-001 from 127.0.0.1
✓ Sent 334062 bytes to aggregator-001 (0.40ms)
Session completed with aggregator-001
[2025-12-10 08:09:12] Meter 474: Generated 2.435 kWh (encrypted: 334120 bytes, 7.038 ms)
[2025-12-10 08:09:32] Meter 474: Generated 5.131 kWh (encrypted: 334152 bytes, 4.874 ms)
[2025-12-10 08:09:52] Meter 474: Generated 6.340 kWh (encrypted: 334061 bytes, 5.416 ms)
[2025-12-10 08:10:06] NETWORK INFO: Server authentication successful for node: aggregator-001
✓ Aggregator connected: aggregator-001 from 127.0.0.1
✓ Sent 334061 bytes to aggregator-001 (0.35ms)
Session completed with aggregator-001
[2025-12-10 08:10:12] Meter 474: Generated 5.982 kWh (encrypted: 334300 bytes, 6.852 ms)
[2025-12-10 08:10:32] Meter 474: Generated 1.861 kWh (encrypted: 334495 bytes, 4.759 ms)
[2025-12-10 08:10:52] Meter 474: Generated 5.257 kWh (encrypted: 334284 bytes, 4.889 ms)
[2025-12-10 08:11:12] NETWORK INFO: Server authentication successful for node: aggregator-001
✓ Aggregator connected: aggregator-001 from 127.0.0.1
✓ Sent 334284 bytes to aggregator-001 (0.35ms)
Session completed with aggregator-001
[2025-12-10 08:11:12] Meter 474: Generated 0.937 kWh (encrypted: 334124 bytes, 6.699 ms)
[2025-12-10 08:11:32] Meter 474: Generated 6.733 kWh (encrypted: 334196 bytes, 4.583 ms)
[2025-12-10 08:11:52] Meter 474: Generated 1.787 kWh (encrypted: 334105 bytes, 4.690 ms)
[2025-12-10 08:12:12] Meter 474: Generated 2.163 kWh (encrypted: 334141 bytes, 4.912 ms)
[2025-12-10 08:12:17] NETWORK INFO: Server authentication successful for node: aggregator-001
✓ Aggregator connected: aggregator-001 from 127.0.0.1
✓ Sent 334141 bytes to aggregator-001 (0.36ms)
Session completed with aggregator-001
[2025-12-10 08:12:32] Meter 474: Generated 6.654 kWh (encrypted: 334157 bytes, 4.425 ms)

Received shutdown signal. Gracefully shutting down smart meter...
Network server thread stopped
Data generation thread stopped
Smart meter 474 shutdown complete
