=== Continuous Smart Meter Server 243 ===
Initializing for continuous operation...
SEAL context initialized
Loaded certificate: smart-meter-243
Requesting public keys from KDC...
[2025-12-10 08:00:03] NETWORK ERROR: Failed to connect to 127.0.0.1:8444: Connection refused
Error: Failed to connect to KDC at 127.0.0.1:8444
Error: Failed to send key request to KDC
Failed to obtain keys from KDC, falling back to file keys
Loaded keys from fallback files
Cryptographic components initialized
[2025-12-10 08:00:03] NETWORK INFO: Server socket created and listening on port 9243
✓ Smart meter server ready on port 9243
Data transmission interval: 20 seconds (15x accelerated - simulates 5min)
✓ Performance metrics CSV files initialized in performance_data/
Starting continuous smart meter operation...
Press Ctrl+C to stop gracefully
Data generation thread started
Network server thread started on port 9243
[2025-12-10 08:00:23] Meter 243: Generated 1.295 kWh (encrypted: 334135 bytes, 7.179 ms)
[2025-12-10 08:00:28] NETWORK INFO: Server authentication successful for node: aggregator-001
✓ Aggregator connected: aggregator-001 from 127.0.0.1
✓ Sent 334135 bytes to aggregator-001 (0.70ms)
Session completed with aggregator-001
[2025-12-10 08:00:43] Meter 243: Generated 3.350 kWh (encrypted: 334335 bytes, 4.601 ms)
[2025-12-10 08:01:03] Meter 243: Generated 6.795 kWh (encrypted: 334171 bytes, 4.590 ms)
[2025-12-10 08:01:23] Meter 243: Generated 2.285 kWh (encrypted: 334027 bytes, 5.653 ms)
[2025-12-10 08:01:31] NETWORK INFO: Server authentication successful for node: aggregator-001
✓ Aggregator connected: aggregator-001 from 127.0.0.1
✓ Sent 334027 bytes to aggregator-001 (0.42ms)
Session completed with aggregator-001
[2025-12-10 08:01:43] Meter 243: Generated 4.362 kWh (encrypted: 334420 bytes, 4.631 ms)
[2025-12-10 08:02:03] Meter 243: Generated 2.948 kWh (encrypted: 334096 bytes, 4.608 ms)
[2025-12-10 08:02:23] Meter 243: Generated 4.826 kWh (encrypted: 334429 bytes, 4.509 ms)
[2025-12-10 08:02:33] NETWORK INFO: Server authentication successful for node: aggregator-001
✓ Aggregator connected: aggregator-001 from 127.0.0.1
✓ Sent 334429 bytes to aggregator-001 (0.36ms)
Session completed with aggregator-001
[2025-12-10 08:02:43] Meter 243: Generated 7.101 kWh (encrypted: 334184 bytes, 5.816 ms)
[2025-12-10 08:03:03] Meter 243: Generated 0.828 kWh (encrypted: 334369 bytes, 6.582 ms)
[2025-12-10 08:03:23] Meter 243: Generated 2.676 kWh (encrypted: 334430 bytes, 4.800 ms)
[2025-12-10 08:03:36] NETWORK INFO: Server authentication successful for node: aggregator-001
✓ Aggregator connected: aggregator-001 from 127.0.0.1
✓ Sent 334430 bytes to aggregator-001 (0.37ms)
Session completed with aggregator-001
[2025-12-10 08:03:43] Meter 243: Generated 6.466 kWh (encrypted: 334387 bytes, 6.530 ms)
[2025-12-10 08:04:03] Meter 243: Generated 3.070 kWh (encrypted: 334025 bytes, 7.223 ms)
[2025-12-10 08:04:23] Meter 243: Generated 4.247 kWh (encrypted: 334395 bytes, 5.688 ms)
[2025-12-10 08:04:39] NETWORK INFO: Server authentication successful for node: aggregator-001
✓ Aggregator connected: aggregator-001 from 127.0.0.1
✓ Sent 334395 bytes to aggregator-001 (11.85ms)
Session completed with aggregator-001
[2025-12-10 08:04:43] Meter 243: Generated 5.469 kWh (encrypted: 334180 bytes, 7.395 ms)
[2025-12-10 08:05:03] Meter 243: Generated 3.811 kWh (encrypted: 334142 bytes, 6.205 ms)
[2025-12-10 08:05:23] Meter 243: Generated 6.793 kWh (encrypted: 334353 bytes, 4.789 ms)
[2025-12-10 08:05:43] Meter 243: Generated 2.007 kWh (encrypted: 334365 bytes, 4.712 ms)
[2025-12-10 08:05:44] NETWORK INFO: Server authentication successful for node: aggregator-001
✓ Aggregator connected: aggregator-001 from 127.0.0.1
✓ Sent 334365 bytes to aggregator-001 (0.34ms)
Session completed with aggregator-001
[2025-12-10 08:06:03] Meter 243: Generated 6.124 kWh (encrypted: 334368 bytes, 4.856 ms)
[2025-12-10 08:06:23] Meter 243: Generated 4.053 kWh (encrypted: 334252 bytes, 6.526 ms)
[2025-12-10 08:06:43] Meter 243: Generated 2.998 kWh (encrypted: 334483 bytes, 4.744 ms)
[2025-12-10 08:06:50] NETWORK INFO: Server authentication successful for node: aggregator-001
✓ Aggregator connected: aggregator-001 from 127.0.0.1
✓ Sent 334483 bytes to aggregator-001 (6.89ms)
Session completed with aggregator-001
[2025-12-10 08:07:03] Meter 243: Generated 5.565 kWh (encrypted: 334150 bytes, 4.791 ms)
[2025-12-10 08:07:23] Meter 243: Generated 7.140 kWh (encrypted: 334108 bytes, 4.662 ms)
[2025-12-10 08:07:43] Meter 243: Generated 6.439 kWh (encrypted: 334070 bytes, 4.629 ms)
[2025-12-10 08:07:56] NETWORK INFO: Server authentication successful for node: aggregator-001
✓ Aggregator connected: aggregator-001 from 127.0.0.1
✓ Sent 334070 bytes to aggregator-001 (0.30ms)
Session completed with aggregator-001
[2025-12-10 08:08:03] Meter 243: Generated 5.795 kWh (encrypted: 334256 bytes, 6.416 ms)
[2025-12-10 08:08:23] Meter 243: Generated 4.162 kWh (encrypted: 333903 bytes, 4.493 ms)
[2025-12-10 08:08:43] Meter 243: Generated 5.713 kWh (encrypted: 334200 bytes, 4.689 ms)
[2025-12-10 08:09:01] NETWORK INFO: Server authentication successful for node: aggregator-001
✓ Aggregator connected: aggregator-001 from 127.0.0.1
✓ Sent 334200 bytes to aggregator-001 (0.37ms)
Session completed with aggregator-001
[2025-12-10 08:09:03] Meter 243: Generated 7.268 kWh (encrypted: 334369 bytes, 6.516 ms)
[2025-12-10 08:09:23] Meter 243: Generated 3.675 kWh (encrypted: 334299 bytes, 6.565 ms)
[2025-12-10 08:09:43] Meter 243: Generated 7.498 kWh (encrypted: 334278 bytes, 4.596 ms)
[2025-12-10 08:10:03] Meter 243: Generated 6.432 kWh (encrypted: 334400 bytes, 6.465 ms)
[2025-12-10 08:10:06] NETWORK INFO: Server authentication successful for node: aggregator-001
✓ Aggregator connected: aggregator-001 from 127.0.0.1
✓ Sent 334400 bytes to aggregator-001 (0.37ms)
Session completed with aggregator-001
[2025-12-10 08:10:23] Meter 243: Generated 5.017 kWh (encrypted: 334234 bytes, 6.566 ms)
[2025-12-10 08:10:43] Meter 243: Generated 3.994 kWh (encrypted: 334347 bytes, 5.462 ms)
[2025-12-10 08:11:03] Meter 243: Generated 3.229 kWh (encrypted: 334114 bytes, 4.874 ms)
[2025-12-10 08:11:12] NETWORK INFO: Server authentication successful for node: aggregator-001
✓ Aggregator connected: aggregator-001 from 127.0.0.1
✓ Sent 334114 bytes to aggregator-001 (34.53ms)
Session completed with aggregator-001
[2025-12-10 08:11:23] Meter 243: Generated 4.831 kWh (encrypted: 334421 bytes, 4.387 ms)
[2025-12-10 08:11:43] Meter 243: Generated 4.445 kWh (encrypted: 334129 bytes, 5.642 ms)
[2025-12-10 08:12:03] Meter 243: Generated 4.654 kWh (encrypted: 334404 bytes, 5.309 ms)
[2025-12-10 08:12:17] NETWORK INFO: Server authentication successful for node: aggregator-001
✓ Aggregator connected: aggregator-001 from 127.0.0.1
✓ Sent 334404 bytes to aggregator-001 (0.61ms)
Session completed with aggregator-001
[2025-12-10 08:12:23] Meter 243: Generated 7.172 kWh (encrypted: 334387 bytes, 6.636 ms)

Received shutdown signal. Gracefully shutting down smart meter...
Network server thread stopped
Data generation thread stopped
Smart meter 243 shutdown complete
