=== Continuous Smart Meter Server 102 ===
Initializing for continuous operation...
SEAL context initialized
Loaded certificate: smart-meter-102
Requesting public keys from KDC...
[2025-12-10 07:57:10] NETWORK ERROR: Failed to connect to 127.0.0.1:8444: Connection refused
Error: Failed to connect to KDC at 127.0.0.1:8444
Error: Failed to send key request to KDC
Failed to obtain keys from KDC, falling back to file keys
Loaded keys from fallback files
Cryptographic components initialized
[2025-12-10 07:57:10] NETWORK INFO: Server socket created and listening on port 9102
✓ Smart meter server ready on port 9102
Data transmission interval: 20 seconds (15x accelerated - simulates 5min)
✓ Performance metrics CSV files initialized in performance_data/
Starting continuous smart meter operation...
Press Ctrl+C to stop gracefully
Data generation thread started
Network server thread started on port 9102
[2025-12-10 07:57:15] NETWORK INFO: Server authentication successful for node: aggregator-001
✓ Aggregator connected: aggregator-001 from 127.0.0.1
[2025-12-10 07:57:30] Meter 102: Generated 4.097 kWh (encrypted: 334136 bytes, 4.842 ms)
✓ Sent 334136 bytes to aggregator-001 (0.66ms)
Session completed with aggregator-001
[2025-12-10 07:57:50] Meter 102: Generated 2.666 kWh (encrypted: 334158 bytes, 4.647 ms)
[2025-12-10 07:58:10] Meter 102: Generated 7.558 kWh (encrypted: 334162 bytes, 5.689 ms)
[2025-12-10 07:58:25] NETWORK INFO: Server authentication successful for node: aggregator-001
✓ Aggregator connected: aggregator-001 from 127.0.0.1
✓ Sent 334162 bytes to aggregator-001 (0.40ms)
Session completed with aggregator-001
[2025-12-10 07:58:30] Meter 102: Generated 6.286 kWh (encrypted: 334428 bytes, 5.020 ms)
[2025-12-10 07:58:50] Meter 102: Generated 4.899 kWh (encrypted: 334542 bytes, 4.869 ms)
[2025-12-10 07:59:10] Meter 102: Generated 6.058 kWh (encrypted: 334157 bytes, 6.161 ms)
[2025-12-10 07:59:26] NETWORK INFO: Server authentication successful for node: aggregator-001
✓ Aggregator connected: aggregator-001 from 127.0.0.1
✓ Sent 334157 bytes to aggregator-001 (0.36ms)
Session completed with aggregator-001
[2025-12-10 07:59:30] Meter 102: Generated 2.267 kWh (encrypted: 334328 bytes, 7.787 ms)
[2025-12-10 07:59:50] Meter 102: Generated 5.153 kWh (encrypted: 334342 bytes, 4.439 ms)
[2025-12-10 08:00:10] Meter 102: Generated 0.764 kWh (encrypted: 334405 bytes, 7.037 ms)
[2025-12-10 08:00:28] NETWORK INFO: Server authentication successful for node: aggregator-001
✓ Aggregator connected: aggregator-001 from 127.0.0.1
✓ Sent 334405 bytes to aggregator-001 (0.37ms)
Session completed with aggregator-001
[2025-12-10 08:00:30] Meter 102: Generated 1.644 kWh (encrypted: 334109 bytes, 7.373 ms)
[2025-12-10 08:00:50] Meter 102: Generated 2.342 kWh (encrypted: 334324 bytes, 6.802 ms)
[2025-12-10 08:01:10] Meter 102: Generated 2.135 kWh (encrypted: 334336 bytes, 4.528 ms)
[2025-12-10 08:01:30] Meter 102: Generated 5.583 kWh (encrypted: 334173 bytes, 7.907 ms)
[2025-12-10 08:01:31] NETWORK INFO: Server authentication successful for node: aggregator-001
✓ Aggregator connected: aggregator-001 from 127.0.0.1
✓ Sent 334173 bytes to aggregator-001 (0.36ms)
Session completed with aggregator-001
[2025-12-10 08:01:50] Meter 102: Generated 5.646 kWh (encrypted: 334240 bytes, 4.626 ms)
[2025-12-10 08:02:10] Meter 102: Generated 2.198 kWh (encrypted: 334412 bytes, 4.733 ms)
[2025-12-10 08:02:30] Meter 102: Generated 3.456 kWh (encrypted: 334180 bytes, 4.988 ms)
[2025-12-10 08:02:33] NETWORK INFO: Server authentication successful for node: aggregator-001
✓ Aggregator connected: aggregator-001 from 127.0.0.1
✓ Sent 334180 bytes to aggregator-001 (0.37ms)
Session completed with aggregator-001
[2025-12-10 08:02:50] Meter 102: Generated 4.603 kWh (encrypted: 334416 bytes, 4.935 ms)
[2025-12-10 08:03:10] Meter 102: Generated 5.849 kWh (encrypted: 334190 bytes, 4.623 ms)
[2025-12-10 08:03:30] Meter 102: Generated 1.878 kWh (encrypted: 334126 bytes, 7.354 ms)
[2025-12-10 08:03:36] NETWORK INFO: Server authentication successful for node: aggregator-001
✓ Aggregator connected: aggregator-001 from 127.0.0.1
✓ Sent 334126 bytes to aggregator-001 (0.42ms)
Session completed with aggregator-001
[2025-12-10 08:03:50] Meter 102: Generated 3.963 kWh (encrypted: 334393 bytes, 4.578 ms)
[2025-12-10 08:04:10] Meter 102: Generated 1.500 kWh (encrypted: 334109 bytes, 7.597 ms)
[2025-12-10 08:04:30] Meter 102: Generated 5.659 kWh (encrypted: 334213 bytes, 6.869 ms)
[2025-12-10 08:04:39] NETWORK INFO: Server authentication successful for node: aggregator-001
✓ Aggregator connected: aggregator-001 from 127.0.0.1
✓ Sent 334213 bytes to aggregator-001 (5.69ms)
Session completed with aggregator-001
[2025-12-10 08:04:50] Meter 102: Generated 4.909 kWh (encrypted: 334193 bytes, 6.273 ms)
[2025-12-10 08:05:10] Meter 102: Generated 3.239 kWh (encrypted: 334349 bytes, 5.397 ms)
[2025-12-10 08:05:30] Meter 102: Generated 4.468 kWh (encrypted: 334275 bytes, 6.673 ms)
[2025-12-10 08:05:44] NETWORK INFO: Server authentication successful for node: aggregator-001
✓ Aggregator connected: aggregator-001 from 127.0.0.1
✓ Sent 334275 bytes to aggregator-001 (14.84ms)
Session completed with aggregator-001
[2025-12-10 08:05:50] Meter 102: Generated 3.338 kWh (encrypted: 334432 bytes, 5.163 ms)
[2025-12-10 08:06:10] Meter 102: Generated 2.983 kWh (encrypted: 334162 bytes, 6.571 ms)
[2025-12-10 08:06:30] Meter 102: Generated 6.110 kWh (encrypted: 334500 bytes, 4.761 ms)
[2025-12-10 08:06:50] NETWORK INFO: Server authentication successful for node: aggregator-001
✓ Aggregator connected: aggregator-001 from 127.0.0.1
✓ Sent 334500 bytes to aggregator-001 (0.36ms)
Session completed with aggregator-001
[2025-12-10 08:06:50] Meter 102: Generated 2.643 kWh (encrypted: 334446 bytes, 14.880 ms)
[2025-12-10 08:07:10] Meter 102: Generated 3.884 kWh (encrypted: 334324 bytes, 5.964 ms)
[2025-12-10 08:07:30] Meter 102: Generated 2.380 kWh (encrypted: 334413 bytes, 4.548 ms)
[2025-12-10 08:07:50] Meter 102: Generated 6.991 kWh (encrypted: 334376 bytes, 6.479 ms)
[2025-12-10 08:07:55] NETWORK INFO: Server authentication successful for node: aggregator-001
✓ Aggregator connected: aggregator-001 from 127.0.0.1
✓ Sent 334376 bytes to aggregator-001 (1.43ms)
Session completed with aggregator-001
[2025-12-10 08:08:10] Meter 102: Generated 5.751 kWh (encrypted: 334313 bytes, 4.674 ms)
[2025-12-10 08:08:30] Meter 102: Generated 3.267 kWh (encrypted: 334364 bytes, 4.406 ms)
[2025-12-10 08:08:50] Meter 102: Generated 2.723 kWh (encrypted: 334453 bytes, 4.765 ms)
[2025-12-10 08:09:01] NETWORK INFO: Server authentication successful for node: aggregator-001
✓ Aggregator connected: aggregator-001 from 127.0.0.1
✓ Sent 334453 bytes to aggregator-001 (0.41ms)
Session completed with aggregator-001
[2025-12-10 08:09:10] Meter 102: Generated 3.951 kWh (encrypted: 334420 bytes, 4.923 ms)
[2025-12-10 08:09:30] Meter 102: Generated 4.692 kWh (encrypted: 334327 bytes, 7.616 ms)
[2025-12-10 08:09:50] Meter 102: Generated 5.192 kWh (encrypted: 334258 bytes, 4.717 ms)
[2025-12-10 08:10:06] NETWORK INFO: Server authentication successful for node: aggregator-001
✓ Aggregator connected: aggregator-001 from 127.0.0.1
✓ Sent 334258 bytes to aggregator-001 (0.36ms)
Session completed with aggregator-001
[2025-12-10 08:10:10] Meter 102: Generated 0.785 kWh (encrypted: 334326 bytes, 6.410 ms)
[2025-12-10 08:10:30] Meter 102: Generated 5.448 kWh (encrypted: 334408 bytes, 5.021 ms)
[2025-12-10 08:10:50] Meter 102: Generated 5.202 kWh (encrypted: 334446 bytes, 4.721 ms)
[2025-12-10 08:11:10] Meter 102: Generated 6.000 kWh (encrypted: 334420 bytes, 6.630 ms)
[2025-12-10 08:11:12] NETWORK INFO: Server authentication successful for node: aggregator-001
✓ Aggregator connected: aggregator-001 from 127.0.0.1
✓ Sent 334420 bytes to aggregator-001 (0.39ms)
Session completed with aggregator-001
[2025-12-10 08:11:30] Meter 102: Generated 1.246 kWh (encrypted: 334340 bytes, 4.531 ms)
[2025-12-10 08:11:50] Meter 102: Generated 2.711 kWh (encrypted: 334503 bytes, 5.434 ms)
[2025-12-10 08:12:10] Meter 102: Generated 2.294 kWh (encrypted: 334336 bytes, 6.876 ms)
[2025-12-10 08:12:17] NETWORK INFO: Server authentication successful for node: aggregator-001
✓ Aggregator connected: aggregator-001 from 127.0.0.1
✓ Sent 334336 bytes to aggregator-001 (0.38ms)
Session completed with aggregator-001
[2025-12-10 08:12:30] Meter 102: Generated 3.551 kWh (encrypted: 334419 bytes, 5.190 ms)

Received shutdown signal. Gracefully shutting down smart meter...
Data generation thread stopped
Network server thread stopped
Smart meter 102 shutdown complete
