=== Continuous Smart Meter Server 360 ===
Initializing for continuous operation...
SEAL context initialized
Loaded certificate: smart-meter-360
Requesting public keys from KDC...
[2025-12-10 08:02:28] NETWORK ERROR: Failed to connect to 127.0.0.1:8444: Connection refused
Error: Failed to connect to KDC at 127.0.0.1:8444
Error: Failed to send key request to KDC
Failed to obtain keys from KDC, falling back to file keys
Loaded keys from fallback files
Cryptographic components initialized
[2025-12-10 08:02:28] NETWORK INFO: Server socket created and listening on port 9360
✓ Smart meter server ready on port 9360
Data transmission interval: 20 seconds (15x accelerated - simulates 5min)
✓ Performance metrics CSV files initialized in performance_data/
Starting continuous smart meter operation...
Press Ctrl+C to stop gracefully
Data generation thread started
Network server thread started on port 9360
[2025-12-10 08:02:33] NETWORK INFO: Server authentication successful for node: aggregator-001
✓ Aggregator connected: aggregator-001 from 127.0.0.1
[2025-12-10 08:02:48] Meter 360: Generated 3.684 kWh (encrypted: 334271 bytes, 7.665 ms)
✓ Sent 334271 bytes to aggregator-001 (0.70ms)
Session completed with aggregator-001
[2025-12-10 08:03:08] Meter 360: Generated 4.795 kWh (encrypted: 334496 bytes, 5.904 ms)
[2025-12-10 08:03:29] Meter 360: Generated 2.190 kWh (encrypted: 334397 bytes, 4.356 ms)
[2025-12-10 08:03:36] NETWORK INFO: Server authentication successful for node: aggregator-001
✓ Aggregator connected: aggregator-001 from 127.0.0.1
✓ Sent 334397 bytes to aggregator-001 (0.34ms)
Session completed with aggregator-001
[2025-12-10 08:03:49] Meter 360: Generated 3.163 kWh (encrypted: 334453 bytes, 4.500 ms)
[2025-12-10 08:04:09] Meter 360: Generated 3.073 kWh (encrypted: 333337 bytes, 4.503 ms)
[2025-12-10 08:04:29] Meter 360: Generated 5.105 kWh (encrypted: 334334 bytes, 4.514 ms)
[2025-12-10 08:04:40] NETWORK INFO: Server authentication successful for node: aggregator-001
✓ Aggregator connected: aggregator-001 from 127.0.0.1
✓ Sent 334334 bytes to aggregator-001 (1.62ms)
Session completed with aggregator-001
[2025-12-10 08:04:49] Meter 360: Generated 3.487 kWh (encrypted: 334301 bytes, 5.689 ms)
[2025-12-10 08:05:09] Meter 360: Generated 4.969 kWh (encrypted: 334525 bytes, 4.451 ms)
[2025-12-10 08:05:29] Meter 360: Generated 4.920 kWh (encrypted: 334074 bytes, 4.474 ms)
[2025-12-10 08:05:44] NETWORK INFO: Server authentication successful for node: aggregator-001
✓ Aggregator connected: aggregator-001 from 127.0.0.1
✓ Sent 334074 bytes to aggregator-001 (0.34ms)
Session completed with aggregator-001
[2025-12-10 08:05:49] Meter 360: Generated 4.810 kWh (encrypted: 334430 bytes, 4.333 ms)
[2025-12-10 08:06:09] Meter 360: Generated 2.367 kWh (encrypted: 334056 bytes, 4.746 ms)
[2025-12-10 08:06:29] Meter 360: Generated 7.348 kWh (encrypted: 334301 bytes, 4.301 ms)
[2025-12-10 08:06:49] Meter 360: Generated 5.135 kWh (encrypted: 333969 bytes, 4.351 ms)
[2025-12-10 08:06:50] NETWORK INFO: Server authentication successful for node: aggregator-001
✓ Aggregator connected: aggregator-001 from 127.0.0.1
✓ Sent 333969 bytes to aggregator-001 (0.38ms)
Session completed with aggregator-001
[2025-12-10 08:07:09] Meter 360: Generated 6.648 kWh (encrypted: 334325 bytes, 7.438 ms)
[2025-12-10 08:07:29] Meter 360: Generated 5.870 kWh (encrypted: 334392 bytes, 4.301 ms)
[2025-12-10 08:07:49] Meter 360: Generated 3.583 kWh (encrypted: 334028 bytes, 4.369 ms)
[2025-12-10 08:07:56] NETWORK INFO: Server authentication successful for node: aggregator-001
✓ Aggregator connected: aggregator-001 from 127.0.0.1
✓ Sent 334028 bytes to aggregator-001 (0.36ms)
Session completed with aggregator-001
[2025-12-10 08:08:09] Meter 360: Generated 3.490 kWh (encrypted: 334381 bytes, 4.659 ms)
[2025-12-10 08:08:29] Meter 360: Generated 1.653 kWh (encrypted: 334487 bytes, 4.366 ms)
[2025-12-10 08:08:49] Meter 360: Generated 6.834 kWh (encrypted: 334158 bytes, 5.479 ms)
[2025-12-10 08:09:01] NETWORK INFO: Server authentication successful for node: aggregator-001
✓ Aggregator connected: aggregator-001 from 127.0.0.1
✓ Sent 334158 bytes to aggregator-001 (0.37ms)
Session completed with aggregator-001
[2025-12-10 08:09:09] Meter 360: Generated 3.745 kWh (encrypted: 334123 bytes, 6.611 ms)
[2025-12-10 08:09:29] Meter 360: Generated 2.648 kWh (encrypted: 334308 bytes, 7.200 ms)
[2025-12-10 08:09:49] Meter 360: Generated 5.433 kWh (encrypted: 334102 bytes, 6.548 ms)
[2025-12-10 08:10:06] NETWORK INFO: Server authentication successful for node: aggregator-001
✓ Aggregator connected: aggregator-001 from 127.0.0.1
✓ Sent 334102 bytes to aggregator-001 (3.54ms)
Session completed with aggregator-001
[2025-12-10 08:10:09] Meter 360: Generated 2.517 kWh (encrypted: 334192 bytes, 6.863 ms)
[2025-12-10 08:10:29] Meter 360: Generated 6.510 kWh (encrypted: 334373 bytes, 6.983 ms)
[2025-12-10 08:10:49] Meter 360: Generated 3.456 kWh (encrypted: 334125 bytes, 8.510 ms)
[2025-12-10 08:11:09] Meter 360: Generated 1.926 kWh (encrypted: 334471 bytes, 5.049 ms)
[2025-12-10 08:11:12] NETWORK INFO: Server authentication successful for node: aggregator-001
✓ Aggregator connected: aggregator-001 from 127.0.0.1
✓ Sent 334471 bytes to aggregator-001 (0.40ms)
Session completed with aggregator-001
[2025-12-10 08:11:29] Meter 360: Generated 4.676 kWh (encrypted: 333692 bytes, 6.421 ms)
[2025-12-10 08:11:49] Meter 360: Generated 6.956 kWh (encrypted: 334123 bytes, 5.870 ms)
[2025-12-10 08:12:09] Meter 360: Generated 5.852 kWh (encrypted: 333657 bytes, 6.152 ms)
[2025-12-10 08:12:17] NETWORK INFO: Server authentication successful for node: aggregator-001
✓ Aggregator connected: aggregator-001 from 127.0.0.1
✓ Sent 333657 bytes to aggregator-001 (0.37ms)
Session completed with aggregator-001
[2025-12-10 08:12:29] Meter 360: Generated 1.843 kWh (encrypted: 334492 bytes, 10.072 ms)

Received shutdown signal. Gracefully shutting down smart meter...
Network server thread stopped
Data generation thread stopped
Smart meter 360 shutdown complete
