=== Continuous Smart Meter Server 252 ===
Initializing for continuous operation...
SEAL context initialized
Loaded certificate: smart-meter-252
Requesting public keys from KDC...
[2025-12-10 08:00:14] NETWORK ERROR: Failed to connect to 127.0.0.1:8444: Connection refused
Error: Failed to connect to KDC at 127.0.0.1:8444
Error: Failed to send key request to KDC
Failed to obtain keys from KDC, falling back to file keys
Loaded keys from fallback files
Cryptographic components initialized
[2025-12-10 08:00:14] NETWORK INFO: Server socket created and listening on port 9252
✓ Smart meter server ready on port 9252
Data transmission interval: 20 seconds (15x accelerated - simulates 5min)
✓ Performance metrics CSV files initialized in performance_data/
Starting continuous smart meter operation...
Press Ctrl+C to stop gracefully
Data generation thread started
Network server thread started on port 9252
[2025-12-10 08:00:28] NETWORK INFO: Server authentication successful for node: aggregator-001
✓ Aggregator connected: aggregator-001 from 127.0.0.1
[2025-12-10 08:00:34] Meter 252: Generated 6.120 kWh (encrypted: 334159 bytes, 6.408 ms)
✓ Sent 334159 bytes to aggregator-001 (1.02ms)
Session completed with aggregator-001
[2025-12-10 08:00:54] Meter 252: Generated 5.872 kWh (encrypted: 334011 bytes, 5.095 ms)
[2025-12-10 08:01:14] Meter 252: Generated 5.269 kWh (encrypted: 334118 bytes, 4.436 ms)
[2025-12-10 08:01:31] NETWORK INFO: Server authentication successful for node: aggregator-001
✓ Aggregator connected: aggregator-001 from 127.0.0.1
✓ Sent 334118 bytes to aggregator-001 (0.48ms)
Session completed with aggregator-001
[2025-12-10 08:01:34] Meter 252: Generated 5.559 kWh (encrypted: 334407 bytes, 4.487 ms)
[2025-12-10 08:01:54] Meter 252: Generated 3.880 kWh (encrypted: 334080 bytes, 4.980 ms)
[2025-12-10 08:02:14] Meter 252: Generated 5.419 kWh (encrypted: 334476 bytes, 4.905 ms)
[2025-12-10 08:02:33] NETWORK INFO: Server authentication successful for node: aggregator-001
✓ Aggregator connected: aggregator-001 from 127.0.0.1
✓ Sent 334476 bytes to aggregator-001 (0.41ms)
Session completed with aggregator-001
[2025-12-10 08:02:34] Meter 252: Generated 5.965 kWh (encrypted: 334431 bytes, 5.084 ms)
[2025-12-10 08:02:54] Meter 252: Generated 0.913 kWh (encrypted: 334436 bytes, 6.544 ms)
[2025-12-10 08:03:14] Meter 252: Generated 2.479 kWh (encrypted: 334110 bytes, 4.945 ms)
[2025-12-10 08:03:34] Meter 252: Generated 1.689 kWh (encrypted: 334047 bytes, 5.416 ms)
[2025-12-10 08:03:36] NETWORK INFO: Server authentication successful for node: aggregator-001
✓ Aggregator connected: aggregator-001 from 127.0.0.1
✓ Sent 334047 bytes to aggregator-001 (0.39ms)
Session completed with aggregator-001
[2025-12-10 08:03:54] Meter 252: Generated 5.546 kWh (encrypted: 334345 bytes, 5.084 ms)
[2025-12-10 08:04:14] Meter 252: Generated 4.335 kWh (encrypted: 334460 bytes, 4.873 ms)
[2025-12-10 08:04:34] Meter 252: Generated 1.681 kWh (encrypted: 334405 bytes, 4.667 ms)
[2025-12-10 08:04:39] NETWORK INFO: Server authentication successful for node: aggregator-001
✓ Aggregator connected: aggregator-001 from 127.0.0.1
✓ Sent 334405 bytes to aggregator-001 (1.90ms)
Session completed with aggregator-001
[2025-12-10 08:04:54] Meter 252: Generated 5.162 kWh (encrypted: 334294 bytes, 5.239 ms)
[2025-12-10 08:05:14] Meter 252: Generated 2.143 kWh (encrypted: 334315 bytes, 6.273 ms)
[2025-12-10 08:05:34] Meter 252: Generated 1.229 kWh (encrypted: 334319 bytes, 6.542 ms)
[2025-12-10 08:05:44] NETWORK INFO: Server authentication successful for node: aggregator-001
✓ Aggregator connected: aggregator-001 from 127.0.0.1
✓ Sent 334319 bytes to aggregator-001 (24.47ms)
Session completed with aggregator-001
[2025-12-10 08:05:54] Meter 252: Generated 0.757 kWh (encrypted: 334142 bytes, 4.319 ms)
[2025-12-10 08:06:14] Meter 252: Generated 3.162 kWh (encrypted: 334183 bytes, 4.638 ms)
[2025-12-10 08:06:34] Meter 252: Generated 6.812 kWh (encrypted: 334396 bytes, 4.645 ms)
[2025-12-10 08:06:50] NETWORK INFO: Server authentication successful for node: aggregator-001
✓ Aggregator connected: aggregator-001 from 127.0.0.1
✓ Sent 334396 bytes to aggregator-001 (4.27ms)
Session completed with aggregator-001
[2025-12-10 08:06:54] Meter 252: Generated 3.550 kWh (encrypted: 333953 bytes, 5.660 ms)
[2025-12-10 08:07:14] Meter 252: Generated 4.590 kWh (encrypted: 334459 bytes, 6.588 ms)
[2025-12-10 08:07:34] Meter 252: Generated 4.171 kWh (encrypted: 334066 bytes, 6.421 ms)
[2025-12-10 08:07:54] Meter 252: Generated 2.951 kWh (encrypted: 334307 bytes, 4.454 ms)
[2025-12-10 08:07:55] NETWORK INFO: Server authentication successful for node: aggregator-001
✓ Aggregator connected: aggregator-001 from 127.0.0.1
✓ Sent 334307 bytes to aggregator-001 (0.40ms)
Session completed with aggregator-001
[2025-12-10 08:08:14] Meter 252: Generated 2.626 kWh (encrypted: 334316 bytes, 4.597 ms)
[2025-12-10 08:08:34] Meter 252: Generated 4.611 kWh (encrypted: 334161 bytes, 4.655 ms)
[2025-12-10 08:08:54] Meter 252: Generated 3.044 kWh (encrypted: 334309 bytes, 4.469 ms)
[2025-12-10 08:09:01] NETWORK INFO: Server authentication successful for node: aggregator-001
✓ Aggregator connected: aggregator-001 from 127.0.0.1
✓ Sent 334309 bytes to aggregator-001 (0.37ms)
Session completed with aggregator-001
[2025-12-10 08:09:14] Meter 252: Generated 7.420 kWh (encrypted: 334442 bytes, 5.218 ms)
[2025-12-10 08:09:34] Meter 252: Generated 5.442 kWh (encrypted: 334072 bytes, 4.867 ms)
[2025-12-10 08:09:54] Meter 252: Generated 4.610 kWh (encrypted: 334100 bytes, 4.386 ms)
[2025-12-10 08:10:06] NETWORK INFO: Server authentication successful for node: aggregator-001
✓ Aggregator connected: aggregator-001 from 127.0.0.1
✓ Sent 334100 bytes to aggregator-001 (0.37ms)
Session completed with aggregator-001
[2025-12-10 08:10:14] Meter 252: Generated 7.311 kWh (encrypted: 334395 bytes, 5.633 ms)
[2025-12-10 08:10:34] Meter 252: Generated 3.079 kWh (encrypted: 334449 bytes, 6.604 ms)
[2025-12-10 08:10:54] Meter 252: Generated 2.890 kWh (encrypted: 334100 bytes, 4.398 ms)
[2025-12-10 08:11:12] NETWORK INFO: Server authentication successful for node: aggregator-001
✓ Aggregator connected: aggregator-001 from 127.0.0.1
✓ Sent 334100 bytes to aggregator-001 (0.40ms)
Session completed with aggregator-001
[2025-12-10 08:11:14] Meter 252: Generated 3.357 kWh (encrypted: 334474 bytes, 4.488 ms)
[2025-12-10 08:11:34] Meter 252: Generated 4.579 kWh (encrypted: 334393 bytes, 6.289 ms)
[2025-12-10 08:11:54] Meter 252: Generated 5.224 kWh (encrypted: 334151 bytes, 5.840 ms)
[2025-12-10 08:12:15] Meter 252: Generated 4.352 kWh (encrypted: 334342 bytes, 6.394 ms)
[2025-12-10 08:12:17] NETWORK INFO: Server authentication successful for node: aggregator-001
✓ Aggregator connected: aggregator-001 from 127.0.0.1
✓ Sent 334342 bytes to aggregator-001 (0.38ms)
Session completed with aggregator-001

Received shutdown signal. Gracefully shutting down smart meter...
Network server thread stopped
Data generation thread stopped
Smart meter 252 shutdown complete
