=== Continuous Smart Meter Server 400 ===
Initializing for continuous operation...
SEAL context initialized
Loaded certificate: smart-meter-400
Requesting public keys from KDC...
[2025-12-10 08:03:19] NETWORK ERROR: Failed to connect to 127.0.0.1:8444: Connection refused
Error: Failed to connect to KDC at 127.0.0.1:8444
Error: Failed to send key request to KDC
Failed to obtain keys from KDC, falling back to file keys
Loaded keys from fallback files
Cryptographic components initialized
[2025-12-10 08:03:19] NETWORK INFO: Server socket created and listening on port 9400
✓ Smart meter server ready on port 9400
Data transmission interval: 20 seconds (15x accelerated - simulates 5min)
✓ Performance metrics CSV files initialized in performance_data/
Starting continuous smart meter operation...
Press Ctrl+C to stop gracefully
Data generation thread started
Network server thread started on port 9400
[2025-12-10 08:03:36] NETWORK INFO: Server authentication successful for node: aggregator-001
✓ Aggregator connected: aggregator-001 from 127.0.0.1
[2025-12-10 08:03:39] Meter 400: Generated 2.996 kWh (encrypted: 334033 bytes, 5.218 ms)
✓ Sent 334033 bytes to aggregator-001 (0.86ms)
Session completed with aggregator-001
[2025-12-10 08:03:59] Meter 400: Generated 7.204 kWh (encrypted: 334220 bytes, 5.997 ms)
[2025-12-10 08:04:19] Meter 400: Generated 4.608 kWh (encrypted: 334398 bytes, 6.552 ms)
[2025-12-10 08:04:39] Meter 400: Generated 6.492 kWh (encrypted: 334423 bytes, 6.406 ms)
[2025-12-10 08:04:39] NETWORK INFO: Server authentication successful for node: aggregator-001
✓ Aggregator connected: aggregator-001 from 127.0.0.1
✓ Sent 334423 bytes to aggregator-001 (0.36ms)
Session completed with aggregator-001
[2025-12-10 08:04:59] Meter 400: Generated 2.844 kWh (encrypted: 334368 bytes, 4.457 ms)
[2025-12-10 08:05:19] Meter 400: Generated 1.506 kWh (encrypted: 334465 bytes, 4.412 ms)
[2025-12-10 08:05:39] Meter 400: Generated 5.472 kWh (encrypted: 334106 bytes, 5.372 ms)
[2025-12-10 08:05:44] NETWORK INFO: Server authentication successful for node: aggregator-001
✓ Aggregator connected: aggregator-001 from 127.0.0.1
✓ Sent 334106 bytes to aggregator-001 (0.37ms)
Session completed with aggregator-001
[2025-12-10 08:05:59] Meter 400: Generated 3.922 kWh (encrypted: 334282 bytes, 5.119 ms)
[2025-12-10 08:06:19] Meter 400: Generated 4.547 kWh (encrypted: 334141 bytes, 6.650 ms)
[2025-12-10 08:06:39] Meter 400: Generated 5.959 kWh (encrypted: 334368 bytes, 6.665 ms)
[2025-12-10 08:06:50] NETWORK INFO: Server authentication successful for node: aggregator-001
✓ Aggregator connected: aggregator-001 from 127.0.0.1
✓ Sent 334368 bytes to aggregator-001 (6.76ms)
Session completed with aggregator-001
[2025-12-10 08:06:59] Meter 400: Generated 5.945 kWh (encrypted: 334398 bytes, 6.579 ms)
[2025-12-10 08:07:19] Meter 400: Generated 1.395 kWh (encrypted: 334358 bytes, 7.307 ms)
[2025-12-10 08:07:39] Meter 400: Generated 2.757 kWh (encrypted: 334204 bytes, 7.324 ms)
[2025-12-10 08:07:56] NETWORK INFO: Server authentication successful for node: aggregator-001
✓ Aggregator connected: aggregator-001 from 127.0.0.1
✓ Sent 334204 bytes to aggregator-001 (0.37ms)
Session completed with aggregator-001
[2025-12-10 08:07:59] Meter 400: Generated 3.276 kWh (encrypted: 334498 bytes, 14.145 ms)
[2025-12-10 08:08:19] Meter 400: Generated 1.705 kWh (encrypted: 334454 bytes, 7.382 ms)
[2025-12-10 08:08:39] Meter 400: Generated 7.244 kWh (encrypted: 334343 bytes, 5.713 ms)
[2025-12-10 08:08:59] Meter 400: Generated 7.281 kWh (encrypted: 334262 bytes, 4.899 ms)
[2025-12-10 08:09:01] NETWORK INFO: Server authentication successful for node: aggregator-001
✓ Aggregator connected: aggregator-001 from 127.0.0.1
✓ Sent 334262 bytes to aggregator-001 (27.11ms)
Session completed with aggregator-001
[2025-12-10 08:09:19] Meter 400: Generated 6.019 kWh (encrypted: 334372 bytes, 5.392 ms)
[2025-12-10 08:09:39] Meter 400: Generated 5.072 kWh (encrypted: 334026 bytes, 6.345 ms)
[2025-12-10 08:09:59] Meter 400: Generated 3.305 kWh (encrypted: 334300 bytes, 6.599 ms)
[2025-12-10 08:10:06] NETWORK INFO: Server authentication successful for node: aggregator-001
✓ Aggregator connected: aggregator-001 from 127.0.0.1
✓ Sent 334300 bytes to aggregator-001 (0.40ms)
Session completed with aggregator-001
[2025-12-10 08:10:19] Meter 400: Generated 7.510 kWh (encrypted: 334433 bytes, 7.155 ms)
[2025-12-10 08:10:39] Meter 400: Generated 4.335 kWh (encrypted: 334001 bytes, 6.559 ms)
[2025-12-10 08:10:59] Meter 400: Generated 2.159 kWh (encrypted: 334399 bytes, 7.454 ms)
[2025-12-10 08:11:12] NETWORK INFO: Server authentication successful for node: aggregator-001
✓ Aggregator connected: aggregator-001 from 127.0.0.1
✓ Sent 334399 bytes to aggregator-001 (0.39ms)
Session completed with aggregator-001
[2025-12-10 08:11:19] Meter 400: Generated 2.892 kWh (encrypted: 334325 bytes, 7.123 ms)
[2025-12-10 08:11:39] Meter 400: Generated 6.133 kWh (encrypted: 334175 bytes, 4.555 ms)
[2025-12-10 08:11:59] Meter 400: Generated 4.798 kWh (encrypted: 333987 bytes, 5.069 ms)
[2025-12-10 08:12:17] NETWORK INFO: Server authentication successful for node: aggregator-001
✓ Aggregator connected: aggregator-001 from 127.0.0.1
✓ Sent 333987 bytes to aggregator-001 (0.38ms)
Session completed with aggregator-001
[2025-12-10 08:12:19] Meter 400: Generated 3.972 kWh (encrypted: 334462 bytes, 7.010 ms)

Received shutdown signal. Gracefully shutting down smart meter...
Network server thread stopped
Data generation thread stopped
Smart meter 400 shutdown complete
