=== Continuous Smart Meter Server 304 ===
Initializing for continuous operation...
SEAL context initialized
Loaded certificate: smart-meter-304
Requesting public keys from KDC...
[2025-12-10 08:01:19] NETWORK ERROR: Failed to connect to 127.0.0.1:8444: Connection refused
Error: Failed to connect to KDC at 127.0.0.1:8444
Error: Failed to send key request to KDC
Failed to obtain keys from KDC, falling back to file keys
Loaded keys from fallback files
Cryptographic components initialized
[2025-12-10 08:01:19] NETWORK INFO: Server socket created and listening on port 9304
✓ Smart meter server ready on port 9304
Data transmission interval: 20 seconds (15x accelerated - simulates 5min)
✓ Performance metrics CSV files initialized in performance_data/
Starting continuous smart meter operation...
Press Ctrl+C to stop gracefully
Data generation thread started
Network server thread started on port 9304
[2025-12-10 08:01:31] NETWORK INFO: Server authentication successful for node: aggregator-001
✓ Aggregator connected: aggregator-001 from 127.0.0.1
[2025-12-10 08:01:39] Meter 304: Generated 7.351 kWh (encrypted: 334374 bytes, 7.425 ms)
✓ Sent 334374 bytes to aggregator-001 (1.80ms)
Session completed with aggregator-001
[2025-12-10 08:01:59] Meter 304: Generated 3.638 kWh (encrypted: 333995 bytes, 4.612 ms)
[2025-12-10 08:02:19] Meter 304: Generated 4.488 kWh (encrypted: 334120 bytes, 4.506 ms)
[2025-12-10 08:02:33] NETWORK INFO: Server authentication successful for node: aggregator-001
✓ Aggregator connected: aggregator-001 from 127.0.0.1
✓ Sent 334120 bytes to aggregator-001 (0.34ms)
Session completed with aggregator-001
[2025-12-10 08:02:39] Meter 304: Generated 6.484 kWh (encrypted: 334416 bytes, 4.628 ms)
[2025-12-10 08:02:59] Meter 304: Generated 5.220 kWh (encrypted: 334459 bytes, 4.620 ms)
[2025-12-10 08:03:19] Meter 304: Generated 5.548 kWh (encrypted: 334175 bytes, 4.841 ms)
[2025-12-10 08:03:36] NETWORK INFO: Server authentication successful for node: aggregator-001
✓ Aggregator connected: aggregator-001 from 127.0.0.1
✓ Sent 334175 bytes to aggregator-001 (0.43ms)
Session completed with aggregator-001
[2025-12-10 08:03:39] Meter 304: Generated 4.595 kWh (encrypted: 334070 bytes, 4.834 ms)
[2025-12-10 08:03:59] Meter 304: Generated 7.185 kWh (encrypted: 334378 bytes, 5.331 ms)
[2025-12-10 08:04:19] Meter 304: Generated 0.910 kWh (encrypted: 334271 bytes, 4.362 ms)
[2025-12-10 08:04:39] Meter 304: Generated 6.780 kWh (encrypted: 334347 bytes, 4.720 ms)
[2025-12-10 08:04:39] NETWORK INFO: Server authentication successful for node: aggregator-001
✓ Aggregator connected: aggregator-001 from 127.0.0.1
✓ Sent 334347 bytes to aggregator-001 (0.36ms)
Session completed with aggregator-001
[2025-12-10 08:04:59] Meter 304: Generated 7.410 kWh (encrypted: 334287 bytes, 4.947 ms)
[2025-12-10 08:05:19] Meter 304: Generated 0.874 kWh (encrypted: 334307 bytes, 4.555 ms)
[2025-12-10 08:05:39] Meter 304: Generated 6.654 kWh (encrypted: 334159 bytes, 4.778 ms)
[2025-12-10 08:05:44] NETWORK INFO: Server authentication successful for node: aggregator-001
✓ Aggregator connected: aggregator-001 from 127.0.0.1
✓ Sent 334159 bytes to aggregator-001 (0.35ms)
Session completed with aggregator-001
[2025-12-10 08:05:59] Meter 304: Generated 6.500 kWh (encrypted: 334204 bytes, 4.890 ms)
[2025-12-10 08:06:19] Meter 304: Generated 4.343 kWh (encrypted: 334145 bytes, 4.817 ms)
[2025-12-10 08:06:39] Meter 304: Generated 6.356 kWh (encrypted: 334380 bytes, 4.662 ms)
[2025-12-10 08:06:50] NETWORK INFO: Server authentication successful for node: aggregator-001
✓ Aggregator connected: aggregator-001 from 127.0.0.1
✓ Sent 334380 bytes to aggregator-001 (0.35ms)
Session completed with aggregator-001
[2025-12-10 08:06:59] Meter 304: Generated 3.745 kWh (encrypted: 334396 bytes, 7.196 ms)
[2025-12-10 08:07:19] Meter 304: Generated 1.817 kWh (encrypted: 334217 bytes, 4.919 ms)
[2025-12-10 08:07:39] Meter 304: Generated 3.817 kWh (encrypted: 334180 bytes, 4.548 ms)
[2025-12-10 08:07:56] NETWORK INFO: Server authentication successful for node: aggregator-001
✓ Aggregator connected: aggregator-001 from 127.0.0.1
✓ Sent 334180 bytes to aggregator-001 (1.17ms)
Session completed with aggregator-001
[2025-12-10 08:07:59] Meter 304: Generated 1.107 kWh (encrypted: 334152 bytes, 6.444 ms)
[2025-12-10 08:08:19] Meter 304: Generated 4.357 kWh (encrypted: 334175 bytes, 6.453 ms)
[2025-12-10 08:08:39] Meter 304: Generated 5.041 kWh (encrypted: 334485 bytes, 4.576 ms)
[2025-12-10 08:08:59] Meter 304: Generated 4.947 kWh (encrypted: 333968 bytes, 5.079 ms)
[2025-12-10 08:09:01] NETWORK INFO: Server authentication successful for node: aggregator-001
✓ Aggregator connected: aggregator-001 from 127.0.0.1
✓ Sent 333968 bytes to aggregator-001 (3.36ms)
Session completed with aggregator-001
[2025-12-10 08:09:19] Meter 304: Generated 1.581 kWh (encrypted: 334106 bytes, 4.806 ms)
[2025-12-10 08:09:39] Meter 304: Generated 3.432 kWh (encrypted: 334312 bytes, 4.649 ms)
[2025-12-10 08:09:59] Meter 304: Generated 4.712 kWh (encrypted: 334384 bytes, 6.511 ms)
[2025-12-10 08:10:06] NETWORK INFO: Server authentication successful for node: aggregator-001
✓ Aggregator connected: aggregator-001 from 127.0.0.1
✓ Sent 334384 bytes to aggregator-001 (0.36ms)
Session completed with aggregator-001
[2025-12-10 08:10:19] Meter 304: Generated 1.531 kWh (encrypted: 334316 bytes, 4.874 ms)
[2025-12-10 08:10:39] Meter 304: Generated 2.531 kWh (encrypted: 334489 bytes, 4.503 ms)
[2025-12-10 08:10:59] Meter 304: Generated 3.563 kWh (encrypted: 333934 bytes, 6.584 ms)
[2025-12-10 08:11:12] NETWORK INFO: Server authentication successful for node: aggregator-001
✓ Aggregator connected: aggregator-001 from 127.0.0.1
✓ Sent 333934 bytes to aggregator-001 (0.38ms)
Session completed with aggregator-001
[2025-12-10 08:11:19] Meter 304: Generated 2.213 kWh (encrypted: 334221 bytes, 4.527 ms)
[2025-12-10 08:11:39] Meter 304: Generated 2.282 kWh (encrypted: 334217 bytes, 4.394 ms)
[2025-12-10 08:11:59] Meter 304: Generated 4.779 kWh (encrypted: 334349 bytes, 6.656 ms)
[2025-12-10 08:12:17] NETWORK INFO: Server authentication successful for node: aggregator-001
✓ Aggregator connected: aggregator-001 from 127.0.0.1
✓ Sent 334349 bytes to aggregator-001 (1.80ms)
Session completed with aggregator-001
[2025-12-10 08:12:19] Meter 304: Generated 3.877 kWh (encrypted: 334295 bytes, 4.918 ms)

Received shutdown signal. Gracefully shutting down smart meter...
Network server thread stopped
Data generation thread stopped
Smart meter 304 shutdown complete
