=== Continuous Smart Meter Server 147 ===
Initializing for continuous operation...
SEAL context initialized
Loaded certificate: smart-meter-147
Requesting public keys from KDC...
[2025-12-10 07:58:05] NETWORK ERROR: Failed to connect to 127.0.0.1:8444: Connection refused
Error: Failed to connect to KDC at 127.0.0.1:8444
Error: Failed to send key request to KDC
Failed to obtain keys from KDC, falling back to file keys
Loaded keys from fallback files
Cryptographic components initialized
[2025-12-10 07:58:05] NETWORK INFO: Server socket created and listening on port 9147
✓ Smart meter server ready on port 9147
Data transmission interval: 20 seconds (15x accelerated - simulates 5min)
✓ Performance metrics CSV files initialized in performance_data/
Starting continuous smart meter operation...
Press Ctrl+C to stop gracefully
Data generation thread started
Network server thread started on port 9147
[2025-12-10 07:58:25] NETWORK INFO: Server authentication successful for node: aggregator-001
✓ Aggregator connected: aggregator-001 from 127.0.0.1
[2025-12-10 07:58:25] Meter 147: Generated 5.824 kWh (encrypted: 334361 bytes, 4.971 ms)
✓ Sent 334361 bytes to aggregator-001 (0.76ms)
Session completed with aggregator-001
[2025-12-10 07:58:45] Meter 147: Generated 7.529 kWh (encrypted: 334365 bytes, 4.513 ms)
[2025-12-10 07:59:05] Meter 147: Generated 2.161 kWh (encrypted: 334402 bytes, 4.272 ms)
[2025-12-10 07:59:25] Meter 147: Generated 5.162 kWh (encrypted: 334279 bytes, 4.617 ms)
[2025-12-10 07:59:26] NETWORK INFO: Server authentication successful for node: aggregator-001
✓ Aggregator connected: aggregator-001 from 127.0.0.1
✓ Sent 334279 bytes to aggregator-001 (0.41ms)
Session completed with aggregator-001
[2025-12-10 07:59:45] Meter 147: Generated 4.655 kWh (encrypted: 334075 bytes, 4.447 ms)
[2025-12-10 08:00:05] Meter 147: Generated 2.453 kWh (encrypted: 334426 bytes, 4.734 ms)
[2025-12-10 08:00:25] Meter 147: Generated 5.538 kWh (encrypted: 334330 bytes, 4.822 ms)
[2025-12-10 08:00:28] NETWORK INFO: Server authentication successful for node: aggregator-001
✓ Aggregator connected: aggregator-001 from 127.0.0.1
✓ Sent 334330 bytes to aggregator-001 (0.37ms)
Session completed with aggregator-001
[2025-12-10 08:00:45] Meter 147: Generated 5.590 kWh (encrypted: 334061 bytes, 4.322 ms)
[2025-12-10 08:01:05] Meter 147: Generated 5.037 kWh (encrypted: 333861 bytes, 4.371 ms)
[2025-12-10 08:01:25] Meter 147: Generated 1.750 kWh (encrypted: 334066 bytes, 4.343 ms)
[2025-12-10 08:01:31] NETWORK INFO: Server authentication successful for node: aggregator-001
✓ Aggregator connected: aggregator-001 from 127.0.0.1
✓ Sent 334066 bytes to aggregator-001 (0.36ms)
Session completed with aggregator-001
[2025-12-10 08:01:45] Meter 147: Generated 1.419 kWh (encrypted: 334292 bytes, 4.289 ms)
[2025-12-10 08:02:05] Meter 147: Generated 6.255 kWh (encrypted: 334501 bytes, 5.269 ms)
[2025-12-10 08:02:25] Meter 147: Generated 4.015 kWh (encrypted: 333999 bytes, 4.308 ms)
[2025-12-10 08:02:33] NETWORK INFO: Server authentication successful for node: aggregator-001
✓ Aggregator connected: aggregator-001 from 127.0.0.1
✓ Sent 333999 bytes to aggregator-001 (0.39ms)
Session completed with aggregator-001
[2025-12-10 08:02:45] Meter 147: Generated 4.802 kWh (encrypted: 334086 bytes, 6.611 ms)
[2025-12-10 08:03:05] Meter 147: Generated 4.703 kWh (encrypted: 334178 bytes, 4.863 ms)
[2025-12-10 08:03:25] Meter 147: Generated 2.954 kWh (encrypted: 334442 bytes, 4.510 ms)
[2025-12-10 08:03:36] NETWORK INFO: Server authentication successful for node: aggregator-001
✓ Aggregator connected: aggregator-001 from 127.0.0.1
✓ Sent 334442 bytes to aggregator-001 (1.81ms)
Session completed with aggregator-001
[2025-12-10 08:03:45] Meter 147: Generated 2.327 kWh (encrypted: 334341 bytes, 6.149 ms)
[2025-12-10 08:04:05] Meter 147: Generated 1.855 kWh (encrypted: 334275 bytes, 5.804 ms)
[2025-12-10 08:04:25] Meter 147: Generated 5.622 kWh (encrypted: 334370 bytes, 4.470 ms)
[2025-12-10 08:04:39] NETWORK INFO: Server authentication successful for node: aggregator-001
✓ Aggregator connected: aggregator-001 from 127.0.0.1
✓ Sent 334370 bytes to aggregator-001 (10.02ms)
Session completed with aggregator-001
[2025-12-10 08:04:45] Meter 147: Generated 1.677 kWh (encrypted: 334163 bytes, 9.454 ms)
[2025-12-10 08:05:05] Meter 147: Generated 4.746 kWh (encrypted: 334354 bytes, 4.781 ms)
[2025-12-10 08:05:25] Meter 147: Generated 3.487 kWh (encrypted: 334308 bytes, 4.765 ms)
[2025-12-10 08:05:44] NETWORK INFO: Server authentication successful for node: aggregator-001
✓ Aggregator connected: aggregator-001 from 127.0.0.1
✓ Sent 334308 bytes to aggregator-001 (0.40ms)
Session completed with aggregator-001
[2025-12-10 08:05:45] Meter 147: Generated 2.633 kWh (encrypted: 334142 bytes, 4.380 ms)
[2025-12-10 08:06:05] Meter 147: Generated 5.012 kWh (encrypted: 334391 bytes, 13.001 ms)
[2025-12-10 08:06:25] Meter 147: Generated 5.700 kWh (encrypted: 334403 bytes, 4.707 ms)
[2025-12-10 08:06:45] Meter 147: Generated 2.707 kWh (encrypted: 333300 bytes, 4.657 ms)
[2025-12-10 08:06:50] NETWORK INFO: Server authentication successful for node: aggregator-001
✓ Aggregator connected: aggregator-001 from 127.0.0.1
✓ Sent 333300 bytes to aggregator-001 (1.32ms)
Session completed with aggregator-001
[2025-12-10 08:07:05] Meter 147: Generated 1.047 kWh (encrypted: 334245 bytes, 6.478 ms)
[2025-12-10 08:07:25] Meter 147: Generated 5.159 kWh (encrypted: 334231 bytes, 4.539 ms)
[2025-12-10 08:07:45] Meter 147: Generated 3.350 kWh (encrypted: 334380 bytes, 4.650 ms)
[2025-12-10 08:07:56] NETWORK INFO: Server authentication successful for node: aggregator-001
✓ Aggregator connected: aggregator-001 from 127.0.0.1
✓ Sent 334380 bytes to aggregator-001 (0.65ms)
Session completed with aggregator-001
[2025-12-10 08:08:05] Meter 147: Generated 6.242 kWh (encrypted: 334179 bytes, 6.544 ms)
[2025-12-10 08:08:25] Meter 147: Generated 4.291 kWh (encrypted: 334304 bytes, 6.593 ms)
[2025-12-10 08:08:45] Meter 147: Generated 2.045 kWh (encrypted: 333602 bytes, 4.663 ms)
[2025-12-10 08:09:01] NETWORK INFO: Server authentication successful for node: aggregator-001
✓ Aggregator connected: aggregator-001 from 127.0.0.1
✓ Sent 333602 bytes to aggregator-001 (0.37ms)
Session completed with aggregator-001
[2025-12-10 08:09:05] Meter 147: Generated 0.886 kWh (encrypted: 334166 bytes, 7.267 ms)
[2025-12-10 08:09:25] Meter 147: Generated 2.029 kWh (encrypted: 334199 bytes, 6.891 ms)
[2025-12-10 08:09:45] Meter 147: Generated 1.067 kWh (encrypted: 334443 bytes, 4.865 ms)
[2025-12-10 08:10:05] Meter 147: Generated 5.771 kWh (encrypted: 334348 bytes, 6.530 ms)
[2025-12-10 08:10:06] NETWORK INFO: Server authentication successful for node: aggregator-001
✓ Aggregator connected: aggregator-001 from 127.0.0.1
✓ Sent 334348 bytes to aggregator-001 (0.37ms)
Session completed with aggregator-001
[2025-12-10 08:10:25] Meter 147: Generated 4.189 kWh (encrypted: 334191 bytes, 4.757 ms)
[2025-12-10 08:10:45] Meter 147: Generated 6.884 kWh (encrypted: 334180 bytes, 5.447 ms)
[2025-12-10 08:11:05] Meter 147: Generated 5.852 kWh (encrypted: 334408 bytes, 4.935 ms)
[2025-12-10 08:11:12] NETWORK INFO: Server authentication successful for node: aggregator-001
✓ Aggregator connected: aggregator-001 from 127.0.0.1
✓ Sent 334408 bytes to aggregator-001 (0.42ms)
Session completed with aggregator-001
[2025-12-10 08:11:25] Meter 147: Generated 3.049 kWh (encrypted: 334481 bytes, 6.482 ms)
[2025-12-10 08:11:45] Meter 147: Generated 6.369 kWh (encrypted: 333650 bytes, 5.005 ms)
[2025-12-10 08:12:05] Meter 147: Generated 3.363 kWh (encrypted: 334248 bytes, 9.432 ms)
[2025-12-10 08:12:17] NETWORK INFO: Server authentication successful for node: aggregator-001
✓ Aggregator connected: aggregator-001 from 127.0.0.1
✓ Sent 334248 bytes to aggregator-001 (0.36ms)
Session completed with aggregator-001
[2025-12-10 08:12:25] Meter 147: Generated 2.966 kWh (encrypted: 334358 bytes, 6.402 ms)

Received shutdown signal. Gracefully shutting down smart meter...
Network server thread stopped
Data generation thread stopped
Smart meter 147 shutdown complete
