=== Continuous Smart Meter Server 43 ===
Initializing for continuous operation...
SEAL context initialized
Loaded certificate: smart-meter-043
Requesting public keys from KDC...
[2025-12-10 07:55:58] NETWORK ERROR: Failed to connect to 127.0.0.1:8444: Connection refused
Error: Failed to connect to KDC at 127.0.0.1:8444
Error: Failed to send key request to KDC
Failed to obtain keys from KDC, falling back to file keys
Loaded keys from fallback files
Cryptographic components initialized
[2025-12-10 07:55:58] NETWORK INFO: Server socket created and listening on port 9043
✓ Smart meter server ready on port 9043
Data transmission interval: 20 seconds (15x accelerated - simulates 5min)
✓ Performance metrics CSV files initialized in performance_data/
Starting continuous smart meter operation...
Press Ctrl+C to stop gracefully
Data generation thread started
Network server thread started on port 9043
[2025-12-10 07:56:05] NETWORK INFO: Server authentication successful for node: aggregator-001
✓ Aggregator connected: aggregator-001 from 127.0.0.1
[2025-12-10 07:56:18] Meter 43: Generated 1.183 kWh (encrypted: 334315 bytes, 4.851 ms)
✓ Sent 334315 bytes to aggregator-001 (0.73ms)
Session completed with aggregator-001
[2025-12-10 07:56:38] Meter 43: Generated 7.115 kWh (encrypted: 334376 bytes, 4.309 ms)
[2025-12-10 07:56:58] Meter 43: Generated 6.368 kWh (encrypted: 334440 bytes, 4.437 ms)
[2025-12-10 07:57:15] NETWORK INFO: Server authentication successful for node: aggregator-001
✓ Aggregator connected: aggregator-001 from 127.0.0.1
✓ Sent 334440 bytes to aggregator-001 (0.38ms)
Session completed with aggregator-001
[2025-12-10 07:57:18] Meter 43: Generated 4.638 kWh (encrypted: 334431 bytes, 4.269 ms)
[2025-12-10 07:57:38] Meter 43: Generated 1.008 kWh (encrypted: 334367 bytes, 5.111 ms)
[2025-12-10 07:57:58] Meter 43: Generated 6.785 kWh (encrypted: 334279 bytes, 4.449 ms)
[2025-12-10 07:58:18] Meter 43: Generated 1.705 kWh (encrypted: 334068 bytes, 4.504 ms)
[2025-12-10 07:58:25] NETWORK INFO: Server authentication successful for node: aggregator-001
✓ Aggregator connected: aggregator-001 from 127.0.0.1
✓ Sent 334068 bytes to aggregator-001 (0.35ms)
Session completed with aggregator-001
[2025-12-10 07:58:38] Meter 43: Generated 2.027 kWh (encrypted: 334423 bytes, 5.036 ms)
[2025-12-10 07:58:58] Meter 43: Generated 1.852 kWh (encrypted: 334437 bytes, 4.518 ms)
[2025-12-10 07:59:18] Meter 43: Generated 2.689 kWh (encrypted: 334421 bytes, 5.509 ms)
[2025-12-10 07:59:26] NETWORK INFO: Server authentication successful for node: aggregator-001
✓ Aggregator connected: aggregator-001 from 127.0.0.1
✓ Sent 334421 bytes to aggregator-001 (0.35ms)
Session completed with aggregator-001
[2025-12-10 07:59:38] Meter 43: Generated 5.274 kWh (encrypted: 334255 bytes, 5.786 ms)
[2025-12-10 07:59:58] Meter 43: Generated 1.268 kWh (encrypted: 334304 bytes, 4.749 ms)
[2025-12-10 08:00:18] Meter 43: Generated 3.997 kWh (encrypted: 334342 bytes, 5.149 ms)
[2025-12-10 08:00:28] NETWORK INFO: Server authentication successful for node: aggregator-001
✓ Aggregator connected: aggregator-001 from 127.0.0.1
✓ Sent 334342 bytes to aggregator-001 (2.40ms)
Session completed with aggregator-001
[2025-12-10 08:00:38] Meter 43: Generated 3.744 kWh (encrypted: 334432 bytes, 5.624 ms)
[2025-12-10 08:00:58] Meter 43: Generated 5.634 kWh (encrypted: 334030 bytes, 6.217 ms)
[2025-12-10 08:01:18] Meter 43: Generated 1.394 kWh (encrypted: 334520 bytes, 4.295 ms)
[2025-12-10 08:01:31] NETWORK INFO: Server authentication successful for node: aggregator-001
✓ Aggregator connected: aggregator-001 from 127.0.0.1
✓ Sent 334520 bytes to aggregator-001 (3.15ms)
Session completed with aggregator-001
[2025-12-10 08:01:38] Meter 43: Generated 2.048 kWh (encrypted: 334411 bytes, 4.654 ms)
[2025-12-10 08:01:58] Meter 43: Generated 6.598 kWh (encrypted: 334089 bytes, 4.373 ms)
[2025-12-10 08:02:18] Meter 43: Generated 2.004 kWh (encrypted: 334335 bytes, 6.460 ms)
[2025-12-10 08:02:33] NETWORK INFO: Server authentication successful for node: aggregator-001
✓ Aggregator connected: aggregator-001 from 127.0.0.1
✓ Sent 334335 bytes to aggregator-001 (0.38ms)
Session completed with aggregator-001
[2025-12-10 08:02:38] Meter 43: Generated 4.388 kWh (encrypted: 334399 bytes, 5.775 ms)
[2025-12-10 08:02:58] Meter 43: Generated 6.456 kWh (encrypted: 334476 bytes, 4.493 ms)
[2025-12-10 08:03:18] Meter 43: Generated 5.443 kWh (encrypted: 334292 bytes, 4.360 ms)
[2025-12-10 08:03:36] NETWORK INFO: Server authentication successful for node: aggregator-001
✓ Aggregator connected: aggregator-001 from 127.0.0.1
✓ Sent 334292 bytes to aggregator-001 (0.39ms)
Session completed with aggregator-001
[2025-12-10 08:03:38] Meter 43: Generated 3.346 kWh (encrypted: 334416 bytes, 4.367 ms)
[2025-12-10 08:03:58] Meter 43: Generated 4.455 kWh (encrypted: 334194 bytes, 5.438 ms)
[2025-12-10 08:04:18] Meter 43: Generated 5.006 kWh (encrypted: 334459 bytes, 4.920 ms)
[2025-12-10 08:04:38] Meter 43: Generated 6.826 kWh (encrypted: 334376 bytes, 5.329 ms)
[2025-12-10 08:04:39] NETWORK INFO: Server authentication successful for node: aggregator-001
✓ Aggregator connected: aggregator-001 from 127.0.0.1
✓ Sent 334376 bytes to aggregator-001 (9.89ms)
Session completed with aggregator-001
[2025-12-10 08:04:58] Meter 43: Generated 1.823 kWh (encrypted: 334471 bytes, 4.898 ms)
[2025-12-10 08:05:18] Meter 43: Generated 2.810 kWh (encrypted: 334484 bytes, 4.309 ms)
[2025-12-10 08:05:38] Meter 43: Generated 6.390 kWh (encrypted: 334165 bytes, 7.059 ms)
[2025-12-10 08:05:44] NETWORK INFO: Server authentication successful for node: aggregator-001
✓ Aggregator connected: aggregator-001 from 127.0.0.1
✓ Sent 334165 bytes to aggregator-001 (0.39ms)
Session completed with aggregator-001
[2025-12-10 08:05:58] Meter 43: Generated 5.182 kWh (encrypted: 334399 bytes, 4.995 ms)
[2025-12-10 08:06:19] Meter 43: Generated 4.887 kWh (encrypted: 334442 bytes, 6.622 ms)
[2025-12-10 08:06:39] Meter 43: Generated 7.046 kWh (encrypted: 334346 bytes, 5.345 ms)
[2025-12-10 08:06:50] NETWORK INFO: Server authentication successful for node: aggregator-001
✓ Aggregator connected: aggregator-001 from 127.0.0.1
✓ Sent 334346 bytes to aggregator-001 (1.42ms)
Session completed with aggregator-001
[2025-12-10 08:06:59] Meter 43: Generated 1.197 kWh (encrypted: 334288 bytes, 6.428 ms)
[2025-12-10 08:07:19] Meter 43: Generated 1.751 kWh (encrypted: 334184 bytes, 4.636 ms)
[2025-12-10 08:07:39] Meter 43: Generated 3.154 kWh (encrypted: 334475 bytes, 5.898 ms)
[2025-12-10 08:07:56] NETWORK INFO: Server authentication successful for node: aggregator-001
✓ Aggregator connected: aggregator-001 from 127.0.0.1
✓ Sent 334475 bytes to aggregator-001 (0.41ms)
Session completed with aggregator-001
[2025-12-10 08:07:59] Meter 43: Generated 3.194 kWh (encrypted: 334255 bytes, 6.404 ms)
[2025-12-10 08:08:19] Meter 43: Generated 3.451 kWh (encrypted: 334144 bytes, 4.848 ms)
[2025-12-10 08:08:39] Meter 43: Generated 1.533 kWh (encrypted: 334108 bytes, 5.348 ms)
[2025-12-10 08:08:59] Meter 43: Generated 5.088 kWh (encrypted: 334371 bytes, 6.627 ms)
[2025-12-10 08:09:01] NETWORK INFO: Server authentication successful for node: aggregator-001
✓ Aggregator connected: aggregator-001 from 127.0.0.1
✓ Sent 334371 bytes to aggregator-001 (0.65ms)
Session completed with aggregator-001
[2025-12-10 08:09:19] Meter 43: Generated 6.521 kWh (encrypted: 334420 bytes, 4.782 ms)
[2025-12-10 08:09:39] Meter 43: Generated 2.740 kWh (encrypted: 334385 bytes, 4.455 ms)
[2025-12-10 08:09:59] Meter 43: Generated 7.208 kWh (encrypted: 334221 bytes, 6.472 ms)
[2025-12-10 08:10:06] NETWORK INFO: Server authentication successful for node: aggregator-001
✓ Aggregator connected: aggregator-001 from 127.0.0.1
✓ Sent 334221 bytes to aggregator-001 (0.46ms)
Session completed with aggregator-001
[2025-12-10 08:10:19] Meter 43: Generated 5.740 kWh (encrypted: 333915 bytes, 6.039 ms)
[2025-12-10 08:10:39] Meter 43: Generated 2.661 kWh (encrypted: 334147 bytes, 4.680 ms)
[2025-12-10 08:10:59] Meter 43: Generated 4.730 kWh (encrypted: 334383 bytes, 6.529 ms)
[2025-12-10 08:11:12] NETWORK INFO: Server authentication successful for node: aggregator-001
✓ Aggregator connected: aggregator-001 from 127.0.0.1
✓ Sent 334383 bytes to aggregator-001 (0.41ms)
Session completed with aggregator-001
[2025-12-10 08:11:19] Meter 43: Generated 4.722 kWh (encrypted: 334490 bytes, 4.290 ms)
[2025-12-10 08:11:39] Meter 43: Generated 4.740 kWh (encrypted: 334386 bytes, 4.689 ms)
[2025-12-10 08:11:59] Meter 43: Generated 1.000 kWh (encrypted: 334110 bytes, 4.689 ms)
[2025-12-10 08:12:17] NETWORK INFO: Server authentication successful for node: aggregator-001
✓ Aggregator connected: aggregator-001 from 127.0.0.1
✓ Sent 334110 bytes to aggregator-001 (0.37ms)
Session completed with aggregator-001
[2025-12-10 08:12:19] Meter 43: Generated 4.691 kWh (encrypted: 334289 bytes, 4.484 ms)

Received shutdown signal. Gracefully shutting down smart meter...
Network server thread stopped
Data generation thread stopped
Smart meter 43 shutdown complete
