=== Continuous Smart Meter Server 291 ===
Initializing for continuous operation...
SEAL context initialized
Loaded certificate: smart-meter-291
Requesting public keys from KDC...
[2025-12-10 08:01:03] NETWORK ERROR: Failed to connect to 127.0.0.1:8444: Connection refused
Error: Failed to connect to KDC at 127.0.0.1:8444
Error: Failed to send key request to KDC
Failed to obtain keys from KDC, falling back to file keys
Loaded keys from fallback files
Cryptographic components initialized
[2025-12-10 08:01:03] NETWORK INFO: Server socket created and listening on port 9291
✓ Smart meter server ready on port 9291
Data transmission interval: 20 seconds (15x accelerated - simulates 5min)
✓ Performance metrics CSV files initialized in performance_data/
Starting continuous smart meter operation...
Press Ctrl+C to stop gracefully
Data generation thread started
Network server thread started on port 9291
[2025-12-10 08:01:23] Meter 291: Generated 6.513 kWh (encrypted: 334025 bytes, 5.596 ms)
[2025-12-10 08:01:31] NETWORK INFO: Server authentication successful for node: aggregator-001
✓ Aggregator connected: aggregator-001 from 127.0.0.1
✓ Sent 334025 bytes to aggregator-001 (0.81ms)
Session completed with aggregator-001
[2025-12-10 08:01:43] Meter 291: Generated 1.794 kWh (encrypted: 334441 bytes, 4.617 ms)
[2025-12-10 08:02:03] Meter 291: Generated 3.034 kWh (encrypted: 334055 bytes, 6.501 ms)
[2025-12-10 08:02:23] Meter 291: Generated 3.837 kWh (encrypted: 334353 bytes, 6.032 ms)
[2025-12-10 08:02:33] NETWORK INFO: Server authentication successful for node: aggregator-001
✓ Aggregator connected: aggregator-001 from 127.0.0.1
✓ Sent 334353 bytes to aggregator-001 (8.70ms)
Session completed with aggregator-001
[2025-12-10 08:02:43] Meter 291: Generated 5.406 kWh (encrypted: 334331 bytes, 4.934 ms)
[2025-12-10 08:03:03] Meter 291: Generated 4.838 kWh (encrypted: 334221 bytes, 9.787 ms)
[2025-12-10 08:03:23] Meter 291: Generated 4.025 kWh (encrypted: 334438 bytes, 5.315 ms)
[2025-12-10 08:03:36] NETWORK INFO: Server authentication successful for node: aggregator-001
✓ Aggregator connected: aggregator-001 from 127.0.0.1
✓ Sent 334438 bytes to aggregator-001 (0.41ms)
Session completed with aggregator-001
[2025-12-10 08:03:43] Meter 291: Generated 5.826 kWh (encrypted: 333955 bytes, 9.223 ms)
[2025-12-10 08:04:03] Meter 291: Generated 3.318 kWh (encrypted: 334428 bytes, 4.487 ms)
[2025-12-10 08:04:23] Meter 291: Generated 5.709 kWh (encrypted: 334355 bytes, 6.740 ms)
[2025-12-10 08:04:39] NETWORK INFO: Server authentication successful for node: aggregator-001
✓ Aggregator connected: aggregator-001 from 127.0.0.1
✓ Sent 334355 bytes to aggregator-001 (8.91ms)
Session completed with aggregator-001
[2025-12-10 08:04:43] Meter 291: Generated 4.805 kWh (encrypted: 334347 bytes, 5.027 ms)
[2025-12-10 08:05:03] Meter 291: Generated 6.396 kWh (encrypted: 334239 bytes, 5.464 ms)
[2025-12-10 08:05:23] Meter 291: Generated 6.911 kWh (encrypted: 334288 bytes, 4.475 ms)
[2025-12-10 08:05:43] Meter 291: Generated 2.518 kWh (encrypted: 334130 bytes, 4.540 ms)
[2025-12-10 08:05:44] NETWORK INFO: Server authentication successful for node: aggregator-001
✓ Aggregator connected: aggregator-001 from 127.0.0.1
✓ Sent 334130 bytes to aggregator-001 (0.47ms)
Session completed with aggregator-001
[2025-12-10 08:06:03] Meter 291: Generated 1.947 kWh (encrypted: 334288 bytes, 6.464 ms)
[2025-12-10 08:06:23] Meter 291: Generated 5.479 kWh (encrypted: 334145 bytes, 6.584 ms)
[2025-12-10 08:06:43] Meter 291: Generated 1.041 kWh (encrypted: 334425 bytes, 4.601 ms)
[2025-12-10 08:06:50] NETWORK INFO: Server authentication successful for node: aggregator-001
✓ Aggregator connected: aggregator-001 from 127.0.0.1
✓ Sent 334425 bytes to aggregator-001 (53.75ms)
Session completed with aggregator-001
[2025-12-10 08:07:03] Meter 291: Generated 7.277 kWh (encrypted: 334320 bytes, 4.692 ms)
[2025-12-10 08:07:23] Meter 291: Generated 5.746 kWh (encrypted: 334237 bytes, 7.018 ms)
[2025-12-10 08:07:43] Meter 291: Generated 4.892 kWh (encrypted: 334433 bytes, 4.989 ms)
[2025-12-10 08:07:56] NETWORK INFO: Server authentication successful for node: aggregator-001
✓ Aggregator connected: aggregator-001 from 127.0.0.1
✓ Sent 334433 bytes to aggregator-001 (0.38ms)
Session completed with aggregator-001
[2025-12-10 08:08:03] Meter 291: Generated 4.740 kWh (encrypted: 334444 bytes, 6.633 ms)
[2025-12-10 08:08:23] Meter 291: Generated 5.231 kWh (encrypted: 334369 bytes, 4.844 ms)
[2025-12-10 08:08:43] Meter 291: Generated 7.164 kWh (encrypted: 334471 bytes, 4.446 ms)
[2025-12-10 08:09:01] NETWORK INFO: Server authentication successful for node: aggregator-001
✓ Aggregator connected: aggregator-001 from 127.0.0.1
✓ Sent 334471 bytes to aggregator-001 (0.50ms)
Session completed with aggregator-001
[2025-12-10 08:09:03] Meter 291: Generated 6.660 kWh (encrypted: 334462 bytes, 6.762 ms)
[2025-12-10 08:09:23] Meter 291: Generated 1.714 kWh (encrypted: 334431 bytes, 8.522 ms)
[2025-12-10 08:09:43] Meter 291: Generated 1.853 kWh (encrypted: 334283 bytes, 4.846 ms)
[2025-12-10 08:10:03] Meter 291: Generated 6.496 kWh (encrypted: 334215 bytes, 6.854 ms)
[2025-12-10 08:10:06] NETWORK INFO: Server authentication successful for node: aggregator-001
✓ Aggregator connected: aggregator-001 from 127.0.0.1
✓ Sent 334215 bytes to aggregator-001 (19.78ms)
Session completed with aggregator-001
[2025-12-10 08:10:23] Meter 291: Generated 6.928 kWh (encrypted: 334405 bytes, 7.044 ms)
[2025-12-10 08:10:43] Meter 291: Generated 0.845 kWh (encrypted: 334490 bytes, 4.838 ms)
[2025-12-10 08:11:03] Meter 291: Generated 3.264 kWh (encrypted: 334135 bytes, 4.522 ms)
[2025-12-10 08:11:12] NETWORK INFO: Server authentication successful for node: aggregator-001
✓ Aggregator connected: aggregator-001 from 127.0.0.1
✓ Sent 334135 bytes to aggregator-001 (0.39ms)
Session completed with aggregator-001
[2025-12-10 08:11:23] Meter 291: Generated 1.803 kWh (encrypted: 334401 bytes, 6.794 ms)
[2025-12-10 08:11:43] Meter 291: Generated 3.048 kWh (encrypted: 334431 bytes, 4.690 ms)
[2025-12-10 08:12:03] Meter 291: Generated 6.417 kWh (encrypted: 334094 bytes, 4.829 ms)
[2025-12-10 08:12:17] NETWORK INFO: Server authentication successful for node: aggregator-001
✓ Aggregator connected: aggregator-001 from 127.0.0.1
✓ Sent 334094 bytes to aggregator-001 (0.32ms)
Session completed with aggregator-001
[2025-12-10 08:12:23] Meter 291: Generated 4.312 kWh (encrypted: 334351 bytes, 6.596 ms)

Received shutdown signal. Gracefully shutting down smart meter...
Network server thread stopped
Data generation thread stopped
Smart meter 291 shutdown complete
