=== Continuous Smart Meter Server 354 ===
Initializing for continuous operation...
SEAL context initialized
Loaded certificate: smart-meter-354
Requesting public keys from KDC...
[2025-12-10 08:02:21] NETWORK ERROR: Failed to connect to 127.0.0.1:8444: Connection refused
Error: Failed to connect to KDC at 127.0.0.1:8444
Error: Failed to send key request to KDC
Failed to obtain keys from KDC, falling back to file keys
Loaded keys from fallback files
Cryptographic components initialized
[2025-12-10 08:02:21] NETWORK INFO: Server socket created and listening on port 9354
✓ Smart meter server ready on port 9354
Data transmission interval: 20 seconds (15x accelerated - simulates 5min)
✓ Performance metrics CSV files initialized in performance_data/
Starting continuous smart meter operation...
Press Ctrl+C to stop gracefully
Data generation thread started
Network server thread started on port 9354
[2025-12-10 08:02:33] NETWORK INFO: Server authentication successful for node: aggregator-001
✓ Aggregator connected: aggregator-001 from 127.0.0.1
[2025-12-10 08:02:41] Meter 354: Generated 5.079 kWh (encrypted: 334295 bytes, 5.160 ms)
✓ Sent 334295 bytes to aggregator-001 (0.90ms)
Session completed with aggregator-001
[2025-12-10 08:03:01] Meter 354: Generated 1.668 kWh (encrypted: 334485 bytes, 4.464 ms)
[2025-12-10 08:03:21] Meter 354: Generated 1.564 kWh (encrypted: 334396 bytes, 5.681 ms)
[2025-12-10 08:03:36] NETWORK INFO: Server authentication successful for node: aggregator-001
✓ Aggregator connected: aggregator-001 from 127.0.0.1
✓ Sent 334396 bytes to aggregator-001 (0.47ms)
Session completed with aggregator-001
[2025-12-10 08:03:41] Meter 354: Generated 1.961 kWh (encrypted: 334390 bytes, 4.415 ms)
[2025-12-10 08:04:01] Meter 354: Generated 2.299 kWh (encrypted: 334220 bytes, 4.498 ms)
[2025-12-10 08:04:21] Meter 354: Generated 0.708 kWh (encrypted: 334425 bytes, 4.498 ms)
[2025-12-10 08:04:39] NETWORK INFO: Server authentication successful for node: aggregator-001
✓ Aggregator connected: aggregator-001 from 127.0.0.1
✓ Sent 334425 bytes to aggregator-001 (6.94ms)
Session completed with aggregator-001
[2025-12-10 08:04:41] Meter 354: Generated 2.728 kWh (encrypted: 334331 bytes, 4.523 ms)
[2025-12-10 08:05:01] Meter 354: Generated 2.115 kWh (encrypted: 334404 bytes, 4.421 ms)
[2025-12-10 08:05:21] Meter 354: Generated 2.544 kWh (encrypted: 334324 bytes, 6.237 ms)
[2025-12-10 08:05:41] Meter 354: Generated 5.823 kWh (encrypted: 334366 bytes, 4.395 ms)
[2025-12-10 08:05:44] NETWORK INFO: Server authentication successful for node: aggregator-001
✓ Aggregator connected: aggregator-001 from 127.0.0.1
✓ Sent 334366 bytes to aggregator-001 (0.57ms)
Session completed with aggregator-001
[2025-12-10 08:06:01] Meter 354: Generated 7.510 kWh (encrypted: 334372 bytes, 4.823 ms)
[2025-12-10 08:06:21] Meter 354: Generated 4.028 kWh (encrypted: 334284 bytes, 4.465 ms)
[2025-12-10 08:06:41] Meter 354: Generated 5.080 kWh (encrypted: 334427 bytes, 4.536 ms)
[2025-12-10 08:06:50] NETWORK INFO: Server authentication successful for node: aggregator-001
✓ Aggregator connected: aggregator-001 from 127.0.0.1
✓ Sent 334427 bytes to aggregator-001 (0.36ms)
Session completed with aggregator-001
[2025-12-10 08:07:01] Meter 354: Generated 3.200 kWh (encrypted: 334318 bytes, 6.056 ms)
[2025-12-10 08:07:21] Meter 354: Generated 4.592 kWh (encrypted: 333984 bytes, 6.458 ms)
[2025-12-10 08:07:41] Meter 354: Generated 1.428 kWh (encrypted: 334131 bytes, 4.811 ms)
[2025-12-10 08:07:56] NETWORK INFO: Server authentication successful for node: aggregator-001
✓ Aggregator connected: aggregator-001 from 127.0.0.1
✓ Sent 334131 bytes to aggregator-001 (7.85ms)
Session completed with aggregator-001
[2025-12-10 08:08:01] Meter 354: Generated 5.366 kWh (encrypted: 334333 bytes, 6.807 ms)
[2025-12-10 08:08:21] Meter 354: Generated 4.872 kWh (encrypted: 334378 bytes, 8.948 ms)
[2025-12-10 08:08:41] Meter 354: Generated 6.017 kWh (encrypted: 334100 bytes, 5.965 ms)
[2025-12-10 08:09:01] NETWORK INFO: Server authentication successful for node: aggregator-001
✓ Aggregator connected: aggregator-001 from 127.0.0.1
✓ Sent 334100 bytes to aggregator-001 (23.37ms)
Session completed with aggregator-001
[2025-12-10 08:09:01] Meter 354: Generated 7.503 kWh (encrypted: 334367 bytes, 6.413 ms)
[2025-12-10 08:09:21] Meter 354: Generated 4.369 kWh (encrypted: 334138 bytes, 7.990 ms)
[2025-12-10 08:09:41] Meter 354: Generated 5.891 kWh (encrypted: 334282 bytes, 7.475 ms)
[2025-12-10 08:10:01] Meter 354: Generated 7.175 kWh (encrypted: 334358 bytes, 7.365 ms)
[2025-12-10 08:10:06] NETWORK INFO: Server authentication successful for node: aggregator-001
✓ Aggregator connected: aggregator-001 from 127.0.0.1
✓ Sent 334358 bytes to aggregator-001 (0.37ms)
Session completed with aggregator-001
[2025-12-10 08:10:21] Meter 354: Generated 2.578 kWh (encrypted: 334475 bytes, 6.713 ms)
[2025-12-10 08:10:41] Meter 354: Generated 4.190 kWh (encrypted: 334489 bytes, 7.675 ms)
[2025-12-10 08:11:01] Meter 354: Generated 3.376 kWh (encrypted: 334423 bytes, 7.231 ms)
[2025-12-10 08:11:12] NETWORK INFO: Server authentication successful for node: aggregator-001
✓ Aggregator connected: aggregator-001 from 127.0.0.1
✓ Sent 334423 bytes to aggregator-001 (0.35ms)
Session completed with aggregator-001
[2025-12-10 08:11:21] Meter 354: Generated 4.189 kWh (encrypted: 334432 bytes, 4.681 ms)
[2025-12-10 08:11:41] Meter 354: Generated 4.167 kWh (encrypted: 334350 bytes, 5.734 ms)
[2025-12-10 08:12:01] Meter 354: Generated 0.780 kWh (encrypted: 334121 bytes, 10.549 ms)
[2025-12-10 08:12:17] NETWORK INFO: Server authentication successful for node: aggregator-001
✓ Aggregator connected: aggregator-001 from 127.0.0.1
✓ Sent 334121 bytes to aggregator-001 (0.36ms)
Session completed with aggregator-001
[2025-12-10 08:12:21] Meter 354: Generated 2.700 kWh (encrypted: 334375 bytes, 6.620 ms)

Received shutdown signal. Gracefully shutting down smart meter...
Network server thread stopped
Data generation thread stopped
Smart meter 354 shutdown complete
