=== Continuous Smart Meter Server 13 ===
Initializing for continuous operation...
SEAL context initialized
Loaded certificate: smart-meter-013
Requesting public keys from KDC...
[2025-12-10 07:55:22] NETWORK ERROR: Failed to connect to 127.0.0.1:8444: Connection refused
Error: Failed to connect to KDC at 127.0.0.1:8444
Error: Failed to send key request to KDC
Failed to obtain keys from KDC, falling back to file keys
Loaded keys from fallback files
Cryptographic components initialized
[2025-12-10 07:55:22] NETWORK INFO: Server socket created and listening on port 9013
✓ Smart meter server ready on port 9013
Data transmission interval: 20 seconds (15x accelerated - simulates 5min)
✓ Performance metrics CSV files initialized in performance_data/
Starting continuous smart meter operation...
Press Ctrl+C to stop gracefully
Data generation thread started
Network server thread started on port 9013
[2025-12-10 07:55:42] Meter 13: Generated 4.744 kWh (encrypted: 334448 bytes, 4.794 ms)
[2025-12-10 07:56:02] Meter 13: Generated 4.063 kWh (encrypted: 334528 bytes, 4.276 ms)
[2025-12-10 07:56:05] NETWORK INFO: Server authentication successful for node: aggregator-001
✓ Aggregator connected: aggregator-001 from 127.0.0.1
✓ Sent 334528 bytes to aggregator-001 (0.65ms)
Session completed with aggregator-001
[2025-12-10 07:56:22] Meter 13: Generated 2.590 kWh (encrypted: 334263 bytes, 4.267 ms)
[2025-12-10 07:56:42] Meter 13: Generated 1.531 kWh (encrypted: 334410 bytes, 4.243 ms)
[2025-12-10 07:57:02] Meter 13: Generated 2.427 kWh (encrypted: 334100 bytes, 4.339 ms)
[2025-12-10 07:57:15] NETWORK INFO: Server authentication successful for node: aggregator-001
✓ Aggregator connected: aggregator-001 from 127.0.0.1
✓ Sent 334100 bytes to aggregator-001 (0.37ms)
Session completed with aggregator-001
[2025-12-10 07:57:22] Meter 13: Generated 2.855 kWh (encrypted: 334080 bytes, 4.249 ms)
[2025-12-10 07:57:42] Meter 13: Generated 6.443 kWh (encrypted: 334376 bytes, 4.388 ms)
[2025-12-10 07:58:02] Meter 13: Generated 5.089 kWh (encrypted: 334377 bytes, 4.398 ms)
[2025-12-10 07:58:22] Meter 13: Generated 6.598 kWh (encrypted: 334415 bytes, 4.400 ms)
[2025-12-10 07:58:25] NETWORK INFO: Server authentication successful for node: aggregator-001
✓ Aggregator connected: aggregator-001 from 127.0.0.1
✓ Sent 334415 bytes to aggregator-001 (0.36ms)
Session completed with aggregator-001
[2025-12-10 07:58:42] Meter 13: Generated 6.666 kWh (encrypted: 334271 bytes, 4.436 ms)
[2025-12-10 07:59:02] Meter 13: Generated 2.333 kWh (encrypted: 334374 bytes, 4.505 ms)
[2025-12-10 07:59:22] Meter 13: Generated 1.385 kWh (encrypted: 334351 bytes, 4.291 ms)
[2025-12-10 07:59:26] NETWORK INFO: Server authentication successful for node: aggregator-001
✓ Aggregator connected: aggregator-001 from 127.0.0.1
✓ Sent 334351 bytes to aggregator-001 (0.36ms)
Session completed with aggregator-001
[2025-12-10 07:59:42] Meter 13: Generated 5.021 kWh (encrypted: 334260 bytes, 4.354 ms)
[2025-12-10 08:00:02] Meter 13: Generated 5.967 kWh (encrypted: 334499 bytes, 4.611 ms)
[2025-12-10 08:00:22] Meter 13: Generated 2.986 kWh (encrypted: 334313 bytes, 6.253 ms)
[2025-12-10 08:00:28] NETWORK INFO: Server authentication successful for node: aggregator-001
✓ Aggregator connected: aggregator-001 from 127.0.0.1
✓ Sent 334313 bytes to aggregator-001 (2.05ms)
Session completed with aggregator-001
[2025-12-10 08:00:42] Meter 13: Generated 3.517 kWh (encrypted: 334404 bytes, 4.612 ms)
[2025-12-10 08:01:02] Meter 13: Generated 6.099 kWh (encrypted: 334326 bytes, 4.664 ms)
[2025-12-10 08:01:22] Meter 13: Generated 6.332 kWh (encrypted: 334281 bytes, 4.596 ms)
[2025-12-10 08:01:31] NETWORK INFO: Server authentication successful for node: aggregator-001
✓ Aggregator connected: aggregator-001 from 127.0.0.1
✓ Sent 334281 bytes to aggregator-001 (0.40ms)
Session completed with aggregator-001
[2025-12-10 08:01:42] Meter 13: Generated 3.542 kWh (encrypted: 334345 bytes, 4.315 ms)
[2025-12-10 08:02:02] Meter 13: Generated 4.921 kWh (encrypted: 334382 bytes, 4.315 ms)
[2025-12-10 08:02:22] Meter 13: Generated 2.009 kWh (encrypted: 334435 bytes, 4.795 ms)
[2025-12-10 08:02:33] NETWORK INFO: Server authentication successful for node: aggregator-001
✓ Aggregator connected: aggregator-001 from 127.0.0.1
✓ Sent 334435 bytes to aggregator-001 (0.39ms)
Session completed with aggregator-001
[2025-12-10 08:02:42] Meter 13: Generated 6.521 kWh (encrypted: 334197 bytes, 6.451 ms)
[2025-12-10 08:03:02] Meter 13: Generated 4.995 kWh (encrypted: 334323 bytes, 4.633 ms)
[2025-12-10 08:03:22] Meter 13: Generated 1.050 kWh (encrypted: 334155 bytes, 4.463 ms)
[2025-12-10 08:03:36] NETWORK INFO: Server authentication successful for node: aggregator-001
✓ Aggregator connected: aggregator-001 from 127.0.0.1
✓ Sent 334155 bytes to aggregator-001 (0.41ms)
Session completed with aggregator-001
[2025-12-10 08:03:42] Meter 13: Generated 1.971 kWh (encrypted: 334415 bytes, 5.644 ms)
[2025-12-10 08:04:02] Meter 13: Generated 6.887 kWh (encrypted: 334488 bytes, 5.721 ms)
[2025-12-10 08:04:22] Meter 13: Generated 0.774 kWh (encrypted: 334411 bytes, 4.656 ms)
[2025-12-10 08:04:39] NETWORK INFO: Server authentication successful for node: aggregator-001
✓ Aggregator connected: aggregator-001 from 127.0.0.1
✓ Sent 334411 bytes to aggregator-001 (0.36ms)
Session completed with aggregator-001
[2025-12-10 08:04:42] Meter 13: Generated 2.605 kWh (encrypted: 334445 bytes, 4.425 ms)
[2025-12-10 08:05:02] Meter 13: Generated 3.827 kWh (encrypted: 334433 bytes, 4.379 ms)
[2025-12-10 08:05:22] Meter 13: Generated 5.981 kWh (encrypted: 334153 bytes, 4.289 ms)
[2025-12-10 08:05:42] Meter 13: Generated 5.233 kWh (encrypted: 334340 bytes, 6.762 ms)
[2025-12-10 08:05:44] NETWORK INFO: Server authentication successful for node: aggregator-001
✓ Aggregator connected: aggregator-001 from 127.0.0.1
✓ Sent 334340 bytes to aggregator-001 (0.35ms)
Session completed with aggregator-001
[2025-12-10 08:06:02] Meter 13: Generated 3.769 kWh (encrypted: 333350 bytes, 4.321 ms)
[2025-12-10 08:06:22] Meter 13: Generated 4.461 kWh (encrypted: 334378 bytes, 4.864 ms)
[2025-12-10 08:06:42] Meter 13: Generated 7.361 kWh (encrypted: 334305 bytes, 6.533 ms)
[2025-12-10 08:06:50] NETWORK INFO: Server authentication successful for node: aggregator-001
✓ Aggregator connected: aggregator-001 from 127.0.0.1
✓ Sent 334305 bytes to aggregator-001 (31.96ms)
Session completed with aggregator-001
[2025-12-10 08:07:02] Meter 13: Generated 1.262 kWh (encrypted: 334300 bytes, 5.244 ms)
[2025-12-10 08:07:22] Meter 13: Generated 5.555 kWh (encrypted: 334274 bytes, 6.383 ms)
[2025-12-10 08:07:42] Meter 13: Generated 5.886 kWh (encrypted: 334449 bytes, 4.491 ms)
[2025-12-10 08:07:56] NETWORK INFO: Server authentication successful for node: aggregator-001
✓ Aggregator connected: aggregator-001 from 127.0.0.1
✓ Sent 334449 bytes to aggregator-001 (0.40ms)
Session completed with aggregator-001
[2025-12-10 08:08:02] Meter 13: Generated 6.314 kWh (encrypted: 334363 bytes, 6.605 ms)
[2025-12-10 08:08:22] Meter 13: Generated 0.942 kWh (encrypted: 334409 bytes, 6.650 ms)
[2025-12-10 08:08:42] Meter 13: Generated 1.971 kWh (encrypted: 334467 bytes, 4.489 ms)
[2025-12-10 08:09:01] NETWORK INFO: Server authentication successful for node: aggregator-001
✓ Aggregator connected: aggregator-001 from 127.0.0.1
✓ Sent 334467 bytes to aggregator-001 (0.40ms)
Session completed with aggregator-001
[2025-12-10 08:09:02] Meter 13: Generated 6.840 kWh (encrypted: 334284 bytes, 6.830 ms)
[2025-12-10 08:09:22] Meter 13: Generated 4.291 kWh (encrypted: 334397 bytes, 4.905 ms)
[2025-12-10 08:09:42] Meter 13: Generated 3.841 kWh (encrypted: 334397 bytes, 4.894 ms)
[2025-12-10 08:10:02] Meter 13: Generated 1.648 kWh (encrypted: 334235 bytes, 6.913 ms)
[2025-12-10 08:10:06] NETWORK INFO: Server authentication successful for node: aggregator-001
✓ Aggregator connected: aggregator-001 from 127.0.0.1
✓ Sent 334235 bytes to aggregator-001 (0.38ms)
Session completed with aggregator-001
[2025-12-10 08:10:22] Meter 13: Generated 6.344 kWh (encrypted: 333972 bytes, 4.361 ms)
[2025-12-10 08:10:42] Meter 13: Generated 3.295 kWh (encrypted: 334332 bytes, 6.256 ms)
[2025-12-10 08:11:02] Meter 13: Generated 4.619 kWh (encrypted: 333994 bytes, 6.549 ms)
[2025-12-10 08:11:12] NETWORK INFO: Server authentication successful for node: aggregator-001
✓ Aggregator connected: aggregator-001 from 127.0.0.1
✓ Sent 333994 bytes to aggregator-001 (0.35ms)
Session completed with aggregator-001
[2025-12-10 08:11:22] Meter 13: Generated 6.687 kWh (encrypted: 334328 bytes, 4.659 ms)
[2025-12-10 08:11:42] Meter 13: Generated 5.066 kWh (encrypted: 334462 bytes, 4.596 ms)
[2025-12-10 08:12:02] Meter 13: Generated 5.290 kWh (encrypted: 334409 bytes, 6.674 ms)
[2025-12-10 08:12:17] NETWORK INFO: Server authentication successful for node: aggregator-001
✓ Aggregator connected: aggregator-001 from 127.0.0.1
✓ Sent 334409 bytes to aggregator-001 (0.40ms)
Session completed with aggregator-001
[2025-12-10 08:12:22] Meter 13: Generated 2.362 kWh (encrypted: 334063 bytes, 4.932 ms)

Received shutdown signal. Gracefully shutting down smart meter...
Network server thread stopped

Received shutdown signal. Gracefully shutting down smart meter...
Data generation thread stopped
Smart meter 13 shutdown complete
