=== Continuous Smart Meter Server 364 ===
Initializing for continuous operation...
SEAL context initialized
Loaded certificate: smart-meter-364
Requesting public keys from KDC...
[2025-12-10 08:02:33] NETWORK ERROR: Failed to connect to 127.0.0.1:8444: Connection refused
Error: Failed to connect to KDC at 127.0.0.1:8444
Error: Failed to send key request to KDC
Failed to obtain keys from KDC, falling back to file keys
Loaded keys from fallback files
Cryptographic components initialized
[2025-12-10 08:02:33] NETWORK INFO: Server socket created and listening on port 9364
✓ Smart meter server ready on port 9364
Data transmission interval: 20 seconds (15x accelerated - simulates 5min)
✓ Performance metrics CSV files initialized in performance_data/
Starting continuous smart meter operation...
Press Ctrl+C to stop gracefully
Data generation thread started
Network server thread started on port 9364
[2025-12-10 08:02:53] Meter 364: Generated 6.141 kWh (encrypted: 334112 bytes, 6.634 ms)
[2025-12-10 08:03:13] Meter 364: Generated 4.039 kWh (encrypted: 334182 bytes, 5.295 ms)
[2025-12-10 08:03:33] Meter 364: Generated 2.489 kWh (encrypted: 334319 bytes, 4.723 ms)
[2025-12-10 08:03:36] NETWORK INFO: Server authentication successful for node: aggregator-001
✓ Aggregator connected: aggregator-001 from 127.0.0.1
✓ Sent 334319 bytes to aggregator-001 (3.36ms)
Session completed with aggregator-001
[2025-12-10 08:03:54] Meter 364: Generated 0.893 kWh (encrypted: 334214 bytes, 5.002 ms)
[2025-12-10 08:04:14] Meter 364: Generated 3.916 kWh (encrypted: 334452 bytes, 4.544 ms)
[2025-12-10 08:04:34] Meter 364: Generated 1.140 kWh (encrypted: 334213 bytes, 4.521 ms)
[2025-12-10 08:04:39] NETWORK INFO: Server authentication successful for node: aggregator-001
✓ Aggregator connected: aggregator-001 from 127.0.0.1
✓ Sent 334213 bytes to aggregator-001 (0.44ms)
Session completed with aggregator-001
[2025-12-10 08:04:54] Meter 364: Generated 4.820 kWh (encrypted: 334102 bytes, 6.790 ms)
[2025-12-10 08:05:14] Meter 364: Generated 6.720 kWh (encrypted: 334114 bytes, 6.075 ms)
[2025-12-10 08:05:34] Meter 364: Generated 4.034 kWh (encrypted: 334066 bytes, 6.505 ms)
[2025-12-10 08:05:44] NETWORK INFO: Server authentication successful for node: aggregator-001
✓ Aggregator connected: aggregator-001 from 127.0.0.1
✓ Sent 334066 bytes to aggregator-001 (0.34ms)
Session completed with aggregator-001
[2025-12-10 08:05:54] Meter 364: Generated 6.737 kWh (encrypted: 334011 bytes, 6.025 ms)
[2025-12-10 08:06:14] Meter 364: Generated 6.373 kWh (encrypted: 334426 bytes, 8.064 ms)
[2025-12-10 08:06:34] Meter 364: Generated 2.556 kWh (encrypted: 334320 bytes, 4.613 ms)
[2025-12-10 08:06:50] NETWORK INFO: Server authentication successful for node: aggregator-001
✓ Aggregator connected: aggregator-001 from 127.0.0.1
✓ Sent 334320 bytes to aggregator-001 (5.63ms)
Session completed with aggregator-001
[2025-12-10 08:06:54] Meter 364: Generated 5.896 kWh (encrypted: 334388 bytes, 4.558 ms)
[2025-12-10 08:07:14] Meter 364: Generated 2.127 kWh (encrypted: 334034 bytes, 6.412 ms)
[2025-12-10 08:07:34] Meter 364: Generated 5.555 kWh (encrypted: 334379 bytes, 7.288 ms)
[2025-12-10 08:07:54] Meter 364: Generated 5.835 kWh (encrypted: 334091 bytes, 4.511 ms)
[2025-12-10 08:07:56] NETWORK INFO: Server authentication successful for node: aggregator-001
✓ Aggregator connected: aggregator-001 from 127.0.0.1
✓ Sent 334091 bytes to aggregator-001 (0.38ms)
Session completed with aggregator-001
[2025-12-10 08:08:14] Meter 364: Generated 5.909 kWh (encrypted: 333325 bytes, 4.638 ms)
[2025-12-10 08:08:34] Meter 364: Generated 1.772 kWh (encrypted: 333521 bytes, 7.161 ms)
[2025-12-10 08:08:54] Meter 364: Generated 6.941 kWh (encrypted: 334476 bytes, 4.467 ms)
[2025-12-10 08:09:01] NETWORK INFO: Server authentication successful for node: aggregator-001
✓ Aggregator connected: aggregator-001 from 127.0.0.1
✓ Sent 334476 bytes to aggregator-001 (0.40ms)
Session completed with aggregator-001
[2025-12-10 08:09:14] Meter 364: Generated 3.746 kWh (encrypted: 334383 bytes, 4.484 ms)
[2025-12-10 08:09:34] Meter 364: Generated 4.352 kWh (encrypted: 334119 bytes, 6.183 ms)
[2025-12-10 08:09:54] Meter 364: Generated 1.229 kWh (encrypted: 334158 bytes, 5.065 ms)
[2025-12-10 08:10:06] NETWORK INFO: Server authentication successful for node: aggregator-001
✓ Aggregator connected: aggregator-001 from 127.0.0.1
✓ Sent 334158 bytes to aggregator-001 (0.34ms)
Session completed with aggregator-001
[2025-12-10 08:10:14] Meter 364: Generated 6.000 kWh (encrypted: 334414 bytes, 4.544 ms)
[2025-12-10 08:10:34] Meter 364: Generated 3.538 kWh (encrypted: 334161 bytes, 6.527 ms)
[2025-12-10 08:10:54] Meter 364: Generated 2.554 kWh (encrypted: 334375 bytes, 6.603 ms)
[2025-12-10 08:11:12] NETWORK INFO: Server authentication successful for node: aggregator-001
✓ Aggregator connected: aggregator-001 from 127.0.0.1
✓ Sent 334375 bytes to aggregator-001 (0.35ms)
Session completed with aggregator-001
[2025-12-10 08:11:14] Meter 364: Generated 3.806 kWh (encrypted: 334156 bytes, 5.369 ms)
[2025-12-10 08:11:34] Meter 364: Generated 1.300 kWh (encrypted: 334433 bytes, 5.130 ms)
[2025-12-10 08:11:54] Meter 364: Generated 5.090 kWh (encrypted: 334520 bytes, 4.555 ms)
[2025-12-10 08:12:14] Meter 364: Generated 4.263 kWh (encrypted: 333918 bytes, 6.643 ms)
[2025-12-10 08:12:17] NETWORK INFO: Server authentication successful for node: aggregator-001
✓ Aggregator connected: aggregator-001 from 127.0.0.1
✓ Sent 333918 bytes to aggregator-001 (0.83ms)
Session completed with aggregator-001
[2025-12-10 08:12:34] Meter 364: Generated 3.710 kWh (encrypted: 334374 bytes, 4.753 ms)

Received shutdown signal. Gracefully shutting down smart meter...
Network server thread stopped
Data generation thread stopped
Smart meter 364 shutdown complete
