=== Continuous Smart Meter Server 482 ===
Initializing for continuous operation...
SEAL context initialized
Loaded certificate: smart-meter-482
Requesting public keys from KDC...
[2025-12-10 08:05:02] NETWORK ERROR: Failed to connect to 127.0.0.1:8444: Connection refused
Error: Failed to connect to KDC at 127.0.0.1:8444
Error: Failed to send key request to KDC
Failed to obtain keys from KDC, falling back to file keys
Loaded keys from fallback files
Cryptographic components initialized
[2025-12-10 08:05:02] NETWORK INFO: Server socket created and listening on port 9482
✓ Smart meter server ready on port 9482
Data transmission interval: 20 seconds (15x accelerated - simulates 5min)
✓ Performance metrics CSV files initialized in performance_data/
Starting continuous smart meter operation...
Press Ctrl+C to stop gracefully
Data generation thread started
Network server thread started on port 9482
[2025-12-10 08:05:22] Meter 482: Generated 4.127 kWh (encrypted: 334429 bytes, 4.885 ms)
[2025-12-10 08:05:42] Meter 482: Generated 2.844 kWh (encrypted: 334026 bytes, 6.426 ms)
[2025-12-10 08:05:44] NETWORK INFO: Server authentication successful for node: aggregator-001
✓ Aggregator connected: aggregator-001 from 127.0.0.1
✓ Sent 334026 bytes to aggregator-001 (2.33ms)
Session completed with aggregator-001
[2025-12-10 08:06:02] Meter 482: Generated 2.161 kWh (encrypted: 334394 bytes, 6.376 ms)
[2025-12-10 08:06:22] Meter 482: Generated 3.539 kWh (encrypted: 334411 bytes, 4.672 ms)
[2025-12-10 08:06:42] Meter 482: Generated 5.751 kWh (encrypted: 334345 bytes, 4.680 ms)
[2025-12-10 08:06:50] NETWORK INFO: Server authentication successful for node: aggregator-001
✓ Aggregator connected: aggregator-001 from 127.0.0.1
✓ Sent 334345 bytes to aggregator-001 (3.44ms)
Session completed with aggregator-001
[2025-12-10 08:07:02] Meter 482: Generated 5.516 kWh (encrypted: 334345 bytes, 6.731 ms)
[2025-12-10 08:07:22] Meter 482: Generated 3.107 kWh (encrypted: 334252 bytes, 6.431 ms)
[2025-12-10 08:07:42] Meter 482: Generated 6.558 kWh (encrypted: 334331 bytes, 5.580 ms)
[2025-12-10 08:07:56] NETWORK INFO: Server authentication successful for node: aggregator-001
✓ Aggregator connected: aggregator-001 from 127.0.0.1
✓ Sent 334331 bytes to aggregator-001 (0.35ms)
Session completed with aggregator-001
[2025-12-10 08:08:02] Meter 482: Generated 1.921 kWh (encrypted: 334331 bytes, 4.957 ms)
[2025-12-10 08:08:22] Meter 482: Generated 4.008 kWh (encrypted: 334254 bytes, 4.493 ms)
[2025-12-10 08:08:42] Meter 482: Generated 4.106 kWh (encrypted: 334409 bytes, 12.681 ms)
[2025-12-10 08:09:01] NETWORK INFO: Server authentication successful for node: aggregator-001
✓ Aggregator connected: aggregator-001 from 127.0.0.1
✓ Sent 334409 bytes to aggregator-001 (0.67ms)
Session completed with aggregator-001
[2025-12-10 08:09:02] Meter 482: Generated 6.314 kWh (encrypted: 334339 bytes, 10.158 ms)
[2025-12-10 08:09:22] Meter 482: Generated 1.894 kWh (encrypted: 334402 bytes, 4.865 ms)
[2025-12-10 08:09:42] Meter 482: Generated 2.271 kWh (encrypted: 333697 bytes, 4.857 ms)
[2025-12-10 08:10:02] Meter 482: Generated 1.381 kWh (encrypted: 334435 bytes, 4.581 ms)
[2025-12-10 08:10:06] NETWORK INFO: Server authentication successful for node: aggregator-001
✓ Aggregator connected: aggregator-001 from 127.0.0.1
✓ Sent 334435 bytes to aggregator-001 (71.40ms)
Session completed with aggregator-001
[2025-12-10 08:10:22] Meter 482: Generated 3.857 kWh (encrypted: 334442 bytes, 4.569 ms)
[2025-12-10 08:10:42] Meter 482: Generated 2.541 kWh (encrypted: 334269 bytes, 4.848 ms)
[2025-12-10 08:11:02] Meter 482: Generated 3.968 kWh (encrypted: 334100 bytes, 6.549 ms)
[2025-12-10 08:11:12] NETWORK INFO: Server authentication successful for node: aggregator-001
✓ Aggregator connected: aggregator-001 from 127.0.0.1
✓ Sent 334100 bytes to aggregator-001 (0.38ms)
Session completed with aggregator-001
[2025-12-10 08:11:22] Meter 482: Generated 1.466 kWh (encrypted: 334475 bytes, 5.073 ms)
[2025-12-10 08:11:42] Meter 482: Generated 4.121 kWh (encrypted: 334076 bytes, 4.553 ms)
[2025-12-10 08:12:02] Meter 482: Generated 2.319 kWh (encrypted: 334172 bytes, 4.551 ms)
[2025-12-10 08:12:17] NETWORK INFO: Server authentication successful for node: aggregator-001
✓ Aggregator connected: aggregator-001 from 127.0.0.1
✓ Sent 334172 bytes to aggregator-001 (0.43ms)
Session completed with aggregator-001
[2025-12-10 08:12:22] Meter 482: Generated 1.241 kWh (encrypted: 334387 bytes, 5.632 ms)

Received shutdown signal. Gracefully shutting down smart meter...
Network server thread stopped
Data generation thread stopped
Smart meter 482 shutdown complete
