=== Continuous Smart Meter Server 347 ===
Initializing for continuous operation...
SEAL context initialized
Loaded certificate: smart-meter-347
Requesting public keys from KDC...
[2025-12-10 08:02:12] NETWORK ERROR: Failed to connect to 127.0.0.1:8444: Connection refused
Error: Failed to connect to KDC at 127.0.0.1:8444
Error: Failed to send key request to KDC
Failed to obtain keys from KDC, falling back to file keys
Loaded keys from fallback files
Cryptographic components initialized
[2025-12-10 08:02:12] NETWORK INFO: Server socket created and listening on port 9347
✓ Smart meter server ready on port 9347
Data transmission interval: 20 seconds (15x accelerated - simulates 5min)
✓ Performance metrics CSV files initialized in performance_data/
Starting continuous smart meter operation...
Press Ctrl+C to stop gracefully
Data generation thread started
Network server thread started on port 9347
[2025-12-10 08:02:32] Meter 347: Generated 4.242 kWh (encrypted: 334072 bytes, 5.132 ms)
[2025-12-10 08:02:33] NETWORK INFO: Server authentication successful for node: aggregator-001
✓ Aggregator connected: aggregator-001 from 127.0.0.1
✓ Sent 334072 bytes to aggregator-001 (0.79ms)
Session completed with aggregator-001
[2025-12-10 08:02:52] Meter 347: Generated 2.490 kWh (encrypted: 334398 bytes, 4.706 ms)
[2025-12-10 08:03:12] Meter 347: Generated 1.074 kWh (encrypted: 334317 bytes, 4.682 ms)
[2025-12-10 08:03:32] Meter 347: Generated 5.229 kWh (encrypted: 334309 bytes, 4.853 ms)
[2025-12-10 08:03:36] NETWORK INFO: Server authentication successful for node: aggregator-001
✓ Aggregator connected: aggregator-001 from 127.0.0.1
✓ Sent 334309 bytes to aggregator-001 (0.36ms)
Session completed with aggregator-001
[2025-12-10 08:03:52] Meter 347: Generated 1.182 kWh (encrypted: 334487 bytes, 4.528 ms)
[2025-12-10 08:04:12] Meter 347: Generated 7.207 kWh (encrypted: 333569 bytes, 6.160 ms)
[2025-12-10 08:04:32] Meter 347: Generated 5.926 kWh (encrypted: 334453 bytes, 4.546 ms)
[2025-12-10 08:04:39] NETWORK INFO: Server authentication successful for node: aggregator-001
✓ Aggregator connected: aggregator-001 from 127.0.0.1
✓ Sent 334453 bytes to aggregator-001 (4.60ms)
Session completed with aggregator-001
[2025-12-10 08:04:52] Meter 347: Generated 1.629 kWh (encrypted: 334074 bytes, 4.761 ms)
[2025-12-10 08:05:12] Meter 347: Generated 5.507 kWh (encrypted: 333989 bytes, 5.194 ms)
[2025-12-10 08:05:32] Meter 347: Generated 2.675 kWh (encrypted: 334262 bytes, 4.733 ms)
[2025-12-10 08:05:44] NETWORK INFO: Server authentication successful for node: aggregator-001
✓ Aggregator connected: aggregator-001 from 127.0.0.1
✓ Sent 334262 bytes to aggregator-001 (0.37ms)
Session completed with aggregator-001
[2025-12-10 08:05:52] Meter 347: Generated 1.572 kWh (encrypted: 333998 bytes, 5.948 ms)
[2025-12-10 08:06:12] Meter 347: Generated 3.959 kWh (encrypted: 334274 bytes, 4.717 ms)
[2025-12-10 08:06:32] Meter 347: Generated 2.968 kWh (encrypted: 334405 bytes, 4.801 ms)
[2025-12-10 08:06:50] NETWORK INFO: Server authentication successful for node: aggregator-001
✓ Aggregator connected: aggregator-001 from 127.0.0.1
✓ Sent 334405 bytes to aggregator-001 (0.31ms)
Session completed with aggregator-001
[2025-12-10 08:06:52] Meter 347: Generated 6.569 kWh (encrypted: 334312 bytes, 4.687 ms)
[2025-12-10 08:07:12] Meter 347: Generated 3.149 kWh (encrypted: 334382 bytes, 4.592 ms)
[2025-12-10 08:07:32] Meter 347: Generated 2.953 kWh (encrypted: 334418 bytes, 6.566 ms)
[2025-12-10 08:07:52] Meter 347: Generated 6.065 kWh (encrypted: 334078 bytes, 6.247 ms)
[2025-12-10 08:07:56] NETWORK INFO: Server authentication successful for node: aggregator-001
✓ Aggregator connected: aggregator-001 from 127.0.0.1
✓ Sent 334078 bytes to aggregator-001 (0.35ms)
Session completed with aggregator-001
[2025-12-10 08:08:12] Meter 347: Generated 2.343 kWh (encrypted: 334440 bytes, 6.389 ms)
[2025-12-10 08:08:32] Meter 347: Generated 2.814 kWh (encrypted: 334396 bytes, 6.976 ms)
[2025-12-10 08:08:52] Meter 347: Generated 4.440 kWh (encrypted: 334087 bytes, 4.927 ms)
[2025-12-10 08:09:01] NETWORK INFO: Server authentication successful for node: aggregator-001
✓ Aggregator connected: aggregator-001 from 127.0.0.1
✓ Sent 334087 bytes to aggregator-001 (0.43ms)
Session completed with aggregator-001
[2025-12-10 08:09:12] Meter 347: Generated 0.707 kWh (encrypted: 334328 bytes, 5.693 ms)
[2025-12-10 08:09:32] Meter 347: Generated 4.074 kWh (encrypted: 334261 bytes, 4.541 ms)
[2025-12-10 08:09:52] Meter 347: Generated 6.552 kWh (encrypted: 334484 bytes, 6.973 ms)
[2025-12-10 08:10:06] NETWORK INFO: Server authentication successful for node: aggregator-001
✓ Aggregator connected: aggregator-001 from 127.0.0.1
✓ Sent 334484 bytes to aggregator-001 (0.38ms)
Session completed with aggregator-001
[2025-12-10 08:10:12] Meter 347: Generated 1.287 kWh (encrypted: 334175 bytes, 10.400 ms)
[2025-12-10 08:10:32] Meter 347: Generated 6.687 kWh (encrypted: 334099 bytes, 4.583 ms)
[2025-12-10 08:10:52] Meter 347: Generated 6.709 kWh (encrypted: 334343 bytes, 5.253 ms)
[2025-12-10 08:11:12] NETWORK INFO: Server authentication successful for node: aggregator-001
✓ Aggregator connected: aggregator-001 from 127.0.0.1
✓ Sent 334343 bytes to aggregator-001 (0.40ms)
Session completed with aggregator-001
[2025-12-10 08:11:12] Meter 347: Generated 2.670 kWh (encrypted: 334301 bytes, 4.632 ms)
[2025-12-10 08:11:32] Meter 347: Generated 1.824 kWh (encrypted: 334262 bytes, 5.313 ms)
[2025-12-10 08:11:52] Meter 347: Generated 5.979 kWh (encrypted: 334244 bytes, 4.572 ms)
[2025-12-10 08:12:13] Meter 347: Generated 6.071 kWh (encrypted: 334409 bytes, 18.756 ms)
[2025-12-10 08:12:17] NETWORK INFO: Server authentication successful for node: aggregator-001
✓ Aggregator connected: aggregator-001 from 127.0.0.1
✓ Sent 334409 bytes to aggregator-001 (0.34ms)
Session completed with aggregator-001
[2025-12-10 08:12:33] Meter 347: Generated 5.627 kWh (encrypted: 333736 bytes, 12.404 ms)

Received shutdown signal. Gracefully shutting down smart meter...
Network server thread stopped
Data generation thread stopped
Smart meter 347 shutdown complete
