=== Continuous Smart Meter Server 490 ===
Initializing for continuous operation...
SEAL context initialized
Loaded certificate: smart-meter-490
Requesting public keys from KDC...
[2025-12-10 08:05:12] NETWORK ERROR: Failed to connect to 127.0.0.1:8444: Connection refused
Error: Failed to connect to KDC at 127.0.0.1:8444
Error: Failed to send key request to KDC
Failed to obtain keys from KDC, falling back to file keys
Loaded keys from fallback files
Cryptographic components initialized
[2025-12-10 08:05:12] NETWORK INFO: Server socket created and listening on port 9490
✓ Smart meter server ready on port 9490
Data transmission interval: 20 seconds (15x accelerated - simulates 5min)
✓ Performance metrics CSV files initialized in performance_data/
Starting continuous smart meter operation...
Press Ctrl+C to stop gracefully
Data generation thread started
Network server thread started on port 9490
[2025-12-10 08:05:32] Meter 490: Generated 1.428 kWh (encrypted: 334039 bytes, 5.599 ms)
[2025-12-10 08:05:44] NETWORK INFO: Server authentication successful for node: aggregator-001
✓ Aggregator connected: aggregator-001 from 127.0.0.1
✓ Sent 334039 bytes to aggregator-001 (0.70ms)
Session completed with aggregator-001
[2025-12-10 08:05:52] Meter 490: Generated 3.756 kWh (encrypted: 334105 bytes, 5.733 ms)
[2025-12-10 08:06:12] Meter 490: Generated 3.891 kWh (encrypted: 334042 bytes, 6.174 ms)
[2025-12-10 08:06:32] Meter 490: Generated 6.063 kWh (encrypted: 334229 bytes, 5.527 ms)
[2025-12-10 08:06:50] NETWORK INFO: Server authentication successful for node: aggregator-001
✓ Aggregator connected: aggregator-001 from 127.0.0.1
✓ Sent 334229 bytes to aggregator-001 (0.36ms)
Session completed with aggregator-001
[2025-12-10 08:06:52] Meter 490: Generated 3.272 kWh (encrypted: 334142 bytes, 6.009 ms)
[2025-12-10 08:07:12] Meter 490: Generated 4.720 kWh (encrypted: 334226 bytes, 4.966 ms)
[2025-12-10 08:07:32] Meter 490: Generated 4.379 kWh (encrypted: 334144 bytes, 5.565 ms)
[2025-12-10 08:07:52] Meter 490: Generated 4.891 kWh (encrypted: 333938 bytes, 7.238 ms)
[2025-12-10 08:07:56] NETWORK INFO: Server authentication successful for node: aggregator-001
✓ Aggregator connected: aggregator-001 from 127.0.0.1
✓ Sent 333938 bytes to aggregator-001 (2.04ms)
Session completed with aggregator-001
[2025-12-10 08:08:12] Meter 490: Generated 2.766 kWh (encrypted: 334158 bytes, 6.475 ms)
[2025-12-10 08:08:32] Meter 490: Generated 7.130 kWh (encrypted: 334400 bytes, 6.859 ms)
[2025-12-10 08:08:52] Meter 490: Generated 2.329 kWh (encrypted: 334346 bytes, 6.527 ms)
[2025-12-10 08:09:01] NETWORK INFO: Server authentication successful for node: aggregator-001
✓ Aggregator connected: aggregator-001 from 127.0.0.1
✓ Sent 334346 bytes to aggregator-001 (1.88ms)
Session completed with aggregator-001
[2025-12-10 08:09:12] Meter 490: Generated 7.568 kWh (encrypted: 334448 bytes, 6.444 ms)
[2025-12-10 08:09:32] Meter 490: Generated 1.377 kWh (encrypted: 334087 bytes, 5.337 ms)
[2025-12-10 08:09:52] Meter 490: Generated 5.379 kWh (encrypted: 334229 bytes, 5.742 ms)
[2025-12-10 08:10:06] NETWORK INFO: Server authentication successful for node: aggregator-001
✓ Aggregator connected: aggregator-001 from 127.0.0.1
✓ Sent 334229 bytes to aggregator-001 (0.37ms)
Session completed with aggregator-001
[2025-12-10 08:10:12] Meter 490: Generated 1.895 kWh (encrypted: 334294 bytes, 15.330 ms)
[2025-12-10 08:10:33] Meter 490: Generated 6.268 kWh (encrypted: 334290 bytes, 4.530 ms)
[2025-12-10 08:10:53] Meter 490: Generated 5.876 kWh (encrypted: 334307 bytes, 5.028 ms)
[2025-12-10 08:11:12] NETWORK INFO: Server authentication successful for node: aggregator-001
✓ Aggregator connected: aggregator-001 from 127.0.0.1
✓ Sent 334307 bytes to aggregator-001 (0.34ms)
Session completed with aggregator-001
[2025-12-10 08:11:13] Meter 490: Generated 3.481 kWh (encrypted: 334339 bytes, 4.601 ms)
[2025-12-10 08:11:33] Meter 490: Generated 3.198 kWh (encrypted: 334340 bytes, 5.138 ms)
[2025-12-10 08:11:53] Meter 490: Generated 1.374 kWh (encrypted: 334342 bytes, 4.337 ms)
[2025-12-10 08:12:13] Meter 490: Generated 3.665 kWh (encrypted: 334096 bytes, 4.440 ms)
[2025-12-10 08:12:17] NETWORK INFO: Server authentication successful for node: aggregator-001
✓ Aggregator connected: aggregator-001 from 127.0.0.1
✓ Sent 334096 bytes to aggregator-001 (2.17ms)
Session completed with aggregator-001
[2025-12-10 08:12:33] Meter 490: Generated 3.097 kWh (encrypted: 334384 bytes, 7.132 ms)

Received shutdown signal. Gracefully shutting down smart meter...
Network server thread stopped
Data generation thread stopped
Smart meter 490 shutdown complete
