=== Continuous Smart Meter Server 413 ===
Initializing for continuous operation...
SEAL context initialized
Loaded certificate: smart-meter-413
Requesting public keys from KDC...
[2025-12-10 08:03:35] NETWORK ERROR: Failed to connect to 127.0.0.1:8444: Connection refused
Error: Failed to connect to KDC at 127.0.0.1:8444
Error: Failed to send key request to KDC
Failed to obtain keys from KDC, falling back to file keys
Loaded keys from fallback files
Cryptographic components initialized
[2025-12-10 08:03:35] NETWORK INFO: Server socket created and listening on port 9413
✓ Smart meter server ready on port 9413
Data transmission interval: 20 seconds (15x accelerated - simulates 5min)
✓ Performance metrics CSV files initialized in performance_data/
Starting continuous smart meter operation...
Press Ctrl+C to stop gracefully
Data generation thread started
Network server thread started on port 9413
[2025-12-10 08:03:36] NETWORK INFO: Server authentication successful for node: aggregator-001
✓ Aggregator connected: aggregator-001 from 127.0.0.1
[2025-12-10 08:03:55] Meter 413: Generated 2.993 kWh (encrypted: 334427 bytes, 6.995 ms)
✓ Sent 334427 bytes to aggregator-001 (0.70ms)
Session completed with aggregator-001
[2025-12-10 08:04:15] Meter 413: Generated 4.261 kWh (encrypted: 334329 bytes, 6.496 ms)
[2025-12-10 08:04:35] Meter 413: Generated 5.980 kWh (encrypted: 334379 bytes, 9.317 ms)
[2025-12-10 08:04:39] NETWORK INFO: Server authentication successful for node: aggregator-001
✓ Aggregator connected: aggregator-001 from 127.0.0.1
✓ Sent 334379 bytes to aggregator-001 (0.36ms)
Session completed with aggregator-001
[2025-12-10 08:04:55] Meter 413: Generated 3.173 kWh (encrypted: 334313 bytes, 5.988 ms)
[2025-12-10 08:05:15] Meter 413: Generated 5.518 kWh (encrypted: 334412 bytes, 7.766 ms)
[2025-12-10 08:05:35] Meter 413: Generated 6.331 kWh (encrypted: 334468 bytes, 7.650 ms)
[2025-12-10 08:05:44] NETWORK INFO: Server authentication successful for node: aggregator-001
✓ Aggregator connected: aggregator-001 from 127.0.0.1
✓ Sent 334468 bytes to aggregator-001 (10.39ms)
Session completed with aggregator-001
[2025-12-10 08:05:55] Meter 413: Generated 4.302 kWh (encrypted: 334344 bytes, 7.459 ms)
[2025-12-10 08:06:15] Meter 413: Generated 5.194 kWh (encrypted: 334522 bytes, 7.125 ms)
[2025-12-10 08:06:35] Meter 413: Generated 5.804 kWh (encrypted: 334354 bytes, 6.269 ms)
[2025-12-10 08:06:50] NETWORK INFO: Server authentication successful for node: aggregator-001
✓ Aggregator connected: aggregator-001 from 127.0.0.1
✓ Sent 334354 bytes to aggregator-001 (22.89ms)
Session completed with aggregator-001
[2025-12-10 08:06:55] Meter 413: Generated 7.053 kWh (encrypted: 334353 bytes, 4.560 ms)
[2025-12-10 08:07:15] Meter 413: Generated 3.331 kWh (encrypted: 334424 bytes, 7.245 ms)
[2025-12-10 08:07:35] Meter 413: Generated 5.882 kWh (encrypted: 334302 bytes, 6.161 ms)
[2025-12-10 08:07:55] Meter 413: Generated 7.232 kWh (encrypted: 334078 bytes, 4.493 ms)
[2025-12-10 08:07:56] NETWORK INFO: Server authentication successful for node: aggregator-001
✓ Aggregator connected: aggregator-001 from 127.0.0.1
✓ Sent 334078 bytes to aggregator-001 (0.41ms)
Session completed with aggregator-001
[2025-12-10 08:08:15] Meter 413: Generated 6.616 kWh (encrypted: 334508 bytes, 4.734 ms)
[2025-12-10 08:08:35] Meter 413: Generated 2.928 kWh (encrypted: 334254 bytes, 4.887 ms)
[2025-12-10 08:08:55] Meter 413: Generated 5.965 kWh (encrypted: 334394 bytes, 5.407 ms)
[2025-12-10 08:09:01] NETWORK INFO: Server authentication successful for node: aggregator-001
✓ Aggregator connected: aggregator-001 from 127.0.0.1
✓ Sent 334394 bytes to aggregator-001 (0.42ms)
Session completed with aggregator-001
[2025-12-10 08:09:15] Meter 413: Generated 6.739 kWh (encrypted: 334078 bytes, 6.219 ms)
[2025-12-10 08:09:35] Meter 413: Generated 5.615 kWh (encrypted: 334340 bytes, 5.271 ms)
[2025-12-10 08:09:55] Meter 413: Generated 6.400 kWh (encrypted: 334104 bytes, 7.285 ms)
[2025-12-10 08:10:06] NETWORK INFO: Server authentication successful for node: aggregator-001
✓ Aggregator connected: aggregator-001 from 127.0.0.1
✓ Sent 334104 bytes to aggregator-001 (0.36ms)
Session completed with aggregator-001
[2025-12-10 08:10:15] Meter 413: Generated 3.941 kWh (encrypted: 334050 bytes, 4.686 ms)
[2025-12-10 08:10:35] Meter 413: Generated 4.956 kWh (encrypted: 334463 bytes, 6.692 ms)
[2025-12-10 08:10:55] Meter 413: Generated 7.039 kWh (encrypted: 334334 bytes, 4.605 ms)
[2025-12-10 08:11:12] NETWORK INFO: Server authentication successful for node: aggregator-001
✓ Aggregator connected: aggregator-001 from 127.0.0.1
✓ Sent 334334 bytes to aggregator-001 (0.51ms)
Session completed with aggregator-001
[2025-12-10 08:11:15] Meter 413: Generated 2.103 kWh (encrypted: 334031 bytes, 4.607 ms)
[2025-12-10 08:11:35] Meter 413: Generated 5.577 kWh (encrypted: 334284 bytes, 4.575 ms)
[2025-12-10 08:11:55] Meter 413: Generated 4.124 kWh (encrypted: 334414 bytes, 4.774 ms)
[2025-12-10 08:12:15] Meter 413: Generated 2.568 kWh (encrypted: 334226 bytes, 6.485 ms)
[2025-12-10 08:12:17] NETWORK INFO: Server authentication successful for node: aggregator-001
✓ Aggregator connected: aggregator-001 from 127.0.0.1
✓ Sent 334226 bytes to aggregator-001 (0.37ms)
Session completed with aggregator-001

Received shutdown signal. Gracefully shutting down smart meter...
Network server thread stopped
Data generation thread stopped
Smart meter 413 shutdown complete
