=== Continuous Smart Meter Server 69 ===
Initializing for continuous operation...
SEAL context initialized
Loaded certificate: smart-meter-069
Requesting public keys from KDC...
[2025-12-10 07:56:30] NETWORK ERROR: Failed to connect to 127.0.0.1:8444: Connection refused
Error: Failed to connect to KDC at 127.0.0.1:8444
Error: Failed to send key request to KDC
Failed to obtain keys from KDC, falling back to file keys
Loaded keys from fallback files
Cryptographic components initialized
[2025-12-10 07:56:30] NETWORK INFO: Server socket created and listening on port 9069
✓ Smart meter server ready on port 9069
Data transmission interval: 20 seconds (15x accelerated - simulates 5min)
✓ Performance metrics CSV files initialized in performance_data/
Starting continuous smart meter operation...
Press Ctrl+C to stop gracefully
Data generation thread started
Network server thread started on port 9069
[2025-12-10 07:56:50] Meter 69: Generated 6.322 kWh (encrypted: 334386 bytes, 4.843 ms)
[2025-12-10 07:57:10] Meter 69: Generated 1.106 kWh (encrypted: 334207 bytes, 4.309 ms)
[2025-12-10 07:57:15] NETWORK INFO: Server authentication successful for node: aggregator-001
✓ Aggregator connected: aggregator-001 from 127.0.0.1
✓ Sent 334207 bytes to aggregator-001 (0.70ms)
Session completed with aggregator-001
[2025-12-10 07:57:30] Meter 69: Generated 2.350 kWh (encrypted: 334381 bytes, 4.240 ms)
[2025-12-10 07:57:50] Meter 69: Generated 5.718 kWh (encrypted: 333705 bytes, 4.273 ms)
[2025-12-10 07:58:10] Meter 69: Generated 5.718 kWh (encrypted: 334352 bytes, 4.470 ms)
[2025-12-10 07:58:25] NETWORK INFO: Server authentication successful for node: aggregator-001
✓ Aggregator connected: aggregator-001 from 127.0.0.1
✓ Sent 334352 bytes to aggregator-001 (9.87ms)
Session completed with aggregator-001
[2025-12-10 07:58:30] Meter 69: Generated 5.943 kWh (encrypted: 334194 bytes, 4.415 ms)
[2025-12-10 07:58:50] Meter 69: Generated 4.222 kWh (encrypted: 334138 bytes, 5.619 ms)
[2025-12-10 07:59:10] Meter 69: Generated 6.377 kWh (encrypted: 334297 bytes, 4.560 ms)
[2025-12-10 07:59:26] NETWORK INFO: Server authentication successful for node: aggregator-001
✓ Aggregator connected: aggregator-001 from 127.0.0.1
✓ Sent 334297 bytes to aggregator-001 (0.37ms)
Session completed with aggregator-001
[2025-12-10 07:59:30] Meter 69: Generated 6.128 kWh (encrypted: 334320 bytes, 4.455 ms)
[2025-12-10 07:59:50] Meter 69: Generated 7.016 kWh (encrypted: 334378 bytes, 4.338 ms)
[2025-12-10 08:00:10] Meter 69: Generated 6.241 kWh (encrypted: 334500 bytes, 4.561 ms)
[2025-12-10 08:00:28] NETWORK INFO: Server authentication successful for node: aggregator-001
✓ Aggregator connected: aggregator-001 from 127.0.0.1
✓ Sent 334500 bytes to aggregator-001 (1.73ms)
Session completed with aggregator-001
[2025-12-10 08:00:30] Meter 69: Generated 7.422 kWh (encrypted: 334198 bytes, 4.360 ms)
[2025-12-10 08:00:50] Meter 69: Generated 1.039 kWh (encrypted: 333963 bytes, 4.298 ms)
[2025-12-10 08:01:10] Meter 69: Generated 3.112 kWh (encrypted: 334398 bytes, 4.413 ms)
[2025-12-10 08:01:30] Meter 69: Generated 1.453 kWh (encrypted: 334486 bytes, 4.824 ms)
[2025-12-10 08:01:31] NETWORK INFO: Server authentication successful for node: aggregator-001
✓ Aggregator connected: aggregator-001 from 127.0.0.1
✓ Sent 334486 bytes to aggregator-001 (18.91ms)
Session completed with aggregator-001
[2025-12-10 08:01:50] Meter 69: Generated 2.571 kWh (encrypted: 333973 bytes, 4.769 ms)
[2025-12-10 08:02:10] Meter 69: Generated 5.911 kWh (encrypted: 334340 bytes, 4.356 ms)
[2025-12-10 08:02:30] Meter 69: Generated 6.508 kWh (encrypted: 334233 bytes, 4.517 ms)
[2025-12-10 08:02:33] NETWORK INFO: Server authentication successful for node: aggregator-001
✓ Aggregator connected: aggregator-001 from 127.0.0.1
✓ Sent 334233 bytes to aggregator-001 (0.39ms)
Session completed with aggregator-001
[2025-12-10 08:02:50] Meter 69: Generated 6.256 kWh (encrypted: 334427 bytes, 4.393 ms)
[2025-12-10 08:03:10] Meter 69: Generated 2.541 kWh (encrypted: 334228 bytes, 4.714 ms)
[2025-12-10 08:03:30] Meter 69: Generated 7.196 kWh (encrypted: 334466 bytes, 7.580 ms)
[2025-12-10 08:03:36] NETWORK INFO: Server authentication successful for node: aggregator-001
✓ Aggregator connected: aggregator-001 from 127.0.0.1
✓ Sent 334466 bytes to aggregator-001 (0.36ms)
Session completed with aggregator-001
[2025-12-10 08:03:50] Meter 69: Generated 3.839 kWh (encrypted: 334274 bytes, 6.940 ms)
[2025-12-10 08:04:10] Meter 69: Generated 3.529 kWh (encrypted: 334329 bytes, 5.132 ms)
[2025-12-10 08:04:30] Meter 69: Generated 0.920 kWh (encrypted: 334249 bytes, 6.338 ms)
[2025-12-10 08:04:39] NETWORK INFO: Server authentication successful for node: aggregator-001
✓ Aggregator connected: aggregator-001 from 127.0.0.1
✓ Sent 334249 bytes to aggregator-001 (29.72ms)
Session completed with aggregator-001
[2025-12-10 08:04:50] Meter 69: Generated 4.894 kWh (encrypted: 334205 bytes, 4.653 ms)
[2025-12-10 08:05:10] Meter 69: Generated 4.330 kWh (encrypted: 334045 bytes, 4.589 ms)
[2025-12-10 08:05:30] Meter 69: Generated 7.119 kWh (encrypted: 334145 bytes, 4.642 ms)
[2025-12-10 08:05:44] NETWORK INFO: Server authentication successful for node: aggregator-001
✓ Aggregator connected: aggregator-001 from 127.0.0.1
✓ Sent 334145 bytes to aggregator-001 (0.97ms)
Session completed with aggregator-001
[2025-12-10 08:05:50] Meter 69: Generated 1.193 kWh (encrypted: 334366 bytes, 4.316 ms)
[2025-12-10 08:06:10] Meter 69: Generated 3.991 kWh (encrypted: 333758 bytes, 5.487 ms)
[2025-12-10 08:06:30] Meter 69: Generated 7.389 kWh (encrypted: 334453 bytes, 5.848 ms)
[2025-12-10 08:06:50] Meter 69: Generated 7.140 kWh (encrypted: 334036 bytes, 32.950 ms)
[2025-12-10 08:06:50] NETWORK INFO: Server authentication successful for node: aggregator-001
✓ Aggregator connected: aggregator-001 from 127.0.0.1
✓ Sent 334036 bytes to aggregator-001 (23.36ms)
Session completed with aggregator-001
[2025-12-10 08:07:10] Meter 69: Generated 4.032 kWh (encrypted: 334435 bytes, 4.656 ms)
[2025-12-10 08:07:30] Meter 69: Generated 1.882 kWh (encrypted: 333994 bytes, 4.548 ms)
[2025-12-10 08:07:50] Meter 69: Generated 1.256 kWh (encrypted: 334432 bytes, 4.977 ms)
[2025-12-10 08:07:56] NETWORK INFO: Server authentication successful for node: aggregator-001
✓ Aggregator connected: aggregator-001 from 127.0.0.1
✓ Sent 334432 bytes to aggregator-001 (0.34ms)
Session completed with aggregator-001
[2025-12-10 08:08:10] Meter 69: Generated 4.923 kWh (encrypted: 334486 bytes, 6.251 ms)
[2025-12-10 08:08:30] Meter 69: Generated 0.805 kWh (encrypted: 334170 bytes, 4.775 ms)
[2025-12-10 08:08:50] Meter 69: Generated 4.528 kWh (encrypted: 334246 bytes, 21.253 ms)
[2025-12-10 08:09:01] NETWORK INFO: Server authentication successful for node: aggregator-001
✓ Aggregator connected: aggregator-001 from 127.0.0.1
✓ Sent 334246 bytes to aggregator-001 (0.36ms)
Session completed with aggregator-001
[2025-12-10 08:09:10] Meter 69: Generated 3.548 kWh (encrypted: 334037 bytes, 4.601 ms)
[2025-12-10 08:09:30] Meter 69: Generated 4.090 kWh (encrypted: 334456 bytes, 7.320 ms)
[2025-12-10 08:09:50] Meter 69: Generated 3.250 kWh (encrypted: 334354 bytes, 4.370 ms)
[2025-12-10 08:10:06] NETWORK INFO: Server authentication successful for node: aggregator-001
✓ Aggregator connected: aggregator-001 from 127.0.0.1
✓ Sent 334354 bytes to aggregator-001 (3.44ms)
Session completed with aggregator-001
[2025-12-10 08:10:10] Meter 69: Generated 1.706 kWh (encrypted: 334404 bytes, 7.036 ms)
[2025-12-10 08:10:30] Meter 69: Generated 4.053 kWh (encrypted: 334369 bytes, 4.364 ms)
[2025-12-10 08:10:50] Meter 69: Generated 7.191 kWh (encrypted: 334536 bytes, 4.646 ms)
[2025-12-10 08:11:10] Meter 69: Generated 6.424 kWh (encrypted: 334050 bytes, 7.371 ms)
[2025-12-10 08:11:12] NETWORK INFO: Server authentication successful for node: aggregator-001
✓ Aggregator connected: aggregator-001 from 127.0.0.1
✓ Sent 334050 bytes to aggregator-001 (0.40ms)
Session completed with aggregator-001
[2025-12-10 08:11:30] Meter 69: Generated 2.151 kWh (encrypted: 334417 bytes, 4.886 ms)
[2025-12-10 08:11:50] Meter 69: Generated 6.152 kWh (encrypted: 334324 bytes, 4.723 ms)
[2025-12-10 08:12:10] Meter 69: Generated 5.394 kWh (encrypted: 333772 bytes, 7.915 ms)
[2025-12-10 08:12:17] NETWORK INFO: Server authentication successful for node: aggregator-001
✓ Aggregator connected: aggregator-001 from 127.0.0.1
✓ Sent 333772 bytes to aggregator-001 (0.38ms)
Session completed with aggregator-001
[2025-12-10 08:12:30] Meter 69: Generated 5.965 kWh (encrypted: 334325 bytes, 4.525 ms)

Received shutdown signal. Gracefully shutting down smart meter...
Network server thread stopped

Received shutdown signal. Gracefully shutting down smart meter...
Data generation thread stopped
Smart meter 69 shutdown complete
