=== Continuous Smart Meter Server 441 ===
Initializing for continuous operation...
SEAL context initialized
Loaded certificate: smart-meter-441
Requesting public keys from KDC...
[2025-12-10 08:04:10] NETWORK ERROR: Failed to connect to 127.0.0.1:8444: Connection refused
Error: Failed to connect to KDC at 127.0.0.1:8444
Error: Failed to send key request to KDC
Failed to obtain keys from KDC, falling back to file keys
Loaded keys from fallback files
Cryptographic components initialized
[2025-12-10 08:04:10] NETWORK INFO: Server socket created and listening on port 9441
✓ Smart meter server ready on port 9441
Data transmission interval: 20 seconds (15x accelerated - simulates 5min)
✓ Performance metrics CSV files initialized in performance_data/
Starting continuous smart meter operation...
Press Ctrl+C to stop gracefully
Data generation thread started
Network server thread started on port 9441
[2025-12-10 08:04:30] Meter 441: Generated 2.863 kWh (encrypted: 334119 bytes, 5.158 ms)
[2025-12-10 08:04:40] NETWORK INFO: Server authentication successful for node: aggregator-001
✓ Aggregator connected: aggregator-001 from 127.0.0.1
✓ Sent 334119 bytes to aggregator-001 (7.90ms)
Session completed with aggregator-001
[2025-12-10 08:04:50] Meter 441: Generated 2.048 kWh (encrypted: 334046 bytes, 4.499 ms)
[2025-12-10 08:05:10] Meter 441: Generated 7.121 kWh (encrypted: 334209 bytes, 4.843 ms)
[2025-12-10 08:05:30] Meter 441: Generated 3.314 kWh (encrypted: 334152 bytes, 4.892 ms)
[2025-12-10 08:05:44] NETWORK INFO: Server authentication successful for node: aggregator-001
✓ Aggregator connected: aggregator-001 from 127.0.0.1
✓ Sent 334152 bytes to aggregator-001 (7.23ms)
Session completed with aggregator-001
[2025-12-10 08:05:50] Meter 441: Generated 7.368 kWh (encrypted: 334391 bytes, 4.709 ms)
[2025-12-10 08:06:10] Meter 441: Generated 7.504 kWh (encrypted: 334262 bytes, 7.806 ms)
[2025-12-10 08:06:30] Meter 441: Generated 4.115 kWh (encrypted: 334092 bytes, 4.769 ms)
[2025-12-10 08:06:50] NETWORK INFO: Server authentication successful for node: aggregator-001
✓ Aggregator connected: aggregator-001 from 127.0.0.1
✓ Sent 334092 bytes to aggregator-001 (39.85ms)
Session completed with aggregator-001
[2025-12-10 08:06:50] Meter 441: Generated 2.970 kWh (encrypted: 334024 bytes, 7.085 ms)
[2025-12-10 08:07:10] Meter 441: Generated 6.274 kWh (encrypted: 334321 bytes, 6.381 ms)
[2025-12-10 08:07:30] Meter 441: Generated 2.329 kWh (encrypted: 334380 bytes, 5.724 ms)
[2025-12-10 08:07:50] Meter 441: Generated 1.718 kWh (encrypted: 333865 bytes, 4.708 ms)
[2025-12-10 08:07:56] NETWORK INFO: Server authentication successful for node: aggregator-001
✓ Aggregator connected: aggregator-001 from 127.0.0.1
✓ Sent 333865 bytes to aggregator-001 (1.89ms)
Session completed with aggregator-001
[2025-12-10 08:08:10] Meter 441: Generated 3.875 kWh (encrypted: 334448 bytes, 6.419 ms)
[2025-12-10 08:08:30] Meter 441: Generated 6.760 kWh (encrypted: 334540 bytes, 4.565 ms)
[2025-12-10 08:08:50] Meter 441: Generated 1.015 kWh (encrypted: 334351 bytes, 7.835 ms)
[2025-12-10 08:09:01] NETWORK INFO: Server authentication successful for node: aggregator-001
✓ Aggregator connected: aggregator-001 from 127.0.0.1
✓ Sent 334351 bytes to aggregator-001 (0.33ms)
Session completed with aggregator-001
[2025-12-10 08:09:10] Meter 441: Generated 7.082 kWh (encrypted: 334386 bytes, 4.662 ms)
[2025-12-10 08:09:30] Meter 441: Generated 7.328 kWh (encrypted: 333504 bytes, 5.118 ms)
[2025-12-10 08:09:50] Meter 441: Generated 6.930 kWh (encrypted: 334396 bytes, 6.597 ms)
[2025-12-10 08:10:06] NETWORK INFO: Server authentication successful for node: aggregator-001
✓ Aggregator connected: aggregator-001 from 127.0.0.1
✓ Sent 334396 bytes to aggregator-001 (0.41ms)
Session completed with aggregator-001
[2025-12-10 08:10:10] Meter 441: Generated 6.293 kWh (encrypted: 334441 bytes, 4.475 ms)
[2025-12-10 08:10:30] Meter 441: Generated 4.728 kWh (encrypted: 334384 bytes, 4.330 ms)
[2025-12-10 08:10:51] Meter 441: Generated 7.337 kWh (encrypted: 334351 bytes, 4.705 ms)
[2025-12-10 08:11:11] Meter 441: Generated 7.261 kWh (encrypted: 333918 bytes, 6.981 ms)
[2025-12-10 08:11:12] NETWORK INFO: Server authentication successful for node: aggregator-001
✓ Aggregator connected: aggregator-001 from 127.0.0.1
✓ Sent 333918 bytes to aggregator-001 (0.38ms)
Session completed with aggregator-001
[2025-12-10 08:11:31] Meter 441: Generated 2.066 kWh (encrypted: 334481 bytes, 7.674 ms)
[2025-12-10 08:11:51] Meter 441: Generated 3.609 kWh (encrypted: 334226 bytes, 11.386 ms)
[2025-12-10 08:12:11] Meter 441: Generated 6.737 kWh (encrypted: 334363 bytes, 12.729 ms)
[2025-12-10 08:12:17] NETWORK INFO: Server authentication successful for node: aggregator-001
✓ Aggregator connected: aggregator-001 from 127.0.0.1
✓ Sent 334363 bytes to aggregator-001 (8.35ms)
Session completed with aggregator-001
[2025-12-10 08:12:31] Meter 441: Generated 5.702 kWh (encrypted: 334417 bytes, 5.095 ms)

Received shutdown signal. Gracefully shutting down smart meter...
Network server thread stopped
Data generation thread stopped
Smart meter 441 shutdown complete
