=== Continuous Smart Meter Server 287 ===
Initializing for continuous operation...
SEAL context initialized
Loaded certificate: smart-meter-287
Requesting public keys from KDC...
[2025-12-10 08:00:58] NETWORK ERROR: Failed to connect to 127.0.0.1:8444: Connection refused
Error: Failed to connect to KDC at 127.0.0.1:8444
Error: Failed to send key request to KDC
Failed to obtain keys from KDC, falling back to file keys
Loaded keys from fallback files
Cryptographic components initialized
[2025-12-10 08:00:58] NETWORK INFO: Server socket created and listening on port 9287
✓ Smart meter server ready on port 9287
Data transmission interval: 20 seconds (15x accelerated - simulates 5min)
✓ Performance metrics CSV files initialized in performance_data/
Starting continuous smart meter operation...
Press Ctrl+C to stop gracefully
Data generation thread started
Network server thread started on port 9287
[2025-12-10 08:01:18] Meter 287: Generated 7.389 kWh (encrypted: 334421 bytes, 6.594 ms)
[2025-12-10 08:01:31] NETWORK INFO: Server authentication successful for node: aggregator-001
✓ Aggregator connected: aggregator-001 from 127.0.0.1
✓ Sent 334421 bytes to aggregator-001 (0.71ms)
Session completed with aggregator-001
[2025-12-10 08:01:38] Meter 287: Generated 3.786 kWh (encrypted: 333854 bytes, 4.492 ms)
[2025-12-10 08:01:58] Meter 287: Generated 2.138 kWh (encrypted: 334339 bytes, 5.517 ms)
[2025-12-10 08:02:18] Meter 287: Generated 6.628 kWh (encrypted: 334451 bytes, 5.793 ms)
[2025-12-10 08:02:33] NETWORK INFO: Server authentication successful for node: aggregator-001
✓ Aggregator connected: aggregator-001 from 127.0.0.1
✓ Sent 334451 bytes to aggregator-001 (12.79ms)
Session completed with aggregator-001
[2025-12-10 08:02:38] Meter 287: Generated 3.775 kWh (encrypted: 334450 bytes, 5.626 ms)
[2025-12-10 08:02:58] Meter 287: Generated 1.092 kWh (encrypted: 334152 bytes, 6.531 ms)
[2025-12-10 08:03:18] Meter 287: Generated 1.126 kWh (encrypted: 334369 bytes, 4.890 ms)
[2025-12-10 08:03:36] NETWORK INFO: Server authentication successful for node: aggregator-001
✓ Aggregator connected: aggregator-001 from 127.0.0.1
✓ Sent 334369 bytes to aggregator-001 (0.40ms)
Session completed with aggregator-001
[2025-12-10 08:03:38] Meter 287: Generated 6.771 kWh (encrypted: 334125 bytes, 5.996 ms)
[2025-12-10 08:03:58] Meter 287: Generated 4.281 kWh (encrypted: 334132 bytes, 7.280 ms)
[2025-12-10 08:04:18] Meter 287: Generated 6.907 kWh (encrypted: 334418 bytes, 6.480 ms)
[2025-12-10 08:04:38] Meter 287: Generated 2.150 kWh (encrypted: 334479 bytes, 4.957 ms)
[2025-12-10 08:04:39] NETWORK INFO: Server authentication successful for node: aggregator-001
✓ Aggregator connected: aggregator-001 from 127.0.0.1
✓ Sent 334479 bytes to aggregator-001 (0.35ms)
Session completed with aggregator-001
[2025-12-10 08:04:58] Meter 287: Generated 3.918 kWh (encrypted: 334126 bytes, 5.773 ms)
[2025-12-10 08:05:18] Meter 287: Generated 2.685 kWh (encrypted: 334325 bytes, 4.787 ms)
[2025-12-10 08:05:38] Meter 287: Generated 3.439 kWh (encrypted: 334019 bytes, 5.516 ms)
[2025-12-10 08:05:44] NETWORK INFO: Server authentication successful for node: aggregator-001
✓ Aggregator connected: aggregator-001 from 127.0.0.1
✓ Sent 334019 bytes to aggregator-001 (0.37ms)
Session completed with aggregator-001
[2025-12-10 08:05:58] Meter 287: Generated 3.158 kWh (encrypted: 334182 bytes, 5.700 ms)
[2025-12-10 08:06:18] Meter 287: Generated 6.600 kWh (encrypted: 333957 bytes, 4.743 ms)
[2025-12-10 08:06:38] Meter 287: Generated 4.782 kWh (encrypted: 334280 bytes, 4.738 ms)
[2025-12-10 08:06:50] NETWORK INFO: Server authentication successful for node: aggregator-001
✓ Aggregator connected: aggregator-001 from 127.0.0.1
✓ Sent 334280 bytes to aggregator-001 (0.64ms)
Session completed with aggregator-001
[2025-12-10 08:06:58] Meter 287: Generated 5.497 kWh (encrypted: 333325 bytes, 4.354 ms)
[2025-12-10 08:07:18] Meter 287: Generated 1.547 kWh (encrypted: 334336 bytes, 4.377 ms)
[2025-12-10 08:07:38] Meter 287: Generated 3.998 kWh (encrypted: 334319 bytes, 4.464 ms)
[2025-12-10 08:07:56] NETWORK INFO: Server authentication successful for node: aggregator-001
✓ Aggregator connected: aggregator-001 from 127.0.0.1
✓ Sent 334319 bytes to aggregator-001 (11.50ms)
Session completed with aggregator-001
[2025-12-10 08:07:58] Meter 287: Generated 4.833 kWh (encrypted: 334499 bytes, 6.763 ms)
[2025-12-10 08:08:18] Meter 287: Generated 3.598 kWh (encrypted: 334366 bytes, 6.424 ms)
[2025-12-10 08:08:38] Meter 287: Generated 3.062 kWh (encrypted: 334365 bytes, 4.654 ms)
[2025-12-10 08:08:58] Meter 287: Generated 2.019 kWh (encrypted: 334384 bytes, 7.294 ms)
[2025-12-10 08:09:01] NETWORK INFO: Server authentication successful for node: aggregator-001
✓ Aggregator connected: aggregator-001 from 127.0.0.1
✓ Sent 334384 bytes to aggregator-001 (0.35ms)
Session completed with aggregator-001
[2025-12-10 08:09:18] Meter 287: Generated 3.078 kWh (encrypted: 334279 bytes, 6.499 ms)
[2025-12-10 08:09:38] Meter 287: Generated 0.858 kWh (encrypted: 334372 bytes, 5.175 ms)
[2025-12-10 08:09:58] Meter 287: Generated 6.454 kWh (encrypted: 334445 bytes, 4.539 ms)
[2025-12-10 08:10:06] NETWORK INFO: Server authentication successful for node: aggregator-001
✓ Aggregator connected: aggregator-001 from 127.0.0.1
✓ Sent 334445 bytes to aggregator-001 (0.36ms)
Session completed with aggregator-001
[2025-12-10 08:10:18] Meter 287: Generated 6.165 kWh (encrypted: 334449 bytes, 5.887 ms)
[2025-12-10 08:10:38] Meter 287: Generated 3.625 kWh (encrypted: 334527 bytes, 5.981 ms)
[2025-12-10 08:10:58] Meter 287: Generated 6.361 kWh (encrypted: 334352 bytes, 6.301 ms)
[2025-12-10 08:11:12] NETWORK INFO: Server authentication successful for node: aggregator-001
✓ Aggregator connected: aggregator-001 from 127.0.0.1
✓ Sent 334352 bytes to aggregator-001 (11.19ms)
Session completed with aggregator-001
[2025-12-10 08:11:18] Meter 287: Generated 5.546 kWh (encrypted: 334460 bytes, 6.852 ms)
[2025-12-10 08:11:38] Meter 287: Generated 5.536 kWh (encrypted: 334113 bytes, 5.595 ms)
[2025-12-10 08:11:58] Meter 287: Generated 6.013 kWh (encrypted: 334355 bytes, 4.703 ms)
[2025-12-10 08:12:17] NETWORK INFO: Server authentication successful for node: aggregator-001
✓ Aggregator connected: aggregator-001 from 127.0.0.1
✓ Sent 334355 bytes to aggregator-001 (0.36ms)
Session completed with aggregator-001
[2025-12-10 08:12:18] Meter 287: Generated 5.549 kWh (encrypted: 334211 bytes, 5.976 ms)

Received shutdown signal. Gracefully shutting down smart meter...
Network server thread stopped
Data generation thread stopped
Smart meter 287 shutdown complete
