=== Continuous Smart Meter Server 272 ===
Initializing for continuous operation...
SEAL context initialized
Loaded certificate: smart-meter-272
Requesting public keys from KDC...
[2025-12-10 08:00:39] NETWORK ERROR: Failed to connect to 127.0.0.1:8444: Connection refused
Error: Failed to connect to KDC at 127.0.0.1:8444
Error: Failed to send key request to KDC
Failed to obtain keys from KDC, falling back to file keys
Loaded keys from fallback files
Cryptographic components initialized
[2025-12-10 08:00:39] NETWORK INFO: Server socket created and listening on port 9272
✓ Smart meter server ready on port 9272
Data transmission interval: 20 seconds (15x accelerated - simulates 5min)
✓ Performance metrics CSV files initialized in performance_data/
Starting continuous smart meter operation...
Press Ctrl+C to stop gracefully
Data generation thread started
Network server thread started on port 9272
[2025-12-10 08:00:59] Meter 272: Generated 3.145 kWh (encrypted: 334206 bytes, 5.346 ms)
[2025-12-10 08:01:19] Meter 272: Generated 5.997 kWh (encrypted: 333420 bytes, 6.198 ms)
[2025-12-10 08:01:31] NETWORK INFO: Server authentication successful for node: aggregator-001
✓ Aggregator connected: aggregator-001 from 127.0.0.1
✓ Sent 333420 bytes to aggregator-001 (34.13ms)
Session completed with aggregator-001
[2025-12-10 08:01:39] Meter 272: Generated 4.514 kWh (encrypted: 334391 bytes, 7.459 ms)
[2025-12-10 08:01:59] Meter 272: Generated 3.339 kWh (encrypted: 334230 bytes, 5.840 ms)
[2025-12-10 08:02:19] Meter 272: Generated 6.983 kWh (encrypted: 334240 bytes, 4.775 ms)
[2025-12-10 08:02:33] NETWORK INFO: Server authentication successful for node: aggregator-001
✓ Aggregator connected: aggregator-001 from 127.0.0.1
✓ Sent 334240 bytes to aggregator-001 (0.36ms)
Session completed with aggregator-001
[2025-12-10 08:02:39] Meter 272: Generated 2.028 kWh (encrypted: 334169 bytes, 6.027 ms)
[2025-12-10 08:02:59] Meter 272: Generated 2.568 kWh (encrypted: 334482 bytes, 5.198 ms)
[2025-12-10 08:03:19] Meter 272: Generated 4.026 kWh (encrypted: 334069 bytes, 4.896 ms)
[2025-12-10 08:03:36] NETWORK INFO: Server authentication successful for node: aggregator-001
✓ Aggregator connected: aggregator-001 from 127.0.0.1
✓ Sent 334069 bytes to aggregator-001 (0.41ms)
Session completed with aggregator-001
[2025-12-10 08:03:39] Meter 272: Generated 7.461 kWh (encrypted: 334432 bytes, 6.558 ms)
[2025-12-10 08:03:59] Meter 272: Generated 5.602 kWh (encrypted: 333790 bytes, 5.274 ms)
[2025-12-10 08:04:19] Meter 272: Generated 1.792 kWh (encrypted: 334262 bytes, 6.940 ms)
[2025-12-10 08:04:39] Meter 272: Generated 6.506 kWh (encrypted: 334188 bytes, 4.412 ms)
[2025-12-10 08:04:39] NETWORK INFO: Server authentication successful for node: aggregator-001
✓ Aggregator connected: aggregator-001 from 127.0.0.1
✓ Sent 334188 bytes to aggregator-001 (0.34ms)
Session completed with aggregator-001
[2025-12-10 08:04:59] Meter 272: Generated 2.829 kWh (encrypted: 334109 bytes, 5.493 ms)
[2025-12-10 08:05:19] Meter 272: Generated 5.822 kWh (encrypted: 334300 bytes, 4.423 ms)
[2025-12-10 08:05:39] Meter 272: Generated 6.836 kWh (encrypted: 334210 bytes, 4.477 ms)
[2025-12-10 08:05:44] NETWORK INFO: Server authentication successful for node: aggregator-001
✓ Aggregator connected: aggregator-001 from 127.0.0.1
✓ Sent 334210 bytes to aggregator-001 (0.36ms)
Session completed with aggregator-001
[2025-12-10 08:05:59] Meter 272: Generated 1.359 kWh (encrypted: 334322 bytes, 4.921 ms)
[2025-12-10 08:06:19] Meter 272: Generated 6.474 kWh (encrypted: 334206 bytes, 6.466 ms)
[2025-12-10 08:06:39] Meter 272: Generated 6.636 kWh (encrypted: 334447 bytes, 4.677 ms)
[2025-12-10 08:06:50] NETWORK INFO: Server authentication successful for node: aggregator-001
✓ Aggregator connected: aggregator-001 from 127.0.0.1
✓ Sent 334447 bytes to aggregator-001 (17.58ms)
Session completed with aggregator-001
[2025-12-10 08:06:59] Meter 272: Generated 3.446 kWh (encrypted: 334382 bytes, 4.589 ms)
[2025-12-10 08:07:19] Meter 272: Generated 3.434 kWh (encrypted: 334326 bytes, 4.602 ms)
[2025-12-10 08:07:39] Meter 272: Generated 2.550 kWh (encrypted: 333921 bytes, 4.513 ms)
[2025-12-10 08:07:56] NETWORK INFO: Server authentication successful for node: aggregator-001
✓ Aggregator connected: aggregator-001 from 127.0.0.1
✓ Sent 333921 bytes to aggregator-001 (0.41ms)
Session completed with aggregator-001
[2025-12-10 08:07:59] Meter 272: Generated 2.249 kWh (encrypted: 334526 bytes, 12.037 ms)
[2025-12-10 08:08:19] Meter 272: Generated 2.994 kWh (encrypted: 334367 bytes, 9.510 ms)
[2025-12-10 08:08:39] Meter 272: Generated 3.673 kWh (encrypted: 334559 bytes, 4.772 ms)
[2025-12-10 08:08:59] Meter 272: Generated 1.247 kWh (encrypted: 334368 bytes, 6.810 ms)
[2025-12-10 08:09:01] NETWORK INFO: Server authentication successful for node: aggregator-001
✓ Aggregator connected: aggregator-001 from 127.0.0.1
✓ Sent 334368 bytes to aggregator-001 (0.44ms)
Session completed with aggregator-001
[2025-12-10 08:09:19] Meter 272: Generated 3.174 kWh (encrypted: 334476 bytes, 6.644 ms)
[2025-12-10 08:09:39] Meter 272: Generated 3.529 kWh (encrypted: 334331 bytes, 7.104 ms)
[2025-12-10 08:09:59] Meter 272: Generated 1.525 kWh (encrypted: 334033 bytes, 12.806 ms)
[2025-12-10 08:10:06] NETWORK INFO: Server authentication successful for node: aggregator-001
✓ Aggregator connected: aggregator-001 from 127.0.0.1
✓ Sent 334033 bytes to aggregator-001 (26.05ms)
Session completed with aggregator-001
[2025-12-10 08:10:19] Meter 272: Generated 1.368 kWh (encrypted: 333424 bytes, 5.490 ms)
[2025-12-10 08:10:39] Meter 272: Generated 3.192 kWh (encrypted: 334162 bytes, 4.578 ms)
[2025-12-10 08:10:59] Meter 272: Generated 5.505 kWh (encrypted: 334410 bytes, 6.726 ms)
[2025-12-10 08:11:12] NETWORK INFO: Server authentication successful for node: aggregator-001
✓ Aggregator connected: aggregator-001 from 127.0.0.1
✓ Sent 334410 bytes to aggregator-001 (29.97ms)
Session completed with aggregator-001
[2025-12-10 08:11:19] Meter 272: Generated 3.399 kWh (encrypted: 334457 bytes, 4.832 ms)
[2025-12-10 08:11:39] Meter 272: Generated 6.584 kWh (encrypted: 334223 bytes, 4.842 ms)
[2025-12-10 08:11:59] Meter 272: Generated 4.030 kWh (encrypted: 334179 bytes, 7.285 ms)
[2025-12-10 08:12:17] NETWORK INFO: Server authentication successful for node: aggregator-001
✓ Aggregator connected: aggregator-001 from 127.0.0.1
✓ Sent 334179 bytes to aggregator-001 (0.34ms)
Session completed with aggregator-001
[2025-12-10 08:12:19] Meter 272: Generated 2.027 kWh (encrypted: 334250 bytes, 4.814 ms)

Received shutdown signal. Gracefully shutting down smart meter...
Network server thread stopped
Data generation thread stopped
Smart meter 272 shutdown complete
