=== Continuous Smart Meter Server 471 ===
Initializing for continuous operation...
SEAL context initialized
Loaded certificate: smart-meter-471
Requesting public keys from KDC...
[2025-12-10 08:04:48] NETWORK ERROR: Failed to connect to 127.0.0.1:8444: Connection refused
Error: Failed to connect to KDC at 127.0.0.1:8444
Error: Failed to send key request to KDC
Failed to obtain keys from KDC, falling back to file keys
Loaded keys from fallback files
Cryptographic components initialized
[2025-12-10 08:04:48] NETWORK INFO: Server socket created and listening on port 9471
✓ Smart meter server ready on port 9471
Data transmission interval: 20 seconds (15x accelerated - simulates 5min)
✓ Performance metrics CSV files initialized in performance_data/
Starting continuous smart meter operation...
Press Ctrl+C to stop gracefully
Data generation thread started
Network server thread started on port 9471
[2025-12-10 08:05:08] Meter 471: Generated 5.818 kWh (encrypted: 334361 bytes, 5.141 ms)
[2025-12-10 08:05:28] Meter 471: Generated 2.211 kWh (encrypted: 334446 bytes, 4.691 ms)
[2025-12-10 08:05:44] NETWORK INFO: Server authentication successful for node: aggregator-001
✓ Aggregator connected: aggregator-001 from 127.0.0.1
✓ Sent 334446 bytes to aggregator-001 (0.70ms)
Session completed with aggregator-001
[2025-12-10 08:05:48] Meter 471: Generated 5.835 kWh (encrypted: 334446 bytes, 4.578 ms)
[2025-12-10 08:06:08] Meter 471: Generated 4.732 kWh (encrypted: 334120 bytes, 6.410 ms)
[2025-12-10 08:06:28] Meter 471: Generated 3.106 kWh (encrypted: 334386 bytes, 4.734 ms)
[2025-12-10 08:06:48] Meter 471: Generated 2.813 kWh (encrypted: 333810 bytes, 4.533 ms)
[2025-12-10 08:06:50] NETWORK INFO: Server authentication successful for node: aggregator-001
✓ Aggregator connected: aggregator-001 from 127.0.0.1
✓ Sent 333810 bytes to aggregator-001 (0.41ms)
Session completed with aggregator-001
[2025-12-10 08:07:08] Meter 471: Generated 1.497 kWh (encrypted: 334369 bytes, 7.934 ms)
[2025-12-10 08:07:28] Meter 471: Generated 5.012 kWh (encrypted: 334411 bytes, 4.534 ms)
[2025-12-10 08:07:48] Meter 471: Generated 1.468 kWh (encrypted: 334415 bytes, 4.806 ms)
[2025-12-10 08:07:56] NETWORK INFO: Server authentication successful for node: aggregator-001
✓ Aggregator connected: aggregator-001 from 127.0.0.1
✓ Sent 334415 bytes to aggregator-001 (0.44ms)
Session completed with aggregator-001
[2025-12-10 08:08:08] Meter 471: Generated 3.724 kWh (encrypted: 334441 bytes, 6.427 ms)
[2025-12-10 08:08:28] Meter 471: Generated 6.264 kWh (encrypted: 334407 bytes, 6.650 ms)
[2025-12-10 08:08:48] Meter 471: Generated 6.214 kWh (encrypted: 333987 bytes, 4.904 ms)
[2025-12-10 08:09:01] NETWORK INFO: Server authentication successful for node: aggregator-001
✓ Aggregator connected: aggregator-001 from 127.0.0.1
✓ Sent 333987 bytes to aggregator-001 (2.25ms)
Session completed with aggregator-001
[2025-12-10 08:09:08] Meter 471: Generated 5.866 kWh (encrypted: 334381 bytes, 4.453 ms)
[2025-12-10 08:09:28] Meter 471: Generated 6.157 kWh (encrypted: 334210 bytes, 6.175 ms)
[2025-12-10 08:09:48] Meter 471: Generated 3.478 kWh (encrypted: 334171 bytes, 4.840 ms)
[2025-12-10 08:10:06] NETWORK INFO: Server authentication successful for node: aggregator-001
✓ Aggregator connected: aggregator-001 from 127.0.0.1
✓ Sent 334171 bytes to aggregator-001 (0.37ms)
Session completed with aggregator-001
[2025-12-10 08:10:08] Meter 471: Generated 1.847 kWh (encrypted: 334118 bytes, 29.858 ms)
[2025-12-10 08:10:28] Meter 471: Generated 3.613 kWh (encrypted: 334219 bytes, 4.896 ms)
[2025-12-10 08:10:48] Meter 471: Generated 2.471 kWh (encrypted: 333962 bytes, 4.725 ms)
[2025-12-10 08:11:08] Meter 471: Generated 7.357 kWh (encrypted: 334085 bytes, 4.669 ms)
[2025-12-10 08:11:12] NETWORK INFO: Server authentication successful for node: aggregator-001
✓ Aggregator connected: aggregator-001 from 127.0.0.1
✓ Sent 334085 bytes to aggregator-001 (4.34ms)
Session completed with aggregator-001
[2025-12-10 08:11:28] Meter 471: Generated 2.828 kWh (encrypted: 334216 bytes, 6.872 ms)
[2025-12-10 08:11:48] Meter 471: Generated 6.582 kWh (encrypted: 334467 bytes, 4.444 ms)
[2025-12-10 08:12:08] Meter 471: Generated 5.211 kWh (encrypted: 334463 bytes, 6.503 ms)
[2025-12-10 08:12:17] NETWORK INFO: Server authentication successful for node: aggregator-001
✓ Aggregator connected: aggregator-001 from 127.0.0.1
✓ Sent 334463 bytes to aggregator-001 (0.34ms)
Session completed with aggregator-001
[2025-12-10 08:12:28] Meter 471: Generated 3.262 kWh (encrypted: 334376 bytes, 7.877 ms)

Received shutdown signal. Gracefully shutting down smart meter...
Data generation thread stopped
Network server thread stopped
Smart meter 471 shutdown complete
