=== Continuous Smart Meter Server 334 ===
Initializing for continuous operation...
SEAL context initialized
Loaded certificate: smart-meter-334
Requesting public keys from KDC...
[2025-12-10 08:01:56] NETWORK ERROR: Failed to connect to 127.0.0.1:8444: Connection refused
Error: Failed to connect to KDC at 127.0.0.1:8444
Error: Failed to send key request to KDC
Failed to obtain keys from KDC, falling back to file keys
Loaded keys from fallback files
Cryptographic components initialized
[2025-12-10 08:01:56] NETWORK INFO: Server socket created and listening on port 9334
✓ Smart meter server ready on port 9334
Data transmission interval: 20 seconds (15x accelerated - simulates 5min)
✓ Performance metrics CSV files initialized in performance_data/
Starting continuous smart meter operation...
Press Ctrl+C to stop gracefully
Data generation thread started
Network server thread started on port 9334
[2025-12-10 08:02:16] Meter 334: Generated 6.011 kWh (encrypted: 334124 bytes, 6.447 ms)
[2025-12-10 08:02:33] NETWORK INFO: Server authentication successful for node: aggregator-001
✓ Aggregator connected: aggregator-001 from 127.0.0.1
✓ Sent 334124 bytes to aggregator-001 (6.79ms)
Session completed with aggregator-001
[2025-12-10 08:02:36] Meter 334: Generated 1.349 kWh (encrypted: 334110 bytes, 4.433 ms)
[2025-12-10 08:02:56] Meter 334: Generated 4.695 kWh (encrypted: 334195 bytes, 6.176 ms)
[2025-12-10 08:03:16] Meter 334: Generated 1.634 kWh (encrypted: 334446 bytes, 4.703 ms)
[2025-12-10 08:03:36] Meter 334: Generated 5.328 kWh (encrypted: 334376 bytes, 6.466 ms)
[2025-12-10 08:03:36] NETWORK INFO: Server authentication successful for node: aggregator-001
✓ Aggregator connected: aggregator-001 from 127.0.0.1
✓ Sent 334376 bytes to aggregator-001 (0.36ms)
Session completed with aggregator-001
[2025-12-10 08:03:56] Meter 334: Generated 6.030 kWh (encrypted: 334101 bytes, 6.211 ms)
[2025-12-10 08:04:16] Meter 334: Generated 6.430 kWh (encrypted: 334470 bytes, 5.868 ms)
[2025-12-10 08:04:36] Meter 334: Generated 0.786 kWh (encrypted: 334405 bytes, 4.461 ms)
[2025-12-10 08:04:39] NETWORK INFO: Server authentication successful for node: aggregator-001
✓ Aggregator connected: aggregator-001 from 127.0.0.1
✓ Sent 334405 bytes to aggregator-001 (0.37ms)
Session completed with aggregator-001
[2025-12-10 08:04:56] Meter 334: Generated 7.467 kWh (encrypted: 334312 bytes, 4.940 ms)
[2025-12-10 08:05:16] Meter 334: Generated 6.391 kWh (encrypted: 334054 bytes, 4.370 ms)
[2025-12-10 08:05:36] Meter 334: Generated 1.369 kWh (encrypted: 334184 bytes, 4.639 ms)
[2025-12-10 08:05:44] NETWORK INFO: Server authentication successful for node: aggregator-001
✓ Aggregator connected: aggregator-001 from 127.0.0.1
✓ Sent 334184 bytes to aggregator-001 (9.75ms)
Session completed with aggregator-001
[2025-12-10 08:05:56] Meter 334: Generated 5.957 kWh (encrypted: 334313 bytes, 4.333 ms)
[2025-12-10 08:06:16] Meter 334: Generated 5.444 kWh (encrypted: 334392 bytes, 5.184 ms)
[2025-12-10 08:06:36] Meter 334: Generated 5.403 kWh (encrypted: 334331 bytes, 6.424 ms)
[2025-12-10 08:06:50] NETWORK INFO: Server authentication successful for node: aggregator-001
✓ Aggregator connected: aggregator-001 from 127.0.0.1
✓ Sent 334331 bytes to aggregator-001 (1.53ms)
Session completed with aggregator-001
[2025-12-10 08:06:56] Meter 334: Generated 6.288 kWh (encrypted: 334465 bytes, 4.489 ms)
[2025-12-10 08:07:16] Meter 334: Generated 2.502 kWh (encrypted: 334284 bytes, 5.960 ms)
[2025-12-10 08:07:36] Meter 334: Generated 2.984 kWh (encrypted: 333998 bytes, 5.151 ms)
[2025-12-10 08:07:56] NETWORK INFO: Server authentication successful for node: aggregator-001
✓ Aggregator connected: aggregator-001 from 127.0.0.1
✓ Sent 333998 bytes to aggregator-001 (0.34ms)
Session completed with aggregator-001
[2025-12-10 08:07:56] Meter 334: Generated 2.233 kWh (encrypted: 334377 bytes, 5.214 ms)
[2025-12-10 08:08:16] Meter 334: Generated 7.462 kWh (encrypted: 334360 bytes, 6.461 ms)
[2025-12-10 08:08:36] Meter 334: Generated 5.309 kWh (encrypted: 334063 bytes, 4.680 ms)
[2025-12-10 08:08:56] Meter 334: Generated 1.045 kWh (encrypted: 334437 bytes, 7.199 ms)
[2025-12-10 08:09:01] NETWORK INFO: Server authentication successful for node: aggregator-001
✓ Aggregator connected: aggregator-001 from 127.0.0.1
✓ Sent 334437 bytes to aggregator-001 (4.35ms)
Session completed with aggregator-001
[2025-12-10 08:09:16] Meter 334: Generated 5.715 kWh (encrypted: 334418 bytes, 6.489 ms)
[2025-12-10 08:09:36] Meter 334: Generated 3.081 kWh (encrypted: 334175 bytes, 4.840 ms)
[2025-12-10 08:09:56] Meter 334: Generated 5.656 kWh (encrypted: 334101 bytes, 7.125 ms)
[2025-12-10 08:10:06] NETWORK INFO: Server authentication successful for node: aggregator-001
✓ Aggregator connected: aggregator-001 from 127.0.0.1
✓ Sent 334101 bytes to aggregator-001 (0.35ms)
Session completed with aggregator-001
[2025-12-10 08:10:16] Meter 334: Generated 2.809 kWh (encrypted: 334117 bytes, 4.493 ms)
[2025-12-10 08:10:36] Meter 334: Generated 7.011 kWh (encrypted: 334365 bytes, 9.561 ms)
[2025-12-10 08:10:56] Meter 334: Generated 6.528 kWh (encrypted: 334202 bytes, 5.040 ms)
[2025-12-10 08:11:12] NETWORK INFO: Server authentication successful for node: aggregator-001
✓ Aggregator connected: aggregator-001 from 127.0.0.1
✓ Sent 334202 bytes to aggregator-001 (79.97ms)
Session completed with aggregator-001
[2025-12-10 08:11:16] Meter 334: Generated 1.870 kWh (encrypted: 334379 bytes, 6.420 ms)
[2025-12-10 08:11:36] Meter 334: Generated 2.086 kWh (encrypted: 333731 bytes, 4.899 ms)
[2025-12-10 08:11:56] Meter 334: Generated 3.264 kWh (encrypted: 333946 bytes, 4.647 ms)
[2025-12-10 08:12:16] Meter 334: Generated 2.862 kWh (encrypted: 334405 bytes, 5.018 ms)
[2025-12-10 08:12:17] NETWORK INFO: Server authentication successful for node: aggregator-001
✓ Aggregator connected: aggregator-001 from 127.0.0.1
✓ Sent 334405 bytes to aggregator-001 (2.47ms)
Session completed with aggregator-001

Received shutdown signal. Gracefully shutting down smart meter...
Network server thread stopped
Data generation thread stopped
Smart meter 334 shutdown complete
