=== Continuous Smart Meter Server 140 ===
Initializing for continuous operation...
SEAL context initialized
Loaded certificate: smart-meter-140
Requesting public keys from KDC...
[2025-12-10 07:57:56] NETWORK ERROR: Failed to connect to 127.0.0.1:8444: Connection refused
Error: Failed to connect to KDC at 127.0.0.1:8444
Error: Failed to send key request to KDC
Failed to obtain keys from KDC, falling back to file keys
Loaded keys from fallback files
Cryptographic components initialized
[2025-12-10 07:57:56] NETWORK INFO: Server socket created and listening on port 9140
✓ Smart meter server ready on port 9140
Data transmission interval: 20 seconds (15x accelerated - simulates 5min)
✓ Performance metrics CSV files initialized in performance_data/
Starting continuous smart meter operation...
Press Ctrl+C to stop gracefully
Data generation thread started
Network server thread started on port 9140
[2025-12-10 07:58:16] Meter 140: Generated 3.515 kWh (encrypted: 334440 bytes, 4.953 ms)
[2025-12-10 07:58:25] NETWORK INFO: Server authentication successful for node: aggregator-001
✓ Aggregator connected: aggregator-001 from 127.0.0.1
✓ Sent 334440 bytes to aggregator-001 (0.73ms)
Session completed with aggregator-001
[2025-12-10 07:58:36] Meter 140: Generated 6.133 kWh (encrypted: 334147 bytes, 5.730 ms)
[2025-12-10 07:58:56] Meter 140: Generated 4.903 kWh (encrypted: 334302 bytes, 4.505 ms)
[2025-12-10 07:59:16] Meter 140: Generated 1.559 kWh (encrypted: 334227 bytes, 4.593 ms)
[2025-12-10 07:59:26] NETWORK INFO: Server authentication successful for node: aggregator-001
✓ Aggregator connected: aggregator-001 from 127.0.0.1
✓ Sent 334227 bytes to aggregator-001 (0.37ms)
Session completed with aggregator-001
[2025-12-10 07:59:36] Meter 140: Generated 5.606 kWh (encrypted: 334158 bytes, 4.458 ms)
[2025-12-10 07:59:56] Meter 140: Generated 0.910 kWh (encrypted: 334081 bytes, 4.636 ms)
[2025-12-10 08:00:16] Meter 140: Generated 6.196 kWh (encrypted: 334123 bytes, 4.753 ms)
[2025-12-10 08:00:28] NETWORK INFO: Server authentication successful for node: aggregator-001
✓ Aggregator connected: aggregator-001 from 127.0.0.1
✓ Sent 334123 bytes to aggregator-001 (3.01ms)
Session completed with aggregator-001
[2025-12-10 08:00:36] Meter 140: Generated 4.541 kWh (encrypted: 333888 bytes, 5.061 ms)
[2025-12-10 08:00:56] Meter 140: Generated 4.204 kWh (encrypted: 334353 bytes, 4.859 ms)
[2025-12-10 08:01:17] Meter 140: Generated 3.284 kWh (encrypted: 334140 bytes, 4.384 ms)
[2025-12-10 08:01:31] NETWORK INFO: Server authentication successful for node: aggregator-001
✓ Aggregator connected: aggregator-001 from 127.0.0.1
✓ Sent 334140 bytes to aggregator-001 (0.38ms)
Session completed with aggregator-001
[2025-12-10 08:01:37] Meter 140: Generated 7.115 kWh (encrypted: 334373 bytes, 4.872 ms)
[2025-12-10 08:01:57] Meter 140: Generated 3.196 kWh (encrypted: 334061 bytes, 4.804 ms)
[2025-12-10 08:02:17] Meter 140: Generated 5.163 kWh (encrypted: 334411 bytes, 4.780 ms)
[2025-12-10 08:02:33] NETWORK INFO: Server authentication successful for node: aggregator-001
✓ Aggregator connected: aggregator-001 from 127.0.0.1
✓ Sent 334411 bytes to aggregator-001 (0.38ms)
Session completed with aggregator-001
[2025-12-10 08:02:37] Meter 140: Generated 1.927 kWh (encrypted: 334544 bytes, 4.611 ms)
[2025-12-10 08:02:57] Meter 140: Generated 2.352 kWh (encrypted: 334117 bytes, 6.064 ms)
[2025-12-10 08:03:17] Meter 140: Generated 3.663 kWh (encrypted: 334477 bytes, 4.766 ms)
[2025-12-10 08:03:36] NETWORK INFO: Server authentication successful for node: aggregator-001
✓ Aggregator connected: aggregator-001 from 127.0.0.1
✓ Sent 334477 bytes to aggregator-001 (6.43ms)
Session completed with aggregator-001
[2025-12-10 08:03:37] Meter 140: Generated 5.703 kWh (encrypted: 334247 bytes, 4.944 ms)
[2025-12-10 08:03:57] Meter 140: Generated 4.207 kWh (encrypted: 334471 bytes, 4.521 ms)
[2025-12-10 08:04:17] Meter 140: Generated 2.644 kWh (encrypted: 334044 bytes, 6.877 ms)
[2025-12-10 08:04:37] Meter 140: Generated 4.023 kWh (encrypted: 334274 bytes, 4.811 ms)
[2025-12-10 08:04:39] NETWORK INFO: Server authentication successful for node: aggregator-001
✓ Aggregator connected: aggregator-001 from 127.0.0.1
✓ Sent 334274 bytes to aggregator-001 (13.29ms)
Session completed with aggregator-001
[2025-12-10 08:04:57] Meter 140: Generated 2.535 kWh (encrypted: 334357 bytes, 5.203 ms)
[2025-12-10 08:05:17] Meter 140: Generated 2.384 kWh (encrypted: 334191 bytes, 6.671 ms)
[2025-12-10 08:05:37] Meter 140: Generated 1.812 kWh (encrypted: 334274 bytes, 4.672 ms)
[2025-12-10 08:05:44] NETWORK INFO: Server authentication successful for node: aggregator-001
✓ Aggregator connected: aggregator-001 from 127.0.0.1
✓ Sent 334274 bytes to aggregator-001 (0.36ms)
Session completed with aggregator-001
[2025-12-10 08:05:57] Meter 140: Generated 3.804 kWh (encrypted: 334450 bytes, 6.396 ms)
[2025-12-10 08:06:17] Meter 140: Generated 4.003 kWh (encrypted: 334374 bytes, 5.510 ms)
[2025-12-10 08:06:37] Meter 140: Generated 4.809 kWh (encrypted: 334340 bytes, 4.909 ms)
[2025-12-10 08:06:50] NETWORK INFO: Server authentication successful for node: aggregator-001
✓ Aggregator connected: aggregator-001 from 127.0.0.1
✓ Sent 334340 bytes to aggregator-001 (20.03ms)
Session completed with aggregator-001
[2025-12-10 08:06:57] Meter 140: Generated 2.453 kWh (encrypted: 334314 bytes, 10.612 ms)
[2025-12-10 08:07:17] Meter 140: Generated 5.587 kWh (encrypted: 334286 bytes, 5.611 ms)
[2025-12-10 08:07:37] Meter 140: Generated 5.220 kWh (encrypted: 334112 bytes, 4.443 ms)
[2025-12-10 08:07:55] NETWORK INFO: Server authentication successful for node: aggregator-001
✓ Aggregator connected: aggregator-001 from 127.0.0.1
✓ Sent 334112 bytes to aggregator-001 (2.53ms)
Session completed with aggregator-001
[2025-12-10 08:07:57] Meter 140: Generated 3.421 kWh (encrypted: 334138 bytes, 6.410 ms)
[2025-12-10 08:08:17] Meter 140: Generated 7.249 kWh (encrypted: 334434 bytes, 8.556 ms)
[2025-12-10 08:08:37] Meter 140: Generated 3.918 kWh (encrypted: 334287 bytes, 4.592 ms)
[2025-12-10 08:08:57] Meter 140: Generated 6.905 kWh (encrypted: 334344 bytes, 6.703 ms)
[2025-12-10 08:09:01] NETWORK INFO: Server authentication successful for node: aggregator-001
✓ Aggregator connected: aggregator-001 from 127.0.0.1
✓ Sent 334344 bytes to aggregator-001 (7.04ms)
Session completed with aggregator-001
[2025-12-10 08:09:17] Meter 140: Generated 1.835 kWh (encrypted: 334330 bytes, 8.616 ms)
[2025-12-10 08:09:37] Meter 140: Generated 1.508 kWh (encrypted: 334293 bytes, 6.816 ms)
[2025-12-10 08:09:57] Meter 140: Generated 6.510 kWh (encrypted: 334405 bytes, 4.826 ms)
[2025-12-10 08:10:06] NETWORK INFO: Server authentication successful for node: aggregator-001
✓ Aggregator connected: aggregator-001 from 127.0.0.1
✓ Sent 334405 bytes to aggregator-001 (66.69ms)
Session completed with aggregator-001
[2025-12-10 08:10:17] Meter 140: Generated 5.718 kWh (encrypted: 334418 bytes, 5.341 ms)
[2025-12-10 08:10:37] Meter 140: Generated 2.410 kWh (encrypted: 334451 bytes, 5.327 ms)
[2025-12-10 08:10:57] Meter 140: Generated 2.004 kWh (encrypted: 333942 bytes, 6.431 ms)
[2025-12-10 08:11:12] NETWORK INFO: Server authentication successful for node: aggregator-001
✓ Aggregator connected: aggregator-001 from 127.0.0.1
✓ Sent 333942 bytes to aggregator-001 (0.42ms)
Session completed with aggregator-001
[2025-12-10 08:11:17] Meter 140: Generated 4.937 kWh (encrypted: 333943 bytes, 12.665 ms)
[2025-12-10 08:11:37] Meter 140: Generated 7.006 kWh (encrypted: 334484 bytes, 4.653 ms)
[2025-12-10 08:11:57] Meter 140: Generated 1.925 kWh (encrypted: 334208 bytes, 4.725 ms)
[2025-12-10 08:12:17] Meter 140: Generated 6.963 kWh (encrypted: 334355 bytes, 6.089 ms)
[2025-12-10 08:12:17] NETWORK INFO: Server authentication successful for node: aggregator-001
✓ Aggregator connected: aggregator-001 from 127.0.0.1
✓ Sent 334355 bytes to aggregator-001 (0.40ms)
Session completed with aggregator-001

Received shutdown signal. Gracefully shutting down smart meter...
Network server thread stopped
Data generation thread stopped
Smart meter 140 shutdown complete
