=== Continuous Smart Meter Server 273 ===
Initializing for continuous operation...
SEAL context initialized
Loaded certificate: smart-meter-273
Requesting public keys from KDC...
[2025-12-10 08:00:40] NETWORK ERROR: Failed to connect to 127.0.0.1:8444: Connection refused
Error: Failed to connect to KDC at 127.0.0.1:8444
Error: Failed to send key request to KDC
Failed to obtain keys from KDC, falling back to file keys
Loaded keys from fallback files
Cryptographic components initialized
[2025-12-10 08:00:40] NETWORK INFO: Server socket created and listening on port 9273
✓ Smart meter server ready on port 9273
Data transmission interval: 20 seconds (15x accelerated - simulates 5min)
✓ Performance metrics CSV files initialized in performance_data/
Starting continuous smart meter operation...
Press Ctrl+C to stop gracefully
Data generation thread started
Network server thread started on port 9273
[2025-12-10 08:01:00] Meter 273: Generated 5.750 kWh (encrypted: 334159 bytes, 5.637 ms)
[2025-12-10 08:01:20] Meter 273: Generated 2.452 kWh (encrypted: 334455 bytes, 4.898 ms)
[2025-12-10 08:01:31] NETWORK INFO: Server authentication successful for node: aggregator-001
✓ Aggregator connected: aggregator-001 from 127.0.0.1
✓ Sent 334455 bytes to aggregator-001 (0.68ms)
Session completed with aggregator-001
[2025-12-10 08:01:40] Meter 273: Generated 6.927 kWh (encrypted: 334301 bytes, 5.124 ms)
[2025-12-10 08:02:00] Meter 273: Generated 4.734 kWh (encrypted: 334134 bytes, 4.338 ms)
[2025-12-10 08:02:20] Meter 273: Generated 3.739 kWh (encrypted: 334200 bytes, 4.443 ms)
[2025-12-10 08:02:33] NETWORK INFO: Server authentication successful for node: aggregator-001
✓ Aggregator connected: aggregator-001 from 127.0.0.1
✓ Sent 334200 bytes to aggregator-001 (0.39ms)
Session completed with aggregator-001
[2025-12-10 08:02:40] Meter 273: Generated 5.278 kWh (encrypted: 334449 bytes, 6.157 ms)
[2025-12-10 08:03:00] Meter 273: Generated 5.041 kWh (encrypted: 334441 bytes, 5.740 ms)
[2025-12-10 08:03:20] Meter 273: Generated 4.056 kWh (encrypted: 334150 bytes, 5.972 ms)
[2025-12-10 08:03:36] NETWORK INFO: Server authentication successful for node: aggregator-001
✓ Aggregator connected: aggregator-001 from 127.0.0.1
✓ Sent 334150 bytes to aggregator-001 (11.95ms)
Session completed with aggregator-001
[2025-12-10 08:03:40] Meter 273: Generated 1.082 kWh (encrypted: 334463 bytes, 7.788 ms)
[2025-12-10 08:04:00] Meter 273: Generated 2.772 kWh (encrypted: 334054 bytes, 4.499 ms)
[2025-12-10 08:04:20] Meter 273: Generated 4.647 kWh (encrypted: 334126 bytes, 4.702 ms)
[2025-12-10 08:04:39] NETWORK INFO: Server authentication successful for node: aggregator-001
✓ Aggregator connected: aggregator-001 from 127.0.0.1
✓ Sent 334126 bytes to aggregator-001 (2.36ms)
Session completed with aggregator-001
[2025-12-10 08:04:40] Meter 273: Generated 1.903 kWh (encrypted: 334320 bytes, 7.122 ms)
[2025-12-10 08:05:00] Meter 273: Generated 3.320 kWh (encrypted: 334274 bytes, 4.785 ms)
[2025-12-10 08:05:20] Meter 273: Generated 4.379 kWh (encrypted: 334460 bytes, 7.659 ms)
[2025-12-10 08:05:40] Meter 273: Generated 5.309 kWh (encrypted: 334388 bytes, 4.789 ms)
[2025-12-10 08:05:44] NETWORK INFO: Server authentication successful for node: aggregator-001
✓ Aggregator connected: aggregator-001 from 127.0.0.1
✓ Sent 334388 bytes to aggregator-001 (34.80ms)
Session completed with aggregator-001
[2025-12-10 08:06:00] Meter 273: Generated 2.254 kWh (encrypted: 334274 bytes, 6.742 ms)
[2025-12-10 08:06:20] Meter 273: Generated 7.175 kWh (encrypted: 334404 bytes, 4.666 ms)
[2025-12-10 08:06:40] Meter 273: Generated 7.457 kWh (encrypted: 334379 bytes, 6.828 ms)
[2025-12-10 08:06:50] NETWORK INFO: Server authentication successful for node: aggregator-001
✓ Aggregator connected: aggregator-001 from 127.0.0.1
✓ Sent 334379 bytes to aggregator-001 (14.01ms)
Session completed with aggregator-001
[2025-12-10 08:07:00] Meter 273: Generated 3.828 kWh (encrypted: 334291 bytes, 4.650 ms)
[2025-12-10 08:07:20] Meter 273: Generated 3.692 kWh (encrypted: 334123 bytes, 5.886 ms)
[2025-12-10 08:07:40] Meter 273: Generated 4.606 kWh (encrypted: 334381 bytes, 4.473 ms)
[2025-12-10 08:07:56] NETWORK INFO: Server authentication successful for node: aggregator-001
✓ Aggregator connected: aggregator-001 from 127.0.0.1
✓ Sent 334381 bytes to aggregator-001 (0.37ms)
Session completed with aggregator-001
[2025-12-10 08:08:00] Meter 273: Generated 1.626 kWh (encrypted: 334445 bytes, 8.597 ms)
[2025-12-10 08:08:20] Meter 273: Generated 0.968 kWh (encrypted: 334506 bytes, 4.408 ms)
[2025-12-10 08:08:40] Meter 273: Generated 2.555 kWh (encrypted: 334103 bytes, 6.280 ms)
[2025-12-10 08:09:00] Meter 273: Generated 4.127 kWh (encrypted: 334226 bytes, 6.907 ms)
[2025-12-10 08:09:01] NETWORK INFO: Server authentication successful for node: aggregator-001
✓ Aggregator connected: aggregator-001 from 127.0.0.1
✓ Sent 334226 bytes to aggregator-001 (1.17ms)
Session completed with aggregator-001
[2025-12-10 08:09:20] Meter 273: Generated 5.917 kWh (encrypted: 334448 bytes, 6.737 ms)
[2025-12-10 08:09:40] Meter 273: Generated 2.346 kWh (encrypted: 334240 bytes, 4.848 ms)
[2025-12-10 08:10:00] Meter 273: Generated 1.735 kWh (encrypted: 334112 bytes, 7.051 ms)
[2025-12-10 08:10:06] NETWORK INFO: Server authentication successful for node: aggregator-001
✓ Aggregator connected: aggregator-001 from 127.0.0.1
✓ Sent 334112 bytes to aggregator-001 (12.74ms)
Session completed with aggregator-001
[2025-12-10 08:10:20] Meter 273: Generated 1.110 kWh (encrypted: 333878 bytes, 4.540 ms)
[2025-12-10 08:10:40] Meter 273: Generated 3.418 kWh (encrypted: 334401 bytes, 4.987 ms)
[2025-12-10 08:11:01] Meter 273: Generated 1.695 kWh (encrypted: 334284 bytes, 5.673 ms)
[2025-12-10 08:11:12] NETWORK INFO: Server authentication successful for node: aggregator-001
✓ Aggregator connected: aggregator-001 from 127.0.0.1
✓ Sent 334284 bytes to aggregator-001 (0.43ms)
Session completed with aggregator-001
[2025-12-10 08:11:21] Meter 273: Generated 4.578 kWh (encrypted: 334359 bytes, 6.470 ms)
[2025-12-10 08:11:41] Meter 273: Generated 6.517 kWh (encrypted: 334184 bytes, 5.271 ms)
[2025-12-10 08:12:01] Meter 273: Generated 1.184 kWh (encrypted: 334286 bytes, 7.618 ms)
[2025-12-10 08:12:17] NETWORK INFO: Server authentication successful for node: aggregator-001
✓ Aggregator connected: aggregator-001 from 127.0.0.1
✓ Sent 334286 bytes to aggregator-001 (2.74ms)
Session completed with aggregator-001
[2025-12-10 08:12:21] Meter 273: Generated 4.863 kWh (encrypted: 334262 bytes, 7.336 ms)

Received shutdown signal. Gracefully shutting down smart meter...
Network server thread stopped
Data generation thread stopped
Smart meter 273 shutdown complete
