=== Continuous Smart Meter Server 370 ===
Initializing for continuous operation...
SEAL context initialized
Loaded certificate: smart-meter-370
Requesting public keys from KDC...
[2025-12-10 08:02:41] NETWORK ERROR: Failed to connect to 127.0.0.1:8444: Connection refused
Error: Failed to connect to KDC at 127.0.0.1:8444
Error: Failed to send key request to KDC
Failed to obtain keys from KDC, falling back to file keys
Loaded keys from fallback files
Cryptographic components initialized
[2025-12-10 08:02:41] NETWORK INFO: Server socket created and listening on port 9370
✓ Smart meter server ready on port 9370
Data transmission interval: 20 seconds (15x accelerated - simulates 5min)
✓ Performance metrics CSV files initialized in performance_data/
Starting continuous smart meter operation...
Press Ctrl+C to stop gracefully
Data generation thread started
Network server thread started on port 9370
[2025-12-10 08:03:01] Meter 370: Generated 3.569 kWh (encrypted: 334269 bytes, 6.647 ms)
[2025-12-10 08:03:21] Meter 370: Generated 0.682 kWh (encrypted: 334159 bytes, 4.289 ms)
[2025-12-10 08:03:36] NETWORK INFO: Server authentication successful for node: aggregator-001
✓ Aggregator connected: aggregator-001 from 127.0.0.1
✓ Sent 334159 bytes to aggregator-001 (0.73ms)
Session completed with aggregator-001
[2025-12-10 08:03:41] Meter 370: Generated 3.428 kWh (encrypted: 334489 bytes, 4.456 ms)
[2025-12-10 08:04:01] Meter 370: Generated 7.374 kWh (encrypted: 334115 bytes, 4.449 ms)
[2025-12-10 08:04:21] Meter 370: Generated 6.668 kWh (encrypted: 334306 bytes, 4.615 ms)
[2025-12-10 08:04:40] NETWORK INFO: Server authentication successful for node: aggregator-001
✓ Aggregator connected: aggregator-001 from 127.0.0.1
✓ Sent 334306 bytes to aggregator-001 (1.42ms)
Session completed with aggregator-001
[2025-12-10 08:04:41] Meter 370: Generated 4.762 kWh (encrypted: 334460 bytes, 4.771 ms)
[2025-12-10 08:05:01] Meter 370: Generated 4.158 kWh (encrypted: 334166 bytes, 4.562 ms)
[2025-12-10 08:05:21] Meter 370: Generated 0.826 kWh (encrypted: 334125 bytes, 4.350 ms)
[2025-12-10 08:05:41] Meter 370: Generated 7.447 kWh (encrypted: 334165 bytes, 4.608 ms)
[2025-12-10 08:05:44] NETWORK INFO: Server authentication successful for node: aggregator-001
✓ Aggregator connected: aggregator-001 from 127.0.0.1
✓ Sent 334165 bytes to aggregator-001 (6.64ms)
Session completed with aggregator-001
[2025-12-10 08:06:01] Meter 370: Generated 0.826 kWh (encrypted: 334446 bytes, 4.901 ms)
[2025-12-10 08:06:21] Meter 370: Generated 1.278 kWh (encrypted: 334242 bytes, 5.077 ms)
[2025-12-10 08:06:41] Meter 370: Generated 4.155 kWh (encrypted: 334445 bytes, 4.698 ms)
[2025-12-10 08:06:50] NETWORK INFO: Server authentication successful for node: aggregator-001
✓ Aggregator connected: aggregator-001 from 127.0.0.1
✓ Sent 334445 bytes to aggregator-001 (2.49ms)
Session completed with aggregator-001
[2025-12-10 08:07:01] Meter 370: Generated 1.712 kWh (encrypted: 334188 bytes, 6.455 ms)
[2025-12-10 08:07:21] Meter 370: Generated 0.861 kWh (encrypted: 334216 bytes, 4.799 ms)
[2025-12-10 08:07:41] Meter 370: Generated 3.489 kWh (encrypted: 334343 bytes, 5.421 ms)
[2025-12-10 08:07:56] NETWORK INFO: Server authentication successful for node: aggregator-001
✓ Aggregator connected: aggregator-001 from 127.0.0.1
✓ Sent 334343 bytes to aggregator-001 (0.38ms)
Session completed with aggregator-001
[2025-12-10 08:08:01] Meter 370: Generated 2.033 kWh (encrypted: 334443 bytes, 7.351 ms)
[2025-12-10 08:08:21] Meter 370: Generated 1.213 kWh (encrypted: 334413 bytes, 12.214 ms)
[2025-12-10 08:08:41] Meter 370: Generated 3.912 kWh (encrypted: 334158 bytes, 4.948 ms)
[2025-12-10 08:09:01] NETWORK INFO: Server authentication successful for node: aggregator-001
✓ Aggregator connected: aggregator-001 from 127.0.0.1
✓ Sent 334158 bytes to aggregator-001 (0.36ms)
Session completed with aggregator-001
[2025-12-10 08:09:01] Meter 370: Generated 3.448 kWh (encrypted: 334236 bytes, 6.414 ms)
[2025-12-10 08:09:21] Meter 370: Generated 2.046 kWh (encrypted: 334069 bytes, 7.941 ms)
[2025-12-10 08:09:41] Meter 370: Generated 4.137 kWh (encrypted: 334277 bytes, 5.090 ms)
[2025-12-10 08:10:01] Meter 370: Generated 4.069 kWh (encrypted: 334497 bytes, 5.114 ms)
[2025-12-10 08:10:06] NETWORK INFO: Server authentication successful for node: aggregator-001
✓ Aggregator connected: aggregator-001 from 127.0.0.1
✓ Sent 334497 bytes to aggregator-001 (0.41ms)
Session completed with aggregator-001
[2025-12-10 08:10:21] Meter 370: Generated 5.443 kWh (encrypted: 334394 bytes, 6.223 ms)
[2025-12-10 08:10:41] Meter 370: Generated 4.751 kWh (encrypted: 334326 bytes, 6.185 ms)
[2025-12-10 08:11:01] Meter 370: Generated 2.620 kWh (encrypted: 334153 bytes, 7.294 ms)
[2025-12-10 08:11:12] NETWORK INFO: Server authentication successful for node: aggregator-001
✓ Aggregator connected: aggregator-001 from 127.0.0.1
✓ Sent 334153 bytes to aggregator-001 (30.41ms)
Session completed with aggregator-001
[2025-12-10 08:11:21] Meter 370: Generated 0.738 kWh (encrypted: 334420 bytes, 6.607 ms)
[2025-12-10 08:11:41] Meter 370: Generated 5.694 kWh (encrypted: 334519 bytes, 5.709 ms)
[2025-12-10 08:12:01] Meter 370: Generated 6.393 kWh (encrypted: 334119 bytes, 5.141 ms)
[2025-12-10 08:12:17] NETWORK INFO: Server authentication successful for node: aggregator-001
✓ Aggregator connected: aggregator-001 from 127.0.0.1
✓ Sent 334119 bytes to aggregator-001 (0.41ms)
Session completed with aggregator-001
[2025-12-10 08:12:21] Meter 370: Generated 6.332 kWh (encrypted: 334326 bytes, 6.774 ms)

Received shutdown signal. Gracefully shutting down smart meter...
Network server thread stopped
Data generation thread stopped
Smart meter 370 shutdown complete
