=== Continuous Smart Meter Server 496 ===
Initializing for continuous operation...
SEAL context initialized
Loaded certificate: smart-meter-496
Requesting public keys from KDC...
[2025-12-10 08:05:20] NETWORK ERROR: Failed to connect to 127.0.0.1:8444: Connection refused
Error: Failed to connect to KDC at 127.0.0.1:8444
Error: Failed to send key request to KDC
Failed to obtain keys from KDC, falling back to file keys
Loaded keys from fallback files
Cryptographic components initialized
[2025-12-10 08:05:20] NETWORK INFO: Server socket created and listening on port 9496
✓ Smart meter server ready on port 9496
Data transmission interval: 20 seconds (15x accelerated - simulates 5min)
✓ Performance metrics CSV files initialized in performance_data/
Starting continuous smart meter operation...
Press Ctrl+C to stop gracefully
Data generation thread started
Network server thread started on port 9496
[2025-12-10 08:05:40] Meter 496: Generated 2.561 kWh (encrypted: 334294 bytes, 4.843 ms)
[2025-12-10 08:05:44] NETWORK INFO: Server authentication successful for node: aggregator-001
✓ Aggregator connected: aggregator-001 from 127.0.0.1
✓ Sent 334294 bytes to aggregator-001 (0.77ms)
Session completed with aggregator-001
[2025-12-10 08:06:00] Meter 496: Generated 4.036 kWh (encrypted: 334332 bytes, 4.444 ms)
[2025-12-10 08:06:20] Meter 496: Generated 3.681 kWh (encrypted: 334391 bytes, 4.781 ms)
[2025-12-10 08:06:40] Meter 496: Generated 1.429 kWh (encrypted: 333937 bytes, 7.279 ms)
[2025-12-10 08:06:50] NETWORK INFO: Server authentication successful for node: aggregator-001
✓ Aggregator connected: aggregator-001 from 127.0.0.1
✓ Sent 333937 bytes to aggregator-001 (0.33ms)
Session completed with aggregator-001
[2025-12-10 08:07:00] Meter 496: Generated 4.634 kWh (encrypted: 334312 bytes, 7.138 ms)
[2025-12-10 08:07:20] Meter 496: Generated 4.938 kWh (encrypted: 334410 bytes, 7.496 ms)
[2025-12-10 08:07:40] Meter 496: Generated 2.563 kWh (encrypted: 334483 bytes, 8.031 ms)
[2025-12-10 08:07:56] NETWORK INFO: Server authentication successful for node: aggregator-001
✓ Aggregator connected: aggregator-001 from 127.0.0.1
✓ Sent 334483 bytes to aggregator-001 (0.36ms)
Session completed with aggregator-001
[2025-12-10 08:08:00] Meter 496: Generated 2.281 kWh (encrypted: 334141 bytes, 6.449 ms)
[2025-12-10 08:08:20] Meter 496: Generated 7.512 kWh (encrypted: 334540 bytes, 6.875 ms)
[2025-12-10 08:08:40] Meter 496: Generated 6.600 kWh (encrypted: 334451 bytes, 6.706 ms)
[2025-12-10 08:09:00] Meter 496: Generated 1.080 kWh (encrypted: 334486 bytes, 4.771 ms)
[2025-12-10 08:09:01] NETWORK INFO: Server authentication successful for node: aggregator-001
✓ Aggregator connected: aggregator-001 from 127.0.0.1
✓ Sent 334486 bytes to aggregator-001 (0.37ms)
Session completed with aggregator-001
[2025-12-10 08:09:20] Meter 496: Generated 4.724 kWh (encrypted: 334194 bytes, 5.160 ms)
[2025-12-10 08:09:40] Meter 496: Generated 0.953 kWh (encrypted: 334408 bytes, 5.390 ms)
[2025-12-10 08:10:00] Meter 496: Generated 2.140 kWh (encrypted: 334215 bytes, 6.925 ms)
[2025-12-10 08:10:06] NETWORK INFO: Server authentication successful for node: aggregator-001
✓ Aggregator connected: aggregator-001 from 127.0.0.1
✓ Sent 334215 bytes to aggregator-001 (3.71ms)
Session completed with aggregator-001
[2025-12-10 08:10:20] Meter 496: Generated 7.578 kWh (encrypted: 334511 bytes, 4.447 ms)
[2025-12-10 08:10:40] Meter 496: Generated 4.550 kWh (encrypted: 334196 bytes, 5.110 ms)
[2025-12-10 08:11:00] Meter 496: Generated 1.826 kWh (encrypted: 334391 bytes, 5.956 ms)
[2025-12-10 08:11:12] NETWORK INFO: Server authentication successful for node: aggregator-001
✓ Aggregator connected: aggregator-001 from 127.0.0.1
✓ Sent 334391 bytes to aggregator-001 (3.75ms)
Session completed with aggregator-001
[2025-12-10 08:11:20] Meter 496: Generated 6.558 kWh (encrypted: 333365 bytes, 6.803 ms)
[2025-12-10 08:11:40] Meter 496: Generated 6.978 kWh (encrypted: 334406 bytes, 6.118 ms)
[2025-12-10 08:12:00] Meter 496: Generated 3.148 kWh (encrypted: 334502 bytes, 5.665 ms)
[2025-12-10 08:12:17] NETWORK INFO: Server authentication successful for node: aggregator-001
✓ Aggregator connected: aggregator-001 from 127.0.0.1
✓ Sent 334502 bytes to aggregator-001 (0.36ms)
Session completed with aggregator-001
[2025-12-10 08:12:20] Meter 496: Generated 6.369 kWh (encrypted: 334449 bytes, 5.116 ms)

Received shutdown signal. Gracefully shutting down smart meter...
Network server thread stopped
Data generation thread stopped
Smart meter 496 shutdown complete
