=== Continuous Smart Meter Server 363 ===
Initializing for continuous operation...
SEAL context initialized
Loaded certificate: smart-meter-363
Requesting public keys from KDC...
[2025-12-10 08:02:32] NETWORK ERROR: Failed to connect to 127.0.0.1:8444: Connection refused
Error: Failed to connect to KDC at 127.0.0.1:8444
Error: Failed to send key request to KDC
Failed to obtain keys from KDC, falling back to file keys
Loaded keys from fallback files
Cryptographic components initialized
[2025-12-10 08:02:32] NETWORK INFO: Server socket created and listening on port 9363
✓ Smart meter server ready on port 9363
Data transmission interval: 20 seconds (15x accelerated - simulates 5min)
✓ Performance metrics CSV files initialized in performance_data/
Starting continuous smart meter operation...
Press Ctrl+C to stop gracefully
Data generation thread started
Network server thread started on port 9363
[2025-12-10 08:02:33] NETWORK INFO: Server authentication successful for node: aggregator-001
✓ Aggregator connected: aggregator-001 from 127.0.0.1
[2025-12-10 08:02:52] Meter 363: Generated 4.360 kWh (encrypted: 334458 bytes, 5.540 ms)
✓ Sent 334458 bytes to aggregator-001 (0.70ms)
Session completed with aggregator-001
[2025-12-10 08:03:12] Meter 363: Generated 5.080 kWh (encrypted: 334318 bytes, 4.844 ms)
[2025-12-10 08:03:32] Meter 363: Generated 3.536 kWh (encrypted: 333329 bytes, 4.925 ms)
[2025-12-10 08:03:36] NETWORK INFO: Server authentication successful for node: aggregator-001
✓ Aggregator connected: aggregator-001 from 127.0.0.1
✓ Sent 333329 bytes to aggregator-001 (1.38ms)
Session completed with aggregator-001
[2025-12-10 08:03:52] Meter 363: Generated 4.784 kWh (encrypted: 334349 bytes, 7.559 ms)
[2025-12-10 08:04:12] Meter 363: Generated 6.366 kWh (encrypted: 334422 bytes, 5.549 ms)
[2025-12-10 08:04:32] Meter 363: Generated 1.859 kWh (encrypted: 334387 bytes, 4.499 ms)
[2025-12-10 08:04:39] NETWORK INFO: Server authentication successful for node: aggregator-001
✓ Aggregator connected: aggregator-001 from 127.0.0.1
✓ Sent 334387 bytes to aggregator-001 (0.33ms)
Session completed with aggregator-001
[2025-12-10 08:04:52] Meter 363: Generated 0.739 kWh (encrypted: 334397 bytes, 4.649 ms)
[2025-12-10 08:05:12] Meter 363: Generated 7.221 kWh (encrypted: 334404 bytes, 4.629 ms)
[2025-12-10 08:05:32] Meter 363: Generated 1.067 kWh (encrypted: 334481 bytes, 4.393 ms)
[2025-12-10 08:05:44] NETWORK INFO: Server authentication successful for node: aggregator-001
✓ Aggregator connected: aggregator-001 from 127.0.0.1
✓ Sent 334481 bytes to aggregator-001 (16.90ms)
Session completed with aggregator-001
[2025-12-10 08:05:52] Meter 363: Generated 3.950 kWh (encrypted: 334367 bytes, 5.121 ms)
[2025-12-10 08:06:12] Meter 363: Generated 7.509 kWh (encrypted: 334418 bytes, 6.532 ms)
[2025-12-10 08:06:32] Meter 363: Generated 6.030 kWh (encrypted: 334477 bytes, 4.535 ms)
[2025-12-10 08:06:50] NETWORK INFO: Server authentication successful for node: aggregator-001
✓ Aggregator connected: aggregator-001 from 127.0.0.1
✓ Sent 334477 bytes to aggregator-001 (2.21ms)
Session completed with aggregator-001
[2025-12-10 08:06:52] Meter 363: Generated 1.850 kWh (encrypted: 334180 bytes, 4.417 ms)
[2025-12-10 08:07:12] Meter 363: Generated 5.164 kWh (encrypted: 334363 bytes, 6.423 ms)
[2025-12-10 08:07:32] Meter 363: Generated 2.619 kWh (encrypted: 334403 bytes, 5.321 ms)
[2025-12-10 08:07:52] Meter 363: Generated 6.008 kWh (encrypted: 334276 bytes, 4.641 ms)
[2025-12-10 08:07:56] NETWORK INFO: Server authentication successful for node: aggregator-001
✓ Aggregator connected: aggregator-001 from 127.0.0.1
✓ Sent 334276 bytes to aggregator-001 (1.30ms)
Session completed with aggregator-001
[2025-12-10 08:08:12] Meter 363: Generated 2.550 kWh (encrypted: 334393 bytes, 4.536 ms)
[2025-12-10 08:08:32] Meter 363: Generated 5.903 kWh (encrypted: 334455 bytes, 5.054 ms)
[2025-12-10 08:08:52] Meter 363: Generated 6.200 kWh (encrypted: 334395 bytes, 4.819 ms)
[2025-12-10 08:09:01] NETWORK INFO: Server authentication successful for node: aggregator-001
✓ Aggregator connected: aggregator-001 from 127.0.0.1
✓ Sent 334395 bytes to aggregator-001 (6.80ms)
Session completed with aggregator-001
[2025-12-10 08:09:12] Meter 363: Generated 5.924 kWh (encrypted: 334501 bytes, 6.103 ms)
[2025-12-10 08:09:32] Meter 363: Generated 2.905 kWh (encrypted: 334154 bytes, 4.739 ms)
[2025-12-10 08:09:52] Meter 363: Generated 4.463 kWh (encrypted: 334356 bytes, 4.976 ms)
[2025-12-10 08:10:06] NETWORK INFO: Server authentication successful for node: aggregator-001
✓ Aggregator connected: aggregator-001 from 127.0.0.1
✓ Sent 334356 bytes to aggregator-001 (0.30ms)
Session completed with aggregator-001
[2025-12-10 08:10:12] Meter 363: Generated 5.103 kWh (encrypted: 334439 bytes, 7.194 ms)
[2025-12-10 08:10:32] Meter 363: Generated 3.970 kWh (encrypted: 334390 bytes, 4.745 ms)
[2025-12-10 08:10:52] Meter 363: Generated 1.817 kWh (encrypted: 334399 bytes, 6.108 ms)
[2025-12-10 08:11:12] NETWORK INFO: Server authentication successful for node: aggregator-001
✓ Aggregator connected: aggregator-001 from 127.0.0.1
✓ Sent 334399 bytes to aggregator-001 (0.42ms)
Session completed with aggregator-001
[2025-12-10 08:11:12] Meter 363: Generated 6.938 kWh (encrypted: 334284 bytes, 6.659 ms)
[2025-12-10 08:11:33] Meter 363: Generated 4.653 kWh (encrypted: 334374 bytes, 6.193 ms)
[2025-12-10 08:11:53] Meter 363: Generated 7.298 kWh (encrypted: 334326 bytes, 4.497 ms)
[2025-12-10 08:12:13] Meter 363: Generated 7.524 kWh (encrypted: 334323 bytes, 6.659 ms)
[2025-12-10 08:12:17] NETWORK INFO: Server authentication successful for node: aggregator-001
✓ Aggregator connected: aggregator-001 from 127.0.0.1
✓ Sent 334323 bytes to aggregator-001 (0.35ms)
Session completed with aggregator-001
[2025-12-10 08:12:33] Meter 363: Generated 3.958 kWh (encrypted: 334484 bytes, 12.134 ms)

Received shutdown signal. Gracefully shutting down smart meter...
Network server thread stopped
Data generation thread stopped
Smart meter 363 shutdown complete
