=== Continuous Smart Meter Server 119 ===
Initializing for continuous operation...
SEAL context initialized
Loaded certificate: smart-meter-119
Requesting public keys from KDC...
[2025-12-10 07:57:31] NETWORK ERROR: Failed to connect to 127.0.0.1:8444: Connection refused
Error: Failed to connect to KDC at 127.0.0.1:8444
Error: Failed to send key request to KDC
Failed to obtain keys from KDC, falling back to file keys
Loaded keys from fallback files
Cryptographic components initialized
[2025-12-10 07:57:31] NETWORK INFO: Server socket created and listening on port 9119
✓ Smart meter server ready on port 9119
Data transmission interval: 20 seconds (15x accelerated - simulates 5min)
✓ Performance metrics CSV files initialized in performance_data/
Starting continuous smart meter operation...
Press Ctrl+C to stop gracefully
Data generation thread started
Network server thread started on port 9119
[2025-12-10 07:57:51] Meter 119: Generated 5.785 kWh (encrypted: 334368 bytes, 5.320 ms)
[2025-12-10 07:58:11] Meter 119: Generated 4.746 kWh (encrypted: 334452 bytes, 4.456 ms)
[2025-12-10 07:58:25] NETWORK INFO: Server authentication successful for node: aggregator-001
✓ Aggregator connected: aggregator-001 from 127.0.0.1
✓ Sent 334452 bytes to aggregator-001 (0.71ms)
Session completed with aggregator-001
[2025-12-10 07:58:31] Meter 119: Generated 1.170 kWh (encrypted: 334444 bytes, 6.418 ms)
[2025-12-10 07:58:51] Meter 119: Generated 6.098 kWh (encrypted: 334403 bytes, 4.502 ms)
[2025-12-10 07:59:11] Meter 119: Generated 4.066 kWh (encrypted: 334436 bytes, 4.541 ms)
[2025-12-10 07:59:26] NETWORK INFO: Server authentication successful for node: aggregator-001
✓ Aggregator connected: aggregator-001 from 127.0.0.1
✓ Sent 334436 bytes to aggregator-001 (0.35ms)
Session completed with aggregator-001
[2025-12-10 07:59:31] Meter 119: Generated 1.001 kWh (encrypted: 334506 bytes, 4.516 ms)
[2025-12-10 07:59:51] Meter 119: Generated 3.564 kWh (encrypted: 334344 bytes, 4.377 ms)
[2025-12-10 08:00:11] Meter 119: Generated 2.645 kWh (encrypted: 334345 bytes, 4.423 ms)
[2025-12-10 08:00:28] NETWORK INFO: Server authentication successful for node: aggregator-001
✓ Aggregator connected: aggregator-001 from 127.0.0.1
✓ Sent 334345 bytes to aggregator-001 (0.42ms)
Session completed with aggregator-001
[2025-12-10 08:00:31] Meter 119: Generated 1.719 kWh (encrypted: 334238 bytes, 4.696 ms)
[2025-12-10 08:00:51] Meter 119: Generated 7.009 kWh (encrypted: 334348 bytes, 4.683 ms)
[2025-12-10 08:01:11] Meter 119: Generated 4.393 kWh (encrypted: 334331 bytes, 4.533 ms)
[2025-12-10 08:01:31] NETWORK INFO: Server authentication successful for node: aggregator-001
✓ Aggregator connected: aggregator-001 from 127.0.0.1
✓ Sent 334331 bytes to aggregator-001 (0.38ms)
Session completed with aggregator-001
[2025-12-10 08:01:31] Meter 119: Generated 6.367 kWh (encrypted: 334332 bytes, 4.516 ms)
[2025-12-10 08:01:51] Meter 119: Generated 6.366 kWh (encrypted: 333948 bytes, 4.750 ms)
[2025-12-10 08:02:11] Meter 119: Generated 3.411 kWh (encrypted: 334167 bytes, 7.599 ms)
[2025-12-10 08:02:31] Meter 119: Generated 3.607 kWh (encrypted: 334294 bytes, 4.720 ms)
[2025-12-10 08:02:33] NETWORK INFO: Server authentication successful for node: aggregator-001
✓ Aggregator connected: aggregator-001 from 127.0.0.1
✓ Sent 334294 bytes to aggregator-001 (0.37ms)
Session completed with aggregator-001
[2025-12-10 08:02:51] Meter 119: Generated 4.306 kWh (encrypted: 334212 bytes, 4.995 ms)
[2025-12-10 08:03:11] Meter 119: Generated 3.866 kWh (encrypted: 334280 bytes, 7.610 ms)
[2025-12-10 08:03:31] Meter 119: Generated 2.811 kWh (encrypted: 334457 bytes, 4.667 ms)
[2025-12-10 08:03:36] NETWORK INFO: Server authentication successful for node: aggregator-001
✓ Aggregator connected: aggregator-001 from 127.0.0.1
✓ Sent 334457 bytes to aggregator-001 (0.40ms)
Session completed with aggregator-001
[2025-12-10 08:03:51] Meter 119: Generated 6.215 kWh (encrypted: 334160 bytes, 4.881 ms)
[2025-12-10 08:04:11] Meter 119: Generated 6.839 kWh (encrypted: 334404 bytes, 4.732 ms)
[2025-12-10 08:04:31] Meter 119: Generated 2.380 kWh (encrypted: 334117 bytes, 4.432 ms)
[2025-12-10 08:04:39] NETWORK INFO: Server authentication successful for node: aggregator-001
✓ Aggregator connected: aggregator-001 from 127.0.0.1
✓ Sent 334117 bytes to aggregator-001 (5.04ms)
Session completed with aggregator-001
[2025-12-10 08:04:51] Meter 119: Generated 6.357 kWh (encrypted: 334494 bytes, 4.807 ms)
[2025-12-10 08:05:11] Meter 119: Generated 5.779 kWh (encrypted: 333835 bytes, 4.599 ms)
[2025-12-10 08:05:31] Meter 119: Generated 7.547 kWh (encrypted: 334222 bytes, 5.720 ms)
[2025-12-10 08:05:44] NETWORK INFO: Server authentication successful for node: aggregator-001
✓ Aggregator connected: aggregator-001 from 127.0.0.1
✓ Sent 334222 bytes to aggregator-001 (0.35ms)
Session completed with aggregator-001
[2025-12-10 08:05:51] Meter 119: Generated 5.071 kWh (encrypted: 334184 bytes, 4.753 ms)
[2025-12-10 08:06:11] Meter 119: Generated 5.188 kWh (encrypted: 334276 bytes, 6.419 ms)
[2025-12-10 08:06:31] Meter 119: Generated 5.624 kWh (encrypted: 334460 bytes, 6.431 ms)
[2025-12-10 08:06:50] NETWORK INFO: Server authentication successful for node: aggregator-001
✓ Aggregator connected: aggregator-001 from 127.0.0.1
✓ Sent 334460 bytes to aggregator-001 (5.06ms)
Session completed with aggregator-001
[2025-12-10 08:06:51] Meter 119: Generated 4.445 kWh (encrypted: 334429 bytes, 4.641 ms)
[2025-12-10 08:07:11] Meter 119: Generated 2.917 kWh (encrypted: 334367 bytes, 6.131 ms)
[2025-12-10 08:07:31] Meter 119: Generated 6.693 kWh (encrypted: 334103 bytes, 4.943 ms)
[2025-12-10 08:07:51] Meter 119: Generated 4.775 kWh (encrypted: 334508 bytes, 4.760 ms)
[2025-12-10 08:07:55] NETWORK INFO: Server authentication successful for node: aggregator-001
✓ Aggregator connected: aggregator-001 from 127.0.0.1
✓ Sent 334508 bytes to aggregator-001 (0.37ms)
Session completed with aggregator-001
[2025-12-10 08:08:11] Meter 119: Generated 5.951 kWh (encrypted: 334162 bytes, 6.608 ms)
[2025-12-10 08:08:31] Meter 119: Generated 2.237 kWh (encrypted: 334048 bytes, 4.684 ms)
[2025-12-10 08:08:51] Meter 119: Generated 1.010 kWh (encrypted: 334320 bytes, 4.761 ms)
[2025-12-10 08:09:01] NETWORK INFO: Server authentication successful for node: aggregator-001
✓ Aggregator connected: aggregator-001 from 127.0.0.1
✓ Sent 334320 bytes to aggregator-001 (0.38ms)
Session completed with aggregator-001
[2025-12-10 08:09:11] Meter 119: Generated 0.995 kWh (encrypted: 334178 bytes, 4.940 ms)
[2025-12-10 08:09:31] Meter 119: Generated 5.909 kWh (encrypted: 334534 bytes, 6.525 ms)
[2025-12-10 08:09:51] Meter 119: Generated 4.244 kWh (encrypted: 334042 bytes, 4.628 ms)
[2025-12-10 08:10:06] NETWORK INFO: Server authentication successful for node: aggregator-001
✓ Aggregator connected: aggregator-001 from 127.0.0.1
✓ Sent 334042 bytes to aggregator-001 (0.38ms)
Session completed with aggregator-001
[2025-12-10 08:10:11] Meter 119: Generated 3.661 kWh (encrypted: 334245 bytes, 5.153 ms)
[2025-12-10 08:10:31] Meter 119: Generated 3.114 kWh (encrypted: 334186 bytes, 4.984 ms)
[2025-12-10 08:10:51] Meter 119: Generated 6.838 kWh (encrypted: 334213 bytes, 4.403 ms)
[2025-12-10 08:11:11] Meter 119: Generated 2.028 kWh (encrypted: 334460 bytes, 6.441 ms)
[2025-12-10 08:11:12] NETWORK INFO: Server authentication successful for node: aggregator-001
✓ Aggregator connected: aggregator-001 from 127.0.0.1
✓ Sent 334460 bytes to aggregator-001 (0.36ms)
Session completed with aggregator-001
[2025-12-10 08:11:31] Meter 119: Generated 6.966 kWh (encrypted: 334317 bytes, 5.304 ms)
[2025-12-10 08:11:51] Meter 119: Generated 5.542 kWh (encrypted: 333920 bytes, 6.044 ms)
[2025-12-10 08:12:11] Meter 119: Generated 5.980 kWh (encrypted: 334280 bytes, 6.411 ms)
[2025-12-10 08:12:17] NETWORK INFO: Server authentication successful for node: aggregator-001
✓ Aggregator connected: aggregator-001 from 127.0.0.1
✓ Sent 334280 bytes to aggregator-001 (0.35ms)
Session completed with aggregator-001
[2025-12-10 08:12:31] Meter 119: Generated 4.670 kWh (encrypted: 334460 bytes, 6.519 ms)

Received shutdown signal. Gracefully shutting down smart meter...
Network server thread stopped
Data generation thread stopped
Smart meter 119 shutdown complete
