=== Continuous Smart Meter Server 274 ===
Initializing for continuous operation...
SEAL context initialized
Loaded certificate: smart-meter-274
Requesting public keys from KDC...
[2025-12-10 08:00:41] NETWORK ERROR: Failed to connect to 127.0.0.1:8444: Connection refused
Error: Failed to connect to KDC at 127.0.0.1:8444
Error: Failed to send key request to KDC
Failed to obtain keys from KDC, falling back to file keys
Loaded keys from fallback files
Cryptographic components initialized
[2025-12-10 08:00:41] NETWORK INFO: Server socket created and listening on port 9274
✓ Smart meter server ready on port 9274
Data transmission interval: 20 seconds (15x accelerated - simulates 5min)
✓ Performance metrics CSV files initialized in performance_data/
Starting continuous smart meter operation...
Press Ctrl+C to stop gracefully
Data generation thread started
Network server thread started on port 9274
[2025-12-10 08:01:01] Meter 274: Generated 0.970 kWh (encrypted: 334097 bytes, 4.991 ms)
[2025-12-10 08:01:21] Meter 274: Generated 4.062 kWh (encrypted: 334353 bytes, 4.306 ms)
[2025-12-10 08:01:31] NETWORK INFO: Server authentication successful for node: aggregator-001
✓ Aggregator connected: aggregator-001 from 127.0.0.1
✓ Sent 334353 bytes to aggregator-001 (0.71ms)
Session completed with aggregator-001
[2025-12-10 08:01:41] Meter 274: Generated 3.747 kWh (encrypted: 334469 bytes, 4.346 ms)
[2025-12-10 08:02:01] Meter 274: Generated 6.500 kWh (encrypted: 334479 bytes, 4.518 ms)
[2025-12-10 08:02:21] Meter 274: Generated 6.872 kWh (encrypted: 334112 bytes, 4.416 ms)
[2025-12-10 08:02:33] NETWORK INFO: Server authentication successful for node: aggregator-001
✓ Aggregator connected: aggregator-001 from 127.0.0.1
✓ Sent 334112 bytes to aggregator-001 (0.38ms)
Session completed with aggregator-001
[2025-12-10 08:02:41] Meter 274: Generated 6.113 kWh (encrypted: 334400 bytes, 6.651 ms)
[2025-12-10 08:03:01] Meter 274: Generated 4.773 kWh (encrypted: 333801 bytes, 6.488 ms)
[2025-12-10 08:03:21] Meter 274: Generated 6.963 kWh (encrypted: 334396 bytes, 6.247 ms)
[2025-12-10 08:03:36] NETWORK INFO: Server authentication successful for node: aggregator-001
✓ Aggregator connected: aggregator-001 from 127.0.0.1
✓ Sent 334396 bytes to aggregator-001 (0.40ms)
Session completed with aggregator-001
[2025-12-10 08:03:41] Meter 274: Generated 6.037 kWh (encrypted: 334013 bytes, 6.445 ms)
[2025-12-10 08:04:02] Meter 274: Generated 7.588 kWh (encrypted: 334178 bytes, 6.411 ms)
[2025-12-10 08:04:22] Meter 274: Generated 2.353 kWh (encrypted: 334514 bytes, 7.284 ms)
[2025-12-10 08:04:39] NETWORK INFO: Server authentication successful for node: aggregator-001
✓ Aggregator connected: aggregator-001 from 127.0.0.1
✓ Sent 334514 bytes to aggregator-001 (0.35ms)
Session completed with aggregator-001
[2025-12-10 08:04:42] Meter 274: Generated 4.184 kWh (encrypted: 334302 bytes, 5.689 ms)
[2025-12-10 08:05:02] Meter 274: Generated 3.724 kWh (encrypted: 334183 bytes, 4.416 ms)
[2025-12-10 08:05:22] Meter 274: Generated 6.841 kWh (encrypted: 333879 bytes, 4.420 ms)
[2025-12-10 08:05:42] Meter 274: Generated 1.093 kWh (encrypted: 334374 bytes, 5.823 ms)
[2025-12-10 08:05:44] NETWORK INFO: Server authentication successful for node: aggregator-001
✓ Aggregator connected: aggregator-001 from 127.0.0.1
✓ Sent 334374 bytes to aggregator-001 (0.36ms)
Session completed with aggregator-001
[2025-12-10 08:06:02] Meter 274: Generated 5.080 kWh (encrypted: 334169 bytes, 4.823 ms)
[2025-12-10 08:06:22] Meter 274: Generated 3.762 kWh (encrypted: 334158 bytes, 5.717 ms)
[2025-12-10 08:06:42] Meter 274: Generated 4.232 kWh (encrypted: 334015 bytes, 4.642 ms)
[2025-12-10 08:06:50] NETWORK INFO: Server authentication successful for node: aggregator-001
✓ Aggregator connected: aggregator-001 from 127.0.0.1
✓ Sent 334015 bytes to aggregator-001 (12.47ms)
Session completed with aggregator-001
[2025-12-10 08:07:02] Meter 274: Generated 4.903 kWh (encrypted: 334262 bytes, 8.119 ms)
[2025-12-10 08:07:22] Meter 274: Generated 4.948 kWh (encrypted: 334433 bytes, 4.691 ms)
[2025-12-10 08:07:42] Meter 274: Generated 5.299 kWh (encrypted: 334150 bytes, 5.605 ms)
[2025-12-10 08:07:56] NETWORK INFO: Server authentication successful for node: aggregator-001
✓ Aggregator connected: aggregator-001 from 127.0.0.1
✓ Sent 334150 bytes to aggregator-001 (0.36ms)
Session completed with aggregator-001
[2025-12-10 08:08:02] Meter 274: Generated 3.711 kWh (encrypted: 334146 bytes, 6.733 ms)
[2025-12-10 08:08:22] Meter 274: Generated 4.120 kWh (encrypted: 334394 bytes, 6.541 ms)
[2025-12-10 08:08:42] Meter 274: Generated 3.725 kWh (encrypted: 334579 bytes, 7.514 ms)
[2025-12-10 08:09:01] NETWORK INFO: Server authentication successful for node: aggregator-001
✓ Aggregator connected: aggregator-001 from 127.0.0.1
✓ Sent 334579 bytes to aggregator-001 (0.35ms)
Session completed with aggregator-001
[2025-12-10 08:09:02] Meter 274: Generated 1.365 kWh (encrypted: 334427 bytes, 6.567 ms)
[2025-12-10 08:09:22] Meter 274: Generated 3.796 kWh (encrypted: 334464 bytes, 5.836 ms)
[2025-12-10 08:09:42] Meter 274: Generated 0.931 kWh (encrypted: 334560 bytes, 7.735 ms)
[2025-12-10 08:10:02] Meter 274: Generated 3.530 kWh (encrypted: 334404 bytes, 6.448 ms)
[2025-12-10 08:10:06] NETWORK INFO: Server authentication successful for node: aggregator-001
✓ Aggregator connected: aggregator-001 from 127.0.0.1
✓ Sent 334404 bytes to aggregator-001 (36.53ms)
Session completed with aggregator-001
[2025-12-10 08:10:22] Meter 274: Generated 3.139 kWh (encrypted: 334184 bytes, 11.109 ms)
[2025-12-10 08:10:42] Meter 274: Generated 2.870 kWh (encrypted: 334282 bytes, 6.731 ms)
[2025-12-10 08:11:02] Meter 274: Generated 4.757 kWh (encrypted: 334363 bytes, 5.050 ms)
[2025-12-10 08:11:12] NETWORK INFO: Server authentication successful for node: aggregator-001
✓ Aggregator connected: aggregator-001 from 127.0.0.1
✓ Sent 334363 bytes to aggregator-001 (22.82ms)
Session completed with aggregator-001
[2025-12-10 08:11:22] Meter 274: Generated 4.448 kWh (encrypted: 333969 bytes, 6.886 ms)
[2025-12-10 08:11:42] Meter 274: Generated 4.984 kWh (encrypted: 334416 bytes, 6.699 ms)
[2025-12-10 08:12:02] Meter 274: Generated 7.319 kWh (encrypted: 334426 bytes, 7.753 ms)
[2025-12-10 08:12:17] NETWORK INFO: Server authentication successful for node: aggregator-001
✓ Aggregator connected: aggregator-001 from 127.0.0.1
✓ Sent 334426 bytes to aggregator-001 (0.37ms)
Session completed with aggregator-001
[2025-12-10 08:12:22] Meter 274: Generated 1.163 kWh (encrypted: 334162 bytes, 6.454 ms)

Received shutdown signal. Gracefully shutting down smart meter...
Network server thread stopped
Data generation thread stopped
Smart meter 274 shutdown complete
