=== Continuous Smart Meter Server 71 ===
Initializing for continuous operation...
SEAL context initialized
Loaded certificate: smart-meter-071
Requesting public keys from KDC...
[2025-12-10 07:56:32] NETWORK ERROR: Failed to connect to 127.0.0.1:8444: Connection refused
Error: Failed to connect to KDC at 127.0.0.1:8444
Error: Failed to send key request to KDC
Failed to obtain keys from KDC, falling back to file keys
Loaded keys from fallback files
Cryptographic components initialized
[2025-12-10 07:56:32] NETWORK INFO: Server socket created and listening on port 9071
✓ Smart meter server ready on port 9071
Data transmission interval: 20 seconds (15x accelerated - simulates 5min)
✓ Performance metrics CSV files initialized in performance_data/
Starting continuous smart meter operation...
Press Ctrl+C to stop gracefully
Data generation thread started
Network server thread started on port 9071
[2025-12-10 07:56:52] Meter 71: Generated 6.228 kWh (encrypted: 334336 bytes, 4.862 ms)
[2025-12-10 07:57:12] Meter 71: Generated 5.264 kWh (encrypted: 334352 bytes, 4.267 ms)
[2025-12-10 07:57:15] NETWORK INFO: Server authentication successful for node: aggregator-001
✓ Aggregator connected: aggregator-001 from 127.0.0.1
✓ Sent 334352 bytes to aggregator-001 (0.82ms)
Session completed with aggregator-001
[2025-12-10 07:57:32] Meter 71: Generated 3.968 kWh (encrypted: 334453 bytes, 6.263 ms)
[2025-12-10 07:57:52] Meter 71: Generated 5.426 kWh (encrypted: 334075 bytes, 4.781 ms)
[2025-12-10 07:58:12] Meter 71: Generated 4.346 kWh (encrypted: 334381 bytes, 4.461 ms)
[2025-12-10 07:58:25] NETWORK INFO: Server authentication successful for node: aggregator-001
✓ Aggregator connected: aggregator-001 from 127.0.0.1
✓ Sent 334381 bytes to aggregator-001 (0.36ms)
Session completed with aggregator-001
[2025-12-10 07:58:32] Meter 71: Generated 1.470 kWh (encrypted: 333692 bytes, 4.417 ms)
[2025-12-10 07:58:52] Meter 71: Generated 3.891 kWh (encrypted: 334414 bytes, 4.477 ms)
[2025-12-10 07:59:12] Meter 71: Generated 4.414 kWh (encrypted: 334329 bytes, 4.562 ms)
[2025-12-10 07:59:26] NETWORK INFO: Server authentication successful for node: aggregator-001
✓ Aggregator connected: aggregator-001 from 127.0.0.1
✓ Sent 334329 bytes to aggregator-001 (0.41ms)
Session completed with aggregator-001
[2025-12-10 07:59:32] Meter 71: Generated 6.638 kWh (encrypted: 334392 bytes, 4.655 ms)
[2025-12-10 07:59:52] Meter 71: Generated 3.268 kWh (encrypted: 334436 bytes, 4.632 ms)
[2025-12-10 08:00:12] Meter 71: Generated 1.398 kWh (encrypted: 334113 bytes, 6.032 ms)
[2025-12-10 08:00:28] NETWORK INFO: Server authentication successful for node: aggregator-001
✓ Aggregator connected: aggregator-001 from 127.0.0.1
✓ Sent 334113 bytes to aggregator-001 (1.54ms)
Session completed with aggregator-001
[2025-12-10 08:00:32] Meter 71: Generated 3.447 kWh (encrypted: 334482 bytes, 7.696 ms)
[2025-12-10 08:00:52] Meter 71: Generated 6.785 kWh (encrypted: 334387 bytes, 5.208 ms)
[2025-12-10 08:01:12] Meter 71: Generated 4.215 kWh (encrypted: 334397 bytes, 4.616 ms)
[2025-12-10 08:01:31] NETWORK INFO: Server authentication successful for node: aggregator-001
✓ Aggregator connected: aggregator-001 from 127.0.0.1
✓ Sent 334397 bytes to aggregator-001 (46.74ms)
Session completed with aggregator-001
[2025-12-10 08:01:32] Meter 71: Generated 5.145 kWh (encrypted: 334355 bytes, 4.636 ms)
[2025-12-10 08:01:52] Meter 71: Generated 5.599 kWh (encrypted: 334361 bytes, 4.538 ms)
[2025-12-10 08:02:12] Meter 71: Generated 3.696 kWh (encrypted: 334391 bytes, 4.842 ms)
[2025-12-10 08:02:32] Meter 71: Generated 2.615 kWh (encrypted: 334493 bytes, 4.707 ms)
[2025-12-10 08:02:33] NETWORK INFO: Server authentication successful for node: aggregator-001
✓ Aggregator connected: aggregator-001 from 127.0.0.1
✓ Sent 334493 bytes to aggregator-001 (9.31ms)
Session completed with aggregator-001
[2025-12-10 08:02:52] Meter 71: Generated 3.002 kWh (encrypted: 334158 bytes, 4.430 ms)
[2025-12-10 08:03:12] Meter 71: Generated 5.939 kWh (encrypted: 334244 bytes, 4.827 ms)
[2025-12-10 08:03:32] Meter 71: Generated 1.422 kWh (encrypted: 334403 bytes, 5.370 ms)
[2025-12-10 08:03:36] NETWORK INFO: Server authentication successful for node: aggregator-001
✓ Aggregator connected: aggregator-001 from 127.0.0.1
✓ Sent 334403 bytes to aggregator-001 (13.53ms)
Session completed with aggregator-001
[2025-12-10 08:03:52] Meter 71: Generated 6.568 kWh (encrypted: 334377 bytes, 6.537 ms)
[2025-12-10 08:04:12] Meter 71: Generated 3.877 kWh (encrypted: 334282 bytes, 6.626 ms)
[2025-12-10 08:04:32] Meter 71: Generated 3.298 kWh (encrypted: 334155 bytes, 4.696 ms)
[2025-12-10 08:04:39] NETWORK INFO: Server authentication successful for node: aggregator-001
✓ Aggregator connected: aggregator-001 from 127.0.0.1
✓ Sent 334155 bytes to aggregator-001 (0.38ms)
Session completed with aggregator-001
[2025-12-10 08:04:52] Meter 71: Generated 0.886 kWh (encrypted: 334409 bytes, 7.172 ms)
[2025-12-10 08:05:12] Meter 71: Generated 4.476 kWh (encrypted: 334374 bytes, 4.801 ms)
[2025-12-10 08:05:32] Meter 71: Generated 3.057 kWh (encrypted: 334138 bytes, 4.772 ms)
[2025-12-10 08:05:44] NETWORK INFO: Server authentication successful for node: aggregator-001
✓ Aggregator connected: aggregator-001 from 127.0.0.1
✓ Sent 334138 bytes to aggregator-001 (0.36ms)
Session completed with aggregator-001
[2025-12-10 08:05:53] Meter 71: Generated 7.448 kWh (encrypted: 334140 bytes, 4.641 ms)
[2025-12-10 08:06:13] Meter 71: Generated 7.025 kWh (encrypted: 334474 bytes, 4.691 ms)
[2025-12-10 08:06:33] Meter 71: Generated 4.803 kWh (encrypted: 334385 bytes, 5.282 ms)
[2025-12-10 08:06:50] NETWORK INFO: Server authentication successful for node: aggregator-001
✓ Aggregator connected: aggregator-001 from 127.0.0.1
✓ Sent 334385 bytes to aggregator-001 (0.33ms)
Session completed with aggregator-001
[2025-12-10 08:06:53] Meter 71: Generated 4.671 kWh (encrypted: 333982 bytes, 4.905 ms)
[2025-12-10 08:07:13] Meter 71: Generated 7.045 kWh (encrypted: 334466 bytes, 4.945 ms)
[2025-12-10 08:07:33] Meter 71: Generated 1.009 kWh (encrypted: 334382 bytes, 5.482 ms)
[2025-12-10 08:07:53] Meter 71: Generated 6.976 kWh (encrypted: 334361 bytes, 4.584 ms)
[2025-12-10 08:07:55] NETWORK INFO: Server authentication successful for node: aggregator-001
✓ Aggregator connected: aggregator-001 from 127.0.0.1
✓ Sent 334361 bytes to aggregator-001 (0.39ms)
Session completed with aggregator-001
[2025-12-10 08:08:13] Meter 71: Generated 6.704 kWh (encrypted: 334292 bytes, 5.590 ms)
[2025-12-10 08:08:33] Meter 71: Generated 2.022 kWh (encrypted: 334466 bytes, 7.052 ms)
[2025-12-10 08:08:53] Meter 71: Generated 4.766 kWh (encrypted: 334461 bytes, 5.427 ms)
[2025-12-10 08:09:01] NETWORK INFO: Server authentication successful for node: aggregator-001
✓ Aggregator connected: aggregator-001 from 127.0.0.1
✓ Sent 334461 bytes to aggregator-001 (0.37ms)
Session completed with aggregator-001
[2025-12-10 08:09:13] Meter 71: Generated 3.270 kWh (encrypted: 334383 bytes, 6.799 ms)
[2025-12-10 08:09:33] Meter 71: Generated 3.313 kWh (encrypted: 334359 bytes, 4.801 ms)
[2025-12-10 08:09:53] Meter 71: Generated 1.040 kWh (encrypted: 334287 bytes, 4.397 ms)
[2025-12-10 08:10:06] NETWORK INFO: Server authentication successful for node: aggregator-001
✓ Aggregator connected: aggregator-001 from 127.0.0.1
✓ Sent 334287 bytes to aggregator-001 (0.38ms)
Session completed with aggregator-001
[2025-12-10 08:10:13] Meter 71: Generated 6.061 kWh (encrypted: 334254 bytes, 7.371 ms)
[2025-12-10 08:10:33] Meter 71: Generated 3.685 kWh (encrypted: 334132 bytes, 4.582 ms)
[2025-12-10 08:10:53] Meter 71: Generated 1.286 kWh (encrypted: 333874 bytes, 5.010 ms)
[2025-12-10 08:11:12] NETWORK INFO: Server authentication successful for node: aggregator-001
✓ Aggregator connected: aggregator-001 from 127.0.0.1
✓ Sent 333874 bytes to aggregator-001 (0.35ms)
Session completed with aggregator-001
[2025-12-10 08:11:13] Meter 71: Generated 6.295 kWh (encrypted: 334426 bytes, 6.682 ms)
[2025-12-10 08:11:33] Meter 71: Generated 7.336 kWh (encrypted: 334445 bytes, 5.384 ms)
[2025-12-10 08:11:53] Meter 71: Generated 5.827 kWh (encrypted: 333961 bytes, 6.971 ms)
[2025-12-10 08:12:13] Meter 71: Generated 1.719 kWh (encrypted: 334150 bytes, 6.549 ms)
[2025-12-10 08:12:17] NETWORK INFO: Server authentication successful for node: aggregator-001
✓ Aggregator connected: aggregator-001 from 127.0.0.1
✓ Sent 334150 bytes to aggregator-001 (0.38ms)
Session completed with aggregator-001
[2025-12-10 08:12:33] Meter 71: Generated 6.322 kWh (encrypted: 334438 bytes, 13.482 ms)

Received shutdown signal. Gracefully shutting down smart meter...
Network server thread stopped
Data generation thread stopped
Smart meter 71 shutdown complete
