=== Continuous Smart Meter Server 188 ===
Initializing for continuous operation...
SEAL context initialized
Loaded certificate: smart-meter-188
Requesting public keys from KDC...
[2025-12-10 07:58:55] NETWORK ERROR: Failed to connect to 127.0.0.1:8444: Connection refused
Error: Failed to connect to KDC at 127.0.0.1:8444
Error: Failed to send key request to KDC
Failed to obtain keys from KDC, falling back to file keys
Loaded keys from fallback files
Cryptographic components initialized
[2025-12-10 07:58:55] NETWORK INFO: Server socket created and listening on port 9188
✓ Smart meter server ready on port 9188
Data transmission interval: 20 seconds (15x accelerated - simulates 5min)
✓ Performance metrics CSV files initialized in performance_data/
Starting continuous smart meter operation...
Press Ctrl+C to stop gracefully
Data generation thread started
Network server thread started on port 9188
[2025-12-10 07:59:15] Meter 188: Generated 7.117 kWh (encrypted: 334320 bytes, 4.839 ms)
[2025-12-10 07:59:26] NETWORK INFO: Server authentication successful for node: aggregator-001
✓ Aggregator connected: aggregator-001 from 127.0.0.1
✓ Sent 334320 bytes to aggregator-001 (10.71ms)
Session completed with aggregator-001
[2025-12-10 07:59:35] Meter 188: Generated 6.768 kWh (encrypted: 334087 bytes, 4.306 ms)
[2025-12-10 07:59:55] Meter 188: Generated 6.566 kWh (encrypted: 334512 bytes, 4.286 ms)
[2025-12-10 08:00:15] Meter 188: Generated 1.317 kWh (encrypted: 333446 bytes, 4.774 ms)
[2025-12-10 08:00:28] NETWORK INFO: Server authentication successful for node: aggregator-001
✓ Aggregator connected: aggregator-001 from 127.0.0.1
✓ Sent 333446 bytes to aggregator-001 (0.39ms)
Session completed with aggregator-001
[2025-12-10 08:00:35] Meter 188: Generated 4.454 kWh (encrypted: 333310 bytes, 4.393 ms)
[2025-12-10 08:00:55] Meter 188: Generated 1.956 kWh (encrypted: 333775 bytes, 4.607 ms)
[2025-12-10 08:01:15] Meter 188: Generated 2.653 kWh (encrypted: 334433 bytes, 4.318 ms)
[2025-12-10 08:01:31] NETWORK INFO: Server authentication successful for node: aggregator-001
✓ Aggregator connected: aggregator-001 from 127.0.0.1
✓ Sent 334433 bytes to aggregator-001 (0.35ms)
Session completed with aggregator-001
[2025-12-10 08:01:35] Meter 188: Generated 1.379 kWh (encrypted: 334461 bytes, 4.303 ms)
[2025-12-10 08:01:55] Meter 188: Generated 3.866 kWh (encrypted: 334166 bytes, 4.603 ms)
[2025-12-10 08:02:15] Meter 188: Generated 5.353 kWh (encrypted: 334232 bytes, 4.460 ms)
[2025-12-10 08:02:33] NETWORK INFO: Server authentication successful for node: aggregator-001
✓ Aggregator connected: aggregator-001 from 127.0.0.1
✓ Sent 334232 bytes to aggregator-001 (5.02ms)
Session completed with aggregator-001
[2025-12-10 08:02:35] Meter 188: Generated 3.749 kWh (encrypted: 334370 bytes, 4.748 ms)
[2025-12-10 08:02:55] Meter 188: Generated 3.259 kWh (encrypted: 334341 bytes, 6.623 ms)
[2025-12-10 08:03:15] Meter 188: Generated 0.873 kWh (encrypted: 333985 bytes, 4.463 ms)
[2025-12-10 08:03:35] Meter 188: Generated 7.296 kWh (encrypted: 334303 bytes, 4.422 ms)
[2025-12-10 08:03:36] NETWORK INFO: Server authentication successful for node: aggregator-001
✓ Aggregator connected: aggregator-001 from 127.0.0.1
✓ Sent 334303 bytes to aggregator-001 (0.39ms)
Session completed with aggregator-001
[2025-12-10 08:03:55] Meter 188: Generated 2.671 kWh (encrypted: 334325 bytes, 14.332 ms)
[2025-12-10 08:04:15] Meter 188: Generated 5.058 kWh (encrypted: 334364 bytes, 4.630 ms)
[2025-12-10 08:04:35] Meter 188: Generated 1.797 kWh (encrypted: 334386 bytes, 6.627 ms)
[2025-12-10 08:04:39] NETWORK INFO: Server authentication successful for node: aggregator-001
✓ Aggregator connected: aggregator-001 from 127.0.0.1
✓ Sent 334386 bytes to aggregator-001 (29.94ms)
Session completed with aggregator-001
[2025-12-10 08:04:55] Meter 188: Generated 6.237 kWh (encrypted: 334140 bytes, 6.769 ms)
[2025-12-10 08:05:15] Meter 188: Generated 7.309 kWh (encrypted: 334335 bytes, 4.563 ms)
[2025-12-10 08:05:35] Meter 188: Generated 2.313 kWh (encrypted: 334341 bytes, 5.532 ms)
[2025-12-10 08:05:44] NETWORK INFO: Server authentication successful for node: aggregator-001
✓ Aggregator connected: aggregator-001 from 127.0.0.1
✓ Sent 334341 bytes to aggregator-001 (0.36ms)
Session completed with aggregator-001
[2025-12-10 08:05:55] Meter 188: Generated 2.970 kWh (encrypted: 334155 bytes, 5.429 ms)
[2025-12-10 08:06:15] Meter 188: Generated 0.985 kWh (encrypted: 334348 bytes, 13.240 ms)
[2025-12-10 08:06:36] Meter 188: Generated 1.527 kWh (encrypted: 334347 bytes, 4.471 ms)
[2025-12-10 08:06:50] NETWORK INFO: Server authentication successful for node: aggregator-001
✓ Aggregator connected: aggregator-001 from 127.0.0.1
✓ Sent 334347 bytes to aggregator-001 (0.38ms)
Session completed with aggregator-001
[2025-12-10 08:06:56] Meter 188: Generated 3.281 kWh (encrypted: 334412 bytes, 7.053 ms)
[2025-12-10 08:07:16] Meter 188: Generated 6.590 kWh (encrypted: 334411 bytes, 4.773 ms)
[2025-12-10 08:07:36] Meter 188: Generated 5.817 kWh (encrypted: 334405 bytes, 4.789 ms)
[2025-12-10 08:07:56] Meter 188: Generated 1.924 kWh (encrypted: 334232 bytes, 8.893 ms)
[2025-12-10 08:07:56] NETWORK INFO: Server authentication successful for node: aggregator-001
✓ Aggregator connected: aggregator-001 from 127.0.0.1
✓ Sent 334232 bytes to aggregator-001 (0.37ms)
Session completed with aggregator-001
[2025-12-10 08:08:16] Meter 188: Generated 4.883 kWh (encrypted: 333523 bytes, 6.177 ms)
[2025-12-10 08:08:36] Meter 188: Generated 2.936 kWh (encrypted: 334403 bytes, 5.165 ms)
[2025-12-10 08:08:56] Meter 188: Generated 4.040 kWh (encrypted: 334350 bytes, 4.754 ms)
[2025-12-10 08:09:01] NETWORK INFO: Server authentication successful for node: aggregator-001
✓ Aggregator connected: aggregator-001 from 127.0.0.1
✓ Sent 334350 bytes to aggregator-001 (1.45ms)
Session completed with aggregator-001
[2025-12-10 08:09:16] Meter 188: Generated 4.451 kWh (encrypted: 334354 bytes, 7.585 ms)
[2025-12-10 08:09:36] Meter 188: Generated 1.249 kWh (encrypted: 334109 bytes, 5.239 ms)
[2025-12-10 08:09:56] Meter 188: Generated 4.521 kWh (encrypted: 334000 bytes, 4.944 ms)
[2025-12-10 08:10:06] NETWORK INFO: Server authentication successful for node: aggregator-001
✓ Aggregator connected: aggregator-001 from 127.0.0.1
✓ Sent 334000 bytes to aggregator-001 (0.38ms)
Session completed with aggregator-001
[2025-12-10 08:10:16] Meter 188: Generated 6.678 kWh (encrypted: 333940 bytes, 6.396 ms)
[2025-12-10 08:10:36] Meter 188: Generated 1.600 kWh (encrypted: 334439 bytes, 4.816 ms)
[2025-12-10 08:10:56] Meter 188: Generated 3.908 kWh (encrypted: 333972 bytes, 5.484 ms)
[2025-12-10 08:11:12] NETWORK INFO: Server authentication successful for node: aggregator-001
✓ Aggregator connected: aggregator-001 from 127.0.0.1
✓ Sent 333972 bytes to aggregator-001 (0.36ms)
Session completed with aggregator-001
[2025-12-10 08:11:16] Meter 188: Generated 5.243 kWh (encrypted: 334172 bytes, 4.613 ms)
[2025-12-10 08:11:36] Meter 188: Generated 6.932 kWh (encrypted: 334361 bytes, 18.877 ms)
[2025-12-10 08:11:56] Meter 188: Generated 6.053 kWh (encrypted: 334517 bytes, 4.779 ms)
[2025-12-10 08:12:16] Meter 188: Generated 1.560 kWh (encrypted: 334382 bytes, 6.560 ms)
[2025-12-10 08:12:17] NETWORK INFO: Server authentication successful for node: aggregator-001
✓ Aggregator connected: aggregator-001 from 127.0.0.1
✓ Sent 334382 bytes to aggregator-001 (0.36ms)
Session completed with aggregator-001

Received shutdown signal. Gracefully shutting down smart meter...
Network server thread stopped
Data generation thread stopped
Smart meter 188 shutdown complete
